[ Tue Aug 15 2017 16:14:47 GMT+0800 (CST) ] start testing get bitcoin address...
[ Tue Aug 15 2017 16:14:47 GMT+0800 (CST) ] time is 1
[ Tue Aug 15 2017 16:14:47 GMT+0800 (CST) ] {"err":0,"msg":"JbtxyZ611bZPBU3EJ5X6EqtjnVY9kp5HnR"}
[ Tue Aug 15 2017 16:14:47 GMT+0800 (CST) ] time is 2
[ Tue Aug 15 2017 16:14:47 GMT+0800 (CST) ] {"err":0,"msg":"JMLxvFjvecnYkNncwSBuwAbmEsc8zXpd8V"}
[ Tue Aug 15 2017 16:14:47 GMT+0800 (CST) ] time is 3
[ Tue Aug 15 2017 16:14:47 GMT+0800 (CST) ] {"err":0,"msg":"Jf97c1HSqDiGhmSJMweS4oXAJkGeJMhJfQ"}
[ Tue Aug 15 2017 16:14:47 GMT+0800 (CST) ] time is 4
[ Tue Aug 15 2017 16:14:47 GMT+0800 (CST) ] {"err":0,"msg":"JKoN7e8Dt2eccrrCyeHv6g4Va4j4zYqxBp"}
[ Tue Aug 15 2017 16:14:47 GMT+0800 (CST) ] time is 5
[ Tue Aug 15 2017 16:14:47 GMT+0800 (CST) ] {"err":0,"msg":"JNmp1knwUUWgrpQfiXqpXxgBR31a8CfgCy"}
[ Tue Aug 15 2017 16:14:47 GMT+0800 (CST) ] time is 6
[ Tue Aug 15 2017 16:14:47 GMT+0800 (CST) ] {"err":0,"msg":"JMumdsMYQ2AYPn7U8rpJjo4DCd8i2NYgrL"}
[ Tue Aug 15 2017 16:14:47 GMT+0800 (CST) ] time is 7
[ Tue Aug 15 2017 16:14:47 GMT+0800 (CST) ] {"err":0,"msg":"JZGBp5ibwb9MZw8WEhb3Mx91mFabbYx7h9"}
[ Tue Aug 15 2017 16:14:47 GMT+0800 (CST) ] time is 8
[ Tue Aug 15 2017 16:14:47 GMT+0800 (CST) ] {"err":0,"msg":"Jc6B3Xi8fpKVGP2BoBRbn2BdFbqSAeFgFW"}
[ Tue Aug 15 2017 16:14:47 GMT+0800 (CST) ] time is 9
[ Tue Aug 15 2017 16:14:47 GMT+0800 (CST) ] {"err":0,"msg":"JZLVToWpb8yJgZX4WxKPFrkgkFRsJzXG6v"}
[ Tue Aug 15 2017 16:14:47 GMT+0800 (CST) ] time is 10
[ Tue Aug 15 2017 16:14:47 GMT+0800 (CST) ] {"err":0,"msg":"JbvjCBLXKxGsVRQ2gzQ7kannvJrEADJSg6"}
[ Tue Aug 15 2017 16:14:47 GMT+0800 (CST) ] time is 11
[ Tue Aug 15 2017 16:14:47 GMT+0800 (CST) ] {"err":0,"msg":"JX1CFocgvdHDb9P3UFtV2TqAPkxBGH8rfp"}
[ Tue Aug 15 2017 16:14:47 GMT+0800 (CST) ] time is 12
[ Tue Aug 15 2017 16:14:47 GMT+0800 (CST) ] {"err":0,"msg":"JJikYgWnm9z2ezXFpbwC9gGf1j9MnwLoHa"}
[ Tue Aug 15 2017 16:14:47 GMT+0800 (CST) ] time is 13
[ Tue Aug 15 2017 16:14:47 GMT+0800 (CST) ] {"err":0,"msg":"JN5i38RyXCkUxkWDAMX1B7J2a1zSw6PqgF"}
[ Tue Aug 15 2017 16:14:47 GMT+0800 (CST) ] time is 14
[ Tue Aug 15 2017 16:14:47 GMT+0800 (CST) ] {"err":0,"msg":"JRqXCbXpB85S6T6QQahAEMSYhNo35tzkEM"}
[ Tue Aug 15 2017 16:14:47 GMT+0800 (CST) ] time is 15
[ Tue Aug 15 2017 16:14:47 GMT+0800 (CST) ] {"err":0,"msg":"JR4kJLdBAtq4Xdv5jjxaCVmJ9YHHkSixxK"}
[ Tue Aug 15 2017 16:14:47 GMT+0800 (CST) ] time is 16
[ Tue Aug 15 2017 16:14:47 GMT+0800 (CST) ] {"err":0,"msg":"JVzZrw5CrQExUQm1bBWL9oMooHAgS79fab"}
[ Tue Aug 15 2017 16:14:47 GMT+0800 (CST) ] time is 17
[ Tue Aug 15 2017 16:14:47 GMT+0800 (CST) ] {"err":0,"msg":"JV5tB269PXQ9KvUbpfquW5Q53pNb4RdKpA"}
[ Tue Aug 15 2017 16:14:47 GMT+0800 (CST) ] time is 18
[ Tue Aug 15 2017 16:14:47 GMT+0800 (CST) ] {"err":0,"msg":"Jdt96HRgMNRXrWuhqsTaTeizqZeeanox9L"}
[ Tue Aug 15 2017 16:14:47 GMT+0800 (CST) ] time is 19
[ Tue Aug 15 2017 16:14:47 GMT+0800 (CST) ] {"err":0,"msg":"JecQUWE4estK7Md3GP1WjAUdNK8pq9qSR2"}
[ Tue Aug 15 2017 16:14:48 GMT+0800 (CST) ] time is 20
[ Tue Aug 15 2017 16:14:48 GMT+0800 (CST) ] {"err":0,"msg":"JN35Mpx1LgnVubipYr85hbDxAUpv4Z2FSA"}
[ Tue Aug 15 2017 16:14:48 GMT+0800 (CST) ] time is 21
[ Tue Aug 15 2017 16:14:48 GMT+0800 (CST) ] {"err":0,"msg":"JcF8Lxvbnm1T52bA3FaHjSsuwuvrmhAqvP"}
[ Tue Aug 15 2017 16:14:48 GMT+0800 (CST) ] time is 22
[ Tue Aug 15 2017 16:14:48 GMT+0800 (CST) ] {"err":0,"msg":"JQeDbiawryE2XrQEnvAHaxVVAR4aTYzznJ"}
[ Tue Aug 15 2017 16:14:48 GMT+0800 (CST) ] time is 23
[ Tue Aug 15 2017 16:14:48 GMT+0800 (CST) ] {"err":0,"msg":"JXfSJacoSoLfHY4HEmfTy2D29DgwXb9few"}
[ Tue Aug 15 2017 16:14:48 GMT+0800 (CST) ] time is 24
[ Tue Aug 15 2017 16:14:48 GMT+0800 (CST) ] {"err":0,"msg":"JZXCcXea8JEcj4hRfP67ZptxgwBKn7h2bQ"}
[ Tue Aug 15 2017 16:14:48 GMT+0800 (CST) ] time is 25
[ Tue Aug 15 2017 16:14:48 GMT+0800 (CST) ] {"err":0,"msg":"JMAMvNJvYVpEaBoT2CidQLiR7aUj5u7cEY"}
[ Tue Aug 15 2017 16:14:48 GMT+0800 (CST) ] time is 26
[ Tue Aug 15 2017 16:14:48 GMT+0800 (CST) ] {"err":0,"msg":"Jh1q6E9e2U6NdFtAKQejFoE19Gua37CPZE"}
[ Tue Aug 15 2017 16:14:48 GMT+0800 (CST) ] time is 27
[ Tue Aug 15 2017 16:14:48 GMT+0800 (CST) ] {"err":0,"msg":"JWwGttRciR3UdcNnocDkx5H6imsRMTGbGW"}
[ Tue Aug 15 2017 16:14:48 GMT+0800 (CST) ] time is 28
[ Tue Aug 15 2017 16:14:48 GMT+0800 (CST) ] {"err":0,"msg":"JdbJLBLKynGLk3eDJHTAXbqqPPHEQmoWAe"}
[ Tue Aug 15 2017 16:14:48 GMT+0800 (CST) ] time is 29
[ Tue Aug 15 2017 16:14:48 GMT+0800 (CST) ] {"err":0,"msg":"JJfAmKCx9dbz7nRbAfp9xaxQqYxowkREVK"}
[ Tue Aug 15 2017 16:14:48 GMT+0800 (CST) ] time is 30
[ Tue Aug 15 2017 16:14:48 GMT+0800 (CST) ] {"err":0,"msg":"JP5EfN5ikehWdHLeJQqAbhKMToksY6h3fA"}
[ Tue Aug 15 2017 16:14:48 GMT+0800 (CST) ] time is 31
[ Tue Aug 15 2017 16:14:48 GMT+0800 (CST) ] {"err":0,"msg":"JSbnxC4L9Gjfxx8KizZLQgHvrbK8zYMw9M"}
[ Tue Aug 15 2017 16:14:48 GMT+0800 (CST) ] time is 32
[ Tue Aug 15 2017 16:14:48 GMT+0800 (CST) ] {"err":0,"msg":"Jh7RjM1jK9GRJnpwWowcW54QRU2R3RBTED"}
[ Tue Aug 15 2017 16:14:48 GMT+0800 (CST) ] time is 33
[ Tue Aug 15 2017 16:14:48 GMT+0800 (CST) ] {"err":0,"msg":"Jd7wYZmjfypFx7iP542fVed6qiiz256YU1"}
[ Tue Aug 15 2017 16:14:48 GMT+0800 (CST) ] time is 34
[ Tue Aug 15 2017 16:14:48 GMT+0800 (CST) ] {"err":0,"msg":"JbzkgE92kg92Tdkh3WLGMsf3YvFGy2vAme"}
[ Tue Aug 15 2017 16:14:48 GMT+0800 (CST) ] time is 35
[ Tue Aug 15 2017 16:14:48 GMT+0800 (CST) ] {"err":0,"msg":"JJbjf86oyijc5jLovScCGk7qAbX5MahCER"}
[ Tue Aug 15 2017 16:14:48 GMT+0800 (CST) ] time is 36
[ Tue Aug 15 2017 16:14:48 GMT+0800 (CST) ] {"err":0,"msg":"JMueueVK42XNuGeRZAbEbWNLDzQ9uYpThH"}
[ Tue Aug 15 2017 16:14:48 GMT+0800 (CST) ] time is 37
[ Tue Aug 15 2017 16:14:48 GMT+0800 (CST) ] {"err":0,"msg":"JWYSYZ14Fvi1UTqDR9TgaKhCeqXExy4j3j"}
[ Tue Aug 15 2017 16:14:48 GMT+0800 (CST) ] time is 38
[ Tue Aug 15 2017 16:14:48 GMT+0800 (CST) ] {"err":0,"msg":"JcRfQfhDdRoVLGft68gdRhB7je96TXasoz"}
[ Tue Aug 15 2017 16:14:48 GMT+0800 (CST) ] time is 39
[ Tue Aug 15 2017 16:14:48 GMT+0800 (CST) ] {"err":0,"msg":"JUk9EfpNDSbrcHKBWVQk5sD1eTLYMRtEgj"}
[ Tue Aug 15 2017 16:14:48 GMT+0800 (CST) ] time is 40
[ Tue Aug 15 2017 16:14:48 GMT+0800 (CST) ] {"err":0,"msg":"JcbQBEs4X1LkyFJ5GhTpViaGnAsWQxPpxP"}
[ Tue Aug 15 2017 16:14:48 GMT+0800 (CST) ] time is 41
[ Tue Aug 15 2017 16:14:48 GMT+0800 (CST) ] {"err":0,"msg":"JUcMWDi4AHFRMxqfHiwZ58UEVd5K7VFPMA"}
[ Tue Aug 15 2017 16:14:48 GMT+0800 (CST) ] time is 42
[ Tue Aug 15 2017 16:14:48 GMT+0800 (CST) ] {"err":0,"msg":"JPVwU7FPAv2G8Uoc7FNjLbjoKtfLUGXFiG"}
[ Tue Aug 15 2017 16:14:48 GMT+0800 (CST) ] time is 43
[ Tue Aug 15 2017 16:14:48 GMT+0800 (CST) ] {"err":0,"msg":"JejEHyRpw8Wnic8j8v3cBuQciheWLtVP1m"}
[ Tue Aug 15 2017 16:14:48 GMT+0800 (CST) ] time is 44
[ Tue Aug 15 2017 16:14:48 GMT+0800 (CST) ] {"err":0,"msg":"Jct18gj9yD8tsZBwfw5m51b9YvpjkfC2zF"}
[ Tue Aug 15 2017 16:14:48 GMT+0800 (CST) ] time is 45
[ Tue Aug 15 2017 16:14:48 GMT+0800 (CST) ] {"err":0,"msg":"JNfwnGsq6dhW8x9noCYoc2aYjDPL4ekYEY"}
[ Tue Aug 15 2017 16:14:48 GMT+0800 (CST) ] time is 46
[ Tue Aug 15 2017 16:14:48 GMT+0800 (CST) ] {"err":0,"msg":"JZHdif3fqza4yhZEUSJLvDNQTGGRWR3W78"}
[ Tue Aug 15 2017 16:14:48 GMT+0800 (CST) ] time is 47
[ Tue Aug 15 2017 16:14:48 GMT+0800 (CST) ] {"err":0,"msg":"JPXUHrkDAnTuYNqxikuzL2KDjmniQFP1KA"}
[ Tue Aug 15 2017 16:14:48 GMT+0800 (CST) ] time is 48
[ Tue Aug 15 2017 16:14:48 GMT+0800 (CST) ] {"err":0,"msg":"JaJH6Lu2rbufGBzvpJU621zqi7MRjVYKFs"}
[ Tue Aug 15 2017 16:14:48 GMT+0800 (CST) ] time is 49
[ Tue Aug 15 2017 16:14:48 GMT+0800 (CST) ] {"err":0,"msg":"JYcG6ZQHpZ1xyjPjvpUWihZ864wkBM3Pzk"}
[ Tue Aug 15 2017 16:14:48 GMT+0800 (CST) ] time is 50
[ Tue Aug 15 2017 16:14:48 GMT+0800 (CST) ] {"err":0,"msg":"JTkEZZVKbBfUqztf3Ut5HaPPk9apnvAnyb"}
[ Tue Aug 15 2017 16:14:48 GMT+0800 (CST) ] time is 51
[ Tue Aug 15 2017 16:14:48 GMT+0800 (CST) ] {"err":0,"msg":"JSTmBmR3tAuAChZNMgDjmJ7jh8wmjstLuA"}
[ Tue Aug 15 2017 16:14:48 GMT+0800 (CST) ] time is 52
[ Tue Aug 15 2017 16:14:48 GMT+0800 (CST) ] {"err":0,"msg":"JSxsEqMDTQxZE1Ws6qstXS2Uix6bmBPZ8r"}
[ Tue Aug 15 2017 16:14:48 GMT+0800 (CST) ] time is 53
[ Tue Aug 15 2017 16:14:48 GMT+0800 (CST) ] {"err":0,"msg":"JVmPEXBwwV7gjyGzA31yrbeikPfDWBPVUe"}
[ Tue Aug 15 2017 16:14:48 GMT+0800 (CST) ] time is 54
[ Tue Aug 15 2017 16:14:48 GMT+0800 (CST) ] {"err":0,"msg":"JUUztxqRBDdyWNhud8r5ueWZ7nQggNxcE1"}
[ Tue Aug 15 2017 16:14:48 GMT+0800 (CST) ] time is 55
[ Tue Aug 15 2017 16:14:48 GMT+0800 (CST) ] {"err":0,"msg":"JbhvKkkVU6bkY8shHxYkZ27fSDaTxFe4sb"}
[ Tue Aug 15 2017 16:14:49 GMT+0800 (CST) ] time is 56
[ Tue Aug 15 2017 16:14:49 GMT+0800 (CST) ] {"err":0,"msg":"JLEwNpDkGjesWjKXQNGM2dVYWhHijThAuJ"}
[ Tue Aug 15 2017 16:14:49 GMT+0800 (CST) ] time is 57
[ Tue Aug 15 2017 16:14:49 GMT+0800 (CST) ] {"err":0,"msg":"JLgopQyEqWssEzPr93WS5zRz4mMpeNrc1H"}
[ Tue Aug 15 2017 16:14:49 GMT+0800 (CST) ] time is 58
[ Tue Aug 15 2017 16:14:49 GMT+0800 (CST) ] {"err":0,"msg":"Jd69QkpPVtP7D8EjDakb3quUYpPk55FMjS"}
[ Tue Aug 15 2017 16:14:49 GMT+0800 (CST) ] time is 59
[ Tue Aug 15 2017 16:14:49 GMT+0800 (CST) ] {"err":0,"msg":"JSMuQUUWWgEWQRf9j1t46FDezrm2wGE2vc"}
[ Tue Aug 15 2017 16:14:49 GMT+0800 (CST) ] time is 60
[ Tue Aug 15 2017 16:14:49 GMT+0800 (CST) ] {"err":0,"msg":"JTxGJUBEpo6muw2KNtZkkCCicKCEEqh7XX"}
[ Tue Aug 15 2017 16:14:49 GMT+0800 (CST) ] time is 61
[ Tue Aug 15 2017 16:14:49 GMT+0800 (CST) ] {"err":0,"msg":"JNiha3urBBXi6kpunkVb9Kd3XCVaNrTkPG"}
[ Tue Aug 15 2017 16:14:49 GMT+0800 (CST) ] time is 62
[ Tue Aug 15 2017 16:14:49 GMT+0800 (CST) ] {"err":0,"msg":"JbW9mTx8BpeE11hkyveHSEoLnJdRNGVUV6"}
[ Tue Aug 15 2017 16:14:49 GMT+0800 (CST) ] time is 63
[ Tue Aug 15 2017 16:14:49 GMT+0800 (CST) ] {"err":0,"msg":"JgxY9gxnPvbEFWgKuoKtW7W7xfy3tE8x7R"}
[ Tue Aug 15 2017 16:14:49 GMT+0800 (CST) ] time is 64
[ Tue Aug 15 2017 16:14:49 GMT+0800 (CST) ] {"err":0,"msg":"JbfLRyo3Mdv5uKtiB8QEv2ZzDW8SxFutoW"}
[ Tue Aug 15 2017 16:14:49 GMT+0800 (CST) ] time is 65
[ Tue Aug 15 2017 16:14:49 GMT+0800 (CST) ] {"err":0,"msg":"JRQ4VXiEub2MNYhQ9qdi1EomHKcv1j2vAA"}
[ Tue Aug 15 2017 16:14:49 GMT+0800 (CST) ] time is 66
[ Tue Aug 15 2017 16:14:49 GMT+0800 (CST) ] {"err":0,"msg":"Jg7CyqeJoCUChfvR55xMU46esmekbwz4Qm"}
[ Tue Aug 15 2017 16:14:49 GMT+0800 (CST) ] time is 67
[ Tue Aug 15 2017 16:14:49 GMT+0800 (CST) ] {"err":0,"msg":"JbWU3dTzeXRXd3GfLWMTySoiZ8A2nk7qXF"}
[ Tue Aug 15 2017 16:14:49 GMT+0800 (CST) ] time is 68
[ Tue Aug 15 2017 16:14:49 GMT+0800 (CST) ] {"err":0,"msg":"JeWGeMUH55FLeJaW5ALPqWeae5qQvqZNSg"}
[ Tue Aug 15 2017 16:14:49 GMT+0800 (CST) ] time is 69
[ Tue Aug 15 2017 16:14:49 GMT+0800 (CST) ] {"err":0,"msg":"JUxwcfambEb8UZEEGQEaFxj2BqEj3agHqA"}
[ Tue Aug 15 2017 16:14:49 GMT+0800 (CST) ] time is 70
[ Tue Aug 15 2017 16:14:49 GMT+0800 (CST) ] {"err":0,"msg":"JXoueUmd9tdj56D4cnPo2fawvsNFFHykzz"}
[ Tue Aug 15 2017 16:14:49 GMT+0800 (CST) ] time is 71
[ Tue Aug 15 2017 16:14:49 GMT+0800 (CST) ] {"err":0,"msg":"JeA9iYJ49CMxXoVLfFdDoucURH6t7ixXJC"}
[ Tue Aug 15 2017 16:14:49 GMT+0800 (CST) ] time is 72
[ Tue Aug 15 2017 16:14:49 GMT+0800 (CST) ] {"err":0,"msg":"JeimT4SXsiHu1eX2waaAzjhDGB3Ni1pt8y"}
[ Tue Aug 15 2017 16:14:49 GMT+0800 (CST) ] time is 73
[ Tue Aug 15 2017 16:14:49 GMT+0800 (CST) ] {"err":0,"msg":"JXHygarin8xJ12hj4oKG4UgLedoVPy4quN"}
[ Tue Aug 15 2017 16:14:49 GMT+0800 (CST) ] time is 74
[ Tue Aug 15 2017 16:14:49 GMT+0800 (CST) ] {"err":0,"msg":"JRk6SCZ8sNquaxgqmuSyvSWe3fqf5jkdMa"}
[ Tue Aug 15 2017 16:14:49 GMT+0800 (CST) ] time is 75
[ Tue Aug 15 2017 16:14:49 GMT+0800 (CST) ] {"err":0,"msg":"JQkdFUD5yabYrjmy8iRADhE85RUwWvn7KN"}
[ Tue Aug 15 2017 16:14:49 GMT+0800 (CST) ] time is 76
[ Tue Aug 15 2017 16:14:49 GMT+0800 (CST) ] {"err":0,"msg":"JPUUbxYFPNEqqZUZ4LxW1ZUuyiFjXpi8jj"}
[ Tue Aug 15 2017 16:14:49 GMT+0800 (CST) ] time is 77
[ Tue Aug 15 2017 16:14:49 GMT+0800 (CST) ] {"err":0,"msg":"JWQ2FdtVFrEFAkpW2gQ8mdpAftCC71NuRD"}
[ Tue Aug 15 2017 16:14:49 GMT+0800 (CST) ] time is 78
[ Tue Aug 15 2017 16:14:49 GMT+0800 (CST) ] {"err":0,"msg":"JZgxqTwEFah2wpcUjhWo3bDs6AVJRGQEEY"}
[ Tue Aug 15 2017 16:14:49 GMT+0800 (CST) ] time is 79
[ Tue Aug 15 2017 16:14:49 GMT+0800 (CST) ] {"err":0,"msg":"JL18oqxfQZmfVqGiBZYwtAhBiZd8Bbw7sw"}
[ Tue Aug 15 2017 16:14:49 GMT+0800 (CST) ] time is 80
[ Tue Aug 15 2017 16:14:49 GMT+0800 (CST) ] {"err":0,"msg":"JbzdG6TUu2Z5BbfeYxHmFahyJekQNSqVZM"}
[ Tue Aug 15 2017 16:14:49 GMT+0800 (CST) ] time is 81
[ Tue Aug 15 2017 16:14:49 GMT+0800 (CST) ] {"err":0,"msg":"JPNbsJT73QD4N1MJ3JZUqMETCdF3v1uNXt"}
[ Tue Aug 15 2017 16:14:49 GMT+0800 (CST) ] time is 82
[ Tue Aug 15 2017 16:14:49 GMT+0800 (CST) ] {"err":0,"msg":"JTUQFf1xcvN4vf2oypc1CgHS8Ari2osSQW"}
[ Tue Aug 15 2017 16:14:49 GMT+0800 (CST) ] time is 83
[ Tue Aug 15 2017 16:14:49 GMT+0800 (CST) ] {"err":0,"msg":"Je9MQGzE6jQ2yGVxXYf6XKtciyHUU2YG99"}
[ Tue Aug 15 2017 16:14:49 GMT+0800 (CST) ] time is 84
[ Tue Aug 15 2017 16:14:49 GMT+0800 (CST) ] {"err":0,"msg":"JQuCUQPFXdN7yqvmux57PtLvyNQkkVHeb6"}
[ Tue Aug 15 2017 16:14:49 GMT+0800 (CST) ] {"err":0,"msg":"JKtP7mLzmRPNX3idCeW1XtMYjN5xfmWjf6"}
[ Tue Aug 15 2017 16:14:49 GMT+0800 (CST) ] time is 85
[ Tue Aug 15 2017 16:14:49 GMT+0800 (CST) ] time is 86
[ Tue Aug 15 2017 16:14:49 GMT+0800 (CST) ] {"err":0,"msg":"JYwffCaEF29fofKp9q2qMoXyu2yXp6bfBE"}
[ Tue Aug 15 2017 16:14:49 GMT+0800 (CST) ] {"err":0,"msg":"JXXcUQD8pKv8qs1Jmvgk1vA9bS9um7bSo8"}
[ Tue Aug 15 2017 16:14:49 GMT+0800 (CST) ] time is 87
[ Tue Aug 15 2017 16:14:49 GMT+0800 (CST) ] time is 88
[ Tue Aug 15 2017 16:14:49 GMT+0800 (CST) ] {"err":0,"msg":"JXwiwWccmgLmaWiaykGpnctp1zrv5bjStF"}
[ Tue Aug 15 2017 16:14:49 GMT+0800 (CST) ] time is 89
[ Tue Aug 15 2017 16:14:49 GMT+0800 (CST) ] {"err":0,"msg":"JP94JtYokVnWXkDBaN95rUVEyGxAFuU8rw"}
[ Tue Aug 15 2017 16:14:49 GMT+0800 (CST) ] time is 90
[ Tue Aug 15 2017 16:14:49 GMT+0800 (CST) ] {"err":0,"msg":"Jhq1pHpiiVwaZBXnrDouK6FztBgxxtRc88"}
[ Tue Aug 15 2017 16:14:49 GMT+0800 (CST) ] time is 91
[ Tue Aug 15 2017 16:14:49 GMT+0800 (CST) ] {"err":0,"msg":"Jg85UbsihtY6f73N6cGEPxEqvtGuSLVp1p"}
[ Tue Aug 15 2017 16:14:50 GMT+0800 (CST) ] time is 92
[ Tue Aug 15 2017 16:14:50 GMT+0800 (CST) ] {"err":0,"msg":"JZnNbcFusoT3ae1YcB33utTPvqip8khqiu"}
[ Tue Aug 15 2017 16:14:50 GMT+0800 (CST) ] time is 93
[ Tue Aug 15 2017 16:14:50 GMT+0800 (CST) ] {"err":0,"msg":"Ja8ZWyLYwn9MtRUerFwqNRryw8YRP5KiTX"}
[ Tue Aug 15 2017 16:14:50 GMT+0800 (CST) ] time is 94
[ Tue Aug 15 2017 16:14:50 GMT+0800 (CST) ] {"err":0,"msg":"JgrxBs2Fu313273mQw48GdRzWXYPDFLK1o"}
[ Tue Aug 15 2017 16:14:50 GMT+0800 (CST) ] time is 95
[ Tue Aug 15 2017 16:14:50 GMT+0800 (CST) ] {"err":0,"msg":"JTD4SUzkudmBYahVG7QNA37EM4HArhSnia"}
[ Tue Aug 15 2017 16:14:50 GMT+0800 (CST) ] time is 96
[ Tue Aug 15 2017 16:14:50 GMT+0800 (CST) ] {"err":0,"msg":"JMs2uwymBYPpNKMAgm4ogdHT5zGdmNtSS6"}
[ Tue Aug 15 2017 16:14:50 GMT+0800 (CST) ] time is 97
[ Tue Aug 15 2017 16:14:50 GMT+0800 (CST) ] {"err":0,"msg":"JKWcfi8AidA6gqrWkS3SQN2jRkCykQRxD6"}
[ Tue Aug 15 2017 16:14:50 GMT+0800 (CST) ] time is 98
[ Tue Aug 15 2017 16:14:50 GMT+0800 (CST) ] {"err":0,"msg":"JgLYDFt93u9omv8YGpCZmSE1r1oDUUGgew"}
[ Tue Aug 15 2017 16:14:50 GMT+0800 (CST) ] time is 99
[ Tue Aug 15 2017 16:14:50 GMT+0800 (CST) ] {"err":0,"msg":"Jh3phfibYhXUTHKdqDu2KBYVCdf1exCx8R"}
[ Tue Aug 15 2017 16:14:50 GMT+0800 (CST) ] time is 100
[ Tue Aug 15 2017 16:14:50 GMT+0800 (CST) ] {"err":0,"msg":"JMfzGoXGYGz1vYesW8oztRkCb8w9dUdiDb"}
[ Tue Aug 15 2017 16:14:50 GMT+0800 (CST) ] time is 101
[ Tue Aug 15 2017 16:14:50 GMT+0800 (CST) ] {"err":0,"msg":"JPRVzBKAz3pZNDeiDCFrWbm5RRTFYimiqh"}
[ Tue Aug 15 2017 16:14:50 GMT+0800 (CST) ] time is 102
[ Tue Aug 15 2017 16:14:50 GMT+0800 (CST) ] {"err":0,"msg":"JWyUZDbdXxevhu2nkkMQwvj9qUKdU6eAzt"}
[ Tue Aug 15 2017 16:14:50 GMT+0800 (CST) ] time is 103
[ Tue Aug 15 2017 16:14:50 GMT+0800 (CST) ] {"err":0,"msg":"JMXXzDvxuycmSN4kjL2zeSwAdCJXh6PXdG"}
[ Tue Aug 15 2017 16:14:50 GMT+0800 (CST) ] time is 104
[ Tue Aug 15 2017 16:14:50 GMT+0800 (CST) ] {"err":0,"msg":"JLqcoig85XnDtPgCr8Z75VMHLZHW6diLBA"}
[ Tue Aug 15 2017 16:14:50 GMT+0800 (CST) ] time is 105
[ Tue Aug 15 2017 16:14:50 GMT+0800 (CST) ] {"err":0,"msg":"JbfyWhGGaabWD3YrpBVN3wXVuWp6d9Aip4"}
[ Tue Aug 15 2017 16:14:50 GMT+0800 (CST) ] time is 106
[ Tue Aug 15 2017 16:14:50 GMT+0800 (CST) ] {"err":0,"msg":"JZZGz1Hpp7fXhx4pcrpxLGdW22FtsUU5dQ"}
[ Tue Aug 15 2017 16:14:50 GMT+0800 (CST) ] time is 107
[ Tue Aug 15 2017 16:14:50 GMT+0800 (CST) ] {"err":0,"msg":"JWzSnyivRg5MjSyPwHoEE2c7AN9P8hzwxa"}
[ Tue Aug 15 2017 16:14:50 GMT+0800 (CST) ] time is 108
[ Tue Aug 15 2017 16:14:50 GMT+0800 (CST) ] {"err":0,"msg":"JbrSF5TB5kZDpob3jQuiDuAVd2uuibwLzg"}
[ Tue Aug 15 2017 16:14:50 GMT+0800 (CST) ] {"err":0,"msg":"JTUhkwYwZ6EL5z9p6sDN968xFYtQPjPxPE"}
[ Tue Aug 15 2017 16:14:50 GMT+0800 (CST) ] time is 109
[ Tue Aug 15 2017 16:14:50 GMT+0800 (CST) ] time is 110
[ Tue Aug 15 2017 16:14:50 GMT+0800 (CST) ] {"err":0,"msg":"Je1peaH9J1DzRVZmMPP4o7bzkCjEMMm1xk"}
[ Tue Aug 15 2017 16:14:50 GMT+0800 (CST) ] time is 111
[ Tue Aug 15 2017 16:14:50 GMT+0800 (CST) ] {"err":0,"msg":"JSe3Y7wJxkDHELrLbjtspacfHGeVFZxSPq"}
[ Tue Aug 15 2017 16:14:50 GMT+0800 (CST) ] {"err":0,"msg":"JhWXjLxvVrkHjhZuo7R5uJ6X5sdxQoYjwa"}
[ Tue Aug 15 2017 16:14:50 GMT+0800 (CST) ] time is 112
[ Tue Aug 15 2017 16:14:50 GMT+0800 (CST) ] time is 113
[ Tue Aug 15 2017 16:14:50 GMT+0800 (CST) ] {"err":0,"msg":"JbZfFpz7sxMgwdMsJwUuwkspFVPQz2Ly3B"}
[ Tue Aug 15 2017 16:14:50 GMT+0800 (CST) ] time is 114
[ Tue Aug 15 2017 16:14:50 GMT+0800 (CST) ] {"err":0,"msg":"Jd365KQFZ733eKmEn9Zq7iycHjdSppWyWH"}
[ Tue Aug 15 2017 16:14:50 GMT+0800 (CST) ] time is 115
[ Tue Aug 15 2017 16:14:50 GMT+0800 (CST) ] {"err":0,"msg":"Je3UwKzsjVTCS4xkV2fCHoKwpvVyZDMzuy"}
[ Tue Aug 15 2017 16:14:50 GMT+0800 (CST) ] time is 116
[ Tue Aug 15 2017 16:14:50 GMT+0800 (CST) ] {"err":0,"msg":"JJgW4mrZ2EuJ8nEbuMo5SdczjCocP98nr4"}
[ Tue Aug 15 2017 16:14:50 GMT+0800 (CST) ] time is 117
[ Tue Aug 15 2017 16:14:50 GMT+0800 (CST) ] {"err":0,"msg":"JbBmdsAkfvmW3RMVVWi4NfQBjrXT9TjJ2s"}
[ Tue Aug 15 2017 16:14:50 GMT+0800 (CST) ] time is 118
[ Tue Aug 15 2017 16:14:50 GMT+0800 (CST) ] {"err":0,"msg":"JTvVq7WNgm8eeuFnaX5Hm2bf7iQrBJENkZ"}
[ Tue Aug 15 2017 16:14:50 GMT+0800 (CST) ] time is 119
[ Tue Aug 15 2017 16:14:50 GMT+0800 (CST) ] {"err":0,"msg":"JZkjf1GxJsbnyW7BgPCTbGCr9Sd8haaj7x"}
[ Tue Aug 15 2017 16:14:50 GMT+0800 (CST) ] time is 120
[ Tue Aug 15 2017 16:14:50 GMT+0800 (CST) ] {"err":0,"msg":"JKk5YH2Yorn7N1UWbXvRZqawjbaeyHzTbG"}
[ Tue Aug 15 2017 16:14:50 GMT+0800 (CST) ] time is 121
[ Tue Aug 15 2017 16:14:50 GMT+0800 (CST) ] {"err":0,"msg":"JNXgqVJpNUMV6AkTgKZwxYbQuDWTbgLGsx"}
[ Tue Aug 15 2017 16:14:50 GMT+0800 (CST) ] time is 122
[ Tue Aug 15 2017 16:14:50 GMT+0800 (CST) ] {"err":0,"msg":"JYa8FmzQ8D8a8th8fx7at5N7RpjwmzKbw6"}
[ Tue Aug 15 2017 16:14:50 GMT+0800 (CST) ] time is 123
[ Tue Aug 15 2017 16:14:50 GMT+0800 (CST) ] {"err":0,"msg":"JZsXCchD7yUHrnMjXPdXnVyxu3xXUdfbRP"}
[ Tue Aug 15 2017 16:14:50 GMT+0800 (CST) ] time is 124
[ Tue Aug 15 2017 16:14:50 GMT+0800 (CST) ] {"err":0,"msg":"JSqo6FhzzwCmfzaET161EqMXDpLqg5CmBU"}
[ Tue Aug 15 2017 16:14:50 GMT+0800 (CST) ] time is 125
[ Tue Aug 15 2017 16:14:50 GMT+0800 (CST) ] {"err":0,"msg":"JQUsPZxG5dTZRu9Cu7BrjFh9TWNxPazvWd"}
[ Tue Aug 15 2017 16:14:50 GMT+0800 (CST) ] time is 126
[ Tue Aug 15 2017 16:14:50 GMT+0800 (CST) ] {"err":0,"msg":"JXtM4qUYriinRTzwWQQJt8nPcpTcX6CSMv"}
[ Tue Aug 15 2017 16:14:50 GMT+0800 (CST) ] time is 127
[ Tue Aug 15 2017 16:14:50 GMT+0800 (CST) ] {"err":0,"msg":"JRKVb3EGHXozYWjTH8UXVzV9hpwvURU1pD"}
[ Tue Aug 15 2017 16:14:51 GMT+0800 (CST) ] time is 128
[ Tue Aug 15 2017 16:14:51 GMT+0800 (CST) ] {"err":0,"msg":"JUTt6uiXbDc48f2efzoXgXRPJkTMmmVaXx"}
[ Tue Aug 15 2017 16:14:51 GMT+0800 (CST) ] time is 129
[ Tue Aug 15 2017 16:14:51 GMT+0800 (CST) ] {"err":0,"msg":"JWGMgrQ7uPp8AmgFdQNdj4TsAbCxF9sVRz"}
[ Tue Aug 15 2017 16:14:51 GMT+0800 (CST) ] time is 130
[ Tue Aug 15 2017 16:14:51 GMT+0800 (CST) ] {"err":0,"msg":"JRE42C62RRxS3y3q2vdracoRkMAvCE73Lk"}
[ Tue Aug 15 2017 16:14:51 GMT+0800 (CST) ] time is 131
[ Tue Aug 15 2017 16:14:51 GMT+0800 (CST) ] {"err":0,"msg":"JRfGGHJBzEB7mnSruoPKMA5ZAyUmqqzPft"}
[ Tue Aug 15 2017 16:14:51 GMT+0800 (CST) ] time is 132
[ Tue Aug 15 2017 16:14:51 GMT+0800 (CST) ] {"err":0,"msg":"JJhKvmkK3kK7a8Yg5ynTdBftiSJsMs99yk"}
[ Tue Aug 15 2017 16:14:51 GMT+0800 (CST) ] {"err":0,"msg":"Jf3hJrDqCAEWsj5EVXXeL6H4VL8eJEGUvL"}
[ Tue Aug 15 2017 16:14:51 GMT+0800 (CST) ] time is 133
[ Tue Aug 15 2017 16:14:51 GMT+0800 (CST) ] time is 134
[ Tue Aug 15 2017 16:14:51 GMT+0800 (CST) ] {"err":0,"msg":"JTChoPsrTibTCtT5WXNgkfKnTGbfxqJiab"}
[ Tue Aug 15 2017 16:14:51 GMT+0800 (CST) ] time is 135
[ Tue Aug 15 2017 16:14:51 GMT+0800 (CST) ] {"err":0,"msg":"JSFPExXnnxqPN3qE6qEXc72DniEv9uqbRx"}
[ Tue Aug 15 2017 16:14:51 GMT+0800 (CST) ] time is 136
[ Tue Aug 15 2017 16:14:51 GMT+0800 (CST) ] {"err":0,"msg":"JWSm63vF3hVR3bpGiD9UpakYpENGRpAcjm"}
[ Tue Aug 15 2017 16:14:51 GMT+0800 (CST) ] time is 137
[ Tue Aug 15 2017 16:14:51 GMT+0800 (CST) ] {"err":0,"msg":"JU4sLvB6KS7yZR7Gu9MiRRXaaPyiBBfcDS"}
[ Tue Aug 15 2017 16:14:52 GMT+0800 (CST) ] time is 138
[ Tue Aug 15 2017 16:14:52 GMT+0800 (CST) ] {"err":0,"msg":"JKXiPZDt2ruBNMJPCMYkEEsUWLCku26kwg"}
[ Tue Aug 15 2017 16:14:52 GMT+0800 (CST) ] time is 139
[ Tue Aug 15 2017 16:14:52 GMT+0800 (CST) ] {"err":0,"msg":"JgaNgKQ7gEVRVoKwkNeFqmurqu3zHY2BxD"}
[ Tue Aug 15 2017 16:14:52 GMT+0800 (CST) ] time is 140
[ Tue Aug 15 2017 16:14:52 GMT+0800 (CST) ] {"err":0,"msg":"JQ6fNLFPA7iwbe8voUC7969GVNXMQVQm1R"}
[ Tue Aug 15 2017 16:14:53 GMT+0800 (CST) ] {"err":0,"msg":"JdHz36NSN2NSiKuMbxfBjVeNMdFt9Z3ctQ"}
[ Tue Aug 15 2017 16:14:53 GMT+0800 (CST) ] time is 141
[ Tue Aug 15 2017 16:14:53 GMT+0800 (CST) ] time is 142
[ Tue Aug 15 2017 16:14:53 GMT+0800 (CST) ] {"err":0,"msg":"JRvV9Hs9oxpLm5KPsSppATebLoUYVqiFx8"}
[ Tue Aug 15 2017 16:14:53 GMT+0800 (CST) ] time is 143
[ Tue Aug 15 2017 16:14:53 GMT+0800 (CST) ] {"err":0,"msg":"JRTAh7qW9pzmMtVWigWCxzEz4xq8AxLosA"}
[ Tue Aug 15 2017 16:14:53 GMT+0800 (CST) ] time is 144
[ Tue Aug 15 2017 16:14:53 GMT+0800 (CST) ] {"err":0,"msg":"JM4rS54jNmdrroXqz9Hu6PLUuJPxwsxnRq"}
[ Tue Aug 15 2017 16:14:53 GMT+0800 (CST) ] time is 145
[ Tue Aug 15 2017 16:14:53 GMT+0800 (CST) ] {"err":0,"msg":"JNr28kQR4rWcaw3AhToMhBwzg3qxnGrFa7"}
[ Tue Aug 15 2017 16:14:53 GMT+0800 (CST) ] time is 146
[ Tue Aug 15 2017 16:14:53 GMT+0800 (CST) ] {"err":0,"msg":"JR5bM6VCpRktuu3rsd9CePRaBJLNhuWxyq"}
[ Tue Aug 15 2017 16:14:53 GMT+0800 (CST) ] time is 147
[ Tue Aug 15 2017 16:14:53 GMT+0800 (CST) ] {"err":0,"msg":"JKrnxmzEQqfoyaqbUiFQwdpDdbhEVB2pKJ"}
[ Tue Aug 15 2017 16:14:53 GMT+0800 (CST) ] time is 148
[ Tue Aug 15 2017 16:14:53 GMT+0800 (CST) ] {"err":0,"msg":"JgpDJjt7DwGa3PPPvNCkGeH3mqSMkTeV3i"}
[ Tue Aug 15 2017 16:14:53 GMT+0800 (CST) ] time is 149
[ Tue Aug 15 2017 16:14:53 GMT+0800 (CST) ] {"err":0,"msg":"JKshJhYU3SrstYRrSTX2TKtNh8oY91RWgX"}
[ Tue Aug 15 2017 16:14:53 GMT+0800 (CST) ] time is 150
[ Tue Aug 15 2017 16:14:53 GMT+0800 (CST) ] {"err":0,"msg":"JP4744dBN5a3uM6YvuZHQSDSuF4BhyLP5X"}
[ Tue Aug 15 2017 16:14:53 GMT+0800 (CST) ] time is 151
[ Tue Aug 15 2017 16:14:53 GMT+0800 (CST) ] {"err":0,"msg":"JVgR1jHpuMbjLeaAL2e3CqkFwopinz2JCM"}
[ Tue Aug 15 2017 16:14:53 GMT+0800 (CST) ] time is 152
[ Tue Aug 15 2017 16:14:53 GMT+0800 (CST) ] {"err":0,"msg":"JV8v6ykCoGHromz6rLqrr2cgTHPcmn3iTp"}
[ Tue Aug 15 2017 16:14:53 GMT+0800 (CST) ] time is 153
[ Tue Aug 15 2017 16:14:53 GMT+0800 (CST) ] {"err":0,"msg":"JT3eso9rjKVH37KVjXvH1UDh6eCEVb5GGr"}
[ Tue Aug 15 2017 16:14:53 GMT+0800 (CST) ] time is 154
[ Tue Aug 15 2017 16:14:53 GMT+0800 (CST) ] {"err":0,"msg":"JKPVVTKjLfXZFbJsEtg2gcEHMQkGHHU38Y"}
[ Tue Aug 15 2017 16:14:53 GMT+0800 (CST) ] time is 155
[ Tue Aug 15 2017 16:14:53 GMT+0800 (CST) ] {"err":0,"msg":"JNZmnaqCHsJDTS8ikHR9Q6cGP3Pq9MQ9qU"}
[ Tue Aug 15 2017 16:14:53 GMT+0800 (CST) ] time is 156
[ Tue Aug 15 2017 16:14:53 GMT+0800 (CST) ] {"err":0,"msg":"Jg8hjko1KYZMMDsy1wJoF5bhbUEXPMByDM"}
[ Tue Aug 15 2017 16:14:53 GMT+0800 (CST) ] time is 157
[ Tue Aug 15 2017 16:14:53 GMT+0800 (CST) ] {"err":0,"msg":"JR4RJS5aRVmM5ndQkecMpuDiCMqXjd9zoJ"}
[ Tue Aug 15 2017 16:14:53 GMT+0800 (CST) ] {"err":0,"msg":"JhbVuUhPjqJCtEjBJmTY6VjtKnmJbfXsTr"}
[ Tue Aug 15 2017 16:14:53 GMT+0800 (CST) ] time is 158
[ Tue Aug 15 2017 16:14:53 GMT+0800 (CST) ] time is 159
[ Tue Aug 15 2017 16:14:53 GMT+0800 (CST) ] {"err":0,"msg":"JU4btVDNfDom5k9qg4CgtH9rJTqUM76SSp"}
[ Tue Aug 15 2017 16:14:53 GMT+0800 (CST) ] time is 160
[ Tue Aug 15 2017 16:14:53 GMT+0800 (CST) ] {"err":0,"msg":"JJtegwj3hLqMNDC73wfhgAxsnhbStXrKcF"}
[ Tue Aug 15 2017 16:14:53 GMT+0800 (CST) ] time is 161
[ Tue Aug 15 2017 16:14:53 GMT+0800 (CST) ] {"err":0,"msg":"JUgp7tbfLURcBuG1wJjqZcdUzNy8uhF8Wg"}
[ Tue Aug 15 2017 16:14:53 GMT+0800 (CST) ] time is 162
[ Tue Aug 15 2017 16:14:53 GMT+0800 (CST) ] {"err":0,"msg":"JcmX4x3e7QUXEDhVH5w527xGMqudpyDWiT"}
[ Tue Aug 15 2017 16:14:53 GMT+0800 (CST) ] time is 163
[ Tue Aug 15 2017 16:14:53 GMT+0800 (CST) ] {"err":0,"msg":"JQHtNEnSEFJWNg2wucZtzJSehq9VwB1J6e"}
[ Tue Aug 15 2017 16:14:53 GMT+0800 (CST) ] time is 164
[ Tue Aug 15 2017 16:14:53 GMT+0800 (CST) ] {"err":0,"msg":"Ja4WiKnCJsv4j1wy1FFU9BWk4CK9CvAPfp"}
[ Tue Aug 15 2017 16:14:53 GMT+0800 (CST) ] time is 165
[ Tue Aug 15 2017 16:14:53 GMT+0800 (CST) ] {"err":0,"msg":"JScCjSZPUiD16w5fxwUcZSB9XAhaDhjPHh"}
[ Tue Aug 15 2017 16:14:53 GMT+0800 (CST) ] time is 166
[ Tue Aug 15 2017 16:14:53 GMT+0800 (CST) ] {"err":0,"msg":"JaPhTrUTt75agQu1FHuAjfuVCaWhy3Knth"}
[ Tue Aug 15 2017 16:14:53 GMT+0800 (CST) ] time is 167
[ Tue Aug 15 2017 16:14:53 GMT+0800 (CST) ] {"err":0,"msg":"JcccQv7594Y4yrsnprsYJNwozyPNHuhNXe"}
[ Tue Aug 15 2017 16:14:53 GMT+0800 (CST) ] time is 168
[ Tue Aug 15 2017 16:14:53 GMT+0800 (CST) ] {"err":0,"msg":"JQ1SF1KKDgiRSBoFTN6URAHNkxV3JQ2Es7"}
[ Tue Aug 15 2017 16:14:53 GMT+0800 (CST) ] time is 169
[ Tue Aug 15 2017 16:14:53 GMT+0800 (CST) ] {"err":0,"msg":"JT9ChkRSKLF7q8jJo6TG245p4yD3mTEc9F"}
[ Tue Aug 15 2017 16:14:53 GMT+0800 (CST) ] time is 170
[ Tue Aug 15 2017 16:14:53 GMT+0800 (CST) ] {"err":0,"msg":"JcGfHNtXFr6tuwzShRZCkgrEh4h4NoL7hK"}
[ Tue Aug 15 2017 16:14:53 GMT+0800 (CST) ] time is 171
[ Tue Aug 15 2017 16:14:53 GMT+0800 (CST) ] {"err":0,"msg":"JaSUgvhhfBWd4PZMexGgakp4gBk2oL2FJ5"}
[ Tue Aug 15 2017 16:14:53 GMT+0800 (CST) ] time is 172
[ Tue Aug 15 2017 16:14:53 GMT+0800 (CST) ] {"err":0,"msg":"JSsUomRcqy53beEahxZRduCs6Z9jdBkFCB"}
[ Tue Aug 15 2017 16:14:53 GMT+0800 (CST) ] time is 173
[ Tue Aug 15 2017 16:14:53 GMT+0800 (CST) ] {"err":0,"msg":"JTWeNSAWGpjdVJqPJMVhg3bKyU1wnAWhUW"}
[ Tue Aug 15 2017 16:14:53 GMT+0800 (CST) ] time is 174
[ Tue Aug 15 2017 16:14:53 GMT+0800 (CST) ] {"err":0,"msg":"JZ5SK3JrthZaFvsxdnkvKFprzXCRxSK2sD"}
[ Tue Aug 15 2017 16:14:53 GMT+0800 (CST) ] time is 175
[ Tue Aug 15 2017 16:14:53 GMT+0800 (CST) ] {"err":0,"msg":"JUfJLzEZEPEhHnPZ1sfhUwXspNJwfoXy7C"}
[ Tue Aug 15 2017 16:14:53 GMT+0800 (CST) ] time is 176
[ Tue Aug 15 2017 16:14:53 GMT+0800 (CST) ] {"err":0,"msg":"JNmag1mnP7Rz4xgBoP5vRM4EwTBSwmBnkm"}
[ Tue Aug 15 2017 16:14:53 GMT+0800 (CST) ] time is 177
[ Tue Aug 15 2017 16:14:53 GMT+0800 (CST) ] {"err":0,"msg":"JLnzh3kZhdczM9ZF45xXZq6KBxZZM24kg4"}
[ Tue Aug 15 2017 16:14:53 GMT+0800 (CST) ] time is 178
[ Tue Aug 15 2017 16:14:53 GMT+0800 (CST) ] {"err":0,"msg":"JgCcsPc679CoKoE2KKnSHZoAz5535a9SoH"}
[ Tue Aug 15 2017 16:14:54 GMT+0800 (CST) ] time is 179
[ Tue Aug 15 2017 16:14:54 GMT+0800 (CST) ] {"err":0,"msg":"JQ7L7eh3YK8L16aUHtn2MnBwtGT9Jbt3oE"}
[ Tue Aug 15 2017 16:14:54 GMT+0800 (CST) ] time is 180
[ Tue Aug 15 2017 16:14:54 GMT+0800 (CST) ] {"err":0,"msg":"JeWUsdEmoAZMd9GmompTNJDVGtftwrYN9r"}
[ Tue Aug 15 2017 16:14:54 GMT+0800 (CST) ] time is 181
[ Tue Aug 15 2017 16:14:54 GMT+0800 (CST) ] {"err":0,"msg":"JdmQKo9wjXvuUU1EnCX3s79BUER7Bj2XLD"}
[ Tue Aug 15 2017 16:14:54 GMT+0800 (CST) ] time is 182
[ Tue Aug 15 2017 16:14:54 GMT+0800 (CST) ] {"err":0,"msg":"JR53K2qjGSeuJaXzwQRX1xPazKeK9y3TY6"}
[ Tue Aug 15 2017 16:14:54 GMT+0800 (CST) ] time is 183
[ Tue Aug 15 2017 16:14:54 GMT+0800 (CST) ] {"err":0,"msg":"JcVXr7ZRVamwnqECr59J8Dv3Jc9QzW9C3Q"}
[ Tue Aug 15 2017 16:14:54 GMT+0800 (CST) ] time is 184
[ Tue Aug 15 2017 16:14:54 GMT+0800 (CST) ] {"err":0,"msg":"JMkNfxsdkQCHrLwUCicmHmhMUEo8BH4A3T"}
[ Tue Aug 15 2017 16:14:54 GMT+0800 (CST) ] time is 185
[ Tue Aug 15 2017 16:14:54 GMT+0800 (CST) ] {"err":0,"msg":"JTSPZNe2JG8ePPncfojqH2y3aHUioHZqKi"}
[ Tue Aug 15 2017 16:14:54 GMT+0800 (CST) ] time is 186
[ Tue Aug 15 2017 16:14:54 GMT+0800 (CST) ] {"err":0,"msg":"JZeku7muY5trFuYtXDgGyeYWwAoUBK1WCn"}
[ Tue Aug 15 2017 16:14:54 GMT+0800 (CST) ] time is 187
[ Tue Aug 15 2017 16:14:54 GMT+0800 (CST) ] {"err":0,"msg":"JYTycntBfAXZmhm35iLk84dWSedw8qk2X7"}
[ Tue Aug 15 2017 16:14:54 GMT+0800 (CST) ] time is 188
[ Tue Aug 15 2017 16:14:54 GMT+0800 (CST) ] {"err":0,"msg":"Jgsoaw7AAYEs96Rk7zEGhsjnu5hoq3BXEA"}
[ Tue Aug 15 2017 16:14:54 GMT+0800 (CST) ] time is 189
[ Tue Aug 15 2017 16:14:54 GMT+0800 (CST) ] {"err":0,"msg":"JRT3z8j3L7brwxsuqhGiVU35qfDzpSH6g5"}
[ Tue Aug 15 2017 16:14:54 GMT+0800 (CST) ] time is 190
[ Tue Aug 15 2017 16:14:54 GMT+0800 (CST) ] {"err":0,"msg":"JPxaQyv3MYSZC3c8b3By3CVecqannTSVHX"}
[ Tue Aug 15 2017 16:14:54 GMT+0800 (CST) ] time is 191
[ Tue Aug 15 2017 16:14:54 GMT+0800 (CST) ] {"err":0,"msg":"JVmLB4H2idxQBSGN38r6wKf21FUSp1yZKS"}
[ Tue Aug 15 2017 16:14:54 GMT+0800 (CST) ] time is 192
[ Tue Aug 15 2017 16:14:54 GMT+0800 (CST) ] {"err":0,"msg":"JXpfbjEq7mSKc3eMn1AQ7fxCLEv3BiPB2j"}
[ Tue Aug 15 2017 16:14:54 GMT+0800 (CST) ] time is 193
[ Tue Aug 15 2017 16:14:54 GMT+0800 (CST) ] {"err":0,"msg":"JYAREcs17o5kPKQC6bKhZk1htvDyJ4JS8g"}
[ Tue Aug 15 2017 16:14:54 GMT+0800 (CST) ] time is 194
[ Tue Aug 15 2017 16:14:54 GMT+0800 (CST) ] {"err":0,"msg":"JaQiudzVVgRDqpKGzeFY9aoai7Fv5xrte4"}
[ Tue Aug 15 2017 16:14:54 GMT+0800 (CST) ] time is 195
[ Tue Aug 15 2017 16:14:54 GMT+0800 (CST) ] {"err":0,"msg":"JdVFQGe6wGHsbJvXgA5aYaNDXn4M3ef7fH"}
[ Tue Aug 15 2017 16:14:54 GMT+0800 (CST) ] time is 196
[ Tue Aug 15 2017 16:14:54 GMT+0800 (CST) ] {"err":0,"msg":"JQbSK3GBYqQQY63RzHCyWVsoX7pz6QmXhs"}
[ Tue Aug 15 2017 16:14:54 GMT+0800 (CST) ] time is 197
[ Tue Aug 15 2017 16:14:54 GMT+0800 (CST) ] {"err":0,"msg":"JcfgbBHTCrzRZrqqGc6JR3gCaerRnnJtVu"}
[ Tue Aug 15 2017 16:14:54 GMT+0800 (CST) ] time is 198
[ Tue Aug 15 2017 16:14:54 GMT+0800 (CST) ] {"err":0,"msg":"JNgHLjW1Bhs4ZGgvJVGSaUEsne4Et5iMFJ"}
[ Tue Aug 15 2017 16:14:54 GMT+0800 (CST) ] time is 199
[ Tue Aug 15 2017 16:14:54 GMT+0800 (CST) ] {"err":0,"msg":"JPmyntHni16RUVaymPNCeXa8i37PuuxVFq"}
[ Tue Aug 15 2017 16:14:54 GMT+0800 (CST) ] time is 200
[ Tue Aug 15 2017 16:14:54 GMT+0800 (CST) ] {"err":0,"msg":"JRD3LbBx9njfNSwuhqMXPkz6yjZ1YQsZeV"}
[ Tue Aug 15 2017 16:14:54 GMT+0800 (CST) ] time is 201
[ Tue Aug 15 2017 16:14:54 GMT+0800 (CST) ] {"err":0,"msg":"JXF97uQjVGSyekmLL5T5WpWghrScFHzZJr"}
[ Tue Aug 15 2017 16:14:54 GMT+0800 (CST) ] time is 202
[ Tue Aug 15 2017 16:14:54 GMT+0800 (CST) ] {"err":0,"msg":"JaKSSue9q3YguxyidA4f25F6VRKkRpw6gi"}
[ Tue Aug 15 2017 16:14:54 GMT+0800 (CST) ] time is 203
[ Tue Aug 15 2017 16:14:54 GMT+0800 (CST) ] {"err":0,"msg":"JZm2b6geQWHVqQRrVNDCshtGxNLFnvhvvm"}
[ Tue Aug 15 2017 16:14:54 GMT+0800 (CST) ] time is 204
[ Tue Aug 15 2017 16:14:54 GMT+0800 (CST) ] {"err":0,"msg":"JLZ6Nav4ymrh5WneTxeA89NaW3ZBeLVaHh"}
[ Tue Aug 15 2017 16:14:54 GMT+0800 (CST) ] time is 205
[ Tue Aug 15 2017 16:14:54 GMT+0800 (CST) ] {"err":0,"msg":"JY8iXQDZsKhN6h5aZznBDHJChGGDjFvTrb"}
[ Tue Aug 15 2017 16:14:54 GMT+0800 (CST) ] time is 206
[ Tue Aug 15 2017 16:14:54 GMT+0800 (CST) ] {"err":0,"msg":"JbqkzEUz8bcZWYFYAX2FeYCNBbDK1JiN14"}
[ Tue Aug 15 2017 16:14:54 GMT+0800 (CST) ] time is 207
[ Tue Aug 15 2017 16:14:54 GMT+0800 (CST) ] {"err":0,"msg":"JN3p9fq2xmSMbGj1cNB8u51oeXtLdgXR2p"}
[ Tue Aug 15 2017 16:14:54 GMT+0800 (CST) ] {"err":0,"msg":"JWkyVc9t4cdX2jj5gz37FppULqcJ2Jr3Pe"}
[ Tue Aug 15 2017 16:14:54 GMT+0800 (CST) ] time is 208
[ Tue Aug 15 2017 16:14:54 GMT+0800 (CST) ] time is 209
[ Tue Aug 15 2017 16:14:54 GMT+0800 (CST) ] {"err":0,"msg":"JXstz8cUZHdnkYhQjM5a6PtdaBCZbwtxhK"}
[ Tue Aug 15 2017 16:14:54 GMT+0800 (CST) ] time is 210
[ Tue Aug 15 2017 16:14:54 GMT+0800 (CST) ] {"err":0,"msg":"JfzMQHKqbQKfgfYD2ty1bgPykVtCdymvyw"}
[ Tue Aug 15 2017 16:14:54 GMT+0800 (CST) ] time is 211
[ Tue Aug 15 2017 16:14:54 GMT+0800 (CST) ] {"err":0,"msg":"JaD2nksM6EvSSnWsZSh56rvsV4cP7vjudc"}
[ Tue Aug 15 2017 16:14:54 GMT+0800 (CST) ] {"err":0,"msg":"JTT78hWWe1isUAUiNM3QM1UJdVPUehgaVS"}
[ Tue Aug 15 2017 16:14:54 GMT+0800 (CST) ] time is 212
[ Tue Aug 15 2017 16:14:54 GMT+0800 (CST) ] time is 213
[ Tue Aug 15 2017 16:14:54 GMT+0800 (CST) ] {"err":0,"msg":"JX4qR5CBggPkKgT3m8rHWgEnGrep4iLNXp"}
[ Tue Aug 15 2017 16:14:54 GMT+0800 (CST) ] time is 214
[ Tue Aug 15 2017 16:14:54 GMT+0800 (CST) ] {"err":0,"msg":"JcpcMxdEk6hfj7DzwtKeyFKFnDuMkKMJQN"}
[ Tue Aug 15 2017 16:14:55 GMT+0800 (CST) ] time is 215
[ Tue Aug 15 2017 16:14:55 GMT+0800 (CST) ] {"err":0,"msg":"JPx3Vi2gP7iHeNSbPyBbuaq9k1i6vwAsbD"}
[ Tue Aug 15 2017 16:14:55 GMT+0800 (CST) ] time is 216
[ Tue Aug 15 2017 16:14:55 GMT+0800 (CST) ] {"err":0,"msg":"JceNX8NtvcwTJso1VvHXPsQxLfwZBHaVJs"}
[ Tue Aug 15 2017 16:14:55 GMT+0800 (CST) ] {"err":0,"msg":"JX7hXAjYT4A6rtHmc7wtEXo291zfaFqbyr"}
[ Tue Aug 15 2017 16:14:55 GMT+0800 (CST) ] time is 217
[ Tue Aug 15 2017 16:14:55 GMT+0800 (CST) ] time is 218
[ Tue Aug 15 2017 16:14:55 GMT+0800 (CST) ] {"err":0,"msg":"JPbTTMAdmGCVbdW5hjFJvNfkTQhRHVJCMU"}
[ Tue Aug 15 2017 16:14:55 GMT+0800 (CST) ] time is 219
[ Tue Aug 15 2017 16:14:55 GMT+0800 (CST) ] {"err":0,"msg":"JfhrUPvBZT9voup7GHkTkgUXsZJLXMSPJP"}
[ Tue Aug 15 2017 16:14:55 GMT+0800 (CST) ] time is 220
[ Tue Aug 15 2017 16:14:55 GMT+0800 (CST) ] {"err":0,"msg":"JgPY2eD1rUU8YK5TTNQq8nZd945Rymqyuc"}
[ Tue Aug 15 2017 16:14:55 GMT+0800 (CST) ] time is 221
[ Tue Aug 15 2017 16:14:55 GMT+0800 (CST) ] {"err":0,"msg":"JUzgsLHtm2dQUAcXWAKiPSJ6TxCiJwxYX2"}
[ Tue Aug 15 2017 16:14:55 GMT+0800 (CST) ] time is 222
[ Tue Aug 15 2017 16:14:55 GMT+0800 (CST) ] {"err":0,"msg":"JVmMs6okJA6NDPE4Zq83iPj1oPJM9LcmNK"}
[ Tue Aug 15 2017 16:14:55 GMT+0800 (CST) ] time is 223
[ Tue Aug 15 2017 16:14:55 GMT+0800 (CST) ] {"err":0,"msg":"JRf2PJiVU2ucnEjRRdPqVxFdMjziVeFFrU"}
[ Tue Aug 15 2017 16:14:55 GMT+0800 (CST) ] time is 224
[ Tue Aug 15 2017 16:14:55 GMT+0800 (CST) ] {"err":0,"msg":"JZ2kk5nD4etciXUJbB9g4d6mcD2xwsvj8J"}
[ Tue Aug 15 2017 16:14:55 GMT+0800 (CST) ] time is 225
[ Tue Aug 15 2017 16:14:55 GMT+0800 (CST) ] {"err":0,"msg":"JPc94A9qLk6AobKbjAdPYQZU5HPxYf1NUe"}
[ Tue Aug 15 2017 16:14:55 GMT+0800 (CST) ] time is 226
[ Tue Aug 15 2017 16:14:55 GMT+0800 (CST) ] {"err":0,"msg":"JhR9pkvKXtopVJAmVCZhVyU3a5ZuG4ee8x"}
[ Tue Aug 15 2017 16:14:55 GMT+0800 (CST) ] time is 227
[ Tue Aug 15 2017 16:14:55 GMT+0800 (CST) ] {"err":0,"msg":"JV67D3fMDRBZR8yRy8dskdCd4UvA8JWXiU"}
[ Tue Aug 15 2017 16:14:55 GMT+0800 (CST) ] {"err":0,"msg":"JUwym3WH2XXhJQ6zxh2x5X1Je4mmLiQTe1"}
[ Tue Aug 15 2017 16:14:55 GMT+0800 (CST) ] time is 228
[ Tue Aug 15 2017 16:14:55 GMT+0800 (CST) ] time is 229
[ Tue Aug 15 2017 16:14:55 GMT+0800 (CST) ] {"err":0,"msg":"JbWrk2us6DSZHQSSZrL4tmWN3BWT96FdDa"}
[ Tue Aug 15 2017 16:14:55 GMT+0800 (CST) ] time is 230
[ Tue Aug 15 2017 16:14:55 GMT+0800 (CST) ] {"err":0,"msg":"JPnewXWYB5ievxEVQ69RNGzecXDSRX29NA"}
[ Tue Aug 15 2017 16:14:55 GMT+0800 (CST) ] time is 231
[ Tue Aug 15 2017 16:14:55 GMT+0800 (CST) ] {"err":0,"msg":"JXywbMMz5yzDT1gCpArYwb53mkscfQHP4c"}
[ Tue Aug 15 2017 16:14:55 GMT+0800 (CST) ] time is 232
[ Tue Aug 15 2017 16:14:55 GMT+0800 (CST) ] {"err":0,"msg":"JTD56JEZ4bwdB5eNWLETTCZPpYJUstnkyT"}
[ Tue Aug 15 2017 16:14:55 GMT+0800 (CST) ] time is 233
[ Tue Aug 15 2017 16:14:55 GMT+0800 (CST) ] {"err":0,"msg":"JUf41SY5QLPs6DFc3RC1NqMNc1ndkNuj1Y"}
[ Tue Aug 15 2017 16:14:55 GMT+0800 (CST) ] time is 234
[ Tue Aug 15 2017 16:14:55 GMT+0800 (CST) ] {"err":0,"msg":"JLa94BQt3EsHS47k83DUsEJJ7jcqgmVZD9"}
[ Tue Aug 15 2017 16:14:55 GMT+0800 (CST) ] {"err":0,"msg":"JcVKX72Gcv1yDFoF9iPzRV86UDQHVKHMPA"}
[ Tue Aug 15 2017 16:14:55 GMT+0800 (CST) ] time is 235
[ Tue Aug 15 2017 16:14:55 GMT+0800 (CST) ] time is 236
[ Tue Aug 15 2017 16:14:55 GMT+0800 (CST) ] {"err":0,"msg":"JgaNrRadbzNzM26bvkNo5QKJr1N6HtT78t"}
[ Tue Aug 15 2017 16:14:55 GMT+0800 (CST) ] time is 237
[ Tue Aug 15 2017 16:14:55 GMT+0800 (CST) ] {"err":0,"msg":"JKUnTEwPB1B2gECiaR4qMwU9FSyGBKpK2R"}
[ Tue Aug 15 2017 16:14:55 GMT+0800 (CST) ] time is 238
[ Tue Aug 15 2017 16:14:55 GMT+0800 (CST) ] {"err":0,"msg":"JMGjQxGJP7xHeYzD2fxWc3dQ2AGxdJMTWy"}
[ Tue Aug 15 2017 16:14:55 GMT+0800 (CST) ] time is 239
[ Tue Aug 15 2017 16:14:55 GMT+0800 (CST) ] {"err":0,"msg":"JhRouk47HW2DH8AW9QoxhWCBqb3NHaALaX"}
[ Tue Aug 15 2017 16:14:55 GMT+0800 (CST) ] time is 240
[ Tue Aug 15 2017 16:14:55 GMT+0800 (CST) ] {"err":0,"msg":"JQqHmhiS3rat5427q5xvc2wsbb1C4mR9Qz"}
[ Tue Aug 15 2017 16:14:55 GMT+0800 (CST) ] time is 241
[ Tue Aug 15 2017 16:14:55 GMT+0800 (CST) ] {"err":0,"msg":"JR13ZsBdkcJYQm2aiWCZjHftVLTdSoxr9Y"}
[ Tue Aug 15 2017 16:14:55 GMT+0800 (CST) ] time is 242
[ Tue Aug 15 2017 16:14:55 GMT+0800 (CST) ] {"err":0,"msg":"JUGcwRXF2S4G3wxiftQMpyPgCMY92aAeSK"}
[ Tue Aug 15 2017 16:14:55 GMT+0800 (CST) ] time is 243
[ Tue Aug 15 2017 16:14:55 GMT+0800 (CST) ] {"err":0,"msg":"JVvjRUoEqbt9eFsHT1EMxwSNERe8jcqxsZ"}
[ Tue Aug 15 2017 16:14:55 GMT+0800 (CST) ] time is 244
[ Tue Aug 15 2017 16:14:55 GMT+0800 (CST) ] {"err":0,"msg":"JUF5Gjg5AsJFPWuWcHayoMBidCbsC3JrwQ"}
[ Tue Aug 15 2017 16:14:55 GMT+0800 (CST) ] time is 245
[ Tue Aug 15 2017 16:14:55 GMT+0800 (CST) ] {"err":0,"msg":"JYA8ePwpnwMskQGAVXE9UNNXkaB5WkyspN"}
[ Tue Aug 15 2017 16:14:55 GMT+0800 (CST) ] time is 246
[ Tue Aug 15 2017 16:14:55 GMT+0800 (CST) ] {"err":0,"msg":"JV1YLua6LHRh5nn1n3AfZyGQmV8QWe6Fnj"}
[ Tue Aug 15 2017 16:14:55 GMT+0800 (CST) ] time is 247
[ Tue Aug 15 2017 16:14:55 GMT+0800 (CST) ] {"err":0,"msg":"JYfexAAFUoGimbfTUiz1mDGn3jshtseH6t"}
[ Tue Aug 15 2017 16:14:55 GMT+0800 (CST) ] time is 248
[ Tue Aug 15 2017 16:14:55 GMT+0800 (CST) ] {"err":0,"msg":"JTZjiTmJUsurKriGue74PeiXuvrNyatD6u"}
[ Tue Aug 15 2017 16:14:55 GMT+0800 (CST) ] time is 249
[ Tue Aug 15 2017 16:14:55 GMT+0800 (CST) ] {"err":0,"msg":"JYgeeyuMgzff5A2nxYgqPPhCfPh5MaQNZH"}
[ Tue Aug 15 2017 16:14:56 GMT+0800 (CST) ] time is 250
[ Tue Aug 15 2017 16:14:56 GMT+0800 (CST) ] {"err":0,"msg":"JZQtjLM6oGHTuQAgup6F5nnxpYhzodrDT8"}
[ Tue Aug 15 2017 16:14:56 GMT+0800 (CST) ] time is 251
[ Tue Aug 15 2017 16:14:56 GMT+0800 (CST) ] {"err":0,"msg":"JLrVKvqff57EDehA4onWStXixnSAymxy6b"}
[ Tue Aug 15 2017 16:14:56 GMT+0800 (CST) ] {"err":0,"msg":"JaHWjQKkGtrTQCSUheKpTm9xT8hMyhvuwU"}
[ Tue Aug 15 2017 16:14:56 GMT+0800 (CST) ] time is 252
[ Tue Aug 15 2017 16:14:56 GMT+0800 (CST) ] {"err":0,"msg":"JQiYJanZ2PBn41k3EifiE72JmGF2KLDCk9"}
[ Tue Aug 15 2017 16:14:56 GMT+0800 (CST) ] time is 253
[ Tue Aug 15 2017 16:14:56 GMT+0800 (CST) ] time is 254
[ Tue Aug 15 2017 16:14:56 GMT+0800 (CST) ] {"err":0,"msg":"JLL7SfGkV7P33ArGwx236JS1gZqkDnWTKs"}
[ Tue Aug 15 2017 16:14:56 GMT+0800 (CST) ] time is 255
[ Tue Aug 15 2017 16:14:56 GMT+0800 (CST) ] {"err":0,"msg":"JRDyJ9GAti312ianRAuFuZzyKfGcQyss9y"}
[ Tue Aug 15 2017 16:14:56 GMT+0800 (CST) ] time is 256
[ Tue Aug 15 2017 16:14:56 GMT+0800 (CST) ] {"err":0,"msg":"JVTTUqy8zcBVupPWNBFjyDe5jPgsUPMztL"}
[ Tue Aug 15 2017 16:14:56 GMT+0800 (CST) ] time is 257
[ Tue Aug 15 2017 16:14:56 GMT+0800 (CST) ] {"err":0,"msg":"Je4gpEDB8RKeLoURgY6YZgcMsb3VyuKCWU"}
[ Tue Aug 15 2017 16:14:56 GMT+0800 (CST) ] time is 258
[ Tue Aug 15 2017 16:14:56 GMT+0800 (CST) ] {"err":0,"msg":"JWg6DaZgr1uxpihVTYY7mUMDpG5zXYj7ST"}
[ Tue Aug 15 2017 16:14:56 GMT+0800 (CST) ] time is 259
[ Tue Aug 15 2017 16:14:56 GMT+0800 (CST) ] {"err":0,"msg":"JfZ3BRYTG7cbUCBvQ1dRKJixrUnen5YGRp"}
[ Tue Aug 15 2017 16:14:56 GMT+0800 (CST) ] {"err":0,"msg":"JW8uvYmoqUGhVRYanxMwGPmqHyqd2Merk9"}
[ Tue Aug 15 2017 16:14:56 GMT+0800 (CST) ] time is 260
[ Tue Aug 15 2017 16:14:56 GMT+0800 (CST) ] time is 261
[ Tue Aug 15 2017 16:14:56 GMT+0800 (CST) ] {"err":0,"msg":"JRdeCDs4gPVxBVvntimxJPnWu1xe9vHMV8"}
[ Tue Aug 15 2017 16:14:56 GMT+0800 (CST) ] time is 262
[ Tue Aug 15 2017 16:14:56 GMT+0800 (CST) ] {"err":0,"msg":"JM29N1y4iYksf2Ef4xriHrfdBpXjxGxGnE"}
[ Tue Aug 15 2017 16:14:56 GMT+0800 (CST) ] time is 263
[ Tue Aug 15 2017 16:14:56 GMT+0800 (CST) ] {"err":0,"msg":"JSnj1jr8fgPkttk7vJmPfZDhfR9BLpatiE"}
[ Tue Aug 15 2017 16:14:56 GMT+0800 (CST) ] time is 264
[ Tue Aug 15 2017 16:14:56 GMT+0800 (CST) ] {"err":0,"msg":"JRJKFN5jh57wpK6CABS3YGHukEGxsexza5"}
[ Tue Aug 15 2017 16:14:56 GMT+0800 (CST) ] time is 265
[ Tue Aug 15 2017 16:14:56 GMT+0800 (CST) ] {"err":0,"msg":"JSmPHxbi1khEBRrXmKga95gxygeKecnXzU"}
[ Tue Aug 15 2017 16:14:56 GMT+0800 (CST) ] time is 266
[ Tue Aug 15 2017 16:14:56 GMT+0800 (CST) ] {"err":0,"msg":"JZxgzbZFPcjSjxrjgEfE7TGExXrKbPXSR1"}
[ Tue Aug 15 2017 16:14:56 GMT+0800 (CST) ] time is 267
[ Tue Aug 15 2017 16:14:56 GMT+0800 (CST) ] {"err":0,"msg":"Jbxtc13gxFoituFeX6n5LJxWPhv43KPV2J"}
[ Tue Aug 15 2017 16:14:56 GMT+0800 (CST) ] time is 268
[ Tue Aug 15 2017 16:14:56 GMT+0800 (CST) ] {"err":0,"msg":"JS2SqqVRdrqJoxe2o3HEJXGx1g6UjczTT7"}
[ Tue Aug 15 2017 16:14:56 GMT+0800 (CST) ] time is 269
[ Tue Aug 15 2017 16:14:56 GMT+0800 (CST) ] {"err":0,"msg":"JMK2LveqpmxwsCmmdCVG99VvRjtixTZFwm"}
[ Tue Aug 15 2017 16:14:56 GMT+0800 (CST) ] time is 270
[ Tue Aug 15 2017 16:14:56 GMT+0800 (CST) ] {"err":0,"msg":"JM4zSGiXigpUmNVFxeBmAwfN2gqcHv6JRC"}
[ Tue Aug 15 2017 16:14:56 GMT+0800 (CST) ] time is 271
[ Tue Aug 15 2017 16:14:56 GMT+0800 (CST) ] {"err":0,"msg":"JWCraviJ2jpptoHPSWyD9fsD6nvKksVg7v"}
[ Tue Aug 15 2017 16:14:56 GMT+0800 (CST) ] time is 272
[ Tue Aug 15 2017 16:14:56 GMT+0800 (CST) ] {"err":0,"msg":"JNRYKLrZcQnJDZTCSbMFJFeNQoUqy1wsc4"}
[ Tue Aug 15 2017 16:14:56 GMT+0800 (CST) ] time is 273
[ Tue Aug 15 2017 16:14:56 GMT+0800 (CST) ] {"err":0,"msg":"JMBsPUQmkt3igsbMu6e9Ddupt9ykkRVdYb"}
[ Tue Aug 15 2017 16:14:56 GMT+0800 (CST) ] time is 274
[ Tue Aug 15 2017 16:14:56 GMT+0800 (CST) ] {"err":0,"msg":"JfZZdcfAVYA6gta2PyKL9NeLiyNotRUV7h"}
[ Tue Aug 15 2017 16:14:56 GMT+0800 (CST) ] time is 275
[ Tue Aug 15 2017 16:14:56 GMT+0800 (CST) ] {"err":0,"msg":"Ja3eRUwZcZ2Zwy9Mqib9Exmr1MpeA8V5RR"}
[ Tue Aug 15 2017 16:14:56 GMT+0800 (CST) ] time is 276
[ Tue Aug 15 2017 16:14:56 GMT+0800 (CST) ] {"err":0,"msg":"JT9LDQkrE2QjDEoRNKYhVaS4SiMhHh3ibs"}
[ Tue Aug 15 2017 16:14:56 GMT+0800 (CST) ] time is 277
[ Tue Aug 15 2017 16:14:56 GMT+0800 (CST) ] {"err":0,"msg":"JSimdK36WF76FrqWCGwFTTVaA7pgC9C2xD"}
[ Tue Aug 15 2017 16:14:56 GMT+0800 (CST) ] time is 278
[ Tue Aug 15 2017 16:14:56 GMT+0800 (CST) ] {"err":0,"msg":"JTVThcmULAAqRfsbyKFccZAnccfRBihJHB"}
[ Tue Aug 15 2017 16:14:56 GMT+0800 (CST) ] time is 279
[ Tue Aug 15 2017 16:14:56 GMT+0800 (CST) ] {"err":0,"msg":"JMXvhzpUapmKjQMr9m7ytJRouBU3NYgEkJ"}
[ Tue Aug 15 2017 16:14:56 GMT+0800 (CST) ] time is 280
[ Tue Aug 15 2017 16:14:56 GMT+0800 (CST) ] {"err":0,"msg":"JbKWBeQcxZYc4A8GjxhPPLWdAdLKDr2ycT"}
[ Tue Aug 15 2017 16:14:56 GMT+0800 (CST) ] time is 281
[ Tue Aug 15 2017 16:14:56 GMT+0800 (CST) ] {"err":0,"msg":"JMbfYw4iYxFjvpqHN52khAR1VFcqeKwNHH"}
[ Tue Aug 15 2017 16:14:56 GMT+0800 (CST) ] time is 282
[ Tue Aug 15 2017 16:14:56 GMT+0800 (CST) ] {"err":0,"msg":"JPwwmNcTpR4ToxCqQYYMoGRZ8AJ7KGiEyx"}
[ Tue Aug 15 2017 16:14:56 GMT+0800 (CST) ] time is 283
[ Tue Aug 15 2017 16:14:56 GMT+0800 (CST) ] {"err":0,"msg":"JTTGVoaMaTHbdH6ycVJfvmuQkGiTyqt7Uv"}
[ Tue Aug 15 2017 16:14:56 GMT+0800 (CST) ] time is 284
[ Tue Aug 15 2017 16:14:56 GMT+0800 (CST) ] {"err":0,"msg":"JSns8BsrHQMz2a1Dya59hvrj79WFSmThc6"}
[ Tue Aug 15 2017 16:14:56 GMT+0800 (CST) ] time is 285
[ Tue Aug 15 2017 16:14:56 GMT+0800 (CST) ] {"err":0,"msg":"JMXQXXeDkGf1JKTBhuXunhhm1fUVnXsaBc"}
[ Tue Aug 15 2017 16:14:56 GMT+0800 (CST) ] time is 286
[ Tue Aug 15 2017 16:14:56 GMT+0800 (CST) ] {"err":0,"msg":"JXBrnt8Mz1nwN7HfFF7waXKEr69K5R7W3M"}
[ Tue Aug 15 2017 16:14:56 GMT+0800 (CST) ] time is 287
[ Tue Aug 15 2017 16:14:56 GMT+0800 (CST) ] {"err":0,"msg":"JZbRD2igsPFBgTp7Dq1GatFqskvmQ6buD9"}
[ Tue Aug 15 2017 16:14:57 GMT+0800 (CST) ] time is 288
[ Tue Aug 15 2017 16:14:57 GMT+0800 (CST) ] {"err":0,"msg":"JenBPPZtBLZKCdj3MaCgcYgwdaKpX9LbyS"}
[ Tue Aug 15 2017 16:14:57 GMT+0800 (CST) ] time is 289
[ Tue Aug 15 2017 16:14:57 GMT+0800 (CST) ] {"err":0,"msg":"JPyjZBKxJ8KVc3WrmpLDAoUz5b18rpswmG"}
[ Tue Aug 15 2017 16:14:57 GMT+0800 (CST) ] time is 290
[ Tue Aug 15 2017 16:14:57 GMT+0800 (CST) ] {"err":0,"msg":"JcK2FDg3AVbYHjLZShh5xizw7KSCQj6oxE"}
[ Tue Aug 15 2017 16:14:57 GMT+0800 (CST) ] time is 291
[ Tue Aug 15 2017 16:14:57 GMT+0800 (CST) ] {"err":0,"msg":"JNsgKyTaq9NZUypq6RxbPCGUSUUaQGXTmm"}
[ Tue Aug 15 2017 16:14:57 GMT+0800 (CST) ] time is 292
[ Tue Aug 15 2017 16:14:57 GMT+0800 (CST) ] {"err":0,"msg":"JdZJ8iyoE2J9HMvuQ6ZyP5RSQzS5qSm468"}
[ Tue Aug 15 2017 16:14:57 GMT+0800 (CST) ] time is 293
[ Tue Aug 15 2017 16:14:57 GMT+0800 (CST) ] {"err":0,"msg":"JLTCQbeKDZDGNFMSfVoqFsCwJcrUgTY7Md"}
[ Tue Aug 15 2017 16:14:57 GMT+0800 (CST) ] time is 294
[ Tue Aug 15 2017 16:14:57 GMT+0800 (CST) ] {"err":0,"msg":"JYpqxppf6MRq9pt6Wr9sFWVJLkx2aTa9bZ"}
[ Tue Aug 15 2017 16:14:57 GMT+0800 (CST) ] time is 295
[ Tue Aug 15 2017 16:14:57 GMT+0800 (CST) ] {"err":0,"msg":"Jh3DmbvTmC8yaZLCGXZhfWiDaWvM1DYQ1K"}
[ Tue Aug 15 2017 16:14:57 GMT+0800 (CST) ] time is 296
[ Tue Aug 15 2017 16:14:57 GMT+0800 (CST) ] {"err":0,"msg":"JfG6WnYJfKfz9Qjyx64Ny5TcakZ6sJc3eU"}
[ Tue Aug 15 2017 16:14:57 GMT+0800 (CST) ] time is 297
[ Tue Aug 15 2017 16:14:57 GMT+0800 (CST) ] {"err":0,"msg":"JVyUdRYE1iUnNAvJC1JMMerCbGa2bFbVih"}
[ Tue Aug 15 2017 16:14:57 GMT+0800 (CST) ] time is 298
[ Tue Aug 15 2017 16:14:57 GMT+0800 (CST) ] {"err":0,"msg":"Jcb518UEjQCs2qE1jGiaiptgWKt7rCdcZ6"}
[ Tue Aug 15 2017 16:14:57 GMT+0800 (CST) ] time is 299
[ Tue Aug 15 2017 16:14:57 GMT+0800 (CST) ] {"err":0,"msg":"Jb6vuzYpo41yb8h65ivCfXEbg9uLLPVb1Z"}
[ Tue Aug 15 2017 16:14:57 GMT+0800 (CST) ] time is 300
[ Tue Aug 15 2017 16:14:57 GMT+0800 (CST) ] {"err":0,"msg":"JW1B6WCVJ8Kqs8VQkXhDfRoXA4gmLwK1he"}
[ Tue Aug 15 2017 16:14:57 GMT+0800 (CST) ] time is 301
[ Tue Aug 15 2017 16:14:57 GMT+0800 (CST) ] {"err":0,"msg":"JSNYxJN9XJ784x2c72AcQiDhUv6aEBdyPd"}
[ Tue Aug 15 2017 16:14:57 GMT+0800 (CST) ] time is 302
[ Tue Aug 15 2017 16:14:57 GMT+0800 (CST) ] {"err":0,"msg":"JQyqYUUtVSsGAZwDSWnARKZ4vmQzvFgtb4"}
[ Tue Aug 15 2017 16:14:57 GMT+0800 (CST) ] time is 303
[ Tue Aug 15 2017 16:14:57 GMT+0800 (CST) ] {"err":0,"msg":"JdF7BCLfDyDioiWRV4BWZLw1pYscJNmzPX"}
[ Tue Aug 15 2017 16:14:57 GMT+0800 (CST) ] time is 304
[ Tue Aug 15 2017 16:14:57 GMT+0800 (CST) ] {"err":0,"msg":"JK4DMHqUFNgJuc7cbiqwUPetWdDKCmXmBp"}
[ Tue Aug 15 2017 16:14:57 GMT+0800 (CST) ] time is 305
[ Tue Aug 15 2017 16:14:57 GMT+0800 (CST) ] {"err":0,"msg":"JYUV2TbzD9e9uacuxq9CQ1CWc7gpCxJgCp"}
[ Tue Aug 15 2017 16:14:57 GMT+0800 (CST) ] time is 306
[ Tue Aug 15 2017 16:14:57 GMT+0800 (CST) ] {"err":0,"msg":"JLPbZrEVJGW4VNJvAQBFMDJyCM6Bv1nQ1y"}
[ Tue Aug 15 2017 16:14:57 GMT+0800 (CST) ] time is 307
[ Tue Aug 15 2017 16:14:57 GMT+0800 (CST) ] {"err":0,"msg":"JWNdpTQbEBQCWjAhcTPvJzDEcX9qynjEUz"}
[ Tue Aug 15 2017 16:14:57 GMT+0800 (CST) ] time is 308
[ Tue Aug 15 2017 16:14:57 GMT+0800 (CST) ] {"err":0,"msg":"JP8Nkwc51zxQ87iY8Kr6izCXTiJ9LVvypR"}
[ Tue Aug 15 2017 16:14:57 GMT+0800 (CST) ] time is 309
[ Tue Aug 15 2017 16:14:57 GMT+0800 (CST) ] {"err":0,"msg":"JM14xFeLgfs3SpoXMqCuPUJV8nvyNNHwwc"}
[ Tue Aug 15 2017 16:14:57 GMT+0800 (CST) ] time is 310
[ Tue Aug 15 2017 16:14:57 GMT+0800 (CST) ] {"err":0,"msg":"JK5Z9rTjf7gV38Hh1iAUbEb66vAAkWKHvx"}
[ Tue Aug 15 2017 16:14:57 GMT+0800 (CST) ] time is 311
[ Tue Aug 15 2017 16:14:57 GMT+0800 (CST) ] {"err":0,"msg":"JZpQmGuinCFz63TM5ush7U3bvYK6TsN2Bt"}
[ Tue Aug 15 2017 16:14:57 GMT+0800 (CST) ] time is 312
[ Tue Aug 15 2017 16:14:57 GMT+0800 (CST) ] {"err":0,"msg":"JVa3DSBKDETCG1ETm8tDwzV2A2W9t9QJ5z"}
[ Tue Aug 15 2017 16:14:57 GMT+0800 (CST) ] time is 313
[ Tue Aug 15 2017 16:14:57 GMT+0800 (CST) ] {"err":0,"msg":"JMK2Jvu9CfCxqFW43oYbrR5hNddDN7Lais"}
[ Tue Aug 15 2017 16:14:57 GMT+0800 (CST) ] time is 314
[ Tue Aug 15 2017 16:14:57 GMT+0800 (CST) ] {"err":0,"msg":"JRtW9xsnRvgZNf87ZtCN7ntqt7yXZ43Dbq"}
[ Tue Aug 15 2017 16:14:57 GMT+0800 (CST) ] time is 315
[ Tue Aug 15 2017 16:14:57 GMT+0800 (CST) ] {"err":0,"msg":"JKDY4uhmKpnPQEKZsTyEdibinGNQcYavrF"}
[ Tue Aug 15 2017 16:14:57 GMT+0800 (CST) ] time is 316
[ Tue Aug 15 2017 16:14:57 GMT+0800 (CST) ] {"err":0,"msg":"JKdLiqYgcc5Dr3xpg3MHBNgRrEbULmhbi4"}
[ Tue Aug 15 2017 16:14:57 GMT+0800 (CST) ] time is 317
[ Tue Aug 15 2017 16:14:57 GMT+0800 (CST) ] {"err":0,"msg":"JcDtLjTsbBym3oHXBrzH7cFuHNgMzXfeTj"}
[ Tue Aug 15 2017 16:14:57 GMT+0800 (CST) ] time is 318
[ Tue Aug 15 2017 16:14:57 GMT+0800 (CST) ] {"err":0,"msg":"JZpBCU7VQFqt1ZBdt5MWL78BKNUZPELGba"}
[ Tue Aug 15 2017 16:14:57 GMT+0800 (CST) ] time is 319
[ Tue Aug 15 2017 16:14:57 GMT+0800 (CST) ] {"err":0,"msg":"JRHqwFcgEuLd2a7csTTbYiEYhj2EpkPwyc"}
[ Tue Aug 15 2017 16:14:57 GMT+0800 (CST) ] time is 320
[ Tue Aug 15 2017 16:14:57 GMT+0800 (CST) ] {"err":0,"msg":"JeeHJfb53yR7pWHdQ2GKtUTF2MQHKKqVtu"}
[ Tue Aug 15 2017 16:14:57 GMT+0800 (CST) ] time is 321
[ Tue Aug 15 2017 16:14:57 GMT+0800 (CST) ] {"err":0,"msg":"JUsL3KRdwNDuMTAZu6aHyg3UKVZzwvtHBc"}
[ Tue Aug 15 2017 16:14:57 GMT+0800 (CST) ] time is 322
[ Tue Aug 15 2017 16:14:57 GMT+0800 (CST) ] {"err":0,"msg":"JfKu4NYuVpj9C4uXsi82cAMifwQjGGYzxH"}
[ Tue Aug 15 2017 16:14:57 GMT+0800 (CST) ] time is 323
[ Tue Aug 15 2017 16:14:57 GMT+0800 (CST) ] {"err":0,"msg":"JMohzoq6kfaoSUic7T3mGDBiNnM7YuhenC"}
[ Tue Aug 15 2017 16:14:57 GMT+0800 (CST) ] time is 324
[ Tue Aug 15 2017 16:14:57 GMT+0800 (CST) ] {"err":0,"msg":"JeM4cVKqutXc3yUpMHKPRfmtknwjR9TFWv"}
[ Tue Aug 15 2017 16:14:58 GMT+0800 (CST) ] time is 325
[ Tue Aug 15 2017 16:14:58 GMT+0800 (CST) ] {"err":0,"msg":"JYiAeULhPYEh4SRAP5jzwMVghaqawXPnoT"}
[ Tue Aug 15 2017 16:14:58 GMT+0800 (CST) ] time is 326
[ Tue Aug 15 2017 16:14:58 GMT+0800 (CST) ] {"err":0,"msg":"JMoQ9cjS3hj69bXZzGnDEi8xQynbHjnA4L"}
[ Tue Aug 15 2017 16:14:58 GMT+0800 (CST) ] time is 327
[ Tue Aug 15 2017 16:14:58 GMT+0800 (CST) ] {"err":0,"msg":"JSP4Tbsfr97uKQosNaeN1KGjHefuL9gyTc"}
[ Tue Aug 15 2017 16:14:58 GMT+0800 (CST) ] time is 328
[ Tue Aug 15 2017 16:14:58 GMT+0800 (CST) ] {"err":0,"msg":"JQwB42MgsbduH3AJEVRBTxEPC8ogvswLPY"}
[ Tue Aug 15 2017 16:14:58 GMT+0800 (CST) ] time is 329
[ Tue Aug 15 2017 16:14:58 GMT+0800 (CST) ] {"err":0,"msg":"JgbESqHuRz9bhQth9oUXcedYerXUS3FQEh"}
[ Tue Aug 15 2017 16:14:58 GMT+0800 (CST) ] time is 330
[ Tue Aug 15 2017 16:14:58 GMT+0800 (CST) ] {"err":0,"msg":"JQLv9SGp3emfkfUo6RtdFQcCJcPhCnb4JN"}
[ Tue Aug 15 2017 16:14:58 GMT+0800 (CST) ] time is 331
[ Tue Aug 15 2017 16:14:58 GMT+0800 (CST) ] {"err":0,"msg":"JV2ABSbBfjihSLsTKuFyxqr2gigQM8HojH"}
[ Tue Aug 15 2017 16:14:58 GMT+0800 (CST) ] time is 332
[ Tue Aug 15 2017 16:14:58 GMT+0800 (CST) ] {"err":0,"msg":"Jb4tdmx8SHndmjmCHEo5WPdcmYjXKLMHZc"}
[ Tue Aug 15 2017 16:14:58 GMT+0800 (CST) ] time is 333
[ Tue Aug 15 2017 16:14:58 GMT+0800 (CST) ] {"err":0,"msg":"JP9Y4qtWE84WLJEWA5UMzq8p1sQ7CvpNC2"}
[ Tue Aug 15 2017 16:14:58 GMT+0800 (CST) ] time is 334
[ Tue Aug 15 2017 16:14:58 GMT+0800 (CST) ] {"err":0,"msg":"JNkEmkRJy4c7bcJUqkwGajowBYVJgsa7P5"}
[ Tue Aug 15 2017 16:14:58 GMT+0800 (CST) ] time is 335
[ Tue Aug 15 2017 16:14:58 GMT+0800 (CST) ] {"err":0,"msg":"JhbrqwzoUo5quPDHQjwSrYRgFYWYyb1n5c"}
[ Tue Aug 15 2017 16:14:58 GMT+0800 (CST) ] time is 336
[ Tue Aug 15 2017 16:14:58 GMT+0800 (CST) ] {"err":0,"msg":"JfJpdBbQPC2qFYyBstL5pWMBRnS8X68176"}
[ Tue Aug 15 2017 16:14:58 GMT+0800 (CST) ] time is 337
[ Tue Aug 15 2017 16:14:58 GMT+0800 (CST) ] {"err":0,"msg":"JaqNEqkgHs3MscrEYickoAqPPUVSzarj8B"}
[ Tue Aug 15 2017 16:14:58 GMT+0800 (CST) ] time is 338
[ Tue Aug 15 2017 16:14:58 GMT+0800 (CST) ] {"err":0,"msg":"JgmKgJLB83QNK3esDQ1X6Zkfkbt1PHZSNd"}
[ Tue Aug 15 2017 16:14:58 GMT+0800 (CST) ] time is 339
[ Tue Aug 15 2017 16:14:58 GMT+0800 (CST) ] {"err":0,"msg":"JVkBC4q553GmNpeZaTcBgP2tuD65C5BH2u"}
[ Tue Aug 15 2017 16:14:58 GMT+0800 (CST) ] time is 340
[ Tue Aug 15 2017 16:14:58 GMT+0800 (CST) ] {"err":0,"msg":"JYjhNzK7KGKSLG6brdZqFUqmWGpbUGCn2N"}
[ Tue Aug 15 2017 16:14:58 GMT+0800 (CST) ] time is 341
[ Tue Aug 15 2017 16:14:58 GMT+0800 (CST) ] {"err":0,"msg":"JQNmTfJqvK3zcMvbG6XuWsGnmtH3xymfNq"}
[ Tue Aug 15 2017 16:14:58 GMT+0800 (CST) ] time is 342
[ Tue Aug 15 2017 16:14:58 GMT+0800 (CST) ] {"err":0,"msg":"Jc9ZzdvWz4gCQx8dTGUu8FaEsWZVeu93gh"}
[ Tue Aug 15 2017 16:14:58 GMT+0800 (CST) ] time is 343
[ Tue Aug 15 2017 16:14:58 GMT+0800 (CST) ] {"err":0,"msg":"JSmr2VfQh3bsirhbYwhpqBpS3FsasgbSUo"}
[ Tue Aug 15 2017 16:14:58 GMT+0800 (CST) ] time is 344
[ Tue Aug 15 2017 16:14:58 GMT+0800 (CST) ] {"err":0,"msg":"JUqXNAnSAS9YgSuvsrWtCm2bnF1hNeaPRi"}
[ Tue Aug 15 2017 16:14:58 GMT+0800 (CST) ] time is 345
[ Tue Aug 15 2017 16:14:58 GMT+0800 (CST) ] {"err":0,"msg":"JKBbs6WGR9LW2jLR5UYQwJq7T6xKtDwnnq"}
[ Tue Aug 15 2017 16:14:58 GMT+0800 (CST) ] time is 346
[ Tue Aug 15 2017 16:14:58 GMT+0800 (CST) ] {"err":0,"msg":"JXewBft9USQkxPinYjHtbo4rpPrWcK6Zzg"}
[ Tue Aug 15 2017 16:14:58 GMT+0800 (CST) ] time is 347
[ Tue Aug 15 2017 16:14:58 GMT+0800 (CST) ] {"err":0,"msg":"JdGo3NUibdj6Jm7kmapPNWvFFAYezBfbrp"}
[ Tue Aug 15 2017 16:14:58 GMT+0800 (CST) ] time is 348
[ Tue Aug 15 2017 16:14:58 GMT+0800 (CST) ] {"err":0,"msg":"JRYhULmxJX5Gv4C4D86aLSQhA5LD8YqRKq"}
[ Tue Aug 15 2017 16:14:58 GMT+0800 (CST) ] time is 349
[ Tue Aug 15 2017 16:14:58 GMT+0800 (CST) ] {"err":0,"msg":"JRoQ7i7QsWR71n42MwkhzMPju1fHvGfMJe"}
[ Tue Aug 15 2017 16:14:58 GMT+0800 (CST) ] time is 350
[ Tue Aug 15 2017 16:14:58 GMT+0800 (CST) ] {"err":0,"msg":"Jfa9Kyi7zEXmyPErLCgQsBpgUY5w5tBdeG"}
[ Tue Aug 15 2017 16:14:58 GMT+0800 (CST) ] time is 351
[ Tue Aug 15 2017 16:14:58 GMT+0800 (CST) ] {"err":0,"msg":"JhMyBkGt3eCnq98bG7JHqQvje6qiEzYdvF"}
[ Tue Aug 15 2017 16:14:58 GMT+0800 (CST) ] time is 352
[ Tue Aug 15 2017 16:14:58 GMT+0800 (CST) ] {"err":0,"msg":"JMn2JpHXAiJTfFt9fALQHgXESh1XMwCbLX"}
[ Tue Aug 15 2017 16:14:58 GMT+0800 (CST) ] time is 353
[ Tue Aug 15 2017 16:14:58 GMT+0800 (CST) ] {"err":0,"msg":"JakLzmnirjRxo2jLerm8Ub3wfw28t5CWVN"}
[ Tue Aug 15 2017 16:14:58 GMT+0800 (CST) ] time is 354
[ Tue Aug 15 2017 16:14:58 GMT+0800 (CST) ] {"err":0,"msg":"JSsN7VdYU36qC4fdJToaYYM2HKqLgw6sDF"}
[ Tue Aug 15 2017 16:14:58 GMT+0800 (CST) ] time is 355
[ Tue Aug 15 2017 16:14:58 GMT+0800 (CST) ] {"err":0,"msg":"JKKRzgrp3TGzvmHZEGTBwegTcTTTdCgQNW"}
[ Tue Aug 15 2017 16:14:58 GMT+0800 (CST) ] time is 356
[ Tue Aug 15 2017 16:14:58 GMT+0800 (CST) ] {"err":0,"msg":"JZbBUZ5wcAs7t3nh56hu7eqGpuY2Wrc9LF"}
[ Tue Aug 15 2017 16:14:58 GMT+0800 (CST) ] time is 357
[ Tue Aug 15 2017 16:14:58 GMT+0800 (CST) ] {"err":0,"msg":"JKYpt9LMnk56JwBEau6AzqZEyNZs6YFuBX"}
[ Tue Aug 15 2017 16:14:58 GMT+0800 (CST) ] time is 358
[ Tue Aug 15 2017 16:14:58 GMT+0800 (CST) ] {"err":0,"msg":"JZv94SFejYY2wsZMMuYf4Xyccp9QFzFF4B"}
[ Tue Aug 15 2017 16:14:58 GMT+0800 (CST) ] time is 359
[ Tue Aug 15 2017 16:14:58 GMT+0800 (CST) ] {"err":0,"msg":"JKngfEMJFFGADjgAT6qx8yUt95DrEPPRGu"}
[ Tue Aug 15 2017 16:14:58 GMT+0800 (CST) ] time is 360
[ Tue Aug 15 2017 16:14:58 GMT+0800 (CST) ] {"err":0,"msg":"JVdivMJnJS66mC9UfqRiaXKBowCaccsKhF"}
[ Tue Aug 15 2017 16:14:58 GMT+0800 (CST) ] time is 361
[ Tue Aug 15 2017 16:14:58 GMT+0800 (CST) ] {"err":0,"msg":"JfrcdQyMuVDxB7w6WS6W63A7pX492UvBUD"}
[ Tue Aug 15 2017 16:14:58 GMT+0800 (CST) ] time is 362
[ Tue Aug 15 2017 16:14:58 GMT+0800 (CST) ] {"err":0,"msg":"JTj6XFjTvDuaYbLbt1Kmf3AGTRsUiZGrh4"}
[ Tue Aug 15 2017 16:14:58 GMT+0800 (CST) ] time is 363
[ Tue Aug 15 2017 16:14:58 GMT+0800 (CST) ] {"err":0,"msg":"JSSCRbknEXgArhuHbUGbBZRFqdNBnjmAiW"}
[ Tue Aug 15 2017 16:14:59 GMT+0800 (CST) ] time is 364
[ Tue Aug 15 2017 16:14:59 GMT+0800 (CST) ] {"err":0,"msg":"JX2yqorGJt4mL9ycxDA78wAT6gGLfGeNZ1"}
[ Tue Aug 15 2017 16:14:59 GMT+0800 (CST) ] time is 365
[ Tue Aug 15 2017 16:14:59 GMT+0800 (CST) ] {"err":0,"msg":"JSb1qXcjiwKRJd7St1VCLYMrMKM9fwZT9B"}
[ Tue Aug 15 2017 16:14:59 GMT+0800 (CST) ] time is 366
[ Tue Aug 15 2017 16:14:59 GMT+0800 (CST) ] {"err":0,"msg":"JPZYXUFStjdxVXwGREUD9YddHmCb6ZhWvY"}
[ Tue Aug 15 2017 16:14:59 GMT+0800 (CST) ] time is 367
[ Tue Aug 15 2017 16:14:59 GMT+0800 (CST) ] {"err":0,"msg":"JK63AzmvcJnkjNCAUun8isUu1FUcuyLEcR"}
[ Tue Aug 15 2017 16:14:59 GMT+0800 (CST) ] time is 368
[ Tue Aug 15 2017 16:14:59 GMT+0800 (CST) ] {"err":0,"msg":"JLfMgGn3roZpJK72Qkk3xE3AhZU2gy2T6b"}
[ Tue Aug 15 2017 16:14:59 GMT+0800 (CST) ] time is 369
[ Tue Aug 15 2017 16:14:59 GMT+0800 (CST) ] {"err":0,"msg":"JamXRSHd4RhV3A7wgJ64kfH8VKn6jW8Dzd"}
[ Tue Aug 15 2017 16:14:59 GMT+0800 (CST) ] time is 370
[ Tue Aug 15 2017 16:14:59 GMT+0800 (CST) ] {"err":0,"msg":"JZzCVZe8ppAheK883i5enrq8JVxDxidSqN"}
[ Tue Aug 15 2017 16:14:59 GMT+0800 (CST) ] time is 371
[ Tue Aug 15 2017 16:14:59 GMT+0800 (CST) ] {"err":0,"msg":"JXtpD9uXdN23JTfHV6tGTvEfKAthsN4GbA"}
[ Tue Aug 15 2017 16:14:59 GMT+0800 (CST) ] time is 372
[ Tue Aug 15 2017 16:14:59 GMT+0800 (CST) ] {"err":0,"msg":"Jby1362hB3Y17aEXBWyPzZwev91TfkRjLY"}
[ Tue Aug 15 2017 16:14:59 GMT+0800 (CST) ] time is 373
[ Tue Aug 15 2017 16:14:59 GMT+0800 (CST) ] {"err":0,"msg":"Jc4AVqQqL5SojeCoAGTKu1QdV3y3n1idGJ"}
[ Tue Aug 15 2017 16:14:59 GMT+0800 (CST) ] time is 374
[ Tue Aug 15 2017 16:14:59 GMT+0800 (CST) ] {"err":0,"msg":"JW6bDBxMko9aGbuiV6Ahaaj7aTosk84e79"}
[ Tue Aug 15 2017 16:14:59 GMT+0800 (CST) ] time is 375
[ Tue Aug 15 2017 16:14:59 GMT+0800 (CST) ] {"err":0,"msg":"JbYQLhFFmdpYNpkuE1zjePxhWahWajdMBR"}
[ Tue Aug 15 2017 16:14:59 GMT+0800 (CST) ] time is 376
[ Tue Aug 15 2017 16:14:59 GMT+0800 (CST) ] {"err":0,"msg":"JgcLUXQPC3rkmPd4hpKWkj6hC8P1ZBEVTH"}
[ Tue Aug 15 2017 16:14:59 GMT+0800 (CST) ] time is 377
[ Tue Aug 15 2017 16:14:59 GMT+0800 (CST) ] {"err":0,"msg":"JTUWHh2qncw4KFays4VA2a54ZegDFwxcJv"}
[ Tue Aug 15 2017 16:14:59 GMT+0800 (CST) ] time is 378
[ Tue Aug 15 2017 16:14:59 GMT+0800 (CST) ] {"err":0,"msg":"Jf7reTbQ55qYsGYtvCBpdgm5vHHZXmjNUn"}
[ Tue Aug 15 2017 16:14:59 GMT+0800 (CST) ] time is 379
[ Tue Aug 15 2017 16:14:59 GMT+0800 (CST) ] {"err":0,"msg":"JV7DS67bJXpUa6toujNLng2gj1u8pYSdgT"}
[ Tue Aug 15 2017 16:14:59 GMT+0800 (CST) ] time is 380
[ Tue Aug 15 2017 16:14:59 GMT+0800 (CST) ] {"err":0,"msg":"JX6dhxYPQLGzzv7qfgU6cm8nR96EC241Qp"}
[ Tue Aug 15 2017 16:14:59 GMT+0800 (CST) ] time is 381
[ Tue Aug 15 2017 16:14:59 GMT+0800 (CST) ] {"err":0,"msg":"JR229hpS9Vq9T9vwbNsFEK3wwUXhLiYoMR"}
[ Tue Aug 15 2017 16:14:59 GMT+0800 (CST) ] time is 382
[ Tue Aug 15 2017 16:14:59 GMT+0800 (CST) ] {"err":0,"msg":"JYm5dU33mEsgMWMFL1hpWF1ty4RBkds7DH"}
[ Tue Aug 15 2017 16:14:59 GMT+0800 (CST) ] time is 383
[ Tue Aug 15 2017 16:14:59 GMT+0800 (CST) ] {"err":0,"msg":"JbH52Q5kKD2X74YuVzNBiDW1b3rvKk1G1e"}
[ Tue Aug 15 2017 16:14:59 GMT+0800 (CST) ] time is 384
[ Tue Aug 15 2017 16:14:59 GMT+0800 (CST) ] {"err":0,"msg":"JL8L43eB88XiWRGrbfSfoe6JgRMz9v9WHg"}
[ Tue Aug 15 2017 16:14:59 GMT+0800 (CST) ] time is 385
[ Tue Aug 15 2017 16:14:59 GMT+0800 (CST) ] {"err":0,"msg":"JVrJLwh9DWW49NKEtZAgdpRR1mGXpD78qc"}
[ Tue Aug 15 2017 16:14:59 GMT+0800 (CST) ] time is 386
[ Tue Aug 15 2017 16:14:59 GMT+0800 (CST) ] {"err":0,"msg":"JQtb7zuba1mWHAHC476dcKRtqBrRVjxfaX"}
[ Tue Aug 15 2017 16:14:59 GMT+0800 (CST) ] {"err":0,"msg":"JTvk7V8k1ZfJZQLuBM1Gse4SymzGy6S1S9"}
[ Tue Aug 15 2017 16:14:59 GMT+0800 (CST) ] time is 387
[ Tue Aug 15 2017 16:14:59 GMT+0800 (CST) ] time is 388
[ Tue Aug 15 2017 16:14:59 GMT+0800 (CST) ] {"err":0,"msg":"JQw7gcWdkp5Nd5HhssLfQhP5Wj1ApZZ6Td"}
[ Tue Aug 15 2017 16:14:59 GMT+0800 (CST) ] time is 389
[ Tue Aug 15 2017 16:14:59 GMT+0800 (CST) ] {"err":0,"msg":"JMbYaTmpw9toywEsaVKWtVWfTx5B6uxC1h"}
[ Tue Aug 15 2017 16:14:59 GMT+0800 (CST) ] time is 390
[ Tue Aug 15 2017 16:14:59 GMT+0800 (CST) ] {"err":0,"msg":"JS3FtoxfVsyqzA95m3aoPQtsYn2aUhbbbG"}
[ Tue Aug 15 2017 16:14:59 GMT+0800 (CST) ] time is 391
[ Tue Aug 15 2017 16:14:59 GMT+0800 (CST) ] {"err":0,"msg":"JV5WUK1gT5oS2LZbYhLYaJBvLuhc3Z2Ves"}
[ Tue Aug 15 2017 16:14:59 GMT+0800 (CST) ] time is 392
[ Tue Aug 15 2017 16:14:59 GMT+0800 (CST) ] {"err":0,"msg":"Jcowxk8hzZcN19g7rU9EFtFzP83Y6XhRXb"}
[ Tue Aug 15 2017 16:14:59 GMT+0800 (CST) ] time is 393
[ Tue Aug 15 2017 16:14:59 GMT+0800 (CST) ] {"err":0,"msg":"JUGF5536z5FeXF7WDzDwZ6MDZzjBBXkq1U"}
[ Tue Aug 15 2017 16:14:59 GMT+0800 (CST) ] time is 394
[ Tue Aug 15 2017 16:14:59 GMT+0800 (CST) ] {"err":0,"msg":"Jg5fnGdLK24KScnCJdtMsUxgESKV3sJnrw"}
[ Tue Aug 15 2017 16:14:59 GMT+0800 (CST) ] time is 395
[ Tue Aug 15 2017 16:14:59 GMT+0800 (CST) ] {"err":0,"msg":"JgMt8Qaa2MJ38GyeGWwr7WeGBcCVGsAa9g"}
[ Tue Aug 15 2017 16:14:59 GMT+0800 (CST) ] time is 396
[ Tue Aug 15 2017 16:14:59 GMT+0800 (CST) ] {"err":0,"msg":"JKz5jGQaYHyuU5ezjQ4w8EMFYKpyyqcgmE"}
[ Tue Aug 15 2017 16:14:59 GMT+0800 (CST) ] time is 397
[ Tue Aug 15 2017 16:14:59 GMT+0800 (CST) ] {"err":0,"msg":"Ja9JHU6TWxnFXBiDhHnCC7YndZ8XrnFhE3"}
[ Tue Aug 15 2017 16:14:59 GMT+0800 (CST) ] time is 398
[ Tue Aug 15 2017 16:14:59 GMT+0800 (CST) ] {"err":0,"msg":"JgjrxejbPDjVphtfzJfo3zUvRf9HfAroNG"}
[ Tue Aug 15 2017 16:14:59 GMT+0800 (CST) ] time is 399
[ Tue Aug 15 2017 16:14:59 GMT+0800 (CST) ] {"err":0,"msg":"JLH5P17LqpGoLoWKt5gxjNT9xmLuGVXj4N"}
[ Tue Aug 15 2017 16:15:00 GMT+0800 (CST) ] time is 400
[ Tue Aug 15 2017 16:15:00 GMT+0800 (CST) ] {"err":0,"msg":"JhPWViNFPGSZ3bkqSA6JARLoLVeqhZ9d8T"}
[ Tue Aug 15 2017 16:15:00 GMT+0800 (CST) ] time is 401
[ Tue Aug 15 2017 16:15:00 GMT+0800 (CST) ] {"err":0,"msg":"JRTqRWTH7qcL9HBiEq2yywhHZgumPMztG1"}
[ Tue Aug 15 2017 16:15:00 GMT+0800 (CST) ] time is 402
[ Tue Aug 15 2017 16:15:00 GMT+0800 (CST) ] {"err":0,"msg":"JKk653rprAYqFuDpu5BCPuTYZ6MxPT8vNt"}
[ Tue Aug 15 2017 16:15:00 GMT+0800 (CST) ] time is 403
[ Tue Aug 15 2017 16:15:00 GMT+0800 (CST) ] {"err":0,"msg":"JVKdojsAggw61bdkdA3m8CpsAGPbKgJmnf"}
[ Tue Aug 15 2017 16:15:00 GMT+0800 (CST) ] time is 404
[ Tue Aug 15 2017 16:15:00 GMT+0800 (CST) ] {"err":0,"msg":"JMMKQbTD4GdBjyKFfHFAVCGUXHaU6rCsjT"}
[ Tue Aug 15 2017 16:15:00 GMT+0800 (CST) ] time is 405
[ Tue Aug 15 2017 16:15:00 GMT+0800 (CST) ] {"err":0,"msg":"JgyEzy7t6FZ4uhL6Cx6jo5VZ4aszop5B4P"}
[ Tue Aug 15 2017 16:15:00 GMT+0800 (CST) ] time is 406
[ Tue Aug 15 2017 16:15:00 GMT+0800 (CST) ] {"err":0,"msg":"JYoXi5y5J84VLG8Qunjs8wEZR6E9c6jwVD"}
[ Tue Aug 15 2017 16:15:00 GMT+0800 (CST) ] time is 407
[ Tue Aug 15 2017 16:15:00 GMT+0800 (CST) ] {"err":0,"msg":"JZZm2GEPmGvV6NL5UXJ3yyW89TqsJU3S8A"}
[ Tue Aug 15 2017 16:15:00 GMT+0800 (CST) ] time is 408
[ Tue Aug 15 2017 16:15:00 GMT+0800 (CST) ] {"err":0,"msg":"JJw9jynpzNydeQFq4LTUQzcnVKKgs6FDCe"}
[ Tue Aug 15 2017 16:15:00 GMT+0800 (CST) ] {"err":0,"msg":"JLWoag9jmjm8AFL5NqKQdCJ14GTv6421Fx"}
[ Tue Aug 15 2017 16:15:00 GMT+0800 (CST) ] time is 409
[ Tue Aug 15 2017 16:15:00 GMT+0800 (CST) ] time is 410
[ Tue Aug 15 2017 16:15:00 GMT+0800 (CST) ] {"err":0,"msg":"JXxgUMRGGkfmgFZ2qan53VVBC5ZrpepP1i"}
[ Tue Aug 15 2017 16:15:00 GMT+0800 (CST) ] time is 411
[ Tue Aug 15 2017 16:15:00 GMT+0800 (CST) ] {"err":0,"msg":"JT6466wVSt3jv8rytEgSobPkq3QnwEWCx7"}
[ Tue Aug 15 2017 16:15:00 GMT+0800 (CST) ] time is 412
[ Tue Aug 15 2017 16:15:00 GMT+0800 (CST) ] {"err":0,"msg":"JReskGUnxXaYobtXneULSCqUpfGbotfHmR"}
[ Tue Aug 15 2017 16:15:00 GMT+0800 (CST) ] time is 413
[ Tue Aug 15 2017 16:15:00 GMT+0800 (CST) ] {"err":0,"msg":"JJvHGakbFZzUmaXzS8EEiNSaynJf5Cv11E"}
[ Tue Aug 15 2017 16:15:00 GMT+0800 (CST) ] time is 414
[ Tue Aug 15 2017 16:15:00 GMT+0800 (CST) ] {"err":0,"msg":"JX9y4Rkes8vqogWaTmnWiRGoqYKEcoxVZY"}
[ Tue Aug 15 2017 16:15:00 GMT+0800 (CST) ] time is 415
[ Tue Aug 15 2017 16:15:00 GMT+0800 (CST) ] {"err":0,"msg":"JWD7bTN8KzacT65RZ92RU6tn4qEj3rssDL"}
[ Tue Aug 15 2017 16:15:00 GMT+0800 (CST) ] time is 416
[ Tue Aug 15 2017 16:15:00 GMT+0800 (CST) ] {"err":0,"msg":"JZXTruXtPjvcfpCsCwhJyNwmgtXhKxqoeQ"}
[ Tue Aug 15 2017 16:15:00 GMT+0800 (CST) ] time is 417
[ Tue Aug 15 2017 16:15:00 GMT+0800 (CST) ] {"err":0,"msg":"Jh9A9qe7GyuLuDW5sP8QWDVGL91oFh7f63"}
[ Tue Aug 15 2017 16:15:00 GMT+0800 (CST) ] time is 418
[ Tue Aug 15 2017 16:15:00 GMT+0800 (CST) ] {"err":0,"msg":"Jd9Y4knUYgr1HwFbJ5dFcx4kwHYSL68Zqy"}
[ Tue Aug 15 2017 16:15:00 GMT+0800 (CST) ] time is 419
[ Tue Aug 15 2017 16:15:00 GMT+0800 (CST) ] {"err":0,"msg":"JPbJyXooeBNACjgXEtj1FNRrfLVbqNVq5r"}
[ Tue Aug 15 2017 16:15:00 GMT+0800 (CST) ] time is 420
[ Tue Aug 15 2017 16:15:00 GMT+0800 (CST) ] {"err":0,"msg":"JQrrDzXnnowWVhXU2wtGvq9NXea7MjJKhw"}
[ Tue Aug 15 2017 16:15:00 GMT+0800 (CST) ] time is 421
[ Tue Aug 15 2017 16:15:00 GMT+0800 (CST) ] {"err":0,"msg":"JTmQJX7PxZvbdVXpUFoj2wWZDvJSzZGPN5"}
[ Tue Aug 15 2017 16:15:00 GMT+0800 (CST) ] time is 422
[ Tue Aug 15 2017 16:15:00 GMT+0800 (CST) ] {"err":0,"msg":"JSP1Hsk3TAQdkZjRosSsYkzmSUkr55S42Q"}
[ Tue Aug 15 2017 16:15:00 GMT+0800 (CST) ] time is 423
[ Tue Aug 15 2017 16:15:00 GMT+0800 (CST) ] {"err":0,"msg":"JhfFqd3YVZ9NbhmnR8oWEBnTUctKxcoM2i"}
[ Tue Aug 15 2017 16:15:00 GMT+0800 (CST) ] time is 424
[ Tue Aug 15 2017 16:15:00 GMT+0800 (CST) ] {"err":0,"msg":"JegLZCK3s9EnXMzLb1eY84aoryaqQRm6Aw"}
[ Tue Aug 15 2017 16:15:00 GMT+0800 (CST) ] time is 425
[ Tue Aug 15 2017 16:15:00 GMT+0800 (CST) ] {"err":0,"msg":"JbpRgRWjkhVhSS5SX4mhW2xJBwsWQWhf25"}
[ Tue Aug 15 2017 16:15:00 GMT+0800 (CST) ] time is 426
[ Tue Aug 15 2017 16:15:00 GMT+0800 (CST) ] {"err":0,"msg":"JTBtV7b5f12bDjqLSkC1kYBcJPrZ8vYajf"}
[ Tue Aug 15 2017 16:15:00 GMT+0800 (CST) ] time is 427
[ Tue Aug 15 2017 16:15:00 GMT+0800 (CST) ] {"err":0,"msg":"JRxTxMxnQzKXthoC4i7pYUxB1Gsn8Gpx6z"}
[ Tue Aug 15 2017 16:15:00 GMT+0800 (CST) ] time is 428
[ Tue Aug 15 2017 16:15:00 GMT+0800 (CST) ] {"err":0,"msg":"JLZEJfYTJZUd8pgyXiEFUJ9sUFbuY4LcUb"}
[ Tue Aug 15 2017 16:15:00 GMT+0800 (CST) ] time is 429
[ Tue Aug 15 2017 16:15:00 GMT+0800 (CST) ] {"err":0,"msg":"JW6i8TBqjURWkJ5YxAWy4Ss4BTMJh46poR"}
[ Tue Aug 15 2017 16:15:00 GMT+0800 (CST) ] time is 430
[ Tue Aug 15 2017 16:15:00 GMT+0800 (CST) ] {"err":0,"msg":"JcZGkyoa5nMnVu5LLcGtMCCLi19mc8tikA"}
[ Tue Aug 15 2017 16:15:00 GMT+0800 (CST) ] time is 431
[ Tue Aug 15 2017 16:15:00 GMT+0800 (CST) ] {"err":0,"msg":"JUdPsPBCgMNjRSP2xwqGuSHvBnjZ23fHv6"}
[ Tue Aug 15 2017 16:15:00 GMT+0800 (CST) ] {"err":0,"msg":"Jd2nCYh4rWVnHDE58df2dscFQwK141T3fo"}
[ Tue Aug 15 2017 16:15:00 GMT+0800 (CST) ] time is 432
[ Tue Aug 15 2017 16:15:00 GMT+0800 (CST) ] time is 433
[ Tue Aug 15 2017 16:15:00 GMT+0800 (CST) ] {"err":0,"msg":"JY1v6gSHSLKCHiMFAm62MzyRvEQqLFocvu"}
[ Tue Aug 15 2017 16:15:00 GMT+0800 (CST) ] time is 434
[ Tue Aug 15 2017 16:15:00 GMT+0800 (CST) ] {"err":0,"msg":"JbwZ1bCdCcbP2u6G7MBkh5U3n852KwWy7k"}
[ Tue Aug 15 2017 16:15:00 GMT+0800 (CST) ] time is 435
[ Tue Aug 15 2017 16:15:00 GMT+0800 (CST) ] {"err":0,"msg":"JQ7oC96ViDoQbSWx2DuHHxoSQf3gbsPrVj"}
[ Tue Aug 15 2017 16:15:00 GMT+0800 (CST) ] time is 436
[ Tue Aug 15 2017 16:15:00 GMT+0800 (CST) ] {"err":0,"msg":"JadezETnwRRBper6m6GMSZ7ad4oAhiCvD8"}
[ Tue Aug 15 2017 16:15:00 GMT+0800 (CST) ] time is 437
[ Tue Aug 15 2017 16:15:00 GMT+0800 (CST) ] {"err":0,"msg":"Jcjjdea1WU9HSnnAUmHbkbfQFmWCuNP48B"}
[ Tue Aug 15 2017 16:15:00 GMT+0800 (CST) ] time is 438
[ Tue Aug 15 2017 16:15:00 GMT+0800 (CST) ] {"err":0,"msg":"JPo9jB3UGyckpDcDbDoLks3Edky5Vwk3HU"}
[ Tue Aug 15 2017 16:15:00 GMT+0800 (CST) ] time is 439
[ Tue Aug 15 2017 16:15:00 GMT+0800 (CST) ] {"err":0,"msg":"JVYCHGeYMraYU4Wa98kam8Lmb7FMrZpNze"}
[ Tue Aug 15 2017 16:15:00 GMT+0800 (CST) ] time is 440
[ Tue Aug 15 2017 16:15:00 GMT+0800 (CST) ] {"err":0,"msg":"JKW8i9ZHnzJAWzUkKJYATfLBe1p2fqFVD3"}
[ Tue Aug 15 2017 16:15:01 GMT+0800 (CST) ] time is 441
[ Tue Aug 15 2017 16:15:01 GMT+0800 (CST) ] {"err":0,"msg":"JXaoYXJX7PyHqjm9HPb7tFnxxkWT9FQHgD"}
[ Tue Aug 15 2017 16:15:01 GMT+0800 (CST) ] time is 442
[ Tue Aug 15 2017 16:15:01 GMT+0800 (CST) ] {"err":0,"msg":"JfkDRJJhv2xgUsXdSQQdr7AVWkXkE6a6p9"}
[ Tue Aug 15 2017 16:15:01 GMT+0800 (CST) ] time is 443
[ Tue Aug 15 2017 16:15:01 GMT+0800 (CST) ] {"err":0,"msg":"JfsuU6FQUZ4xUgnXN7QDFA6YFxvbSXrZMh"}
[ Tue Aug 15 2017 16:15:01 GMT+0800 (CST) ] time is 444
[ Tue Aug 15 2017 16:15:01 GMT+0800 (CST) ] {"err":0,"msg":"JJqo1r3pXhoHJ6UDHhUMxWTJp3cQWTuneG"}
[ Tue Aug 15 2017 16:15:01 GMT+0800 (CST) ] time is 445
[ Tue Aug 15 2017 16:15:01 GMT+0800 (CST) ] {"err":0,"msg":"JMAmC1yTEq5CmAjjZURQFHUDbHubqudKj8"}
[ Tue Aug 15 2017 16:15:01 GMT+0800 (CST) ] time is 446
[ Tue Aug 15 2017 16:15:01 GMT+0800 (CST) ] {"err":0,"msg":"JTLCDMHq819kzGzT58EMMjPfA1fTLJkjGK"}
[ Tue Aug 15 2017 16:15:01 GMT+0800 (CST) ] time is 447
[ Tue Aug 15 2017 16:15:01 GMT+0800 (CST) ] {"err":0,"msg":"JNoxGY5MDEfuQ21zi9vxakR1ajKDV78Cey"}
[ Tue Aug 15 2017 16:15:01 GMT+0800 (CST) ] time is 448
[ Tue Aug 15 2017 16:15:01 GMT+0800 (CST) ] {"err":0,"msg":"JK5kNDTc5k9BkcFsYY2rhs6o9pvcF6QMj7"}
[ Tue Aug 15 2017 16:15:01 GMT+0800 (CST) ] time is 449
[ Tue Aug 15 2017 16:15:01 GMT+0800 (CST) ] {"err":0,"msg":"JT5CDcyuTuLQRfa49bg4A9zemoQmnHPw4C"}
[ Tue Aug 15 2017 16:15:01 GMT+0800 (CST) ] time is 450
[ Tue Aug 15 2017 16:15:01 GMT+0800 (CST) ] {"err":0,"msg":"Jf8diMPrmwkCjCtxSGfeRfzZnz35WUrBpq"}
[ Tue Aug 15 2017 16:15:01 GMT+0800 (CST) ] time is 451
[ Tue Aug 15 2017 16:15:01 GMT+0800 (CST) ] {"err":0,"msg":"JSabmkmdgttrZwqUbkAxKr1LUfmZc6ie9T"}
[ Tue Aug 15 2017 16:15:01 GMT+0800 (CST) ] time is 452
[ Tue Aug 15 2017 16:15:01 GMT+0800 (CST) ] {"err":0,"msg":"JLq33Di35MMRrsVnos2uJwPxCcL5rGg7bm"}
[ Tue Aug 15 2017 16:15:01 GMT+0800 (CST) ] time is 453
[ Tue Aug 15 2017 16:15:01 GMT+0800 (CST) ] {"err":0,"msg":"JaS1EnfznzkYrXN8BUPfnWoaH43uXB58Xo"}
[ Tue Aug 15 2017 16:15:01 GMT+0800 (CST) ] time is 454
[ Tue Aug 15 2017 16:15:01 GMT+0800 (CST) ] {"err":0,"msg":"JhGCQ45d1w6JF6QE2YE3TZuftV2LLxTbgx"}
[ Tue Aug 15 2017 16:15:01 GMT+0800 (CST) ] time is 455
[ Tue Aug 15 2017 16:15:01 GMT+0800 (CST) ] {"err":0,"msg":"JVrFUyP8TFwDYS6H9YFurLG7K6C4EEqmrz"}
[ Tue Aug 15 2017 16:15:01 GMT+0800 (CST) ] time is 456
[ Tue Aug 15 2017 16:15:01 GMT+0800 (CST) ] {"err":0,"msg":"JYfc1ZkRJuiqPzDnP6GtmTBvtJUDqjmbNc"}
[ Tue Aug 15 2017 16:15:01 GMT+0800 (CST) ] time is 457
[ Tue Aug 15 2017 16:15:01 GMT+0800 (CST) ] {"err":0,"msg":"JgunYUjaonZFaHgzAB6oQVcyimWbqbKZNH"}
[ Tue Aug 15 2017 16:15:01 GMT+0800 (CST) ] time is 458
[ Tue Aug 15 2017 16:15:01 GMT+0800 (CST) ] {"err":0,"msg":"JSXya445gborBehGodoauZ9kJGDtbBShTo"}
[ Tue Aug 15 2017 16:15:01 GMT+0800 (CST) ] time is 459
[ Tue Aug 15 2017 16:15:01 GMT+0800 (CST) ] {"err":0,"msg":"JRS2kwBBx7MJG1M2hbYZtYzR7fyxfeqqud"}
[ Tue Aug 15 2017 16:15:01 GMT+0800 (CST) ] time is 460
[ Tue Aug 15 2017 16:15:01 GMT+0800 (CST) ] {"err":0,"msg":"JRrJTYUgeFWUwzowfWBgxDHq6RyydwYcSc"}
[ Tue Aug 15 2017 16:15:01 GMT+0800 (CST) ] time is 461
[ Tue Aug 15 2017 16:15:01 GMT+0800 (CST) ] {"err":0,"msg":"JWvJeHPhoV9qq47fXPPf6Tbj8JJNHiB18b"}
[ Tue Aug 15 2017 16:15:01 GMT+0800 (CST) ] time is 462
[ Tue Aug 15 2017 16:15:01 GMT+0800 (CST) ] {"err":0,"msg":"JZ9xteu2tQD3Ja1iiUT4kW1cmhDTpGxhY1"}
[ Tue Aug 15 2017 16:15:01 GMT+0800 (CST) ] time is 463
[ Tue Aug 15 2017 16:15:01 GMT+0800 (CST) ] {"err":0,"msg":"Jfyg4uCZoni2PqqZL1Hx47FEww8rKMkLtb"}
[ Tue Aug 15 2017 16:15:01 GMT+0800 (CST) ] time is 464
[ Tue Aug 15 2017 16:15:01 GMT+0800 (CST) ] {"err":0,"msg":"JeQZN2kcTYUXKciRm9A9ZfRirXwqNprQap"}
[ Tue Aug 15 2017 16:15:01 GMT+0800 (CST) ] time is 465
[ Tue Aug 15 2017 16:15:01 GMT+0800 (CST) ] {"err":0,"msg":"JfUGTWoBfT3PfYNfJr6aKD27zD75VWHGbb"}
[ Tue Aug 15 2017 16:15:01 GMT+0800 (CST) ] time is 466
[ Tue Aug 15 2017 16:15:01 GMT+0800 (CST) ] {"err":0,"msg":"JfSEvNBo1UYXE3CCDFMVUgh5dQGKK4bVMC"}
[ Tue Aug 15 2017 16:15:01 GMT+0800 (CST) ] time is 467
[ Tue Aug 15 2017 16:15:01 GMT+0800 (CST) ] {"err":0,"msg":"JMuSn3c4SQ4rtGtuxCQpwUjt4B2MuXZUCx"}
[ Tue Aug 15 2017 16:15:01 GMT+0800 (CST) ] {"err":0,"msg":"JZ8fwox7h6YECZHCAHHSw7eGpTXyCvN7uc"}
[ Tue Aug 15 2017 16:15:01 GMT+0800 (CST) ] time is 468
[ Tue Aug 15 2017 16:15:01 GMT+0800 (CST) ] time is 469
[ Tue Aug 15 2017 16:15:01 GMT+0800 (CST) ] {"err":0,"msg":"JdzbQgvoZGqjk9iSVHKhMWpFUSMPAr5xJ3"}
[ Tue Aug 15 2017 16:15:01 GMT+0800 (CST) ] time is 470
[ Tue Aug 15 2017 16:15:01 GMT+0800 (CST) ] {"err":0,"msg":"JWK1AAigMfqsXJbE4RFHcPDLAg9Coi1UJ7"}
[ Tue Aug 15 2017 16:15:01 GMT+0800 (CST) ] time is 471
[ Tue Aug 15 2017 16:15:01 GMT+0800 (CST) ] {"err":0,"msg":"JZtfnT7iwYuXjCQZ7tZENo58qYRuGGsouw"}
[ Tue Aug 15 2017 16:15:01 GMT+0800 (CST) ] time is 472
[ Tue Aug 15 2017 16:15:01 GMT+0800 (CST) ] {"err":0,"msg":"JMHvgWSJk2hX9MGeY4QeNkNF2W37WE1Nu9"}
[ Tue Aug 15 2017 16:15:01 GMT+0800 (CST) ] time is 473
[ Tue Aug 15 2017 16:15:01 GMT+0800 (CST) ] {"err":0,"msg":"JdorejmU2iEtmCdNTYdfsLYjEaDPyH64n3"}
[ Tue Aug 15 2017 16:15:01 GMT+0800 (CST) ] time is 474
[ Tue Aug 15 2017 16:15:01 GMT+0800 (CST) ] {"err":0,"msg":"JYGYU3rKmyCiyESb8b7EzLLXR4yP5Fdr4n"}
[ Tue Aug 15 2017 16:15:01 GMT+0800 (CST) ] time is 475
[ Tue Aug 15 2017 16:15:01 GMT+0800 (CST) ] {"err":0,"msg":"JLdvSRaL973kf5Yvhk3b57jAgKTE1ViTCj"}
[ Tue Aug 15 2017 16:15:01 GMT+0800 (CST) ] time is 476
[ Tue Aug 15 2017 16:15:01 GMT+0800 (CST) ] {"err":0,"msg":"JZ1Bs7UmgLH25ZfFoUU6pj9zshUkksAfyW"}
[ Tue Aug 15 2017 16:15:01 GMT+0800 (CST) ] time is 477
[ Tue Aug 15 2017 16:15:01 GMT+0800 (CST) ] {"err":0,"msg":"JLeqNL83nDmQxHmtK79mdEQfqQxW6qhyUy"}
[ Tue Aug 15 2017 16:15:01 GMT+0800 (CST) ] time is 478
[ Tue Aug 15 2017 16:15:01 GMT+0800 (CST) ] {"err":0,"msg":"JdxVt3mxAtL4t1wL6hB3mk9orme8rEjT6y"}
[ Tue Aug 15 2017 16:15:02 GMT+0800 (CST) ] time is 479
[ Tue Aug 15 2017 16:15:02 GMT+0800 (CST) ] {"err":0,"msg":"JYCmdei39PybsDY41N57xmCTxKcc8jYSBn"}
[ Tue Aug 15 2017 16:15:02 GMT+0800 (CST) ] time is 480
[ Tue Aug 15 2017 16:15:02 GMT+0800 (CST) ] {"err":0,"msg":"JPRrkp1VV66cQu7fRDP6zPvYben3QJmihx"}
[ Tue Aug 15 2017 16:15:02 GMT+0800 (CST) ] time is 481
[ Tue Aug 15 2017 16:15:02 GMT+0800 (CST) ] {"err":0,"msg":"JfSRLNsxF3fVN1d155wtmj97TeNzipYJk8"}
[ Tue Aug 15 2017 16:15:02 GMT+0800 (CST) ] time is 482
[ Tue Aug 15 2017 16:15:02 GMT+0800 (CST) ] {"err":0,"msg":"JV8yt7bRKmdKGTbmFp8P5rX5E15gFjhvRi"}
[ Tue Aug 15 2017 16:15:02 GMT+0800 (CST) ] time is 483
[ Tue Aug 15 2017 16:15:02 GMT+0800 (CST) ] {"err":0,"msg":"JP5bhekFVEZ1TRszY63ch3quEASBGhKzrN"}
[ Tue Aug 15 2017 16:15:02 GMT+0800 (CST) ] time is 484
[ Tue Aug 15 2017 16:15:02 GMT+0800 (CST) ] {"err":0,"msg":"JRp6iUQnviTYDQLdwMojDPxxWnC86mdRSj"}
[ Tue Aug 15 2017 16:15:02 GMT+0800 (CST) ] time is 485
[ Tue Aug 15 2017 16:15:02 GMT+0800 (CST) ] {"err":0,"msg":"JQ7bt6ZT23nKYvYJgkgP8EYQDcSUhR1cBH"}
[ Tue Aug 15 2017 16:15:02 GMT+0800 (CST) ] time is 486
[ Tue Aug 15 2017 16:15:02 GMT+0800 (CST) ] {"err":0,"msg":"JanQxQLvYx4bR6wyoiT1qmtPMRW7DRSncE"}
[ Tue Aug 15 2017 16:15:02 GMT+0800 (CST) ] time is 487
[ Tue Aug 15 2017 16:15:02 GMT+0800 (CST) ] {"err":0,"msg":"JcRf21dTs6PAsd1d1e4Gtjamvu7xbVrnLV"}
[ Tue Aug 15 2017 16:15:02 GMT+0800 (CST) ] time is 488
[ Tue Aug 15 2017 16:15:02 GMT+0800 (CST) ] {"err":0,"msg":"JXP2FXSUAxnSYCQGn832ZT1CxNqoSPZjeM"}
[ Tue Aug 15 2017 16:15:02 GMT+0800 (CST) ] time is 489
[ Tue Aug 15 2017 16:15:02 GMT+0800 (CST) ] {"err":0,"msg":"JQR9CJASp4wUyPGXpuK59D98m6UmmcNh8N"}
[ Tue Aug 15 2017 16:15:02 GMT+0800 (CST) ] time is 490
[ Tue Aug 15 2017 16:15:02 GMT+0800 (CST) ] {"err":0,"msg":"JhiffsQXDV4Awb2f8EBJNDmAt484xK1K22"}
[ Tue Aug 15 2017 16:15:02 GMT+0800 (CST) ] time is 491
[ Tue Aug 15 2017 16:15:02 GMT+0800 (CST) ] {"err":0,"msg":"JU8duhdFER1kbFzevjVR5TaiNkTUhgdDiC"}
[ Tue Aug 15 2017 16:15:02 GMT+0800 (CST) ] time is 492
[ Tue Aug 15 2017 16:15:02 GMT+0800 (CST) ] {"err":0,"msg":"JZWCUKDWaCapEqFCUnpH5gtU6p2URXj1Me"}
[ Tue Aug 15 2017 16:15:02 GMT+0800 (CST) ] time is 493
[ Tue Aug 15 2017 16:15:02 GMT+0800 (CST) ] {"err":0,"msg":"Ja8CpHw2fMpbPeub6fJJtSjCyPj6mT9yub"}
[ Tue Aug 15 2017 16:15:02 GMT+0800 (CST) ] time is 494
[ Tue Aug 15 2017 16:15:02 GMT+0800 (CST) ] {"err":0,"msg":"JWfTwVM1A8FiLzoyoXpJzT2SdLuya3knmn"}
[ Tue Aug 15 2017 16:15:02 GMT+0800 (CST) ] time is 495
[ Tue Aug 15 2017 16:15:02 GMT+0800 (CST) ] {"err":0,"msg":"Jdz6FVbuhCbaJ5yr1vJvNpTDV8oZ9Fz9PH"}
[ Tue Aug 15 2017 16:15:02 GMT+0800 (CST) ] time is 496
[ Tue Aug 15 2017 16:15:02 GMT+0800 (CST) ] {"err":0,"msg":"JXtUoRyppfCyevoQthC9q5VmA4woVeXTQU"}
[ Tue Aug 15 2017 16:15:02 GMT+0800 (CST) ] time is 497
[ Tue Aug 15 2017 16:15:02 GMT+0800 (CST) ] {"err":0,"msg":"JKmSErfpjJM5TmfHM4ZLsg14sJy6RnV5VC"}
[ Tue Aug 15 2017 16:15:02 GMT+0800 (CST) ] time is 498
[ Tue Aug 15 2017 16:15:02 GMT+0800 (CST) ] {"err":0,"msg":"JeX9R2JCmfYb5B7NNT5TqJG8Hz84CouiWU"}
[ Tue Aug 15 2017 16:15:02 GMT+0800 (CST) ] time is 499
[ Tue Aug 15 2017 16:15:02 GMT+0800 (CST) ] {"err":0,"msg":"JdUNWoLyXr8qtJTW4yBb8yaFuZbYS7eDi2"}
[ Tue Aug 15 2017 16:15:02 GMT+0800 (CST) ] time is 500
[ Tue Aug 15 2017 16:15:02 GMT+0800 (CST) ] {"err":0,"msg":"JZzaDn8Q6XS8qX9NshGJBNfedwefKNzZ2y"}
[ Tue Aug 15 2017 16:15:02 GMT+0800 (CST) ] time is 501
[ Tue Aug 15 2017 16:15:02 GMT+0800 (CST) ] {"err":0,"msg":"JUf9hfLQ2eAbs3QKbSD2HAn8bHh4kCRZG2"}
[ Tue Aug 15 2017 16:15:02 GMT+0800 (CST) ] time is 502
[ Tue Aug 15 2017 16:15:02 GMT+0800 (CST) ] {"err":0,"msg":"JgsT19tQNfgEQxQaU1v6Kebz7c6WzHurqx"}
[ Tue Aug 15 2017 16:15:02 GMT+0800 (CST) ] time is 503
[ Tue Aug 15 2017 16:15:02 GMT+0800 (CST) ] {"err":0,"msg":"Jcoiajk9ti84ndMQiYjp5y5jws4pDSKoVu"}
[ Tue Aug 15 2017 16:15:02 GMT+0800 (CST) ] time is 504
[ Tue Aug 15 2017 16:15:02 GMT+0800 (CST) ] {"err":0,"msg":"JSr6ze8XTQKKNMXTqKSgpi11Pee7T9VT4A"}
[ Tue Aug 15 2017 16:15:02 GMT+0800 (CST) ] time is 505
[ Tue Aug 15 2017 16:15:02 GMT+0800 (CST) ] {"err":0,"msg":"JeYyZAMEDpUr41h7tWVwANZroAvZ76CJ6d"}
[ Tue Aug 15 2017 16:15:02 GMT+0800 (CST) ] time is 506
[ Tue Aug 15 2017 16:15:02 GMT+0800 (CST) ] {"err":0,"msg":"JdbuANXKzDXzZKcb9Fa5SefATnaEC1m4Dv"}
[ Tue Aug 15 2017 16:15:02 GMT+0800 (CST) ] time is 507
[ Tue Aug 15 2017 16:15:02 GMT+0800 (CST) ] {"err":0,"msg":"JQbf7M1nuw9SZi4Judrwp3oBUVWBeAayke"}
[ Tue Aug 15 2017 16:15:02 GMT+0800 (CST) ] time is 508
[ Tue Aug 15 2017 16:15:02 GMT+0800 (CST) ] {"err":0,"msg":"JhVe5VAKgPB2QHgXdxaCRcjUcajYU4DZEa"}
[ Tue Aug 15 2017 16:15:02 GMT+0800 (CST) ] time is 509
[ Tue Aug 15 2017 16:15:02 GMT+0800 (CST) ] {"err":0,"msg":"JMtG7EDTXTziiSvVQ9aVYV9Q6UWVEzKFuh"}
[ Tue Aug 15 2017 16:15:02 GMT+0800 (CST) ] time is 510
[ Tue Aug 15 2017 16:15:02 GMT+0800 (CST) ] {"err":0,"msg":"JTcKN2vhy2USmgfxSH1DSmEg8XpSfWebxC"}
[ Tue Aug 15 2017 16:15:02 GMT+0800 (CST) ] time is 511
[ Tue Aug 15 2017 16:15:02 GMT+0800 (CST) ] {"err":0,"msg":"JKGm7WoAgjB3mXhzDoFz7RSHmwbpstn1Y4"}
[ Tue Aug 15 2017 16:15:02 GMT+0800 (CST) ] time is 512
[ Tue Aug 15 2017 16:15:02 GMT+0800 (CST) ] {"err":0,"msg":"JcZixxy8RsVBBdcGFiPN5gNwyem8CvXwm9"}
[ Tue Aug 15 2017 16:15:02 GMT+0800 (CST) ] time is 513
[ Tue Aug 15 2017 16:15:02 GMT+0800 (CST) ] {"err":0,"msg":"JeBfBJMr57euJYsj8CXZ7v58FRYAfALYUh"}
[ Tue Aug 15 2017 16:15:02 GMT+0800 (CST) ] time is 514
[ Tue Aug 15 2017 16:15:02 GMT+0800 (CST) ] {"err":0,"msg":"JgDqokBunbWP77EEEeo7BxmJ44ZJ5LVNcY"}
[ Tue Aug 15 2017 16:15:02 GMT+0800 (CST) ] time is 515
[ Tue Aug 15 2017 16:15:02 GMT+0800 (CST) ] {"err":0,"msg":"Jc4Xrvbr5gnEhn8HQYQKGMmZ1CCTeJPPYT"}
[ Tue Aug 15 2017 16:15:02 GMT+0800 (CST) ] time is 516
[ Tue Aug 15 2017 16:15:02 GMT+0800 (CST) ] {"err":0,"msg":"JV64inxtM94CB5wruUUSvXVjK2urFsoc14"}
[ Tue Aug 15 2017 16:15:02 GMT+0800 (CST) ] time is 517
[ Tue Aug 15 2017 16:15:02 GMT+0800 (CST) ] {"err":0,"msg":"JfSVPZPY52AmAjLX5QRLiANqT8GtPEPipT"}
[ Tue Aug 15 2017 16:15:02 GMT+0800 (CST) ] time is 518
[ Tue Aug 15 2017 16:15:02 GMT+0800 (CST) ] {"err":0,"msg":"JRw39BUsQerKLbXcp26xSDTDRJ77EWsEbW"}
[ Tue Aug 15 2017 16:15:02 GMT+0800 (CST) ] time is 519
[ Tue Aug 15 2017 16:15:02 GMT+0800 (CST) ] {"err":0,"msg":"JcU7i7KQ8Pezw2ZcXzCsZJDjmiNnffGk52"}
[ Tue Aug 15 2017 16:15:03 GMT+0800 (CST) ] time is 520
[ Tue Aug 15 2017 16:15:03 GMT+0800 (CST) ] {"err":0,"msg":"JTW8KpsZWuoT4524EkVJpLuVVdwBKAdL7P"}
[ Tue Aug 15 2017 16:15:03 GMT+0800 (CST) ] time is 521
[ Tue Aug 15 2017 16:15:03 GMT+0800 (CST) ] {"err":0,"msg":"JNyuMnWTzpGLvVyPMZb7va5cz1hdrjKzn8"}
[ Tue Aug 15 2017 16:15:03 GMT+0800 (CST) ] time is 522
[ Tue Aug 15 2017 16:15:03 GMT+0800 (CST) ] {"err":0,"msg":"JU2rJ2xAaqQiKV5YLioxFRPYNjmv86dmKe"}
[ Tue Aug 15 2017 16:15:03 GMT+0800 (CST) ] time is 523
[ Tue Aug 15 2017 16:15:03 GMT+0800 (CST) ] {"err":0,"msg":"JMTqN2R3x8DEVRcwS9rNVCKziuUrhNnpg3"}
[ Tue Aug 15 2017 16:15:03 GMT+0800 (CST) ] time is 524
[ Tue Aug 15 2017 16:15:03 GMT+0800 (CST) ] {"err":0,"msg":"JKFH5HVns7cpuF9U4C676Bkh1L9UAvWGAu"}
[ Tue Aug 15 2017 16:15:03 GMT+0800 (CST) ] time is 525
[ Tue Aug 15 2017 16:15:03 GMT+0800 (CST) ] {"err":0,"msg":"JKFaTCSst2PsWsJPkVDRzcW6Esvmd1RoCM"}
[ Tue Aug 15 2017 16:15:03 GMT+0800 (CST) ] time is 526
[ Tue Aug 15 2017 16:15:03 GMT+0800 (CST) ] {"err":0,"msg":"JaRAkZyF7rYgfqE6bzuW5gsLgTBcHDMzML"}
[ Tue Aug 15 2017 16:15:03 GMT+0800 (CST) ] time is 527
[ Tue Aug 15 2017 16:15:03 GMT+0800 (CST) ] {"err":0,"msg":"JKDwkRudJQySqMK8TDWDJ3afqj83Va6ZJp"}
[ Tue Aug 15 2017 16:15:03 GMT+0800 (CST) ] time is 528
[ Tue Aug 15 2017 16:15:03 GMT+0800 (CST) ] {"err":0,"msg":"JKyqTs6zrHKWLyJEVmvdH4WyMRCGAKeGmB"}
[ Tue Aug 15 2017 16:15:03 GMT+0800 (CST) ] time is 529
[ Tue Aug 15 2017 16:15:03 GMT+0800 (CST) ] {"err":0,"msg":"JcXmC83AtN9PRfpaPuwzUy9D3Gg5x4weFY"}
[ Tue Aug 15 2017 16:15:03 GMT+0800 (CST) ] time is 530
[ Tue Aug 15 2017 16:15:03 GMT+0800 (CST) ] {"err":0,"msg":"JSBxregAQCQ33bHGPNh2xjFSQk35gb2Jjh"}
[ Tue Aug 15 2017 16:15:03 GMT+0800 (CST) ] time is 531
[ Tue Aug 15 2017 16:15:03 GMT+0800 (CST) ] {"err":0,"msg":"JMPJGemcWRSXd97TGGeS5XgRkHWRWrkT8F"}
[ Tue Aug 15 2017 16:15:03 GMT+0800 (CST) ] time is 532
[ Tue Aug 15 2017 16:15:03 GMT+0800 (CST) ] {"err":0,"msg":"JSjYQdbMRs2VapSCRVG2iXrxyVJvJDnRw3"}
[ Tue Aug 15 2017 16:15:03 GMT+0800 (CST) ] time is 533
[ Tue Aug 15 2017 16:15:03 GMT+0800 (CST) ] {"err":0,"msg":"JMK6M6eLswQEVS8mRBwLR9ZDqeJYnS6YgA"}
[ Tue Aug 15 2017 16:15:03 GMT+0800 (CST) ] time is 534
[ Tue Aug 15 2017 16:15:03 GMT+0800 (CST) ] {"err":0,"msg":"Jbqmi5oJ4osdENkNbrWv2ep17bxFQrDm8u"}
[ Tue Aug 15 2017 16:15:03 GMT+0800 (CST) ] time is 535
[ Tue Aug 15 2017 16:15:03 GMT+0800 (CST) ] {"err":0,"msg":"JQ6Z541TWu1Q3PK6M1ygJaH1jKVzh2RnbA"}
[ Tue Aug 15 2017 16:15:03 GMT+0800 (CST) ] time is 536
[ Tue Aug 15 2017 16:15:03 GMT+0800 (CST) ] {"err":0,"msg":"JKpW7rkzX3jYm77s7k9xLFbViyknNyd1Qq"}
[ Tue Aug 15 2017 16:15:03 GMT+0800 (CST) ] time is 537
[ Tue Aug 15 2017 16:15:03 GMT+0800 (CST) ] {"err":0,"msg":"JJnbQgKacoXhEgydiFEvvURn6CHqvhNzDM"}
[ Tue Aug 15 2017 16:15:03 GMT+0800 (CST) ] time is 538
[ Tue Aug 15 2017 16:15:03 GMT+0800 (CST) ] {"err":0,"msg":"JaA7iYiRK5Bx5v2BgEsK2bdXpnqdgTeJtE"}
[ Tue Aug 15 2017 16:15:03 GMT+0800 (CST) ] time is 539
[ Tue Aug 15 2017 16:15:03 GMT+0800 (CST) ] {"err":0,"msg":"JKrKKHmFaGTijqzkEu46KTj1jvAza9uQZ3"}
[ Tue Aug 15 2017 16:15:03 GMT+0800 (CST) ] time is 540
[ Tue Aug 15 2017 16:15:03 GMT+0800 (CST) ] {"err":0,"msg":"JJbVqP2hwAR8rKQdnfS2A7QbUkTdsA5Utn"}
[ Tue Aug 15 2017 16:15:03 GMT+0800 (CST) ] time is 541
[ Tue Aug 15 2017 16:15:03 GMT+0800 (CST) ] {"err":0,"msg":"JeAJuSddyceACquPaP9Lu6JaFSAqDfykid"}
[ Tue Aug 15 2017 16:15:03 GMT+0800 (CST) ] time is 542
[ Tue Aug 15 2017 16:15:03 GMT+0800 (CST) ] {"err":0,"msg":"JM4Y9MtZNbibTZfP4Hm3NySoMi32mnJfbi"}
[ Tue Aug 15 2017 16:15:03 GMT+0800 (CST) ] time is 543
[ Tue Aug 15 2017 16:15:03 GMT+0800 (CST) ] {"err":0,"msg":"JNASDg8z8RD1oFF7wojSqv8ijiwcLQkaE4"}
[ Tue Aug 15 2017 16:15:03 GMT+0800 (CST) ] time is 544
[ Tue Aug 15 2017 16:15:03 GMT+0800 (CST) ] {"err":0,"msg":"JdbmcJKuAmh3QtdpdDxV2usnqN7V92ouAN"}
[ Tue Aug 15 2017 16:15:03 GMT+0800 (CST) ] time is 545
[ Tue Aug 15 2017 16:15:03 GMT+0800 (CST) ] {"err":0,"msg":"JQ6HUD62bnmhaeEryxVq7byQrnsSEAEyxm"}
[ Tue Aug 15 2017 16:15:03 GMT+0800 (CST) ] time is 546
[ Tue Aug 15 2017 16:15:03 GMT+0800 (CST) ] {"err":0,"msg":"JWpM13wh9wPQYEgAn6LZzrGc6poh1qi7sB"}
[ Tue Aug 15 2017 16:15:03 GMT+0800 (CST) ] time is 547
[ Tue Aug 15 2017 16:15:03 GMT+0800 (CST) ] {"err":0,"msg":"JUJkMW5mWMejTYXMYmCWxriZnkkLy3LLcV"}
[ Tue Aug 15 2017 16:15:03 GMT+0800 (CST) ] time is 548
[ Tue Aug 15 2017 16:15:03 GMT+0800 (CST) ] {"err":0,"msg":"JSZGdqLnwaPQHhyGi8ksLstbJGzPLk3EsD"}
[ Tue Aug 15 2017 16:15:03 GMT+0800 (CST) ] time is 549
[ Tue Aug 15 2017 16:15:03 GMT+0800 (CST) ] {"err":0,"msg":"Jhd4wghx6Awy3kLLcK3CHTyiGDcj1A445N"}
[ Tue Aug 15 2017 16:15:03 GMT+0800 (CST) ] time is 550
[ Tue Aug 15 2017 16:15:03 GMT+0800 (CST) ] {"err":0,"msg":"JafHRc6huxEkbYCNhNC4ivG8fuVCAPygvC"}
[ Tue Aug 15 2017 16:15:03 GMT+0800 (CST) ] time is 551
[ Tue Aug 15 2017 16:15:03 GMT+0800 (CST) ] {"err":0,"msg":"JVno6CEYBemWzmxmKmNa4bHtU6pwoiySKN"}
[ Tue Aug 15 2017 16:15:03 GMT+0800 (CST) ] time is 552
[ Tue Aug 15 2017 16:15:03 GMT+0800 (CST) ] {"err":0,"msg":"JPYATCwa8dCacksDNvduyUiGLch6f8wsW5"}
[ Tue Aug 15 2017 16:15:03 GMT+0800 (CST) ] time is 553
[ Tue Aug 15 2017 16:15:03 GMT+0800 (CST) ] {"err":0,"msg":"JP2EpZ8FtsFggxmeLPv3gXp3ewPRGDdx78"}
[ Tue Aug 15 2017 16:15:03 GMT+0800 (CST) ] time is 554
[ Tue Aug 15 2017 16:15:03 GMT+0800 (CST) ] {"err":0,"msg":"JdGH39iSPkPhSrMteGDJ9EYaTHcCKWJnkz"}
[ Tue Aug 15 2017 16:15:03 GMT+0800 (CST) ] time is 555
[ Tue Aug 15 2017 16:15:03 GMT+0800 (CST) ] {"err":0,"msg":"JPAKzzXmqmJr2xRbATcHghEhdiQgSyyfvj"}
[ Tue Aug 15 2017 16:15:03 GMT+0800 (CST) ] time is 556
[ Tue Aug 15 2017 16:15:03 GMT+0800 (CST) ] {"err":0,"msg":"JVkbj2NNySP7KhrLWWQP952LGAXqHyEQgb"}
[ Tue Aug 15 2017 16:15:03 GMT+0800 (CST) ] time is 557
[ Tue Aug 15 2017 16:15:03 GMT+0800 (CST) ] {"err":0,"msg":"JPiCGEnLLmvua7LkZZ7heaK17H2Hhw2Nzq"}
[ Tue Aug 15 2017 16:15:03 GMT+0800 (CST) ] time is 558
[ Tue Aug 15 2017 16:15:03 GMT+0800 (CST) ] {"err":0,"msg":"JYgcdyFHqJMmwtzF9eXrv72fBTwGozSwNV"}
[ Tue Aug 15 2017 16:15:04 GMT+0800 (CST) ] time is 559
[ Tue Aug 15 2017 16:15:04 GMT+0800 (CST) ] {"err":0,"msg":"JbSfjoKMskGh8eDyrFabv2AGMYwYR2A3Gs"}
[ Tue Aug 15 2017 16:15:04 GMT+0800 (CST) ] time is 560
[ Tue Aug 15 2017 16:15:04 GMT+0800 (CST) ] {"err":0,"msg":"JPRzfrfbjEmH1gHqgcfsr3hzbJKYJ5MVJ7"}
[ Tue Aug 15 2017 16:15:04 GMT+0800 (CST) ] time is 561
[ Tue Aug 15 2017 16:15:04 GMT+0800 (CST) ] {"err":0,"msg":"JLT9j5hriZqiAfPeMs7nc7Y7sKAJoJ12on"}
[ Tue Aug 15 2017 16:15:04 GMT+0800 (CST) ] time is 562
[ Tue Aug 15 2017 16:15:04 GMT+0800 (CST) ] {"err":0,"msg":"JWH8FWkr2jPUaVn3Fkjh9TNWmc4D8dxvTX"}
[ Tue Aug 15 2017 16:15:04 GMT+0800 (CST) ] time is 563
[ Tue Aug 15 2017 16:15:04 GMT+0800 (CST) ] {"err":0,"msg":"JfeDQqBfP1xy67iyq1Vj8CS2Ch69Y5bLrm"}
[ Tue Aug 15 2017 16:15:04 GMT+0800 (CST) ] time is 564
[ Tue Aug 15 2017 16:15:04 GMT+0800 (CST) ] {"err":0,"msg":"JQk9mzDYbLidANzj42TZTWwZxuzSN7HAH3"}
[ Tue Aug 15 2017 16:15:04 GMT+0800 (CST) ] time is 565
[ Tue Aug 15 2017 16:15:04 GMT+0800 (CST) ] {"err":0,"msg":"JKc7Mp7sHXSoKSer3wxXwhLJFsgPoJ2iLy"}
[ Tue Aug 15 2017 16:15:04 GMT+0800 (CST) ] time is 566
[ Tue Aug 15 2017 16:15:04 GMT+0800 (CST) ] {"err":0,"msg":"JbQ7V6zFc3o6LSaBQJfd7PJaYKADaQNcD3"}
[ Tue Aug 15 2017 16:15:04 GMT+0800 (CST) ] time is 567
[ Tue Aug 15 2017 16:15:04 GMT+0800 (CST) ] {"err":0,"msg":"JZKZP5eidqaoDc45QZGhXV4ff7cw1bsWtM"}
[ Tue Aug 15 2017 16:15:04 GMT+0800 (CST) ] time is 568
[ Tue Aug 15 2017 16:15:04 GMT+0800 (CST) ] {"err":0,"msg":"JLZATQMWMiXiWdR2ukPVNFE8oXF8i1PfPM"}
[ Tue Aug 15 2017 16:15:04 GMT+0800 (CST) ] time is 569
[ Tue Aug 15 2017 16:15:04 GMT+0800 (CST) ] {"err":0,"msg":"Jd3ejS2Fg6pRWgnXNcK48xLcoS9kDvCJWM"}
[ Tue Aug 15 2017 16:15:04 GMT+0800 (CST) ] time is 570
[ Tue Aug 15 2017 16:15:04 GMT+0800 (CST) ] {"err":0,"msg":"JWDVJYnwggpe4oVmH586tyHvdVqiCk1qLD"}
[ Tue Aug 15 2017 16:15:04 GMT+0800 (CST) ] time is 571
[ Tue Aug 15 2017 16:15:04 GMT+0800 (CST) ] {"err":0,"msg":"JbJX91KpfvQ2GEo3JurMgrG7eXtiZqjEzr"}
[ Tue Aug 15 2017 16:15:04 GMT+0800 (CST) ] time is 572
[ Tue Aug 15 2017 16:15:04 GMT+0800 (CST) ] {"err":0,"msg":"JRx18i7vzraXLS8TpDXWp6AVcpm5yHM3GW"}
[ Tue Aug 15 2017 16:15:04 GMT+0800 (CST) ] time is 573
[ Tue Aug 15 2017 16:15:04 GMT+0800 (CST) ] {"err":0,"msg":"JT28ZuVZfLRsbAcpgJvCH1X1CYKW6fPzqM"}
[ Tue Aug 15 2017 16:15:04 GMT+0800 (CST) ] time is 574
[ Tue Aug 15 2017 16:15:04 GMT+0800 (CST) ] {"err":0,"msg":"JahJ5nFpBYW5kTFsYahRR3rm88rjk41DyB"}
[ Tue Aug 15 2017 16:15:04 GMT+0800 (CST) ] time is 575
[ Tue Aug 15 2017 16:15:04 GMT+0800 (CST) ] {"err":0,"msg":"JeRq9Tk6BeppjRt7sWDQrRJQKt7UQ5sw5V"}
[ Tue Aug 15 2017 16:15:04 GMT+0800 (CST) ] time is 576
[ Tue Aug 15 2017 16:15:04 GMT+0800 (CST) ] {"err":0,"msg":"JYKgH2Vqt5WVJkc25rygaPjtKkdzFJXzib"}
[ Tue Aug 15 2017 16:15:04 GMT+0800 (CST) ] time is 577
[ Tue Aug 15 2017 16:15:04 GMT+0800 (CST) ] {"err":0,"msg":"JPiAhshCmbbjtu1wo6sxoFrCMXXyU4TRMQ"}
[ Tue Aug 15 2017 16:15:04 GMT+0800 (CST) ] time is 578
[ Tue Aug 15 2017 16:15:04 GMT+0800 (CST) ] {"err":0,"msg":"JTwF88gPLsjEd5ZBVgMutz3x7y6tgKyrHc"}
[ Tue Aug 15 2017 16:15:04 GMT+0800 (CST) ] time is 579
[ Tue Aug 15 2017 16:15:04 GMT+0800 (CST) ] {"err":0,"msg":"JR6ep7FVQzuey4rxAUNBndrfffEiPXtFYV"}
[ Tue Aug 15 2017 16:15:04 GMT+0800 (CST) ] time is 580
[ Tue Aug 15 2017 16:15:04 GMT+0800 (CST) ] {"err":0,"msg":"JaKoDUM7d6gRw3czDCYj1fZukTADRHK6an"}
[ Tue Aug 15 2017 16:15:04 GMT+0800 (CST) ] time is 581
[ Tue Aug 15 2017 16:15:04 GMT+0800 (CST) ] {"err":0,"msg":"JVzSTcLV7wsp1FX17JkLyze5GcgiZcSaQg"}
[ Tue Aug 15 2017 16:15:04 GMT+0800 (CST) ] time is 582
[ Tue Aug 15 2017 16:15:04 GMT+0800 (CST) ] {"err":0,"msg":"JXykU4KUH9UULDu6SuZqK9wECitA9VwbmU"}
[ Tue Aug 15 2017 16:15:04 GMT+0800 (CST) ] time is 583
[ Tue Aug 15 2017 16:15:04 GMT+0800 (CST) ] {"err":0,"msg":"JWyhKLDCy2s54aGCUTYrsaW486S4WU7p6x"}
[ Tue Aug 15 2017 16:15:04 GMT+0800 (CST) ] time is 584
[ Tue Aug 15 2017 16:15:04 GMT+0800 (CST) ] {"err":0,"msg":"JZwo9vjrw8hbw3NgZBAoqk9mBYVCYceQWC"}
[ Tue Aug 15 2017 16:15:04 GMT+0800 (CST) ] time is 585
[ Tue Aug 15 2017 16:15:04 GMT+0800 (CST) ] {"err":0,"msg":"Jc8zKcxVJMtx5iy4nerZf2Rd573LAvJtcd"}
[ Tue Aug 15 2017 16:15:04 GMT+0800 (CST) ] time is 586
[ Tue Aug 15 2017 16:15:04 GMT+0800 (CST) ] {"err":0,"msg":"JSwXGtJ88wkqn9TPe72AbWQMuFgtiJ5Qju"}
[ Tue Aug 15 2017 16:15:04 GMT+0800 (CST) ] time is 587
[ Tue Aug 15 2017 16:15:04 GMT+0800 (CST) ] {"err":0,"msg":"JJp89h7kbegta15UvkdxKRrFG7sTbz24e1"}
[ Tue Aug 15 2017 16:15:04 GMT+0800 (CST) ] time is 588
[ Tue Aug 15 2017 16:15:04 GMT+0800 (CST) ] {"err":0,"msg":"JbXB4GYebyLwtfqzfWYPnKrvFwpuw3XU5X"}
[ Tue Aug 15 2017 16:15:04 GMT+0800 (CST) ] time is 589
[ Tue Aug 15 2017 16:15:04 GMT+0800 (CST) ] {"err":0,"msg":"JWwfMpSQqRRg4V1ZJ8KtbaZsgpeP7aRrLq"}
[ Tue Aug 15 2017 16:15:04 GMT+0800 (CST) ] time is 590
[ Tue Aug 15 2017 16:15:04 GMT+0800 (CST) ] {"err":0,"msg":"JW1QrANJMju3s5XjrkN2chQR5gho97UShm"}
[ Tue Aug 15 2017 16:15:04 GMT+0800 (CST) ] time is 591
[ Tue Aug 15 2017 16:15:04 GMT+0800 (CST) ] {"err":0,"msg":"JPmG1Cxz9JPFXetkdcRUmJSEnkLTTCkkWx"}
[ Tue Aug 15 2017 16:15:04 GMT+0800 (CST) ] time is 592
[ Tue Aug 15 2017 16:15:04 GMT+0800 (CST) ] {"err":0,"msg":"JWmi16Kwiufe5tJ2DEHEh4WpSQ4fbZB5ng"}
[ Tue Aug 15 2017 16:15:04 GMT+0800 (CST) ] time is 593
[ Tue Aug 15 2017 16:15:04 GMT+0800 (CST) ] {"err":0,"msg":"JPimPSYiigU6bM4RCJKHV5Xwt25hP9hHq8"}
[ Tue Aug 15 2017 16:15:04 GMT+0800 (CST) ] time is 594
[ Tue Aug 15 2017 16:15:04 GMT+0800 (CST) ] {"err":0,"msg":"JhoCi2C1hAgVChdbTUHHKKbCFZjXEXMoMz"}
[ Tue Aug 15 2017 16:15:04 GMT+0800 (CST) ] time is 595
[ Tue Aug 15 2017 16:15:04 GMT+0800 (CST) ] {"err":0,"msg":"JXhU8MTS77Xh7f3H4mVVqCE4G9XDWKPwpU"}
[ Tue Aug 15 2017 16:15:04 GMT+0800 (CST) ] time is 596
[ Tue Aug 15 2017 16:15:04 GMT+0800 (CST) ] {"err":0,"msg":"JKGtnouFX7f9fRRqwkz84g9nSxtMEcnURo"}
[ Tue Aug 15 2017 16:15:04 GMT+0800 (CST) ] time is 597
[ Tue Aug 15 2017 16:15:04 GMT+0800 (CST) ] {"err":0,"msg":"JhACnzo2VyGbkZwdDLrQBgsgvh7iJ2GdUq"}
[ Tue Aug 15 2017 16:15:05 GMT+0800 (CST) ] time is 598
[ Tue Aug 15 2017 16:15:05 GMT+0800 (CST) ] {"err":0,"msg":"Je6sVtha2EsVVv3PiEZPHU779ymQjxyVKf"}
[ Tue Aug 15 2017 16:15:05 GMT+0800 (CST) ] time is 599
[ Tue Aug 15 2017 16:15:05 GMT+0800 (CST) ] {"err":0,"msg":"JhVzRkYwEHSTSY1P6SMBUuLAZbMWZbGTea"}
[ Tue Aug 15 2017 16:15:05 GMT+0800 (CST) ] time is 600
[ Tue Aug 15 2017 16:15:05 GMT+0800 (CST) ] {"err":0,"msg":"JYtqLGTG4f9JtiHxAB9WhTYGFybP2Yi2sm"}
[ Tue Aug 15 2017 16:15:05 GMT+0800 (CST) ] time is 601
[ Tue Aug 15 2017 16:15:05 GMT+0800 (CST) ] {"err":0,"msg":"JYLn98N8B5GR1WikecVcLkVJN3SfJvc7tz"}
[ Tue Aug 15 2017 16:15:05 GMT+0800 (CST) ] time is 602
[ Tue Aug 15 2017 16:15:05 GMT+0800 (CST) ] {"err":0,"msg":"JY3huecfikqrKZvidBBjs6R4aixKhLDVEs"}
[ Tue Aug 15 2017 16:15:05 GMT+0800 (CST) ] time is 603
[ Tue Aug 15 2017 16:15:05 GMT+0800 (CST) ] {"err":0,"msg":"JhsBAN9SXNqAixyGmtiDPt1gTCwWAQi2yj"}
[ Tue Aug 15 2017 16:15:05 GMT+0800 (CST) ] time is 604
[ Tue Aug 15 2017 16:15:05 GMT+0800 (CST) ] {"err":0,"msg":"JfwQ2mrxWn96yNVDLoJDDnzPY5b728Eons"}
[ Tue Aug 15 2017 16:15:05 GMT+0800 (CST) ] time is 605
[ Tue Aug 15 2017 16:15:05 GMT+0800 (CST) ] {"err":0,"msg":"JWCadbcmxtUrJHS9b2CdSbx3CdVqgknRMa"}
[ Tue Aug 15 2017 16:15:05 GMT+0800 (CST) ] time is 606
[ Tue Aug 15 2017 16:15:05 GMT+0800 (CST) ] {"err":0,"msg":"JQrMCubAhr1U2H28f8GzkFT9ryNYi4ps7d"}
[ Tue Aug 15 2017 16:15:05 GMT+0800 (CST) ] time is 607
[ Tue Aug 15 2017 16:15:05 GMT+0800 (CST) ] {"err":0,"msg":"JSreCVVraYnX5w3QFscgqeveRRtgixzL9Y"}
[ Tue Aug 15 2017 16:15:05 GMT+0800 (CST) ] time is 608
[ Tue Aug 15 2017 16:15:05 GMT+0800 (CST) ] {"err":0,"msg":"JczW34zXRKKmMviueXn3xJJRWwN4hBh3AR"}
[ Tue Aug 15 2017 16:15:05 GMT+0800 (CST) ] time is 609
[ Tue Aug 15 2017 16:15:05 GMT+0800 (CST) ] {"err":0,"msg":"JZwMDL1Eot3z1vbvvhxSoSfZuRvFaQWpww"}
[ Tue Aug 15 2017 16:15:05 GMT+0800 (CST) ] time is 610
[ Tue Aug 15 2017 16:15:05 GMT+0800 (CST) ] {"err":0,"msg":"JZkpi3vS24yL3V6i7iiYjWsdro6pMB5DV7"}
[ Tue Aug 15 2017 16:15:05 GMT+0800 (CST) ] time is 611
[ Tue Aug 15 2017 16:15:05 GMT+0800 (CST) ] {"err":0,"msg":"JdJzFW3MZLsfQAvd4zWFgkSWXQQdEpbnyT"}
[ Tue Aug 15 2017 16:15:05 GMT+0800 (CST) ] time is 612
[ Tue Aug 15 2017 16:15:05 GMT+0800 (CST) ] {"err":0,"msg":"JVWd789to7KUBxZhgi3s7UWRnZAW1FEmgw"}
[ Tue Aug 15 2017 16:15:05 GMT+0800 (CST) ] time is 613
[ Tue Aug 15 2017 16:15:05 GMT+0800 (CST) ] {"err":0,"msg":"JcdSyfgKj447kehvA2pUv7x9fEUxEha2Gq"}
[ Tue Aug 15 2017 16:15:05 GMT+0800 (CST) ] time is 614
[ Tue Aug 15 2017 16:15:05 GMT+0800 (CST) ] {"err":0,"msg":"Jdibcmum8VDdX4b4iPEwTsaC9rzwMakkEx"}
[ Tue Aug 15 2017 16:15:05 GMT+0800 (CST) ] time is 615
[ Tue Aug 15 2017 16:15:05 GMT+0800 (CST) ] {"err":0,"msg":"JckhqvBH4Zr7VktKCzwtDbA4ZAidzpekBK"}
[ Tue Aug 15 2017 16:15:05 GMT+0800 (CST) ] time is 616
[ Tue Aug 15 2017 16:15:05 GMT+0800 (CST) ] {"err":0,"msg":"JN3TGM1PR883vJPpytVpV9rAbCWyVsNpYV"}
[ Tue Aug 15 2017 16:15:05 GMT+0800 (CST) ] time is 617
[ Tue Aug 15 2017 16:15:05 GMT+0800 (CST) ] {"err":0,"msg":"JKx9AGpWqYyLCTk5HsbWH6tAr5ApmtXP3v"}
[ Tue Aug 15 2017 16:15:05 GMT+0800 (CST) ] time is 618
[ Tue Aug 15 2017 16:15:05 GMT+0800 (CST) ] {"err":0,"msg":"JPPDpjKfqFBriHcK21R9MMCGoQ9dpumeRE"}
[ Tue Aug 15 2017 16:15:05 GMT+0800 (CST) ] time is 619
[ Tue Aug 15 2017 16:15:05 GMT+0800 (CST) ] {"err":0,"msg":"JWT6zuKpwrB5SftNL74bSfA4oqwqhWkdre"}
[ Tue Aug 15 2017 16:15:05 GMT+0800 (CST) ] time is 620
[ Tue Aug 15 2017 16:15:05 GMT+0800 (CST) ] {"err":0,"msg":"JUhd8J9fnMwRxNWXRe2FVKFVcCDTbcJWLb"}
[ Tue Aug 15 2017 16:15:05 GMT+0800 (CST) ] time is 621
[ Tue Aug 15 2017 16:15:05 GMT+0800 (CST) ] {"err":0,"msg":"JXnu5UNSoRbsGVXaskx3cpeACB2hfHdy6d"}
[ Tue Aug 15 2017 16:15:05 GMT+0800 (CST) ] time is 622
[ Tue Aug 15 2017 16:15:05 GMT+0800 (CST) ] {"err":0,"msg":"JZV7KD5oZ1SmHag5hVyPrfB6ZUgzkf6YrW"}
[ Tue Aug 15 2017 16:15:05 GMT+0800 (CST) ] time is 623
[ Tue Aug 15 2017 16:15:05 GMT+0800 (CST) ] {"err":0,"msg":"JgUALAVXfJ7XQ3iTtUekBQ9tpn5QpMNdsh"}
[ Tue Aug 15 2017 16:15:05 GMT+0800 (CST) ] time is 624
[ Tue Aug 15 2017 16:15:05 GMT+0800 (CST) ] {"err":0,"msg":"JauXHGf4Anoou2dTWoPSwa5HSaC1CRSNNT"}
[ Tue Aug 15 2017 16:15:05 GMT+0800 (CST) ] time is 625
[ Tue Aug 15 2017 16:15:05 GMT+0800 (CST) ] {"err":0,"msg":"JUKTLxQxoioVRDHbVqhmTSdz6bUv5pMseS"}
[ Tue Aug 15 2017 16:15:05 GMT+0800 (CST) ] time is 626
[ Tue Aug 15 2017 16:15:05 GMT+0800 (CST) ] {"err":0,"msg":"JSRUBAEMXZBwzN1CZASBV7UoRsSGofhaC2"}
[ Tue Aug 15 2017 16:15:05 GMT+0800 (CST) ] time is 627
[ Tue Aug 15 2017 16:15:05 GMT+0800 (CST) ] {"err":0,"msg":"JLe6UYGAaaT8YA7ig1JE3ybZmuNfsd3af8"}
[ Tue Aug 15 2017 16:15:05 GMT+0800 (CST) ] time is 628
[ Tue Aug 15 2017 16:15:05 GMT+0800 (CST) ] {"err":0,"msg":"Jdb9nPJ7CHS7S4o9kGWwA6MXxLnpvNPZ33"}
[ Tue Aug 15 2017 16:15:05 GMT+0800 (CST) ] time is 629
[ Tue Aug 15 2017 16:15:05 GMT+0800 (CST) ] {"err":0,"msg":"JPKin2LmjJ7yQk9RRavbrfihKpC9Fr3Pmy"}
[ Tue Aug 15 2017 16:15:05 GMT+0800 (CST) ] time is 630
[ Tue Aug 15 2017 16:15:05 GMT+0800 (CST) ] {"err":0,"msg":"JKWbVXQgz8BV1TmLGRou3NChjDvxDdg4ri"}
[ Tue Aug 15 2017 16:15:05 GMT+0800 (CST) ] time is 631
[ Tue Aug 15 2017 16:15:05 GMT+0800 (CST) ] {"err":0,"msg":"JRDvGicv118VAFT7npNjiVVPkSzPrKMt6g"}
[ Tue Aug 15 2017 16:15:05 GMT+0800 (CST) ] time is 632
[ Tue Aug 15 2017 16:15:05 GMT+0800 (CST) ] {"err":0,"msg":"JSui7QELeoKuEs81ye1ftpFdLt7J5KqwLV"}
[ Tue Aug 15 2017 16:15:05 GMT+0800 (CST) ] time is 633
[ Tue Aug 15 2017 16:15:05 GMT+0800 (CST) ] {"err":0,"msg":"JbUsAfucHB8ooERFgnPUGfM2GxaCVgyY24"}
[ Tue Aug 15 2017 16:15:05 GMT+0800 (CST) ] {"err":0,"msg":"JLJc3nje1bNjm6kvFYDV5SpEhE9UVJENoC"}
[ Tue Aug 15 2017 16:15:05 GMT+0800 (CST) ] time is 634
[ Tue Aug 15 2017 16:15:05 GMT+0800 (CST) ] time is 635
[ Tue Aug 15 2017 16:15:05 GMT+0800 (CST) ] {"err":0,"msg":"Jbs7NnZvy5sptZ3AfZY82Ly4W4yx3gUpbP"}
[ Tue Aug 15 2017 16:15:05 GMT+0800 (CST) ] time is 636
[ Tue Aug 15 2017 16:15:05 GMT+0800 (CST) ] {"err":0,"msg":"JKGxAyoZHcTXmjYQoAQ5DKACw3mQcpZQLz"}
[ Tue Aug 15 2017 16:15:06 GMT+0800 (CST) ] time is 637
[ Tue Aug 15 2017 16:15:06 GMT+0800 (CST) ] {"err":0,"msg":"JcFS1t8MZ591x2J4nnaMmCJE48ckfPmKZd"}
[ Tue Aug 15 2017 16:15:06 GMT+0800 (CST) ] time is 638
[ Tue Aug 15 2017 16:15:06 GMT+0800 (CST) ] {"err":0,"msg":"Jfa7MnmQkF1hh6hxpCcSErh3C57Rnmaudv"}
[ Tue Aug 15 2017 16:15:06 GMT+0800 (CST) ] time is 639
[ Tue Aug 15 2017 16:15:06 GMT+0800 (CST) ] {"err":0,"msg":"JLs7yiP2cpLm6WTDuUNYGtaDiUUxWxGU9h"}
[ Tue Aug 15 2017 16:15:06 GMT+0800 (CST) ] time is 640
[ Tue Aug 15 2017 16:15:06 GMT+0800 (CST) ] {"err":0,"msg":"Jdhx2Fj7uDxNJKophUVYszhDJJFUVMVonm"}
[ Tue Aug 15 2017 16:15:06 GMT+0800 (CST) ] time is 641
[ Tue Aug 15 2017 16:15:06 GMT+0800 (CST) ] {"err":0,"msg":"JPAsbpVFyVgfgVeUAS8nYoWM7PHVsyE773"}
[ Tue Aug 15 2017 16:15:06 GMT+0800 (CST) ] time is 642
[ Tue Aug 15 2017 16:15:06 GMT+0800 (CST) ] {"err":0,"msg":"Jd5m8jfEAne7HMsJfiqTP5QyRNvWnwxYHf"}
[ Tue Aug 15 2017 16:15:06 GMT+0800 (CST) ] time is 643
[ Tue Aug 15 2017 16:15:06 GMT+0800 (CST) ] {"err":0,"msg":"JWuNCLn8DiWQRsAZHNZZnK1qPkpd8w7GQF"}
[ Tue Aug 15 2017 16:15:06 GMT+0800 (CST) ] time is 644
[ Tue Aug 15 2017 16:15:06 GMT+0800 (CST) ] {"err":0,"msg":"JKxkjzJQnnZgL9nCsw1p9pL9ax8aMFRHZb"}
[ Tue Aug 15 2017 16:15:06 GMT+0800 (CST) ] time is 645
[ Tue Aug 15 2017 16:15:06 GMT+0800 (CST) ] {"err":0,"msg":"JNCSPK3g3gEYiVniQMuVutR8eGtYt1o3f5"}
[ Tue Aug 15 2017 16:15:06 GMT+0800 (CST) ] time is 646
[ Tue Aug 15 2017 16:15:06 GMT+0800 (CST) ] {"err":0,"msg":"JgXVuRy2P7NP9V4VHh1GJbkqRXAQFALbJY"}
[ Tue Aug 15 2017 16:15:06 GMT+0800 (CST) ] time is 647
[ Tue Aug 15 2017 16:15:06 GMT+0800 (CST) ] {"err":0,"msg":"JX3aXQy9KrmHV4FDyg2KRkNZSuxxAHGb4c"}
[ Tue Aug 15 2017 16:15:06 GMT+0800 (CST) ] time is 648
[ Tue Aug 15 2017 16:15:06 GMT+0800 (CST) ] {"err":0,"msg":"JMV4RtFbe2MfXxdd7CK5fyEG5CCUhppqMu"}
[ Tue Aug 15 2017 16:15:06 GMT+0800 (CST) ] time is 649
[ Tue Aug 15 2017 16:15:06 GMT+0800 (CST) ] {"err":0,"msg":"JcSsNBnE1XXcRe8JzM6v1qfM2vehT8kkNU"}
[ Tue Aug 15 2017 16:15:06 GMT+0800 (CST) ] time is 650
[ Tue Aug 15 2017 16:15:06 GMT+0800 (CST) ] {"err":0,"msg":"Jdc7G3DKyEbd7ZDtfFo4BFvTbeQCXck379"}
[ Tue Aug 15 2017 16:15:06 GMT+0800 (CST) ] time is 651
[ Tue Aug 15 2017 16:15:06 GMT+0800 (CST) ] {"err":0,"msg":"JMs6PqZ8oThqTETvD2WgHFQJpdmbHPsMSE"}
[ Tue Aug 15 2017 16:15:06 GMT+0800 (CST) ] time is 652
[ Tue Aug 15 2017 16:15:06 GMT+0800 (CST) ] {"err":0,"msg":"JcVBQy9tKBDr6AG47qsZHVCAe5ZgerwPsh"}
[ Tue Aug 15 2017 16:15:06 GMT+0800 (CST) ] time is 653
[ Tue Aug 15 2017 16:15:06 GMT+0800 (CST) ] {"err":0,"msg":"JM28FpoRKrggxWzZLhoxBhV62yA9h4vwN2"}
[ Tue Aug 15 2017 16:15:06 GMT+0800 (CST) ] time is 654
[ Tue Aug 15 2017 16:15:06 GMT+0800 (CST) ] {"err":0,"msg":"JVgpNAhBV83YzPynE9fQJDNnh7GWcp4kQE"}
[ Tue Aug 15 2017 16:15:06 GMT+0800 (CST) ] time is 655
[ Tue Aug 15 2017 16:15:06 GMT+0800 (CST) ] {"err":0,"msg":"JdW69AcfUkvRSQHBjdf6Yd17Ts5tiqzfwE"}
[ Tue Aug 15 2017 16:15:06 GMT+0800 (CST) ] time is 656
[ Tue Aug 15 2017 16:15:06 GMT+0800 (CST) ] {"err":0,"msg":"Jdh6SEhDaiRtDN4T6Eogd6DxEnXX8A9gM8"}
[ Tue Aug 15 2017 16:15:06 GMT+0800 (CST) ] time is 657
[ Tue Aug 15 2017 16:15:06 GMT+0800 (CST) ] {"err":0,"msg":"JPc7F7PHRrj8GCrKJoki6jVBugXu7Bpx2z"}
[ Tue Aug 15 2017 16:15:06 GMT+0800 (CST) ] time is 658
[ Tue Aug 15 2017 16:15:06 GMT+0800 (CST) ] {"err":0,"msg":"JS9Tv7B9FoZcpnTBFWXuk25WX2qPMCCtCo"}
[ Tue Aug 15 2017 16:15:06 GMT+0800 (CST) ] time is 659
[ Tue Aug 15 2017 16:15:06 GMT+0800 (CST) ] {"err":0,"msg":"JLrAVMzgsML8kdnUW6fuV83wYotjFyFxmc"}
[ Tue Aug 15 2017 16:15:06 GMT+0800 (CST) ] time is 660
[ Tue Aug 15 2017 16:15:06 GMT+0800 (CST) ] {"err":0,"msg":"JXwMjAqC9SKPe3Lu6NFZnywararJkZydBy"}
[ Tue Aug 15 2017 16:15:06 GMT+0800 (CST) ] time is 661
[ Tue Aug 15 2017 16:15:06 GMT+0800 (CST) ] {"err":0,"msg":"JL7Lrja6T62hdBmcZn9LfXvg2Y3XFr1zKu"}
[ Tue Aug 15 2017 16:15:06 GMT+0800 (CST) ] time is 662
[ Tue Aug 15 2017 16:15:06 GMT+0800 (CST) ] {"err":0,"msg":"JQBWYsvYtFxL1jp3k2Fh1QC21zxZiHQPZn"}
[ Tue Aug 15 2017 16:15:06 GMT+0800 (CST) ] time is 663
[ Tue Aug 15 2017 16:15:06 GMT+0800 (CST) ] {"err":0,"msg":"JMK3GqSzJDfr6DztUGx8ShzRW9VNik5cVZ"}
[ Tue Aug 15 2017 16:15:06 GMT+0800 (CST) ] time is 664
[ Tue Aug 15 2017 16:15:06 GMT+0800 (CST) ] {"err":0,"msg":"JY9fdaewFhX7fndJXCrJ58koQS4fyxYBtU"}
[ Tue Aug 15 2017 16:15:06 GMT+0800 (CST) ] time is 665
[ Tue Aug 15 2017 16:15:06 GMT+0800 (CST) ] {"err":0,"msg":"JMhbKHKDVJciprQBNzyb5S5891QexpDVte"}
[ Tue Aug 15 2017 16:15:06 GMT+0800 (CST) ] time is 666
[ Tue Aug 15 2017 16:15:06 GMT+0800 (CST) ] {"err":0,"msg":"JJcbSgtCShwQzKgo9MAuCRRVi4kFaf3CD5"}
[ Tue Aug 15 2017 16:15:06 GMT+0800 (CST) ] time is 667
[ Tue Aug 15 2017 16:15:06 GMT+0800 (CST) ] {"err":0,"msg":"JUhNqx3mTjvVfM1dbnm8wUi6kTWyb2vzyw"}
[ Tue Aug 15 2017 16:15:06 GMT+0800 (CST) ] time is 668
[ Tue Aug 15 2017 16:15:06 GMT+0800 (CST) ] {"err":0,"msg":"JanZ6wF9ufPyfTg9qs5winhVLeHNZWqsXw"}
[ Tue Aug 15 2017 16:15:06 GMT+0800 (CST) ] time is 669
[ Tue Aug 15 2017 16:15:06 GMT+0800 (CST) ] {"err":0,"msg":"Jd3YrV6G8o5TUbbaFmMpFAQhTYpooHWYYj"}
[ Tue Aug 15 2017 16:15:06 GMT+0800 (CST) ] time is 670
[ Tue Aug 15 2017 16:15:06 GMT+0800 (CST) ] {"err":0,"msg":"Jagoi46dsD1XvBA3WXgCHDtsp1zsPehasz"}
[ Tue Aug 15 2017 16:15:06 GMT+0800 (CST) ] time is 671
[ Tue Aug 15 2017 16:15:06 GMT+0800 (CST) ] {"err":0,"msg":"JfsmL8LQehtg3FFdNHW9qkuCq9mZpvfzZy"}
[ Tue Aug 15 2017 16:15:06 GMT+0800 (CST) ] time is 672
[ Tue Aug 15 2017 16:15:06 GMT+0800 (CST) ] {"err":0,"msg":"JhJwige7XDzq4WyAvogB86stRtgLuCUZD7"}
[ Tue Aug 15 2017 16:15:06 GMT+0800 (CST) ] time is 673
[ Tue Aug 15 2017 16:15:06 GMT+0800 (CST) ] {"err":0,"msg":"JKCWQe9RKeRUoXMEMS8fNAjM68hx8BCioe"}
[ Tue Aug 15 2017 16:15:06 GMT+0800 (CST) ] time is 674
[ Tue Aug 15 2017 16:15:06 GMT+0800 (CST) ] {"err":0,"msg":"Ja1m7UcLmbqQiQe76PDzMBs9j8ivLDxZG2"}
[ Tue Aug 15 2017 16:15:06 GMT+0800 (CST) ] time is 675
[ Tue Aug 15 2017 16:15:06 GMT+0800 (CST) ] {"err":0,"msg":"JXs5nxaZvWJZQa4ZcAi5T1iXVkGUAMthHp"}
[ Tue Aug 15 2017 16:15:07 GMT+0800 (CST) ] time is 676
[ Tue Aug 15 2017 16:15:07 GMT+0800 (CST) ] {"err":0,"msg":"JXfLQ31o8EEFWKhsvDXvtabJLaZnCTRRXq"}
[ Tue Aug 15 2017 16:15:07 GMT+0800 (CST) ] time is 677
[ Tue Aug 15 2017 16:15:07 GMT+0800 (CST) ] {"err":0,"msg":"JfXBXeVuoz3RwnDxDfcxHZjf8J61qYp2bm"}
[ Tue Aug 15 2017 16:15:07 GMT+0800 (CST) ] time is 678
[ Tue Aug 15 2017 16:15:07 GMT+0800 (CST) ] {"err":0,"msg":"JVcSPPqDJZbk3Gw4GqWCDf49zojuJVPNjf"}
[ Tue Aug 15 2017 16:15:07 GMT+0800 (CST) ] time is 679
[ Tue Aug 15 2017 16:15:07 GMT+0800 (CST) ] {"err":0,"msg":"JRXkPoNQyJSDPhV4aiyXiwRC21yoBvri42"}
[ Tue Aug 15 2017 16:15:07 GMT+0800 (CST) ] time is 680
[ Tue Aug 15 2017 16:15:07 GMT+0800 (CST) ] {"err":0,"msg":"JM6jTVGCVXhE8FrvwkEYFz8q8H8YKizBr5"}
[ Tue Aug 15 2017 16:15:07 GMT+0800 (CST) ] time is 681
[ Tue Aug 15 2017 16:15:07 GMT+0800 (CST) ] {"err":0,"msg":"JTozDVZrgmYGxrAooXmZ2gJhn9Ec3EW3Br"}
[ Tue Aug 15 2017 16:15:07 GMT+0800 (CST) ] {"err":0,"msg":"JZjcHbYyxzZUFT9PGPLspk2YzQm6ozW6Hh"}
[ Tue Aug 15 2017 16:15:07 GMT+0800 (CST) ] time is 682
[ Tue Aug 15 2017 16:15:07 GMT+0800 (CST) ] time is 683
[ Tue Aug 15 2017 16:15:07 GMT+0800 (CST) ] {"err":0,"msg":"JPf3cZbjkhLkAqjDTWuqFJN4p7NRaX27G9"}
[ Tue Aug 15 2017 16:15:07 GMT+0800 (CST) ] time is 684
[ Tue Aug 15 2017 16:15:07 GMT+0800 (CST) ] {"err":0,"msg":"JJbzQzX9NVSaMbSjrSwneHVCXWPF8qFJW3"}
[ Tue Aug 15 2017 16:15:07 GMT+0800 (CST) ] time is 685
[ Tue Aug 15 2017 16:15:07 GMT+0800 (CST) ] {"err":0,"msg":"Jg9ZuK38VdfCgRBUmhu9jM6yaoSi2NKiB4"}
[ Tue Aug 15 2017 16:15:07 GMT+0800 (CST) ] time is 686
[ Tue Aug 15 2017 16:15:07 GMT+0800 (CST) ] {"err":0,"msg":"JZSKY7R3GN7QhjHAkzdYQz2WGrwU4rukEL"}
[ Tue Aug 15 2017 16:15:07 GMT+0800 (CST) ] time is 687
[ Tue Aug 15 2017 16:15:07 GMT+0800 (CST) ] {"err":0,"msg":"JaWWihMNWJzu4dJr7inHWC6DtRkHtiPpgm"}
[ Tue Aug 15 2017 16:15:07 GMT+0800 (CST) ] {"err":0,"msg":"JTsaaXCEe1VFpQQbyNDKE4EL2urAAFh68K"}
[ Tue Aug 15 2017 16:15:07 GMT+0800 (CST) ] time is 688
[ Tue Aug 15 2017 16:15:07 GMT+0800 (CST) ] {"err":0,"msg":"JgcnCRsQ3nakgLJvaHcnBsWdAG2PA2GBHn"}
[ Tue Aug 15 2017 16:15:07 GMT+0800 (CST) ] time is 689
[ Tue Aug 15 2017 16:15:07 GMT+0800 (CST) ] {"err":0,"msg":"JWgx5H5715dsDDWN4M3q7Jjwx2a9F4DRBu"}
[ Tue Aug 15 2017 16:15:07 GMT+0800 (CST) ] time is 690
[ Tue Aug 15 2017 16:15:07 GMT+0800 (CST) ] {"err":0,"msg":"Ja7eU5vaqqs2GrNjVfpy1GRYLmh1MkEQa8"}
[ Tue Aug 15 2017 16:15:07 GMT+0800 (CST) ] time is 691
[ Tue Aug 15 2017 16:15:07 GMT+0800 (CST) ] time is 692
[ Tue Aug 15 2017 16:15:07 GMT+0800 (CST) ] {"err":0,"msg":"JXeCYwj9gnDmfeJZpPwpQHRHatkhBp5PtW"}
[ Tue Aug 15 2017 16:15:07 GMT+0800 (CST) ] time is 693
[ Tue Aug 15 2017 16:15:07 GMT+0800 (CST) ] {"err":0,"msg":"JaCwBZnpvJDdWqQiUkhN8Nj4j2Sa7TBdod"}
[ Tue Aug 15 2017 16:15:07 GMT+0800 (CST) ] time is 694
[ Tue Aug 15 2017 16:15:07 GMT+0800 (CST) ] {"err":0,"msg":"JexcV8SMvnr25Wt5aNQkoCCkwevdevfYh7"}
[ Tue Aug 15 2017 16:15:07 GMT+0800 (CST) ] time is 695
[ Tue Aug 15 2017 16:15:07 GMT+0800 (CST) ] {"err":0,"msg":"Jhc8S5qDDMqCg6NiPS21DW9fKCynjSB8PY"}
[ Tue Aug 15 2017 16:15:07 GMT+0800 (CST) ] time is 696
[ Tue Aug 15 2017 16:15:07 GMT+0800 (CST) ] {"err":0,"msg":"JhLw4vR6XueW4yixd7v6qMNMZWeWAdnxw2"}
[ Tue Aug 15 2017 16:15:07 GMT+0800 (CST) ] time is 697
[ Tue Aug 15 2017 16:15:07 GMT+0800 (CST) ] {"err":0,"msg":"JULmHLrreKWuLTGmQyRv3uvY2wQV1RyXcU"}
[ Tue Aug 15 2017 16:15:07 GMT+0800 (CST) ] time is 698
[ Tue Aug 15 2017 16:15:07 GMT+0800 (CST) ] {"err":0,"msg":"JScbQYyLxH3okFfuBaJX4konBmShf2aq2V"}
[ Tue Aug 15 2017 16:15:07 GMT+0800 (CST) ] time is 699
[ Tue Aug 15 2017 16:15:07 GMT+0800 (CST) ] {"err":0,"msg":"Ja7txoG2SP6VneDy5Y1DR3bChzhrBLG6Q8"}
[ Tue Aug 15 2017 16:15:07 GMT+0800 (CST) ] time is 700
[ Tue Aug 15 2017 16:15:07 GMT+0800 (CST) ] {"err":0,"msg":"JWuBLrJmCUefV1rEkmMffptZu4DfgsVYe2"}
[ Tue Aug 15 2017 16:15:07 GMT+0800 (CST) ] time is 701
[ Tue Aug 15 2017 16:15:07 GMT+0800 (CST) ] {"err":0,"msg":"JL3EmqGfgMstccAGhFJLSSWf92hpAorCwb"}
[ Tue Aug 15 2017 16:15:07 GMT+0800 (CST) ] time is 702
[ Tue Aug 15 2017 16:15:07 GMT+0800 (CST) ] {"err":0,"msg":"JLvGA9d2RCULEAMCVT12TfDbijPb28pish"}
[ Tue Aug 15 2017 16:15:07 GMT+0800 (CST) ] time is 703
[ Tue Aug 15 2017 16:15:07 GMT+0800 (CST) ] {"err":0,"msg":"JfS7eWkdVdWREFjm8atPsBFEWNyCeTXYsq"}
[ Tue Aug 15 2017 16:15:07 GMT+0800 (CST) ] time is 704
[ Tue Aug 15 2017 16:15:07 GMT+0800 (CST) ] {"err":0,"msg":"JVsajCALept1KfErprbveYb1vAck9foKqy"}
[ Tue Aug 15 2017 16:15:07 GMT+0800 (CST) ] time is 705
[ Tue Aug 15 2017 16:15:07 GMT+0800 (CST) ] {"err":0,"msg":"JPmnKjx75R6cLi88UrwSp5EkMeaZDLidKY"}
[ Tue Aug 15 2017 16:15:07 GMT+0800 (CST) ] time is 706
[ Tue Aug 15 2017 16:15:07 GMT+0800 (CST) ] {"err":0,"msg":"JZTZ9QDWVuauUSHmg7MtmhBhaQD5u57xE1"}
[ Tue Aug 15 2017 16:15:07 GMT+0800 (CST) ] time is 707
[ Tue Aug 15 2017 16:15:07 GMT+0800 (CST) ] {"err":0,"msg":"JeEtFMTbPV3fj9Mpwck3yXCfPLuPANt92S"}
[ Tue Aug 15 2017 16:15:07 GMT+0800 (CST) ] time is 708
[ Tue Aug 15 2017 16:15:07 GMT+0800 (CST) ] {"err":0,"msg":"JVnWv61bdqmXYTfz1zc48NCSWNYRgnPAMM"}
[ Tue Aug 15 2017 16:15:07 GMT+0800 (CST) ] time is 709
[ Tue Aug 15 2017 16:15:07 GMT+0800 (CST) ] {"err":0,"msg":"JPTdKa4bAEL5NdJFViStgndK8BqZ9i1YPQ"}
[ Tue Aug 15 2017 16:15:07 GMT+0800 (CST) ] time is 710
[ Tue Aug 15 2017 16:15:07 GMT+0800 (CST) ] {"err":0,"msg":"JMcrwUMCdUGpxT62rfn7CYjYQ5q8UUGUsx"}
[ Tue Aug 15 2017 16:15:07 GMT+0800 (CST) ] time is 711
[ Tue Aug 15 2017 16:15:07 GMT+0800 (CST) ] {"err":0,"msg":"JXXY1PnyxpMc2WxXgt1YLrwTJQFR7hddxW"}
[ Tue Aug 15 2017 16:15:07 GMT+0800 (CST) ] time is 712
[ Tue Aug 15 2017 16:15:07 GMT+0800 (CST) ] {"err":0,"msg":"JMftdoSRc9ukgU4hPPNFZFSeseEemJ9vcj"}
[ Tue Aug 15 2017 16:15:07 GMT+0800 (CST) ] time is 713
[ Tue Aug 15 2017 16:15:07 GMT+0800 (CST) ] {"err":0,"msg":"JbxR45vrN7TKHJUyh2R9UZL6gLDxvtwCro"}
[ Tue Aug 15 2017 16:15:07 GMT+0800 (CST) ] time is 714
[ Tue Aug 15 2017 16:15:07 GMT+0800 (CST) ] {"err":0,"msg":"JdqyB9mW8tq6nBQDQZgymM4uMdghvuEr18"}
[ Tue Aug 15 2017 16:15:07 GMT+0800 (CST) ] time is 715
[ Tue Aug 15 2017 16:15:07 GMT+0800 (CST) ] {"err":0,"msg":"JQXn8a8yi5zq8wNUVyGBFVR7YWCkssWpuU"}
[ Tue Aug 15 2017 16:15:08 GMT+0800 (CST) ] time is 716
[ Tue Aug 15 2017 16:15:08 GMT+0800 (CST) ] {"err":0,"msg":"JckSEKe8eVxZWncvK6JK2QB9Bz2Aro9PWb"}
[ Tue Aug 15 2017 16:15:08 GMT+0800 (CST) ] time is 717
[ Tue Aug 15 2017 16:15:08 GMT+0800 (CST) ] {"err":0,"msg":"Jb5dR8nnVtHfyWzqSD1ZG93dWUQcJ9VMDi"}
[ Tue Aug 15 2017 16:15:08 GMT+0800 (CST) ] time is 718
[ Tue Aug 15 2017 16:15:08 GMT+0800 (CST) ] {"err":0,"msg":"JLFWkLPabs8oPKW3DCzzRhtnbMjXgpgG1H"}
[ Tue Aug 15 2017 16:15:08 GMT+0800 (CST) ] time is 719
[ Tue Aug 15 2017 16:15:08 GMT+0800 (CST) ] {"err":0,"msg":"JKpKuNXvvLagjUjLXQpARFadqx54nn91rL"}
[ Tue Aug 15 2017 16:15:08 GMT+0800 (CST) ] time is 720
[ Tue Aug 15 2017 16:15:08 GMT+0800 (CST) ] {"err":0,"msg":"Jh3kg9i3aKvC3Bz63oSKJKwVnqc42EQB1j"}
[ Tue Aug 15 2017 16:15:08 GMT+0800 (CST) ] time is 721
[ Tue Aug 15 2017 16:15:08 GMT+0800 (CST) ] {"err":0,"msg":"JWKWuvPysPjfaTjjf65anigLu5EsnEnmJj"}
[ Tue Aug 15 2017 16:15:08 GMT+0800 (CST) ] time is 722
[ Tue Aug 15 2017 16:15:08 GMT+0800 (CST) ] {"err":0,"msg":"JbpPtuXhU1NbmztKMFCmgszsPgG5sbT7uG"}
[ Tue Aug 15 2017 16:15:08 GMT+0800 (CST) ] time is 723
[ Tue Aug 15 2017 16:15:08 GMT+0800 (CST) ] {"err":0,"msg":"JM8KSJzdQodA6et1fALJWJ47axj49EJPp5"}
[ Tue Aug 15 2017 16:15:08 GMT+0800 (CST) ] time is 724
[ Tue Aug 15 2017 16:15:08 GMT+0800 (CST) ] {"err":0,"msg":"JaQXQ5XuSvaMuvEJbBsiycSqK5tZyDhDm1"}
[ Tue Aug 15 2017 16:15:08 GMT+0800 (CST) ] time is 725
[ Tue Aug 15 2017 16:15:08 GMT+0800 (CST) ] {"err":0,"msg":"Jh1bgtGwcetFPpfUMtnUFZDixZnq5bKGNY"}
[ Tue Aug 15 2017 16:15:08 GMT+0800 (CST) ] time is 726
[ Tue Aug 15 2017 16:15:08 GMT+0800 (CST) ] {"err":0,"msg":"JJatoYESuFYX4tvWF2wngujte5YCFo7S6i"}
[ Tue Aug 15 2017 16:15:08 GMT+0800 (CST) ] time is 727
[ Tue Aug 15 2017 16:15:08 GMT+0800 (CST) ] {"err":0,"msg":"JS14QFbznEGRBoy8ViM3os82GX5KZwB7ne"}
[ Tue Aug 15 2017 16:15:08 GMT+0800 (CST) ] time is 728
[ Tue Aug 15 2017 16:15:08 GMT+0800 (CST) ] {"err":0,"msg":"Jdekx3XXr5Z7CJRsbYn12vd9oX5BG2qRVj"}
[ Tue Aug 15 2017 16:15:08 GMT+0800 (CST) ] time is 729
[ Tue Aug 15 2017 16:15:08 GMT+0800 (CST) ] {"err":0,"msg":"JQcUUzEtU6MwFm7CVGbven4aVgC6uESojj"}
[ Tue Aug 15 2017 16:15:08 GMT+0800 (CST) ] time is 730
[ Tue Aug 15 2017 16:15:08 GMT+0800 (CST) ] {"err":0,"msg":"Jcumdf5iBPQkBxDvpHE2QHYAJpGYQtRdn7"}
[ Tue Aug 15 2017 16:15:08 GMT+0800 (CST) ] time is 731
[ Tue Aug 15 2017 16:15:08 GMT+0800 (CST) ] {"err":0,"msg":"JhpzzSpwxazjpS9YrXbfh8xxS2UkbKN5w7"}
[ Tue Aug 15 2017 16:15:08 GMT+0800 (CST) ] time is 732
[ Tue Aug 15 2017 16:15:08 GMT+0800 (CST) ] {"err":0,"msg":"JVggV5KKzY6sRPu2Zwk3qoryGiGRLdWwH3"}
[ Tue Aug 15 2017 16:15:08 GMT+0800 (CST) ] time is 733
[ Tue Aug 15 2017 16:15:08 GMT+0800 (CST) ] {"err":0,"msg":"JMU8WDPEjqRmGfExB11iv4P4WTBt3hK9Vz"}
[ Tue Aug 15 2017 16:15:08 GMT+0800 (CST) ] time is 734
[ Tue Aug 15 2017 16:15:08 GMT+0800 (CST) ] {"err":0,"msg":"JbjodaNJUhAPPGVJ79VJPbjUpVGahpgBTz"}
[ Tue Aug 15 2017 16:15:08 GMT+0800 (CST) ] time is 735
[ Tue Aug 15 2017 16:15:08 GMT+0800 (CST) ] {"err":0,"msg":"JLxQoUp7DimhD3nGQjSdgJ2upskQSaSzbk"}
[ Tue Aug 15 2017 16:15:08 GMT+0800 (CST) ] time is 736
[ Tue Aug 15 2017 16:15:08 GMT+0800 (CST) ] {"err":0,"msg":"JPd4Mac68orvqxGEfXHvEPLCdESUzzZPt7"}
[ Tue Aug 15 2017 16:15:08 GMT+0800 (CST) ] time is 737
[ Tue Aug 15 2017 16:15:08 GMT+0800 (CST) ] {"err":0,"msg":"JYF6zJcGRHeLLrHBz4TMuEZJ2oVWrnhhtC"}
[ Tue Aug 15 2017 16:15:08 GMT+0800 (CST) ] time is 738
[ Tue Aug 15 2017 16:15:08 GMT+0800 (CST) ] {"err":0,"msg":"JLXsTBKGN9VLVLD5YspDQ99xAyyKqNxj1o"}
[ Tue Aug 15 2017 16:15:08 GMT+0800 (CST) ] time is 739
[ Tue Aug 15 2017 16:15:08 GMT+0800 (CST) ] {"err":0,"msg":"JhqoKs44vTgeW94GZSKd6N1E7QzBDrsp7J"}
[ Tue Aug 15 2017 16:15:08 GMT+0800 (CST) ] time is 740
[ Tue Aug 15 2017 16:15:08 GMT+0800 (CST) ] {"err":0,"msg":"JW6oLP8ZjrM8wEiu71mudnBM8czyq1fN6B"}
[ Tue Aug 15 2017 16:15:08 GMT+0800 (CST) ] time is 741
[ Tue Aug 15 2017 16:15:08 GMT+0800 (CST) ] {"err":0,"msg":"JdKPfRgAG9xBGUKayvNY6bK9Nv5qu8VM1i"}
[ Tue Aug 15 2017 16:15:08 GMT+0800 (CST) ] time is 742
[ Tue Aug 15 2017 16:15:08 GMT+0800 (CST) ] {"err":0,"msg":"JLK192KaXDkhf4H3oFEshQhPiyYPixSW6E"}
[ Tue Aug 15 2017 16:15:08 GMT+0800 (CST) ] time is 743
[ Tue Aug 15 2017 16:15:08 GMT+0800 (CST) ] {"err":0,"msg":"JUYsVYZZoLJvdZpwk57eKFpCejUaxwYG1N"}
[ Tue Aug 15 2017 16:15:08 GMT+0800 (CST) ] time is 744
[ Tue Aug 15 2017 16:15:08 GMT+0800 (CST) ] {"err":0,"msg":"JdvHuWZpq7R4nciMFwcTQGPnBxvtuXW1zu"}
[ Tue Aug 15 2017 16:15:08 GMT+0800 (CST) ] time is 745
[ Tue Aug 15 2017 16:15:08 GMT+0800 (CST) ] {"err":0,"msg":"JJiHd6tENWsAfHAwnLeRMsvNtbjxKZmeE5"}
[ Tue Aug 15 2017 16:15:08 GMT+0800 (CST) ] time is 746
[ Tue Aug 15 2017 16:15:08 GMT+0800 (CST) ] {"err":0,"msg":"JbVxbCdjtTdDKUECP8JZwkJD7Q4NKNf1c7"}
[ Tue Aug 15 2017 16:15:08 GMT+0800 (CST) ] time is 747
[ Tue Aug 15 2017 16:15:08 GMT+0800 (CST) ] {"err":0,"msg":"JhWoLw6tvxP7fMNpKmJCyL6Rrf3zSXmZX4"}
[ Tue Aug 15 2017 16:15:08 GMT+0800 (CST) ] time is 748
[ Tue Aug 15 2017 16:15:08 GMT+0800 (CST) ] {"err":0,"msg":"JaPrUK9VxpvL7zTGPKVwDSYHRH8yRGbNoM"}
[ Tue Aug 15 2017 16:15:08 GMT+0800 (CST) ] time is 749
[ Tue Aug 15 2017 16:15:08 GMT+0800 (CST) ] {"err":0,"msg":"JaKacURzNKoHhYiRhNNynCpABGBYaFDe2T"}
[ Tue Aug 15 2017 16:15:08 GMT+0800 (CST) ] time is 750
[ Tue Aug 15 2017 16:15:08 GMT+0800 (CST) ] {"err":0,"msg":"JLrtbioeq4dxvr1tYi25Ss5vQwRqQ8QdNs"}
[ Tue Aug 15 2017 16:15:08 GMT+0800 (CST) ] time is 751
[ Tue Aug 15 2017 16:15:08 GMT+0800 (CST) ] {"err":0,"msg":"JbwpDbfZcU5YqKmerbz7QTxohuzv2HaXWe"}
[ Tue Aug 15 2017 16:15:08 GMT+0800 (CST) ] time is 752
[ Tue Aug 15 2017 16:15:08 GMT+0800 (CST) ] {"err":0,"msg":"JXiEzX1BnHbggJEDhRbSJAF3zFm2hsCHtu"}
[ Tue Aug 15 2017 16:15:08 GMT+0800 (CST) ] time is 753
[ Tue Aug 15 2017 16:15:08 GMT+0800 (CST) ] {"err":0,"msg":"JM2pihzXZVHrhfju58uXjmej7FsZJp1E51"}
[ Tue Aug 15 2017 16:15:08 GMT+0800 (CST) ] time is 754
[ Tue Aug 15 2017 16:15:08 GMT+0800 (CST) ] {"err":0,"msg":"JMRUTKi4iRPpKdcNQ7ztisuXwvfGUUFZxx"}
[ Tue Aug 15 2017 16:15:08 GMT+0800 (CST) ] time is 755
[ Tue Aug 15 2017 16:15:08 GMT+0800 (CST) ] {"err":0,"msg":"JSiCBP8BgDuoUDDMM119XjkMbeqd494a6c"}
[ Tue Aug 15 2017 16:15:09 GMT+0800 (CST) ] time is 756
[ Tue Aug 15 2017 16:15:09 GMT+0800 (CST) ] {"err":0,"msg":"JhjdgaXmKPe5v9cWeBuk9bS3HzXVbJBHyE"}
[ Tue Aug 15 2017 16:15:09 GMT+0800 (CST) ] time is 757
[ Tue Aug 15 2017 16:15:09 GMT+0800 (CST) ] {"err":0,"msg":"JYxfnF5whA5Dx5eakEi9vyh68LyoLuZrYL"}
[ Tue Aug 15 2017 16:15:09 GMT+0800 (CST) ] time is 758
[ Tue Aug 15 2017 16:15:09 GMT+0800 (CST) ] {"err":0,"msg":"JRXqQvpoSs73zrTys9LV7JVJUBFZcfHqCs"}
[ Tue Aug 15 2017 16:15:09 GMT+0800 (CST) ] time is 759
[ Tue Aug 15 2017 16:15:09 GMT+0800 (CST) ] {"err":0,"msg":"JP4UVg61CVG36zHmXXU8BJWuEQji2v59nW"}
[ Tue Aug 15 2017 16:15:09 GMT+0800 (CST) ] time is 760
[ Tue Aug 15 2017 16:15:09 GMT+0800 (CST) ] {"err":0,"msg":"JeAsxo3T7cEG7kMGDvaCFH3uiEDLVYqtHr"}
[ Tue Aug 15 2017 16:15:09 GMT+0800 (CST) ] time is 761
[ Tue Aug 15 2017 16:15:09 GMT+0800 (CST) ] {"err":0,"msg":"Jcj2fFPJi585bgGLVxpGpFhfBMYmGPe5d4"}
[ Tue Aug 15 2017 16:15:09 GMT+0800 (CST) ] time is 762
[ Tue Aug 15 2017 16:15:09 GMT+0800 (CST) ] {"err":0,"msg":"JPgBqLBxno8tCcAwNxuswCudqaF4zwpNUg"}
[ Tue Aug 15 2017 16:15:09 GMT+0800 (CST) ] time is 763
[ Tue Aug 15 2017 16:15:09 GMT+0800 (CST) ] {"err":0,"msg":"JL2SM6hfR3izCBnQ21cPAyh2r1J3UQ7Kiq"}
[ Tue Aug 15 2017 16:15:09 GMT+0800 (CST) ] time is 764
[ Tue Aug 15 2017 16:15:09 GMT+0800 (CST) ] {"err":0,"msg":"JN5wZBR1Ki4dxDRvxjepFsAGuHXmgyUvra"}
[ Tue Aug 15 2017 16:15:09 GMT+0800 (CST) ] time is 765
[ Tue Aug 15 2017 16:15:09 GMT+0800 (CST) ] {"err":0,"msg":"JbMYeBRN9WnqAVmoCZTdr4q38TGuX6WGKD"}
[ Tue Aug 15 2017 16:15:09 GMT+0800 (CST) ] {"err":0,"msg":"JeZ4AEixQPPJB9LgRc4emZRUoXd7qS5Psb"}
[ Tue Aug 15 2017 16:15:09 GMT+0800 (CST) ] time is 766
[ Tue Aug 15 2017 16:15:09 GMT+0800 (CST) ] time is 767
[ Tue Aug 15 2017 16:15:09 GMT+0800 (CST) ] {"err":0,"msg":"JVDBNc1KXfgTJMJaCLxkCTBhpbaWjGSjs3"}
[ Tue Aug 15 2017 16:15:09 GMT+0800 (CST) ] time is 768
[ Tue Aug 15 2017 16:15:09 GMT+0800 (CST) ] {"err":0,"msg":"JNtyLctpruTjxM2C75pQAARrAMREbLGHJ3"}
[ Tue Aug 15 2017 16:15:09 GMT+0800 (CST) ] time is 769
[ Tue Aug 15 2017 16:15:09 GMT+0800 (CST) ] {"err":0,"msg":"JYyL7GQxhkov33bNX1ZT2Ag17rUZnRbSNj"}
[ Tue Aug 15 2017 16:15:09 GMT+0800 (CST) ] time is 770
[ Tue Aug 15 2017 16:15:09 GMT+0800 (CST) ] {"err":0,"msg":"JeuAW5QDXwZgsZ5WuQp8focB3Y3KYGvJcf"}
[ Tue Aug 15 2017 16:15:09 GMT+0800 (CST) ] time is 771
[ Tue Aug 15 2017 16:15:09 GMT+0800 (CST) ] {"err":0,"msg":"JLVfJx2coh1c6dYSxpVMAdnFgYBnR33voN"}
[ Tue Aug 15 2017 16:15:09 GMT+0800 (CST) ] time is 772
[ Tue Aug 15 2017 16:15:09 GMT+0800 (CST) ] {"err":0,"msg":"JRVhowYn3qbm1KU5qmHPfUb2CudJmVa2X9"}
[ Tue Aug 15 2017 16:15:09 GMT+0800 (CST) ] time is 773
[ Tue Aug 15 2017 16:15:09 GMT+0800 (CST) ] {"err":0,"msg":"JeQTe3gVHgat3Z7gFE5Cmpm6A6ddpq75xK"}
[ Tue Aug 15 2017 16:15:09 GMT+0800 (CST) ] time is 774
[ Tue Aug 15 2017 16:15:09 GMT+0800 (CST) ] {"err":0,"msg":"JaWHFL5hVQGThoQ7WopxbA9fgFtyTpcYq1"}
[ Tue Aug 15 2017 16:15:09 GMT+0800 (CST) ] time is 775
[ Tue Aug 15 2017 16:15:09 GMT+0800 (CST) ] {"err":0,"msg":"JaTzqiubvQDWGTXPtZpcsebUAL7TdCmK7e"}
[ Tue Aug 15 2017 16:15:09 GMT+0800 (CST) ] time is 776
[ Tue Aug 15 2017 16:15:09 GMT+0800 (CST) ] {"err":0,"msg":"JUvmGi6iKCwk4tYmKYAwam8zMagV3TDUaN"}
[ Tue Aug 15 2017 16:15:09 GMT+0800 (CST) ] time is 777
[ Tue Aug 15 2017 16:15:09 GMT+0800 (CST) ] {"err":0,"msg":"JUBSaBTgo7FdDcDX2iB1aNv5nKHUVRW7Fv"}
[ Tue Aug 15 2017 16:15:09 GMT+0800 (CST) ] time is 778
[ Tue Aug 15 2017 16:15:09 GMT+0800 (CST) ] {"err":0,"msg":"JVMF1kXLFGB4ZrwMx6YduxxWLX35vYk4rW"}
[ Tue Aug 15 2017 16:15:09 GMT+0800 (CST) ] time is 779
[ Tue Aug 15 2017 16:15:09 GMT+0800 (CST) ] {"err":0,"msg":"JQVU2YKhxZHx3pxSeB5kmAFrLfhESrNYCG"}
[ Tue Aug 15 2017 16:15:09 GMT+0800 (CST) ] time is 780
[ Tue Aug 15 2017 16:15:09 GMT+0800 (CST) ] {"err":0,"msg":"JhVfXfpz9iLZa6GBw13JqeGm98JHEaypdq"}
[ Tue Aug 15 2017 16:15:09 GMT+0800 (CST) ] time is 781
[ Tue Aug 15 2017 16:15:09 GMT+0800 (CST) ] {"err":0,"msg":"JWUrgeZpnjFU1eWY3ufhCrS459qWdXuyXY"}
[ Tue Aug 15 2017 16:15:09 GMT+0800 (CST) ] time is 782
[ Tue Aug 15 2017 16:15:09 GMT+0800 (CST) ] {"err":0,"msg":"JRociVBPeebXVnjRvXVsRmzRAEQeTuFtz6"}
[ Tue Aug 15 2017 16:15:09 GMT+0800 (CST) ] time is 783
[ Tue Aug 15 2017 16:15:09 GMT+0800 (CST) ] {"err":0,"msg":"JfDrGwg853AdVN6HDeZHarGN4pPVzShcuV"}
[ Tue Aug 15 2017 16:15:09 GMT+0800 (CST) ] time is 784
[ Tue Aug 15 2017 16:15:09 GMT+0800 (CST) ] {"err":0,"msg":"JTqsYtxmK8AedyZCnf8gB8LVuDAqQV3K4P"}
[ Tue Aug 15 2017 16:15:09 GMT+0800 (CST) ] time is 785
[ Tue Aug 15 2017 16:15:09 GMT+0800 (CST) ] {"err":0,"msg":"JLZZK3pmNqaA1myWnpigDeKrjgmLafcBzy"}
[ Tue Aug 15 2017 16:15:09 GMT+0800 (CST) ] time is 786
[ Tue Aug 15 2017 16:15:09 GMT+0800 (CST) ] {"err":0,"msg":"Je3Nqyfzw4pQgTLSjK3hkrYXQn7ZdTfuHk"}
[ Tue Aug 15 2017 16:15:09 GMT+0800 (CST) ] time is 787
[ Tue Aug 15 2017 16:15:09 GMT+0800 (CST) ] {"err":0,"msg":"JPeMR8cohTN8HXufWWQKQMGC3BsE3RiohY"}
[ Tue Aug 15 2017 16:15:09 GMT+0800 (CST) ] time is 788
[ Tue Aug 15 2017 16:15:09 GMT+0800 (CST) ] {"err":0,"msg":"Ja8bvXg9nXsa68BJShcY4jbfKM73CytYWD"}
[ Tue Aug 15 2017 16:15:09 GMT+0800 (CST) ] time is 789
[ Tue Aug 15 2017 16:15:09 GMT+0800 (CST) ] {"err":0,"msg":"JgHspFXha7WWs9QmpsSYbmHrEHeENUzhuR"}
[ Tue Aug 15 2017 16:15:09 GMT+0800 (CST) ] time is 790
[ Tue Aug 15 2017 16:15:09 GMT+0800 (CST) ] {"err":0,"msg":"JWjRitohNfMaWSutriy8ZbvCYwQrpXYuuC"}
[ Tue Aug 15 2017 16:15:09 GMT+0800 (CST) ] time is 791
[ Tue Aug 15 2017 16:15:09 GMT+0800 (CST) ] {"err":0,"msg":"JQckyTbZczbryYrMfYPbjsmYra7WM91LDh"}
[ Tue Aug 15 2017 16:15:09 GMT+0800 (CST) ] time is 792
[ Tue Aug 15 2017 16:15:09 GMT+0800 (CST) ] {"err":0,"msg":"Ja7Z8iLrQWdsggZCMdkGBmJ5Drcmxi83R5"}
[ Tue Aug 15 2017 16:15:09 GMT+0800 (CST) ] time is 793
[ Tue Aug 15 2017 16:15:09 GMT+0800 (CST) ] {"err":0,"msg":"JPot441fm9QMKvRtoSbZaQdN4hjbCgbAKA"}
[ Tue Aug 15 2017 16:15:09 GMT+0800 (CST) ] time is 794
[ Tue Aug 15 2017 16:15:09 GMT+0800 (CST) ] {"err":0,"msg":"JSuQBauDKMmAhdiqvCcnZ7uqkbpU2qVQ5f"}
[ Tue Aug 15 2017 16:15:10 GMT+0800 (CST) ] time is 795
[ Tue Aug 15 2017 16:15:10 GMT+0800 (CST) ] {"err":0,"msg":"JKMy2Jxt63jY1PvofEcr3r1RYoGcfA6npc"}
[ Tue Aug 15 2017 16:15:10 GMT+0800 (CST) ] time is 796
[ Tue Aug 15 2017 16:15:10 GMT+0800 (CST) ] {"err":0,"msg":"JhKvqrzbd1hkteDZX5i2PE2ofJKN24dk3w"}
[ Tue Aug 15 2017 16:15:10 GMT+0800 (CST) ] time is 797
[ Tue Aug 15 2017 16:15:10 GMT+0800 (CST) ] {"err":0,"msg":"JZJ1aHrzv4bG23d32CHS88VmDe2MG1tYZD"}
[ Tue Aug 15 2017 16:15:10 GMT+0800 (CST) ] time is 798
[ Tue Aug 15 2017 16:15:10 GMT+0800 (CST) ] {"err":0,"msg":"Ja1Yuwe4S8bEMz3LT52e3xQCTQu8tNoNVy"}
[ Tue Aug 15 2017 16:15:10 GMT+0800 (CST) ] time is 799
[ Tue Aug 15 2017 16:15:10 GMT+0800 (CST) ] {"err":0,"msg":"JQNfZ4tqrJRPiMQCYLiZiArKxQE3Yhbccu"}
[ Tue Aug 15 2017 16:15:10 GMT+0800 (CST) ] time is 800
[ Tue Aug 15 2017 16:15:10 GMT+0800 (CST) ] {"err":0,"msg":"JLMhzY3Uhs6asr4gfWQjgZ1LewxTLWaffr"}
[ Tue Aug 15 2017 16:15:10 GMT+0800 (CST) ] time is 801
[ Tue Aug 15 2017 16:15:10 GMT+0800 (CST) ] {"err":0,"msg":"JK7xZjMUPtk6VaY9bLvbd6bRoriknCv77s"}
[ Tue Aug 15 2017 16:15:10 GMT+0800 (CST) ] time is 802
[ Tue Aug 15 2017 16:15:10 GMT+0800 (CST) ] {"err":0,"msg":"JaKkNGNP4z4zucS2kC7nSnKGWbmJLqNdRj"}
[ Tue Aug 15 2017 16:15:10 GMT+0800 (CST) ] time is 803
[ Tue Aug 15 2017 16:15:10 GMT+0800 (CST) ] {"err":0,"msg":"JKkaDoULQgHHzdM6cMDBdEPBD2DwLjvP2T"}
[ Tue Aug 15 2017 16:15:10 GMT+0800 (CST) ] time is 804
[ Tue Aug 15 2017 16:15:10 GMT+0800 (CST) ] {"err":0,"msg":"JbgZyaBmCBFX1vpAMdARGkTZcuNpGsHseb"}
[ Tue Aug 15 2017 16:15:10 GMT+0800 (CST) ] time is 805
[ Tue Aug 15 2017 16:15:10 GMT+0800 (CST) ] {"err":0,"msg":"JYwE2fwrvX5EEd9ePgXjnkwfaNzG3Qmbqq"}
[ Tue Aug 15 2017 16:15:10 GMT+0800 (CST) ] time is 806
[ Tue Aug 15 2017 16:15:10 GMT+0800 (CST) ] {"err":0,"msg":"JVFrzDHwMXxsjg9t5yxxodtS1nQdYrfknx"}
[ Tue Aug 15 2017 16:15:10 GMT+0800 (CST) ] time is 807
[ Tue Aug 15 2017 16:15:10 GMT+0800 (CST) ] {"err":0,"msg":"Jdc9z97YmVBkumeNpoSmEuuVMV29tDqmTr"}
[ Tue Aug 15 2017 16:15:10 GMT+0800 (CST) ] time is 808
[ Tue Aug 15 2017 16:15:10 GMT+0800 (CST) ] {"err":0,"msg":"Ja2t4Vj93tyt9VGE98r9kiHyRWge3Rvzwy"}
[ Tue Aug 15 2017 16:15:10 GMT+0800 (CST) ] time is 809
[ Tue Aug 15 2017 16:15:10 GMT+0800 (CST) ] {"err":0,"msg":"JaGgZsYbrWDAS4u1uzBSLzi2CopgivMFwS"}
[ Tue Aug 15 2017 16:15:10 GMT+0800 (CST) ] time is 810
[ Tue Aug 15 2017 16:15:10 GMT+0800 (CST) ] {"err":0,"msg":"JRXN4eNhDSAEdSjoa3ED8X8ngfKciruNnt"}
[ Tue Aug 15 2017 16:15:10 GMT+0800 (CST) ] time is 811
[ Tue Aug 15 2017 16:15:10 GMT+0800 (CST) ] {"err":0,"msg":"JeU8YQ2dQyeb63r6jmGgMEsAY9HrsW5Ry7"}
[ Tue Aug 15 2017 16:15:10 GMT+0800 (CST) ] time is 812
[ Tue Aug 15 2017 16:15:10 GMT+0800 (CST) ] {"err":0,"msg":"JLhn17mew7TLApAKq4UJXvgvHME5T2pA6U"}
[ Tue Aug 15 2017 16:15:10 GMT+0800 (CST) ] time is 813
[ Tue Aug 15 2017 16:15:10 GMT+0800 (CST) ] {"err":0,"msg":"JbBLDWGfPNr2ojWw8JTPhzLKmGF7d2QYq1"}
[ Tue Aug 15 2017 16:15:10 GMT+0800 (CST) ] time is 814
[ Tue Aug 15 2017 16:15:10 GMT+0800 (CST) ] {"err":0,"msg":"JPh1UgxNKvCMuwhzKhWBSwT7MA4kfKxQHq"}
[ Tue Aug 15 2017 16:15:10 GMT+0800 (CST) ] time is 815
[ Tue Aug 15 2017 16:15:10 GMT+0800 (CST) ] {"err":0,"msg":"JMNFDbTc2NskQpTmSffXamMNyTfAb9H5LF"}
[ Tue Aug 15 2017 16:15:10 GMT+0800 (CST) ] time is 816
[ Tue Aug 15 2017 16:15:10 GMT+0800 (CST) ] {"err":0,"msg":"JMUPWtUTACL1sV41kBVLMz7NjVAPfg8McU"}
[ Tue Aug 15 2017 16:15:10 GMT+0800 (CST) ] time is 817
[ Tue Aug 15 2017 16:15:10 GMT+0800 (CST) ] {"err":0,"msg":"JVKwrkoXM3FQovZiQmqZrvS53Xvqfp3Wrk"}
[ Tue Aug 15 2017 16:15:10 GMT+0800 (CST) ] time is 818
[ Tue Aug 15 2017 16:15:10 GMT+0800 (CST) ] {"err":0,"msg":"Jge8X2kEZyxR6jcstAL3zXiLBRb2ua4suU"}
[ Tue Aug 15 2017 16:15:10 GMT+0800 (CST) ] time is 819
[ Tue Aug 15 2017 16:15:10 GMT+0800 (CST) ] {"err":0,"msg":"JbGNs3e8XMnP3PE6v1KsfrFMJZaWMzAWZ7"}
[ Tue Aug 15 2017 16:15:10 GMT+0800 (CST) ] time is 820
[ Tue Aug 15 2017 16:15:10 GMT+0800 (CST) ] {"err":0,"msg":"Jd48GFS3ryFqBwg7R6c8tEVQKiJ821qxNT"}
[ Tue Aug 15 2017 16:15:10 GMT+0800 (CST) ] time is 821
[ Tue Aug 15 2017 16:15:10 GMT+0800 (CST) ] {"err":0,"msg":"JRssCwBQbMSkuVGFM7DgArbmSos67FPxXJ"}
[ Tue Aug 15 2017 16:15:10 GMT+0800 (CST) ] time is 822
[ Tue Aug 15 2017 16:15:10 GMT+0800 (CST) ] {"err":0,"msg":"JZReGTnWYByUfHuEv6imtkA2U7qCJZFTSj"}
[ Tue Aug 15 2017 16:15:10 GMT+0800 (CST) ] time is 823
[ Tue Aug 15 2017 16:15:10 GMT+0800 (CST) ] {"err":0,"msg":"JMnjMgWF7Hp5uHVAora3rx3CVQFUhvRsiF"}
[ Tue Aug 15 2017 16:15:10 GMT+0800 (CST) ] time is 824
[ Tue Aug 15 2017 16:15:10 GMT+0800 (CST) ] {"err":0,"msg":"JYjM4FUWijpbnbx3PJbqoacjzt5fLtUKdH"}
[ Tue Aug 15 2017 16:15:10 GMT+0800 (CST) ] time is 825
[ Tue Aug 15 2017 16:15:10 GMT+0800 (CST) ] {"err":0,"msg":"JK5BW4cnDSLkJgKrCBdvYpENFBYTPs9CaR"}
[ Tue Aug 15 2017 16:15:10 GMT+0800 (CST) ] time is 826
[ Tue Aug 15 2017 16:15:10 GMT+0800 (CST) ] {"err":0,"msg":"JNewPYLc5g34TYxDByt3we1VCviQdmBYWb"}
[ Tue Aug 15 2017 16:15:10 GMT+0800 (CST) ] time is 827
[ Tue Aug 15 2017 16:15:10 GMT+0800 (CST) ] {"err":0,"msg":"JNNXhgwrxD5nG5okYTaVFUivhjD94V8UN4"}
[ Tue Aug 15 2017 16:15:10 GMT+0800 (CST) ] time is 828
[ Tue Aug 15 2017 16:15:10 GMT+0800 (CST) ] {"err":0,"msg":"JNyDZo9UjqVr8Ua4K8PfFxZnZF5vUUeyFV"}
[ Tue Aug 15 2017 16:15:10 GMT+0800 (CST) ] time is 829
[ Tue Aug 15 2017 16:15:10 GMT+0800 (CST) ] {"err":0,"msg":"Jd73LET58qZQQgGFSBvPga4ySxXU7tpojE"}
[ Tue Aug 15 2017 16:15:10 GMT+0800 (CST) ] time is 830
[ Tue Aug 15 2017 16:15:10 GMT+0800 (CST) ] {"err":0,"msg":"JTA5W5B4AeUp5VaEuk1qRUWLXCm9hEtZuY"}
[ Tue Aug 15 2017 16:15:10 GMT+0800 (CST) ] time is 831
[ Tue Aug 15 2017 16:15:10 GMT+0800 (CST) ] {"err":0,"msg":"JSs8JdQyuHwdEZsJpBU1vTmhbzVZzMQ6dF"}
[ Tue Aug 15 2017 16:15:11 GMT+0800 (CST) ] time is 832
[ Tue Aug 15 2017 16:15:11 GMT+0800 (CST) ] {"err":0,"msg":"JU8eBCchCmu64gQ9AP6LhK7Zdp3uF4iGEP"}
[ Tue Aug 15 2017 16:15:11 GMT+0800 (CST) ] time is 833
[ Tue Aug 15 2017 16:15:11 GMT+0800 (CST) ] {"err":0,"msg":"JSmS8TWmyWnu3eSXvh63FLk1sYuxp6kuJm"}
[ Tue Aug 15 2017 16:15:11 GMT+0800 (CST) ] time is 834
[ Tue Aug 15 2017 16:15:11 GMT+0800 (CST) ] {"err":0,"msg":"JQDTpodY5dpB3KBCzmfLCxyLqjjz3tSgBG"}
[ Tue Aug 15 2017 16:15:11 GMT+0800 (CST) ] time is 835
[ Tue Aug 15 2017 16:15:11 GMT+0800 (CST) ] {"err":0,"msg":"JbZRLnA8qYoGgmaD4rRo4KqpsT4sR82RxZ"}
[ Tue Aug 15 2017 16:15:11 GMT+0800 (CST) ] time is 836
[ Tue Aug 15 2017 16:15:11 GMT+0800 (CST) ] {"err":0,"msg":"JfHVgnrPD1WXPZAeGQhGwHTcWPRLLfdr9A"}
[ Tue Aug 15 2017 16:15:11 GMT+0800 (CST) ] time is 837
[ Tue Aug 15 2017 16:15:11 GMT+0800 (CST) ] {"err":0,"msg":"JghdsZafvbuVBSrtXPKccgRYCzsLmdMwcf"}
[ Tue Aug 15 2017 16:15:11 GMT+0800 (CST) ] time is 838
[ Tue Aug 15 2017 16:15:11 GMT+0800 (CST) ] {"err":0,"msg":"JN2vz54F7C3KXMDBWo5WUgXfNp36RGaXwG"}
[ Tue Aug 15 2017 16:15:11 GMT+0800 (CST) ] time is 839
[ Tue Aug 15 2017 16:15:11 GMT+0800 (CST) ] {"err":0,"msg":"JLjWwDYDhkwH4nkW2QDY9hF947BzPG34KZ"}
[ Tue Aug 15 2017 16:15:11 GMT+0800 (CST) ] time is 840
[ Tue Aug 15 2017 16:15:11 GMT+0800 (CST) ] {"err":0,"msg":"JYJJcPT9hD1YJVZgRJNWDjGaqUgdbRD83W"}
[ Tue Aug 15 2017 16:15:11 GMT+0800 (CST) ] time is 841
[ Tue Aug 15 2017 16:15:11 GMT+0800 (CST) ] {"err":0,"msg":"JPnVpcExkhRYPMuW34aocnQLabAbe3Hp6j"}
[ Tue Aug 15 2017 16:15:11 GMT+0800 (CST) ] time is 842
[ Tue Aug 15 2017 16:15:11 GMT+0800 (CST) ] {"err":0,"msg":"JhNvd8kFG32hGPsP7PkXDvNns5NjHUeKRw"}
[ Tue Aug 15 2017 16:15:11 GMT+0800 (CST) ] time is 843
[ Tue Aug 15 2017 16:15:11 GMT+0800 (CST) ] {"err":0,"msg":"JZewKXJhzjmJHowxEb41mPuvCD8DSkv8AJ"}
[ Tue Aug 15 2017 16:15:11 GMT+0800 (CST) ] time is 844
[ Tue Aug 15 2017 16:15:11 GMT+0800 (CST) ] {"err":0,"msg":"JYQqtP3H1TqWJRfAYuqwvUKqDk2N3N8NX5"}
[ Tue Aug 15 2017 16:15:11 GMT+0800 (CST) ] time is 845
[ Tue Aug 15 2017 16:15:11 GMT+0800 (CST) ] {"err":0,"msg":"JJYUJqRkvHPc5ZL3iyoAeG7hKPP3LV8ZVq"}
[ Tue Aug 15 2017 16:15:11 GMT+0800 (CST) ] time is 846
[ Tue Aug 15 2017 16:15:11 GMT+0800 (CST) ] {"err":0,"msg":"JgLfdKeYHvh93RVunoqSvLpbVwpqid7x8M"}
[ Tue Aug 15 2017 16:15:11 GMT+0800 (CST) ] time is 847
[ Tue Aug 15 2017 16:15:11 GMT+0800 (CST) ] {"err":0,"msg":"JLbvvnZchVqnGs3ewEtLaxBWeoDLsUcsTm"}
[ Tue Aug 15 2017 16:15:11 GMT+0800 (CST) ] time is 848
[ Tue Aug 15 2017 16:15:11 GMT+0800 (CST) ] {"err":0,"msg":"JM4pL8NpvcWRrzDsn2sKJLAS6QjSxazFWN"}
[ Tue Aug 15 2017 16:15:11 GMT+0800 (CST) ] time is 849
[ Tue Aug 15 2017 16:15:11 GMT+0800 (CST) ] {"err":0,"msg":"Jg9ehRLzZB4MxTvVU2ct638qiD3cpcLk1x"}
[ Tue Aug 15 2017 16:15:11 GMT+0800 (CST) ] time is 850
[ Tue Aug 15 2017 16:15:11 GMT+0800 (CST) ] {"err":0,"msg":"Je63rjkhXhoD38DsWEEZXNjFH9iwSUU7YC"}
[ Tue Aug 15 2017 16:15:11 GMT+0800 (CST) ] time is 851
[ Tue Aug 15 2017 16:15:11 GMT+0800 (CST) ] {"err":0,"msg":"JT8BJEt7sQVW8vD8cJ7TMKhEDMmsJLnKoL"}
[ Tue Aug 15 2017 16:15:11 GMT+0800 (CST) ] time is 852
[ Tue Aug 15 2017 16:15:11 GMT+0800 (CST) ] {"err":0,"msg":"JX5czNR5fWh9uhM3TxNjfhhzHQY2Jsjz1W"}
[ Tue Aug 15 2017 16:15:11 GMT+0800 (CST) ] time is 853
[ Tue Aug 15 2017 16:15:11 GMT+0800 (CST) ] {"err":0,"msg":"JT4kVJZdaNPTYd2VaBLiruJibQkpgScpDu"}
[ Tue Aug 15 2017 16:15:11 GMT+0800 (CST) ] time is 854
[ Tue Aug 15 2017 16:15:11 GMT+0800 (CST) ] {"err":0,"msg":"JWUaHwrYe66sRCFErpFADhLPGJZemB9guT"}
[ Tue Aug 15 2017 16:15:11 GMT+0800 (CST) ] time is 855
[ Tue Aug 15 2017 16:15:11 GMT+0800 (CST) ] {"err":0,"msg":"JhpMLEpVbK5LsDw2EKLEA1EjRknWnBVUum"}
[ Tue Aug 15 2017 16:15:11 GMT+0800 (CST) ] time is 856
[ Tue Aug 15 2017 16:15:11 GMT+0800 (CST) ] {"err":0,"msg":"JVSaZMsH4767Pbf1P92yZidVYFhffMbxVc"}
[ Tue Aug 15 2017 16:15:11 GMT+0800 (CST) ] time is 857
[ Tue Aug 15 2017 16:15:11 GMT+0800 (CST) ] {"err":0,"msg":"JWfMDXSmpf2taqkGo1kAUSvYihnRgSPT3H"}
[ Tue Aug 15 2017 16:15:11 GMT+0800 (CST) ] time is 858
[ Tue Aug 15 2017 16:15:11 GMT+0800 (CST) ] {"err":0,"msg":"JNdm9Kn2kQciffx1PH1tVz6yj4jhi2a2f1"}
[ Tue Aug 15 2017 16:15:11 GMT+0800 (CST) ] time is 859
[ Tue Aug 15 2017 16:15:11 GMT+0800 (CST) ] {"err":0,"msg":"JPdMtdejQefLWRi73p1CuyBPnzmvWFGpiS"}
[ Tue Aug 15 2017 16:15:11 GMT+0800 (CST) ] time is 860
[ Tue Aug 15 2017 16:15:11 GMT+0800 (CST) ] {"err":0,"msg":"JYSXM7jYftBwzUqPGTRtCQQewZGxHaXdCY"}
[ Tue Aug 15 2017 16:15:11 GMT+0800 (CST) ] time is 861
[ Tue Aug 15 2017 16:15:11 GMT+0800 (CST) ] {"err":0,"msg":"JLDXYcLWEfFRcP7tKWG5ae2jFFjcKeXVAf"}
[ Tue Aug 15 2017 16:15:11 GMT+0800 (CST) ] time is 862
[ Tue Aug 15 2017 16:15:11 GMT+0800 (CST) ] {"err":0,"msg":"JS2YUb246fZ58pbUHAA6fY6Mv9NUXa9TqH"}
[ Tue Aug 15 2017 16:15:11 GMT+0800 (CST) ] time is 863
[ Tue Aug 15 2017 16:15:11 GMT+0800 (CST) ] {"err":0,"msg":"JLVTRaDqTJs8iA3Gzjmid4Eko2oXDJsBqk"}
[ Tue Aug 15 2017 16:15:11 GMT+0800 (CST) ] time is 864
[ Tue Aug 15 2017 16:15:11 GMT+0800 (CST) ] {"err":0,"msg":"JQvwCsmPdM44LELVtPWQ3MBoED6ndN4T5H"}
[ Tue Aug 15 2017 16:15:11 GMT+0800 (CST) ] time is 865
[ Tue Aug 15 2017 16:15:11 GMT+0800 (CST) ] {"err":0,"msg":"JXVquJvrXb4HLP2N2DNmco9MGuQcRn8b2E"}
[ Tue Aug 15 2017 16:15:11 GMT+0800 (CST) ] time is 866
[ Tue Aug 15 2017 16:15:11 GMT+0800 (CST) ] {"err":0,"msg":"JNJBpcq6FEnz2Q3x4DHBZnCitKJHBoeiC3"}
[ Tue Aug 15 2017 16:15:11 GMT+0800 (CST) ] time is 867
[ Tue Aug 15 2017 16:15:11 GMT+0800 (CST) ] {"err":0,"msg":"JMY3LKXZ9CoKqWZ17bygujm2AFfKC18qJ1"}
[ Tue Aug 15 2017 16:15:11 GMT+0800 (CST) ] time is 868
[ Tue Aug 15 2017 16:15:11 GMT+0800 (CST) ] {"err":0,"msg":"JfdNsgy4S3MEd8B8q9WzNSi59n5V56R4ko"}
[ Tue Aug 15 2017 16:15:11 GMT+0800 (CST) ] time is 869
[ Tue Aug 15 2017 16:15:11 GMT+0800 (CST) ] {"err":0,"msg":"JhcXtJ7HwHN5GwJc1ULWLTJ1spXLV1TW8e"}
[ Tue Aug 15 2017 16:15:11 GMT+0800 (CST) ] time is 870
[ Tue Aug 15 2017 16:15:11 GMT+0800 (CST) ] {"err":0,"msg":"JdEi4R6JGqurStZxniDQmVS5gDcjqeSAjU"}
[ Tue Aug 15 2017 16:15:11 GMT+0800 (CST) ] time is 871
[ Tue Aug 15 2017 16:15:11 GMT+0800 (CST) ] {"err":0,"msg":"JV9QZnnbgmqbULUeLfwj2eGU8tAWpPnhJJ"}
[ Tue Aug 15 2017 16:15:12 GMT+0800 (CST) ] time is 872
[ Tue Aug 15 2017 16:15:12 GMT+0800 (CST) ] {"err":0,"msg":"JX4RRmwFaEFooq6ZzktwZNiZ6ifGmonJT4"}
[ Tue Aug 15 2017 16:15:12 GMT+0800 (CST) ] time is 873
[ Tue Aug 15 2017 16:15:12 GMT+0800 (CST) ] {"err":0,"msg":"JXH8YetaAmVPQATRpbtCEfFKoZSHfioDRG"}
[ Tue Aug 15 2017 16:15:12 GMT+0800 (CST) ] time is 874
[ Tue Aug 15 2017 16:15:12 GMT+0800 (CST) ] {"err":0,"msg":"Jh7Fj1hQZWhD9XxGKpJrh24NBpyyGJL8J7"}
[ Tue Aug 15 2017 16:15:12 GMT+0800 (CST) ] time is 875
[ Tue Aug 15 2017 16:15:12 GMT+0800 (CST) ] {"err":0,"msg":"JT1QVLh72ymT8matvd16LhUjEqbY9iJy9S"}
[ Tue Aug 15 2017 16:15:12 GMT+0800 (CST) ] time is 876
[ Tue Aug 15 2017 16:15:12 GMT+0800 (CST) ] {"err":0,"msg":"JPiKTiJqYh86Kzgm8vExGa8eDTiPZuVhCG"}
[ Tue Aug 15 2017 16:15:12 GMT+0800 (CST) ] time is 877
[ Tue Aug 15 2017 16:15:12 GMT+0800 (CST) ] {"err":0,"msg":"JVxqiBaY7bWqzYkaAkTDBgC8gTg9QXFQ2k"}
[ Tue Aug 15 2017 16:15:12 GMT+0800 (CST) ] time is 878
[ Tue Aug 15 2017 16:15:12 GMT+0800 (CST) ] {"err":0,"msg":"JVwwKePtegPZvR99DB3fbkLbMKxv8Cwtdx"}
[ Tue Aug 15 2017 16:15:12 GMT+0800 (CST) ] time is 879
[ Tue Aug 15 2017 16:15:12 GMT+0800 (CST) ] {"err":0,"msg":"JLUknpuTARM2fqxZmkKdDcxRtNPxYRfhQa"}
[ Tue Aug 15 2017 16:15:12 GMT+0800 (CST) ] time is 880
[ Tue Aug 15 2017 16:15:12 GMT+0800 (CST) ] {"err":0,"msg":"JP9NxmqVuGvLN5qSJ9DBaW4k1ERwJsKcNi"}
[ Tue Aug 15 2017 16:15:12 GMT+0800 (CST) ] time is 881
[ Tue Aug 15 2017 16:15:12 GMT+0800 (CST) ] {"err":0,"msg":"JRq696uzMJknqF1CyXGBaNd9oJCBUenJpr"}
[ Tue Aug 15 2017 16:15:12 GMT+0800 (CST) ] time is 882
[ Tue Aug 15 2017 16:15:12 GMT+0800 (CST) ] {"err":0,"msg":"JgoEamgAXeWNEvzHwazjyiNHeeeCJVxbh2"}
[ Tue Aug 15 2017 16:15:12 GMT+0800 (CST) ] time is 883
[ Tue Aug 15 2017 16:15:12 GMT+0800 (CST) ] {"err":0,"msg":"JbAFEQEzj1PY3uDvgfRZZSKNgxKedeU7S4"}
[ Tue Aug 15 2017 16:15:12 GMT+0800 (CST) ] time is 884
[ Tue Aug 15 2017 16:15:12 GMT+0800 (CST) ] {"err":0,"msg":"Jc3vGW626G1uTZoWndx4BgLWaMvridwdyo"}
[ Tue Aug 15 2017 16:15:12 GMT+0800 (CST) ] time is 885
[ Tue Aug 15 2017 16:15:12 GMT+0800 (CST) ] {"err":0,"msg":"JeHdPeiZpnZuhE4LupXKsBJCRqYVVfG5B6"}
[ Tue Aug 15 2017 16:15:12 GMT+0800 (CST) ] time is 886
[ Tue Aug 15 2017 16:15:12 GMT+0800 (CST) ] {"err":0,"msg":"JSQag5MdRqhGNBjoays4ucXNhJcVTm7XQZ"}
[ Tue Aug 15 2017 16:15:12 GMT+0800 (CST) ] time is 887
[ Tue Aug 15 2017 16:15:12 GMT+0800 (CST) ] {"err":0,"msg":"JRtSTYMEuj8wQcd7bP55gUECcuZp4n37L6"}
[ Tue Aug 15 2017 16:15:12 GMT+0800 (CST) ] time is 888
[ Tue Aug 15 2017 16:15:12 GMT+0800 (CST) ] {"err":0,"msg":"JZcoMAnXe3JJakGRn2iS7RB31trroi4UxQ"}
[ Tue Aug 15 2017 16:15:12 GMT+0800 (CST) ] time is 889
[ Tue Aug 15 2017 16:15:12 GMT+0800 (CST) ] {"err":0,"msg":"JLAtUhxPAMDLUd1CKs69M4BoL5iWwX2gSd"}
[ Tue Aug 15 2017 16:15:12 GMT+0800 (CST) ] time is 890
[ Tue Aug 15 2017 16:15:12 GMT+0800 (CST) ] {"err":0,"msg":"JZNkFVJqpit3KQeWxe7g1ngMnyCvbynReK"}
[ Tue Aug 15 2017 16:15:12 GMT+0800 (CST) ] time is 891
[ Tue Aug 15 2017 16:15:12 GMT+0800 (CST) ] {"err":0,"msg":"JboJxGkH7R4gTrgFKrRWcJdEZjHQSe4ps1"}
[ Tue Aug 15 2017 16:15:12 GMT+0800 (CST) ] time is 892
[ Tue Aug 15 2017 16:15:12 GMT+0800 (CST) ] {"err":0,"msg":"JeYGF3eifUS1Ps3BuQbGXQXWD5c6vhxr4P"}
[ Tue Aug 15 2017 16:15:12 GMT+0800 (CST) ] time is 893
[ Tue Aug 15 2017 16:15:12 GMT+0800 (CST) ] {"err":0,"msg":"JYwiHi4XMAUUXZAkWin11Wqg9as3abZNXn"}
[ Tue Aug 15 2017 16:15:12 GMT+0800 (CST) ] time is 894
[ Tue Aug 15 2017 16:15:12 GMT+0800 (CST) ] {"err":0,"msg":"JQ5sTfMvPAA6F2CBQQG9QNTYU7szfup9x6"}
[ Tue Aug 15 2017 16:15:12 GMT+0800 (CST) ] time is 895
[ Tue Aug 15 2017 16:15:12 GMT+0800 (CST) ] {"err":0,"msg":"JLHkqRD6YuSmubWgegMGsozuP1SQkVm1JU"}
[ Tue Aug 15 2017 16:15:12 GMT+0800 (CST) ] time is 896
[ Tue Aug 15 2017 16:15:12 GMT+0800 (CST) ] {"err":0,"msg":"JWCdDuzjyKuiT9ciB3n7F2Wd43ZZSRKRDH"}
[ Tue Aug 15 2017 16:15:12 GMT+0800 (CST) ] time is 897
[ Tue Aug 15 2017 16:15:12 GMT+0800 (CST) ] {"err":0,"msg":"Je7FpXrfVTYaaZd97BomosEnCXUDFMMo8j"}
[ Tue Aug 15 2017 16:15:12 GMT+0800 (CST) ] time is 898
[ Tue Aug 15 2017 16:15:12 GMT+0800 (CST) ] {"err":0,"msg":"JWP76j4FDEcVaBPFpNaB6UZtHrEzquepuh"}
[ Tue Aug 15 2017 16:15:12 GMT+0800 (CST) ] time is 899
[ Tue Aug 15 2017 16:15:12 GMT+0800 (CST) ] {"err":0,"msg":"JY3dQphoK2Yksf7wz4eJLVS5k8hCTihjuU"}
[ Tue Aug 15 2017 16:15:12 GMT+0800 (CST) ] time is 900
[ Tue Aug 15 2017 16:15:12 GMT+0800 (CST) ] {"err":0,"msg":"JRqBwv3dWz7NRogD7tFj1eGe4TERBq9x2j"}
[ Tue Aug 15 2017 16:15:12 GMT+0800 (CST) ] time is 901
[ Tue Aug 15 2017 16:15:12 GMT+0800 (CST) ] {"err":0,"msg":"JWQQ6z1hctTFNNxhTQmiUJ59U2oz9D3Gr3"}
[ Tue Aug 15 2017 16:15:12 GMT+0800 (CST) ] {"err":0,"msg":"JabKgFWAPRDqdLasCZ3bKkCSyVGxaYiA13"}
[ Tue Aug 15 2017 16:15:12 GMT+0800 (CST) ] time is 902
[ Tue Aug 15 2017 16:15:12 GMT+0800 (CST) ] time is 903
[ Tue Aug 15 2017 16:15:12 GMT+0800 (CST) ] {"err":0,"msg":"JViRqXayDW7tzve6gPiXLi3HdNKB33RFsg"}
[ Tue Aug 15 2017 16:15:12 GMT+0800 (CST) ] time is 904
[ Tue Aug 15 2017 16:15:12 GMT+0800 (CST) ] {"err":0,"msg":"JN62e7dbZ8BQ9hPWMiUrEVKnyM2zC2Lxpi"}
[ Tue Aug 15 2017 16:15:12 GMT+0800 (CST) ] time is 905
[ Tue Aug 15 2017 16:15:12 GMT+0800 (CST) ] {"err":0,"msg":"JZb8wbu7KDSJ2hewtT6Z511TYdrB1aaUFt"}
[ Tue Aug 15 2017 16:15:12 GMT+0800 (CST) ] time is 906
[ Tue Aug 15 2017 16:15:12 GMT+0800 (CST) ] {"err":0,"msg":"JdmzWPjam5AvsEBQVeXtizvV9jPEG9dphM"}
[ Tue Aug 15 2017 16:15:12 GMT+0800 (CST) ] time is 907
[ Tue Aug 15 2017 16:15:12 GMT+0800 (CST) ] {"err":0,"msg":"JJtvu6SVKUa9tcKdBcVj4T7937irrp4nLa"}
[ Tue Aug 15 2017 16:15:12 GMT+0800 (CST) ] time is 908
[ Tue Aug 15 2017 16:15:12 GMT+0800 (CST) ] {"err":0,"msg":"JejaHGXZQGFaUXL1zRzr9pBpeaHbpwtEUH"}
[ Tue Aug 15 2017 16:15:12 GMT+0800 (CST) ] time is 909
[ Tue Aug 15 2017 16:15:12 GMT+0800 (CST) ] {"err":0,"msg":"JakR7w9HNXdS39kTztGSH5yEkVvoYXj5nX"}
[ Tue Aug 15 2017 16:15:13 GMT+0800 (CST) ] time is 910
[ Tue Aug 15 2017 16:15:13 GMT+0800 (CST) ] {"err":0,"msg":"JTineTRe1Vufnikju2VoJQiEcb2mKVbm3N"}
[ Tue Aug 15 2017 16:15:13 GMT+0800 (CST) ] time is 911
[ Tue Aug 15 2017 16:15:13 GMT+0800 (CST) ] {"err":0,"msg":"Jf9vHB78L6wGs2VTSUdGZEY8uRmi8i5EDC"}
[ Tue Aug 15 2017 16:15:13 GMT+0800 (CST) ] time is 912
[ Tue Aug 15 2017 16:15:13 GMT+0800 (CST) ] {"err":0,"msg":"JbEgzQz2jYnT8sufxHhYju4UuJchgN2uN6"}
[ Tue Aug 15 2017 16:15:13 GMT+0800 (CST) ] time is 913
[ Tue Aug 15 2017 16:15:13 GMT+0800 (CST) ] {"err":0,"msg":"JLejHLJUcBNNsVtv47vXabBMG7qsjckp2t"}
[ Tue Aug 15 2017 16:15:13 GMT+0800 (CST) ] time is 914
[ Tue Aug 15 2017 16:15:13 GMT+0800 (CST) ] {"err":0,"msg":"JUyb59xtBbYPMQsW7qcGyGoB8r1mtxJYfS"}
[ Tue Aug 15 2017 16:15:13 GMT+0800 (CST) ] time is 915
[ Tue Aug 15 2017 16:15:13 GMT+0800 (CST) ] {"err":0,"msg":"JZY8eXWAEWgMrCoFfif3U2tZyQ9bVNS83D"}
[ Tue Aug 15 2017 16:15:13 GMT+0800 (CST) ] time is 916
[ Tue Aug 15 2017 16:15:13 GMT+0800 (CST) ] {"err":0,"msg":"JP7ms69a8g8EpmeAqsNUduSexPyz2HuAzh"}
[ Tue Aug 15 2017 16:15:13 GMT+0800 (CST) ] {"err":0,"msg":"Jghh5To7s3Y4TR8MXjRB8migxjvyHnWDBZ"}
[ Tue Aug 15 2017 16:15:13 GMT+0800 (CST) ] time is 917
[ Tue Aug 15 2017 16:15:13 GMT+0800 (CST) ] time is 918
[ Tue Aug 15 2017 16:15:13 GMT+0800 (CST) ] {"err":0,"msg":"JeS3JTZw5oxqfn96SkGjHYEJhwqriL1ThC"}
[ Tue Aug 15 2017 16:15:13 GMT+0800 (CST) ] time is 919
[ Tue Aug 15 2017 16:15:13 GMT+0800 (CST) ] {"err":0,"msg":"JUVtSGPVEy6gEd5CMTKDgxGqWGeFvv6GCv"}
[ Tue Aug 15 2017 16:15:13 GMT+0800 (CST) ] time is 920
[ Tue Aug 15 2017 16:15:13 GMT+0800 (CST) ] {"err":0,"msg":"JWrxuaguoZMhMHpTS78iBCDFpMU5SoFbox"}
[ Tue Aug 15 2017 16:15:13 GMT+0800 (CST) ] time is 921
[ Tue Aug 15 2017 16:15:13 GMT+0800 (CST) ] {"err":0,"msg":"JLwenUdq72Ry1TLuruYxdGcpfvBD7jKT8V"}
[ Tue Aug 15 2017 16:15:13 GMT+0800 (CST) ] time is 922
[ Tue Aug 15 2017 16:15:13 GMT+0800 (CST) ] {"err":0,"msg":"Jcz8GjjzWwzBzNbtJcbcf1vkCWMPf7fZV6"}
[ Tue Aug 15 2017 16:15:13 GMT+0800 (CST) ] time is 923
[ Tue Aug 15 2017 16:15:13 GMT+0800 (CST) ] {"err":0,"msg":"JdnnUWLbyhxY5x1RbhLW6vtNpgatShTssD"}
[ Tue Aug 15 2017 16:15:13 GMT+0800 (CST) ] time is 924
[ Tue Aug 15 2017 16:15:13 GMT+0800 (CST) ] {"err":0,"msg":"JMhTetGZcqJs91qxNjm7M5tcxXoN1quDJa"}
[ Tue Aug 15 2017 16:15:13 GMT+0800 (CST) ] time is 925
[ Tue Aug 15 2017 16:15:13 GMT+0800 (CST) ] {"err":0,"msg":"Jfrn4VAmc7Vk5TQZEbgwoLkyFPoFqa2CZa"}
[ Tue Aug 15 2017 16:15:13 GMT+0800 (CST) ] time is 926
[ Tue Aug 15 2017 16:15:13 GMT+0800 (CST) ] {"err":0,"msg":"JcKLfnjnPXhkVDL7ELWmtoB31xv6AjnQ49"}
[ Tue Aug 15 2017 16:15:13 GMT+0800 (CST) ] time is 927
[ Tue Aug 15 2017 16:15:13 GMT+0800 (CST) ] {"err":0,"msg":"JJY1bzEjkZoUiTTBtu5HUCuZeK7bERA3xu"}
[ Tue Aug 15 2017 16:15:13 GMT+0800 (CST) ] time is 928
[ Tue Aug 15 2017 16:15:13 GMT+0800 (CST) ] {"err":0,"msg":"JTxH99TyjP5nCvjmk15RkfcCtmptBnsEMi"}
[ Tue Aug 15 2017 16:15:13 GMT+0800 (CST) ] time is 929
[ Tue Aug 15 2017 16:15:13 GMT+0800 (CST) ] {"err":0,"msg":"JQvBGvfvJzprG5druk5MyDQZBetLQH6Z5q"}
[ Tue Aug 15 2017 16:15:13 GMT+0800 (CST) ] time is 930
[ Tue Aug 15 2017 16:15:13 GMT+0800 (CST) ] {"err":0,"msg":"JZVxKGz3ruD4TCSpV57G3B1zxD4KFkrDwc"}
[ Tue Aug 15 2017 16:15:13 GMT+0800 (CST) ] time is 931
[ Tue Aug 15 2017 16:15:13 GMT+0800 (CST) ] {"err":0,"msg":"JK4jcuZ3bH62wHXvjauEUgtHMgebuX9stH"}
[ Tue Aug 15 2017 16:15:13 GMT+0800 (CST) ] time is 932
[ Tue Aug 15 2017 16:15:13 GMT+0800 (CST) ] {"err":0,"msg":"JUXNuHz2UyuETVGcWTzG6kZFiugCwn6ntT"}
[ Tue Aug 15 2017 16:15:13 GMT+0800 (CST) ] time is 933
[ Tue Aug 15 2017 16:15:13 GMT+0800 (CST) ] {"err":0,"msg":"JfSthaYdzAAqDtkh5gFZb91HguXpoGVRCe"}
[ Tue Aug 15 2017 16:15:13 GMT+0800 (CST) ] time is 934
[ Tue Aug 15 2017 16:15:13 GMT+0800 (CST) ] {"err":0,"msg":"Jb3pvgH95rfzZLeV32UKBFgsETr8qJFxgd"}
[ Tue Aug 15 2017 16:15:13 GMT+0800 (CST) ] time is 935
[ Tue Aug 15 2017 16:15:13 GMT+0800 (CST) ] {"err":0,"msg":"JYESXvZeoHJrT9VhAnzQaDhrYxUckvC87K"}
[ Tue Aug 15 2017 16:15:13 GMT+0800 (CST) ] time is 936
[ Tue Aug 15 2017 16:15:13 GMT+0800 (CST) ] {"err":0,"msg":"JX5ickNvtr4X7TmY4RkrPLbGFf6QZqvoeM"}
[ Tue Aug 15 2017 16:15:13 GMT+0800 (CST) ] time is 937
[ Tue Aug 15 2017 16:15:13 GMT+0800 (CST) ] {"err":0,"msg":"Jbz3wTiPnZZxNSAoExsTANKtwLoetLDyhM"}
[ Tue Aug 15 2017 16:15:13 GMT+0800 (CST) ] time is 938
[ Tue Aug 15 2017 16:15:13 GMT+0800 (CST) ] {"err":0,"msg":"JQLjwPjsvKN9LGjHA4Q4ddeVNGhzHU6VHW"}
[ Tue Aug 15 2017 16:15:13 GMT+0800 (CST) ] time is 939
[ Tue Aug 15 2017 16:15:13 GMT+0800 (CST) ] {"err":0,"msg":"JUsj1uA7tK8tQJ9ti2pt6F3hxoBAdysGTu"}
[ Tue Aug 15 2017 16:15:13 GMT+0800 (CST) ] time is 940
[ Tue Aug 15 2017 16:15:13 GMT+0800 (CST) ] {"err":0,"msg":"JTRpwvMqJCCMzX1i3DcbVhS2ZRfFvmqr7r"}
[ Tue Aug 15 2017 16:15:13 GMT+0800 (CST) ] time is 941
[ Tue Aug 15 2017 16:15:13 GMT+0800 (CST) ] {"err":0,"msg":"JS8mpmxT4MCBNtt8YM2GzEhqoJ7dtFdh8n"}
[ Tue Aug 15 2017 16:15:13 GMT+0800 (CST) ] time is 942
[ Tue Aug 15 2017 16:15:13 GMT+0800 (CST) ] {"err":0,"msg":"JguAPVEZ9afLYX3wPEA9RwBg2LvXHwdfKp"}
[ Tue Aug 15 2017 16:15:13 GMT+0800 (CST) ] {"err":0,"msg":"JV5Mvb7jA6Pb1KAvj1GD83Rdiz2bVMTXJn"}
[ Tue Aug 15 2017 16:15:13 GMT+0800 (CST) ] time is 943
[ Tue Aug 15 2017 16:15:13 GMT+0800 (CST) ] time is 944
[ Tue Aug 15 2017 16:15:13 GMT+0800 (CST) ] {"err":0,"msg":"JLMbbDb4KPz9sSRReY3yif7gpZgQAQmAPq"}
[ Tue Aug 15 2017 16:15:13 GMT+0800 (CST) ] time is 945
[ Tue Aug 15 2017 16:15:13 GMT+0800 (CST) ] {"err":0,"msg":"JZQ5cwDNkKfsVgFcQVAbFBFgMjgVX15g3y"}
[ Tue Aug 15 2017 16:15:13 GMT+0800 (CST) ] time is 946
[ Tue Aug 15 2017 16:15:13 GMT+0800 (CST) ] {"err":0,"msg":"JSxYyE4eCZMoqx9cG2vzpUWcbf6j6KSXfo"}
[ Tue Aug 15 2017 16:15:14 GMT+0800 (CST) ] time is 947
[ Tue Aug 15 2017 16:15:14 GMT+0800 (CST) ] {"err":0,"msg":"JPnjDYH3DYoQiLWuMkjtGofmWmQkU1FG9g"}
[ Tue Aug 15 2017 16:15:14 GMT+0800 (CST) ] time is 948
[ Tue Aug 15 2017 16:15:14 GMT+0800 (CST) ] {"err":0,"msg":"JMpPWBnUnFKCmBeaZEaN8STGMeJofT7yAE"}
[ Tue Aug 15 2017 16:15:14 GMT+0800 (CST) ] time is 949
[ Tue Aug 15 2017 16:15:14 GMT+0800 (CST) ] {"err":0,"msg":"JWyo2TYrmRRLWDDMYC4VFGdT12J6kkbcw4"}
[ Tue Aug 15 2017 16:15:14 GMT+0800 (CST) ] time is 950
[ Tue Aug 15 2017 16:15:14 GMT+0800 (CST) ] {"err":0,"msg":"JebpGfYknvpSnsfTWgHw8PpQYBY59Ty8Zq"}
[ Tue Aug 15 2017 16:15:14 GMT+0800 (CST) ] time is 951
[ Tue Aug 15 2017 16:15:14 GMT+0800 (CST) ] {"err":0,"msg":"JYbUGu7Bcci1CBV8dXunCHPDaijY1SQzkv"}
[ Tue Aug 15 2017 16:15:14 GMT+0800 (CST) ] time is 952
[ Tue Aug 15 2017 16:15:14 GMT+0800 (CST) ] {"err":0,"msg":"JTutsu8RW9Y8v37G2Btp8cgCmpLmGGX2zP"}
[ Tue Aug 15 2017 16:15:14 GMT+0800 (CST) ] time is 953
[ Tue Aug 15 2017 16:15:14 GMT+0800 (CST) ] {"err":0,"msg":"JdWvdSZF4aPgJhnQeGA3Gp9kv4hZ3ot6Ym"}
[ Tue Aug 15 2017 16:15:14 GMT+0800 (CST) ] time is 954
[ Tue Aug 15 2017 16:15:14 GMT+0800 (CST) ] {"err":0,"msg":"JcW6beHKLnTEjLNACEdbdGPtGwF1abGmhK"}
[ Tue Aug 15 2017 16:15:14 GMT+0800 (CST) ] time is 955
[ Tue Aug 15 2017 16:15:14 GMT+0800 (CST) ] {"err":0,"msg":"JcbCpQFhcwyqXqRBedPTRd6N7oCXYrNdaq"}
[ Tue Aug 15 2017 16:15:14 GMT+0800 (CST) ] time is 956
[ Tue Aug 15 2017 16:15:14 GMT+0800 (CST) ] {"err":0,"msg":"JcQBPNjVksFXgBY599vCZoCexUCn4DkYz1"}
[ Tue Aug 15 2017 16:15:14 GMT+0800 (CST) ] time is 957
[ Tue Aug 15 2017 16:15:14 GMT+0800 (CST) ] {"err":0,"msg":"JR8XoiMxemfFzu17Ch8NWUyRAdYZvtb7Qh"}
[ Tue Aug 15 2017 16:15:14 GMT+0800 (CST) ] time is 958
[ Tue Aug 15 2017 16:15:14 GMT+0800 (CST) ] {"err":0,"msg":"JNShWWr14znourm8bxZdCWaSpAB1sFw21F"}
[ Tue Aug 15 2017 16:15:14 GMT+0800 (CST) ] time is 959
[ Tue Aug 15 2017 16:15:14 GMT+0800 (CST) ] {"err":0,"msg":"JYvqdRa3XnVP2HYxw5ckjL6mZnGbx6Rxh1"}
[ Tue Aug 15 2017 16:15:14 GMT+0800 (CST) ] time is 960
[ Tue Aug 15 2017 16:15:14 GMT+0800 (CST) ] {"err":0,"msg":"JWrXLbKYkQS9Wv7SNsgkUwvT1QCKDQLL76"}
[ Tue Aug 15 2017 16:15:14 GMT+0800 (CST) ] time is 961
[ Tue Aug 15 2017 16:15:14 GMT+0800 (CST) ] {"err":0,"msg":"JT5WiDaRrrMt7TzEVTbyqejtQ7r6aQzr4X"}
[ Tue Aug 15 2017 16:15:14 GMT+0800 (CST) ] time is 962
[ Tue Aug 15 2017 16:15:14 GMT+0800 (CST) ] {"err":0,"msg":"JgjGeabrfkEzQPi4nC6j26Ag6RqwRxwz99"}
[ Tue Aug 15 2017 16:15:14 GMT+0800 (CST) ] time is 963
[ Tue Aug 15 2017 16:15:14 GMT+0800 (CST) ] {"err":0,"msg":"JLg5m69tJrLurA8SiR6kZ4vxnSuTebB4qk"}
[ Tue Aug 15 2017 16:15:14 GMT+0800 (CST) ] time is 964
[ Tue Aug 15 2017 16:15:14 GMT+0800 (CST) ] {"err":0,"msg":"JLL52wQhXEUcDTWQ7WxHymgKPi8hU2113A"}
[ Tue Aug 15 2017 16:15:14 GMT+0800 (CST) ] time is 965
[ Tue Aug 15 2017 16:15:14 GMT+0800 (CST) ] {"err":0,"msg":"JfqBxezdgPc9gxDY1YVhg3BfHfRFsPxYiv"}
[ Tue Aug 15 2017 16:15:14 GMT+0800 (CST) ] time is 966
[ Tue Aug 15 2017 16:15:14 GMT+0800 (CST) ] {"err":0,"msg":"JSUMXFUwfAf7sAbm27TuZQy1ViRD7922jV"}
[ Tue Aug 15 2017 16:15:14 GMT+0800 (CST) ] time is 967
[ Tue Aug 15 2017 16:15:14 GMT+0800 (CST) ] {"err":0,"msg":"Ja3nQbGcPSxpDc6CaxQpkydj67GvnzQHtK"}
[ Tue Aug 15 2017 16:15:14 GMT+0800 (CST) ] time is 968
[ Tue Aug 15 2017 16:15:14 GMT+0800 (CST) ] {"err":0,"msg":"JPPpuXGBDwfvPvzVJGTFCtDj92nUFMB9qD"}
[ Tue Aug 15 2017 16:15:14 GMT+0800 (CST) ] time is 969
[ Tue Aug 15 2017 16:15:14 GMT+0800 (CST) ] {"err":0,"msg":"JUfcs1f6YhaUnDrwgcAjgqKsdg9PR4Dc5u"}
[ Tue Aug 15 2017 16:15:14 GMT+0800 (CST) ] time is 970
[ Tue Aug 15 2017 16:15:14 GMT+0800 (CST) ] {"err":0,"msg":"JehGMzqvU5c1V9CpxCmW4HZETTWDR6koNd"}
[ Tue Aug 15 2017 16:15:14 GMT+0800 (CST) ] time is 971
[ Tue Aug 15 2017 16:15:14 GMT+0800 (CST) ] {"err":0,"msg":"JS77xeYMcnJWpaDg6VaLUocEZvR9bxnSTs"}
[ Tue Aug 15 2017 16:15:14 GMT+0800 (CST) ] time is 972
[ Tue Aug 15 2017 16:15:14 GMT+0800 (CST) ] {"err":0,"msg":"JNUaTZZovd1cBLNdSZaGBXAnzi82xekWnL"}
[ Tue Aug 15 2017 16:15:14 GMT+0800 (CST) ] time is 973
[ Tue Aug 15 2017 16:15:14 GMT+0800 (CST) ] {"err":0,"msg":"JUSuMDK5yQvU6qiAuRiz6jxDS3G3fSvoqX"}
[ Tue Aug 15 2017 16:15:14 GMT+0800 (CST) ] time is 974
[ Tue Aug 15 2017 16:15:14 GMT+0800 (CST) ] {"err":0,"msg":"JMzjBsykGgRavt9DXH8ZwN6gCDb4epyLcU"}
[ Tue Aug 15 2017 16:15:14 GMT+0800 (CST) ] time is 975
[ Tue Aug 15 2017 16:15:14 GMT+0800 (CST) ] {"err":0,"msg":"JQBnD2GNcQXfd5jPmY2hK1s8xYdDrgQb4x"}
[ Tue Aug 15 2017 16:15:14 GMT+0800 (CST) ] time is 976
[ Tue Aug 15 2017 16:15:14 GMT+0800 (CST) ] {"err":0,"msg":"JSpCBza8zxCHUELvZ2RM3VytycpiicsF7z"}
[ Tue Aug 15 2017 16:15:14 GMT+0800 (CST) ] time is 977
[ Tue Aug 15 2017 16:15:14 GMT+0800 (CST) ] {"err":0,"msg":"JQLJNz1dcbSoETquqwHx9duyJJEu6XQf23"}
[ Tue Aug 15 2017 16:15:14 GMT+0800 (CST) ] time is 978
[ Tue Aug 15 2017 16:15:14 GMT+0800 (CST) ] {"err":0,"msg":"JZfMj5AeiZdKSHjgc5sknwGw1NksUtxpvh"}
[ Tue Aug 15 2017 16:15:14 GMT+0800 (CST) ] time is 979
[ Tue Aug 15 2017 16:15:14 GMT+0800 (CST) ] {"err":0,"msg":"JetQB6eCyYwALKzG6GRUL69gibCtz1E4af"}
[ Tue Aug 15 2017 16:15:14 GMT+0800 (CST) ] time is 980
[ Tue Aug 15 2017 16:15:14 GMT+0800 (CST) ] {"err":0,"msg":"JfAHRW5rmDKYjjjk4FMqN7N5EDMC3LkEAR"}
[ Tue Aug 15 2017 16:15:14 GMT+0800 (CST) ] {"err":0,"msg":"JJoXpqs6ufXZi3xyAG6CjbdwChD74JQBmo"}
[ Tue Aug 15 2017 16:15:14 GMT+0800 (CST) ] time is 981
[ Tue Aug 15 2017 16:15:14 GMT+0800 (CST) ] time is 982
[ Tue Aug 15 2017 16:15:14 GMT+0800 (CST) ] {"err":0,"msg":"JbAfSWeDUpd9RAPi2TQkjjz5xZhPFdupTR"}
[ Tue Aug 15 2017 16:15:14 GMT+0800 (CST) ] time is 983
[ Tue Aug 15 2017 16:15:14 GMT+0800 (CST) ] {"err":0,"msg":"JNXmB3DgyFcqu4BgY4pKEBXQsFx1svM6je"}
[ Tue Aug 15 2017 16:15:15 GMT+0800 (CST) ] time is 984
[ Tue Aug 15 2017 16:15:15 GMT+0800 (CST) ] {"err":0,"msg":"JMNoMH98miQ5nhkhi9LPubi4QMTa4tND8p"}
[ Tue Aug 15 2017 16:15:15 GMT+0800 (CST) ] time is 985
[ Tue Aug 15 2017 16:15:15 GMT+0800 (CST) ] {"err":0,"msg":"JNJrGGGhiARxZFjzGmVAGTzc9LDj6W5UEq"}
[ Tue Aug 15 2017 16:15:15 GMT+0800 (CST) ] time is 986
[ Tue Aug 15 2017 16:15:15 GMT+0800 (CST) ] {"err":0,"msg":"JQ5cF3q2dK1RPLrRnTrLay4BMaGFRwmk3z"}
[ Tue Aug 15 2017 16:15:15 GMT+0800 (CST) ] time is 987
[ Tue Aug 15 2017 16:15:15 GMT+0800 (CST) ] {"err":0,"msg":"JKdNMYA2kD4RKAXdN2Np5Zje6ydhbsHc51"}
[ Tue Aug 15 2017 16:15:15 GMT+0800 (CST) ] time is 988
[ Tue Aug 15 2017 16:15:15 GMT+0800 (CST) ] {"err":0,"msg":"JNLxEknT5LBdZ8HJD8T4FzUBcPEjnjJBrP"}
[ Tue Aug 15 2017 16:15:15 GMT+0800 (CST) ] time is 989
[ Tue Aug 15 2017 16:15:15 GMT+0800 (CST) ] {"err":0,"msg":"JMZVaf3eyjZnwX1RR9oNvMZkS7hYDqwUsT"}
[ Tue Aug 15 2017 16:15:15 GMT+0800 (CST) ] time is 990
[ Tue Aug 15 2017 16:15:15 GMT+0800 (CST) ] {"err":0,"msg":"JdPVSRt8FNMbZzMMiwREr7ks4Kf3U36HNE"}
[ Tue Aug 15 2017 16:15:15 GMT+0800 (CST) ] time is 991
[ Tue Aug 15 2017 16:15:15 GMT+0800 (CST) ] {"err":0,"msg":"JRpDJwxxquuEAgBruB49aavZfuvZ56bL1n"}
[ Tue Aug 15 2017 16:15:15 GMT+0800 (CST) ] time is 992
[ Tue Aug 15 2017 16:15:15 GMT+0800 (CST) ] {"err":0,"msg":"JXucc738L8pX3LzoashMePbSs97ctBjojg"}
[ Tue Aug 15 2017 16:15:15 GMT+0800 (CST) ] time is 993
[ Tue Aug 15 2017 16:15:15 GMT+0800 (CST) ] {"err":0,"msg":"JQhfSiXMSGB5pKzAMPoQ89L5YxQZyoJssJ"}
[ Tue Aug 15 2017 16:15:15 GMT+0800 (CST) ] time is 994
[ Tue Aug 15 2017 16:15:15 GMT+0800 (CST) ] {"err":0,"msg":"JSVBgLhuxN69PvjPkMf4kiR7rqhL7Xt5we"}
[ Tue Aug 15 2017 16:15:15 GMT+0800 (CST) ] time is 995
[ Tue Aug 15 2017 16:15:15 GMT+0800 (CST) ] {"err":0,"msg":"JcUNVMqiEPb7oMu9Rn8mxbm52Wb4ihYz3p"}
[ Tue Aug 15 2017 16:15:15 GMT+0800 (CST) ] time is 996
[ Tue Aug 15 2017 16:15:15 GMT+0800 (CST) ] {"err":0,"msg":"JSBq8k6T59vyWmHDriuJvvGyMxTaknUmfv"}
[ Tue Aug 15 2017 16:15:15 GMT+0800 (CST) ] time is 997
[ Tue Aug 15 2017 16:15:15 GMT+0800 (CST) ] {"err":0,"msg":"JUFTN2u2sCc1y7RkyMFrPALxC8Pm4reS4b"}
[ Tue Aug 15 2017 16:15:15 GMT+0800 (CST) ] time is 998
[ Tue Aug 15 2017 16:15:15 GMT+0800 (CST) ] {"err":0,"msg":"JUNw8XuVZA9qnVT8jndqBZQyeMkHc9Fc8W"}
[ Tue Aug 15 2017 16:15:15 GMT+0800 (CST) ] time is 999
[ Tue Aug 15 2017 16:15:15 GMT+0800 (CST) ] {"err":0,"msg":"Jg4xUiqEPnTDgeoJ5DbbUE8C9XytVt1iBQ"}
[ Tue Aug 15 2017 16:15:15 GMT+0800 (CST) ] time is 1000
[ Tue Aug 15 2017 16:15:15 GMT+0800 (CST) ] {"err":0,"msg":"JWHknmavz5MFmtjpphFa6owEGuwhCnB1bW"}
[ Tue Aug 15 2017 16:15:15 GMT+0800 (CST) ] time is 1001
[ Tue Aug 15 2017 16:15:15 GMT+0800 (CST) ] {"err":0,"msg":"JVDj8yw1H2pcNNnu2VCEAYfFUcUe5ftJ5Q"}
[ Tue Aug 15 2017 16:15:15 GMT+0800 (CST) ] time is 1002
[ Tue Aug 15 2017 16:15:15 GMT+0800 (CST) ] {"err":0,"msg":"JgQkoh4FD5A9NjghQCPsy6wq8KA6M3zi65"}
[ Tue Aug 15 2017 16:15:15 GMT+0800 (CST) ] time is 1003
[ Tue Aug 15 2017 16:15:15 GMT+0800 (CST) ] {"err":0,"msg":"JPPWeAgH8UwczGoQ7pPFBLXmeRLVpgRn4o"}
[ Tue Aug 15 2017 16:15:15 GMT+0800 (CST) ] time is 1004
[ Tue Aug 15 2017 16:15:15 GMT+0800 (CST) ] {"err":0,"msg":"JZ3qtGk2CpGDU9q1ESa1iweyyBD5rhqWRF"}
[ Tue Aug 15 2017 16:15:15 GMT+0800 (CST) ] time is 1005
[ Tue Aug 15 2017 16:15:15 GMT+0800 (CST) ] {"err":0,"msg":"JU3i83Zp3kBjDGA2YCUQ6BA8yRenKVmTnh"}
[ Tue Aug 15 2017 16:15:15 GMT+0800 (CST) ] time is 1006
[ Tue Aug 15 2017 16:15:15 GMT+0800 (CST) ] {"err":0,"msg":"JReLQ6K3wffUiDfD5MjWAD1wMoRrTg7MZL"}
[ Tue Aug 15 2017 16:15:15 GMT+0800 (CST) ] time is 1007
[ Tue Aug 15 2017 16:15:15 GMT+0800 (CST) ] {"err":0,"msg":"JSwFg8hUCUmXp1QbaGE4v2AwiQb2haxZbk"}
[ Tue Aug 15 2017 16:15:15 GMT+0800 (CST) ] time is 1008
[ Tue Aug 15 2017 16:15:15 GMT+0800 (CST) ] {"err":0,"msg":"JSGF7oFJ7XCXK6zztktQN4gzdScU82uvyX"}
[ Tue Aug 15 2017 16:15:15 GMT+0800 (CST) ] time is 1009
[ Tue Aug 15 2017 16:15:15 GMT+0800 (CST) ] {"err":0,"msg":"JgFQbWzENdSXFNmbYzSLd8ZYVyi9fgYKgL"}
[ Tue Aug 15 2017 16:15:15 GMT+0800 (CST) ] time is 1010
[ Tue Aug 15 2017 16:15:15 GMT+0800 (CST) ] {"err":0,"msg":"JekZdmLBR1Pir4oBPZ2miDy8GGErXuxKgU"}
[ Tue Aug 15 2017 16:15:15 GMT+0800 (CST) ] time is 1011
[ Tue Aug 15 2017 16:15:15 GMT+0800 (CST) ] {"err":0,"msg":"JPCXcd9fS2X7U1PUTs7ZYMhaN2pGJCZbzR"}
[ Tue Aug 15 2017 16:15:15 GMT+0800 (CST) ] time is 1012
[ Tue Aug 15 2017 16:15:15 GMT+0800 (CST) ] {"err":0,"msg":"JYu7wrwAfH6vD2gxoK7Z2LqMURpGWFShp5"}
[ Tue Aug 15 2017 16:15:15 GMT+0800 (CST) ] time is 1013
[ Tue Aug 15 2017 16:15:15 GMT+0800 (CST) ] {"err":0,"msg":"JRSVj78aR5hVnBm9aVb1UjZAyQjU2n1wEV"}
[ Tue Aug 15 2017 16:15:15 GMT+0800 (CST) ] time is 1014
[ Tue Aug 15 2017 16:15:15 GMT+0800 (CST) ] {"err":0,"msg":"Jc2nyTGBht6fN22PR4G8jcpMV9oJK9t3K4"}
[ Tue Aug 15 2017 16:15:15 GMT+0800 (CST) ] time is 1015
[ Tue Aug 15 2017 16:15:15 GMT+0800 (CST) ] {"err":0,"msg":"JR1b6RFFGQP3iEbhPzySAdquHfr9qjsoWF"}
[ Tue Aug 15 2017 16:15:15 GMT+0800 (CST) ] time is 1016
[ Tue Aug 15 2017 16:15:15 GMT+0800 (CST) ] {"err":0,"msg":"JRKSnbBksnJTkThLiXnTbBfs88qnMowxSX"}
[ Tue Aug 15 2017 16:15:15 GMT+0800 (CST) ] time is 1017
[ Tue Aug 15 2017 16:15:15 GMT+0800 (CST) ] {"err":0,"msg":"JZ3ZtgwYzuQBzWugZasAUkWUeCNWznkVxg"}
[ Tue Aug 15 2017 16:15:15 GMT+0800 (CST) ] time is 1018
[ Tue Aug 15 2017 16:15:15 GMT+0800 (CST) ] {"err":0,"msg":"JQ5vssVP1UqfLLWHATF2an7Nisfv37Azi4"}
[ Tue Aug 15 2017 16:15:15 GMT+0800 (CST) ] time is 1019
[ Tue Aug 15 2017 16:15:15 GMT+0800 (CST) ] {"err":0,"msg":"JcoihntD8AxzyDYjFUv5u2zj4Tni7zV49Z"}
[ Tue Aug 15 2017 16:15:15 GMT+0800 (CST) ] time is 1020
[ Tue Aug 15 2017 16:15:15 GMT+0800 (CST) ] {"err":0,"msg":"JSXsANuK2uFurWzpPE8dY2A9LM5zEFFrTz"}
[ Tue Aug 15 2017 16:15:16 GMT+0800 (CST) ] time is 1021
[ Tue Aug 15 2017 16:15:16 GMT+0800 (CST) ] {"err":0,"msg":"JhSRHi6RDFnXK9cibQCR2R3qBsgiK1F651"}
[ Tue Aug 15 2017 16:15:16 GMT+0800 (CST) ] time is 1022
[ Tue Aug 15 2017 16:15:16 GMT+0800 (CST) ] {"err":0,"msg":"Ja5J2FYBDR8gk79XXe61zfc1ZJ8Khn1G8a"}
[ Tue Aug 15 2017 16:15:16 GMT+0800 (CST) ] time is 1023
[ Tue Aug 15 2017 16:15:16 GMT+0800 (CST) ] {"err":0,"msg":"JceRhnDadULdbnzyizFjCrBPqN6UYeRUZH"}
[ Tue Aug 15 2017 16:15:16 GMT+0800 (CST) ] {"err":0,"msg":"JY3JdhcxpKh4s2qobtkCcGV75VPLUCLPpu"}
[ Tue Aug 15 2017 16:15:16 GMT+0800 (CST) ] time is 1024
[ Tue Aug 15 2017 16:15:16 GMT+0800 (CST) ] time is 1025
[ Tue Aug 15 2017 16:15:16 GMT+0800 (CST) ] {"err":0,"msg":"JQyakhj6o1hUSGzTXAhEFtTMR663bqpw5s"}
[ Tue Aug 15 2017 16:15:16 GMT+0800 (CST) ] time is 1026
[ Tue Aug 15 2017 16:15:16 GMT+0800 (CST) ] {"err":0,"msg":"JJpFqmQHtLnmBStDcfaBdrAaVjvYZUWaQ7"}
[ Tue Aug 15 2017 16:15:16 GMT+0800 (CST) ] time is 1027
[ Tue Aug 15 2017 16:15:16 GMT+0800 (CST) ] {"err":0,"msg":"JZX6tMmEkW3jTUHZK8Fwz8s7Jf2XbLCVUE"}
[ Tue Aug 15 2017 16:15:16 GMT+0800 (CST) ] time is 1028
[ Tue Aug 15 2017 16:15:16 GMT+0800 (CST) ] {"err":0,"msg":"JWLh2kv8skyk7ubFJBHvyoW2re9evLE4uQ"}
[ Tue Aug 15 2017 16:15:16 GMT+0800 (CST) ] time is 1029
[ Tue Aug 15 2017 16:15:16 GMT+0800 (CST) ] {"err":0,"msg":"JcQwV4acAF9a56rHvdKSa4bW9Z9HqzoiaM"}
[ Tue Aug 15 2017 16:15:16 GMT+0800 (CST) ] time is 1030
[ Tue Aug 15 2017 16:15:16 GMT+0800 (CST) ] {"err":0,"msg":"JQhUsGq5XeqhmfbjvWMXofasB5Dr6EkKMs"}
[ Tue Aug 15 2017 16:15:16 GMT+0800 (CST) ] time is 1031
[ Tue Aug 15 2017 16:15:16 GMT+0800 (CST) ] {"err":0,"msg":"JfUTR3HC8jfBtkbsDzzoKEvLw5UYYxroHj"}
[ Tue Aug 15 2017 16:15:16 GMT+0800 (CST) ] time is 1032
[ Tue Aug 15 2017 16:15:16 GMT+0800 (CST) ] {"err":0,"msg":"JL2RKGkBaqY6QoKFLzsdxfqHbQQSbh7Pjz"}
[ Tue Aug 15 2017 16:15:16 GMT+0800 (CST) ] time is 1033
[ Tue Aug 15 2017 16:15:16 GMT+0800 (CST) ] {"err":0,"msg":"JaVQtjyi4UpzzUdLHLq67j28KWrc75WvR4"}
[ Tue Aug 15 2017 16:15:16 GMT+0800 (CST) ] time is 1034
[ Tue Aug 15 2017 16:15:16 GMT+0800 (CST) ] {"err":0,"msg":"JMC5xCsyzNVjFWKoVUXew1pD9Y7sQKH7Jz"}
[ Tue Aug 15 2017 16:15:16 GMT+0800 (CST) ] time is 1035
[ Tue Aug 15 2017 16:15:16 GMT+0800 (CST) ] {"err":0,"msg":"JTgzVhEgFVyC19Toka7P4w6Khca3YFfNut"}
[ Tue Aug 15 2017 16:15:16 GMT+0800 (CST) ] time is 1036
[ Tue Aug 15 2017 16:15:16 GMT+0800 (CST) ] {"err":0,"msg":"JekFwdZe6sfHqEVwXPLCuyVtNwNeCVMgZ6"}
[ Tue Aug 15 2017 16:15:16 GMT+0800 (CST) ] time is 1037
[ Tue Aug 15 2017 16:15:16 GMT+0800 (CST) ] {"err":0,"msg":"JRfeudCsepC3Uwp87cwBuW7hG2ZmgmNYVo"}
[ Tue Aug 15 2017 16:15:16 GMT+0800 (CST) ] time is 1038
[ Tue Aug 15 2017 16:15:16 GMT+0800 (CST) ] {"err":0,"msg":"Jg5Z2RMpJ77yoaBk1UYejD7hJKHkwjT4JG"}
[ Tue Aug 15 2017 16:15:16 GMT+0800 (CST) ] time is 1039
[ Tue Aug 15 2017 16:15:16 GMT+0800 (CST) ] {"err":0,"msg":"Jaucj43cHnBKLrMEXZ1YatddKmKMVYrRwB"}
[ Tue Aug 15 2017 16:15:16 GMT+0800 (CST) ] time is 1040
[ Tue Aug 15 2017 16:15:16 GMT+0800 (CST) ] {"err":0,"msg":"JX8R2vp8kGSw1P4w9BfyM28cnP2tJckHLx"}
[ Tue Aug 15 2017 16:15:16 GMT+0800 (CST) ] time is 1041
[ Tue Aug 15 2017 16:15:16 GMT+0800 (CST) ] {"err":0,"msg":"JTPn6B3cJ5DBHKJCmBHgqDbMdLBE2xzdJf"}
[ Tue Aug 15 2017 16:15:16 GMT+0800 (CST) ] time is 1042
[ Tue Aug 15 2017 16:15:16 GMT+0800 (CST) ] {"err":0,"msg":"JfjP5Zr7T7MfzwGjcU1CgDVBCq4m2TUXY3"}
[ Tue Aug 15 2017 16:15:16 GMT+0800 (CST) ] time is 1043
[ Tue Aug 15 2017 16:15:16 GMT+0800 (CST) ] {"err":0,"msg":"JfHn6QH7JQrvTw764Ekgoi6vDEriy99HwX"}
[ Tue Aug 15 2017 16:15:16 GMT+0800 (CST) ] time is 1044
[ Tue Aug 15 2017 16:15:16 GMT+0800 (CST) ] {"err":0,"msg":"JUDiPYcRVC3rNpr2fdzzU5BfEEUg53c9JH"}
[ Tue Aug 15 2017 16:15:16 GMT+0800 (CST) ] time is 1045
[ Tue Aug 15 2017 16:15:16 GMT+0800 (CST) ] {"err":0,"msg":"JZc6u2MjwereziooxrM7mSxxzAmaGZAPSd"}
[ Tue Aug 15 2017 16:15:16 GMT+0800 (CST) ] time is 1046
[ Tue Aug 15 2017 16:15:16 GMT+0800 (CST) ] {"err":0,"msg":"JWWnAYb9ZbaTeGCK6FPPWtNyFUjJegZBZh"}
[ Tue Aug 15 2017 16:15:16 GMT+0800 (CST) ] time is 1047
[ Tue Aug 15 2017 16:15:16 GMT+0800 (CST) ] {"err":0,"msg":"JPXrMYpFHvysF7cbHDPR1SYCTCLYVAYNNz"}
[ Tue Aug 15 2017 16:15:16 GMT+0800 (CST) ] time is 1048
[ Tue Aug 15 2017 16:15:16 GMT+0800 (CST) ] {"err":0,"msg":"JRTwtNViBLcLgwsDM52QdV5wH2VkRZZmjt"}
[ Tue Aug 15 2017 16:15:16 GMT+0800 (CST) ] time is 1049
[ Tue Aug 15 2017 16:15:16 GMT+0800 (CST) ] {"err":0,"msg":"JMnyDZ5wfG5HHf25HEZJfd6v9A8GRrv59x"}
[ Tue Aug 15 2017 16:15:16 GMT+0800 (CST) ] time is 1050
[ Tue Aug 15 2017 16:15:16 GMT+0800 (CST) ] {"err":0,"msg":"JL3N2RwPyGGNfBq4xeiXsur96xoAei7aDJ"}
[ Tue Aug 15 2017 16:15:16 GMT+0800 (CST) ] time is 1051
[ Tue Aug 15 2017 16:15:16 GMT+0800 (CST) ] {"err":0,"msg":"JKxqy35HppVg56iujZHM4zstKBqRqdhAiz"}
[ Tue Aug 15 2017 16:15:16 GMT+0800 (CST) ] time is 1052
[ Tue Aug 15 2017 16:15:16 GMT+0800 (CST) ] {"err":0,"msg":"Jai45n8N4RygXEhBw5JiJjzqSQXijYfChd"}
[ Tue Aug 15 2017 16:15:16 GMT+0800 (CST) ] time is 1053
[ Tue Aug 15 2017 16:15:16 GMT+0800 (CST) ] {"err":0,"msg":"JbypkTD9piiDTiErhyqW7nK2EAZDfKWySa"}
[ Tue Aug 15 2017 16:15:16 GMT+0800 (CST) ] time is 1054
[ Tue Aug 15 2017 16:15:16 GMT+0800 (CST) ] {"err":0,"msg":"JZ8Asod2HbbhH353xHLZjytHyfNvU6tu57"}
[ Tue Aug 15 2017 16:15:16 GMT+0800 (CST) ] time is 1055
[ Tue Aug 15 2017 16:15:16 GMT+0800 (CST) ] {"err":0,"msg":"JZXmX4WPTUCfrQcKFNYPqHzTJkrozYUvtS"}
[ Tue Aug 15 2017 16:15:16 GMT+0800 (CST) ] time is 1056
[ Tue Aug 15 2017 16:15:16 GMT+0800 (CST) ] {"err":0,"msg":"JTDPTexAGfE3GDgwc93xxGBCAPn5oDvqB7"}
[ Tue Aug 15 2017 16:15:16 GMT+0800 (CST) ] time is 1057
[ Tue Aug 15 2017 16:15:16 GMT+0800 (CST) ] {"err":0,"msg":"JgTaedfDYrN6z9ALBMTND4EyfGbas6FeQ2"}
[ Tue Aug 15 2017 16:15:17 GMT+0800 (CST) ] time is 1058
[ Tue Aug 15 2017 16:15:17 GMT+0800 (CST) ] {"err":0,"msg":"JQWZ1Fj5rUDJfVeN7J4DCxvKKpenYB1TMx"}
[ Tue Aug 15 2017 16:15:17 GMT+0800 (CST) ] time is 1059
[ Tue Aug 15 2017 16:15:17 GMT+0800 (CST) ] {"err":0,"msg":"JY2NAEWytZaJZWzzJLeXtuzpNNtFY44yFJ"}
[ Tue Aug 15 2017 16:15:17 GMT+0800 (CST) ] time is 1060
[ Tue Aug 15 2017 16:15:17 GMT+0800 (CST) ] {"err":0,"msg":"JSykSWkKckfpDF8S2onA5qMNnBS1utJGw1"}
[ Tue Aug 15 2017 16:15:17 GMT+0800 (CST) ] time is 1061
[ Tue Aug 15 2017 16:15:17 GMT+0800 (CST) ] {"err":0,"msg":"JYKsJ2rgGJDqcyW7W9BuZcmh2Sz62wAbVi"}
[ Tue Aug 15 2017 16:15:17 GMT+0800 (CST) ] time is 1062
[ Tue Aug 15 2017 16:15:17 GMT+0800 (CST) ] {"err":0,"msg":"JPtTVtxKB9ZwgBtLnKinJ1Cvri9QVmPqvF"}
[ Tue Aug 15 2017 16:15:17 GMT+0800 (CST) ] time is 1063
[ Tue Aug 15 2017 16:15:17 GMT+0800 (CST) ] {"err":0,"msg":"JUdh8DnUiiaPrZgtGjk4PRfkq2NLeSrVpn"}
[ Tue Aug 15 2017 16:15:17 GMT+0800 (CST) ] time is 1064
[ Tue Aug 15 2017 16:15:17 GMT+0800 (CST) ] {"err":0,"msg":"JcAf7pnCFWoZuGKJPT6wS7bGdCPStkDsxe"}
[ Tue Aug 15 2017 16:15:17 GMT+0800 (CST) ] time is 1065
[ Tue Aug 15 2017 16:15:17 GMT+0800 (CST) ] {"err":0,"msg":"JPAPeSbEpWom5zYsj64cPHwWhgM8jbMtjz"}
[ Tue Aug 15 2017 16:15:17 GMT+0800 (CST) ] time is 1066
[ Tue Aug 15 2017 16:15:17 GMT+0800 (CST) ] {"err":0,"msg":"JSSunpa277PJndMRgzfT89dkZM9sqZ5aVU"}
[ Tue Aug 15 2017 16:15:17 GMT+0800 (CST) ] time is 1067
[ Tue Aug 15 2017 16:15:17 GMT+0800 (CST) ] {"err":0,"msg":"JVzyTiRAGx3StkGCesuFy1obTisDNR2WZN"}
[ Tue Aug 15 2017 16:15:17 GMT+0800 (CST) ] time is 1068
[ Tue Aug 15 2017 16:15:17 GMT+0800 (CST) ] {"err":0,"msg":"Jebq3xrH5ggFiyw7fzBhbN26bn4pnS8wxK"}
[ Tue Aug 15 2017 16:15:17 GMT+0800 (CST) ] time is 1069
[ Tue Aug 15 2017 16:15:17 GMT+0800 (CST) ] {"err":0,"msg":"JTmawKL44DJdtGgbJpNn2F4ZoznonKWnrp"}
[ Tue Aug 15 2017 16:15:17 GMT+0800 (CST) ] time is 1070
[ Tue Aug 15 2017 16:15:17 GMT+0800 (CST) ] {"err":0,"msg":"JJoahcuYWq1v9GPEMZ41VQHRyJd1YHQL5i"}
[ Tue Aug 15 2017 16:15:17 GMT+0800 (CST) ] time is 1071
[ Tue Aug 15 2017 16:15:17 GMT+0800 (CST) ] {"err":0,"msg":"JWMG5zrWiGJdey6M3uxSugzPQkTDeo7qZG"}
[ Tue Aug 15 2017 16:15:17 GMT+0800 (CST) ] time is 1072
[ Tue Aug 15 2017 16:15:17 GMT+0800 (CST) ] {"err":0,"msg":"JTbKP2SmRnDHz6XVLmZwyNDVbC7GjTyWrY"}
[ Tue Aug 15 2017 16:15:17 GMT+0800 (CST) ] time is 1073
[ Tue Aug 15 2017 16:15:17 GMT+0800 (CST) ] {"err":0,"msg":"JVosbV4m3TuLkUuEY4WMBNnZXtwMKwCiEK"}
[ Tue Aug 15 2017 16:15:17 GMT+0800 (CST) ] time is 1074
[ Tue Aug 15 2017 16:15:17 GMT+0800 (CST) ] {"err":0,"msg":"JZchkVRpx6Y7dSksvfFFAoQAzeopDexeaJ"}
[ Tue Aug 15 2017 16:15:17 GMT+0800 (CST) ] time is 1075
[ Tue Aug 15 2017 16:15:17 GMT+0800 (CST) ] {"err":0,"msg":"JXNp8QxScVpYkCywyBj2x2GUStSpUzRvig"}
[ Tue Aug 15 2017 16:15:17 GMT+0800 (CST) ] time is 1076
[ Tue Aug 15 2017 16:15:17 GMT+0800 (CST) ] {"err":0,"msg":"JdF9jkbrsAfmQmawD7sSiMCPfTEeg2sfvs"}
[ Tue Aug 15 2017 16:15:17 GMT+0800 (CST) ] time is 1077
[ Tue Aug 15 2017 16:15:17 GMT+0800 (CST) ] {"err":0,"msg":"JbT5W7bcTCxG3fe3H7xwVvR8QJM3nP1huN"}
[ Tue Aug 15 2017 16:15:17 GMT+0800 (CST) ] time is 1078
[ Tue Aug 15 2017 16:15:17 GMT+0800 (CST) ] {"err":0,"msg":"JhrVJyTojWnDWtqw4vUNQxNHYr8yzkLFf5"}
[ Tue Aug 15 2017 16:15:17 GMT+0800 (CST) ] time is 1079
[ Tue Aug 15 2017 16:15:17 GMT+0800 (CST) ] {"err":0,"msg":"JTENjos5AHPHBcAHNC2jwob63mUPFepRCA"}
[ Tue Aug 15 2017 16:15:17 GMT+0800 (CST) ] time is 1080
[ Tue Aug 15 2017 16:15:17 GMT+0800 (CST) ] {"err":0,"msg":"JT9v5x8L3SDyfW9bH6UyZEFjvABusFVr26"}
[ Tue Aug 15 2017 16:15:17 GMT+0800 (CST) ] time is 1081
[ Tue Aug 15 2017 16:15:17 GMT+0800 (CST) ] {"err":0,"msg":"JbYfyjSNQaib1nGyMUQj5jJ8MvSMR325Pg"}
[ Tue Aug 15 2017 16:15:17 GMT+0800 (CST) ] time is 1082
[ Tue Aug 15 2017 16:15:17 GMT+0800 (CST) ] {"err":0,"msg":"Jgpx7S8hpwV8LeSMhDW2SPN4HiutbB1KQP"}
[ Tue Aug 15 2017 16:15:17 GMT+0800 (CST) ] time is 1083
[ Tue Aug 15 2017 16:15:17 GMT+0800 (CST) ] {"err":0,"msg":"JciGDY4NU5m5jZKGqjYKEcyonAJfdCARyD"}
[ Tue Aug 15 2017 16:15:17 GMT+0800 (CST) ] time is 1084
[ Tue Aug 15 2017 16:15:17 GMT+0800 (CST) ] {"err":0,"msg":"JJaQBFzMnBnDZQhpaqvZocs6G24WQX4cgJ"}
[ Tue Aug 15 2017 16:15:17 GMT+0800 (CST) ] time is 1085
[ Tue Aug 15 2017 16:15:17 GMT+0800 (CST) ] {"err":0,"msg":"JU3egMj8R1g4S1AvA3M4pSfStZszZa1P81"}
[ Tue Aug 15 2017 16:15:17 GMT+0800 (CST) ] time is 1086
[ Tue Aug 15 2017 16:15:17 GMT+0800 (CST) ] {"err":0,"msg":"JayZy8Xh9jUnchXZGoQFRGB5esZZrnwsaR"}
[ Tue Aug 15 2017 16:15:17 GMT+0800 (CST) ] time is 1087
[ Tue Aug 15 2017 16:15:17 GMT+0800 (CST) ] {"err":0,"msg":"JZ2JvQp17Em9gXvei2oyXxHrXX5jFQBXrk"}
[ Tue Aug 15 2017 16:15:17 GMT+0800 (CST) ] time is 1088
[ Tue Aug 15 2017 16:15:17 GMT+0800 (CST) ] {"err":0,"msg":"Jggx7s8fQMU4DNhPGZ4eYsxbupQhtkUu2h"}
[ Tue Aug 15 2017 16:15:17 GMT+0800 (CST) ] time is 1089
[ Tue Aug 15 2017 16:15:17 GMT+0800 (CST) ] {"err":0,"msg":"JVLz95gqaixY5f8HWeicfUrvjfi7wdyEtM"}
[ Tue Aug 15 2017 16:15:17 GMT+0800 (CST) ] time is 1090
[ Tue Aug 15 2017 16:15:17 GMT+0800 (CST) ] {"err":0,"msg":"JhsFLfkACmtG8bSrnJmkNsbxRBUoWR1NPz"}
[ Tue Aug 15 2017 16:15:17 GMT+0800 (CST) ] time is 1091
[ Tue Aug 15 2017 16:15:17 GMT+0800 (CST) ] {"err":0,"msg":"JgNYcY88o7cv6GtT1c8AJMep9CoKLLSF5W"}
[ Tue Aug 15 2017 16:15:17 GMT+0800 (CST) ] time is 1092
[ Tue Aug 15 2017 16:15:17 GMT+0800 (CST) ] {"err":0,"msg":"JdXbqVfJf2myRiJrTrATnnRjt42p6BR2XF"}
[ Tue Aug 15 2017 16:15:17 GMT+0800 (CST) ] time is 1093
[ Tue Aug 15 2017 16:15:17 GMT+0800 (CST) ] {"err":0,"msg":"JcHPDFg3CLhTRoLs7CD41Dk7vzMmEvNmNi"}
[ Tue Aug 15 2017 16:15:17 GMT+0800 (CST) ] time is 1094
[ Tue Aug 15 2017 16:15:17 GMT+0800 (CST) ] {"err":0,"msg":"JP3zUjXhqvuLq32opJ6p7nZZ3iwRtEXxxh"}
[ Tue Aug 15 2017 16:15:17 GMT+0800 (CST) ] time is 1095
[ Tue Aug 15 2017 16:15:17 GMT+0800 (CST) ] {"err":0,"msg":"JKiHcDbCdt8YaS3WfYtGXgzwLjNKPxjunk"}
[ Tue Aug 15 2017 16:15:17 GMT+0800 (CST) ] time is 1096
[ Tue Aug 15 2017 16:15:17 GMT+0800 (CST) ] {"err":0,"msg":"JPgmnvEVG1D5hZxrEhASx4Qky1EzXJwMDq"}
[ Tue Aug 15 2017 16:15:18 GMT+0800 (CST) ] time is 1097
[ Tue Aug 15 2017 16:15:18 GMT+0800 (CST) ] {"err":0,"msg":"JSv9BA4tXzxdoTRVwsjGeuR5VWNXkvHFoW"}
[ Tue Aug 15 2017 16:15:18 GMT+0800 (CST) ] time is 1098
[ Tue Aug 15 2017 16:15:18 GMT+0800 (CST) ] {"err":0,"msg":"JVfqTx8BdwdSpEYkJGa4xQW7K3RJUNP7cD"}
[ Tue Aug 15 2017 16:15:18 GMT+0800 (CST) ] time is 1099
[ Tue Aug 15 2017 16:15:18 GMT+0800 (CST) ] {"err":0,"msg":"JZJjtb1AweevHoYTJBSarS8zPCJbHYYiBG"}
[ Tue Aug 15 2017 16:15:18 GMT+0800 (CST) ] time is 1100
[ Tue Aug 15 2017 16:15:18 GMT+0800 (CST) ] {"err":0,"msg":"JV2MHnXKC3dUECNg7GWAQTu4EQb9bC81FU"}
[ Tue Aug 15 2017 16:15:18 GMT+0800 (CST) ] time is 1101
[ Tue Aug 15 2017 16:15:18 GMT+0800 (CST) ] {"err":0,"msg":"JQvstSpN12KsvwfNNxeteZBJFLN5oUca1R"}
[ Tue Aug 15 2017 16:15:18 GMT+0800 (CST) ] time is 1102
[ Tue Aug 15 2017 16:15:18 GMT+0800 (CST) ] {"err":0,"msg":"JMbKLxkx4DGvoALw2pCMyi7DG3BxiLtvtN"}
[ Tue Aug 15 2017 16:15:18 GMT+0800 (CST) ] {"err":0,"msg":"JLCnoGYa379DvosbkRmoRPqyWZFDa3rryP"}
[ Tue Aug 15 2017 16:15:18 GMT+0800 (CST) ] time is 1103
[ Tue Aug 15 2017 16:15:18 GMT+0800 (CST) ] time is 1104
[ Tue Aug 15 2017 16:15:18 GMT+0800 (CST) ] {"err":0,"msg":"JXKM5sp6WBch1igStJMYPmewSd3odLBDeD"}
[ Tue Aug 15 2017 16:15:18 GMT+0800 (CST) ] time is 1105
[ Tue Aug 15 2017 16:15:18 GMT+0800 (CST) ] {"err":0,"msg":"JP2Y1NrSSypnTqyNpyUdsNmc1KiMJVW42a"}
[ Tue Aug 15 2017 16:15:18 GMT+0800 (CST) ] time is 1106
[ Tue Aug 15 2017 16:15:18 GMT+0800 (CST) ] {"err":0,"msg":"JVjDL2j3hJWxr9XwtaofXgKaMtognGuAjG"}
[ Tue Aug 15 2017 16:15:18 GMT+0800 (CST) ] time is 1107
[ Tue Aug 15 2017 16:15:18 GMT+0800 (CST) ] {"err":0,"msg":"JUpt6m9fqxiEyXgdRn62sdcXmEYTPt6L8i"}
[ Tue Aug 15 2017 16:15:18 GMT+0800 (CST) ] time is 1108
[ Tue Aug 15 2017 16:15:18 GMT+0800 (CST) ] {"err":0,"msg":"JTA9uuSpy7gXEqAQ3hXPkD4aeKYXoQQBgJ"}
[ Tue Aug 15 2017 16:15:18 GMT+0800 (CST) ] time is 1109
[ Tue Aug 15 2017 16:15:18 GMT+0800 (CST) ] {"err":0,"msg":"JJsFmruoryFfTNvsEFkHgkfZffxTgqEkNJ"}
[ Tue Aug 15 2017 16:15:18 GMT+0800 (CST) ] time is 1110
[ Tue Aug 15 2017 16:15:18 GMT+0800 (CST) ] {"err":0,"msg":"JeKNjcDjm9Nffn1fvugwDwfmTVMcckYP5T"}
[ Tue Aug 15 2017 16:15:18 GMT+0800 (CST) ] time is 1111
[ Tue Aug 15 2017 16:15:18 GMT+0800 (CST) ] {"err":0,"msg":"JPDQ7mkNU9Q468yX7DHM2zWz8HAyvKwgWA"}
[ Tue Aug 15 2017 16:15:18 GMT+0800 (CST) ] time is 1112
[ Tue Aug 15 2017 16:15:18 GMT+0800 (CST) ] {"err":0,"msg":"JhfiNgSkdvwg1nGjvbuquG97uP6unwTNLh"}
[ Tue Aug 15 2017 16:15:18 GMT+0800 (CST) ] time is 1113
[ Tue Aug 15 2017 16:15:18 GMT+0800 (CST) ] {"err":0,"msg":"JTVPwhfEdKUoygsyoQRZyXSG2JK83PGk4b"}
[ Tue Aug 15 2017 16:15:18 GMT+0800 (CST) ] time is 1114
[ Tue Aug 15 2017 16:15:18 GMT+0800 (CST) ] {"err":0,"msg":"JVQMnCfeWLNrMwVER31bo7athNBqNQzAFX"}
[ Tue Aug 15 2017 16:15:18 GMT+0800 (CST) ] time is 1115
[ Tue Aug 15 2017 16:15:18 GMT+0800 (CST) ] {"err":0,"msg":"JRj4SigPpUpPTzNkvyc2nNX9Sug3iVUkS4"}
[ Tue Aug 15 2017 16:15:18 GMT+0800 (CST) ] time is 1116
[ Tue Aug 15 2017 16:15:18 GMT+0800 (CST) ] {"err":0,"msg":"JTbsGmWCcSWzExURxziuPtbS4Dk84Gc5Bq"}
[ Tue Aug 15 2017 16:15:18 GMT+0800 (CST) ] time is 1117
[ Tue Aug 15 2017 16:15:18 GMT+0800 (CST) ] {"err":0,"msg":"JKiLGhsFD2YZ46kYrpYhF1siSS5CzcwiML"}
[ Tue Aug 15 2017 16:15:18 GMT+0800 (CST) ] time is 1118
[ Tue Aug 15 2017 16:15:18 GMT+0800 (CST) ] {"err":0,"msg":"JXoMnSwV3ETH6v6PqTxQoAe3F11Vkp3boV"}
[ Tue Aug 15 2017 16:15:18 GMT+0800 (CST) ] time is 1119
[ Tue Aug 15 2017 16:15:18 GMT+0800 (CST) ] {"err":0,"msg":"JXA7Ws6X4nCUqe3kKWivMF2Sda4Wc6aeda"}
[ Tue Aug 15 2017 16:15:18 GMT+0800 (CST) ] time is 1120
[ Tue Aug 15 2017 16:15:18 GMT+0800 (CST) ] {"err":0,"msg":"JQD5JQ7H8FgBeedLxfthGc652gbSRyAneF"}
[ Tue Aug 15 2017 16:15:18 GMT+0800 (CST) ] time is 1121
[ Tue Aug 15 2017 16:15:18 GMT+0800 (CST) ] {"err":0,"msg":"JKkwb311tZEFjuwPYXLzcbiJ4azDWaX3rB"}
[ Tue Aug 15 2017 16:15:18 GMT+0800 (CST) ] time is 1122
[ Tue Aug 15 2017 16:15:18 GMT+0800 (CST) ] {"err":0,"msg":"JavGjCYzmAZHZWWk4Xx2KdTiNJkcw7VXgN"}
[ Tue Aug 15 2017 16:15:18 GMT+0800 (CST) ] time is 1123
[ Tue Aug 15 2017 16:15:18 GMT+0800 (CST) ] {"err":0,"msg":"JYSdvRq1GTGfsYx2dtVQFqXf17oZT5X6Xt"}
[ Tue Aug 15 2017 16:15:18 GMT+0800 (CST) ] time is 1124
[ Tue Aug 15 2017 16:15:18 GMT+0800 (CST) ] {"err":0,"msg":"JWUuwQEkTAUS62bKteho4BnGnqrHt55Zjw"}
[ Tue Aug 15 2017 16:15:18 GMT+0800 (CST) ] time is 1125
[ Tue Aug 15 2017 16:15:18 GMT+0800 (CST) ] {"err":0,"msg":"JQagfyCkc3XFFwjTmsS92W8dwoJzmBi6bd"}
[ Tue Aug 15 2017 16:15:18 GMT+0800 (CST) ] time is 1126
[ Tue Aug 15 2017 16:15:18 GMT+0800 (CST) ] {"err":0,"msg":"JVTdVF4bbPxSCaGKgS3he2xuDpy4Hx5t2i"}
[ Tue Aug 15 2017 16:15:18 GMT+0800 (CST) ] time is 1127
[ Tue Aug 15 2017 16:15:18 GMT+0800 (CST) ] {"err":0,"msg":"JXwjBcV9obtm8LLDw5CuMAB6gVyxy8VFvZ"}
[ Tue Aug 15 2017 16:15:18 GMT+0800 (CST) ] time is 1128
[ Tue Aug 15 2017 16:15:18 GMT+0800 (CST) ] {"err":0,"msg":"JM2NBW6hsK4LXaHXZw64Ly4QWUnWxL88FY"}
[ Tue Aug 15 2017 16:15:18 GMT+0800 (CST) ] time is 1129
[ Tue Aug 15 2017 16:15:18 GMT+0800 (CST) ] {"err":0,"msg":"JNyAo6btFrmuxjF2MajmYF7SXjsReW9cbj"}
[ Tue Aug 15 2017 16:15:18 GMT+0800 (CST) ] time is 1130
[ Tue Aug 15 2017 16:15:18 GMT+0800 (CST) ] {"err":0,"msg":"JQy33XacxtPFJvZJHVM545YjqrxcFTRNN2"}
[ Tue Aug 15 2017 16:15:18 GMT+0800 (CST) ] time is 1131
[ Tue Aug 15 2017 16:15:18 GMT+0800 (CST) ] {"err":0,"msg":"JLeMBhnvTBFg7hTJ9ZTKBy1habh2pqFici"}
[ Tue Aug 15 2017 16:15:18 GMT+0800 (CST) ] time is 1132
[ Tue Aug 15 2017 16:15:18 GMT+0800 (CST) ] {"err":0,"msg":"JY4WSBrZUMWsMutkAXR6tqNKYvdsBx9ZPZ"}
[ Tue Aug 15 2017 16:15:19 GMT+0800 (CST) ] time is 1133
[ Tue Aug 15 2017 16:15:19 GMT+0800 (CST) ] {"err":0,"msg":"JQjThXbSHk7ykwjYGRbpEAxuHhpmqJW4ug"}
[ Tue Aug 15 2017 16:15:19 GMT+0800 (CST) ] time is 1134
[ Tue Aug 15 2017 16:15:19 GMT+0800 (CST) ] {"err":0,"msg":"JfQNe8Whskcoi6rQ4wotGpmXVU61QZD1yK"}
[ Tue Aug 15 2017 16:15:19 GMT+0800 (CST) ] time is 1135
[ Tue Aug 15 2017 16:15:19 GMT+0800 (CST) ] {"err":0,"msg":"JQKhQkKDwaZ9W4PG4prDv7XgNNBBudo6hF"}
[ Tue Aug 15 2017 16:15:19 GMT+0800 (CST) ] time is 1136
[ Tue Aug 15 2017 16:15:19 GMT+0800 (CST) ] {"err":0,"msg":"Jhj3CQTHhFWFxaR62VTX4j88gTMjcJUex1"}
[ Tue Aug 15 2017 16:15:19 GMT+0800 (CST) ] time is 1137
[ Tue Aug 15 2017 16:15:19 GMT+0800 (CST) ] {"err":0,"msg":"JMqqDM5oy9evwBp8cFgTHJsnzbm67MA7ey"}
[ Tue Aug 15 2017 16:15:19 GMT+0800 (CST) ] time is 1138
[ Tue Aug 15 2017 16:15:19 GMT+0800 (CST) ] {"err":0,"msg":"JS3eFd8v1rysWAKaJb4dwA4KsyMscdM5oU"}
[ Tue Aug 15 2017 16:15:19 GMT+0800 (CST) ] time is 1139
[ Tue Aug 15 2017 16:15:19 GMT+0800 (CST) ] {"err":0,"msg":"JXxndhKHnMqk1tmBUF8KXgaJi52sTcbzUZ"}
[ Tue Aug 15 2017 16:15:19 GMT+0800 (CST) ] time is 1140
[ Tue Aug 15 2017 16:15:19 GMT+0800 (CST) ] {"err":0,"msg":"JTHNps6eC4jzm6TTSwkWTzckqrFW6WfcG8"}
[ Tue Aug 15 2017 16:15:19 GMT+0800 (CST) ] time is 1141
[ Tue Aug 15 2017 16:15:19 GMT+0800 (CST) ] {"err":0,"msg":"JLG3DwYp2xz6LvaJ8hpK4pvdtAaByCfw1s"}
[ Tue Aug 15 2017 16:15:19 GMT+0800 (CST) ] time is 1142
[ Tue Aug 15 2017 16:15:19 GMT+0800 (CST) ] {"err":0,"msg":"JbAAD6YvhtJhQW8JTutRZnAfJ11b2B3Hio"}
[ Tue Aug 15 2017 16:15:19 GMT+0800 (CST) ] time is 1143
[ Tue Aug 15 2017 16:15:19 GMT+0800 (CST) ] {"err":0,"msg":"JUpk3hPuELb9FSNPVZLGgBGUJRCicEhCNr"}
[ Tue Aug 15 2017 16:15:19 GMT+0800 (CST) ] time is 1144
[ Tue Aug 15 2017 16:15:19 GMT+0800 (CST) ] {"err":0,"msg":"JWoRu7RhNKETJYtwLg5RusRMpjWvR5doHA"}
[ Tue Aug 15 2017 16:15:19 GMT+0800 (CST) ] time is 1145
[ Tue Aug 15 2017 16:15:19 GMT+0800 (CST) ] {"err":0,"msg":"JXScQWpa2BGsY3RbywTryTcG3pBEFPYxfH"}
[ Tue Aug 15 2017 16:15:19 GMT+0800 (CST) ] time is 1146
[ Tue Aug 15 2017 16:15:19 GMT+0800 (CST) ] {"err":0,"msg":"JfULvE9uTspHJCNUx1CHDHVxxD25jkEuG3"}
[ Tue Aug 15 2017 16:15:19 GMT+0800 (CST) ] time is 1147
[ Tue Aug 15 2017 16:15:19 GMT+0800 (CST) ] {"err":0,"msg":"JKDcVjUDmgy48maLmJJ6QwQzEJjJKKDNq8"}
[ Tue Aug 15 2017 16:15:19 GMT+0800 (CST) ] time is 1148
[ Tue Aug 15 2017 16:15:19 GMT+0800 (CST) ] {"err":0,"msg":"JQUAGYjoJxyqierscZ9Jvimg3sJbsEoRDr"}
[ Tue Aug 15 2017 16:15:19 GMT+0800 (CST) ] time is 1149
[ Tue Aug 15 2017 16:15:19 GMT+0800 (CST) ] {"err":0,"msg":"JJzXMpEzmSNxR41z1E8N14rZpjAVtM6QRi"}
[ Tue Aug 15 2017 16:15:19 GMT+0800 (CST) ] time is 1150
[ Tue Aug 15 2017 16:15:19 GMT+0800 (CST) ] {"err":0,"msg":"JhCEy1NyfnEmpu6kBahkBXdGwKjXTuMjjY"}
[ Tue Aug 15 2017 16:15:19 GMT+0800 (CST) ] time is 1151
[ Tue Aug 15 2017 16:15:19 GMT+0800 (CST) ] {"err":0,"msg":"JXSNtpXhwK19E4AH7WSTf1ji7R2kXYpnJb"}
[ Tue Aug 15 2017 16:15:19 GMT+0800 (CST) ] time is 1152
[ Tue Aug 15 2017 16:15:19 GMT+0800 (CST) ] {"err":0,"msg":"JYFAwUuguv3m74TW4o2LXeSZU99d5yTLnF"}
[ Tue Aug 15 2017 16:15:19 GMT+0800 (CST) ] time is 1153
[ Tue Aug 15 2017 16:15:19 GMT+0800 (CST) ] {"err":0,"msg":"JgPJzM76mgVznJhaC1h6iJ85A8FWyvGF5K"}
[ Tue Aug 15 2017 16:15:19 GMT+0800 (CST) ] {"err":0,"msg":"JNPsc3j7QNRjjSUL55sAcRLpDjE1biTwq9"}
[ Tue Aug 15 2017 16:15:19 GMT+0800 (CST) ] time is 1154
[ Tue Aug 15 2017 16:15:19 GMT+0800 (CST) ] time is 1155
[ Tue Aug 15 2017 16:15:19 GMT+0800 (CST) ] {"err":0,"msg":"Je6u5txCzDJsjx7qvDvuRQB762fUpZpoEr"}
[ Tue Aug 15 2017 16:15:19 GMT+0800 (CST) ] time is 1156
[ Tue Aug 15 2017 16:15:19 GMT+0800 (CST) ] {"err":0,"msg":"JVHbS3n5Q5Yr4i35EVP38ULCdEfvXBd74w"}
[ Tue Aug 15 2017 16:15:19 GMT+0800 (CST) ] time is 1157
[ Tue Aug 15 2017 16:15:19 GMT+0800 (CST) ] {"err":0,"msg":"JfGatFf1pzzsDh52a8LPD1JFK1y8nN42kB"}
[ Tue Aug 15 2017 16:15:19 GMT+0800 (CST) ] time is 1158
[ Tue Aug 15 2017 16:15:19 GMT+0800 (CST) ] {"err":0,"msg":"JL34hbriDvyDZLySSPZh7LnHrLun273Pwm"}
[ Tue Aug 15 2017 16:15:19 GMT+0800 (CST) ] time is 1159
[ Tue Aug 15 2017 16:15:19 GMT+0800 (CST) ] {"err":0,"msg":"JepSELTZHc2pYtv7qigdYgkdJ1zBEW8JuS"}
[ Tue Aug 15 2017 16:15:19 GMT+0800 (CST) ] time is 1160
[ Tue Aug 15 2017 16:15:19 GMT+0800 (CST) ] {"err":0,"msg":"JNoaGKFXfXkmSG1Bb7Ju4MaTRAyr6VavV6"}
[ Tue Aug 15 2017 16:15:19 GMT+0800 (CST) ] time is 1161
[ Tue Aug 15 2017 16:15:19 GMT+0800 (CST) ] {"err":0,"msg":"JgVwwonXZwfiAU2FmHNCzLByVZ4NyS37iY"}
[ Tue Aug 15 2017 16:15:19 GMT+0800 (CST) ] time is 1162
[ Tue Aug 15 2017 16:15:19 GMT+0800 (CST) ] {"err":0,"msg":"JeSpydrnYcR5vYZhDhT4vc8cmUTCNyCoim"}
[ Tue Aug 15 2017 16:15:19 GMT+0800 (CST) ] time is 1163
[ Tue Aug 15 2017 16:15:19 GMT+0800 (CST) ] {"err":0,"msg":"JJtEHnh3foUhBK44mHnERvDKXtKRj9j143"}
[ Tue Aug 15 2017 16:15:19 GMT+0800 (CST) ] time is 1164
[ Tue Aug 15 2017 16:15:19 GMT+0800 (CST) ] {"err":0,"msg":"JMhPJ5MfqioQofyZiJZCuZXxkP1LWHVjeC"}
[ Tue Aug 15 2017 16:15:19 GMT+0800 (CST) ] time is 1165
[ Tue Aug 15 2017 16:15:19 GMT+0800 (CST) ] {"err":0,"msg":"JS1w6utnJPrvvvT9RQi3s9casTtC6FUBEr"}
[ Tue Aug 15 2017 16:15:19 GMT+0800 (CST) ] time is 1166
[ Tue Aug 15 2017 16:15:19 GMT+0800 (CST) ] {"err":0,"msg":"Je78hZW6itAa2ewsDE3ciw3G2iKFZEivej"}
[ Tue Aug 15 2017 16:15:19 GMT+0800 (CST) ] time is 1167
[ Tue Aug 15 2017 16:15:19 GMT+0800 (CST) ] {"err":0,"msg":"JdN67UML6srTDGoWaKS1nEEUnWHzqzsMag"}
[ Tue Aug 15 2017 16:15:19 GMT+0800 (CST) ] time is 1168
[ Tue Aug 15 2017 16:15:19 GMT+0800 (CST) ] {"err":0,"msg":"JQ3ftU8TCGiycEF4wdiPxpV8Wtu761M53G"}
[ Tue Aug 15 2017 16:15:19 GMT+0800 (CST) ] time is 1169
[ Tue Aug 15 2017 16:15:19 GMT+0800 (CST) ] {"err":0,"msg":"JTn7DGWGvgzhnh6HmuK26Mzy4yhJUR9fD4"}
[ Tue Aug 15 2017 16:15:19 GMT+0800 (CST) ] time is 1170
[ Tue Aug 15 2017 16:15:19 GMT+0800 (CST) ] {"err":0,"msg":"JYtfvahnNNWQ9mboJyzJmuERxXroDh5SPG"}
[ Tue Aug 15 2017 16:15:20 GMT+0800 (CST) ] time is 1171
[ Tue Aug 15 2017 16:15:20 GMT+0800 (CST) ] {"err":0,"msg":"JbQRbgzxriUYgYj1PrZTcqAiS1UbwvsGGL"}
[ Tue Aug 15 2017 16:15:20 GMT+0800 (CST) ] time is 1172
[ Tue Aug 15 2017 16:15:20 GMT+0800 (CST) ] {"err":0,"msg":"JWz4LMrcYVDrLPt2FXJ26gaSWV7ko6c169"}
[ Tue Aug 15 2017 16:15:20 GMT+0800 (CST) ] time is 1173
[ Tue Aug 15 2017 16:15:20 GMT+0800 (CST) ] {"err":0,"msg":"JchL7TqbMC19Afy1WSktEMzwV39aefH4TV"}
[ Tue Aug 15 2017 16:15:20 GMT+0800 (CST) ] time is 1174
[ Tue Aug 15 2017 16:15:20 GMT+0800 (CST) ] {"err":0,"msg":"JPqz6QCp8v2shUEYy8x9nkLwJGS7zEDceU"}
[ Tue Aug 15 2017 16:15:20 GMT+0800 (CST) ] time is 1175
[ Tue Aug 15 2017 16:15:20 GMT+0800 (CST) ] {"err":0,"msg":"JUU8eaQVsUNy9gVLJWoWGMENYzJybKkkVm"}
[ Tue Aug 15 2017 16:15:20 GMT+0800 (CST) ] time is 1176
[ Tue Aug 15 2017 16:15:20 GMT+0800 (CST) ] {"err":0,"msg":"JaEaAh12JznEArsgZXRzueKvBR65B3JQSP"}
[ Tue Aug 15 2017 16:15:20 GMT+0800 (CST) ] time is 1177
[ Tue Aug 15 2017 16:15:20 GMT+0800 (CST) ] {"err":0,"msg":"JYbLbXUeMzcYYYgpBSnD9JUjdizvkSN9V2"}
[ Tue Aug 15 2017 16:15:20 GMT+0800 (CST) ] time is 1178
[ Tue Aug 15 2017 16:15:20 GMT+0800 (CST) ] {"err":0,"msg":"Jfm1MDs9jF4KBHGZcuRtLL7c8NajbxLqBV"}
[ Tue Aug 15 2017 16:15:20 GMT+0800 (CST) ] time is 1179
[ Tue Aug 15 2017 16:15:20 GMT+0800 (CST) ] {"err":0,"msg":"JW5HW99VriD82Sdm4Bnbez9RM1MGL4aUuw"}
[ Tue Aug 15 2017 16:15:20 GMT+0800 (CST) ] time is 1180
[ Tue Aug 15 2017 16:15:20 GMT+0800 (CST) ] {"err":0,"msg":"JXha32evJpGccxdDqHUkqqtwE2eDUDtRC9"}
[ Tue Aug 15 2017 16:15:20 GMT+0800 (CST) ] time is 1181
[ Tue Aug 15 2017 16:15:20 GMT+0800 (CST) ] {"err":0,"msg":"JekYb8hnbFmR9H3Ty4equXagPcKSCyq6Vc"}
[ Tue Aug 15 2017 16:15:20 GMT+0800 (CST) ] time is 1182
[ Tue Aug 15 2017 16:15:20 GMT+0800 (CST) ] {"err":0,"msg":"Jgys4KAwH7iDeqbkuouAgvFFraS5b6pALL"}
[ Tue Aug 15 2017 16:15:20 GMT+0800 (CST) ] time is 1183
[ Tue Aug 15 2017 16:15:20 GMT+0800 (CST) ] {"err":0,"msg":"JeXz2G1BPAcipkoSxWsW3LC1u24f11rsSg"}
[ Tue Aug 15 2017 16:15:20 GMT+0800 (CST) ] time is 1184
[ Tue Aug 15 2017 16:15:20 GMT+0800 (CST) ] {"err":0,"msg":"JQ68iKK59JQRRbSCRPfRp9fvwQb6TBEhsk"}
[ Tue Aug 15 2017 16:15:20 GMT+0800 (CST) ] {"err":0,"msg":"JefKEYBErC2uV4SvmM7EPB6yEAhWZK9GmM"}
[ Tue Aug 15 2017 16:15:20 GMT+0800 (CST) ] time is 1185
[ Tue Aug 15 2017 16:15:20 GMT+0800 (CST) ] time is 1186
[ Tue Aug 15 2017 16:15:20 GMT+0800 (CST) ] {"err":0,"msg":"JSym1YsRXSnqQKgF19TkLEAxD8wRnddrPW"}
[ Tue Aug 15 2017 16:15:20 GMT+0800 (CST) ] time is 1187
[ Tue Aug 15 2017 16:15:20 GMT+0800 (CST) ] {"err":0,"msg":"JXnSzm15JM9L7kFToGvDeNEUz9twgdjzEp"}
[ Tue Aug 15 2017 16:15:20 GMT+0800 (CST) ] time is 1188
[ Tue Aug 15 2017 16:15:20 GMT+0800 (CST) ] {"err":0,"msg":"JgLeN2jUanZBHufrwCZwDTVVABSbDeytqv"}
[ Tue Aug 15 2017 16:15:20 GMT+0800 (CST) ] time is 1189
[ Tue Aug 15 2017 16:15:20 GMT+0800 (CST) ] {"err":0,"msg":"JSZYe5bdCtDFu2tXhwDB7i7KicoPqLLCCC"}
[ Tue Aug 15 2017 16:15:20 GMT+0800 (CST) ] time is 1190
[ Tue Aug 15 2017 16:15:20 GMT+0800 (CST) ] {"err":0,"msg":"JbfJXkNJ7myX7T5xbQGP5TR3KHz4bnCjje"}
[ Tue Aug 15 2017 16:15:20 GMT+0800 (CST) ] time is 1191
[ Tue Aug 15 2017 16:15:20 GMT+0800 (CST) ] {"err":0,"msg":"JaV3huaNESKnAmjXWF9YEkuUpT8BKEMPis"}
[ Tue Aug 15 2017 16:15:20 GMT+0800 (CST) ] time is 1192
[ Tue Aug 15 2017 16:15:20 GMT+0800 (CST) ] {"err":0,"msg":"JZuBhTHobAJbgEenXAjspRNCxHAJhLeAZh"}
[ Tue Aug 15 2017 16:15:20 GMT+0800 (CST) ] time is 1193
[ Tue Aug 15 2017 16:15:20 GMT+0800 (CST) ] {"err":0,"msg":"JRNmu5NzSLidYn3uho5RocWNcozjSMQbzw"}
[ Tue Aug 15 2017 16:15:20 GMT+0800 (CST) ] time is 1194
[ Tue Aug 15 2017 16:15:20 GMT+0800 (CST) ] {"err":0,"msg":"JVL3Q82CF78mx5vD8w9nqW6cT7zhjMNbkS"}
[ Tue Aug 15 2017 16:15:20 GMT+0800 (CST) ] time is 1195
[ Tue Aug 15 2017 16:15:20 GMT+0800 (CST) ] {"err":0,"msg":"JZcxayvizZCFYyXNogHqVXbot9M1s4wwms"}
[ Tue Aug 15 2017 16:15:20 GMT+0800 (CST) ] time is 1196
[ Tue Aug 15 2017 16:15:20 GMT+0800 (CST) ] {"err":0,"msg":"JKEwr9DehG57K5u6mknvqNPERaAfy3Z2iy"}
[ Tue Aug 15 2017 16:15:20 GMT+0800 (CST) ] time is 1197
[ Tue Aug 15 2017 16:15:20 GMT+0800 (CST) ] {"err":0,"msg":"JTJ9Zuvo7qKGCWsK97aQ5bco5vp6B1XJ24"}
[ Tue Aug 15 2017 16:15:20 GMT+0800 (CST) ] time is 1198
[ Tue Aug 15 2017 16:15:20 GMT+0800 (CST) ] {"err":0,"msg":"JWKun8cmLYQ92PSgvhGKTP9EBiqXXJQHRw"}
[ Tue Aug 15 2017 16:15:20 GMT+0800 (CST) ] time is 1199
[ Tue Aug 15 2017 16:15:20 GMT+0800 (CST) ] {"err":0,"msg":"JTzLZrfHt5JcrgN7QGg5a4WHSHNovzNPze"}
[ Tue Aug 15 2017 16:15:20 GMT+0800 (CST) ] time is 1200
[ Tue Aug 15 2017 16:15:20 GMT+0800 (CST) ] {"err":0,"msg":"JTJPQfkH6VZ1yZDMpMoh3VsRdoyx97RYwv"}
[ Tue Aug 15 2017 16:15:20 GMT+0800 (CST) ] time is 1201
[ Tue Aug 15 2017 16:15:20 GMT+0800 (CST) ] {"err":0,"msg":"JhD1VZTfzxUZibn9Ktocvyf83i3NpspDAp"}
[ Tue Aug 15 2017 16:15:20 GMT+0800 (CST) ] time is 1202
[ Tue Aug 15 2017 16:15:20 GMT+0800 (CST) ] {"err":0,"msg":"JVztJwoh7FtLKQktqe1hTeMxmRdDw6EzBs"}
[ Tue Aug 15 2017 16:15:20 GMT+0800 (CST) ] time is 1203
[ Tue Aug 15 2017 16:15:20 GMT+0800 (CST) ] {"err":0,"msg":"JSMj79jH5LhzCybbuQX4QmG6HXReMDYdok"}
[ Tue Aug 15 2017 16:15:20 GMT+0800 (CST) ] time is 1204
[ Tue Aug 15 2017 16:15:20 GMT+0800 (CST) ] {"err":0,"msg":"JTtr6QArfHtkKpMFUjcaabCWj6NTfDQLhN"}
[ Tue Aug 15 2017 16:15:20 GMT+0800 (CST) ] time is 1205
[ Tue Aug 15 2017 16:15:20 GMT+0800 (CST) ] {"err":0,"msg":"JZPwVEJCup2nza7n6FYr92pvGeBGfFhLeW"}
[ Tue Aug 15 2017 16:15:20 GMT+0800 (CST) ] time is 1206
[ Tue Aug 15 2017 16:15:20 GMT+0800 (CST) ] {"err":0,"msg":"JdmvmurtknfAfQ3yhG3LoXDQgTDrcPPGkt"}
[ Tue Aug 15 2017 16:15:20 GMT+0800 (CST) ] time is 1207
[ Tue Aug 15 2017 16:15:20 GMT+0800 (CST) ] {"err":0,"msg":"JNe1SfsPEaopBdePth7F4Rh8ghoEwVU9o9"}
[ Tue Aug 15 2017 16:15:21 GMT+0800 (CST) ] time is 1208
[ Tue Aug 15 2017 16:15:21 GMT+0800 (CST) ] {"err":0,"msg":"JN9ePt2SRug7p8RWbWLeqGBrW3eAF9L3Dz"}
[ Tue Aug 15 2017 16:15:21 GMT+0800 (CST) ] time is 1209
[ Tue Aug 15 2017 16:15:21 GMT+0800 (CST) ] {"err":0,"msg":"JhGnXPfZEJF6MGiiVGv66rSZprijzApnkb"}
[ Tue Aug 15 2017 16:15:21 GMT+0800 (CST) ] time is 1210
[ Tue Aug 15 2017 16:15:21 GMT+0800 (CST) ] {"err":0,"msg":"JXmPL54bUdfXbDAffM4C1tTGNJU16o12B7"}
[ Tue Aug 15 2017 16:15:21 GMT+0800 (CST) ] time is 1211
[ Tue Aug 15 2017 16:15:21 GMT+0800 (CST) ] {"err":0,"msg":"JPpVGmckfaK7j46ZV1hhy5Po1yH3BG5hxM"}
[ Tue Aug 15 2017 16:15:21 GMT+0800 (CST) ] time is 1212
[ Tue Aug 15 2017 16:15:21 GMT+0800 (CST) ] {"err":0,"msg":"JNCyu3Rpnsij7DpSQfP1RQSjJvkRzh8c1d"}
[ Tue Aug 15 2017 16:15:21 GMT+0800 (CST) ] time is 1213
[ Tue Aug 15 2017 16:15:21 GMT+0800 (CST) ] {"err":0,"msg":"JS5bikudoJ4LetU2ByqSkeJMpJxcnP4iwZ"}
[ Tue Aug 15 2017 16:15:21 GMT+0800 (CST) ] time is 1214
[ Tue Aug 15 2017 16:15:21 GMT+0800 (CST) ] {"err":0,"msg":"JVmG6tMXCQ6ickkZKpULuixNNvpVgKMPi7"}
[ Tue Aug 15 2017 16:15:21 GMT+0800 (CST) ] time is 1215
[ Tue Aug 15 2017 16:15:21 GMT+0800 (CST) ] {"err":0,"msg":"JNtop1uuRrzwP37WZfA3BrChcrs3N5RhXf"}
[ Tue Aug 15 2017 16:15:21 GMT+0800 (CST) ] time is 1216
[ Tue Aug 15 2017 16:15:21 GMT+0800 (CST) ] {"err":0,"msg":"JdaPhzVoRdM2UApDJRtbz98vYgEq4KSD3U"}
[ Tue Aug 15 2017 16:15:21 GMT+0800 (CST) ] time is 1217
[ Tue Aug 15 2017 16:15:21 GMT+0800 (CST) ] {"err":0,"msg":"JV4oNnHL7YhHWz9dAE2KGR4WeEF1ajcic4"}
[ Tue Aug 15 2017 16:15:21 GMT+0800 (CST) ] time is 1218
[ Tue Aug 15 2017 16:15:21 GMT+0800 (CST) ] {"err":0,"msg":"JUjpSeoVL6Te1JxApuBSgryHEnnD4XXATF"}
[ Tue Aug 15 2017 16:15:21 GMT+0800 (CST) ] time is 1219
[ Tue Aug 15 2017 16:15:21 GMT+0800 (CST) ] {"err":0,"msg":"JNcCyQqz316f8qkobMSeR4CtKJeFLBN2cd"}
[ Tue Aug 15 2017 16:15:21 GMT+0800 (CST) ] time is 1220
[ Tue Aug 15 2017 16:15:21 GMT+0800 (CST) ] {"err":0,"msg":"Jga4aPHYq7QYvhcqqm25BfmMZ8Gd4dnvB4"}
[ Tue Aug 15 2017 16:15:21 GMT+0800 (CST) ] time is 1221
[ Tue Aug 15 2017 16:15:21 GMT+0800 (CST) ] {"err":0,"msg":"JMz39uxUbZs4p2qbQ8ujKAy1knPTX3nLbt"}
[ Tue Aug 15 2017 16:15:21 GMT+0800 (CST) ] time is 1222
[ Tue Aug 15 2017 16:15:21 GMT+0800 (CST) ] {"err":0,"msg":"JhDP15ioXHkBSMGiD96aAmKU93o2WxvPZ6"}
[ Tue Aug 15 2017 16:15:21 GMT+0800 (CST) ] time is 1223
[ Tue Aug 15 2017 16:15:21 GMT+0800 (CST) ] {"err":0,"msg":"JNGfrXZ2dZnWCLWLaBNRP8i1vjzjNMyGNW"}
[ Tue Aug 15 2017 16:15:21 GMT+0800 (CST) ] time is 1224
[ Tue Aug 15 2017 16:15:21 GMT+0800 (CST) ] {"err":0,"msg":"JLbWd195qZar1rGF5S48wGbizFQgNeXKwt"}
[ Tue Aug 15 2017 16:15:21 GMT+0800 (CST) ] time is 1225
[ Tue Aug 15 2017 16:15:21 GMT+0800 (CST) ] {"err":0,"msg":"JXjStPbo7bLKtAHLTZRjmkdS3RQuJQ8zo9"}
[ Tue Aug 15 2017 16:15:21 GMT+0800 (CST) ] time is 1226
[ Tue Aug 15 2017 16:15:21 GMT+0800 (CST) ] {"err":0,"msg":"JQUnPbWaSZdP3EVKxAPLdH4ahkehwrD2ZZ"}
[ Tue Aug 15 2017 16:15:21 GMT+0800 (CST) ] time is 1227
[ Tue Aug 15 2017 16:15:21 GMT+0800 (CST) ] {"err":0,"msg":"JXJsNzELmKLeirXiG63BEaNWReb7u993m7"}
[ Tue Aug 15 2017 16:15:21 GMT+0800 (CST) ] {"err":0,"msg":"JKqgd4fLPvmzCLVP59wmMrHezQM92Zy3Gg"}
[ Tue Aug 15 2017 16:15:21 GMT+0800 (CST) ] time is 1228
[ Tue Aug 15 2017 16:15:21 GMT+0800 (CST) ] time is 1229
[ Tue Aug 15 2017 16:15:21 GMT+0800 (CST) ] {"err":0,"msg":"JMUnZYyeJxaJkjkKv85C39AFyifVcSHEK9"}
[ Tue Aug 15 2017 16:15:21 GMT+0800 (CST) ] time is 1230
[ Tue Aug 15 2017 16:15:21 GMT+0800 (CST) ] {"err":0,"msg":"JUKsXsVJ4aFTZyqAn14auWH7pdRmfnYmQa"}
[ Tue Aug 15 2017 16:15:21 GMT+0800 (CST) ] time is 1231
[ Tue Aug 15 2017 16:15:21 GMT+0800 (CST) ] {"err":0,"msg":"JM1Fu4241ApVaVM81t99KYRZ8X9cLZpfxT"}
[ Tue Aug 15 2017 16:15:21 GMT+0800 (CST) ] time is 1232
[ Tue Aug 15 2017 16:15:21 GMT+0800 (CST) ] {"err":0,"msg":"JSrRWJfxruq8zdZEBKp55QJ9kW8nzKy1ZX"}
[ Tue Aug 15 2017 16:15:21 GMT+0800 (CST) ] time is 1233
[ Tue Aug 15 2017 16:15:21 GMT+0800 (CST) ] {"err":0,"msg":"JQE5hDeUbcpFxHLkjrCXhduHzn86cb3fsu"}
[ Tue Aug 15 2017 16:15:21 GMT+0800 (CST) ] time is 1234
[ Tue Aug 15 2017 16:15:21 GMT+0800 (CST) ] {"err":0,"msg":"JY1drvsJRUrLwu3DzQePdPbuxmDVQDgvb7"}
[ Tue Aug 15 2017 16:15:21 GMT+0800 (CST) ] time is 1235
[ Tue Aug 15 2017 16:15:21 GMT+0800 (CST) ] {"err":0,"msg":"JL8ung8E8637XGjey2WU1DfiuZaAHiNRKo"}
[ Tue Aug 15 2017 16:15:21 GMT+0800 (CST) ] time is 1236
[ Tue Aug 15 2017 16:15:21 GMT+0800 (CST) ] {"err":0,"msg":"JSVV8kwsRMzwDNxqH8TSH6eCqU9SuThsV4"}
[ Tue Aug 15 2017 16:15:21 GMT+0800 (CST) ] time is 1237
[ Tue Aug 15 2017 16:15:21 GMT+0800 (CST) ] {"err":0,"msg":"Jd6T95fNNuJZJ87YKibmpCiREjxh9FXNnK"}
[ Tue Aug 15 2017 16:15:21 GMT+0800 (CST) ] time is 1238
[ Tue Aug 15 2017 16:15:21 GMT+0800 (CST) ] {"err":0,"msg":"JMhoZAjfHUBvzT1ZPMjzAXEiD8MCbn6f7r"}
[ Tue Aug 15 2017 16:15:21 GMT+0800 (CST) ] time is 1239
[ Tue Aug 15 2017 16:15:21 GMT+0800 (CST) ] {"err":0,"msg":"JQYNRtCsQxFTPENEEUm6Qt42FWFCH8DCmY"}
[ Tue Aug 15 2017 16:15:21 GMT+0800 (CST) ] time is 1240
[ Tue Aug 15 2017 16:15:21 GMT+0800 (CST) ] {"err":0,"msg":"JaBVPjiD4oNsyYhZGHf4vpoRFyoUygoYxJ"}
[ Tue Aug 15 2017 16:15:21 GMT+0800 (CST) ] time is 1241
[ Tue Aug 15 2017 16:15:21 GMT+0800 (CST) ] {"err":0,"msg":"JcordWUNfiJd7wwByKr16HE3nDVfhsptDW"}
[ Tue Aug 15 2017 16:15:21 GMT+0800 (CST) ] time is 1242
[ Tue Aug 15 2017 16:15:21 GMT+0800 (CST) ] {"err":0,"msg":"JZVXv3Sw6xLAkk3jvmqT6KMcyR1XZiFunr"}
[ Tue Aug 15 2017 16:15:21 GMT+0800 (CST) ] time is 1243
[ Tue Aug 15 2017 16:15:21 GMT+0800 (CST) ] {"err":0,"msg":"JTRqbkjzSjky4CBHYMc6txwg7NVLHjmP2d"}
[ Tue Aug 15 2017 16:15:21 GMT+0800 (CST) ] time is 1244
[ Tue Aug 15 2017 16:15:21 GMT+0800 (CST) ] {"err":0,"msg":"JZyern436BkHWMF95vM8JnSGxVdPvtAZWa"}
[ Tue Aug 15 2017 16:15:21 GMT+0800 (CST) ] time is 1245
[ Tue Aug 15 2017 16:15:21 GMT+0800 (CST) ] {"err":0,"msg":"JdjAHuJ9gbJ6nwC9XZ7mKZbPq97zsQGKQm"}
[ Tue Aug 15 2017 16:15:22 GMT+0800 (CST) ] time is 1246
[ Tue Aug 15 2017 16:15:22 GMT+0800 (CST) ] {"err":0,"msg":"JMBuo7vQqf2EDr9PHRHbiWzgDEqfXb3HgD"}
[ Tue Aug 15 2017 16:15:22 GMT+0800 (CST) ] time is 1247
[ Tue Aug 15 2017 16:15:22 GMT+0800 (CST) ] {"err":0,"msg":"JeDodJSNHQK4FNBjqnSXAmnBBQ66pHwuS6"}
[ Tue Aug 15 2017 16:15:22 GMT+0800 (CST) ] time is 1248
[ Tue Aug 15 2017 16:15:22 GMT+0800 (CST) ] {"err":0,"msg":"JgUuaZzPFLeNbK8KKpJmkAKoXNTAys1RaQ"}
[ Tue Aug 15 2017 16:15:22 GMT+0800 (CST) ] time is 1249
[ Tue Aug 15 2017 16:15:22 GMT+0800 (CST) ] {"err":0,"msg":"JaZSXkGncLBbmwzqcqu8T3eEwQR5MeryTA"}
[ Tue Aug 15 2017 16:15:22 GMT+0800 (CST) ] time is 1250
[ Tue Aug 15 2017 16:15:22 GMT+0800 (CST) ] {"err":0,"msg":"JN3ve6xQaQY9Fd6vBZHaPg2QYppdiLxqBF"}
[ Tue Aug 15 2017 16:15:22 GMT+0800 (CST) ] time is 1251
[ Tue Aug 15 2017 16:15:22 GMT+0800 (CST) ] {"err":0,"msg":"JaHrEo3hgzBssrZwqVjCc8hnKqLQDDAJcD"}
[ Tue Aug 15 2017 16:15:22 GMT+0800 (CST) ] time is 1252
[ Tue Aug 15 2017 16:15:22 GMT+0800 (CST) ] {"err":0,"msg":"JT4R7sedJJwHuDwGqYzqDs8rqwPeKjqHhP"}
[ Tue Aug 15 2017 16:15:22 GMT+0800 (CST) ] time is 1253
[ Tue Aug 15 2017 16:15:22 GMT+0800 (CST) ] {"err":0,"msg":"JT3rEVJkFHQdmjABGj3LTsxabxEXXW2vYg"}
[ Tue Aug 15 2017 16:15:22 GMT+0800 (CST) ] time is 1254
[ Tue Aug 15 2017 16:15:22 GMT+0800 (CST) ] {"err":0,"msg":"JJfTpyc4fBXptVz6sv12wh1oxZSoFdiLPE"}
[ Tue Aug 15 2017 16:15:22 GMT+0800 (CST) ] time is 1255
[ Tue Aug 15 2017 16:15:22 GMT+0800 (CST) ] {"err":0,"msg":"JfKdNYCuUXHfdS1y6v8SUbeUZhUx89ReaS"}
[ Tue Aug 15 2017 16:15:22 GMT+0800 (CST) ] time is 1256
[ Tue Aug 15 2017 16:15:22 GMT+0800 (CST) ] {"err":0,"msg":"JfekY7PSe6BuqPScV1MeBJiyzxMfKCptUb"}
[ Tue Aug 15 2017 16:15:22 GMT+0800 (CST) ] time is 1257
[ Tue Aug 15 2017 16:15:22 GMT+0800 (CST) ] {"err":0,"msg":"JN9G7H11PYX1hutDJZ7vCxzy5B1bExnmbY"}
[ Tue Aug 15 2017 16:15:22 GMT+0800 (CST) ] time is 1258
[ Tue Aug 15 2017 16:15:22 GMT+0800 (CST) ] {"err":0,"msg":"JZL8bTGWtaWoMvj9wLYpBNx8huTDrq3A9w"}
[ Tue Aug 15 2017 16:15:22 GMT+0800 (CST) ] time is 1259
[ Tue Aug 15 2017 16:15:22 GMT+0800 (CST) ] {"err":0,"msg":"JRe2LkF43YUSgaRG9kDz4rzHoxYXWidwMG"}
[ Tue Aug 15 2017 16:15:22 GMT+0800 (CST) ] time is 1260
[ Tue Aug 15 2017 16:15:22 GMT+0800 (CST) ] {"err":0,"msg":"JQEJxT8uDiYKLaj8unZvVWxHvku2iDuj62"}
[ Tue Aug 15 2017 16:15:22 GMT+0800 (CST) ] time is 1261
[ Tue Aug 15 2017 16:15:22 GMT+0800 (CST) ] {"err":0,"msg":"JSv9H38uEsMfTURd1aJakhZiTq3WsiUEbb"}
[ Tue Aug 15 2017 16:15:22 GMT+0800 (CST) ] time is 1262
[ Tue Aug 15 2017 16:15:22 GMT+0800 (CST) ] {"err":0,"msg":"JZnM5FtdPnFra1wN9VemVjpSSxSCKaL6mX"}
[ Tue Aug 15 2017 16:15:22 GMT+0800 (CST) ] time is 1263
[ Tue Aug 15 2017 16:15:22 GMT+0800 (CST) ] {"err":0,"msg":"JNax2okB4bywbfh9V5nuekUWC6WBc28AoW"}
[ Tue Aug 15 2017 16:15:22 GMT+0800 (CST) ] time is 1264
[ Tue Aug 15 2017 16:15:22 GMT+0800 (CST) ] {"err":0,"msg":"JMiAUdSvrCypQFvZdxhUwcP2frQZLpvpNP"}
[ Tue Aug 15 2017 16:15:22 GMT+0800 (CST) ] time is 1265
[ Tue Aug 15 2017 16:15:22 GMT+0800 (CST) ] {"err":0,"msg":"JNr2nFrhtDPTDqHjSWyf1FGuHw96PzZBMu"}
[ Tue Aug 15 2017 16:15:22 GMT+0800 (CST) ] time is 1266
[ Tue Aug 15 2017 16:15:22 GMT+0800 (CST) ] {"err":0,"msg":"JPR9jEBgMPbDknL5rP7wPUNGFmZPrhtSh3"}
[ Tue Aug 15 2017 16:15:22 GMT+0800 (CST) ] time is 1267
[ Tue Aug 15 2017 16:15:22 GMT+0800 (CST) ] {"err":0,"msg":"JeYjVGLk9UgbgTGzjHxUrpNf7VHG3vvm7k"}
[ Tue Aug 15 2017 16:15:22 GMT+0800 (CST) ] time is 1268
[ Tue Aug 15 2017 16:15:22 GMT+0800 (CST) ] {"err":0,"msg":"JP6ziuW4SdvcmMDR2ZvnBJBbw43o2QdFWX"}
[ Tue Aug 15 2017 16:15:22 GMT+0800 (CST) ] time is 1269
[ Tue Aug 15 2017 16:15:22 GMT+0800 (CST) ] {"err":0,"msg":"JRUgaEaxoQiWHAs5nDXa7DB3bYyFbE967n"}
[ Tue Aug 15 2017 16:15:22 GMT+0800 (CST) ] time is 1270
[ Tue Aug 15 2017 16:15:22 GMT+0800 (CST) ] {"err":0,"msg":"JRVzXrBAkUjW7JK3NA1FzBFfmnetLxnmSw"}
[ Tue Aug 15 2017 16:15:22 GMT+0800 (CST) ] {"err":0,"msg":"JPe2adL9N2EzjetQwTF7yJGDAYuHZejknA"}
[ Tue Aug 15 2017 16:15:22 GMT+0800 (CST) ] time is 1271
[ Tue Aug 15 2017 16:15:22 GMT+0800 (CST) ] time is 1272
[ Tue Aug 15 2017 16:15:22 GMT+0800 (CST) ] {"err":0,"msg":"JMvVGGduBrsHzHpUgaqmc5PKYfAGEXyAba"}
[ Tue Aug 15 2017 16:15:23 GMT+0800 (CST) ] {"err":0,"msg":"JRUinHbKRS5Ui6ogNpikGW6b19K9WgFUr9"}
[ Tue Aug 15 2017 16:15:23 GMT+0800 (CST) ] time is 1273
[ Tue Aug 15 2017 16:15:24 GMT+0800 (CST) ] time is 1274
[ Tue Aug 15 2017 16:15:24 GMT+0800 (CST) ] {"err":0,"msg":"JYM3e4Lv9JqWLYVutnw5T1zojinGwPAZsg"}
[ Tue Aug 15 2017 16:15:24 GMT+0800 (CST) ] time is 1275
[ Tue Aug 15 2017 16:15:24 GMT+0800 (CST) ] {"err":0,"msg":"JXhPv6F1NoxpLvknNVx5Y996tm114TpWLG"}
[ Tue Aug 15 2017 16:15:24 GMT+0800 (CST) ] time is 1276
[ Tue Aug 15 2017 16:15:24 GMT+0800 (CST) ] {"err":0,"msg":"JQJxxmBvbL4YCj21B2UQJ82xaXs89gDY3L"}
[ Tue Aug 15 2017 16:15:24 GMT+0800 (CST) ] time is 1277
[ Tue Aug 15 2017 16:15:24 GMT+0800 (CST) ] {"err":0,"msg":"JfTt9PrX223AkUUiovtTssYaAgK3W7bjvT"}
[ Tue Aug 15 2017 16:15:24 GMT+0800 (CST) ] time is 1278
[ Tue Aug 15 2017 16:15:24 GMT+0800 (CST) ] {"err":0,"msg":"JMJrH2uZ982mfaJRrDPsUD8MjdSL89owTP"}
[ Tue Aug 15 2017 16:15:24 GMT+0800 (CST) ] time is 1279
[ Tue Aug 15 2017 16:15:24 GMT+0800 (CST) ] {"err":0,"msg":"JZukhCPwtvX78x5ZQpvwCaj3zyrCBdT8Df"}
[ Tue Aug 15 2017 16:15:24 GMT+0800 (CST) ] time is 1280
[ Tue Aug 15 2017 16:15:24 GMT+0800 (CST) ] {"err":0,"msg":"JhKcnqqJWWC9tpMEYegPrxXew18e6Vw8eC"}
[ Tue Aug 15 2017 16:15:24 GMT+0800 (CST) ] time is 1281
[ Tue Aug 15 2017 16:15:24 GMT+0800 (CST) ] {"err":0,"msg":"JW5wvMPLbgoWB2ZzPiwYop3DSmTgWnQpk8"}
[ Tue Aug 15 2017 16:15:24 GMT+0800 (CST) ] time is 1282
[ Tue Aug 15 2017 16:15:24 GMT+0800 (CST) ] {"err":0,"msg":"JPXCwKDocyvZ8ZsTJ6xtGEp9NeCG1G6tXK"}
[ Tue Aug 15 2017 16:15:24 GMT+0800 (CST) ] time is 1283
[ Tue Aug 15 2017 16:15:24 GMT+0800 (CST) ] {"err":0,"msg":"JVxG44a2fsyp8uwzCYjkH2gW5avyVbJ4jv"}
[ Tue Aug 15 2017 16:15:24 GMT+0800 (CST) ] time is 1284
[ Tue Aug 15 2017 16:15:24 GMT+0800 (CST) ] {"err":0,"msg":"JP49AxqPHXiMzzfAuEnT9MDq5aodA6Lkes"}
[ Tue Aug 15 2017 16:15:24 GMT+0800 (CST) ] time is 1285
[ Tue Aug 15 2017 16:15:24 GMT+0800 (CST) ] {"err":0,"msg":"JYouVjH7AysgVNj5FMR6Bz41q6mrhCThda"}
[ Tue Aug 15 2017 16:15:24 GMT+0800 (CST) ] time is 1286
[ Tue Aug 15 2017 16:15:24 GMT+0800 (CST) ] {"err":0,"msg":"Jf2eAGQ8tb3dFHP7gn9nD4e9RzKgrGFcoj"}
[ Tue Aug 15 2017 16:15:24 GMT+0800 (CST) ] time is 1287
[ Tue Aug 15 2017 16:15:24 GMT+0800 (CST) ] {"err":0,"msg":"JJbDQoiswRNP7yniHwRCGFtgVECUz8BH1p"}
[ Tue Aug 15 2017 16:15:24 GMT+0800 (CST) ] time is 1288
[ Tue Aug 15 2017 16:15:24 GMT+0800 (CST) ] {"err":0,"msg":"JZ2irQbG74Kx7Cnrex933YAKxnJ8d76uPn"}
[ Tue Aug 15 2017 16:15:24 GMT+0800 (CST) ] time is 1289
[ Tue Aug 15 2017 16:15:24 GMT+0800 (CST) ] {"err":0,"msg":"JPUQSRmS9KGzQdh1mxYXihxdAywCVpV6B8"}
[ Tue Aug 15 2017 16:15:24 GMT+0800 (CST) ] {"err":0,"msg":"JMq32TTWtmbMyXJq1RhLPTNRedtYMvRMj2"}
[ Tue Aug 15 2017 16:15:24 GMT+0800 (CST) ] time is 1290
[ Tue Aug 15 2017 16:15:24 GMT+0800 (CST) ] time is 1291
[ Tue Aug 15 2017 16:15:24 GMT+0800 (CST) ] {"err":0,"msg":"JMs3YsAC9bm5Wm8N8qLGyDLNGWzUin1HiM"}
[ Tue Aug 15 2017 16:15:24 GMT+0800 (CST) ] time is 1292
[ Tue Aug 15 2017 16:15:24 GMT+0800 (CST) ] {"err":0,"msg":"JX27QAgNrCrsh6p3RwhKGScM9qn82z16t9"}
[ Tue Aug 15 2017 16:15:24 GMT+0800 (CST) ] time is 1293
[ Tue Aug 15 2017 16:15:24 GMT+0800 (CST) ] {"err":0,"msg":"JL4pe3PCmErprP2vfaAJ8tQmAP77KePxre"}
[ Tue Aug 15 2017 16:15:25 GMT+0800 (CST) ] time is 1294
[ Tue Aug 15 2017 16:15:25 GMT+0800 (CST) ] {"err":0,"msg":"JKfRn8R5yPMF6yTpmTFhbZT8PidUM7UocA"}
[ Tue Aug 15 2017 16:15:25 GMT+0800 (CST) ] time is 1295
[ Tue Aug 15 2017 16:15:25 GMT+0800 (CST) ] {"err":0,"msg":"JTpW9EVa6vwh3ASWQwhuYnzsVApzMjhjf6"}
[ Tue Aug 15 2017 16:15:25 GMT+0800 (CST) ] time is 1296
[ Tue Aug 15 2017 16:15:25 GMT+0800 (CST) ] {"err":0,"msg":"JPTToAiTs6oSNAAXTGuGzpGd1BkoRiXUti"}
[ Tue Aug 15 2017 16:15:25 GMT+0800 (CST) ] time is 1297
[ Tue Aug 15 2017 16:15:25 GMT+0800 (CST) ] {"err":0,"msg":"JaRqrGzeNXh3wH3NgX3YAihEUF4Tw2m5yM"}
[ Tue Aug 15 2017 16:15:25 GMT+0800 (CST) ] time is 1298
[ Tue Aug 15 2017 16:15:25 GMT+0800 (CST) ] {"err":0,"msg":"Jd4qTtHjbgvrQb2FNet5n8viQkWjowHygU"}
[ Tue Aug 15 2017 16:15:25 GMT+0800 (CST) ] time is 1299
[ Tue Aug 15 2017 16:15:25 GMT+0800 (CST) ] {"err":0,"msg":"JMi4DxBYZmv8ucPfXpwiaqXJ5VteLvUgf8"}
[ Tue Aug 15 2017 16:15:25 GMT+0800 (CST) ] time is 1300
[ Tue Aug 15 2017 16:15:25 GMT+0800 (CST) ] {"err":0,"msg":"JZV4c9WKyahdxrK7nmbbQ1Cw1CiPkFtWvW"}
[ Tue Aug 15 2017 16:15:25 GMT+0800 (CST) ] time is 1301
[ Tue Aug 15 2017 16:15:25 GMT+0800 (CST) ] {"err":0,"msg":"JU1d4wtMeiYV4BS4cgTmY3ETVjkYMtoNKF"}
[ Tue Aug 15 2017 16:15:25 GMT+0800 (CST) ] time is 1302
[ Tue Aug 15 2017 16:15:25 GMT+0800 (CST) ] {"err":0,"msg":"JSwvVqAsoiNf3uekaRjthEomfARjHy3A4g"}
[ Tue Aug 15 2017 16:15:25 GMT+0800 (CST) ] time is 1303
[ Tue Aug 15 2017 16:15:25 GMT+0800 (CST) ] {"err":0,"msg":"JcEAJKaDCGhM76Y1FJQNrr6bwdtWFM8GEA"}
[ Tue Aug 15 2017 16:15:25 GMT+0800 (CST) ] time is 1304
[ Tue Aug 15 2017 16:15:25 GMT+0800 (CST) ] {"err":0,"msg":"JYBgt6o5ygy1Js6cyhfRiM7boHZ9ZaYGND"}
[ Tue Aug 15 2017 16:15:25 GMT+0800 (CST) ] time is 1305
[ Tue Aug 15 2017 16:15:25 GMT+0800 (CST) ] {"err":0,"msg":"JbfSrD8uMqweJh9UFVeYJNMNE1iHuA2NfG"}
[ Tue Aug 15 2017 16:15:25 GMT+0800 (CST) ] time is 1306
[ Tue Aug 15 2017 16:15:25 GMT+0800 (CST) ] {"err":0,"msg":"JZGBEoLarJe9eDvqtyue6k5LYeLzHtt3Yo"}
[ Tue Aug 15 2017 16:15:25 GMT+0800 (CST) ] time is 1307
[ Tue Aug 15 2017 16:15:25 GMT+0800 (CST) ] {"err":0,"msg":"JVGkir5D4hVSzfu28ERp1FDj2pkChT5Q6K"}
[ Tue Aug 15 2017 16:15:25 GMT+0800 (CST) ] time is 1308
[ Tue Aug 15 2017 16:15:25 GMT+0800 (CST) ] {"err":0,"msg":"JSJwPwkuoCrRhFYqj13yksQdRTzu4kQyHN"}
[ Tue Aug 15 2017 16:15:25 GMT+0800 (CST) ] time is 1309
[ Tue Aug 15 2017 16:15:25 GMT+0800 (CST) ] {"err":0,"msg":"JfxNHZ1BGVYK3VN5qJFax7QvXE9cet47dw"}
[ Tue Aug 15 2017 16:15:25 GMT+0800 (CST) ] time is 1310
[ Tue Aug 15 2017 16:15:25 GMT+0800 (CST) ] {"err":0,"msg":"Jh4wwhAFcucyPauCzpMGgq5ApAoxqMDYb7"}
[ Tue Aug 15 2017 16:15:25 GMT+0800 (CST) ] time is 1311
[ Tue Aug 15 2017 16:15:25 GMT+0800 (CST) ] {"err":0,"msg":"JU8wgYGoaHvXG2sg3Mda1VQn9gke8dPixS"}
[ Tue Aug 15 2017 16:15:25 GMT+0800 (CST) ] time is 1312
[ Tue Aug 15 2017 16:15:25 GMT+0800 (CST) ] {"err":0,"msg":"JNevDhb6ixm4L25VWiPdDspCuoFpJwLhwS"}
[ Tue Aug 15 2017 16:15:25 GMT+0800 (CST) ] time is 1313
[ Tue Aug 15 2017 16:15:25 GMT+0800 (CST) ] {"err":0,"msg":"JWavK37GQy3drEBJFdSxnCpSQmH77BX6vu"}
[ Tue Aug 15 2017 16:15:25 GMT+0800 (CST) ] time is 1314
[ Tue Aug 15 2017 16:15:25 GMT+0800 (CST) ] {"err":0,"msg":"JXiTVBqMV1Nd2ESJcJB9FyTTdaUStaPw5q"}
[ Tue Aug 15 2017 16:15:25 GMT+0800 (CST) ] time is 1315
[ Tue Aug 15 2017 16:15:25 GMT+0800 (CST) ] {"err":0,"msg":"JZXqKCDXn2118WuVZ1rZMhkSfFVHvo2DdA"}
[ Tue Aug 15 2017 16:15:25 GMT+0800 (CST) ] time is 1316
[ Tue Aug 15 2017 16:15:25 GMT+0800 (CST) ] {"err":0,"msg":"JLjF9iBzcZ83sozvGPpNTYMLpJV5Rnd19U"}
[ Tue Aug 15 2017 16:15:25 GMT+0800 (CST) ] time is 1317
[ Tue Aug 15 2017 16:15:25 GMT+0800 (CST) ] {"err":0,"msg":"Jh181wmcWi2wQk13F6YQizzKY94mbR8m5J"}
[ Tue Aug 15 2017 16:15:25 GMT+0800 (CST) ] time is 1318
[ Tue Aug 15 2017 16:15:25 GMT+0800 (CST) ] {"err":0,"msg":"JPFJvLN5UhFVR95KqsGoDByNzojEnDVqLr"}
[ Tue Aug 15 2017 16:15:25 GMT+0800 (CST) ] time is 1319
[ Tue Aug 15 2017 16:15:25 GMT+0800 (CST) ] {"err":0,"msg":"JPXbXSKxEzuacLG28sukmzf6zNkz4gHhty"}
[ Tue Aug 15 2017 16:15:25 GMT+0800 (CST) ] time is 1320
[ Tue Aug 15 2017 16:15:25 GMT+0800 (CST) ] {"err":0,"msg":"JNJFpQcMZQrPA9rqxTEXrAc6b5Kdr2b17W"}
[ Tue Aug 15 2017 16:15:25 GMT+0800 (CST) ] time is 1321
[ Tue Aug 15 2017 16:15:25 GMT+0800 (CST) ] {"err":0,"msg":"JKCpTrYMsBoWy8AAk5ezBngRxv8zAz8Gry"}
[ Tue Aug 15 2017 16:15:25 GMT+0800 (CST) ] time is 1322
[ Tue Aug 15 2017 16:15:25 GMT+0800 (CST) ] {"err":0,"msg":"JagKXSboneFa1BxrgkBf8axzQUutcxyhCC"}
[ Tue Aug 15 2017 16:15:25 GMT+0800 (CST) ] time is 1323
[ Tue Aug 15 2017 16:15:25 GMT+0800 (CST) ] {"err":0,"msg":"JaFS15C3RgSp6D79ycj39JmyrtkUrhRbTc"}
[ Tue Aug 15 2017 16:15:25 GMT+0800 (CST) ] time is 1324
[ Tue Aug 15 2017 16:15:25 GMT+0800 (CST) ] {"err":0,"msg":"JdTRCKDEMeuNk5fcpdt77CpYuVVoVXs2EY"}
[ Tue Aug 15 2017 16:15:25 GMT+0800 (CST) ] time is 1325
[ Tue Aug 15 2017 16:15:25 GMT+0800 (CST) ] {"err":0,"msg":"Jb86YPUczH8hamZW9ocq2Fkrpa1ZdvSVVk"}
[ Tue Aug 15 2017 16:15:25 GMT+0800 (CST) ] time is 1326
[ Tue Aug 15 2017 16:15:25 GMT+0800 (CST) ] {"err":0,"msg":"JaidrdT7vPxTJpd9CwSKeABaQot7m5h9Re"}
[ Tue Aug 15 2017 16:15:25 GMT+0800 (CST) ] time is 1327
[ Tue Aug 15 2017 16:15:25 GMT+0800 (CST) ] {"err":0,"msg":"JSGc49935CWZMhpbBSHyZDpeYLZUFEHvd6"}
[ Tue Aug 15 2017 16:15:25 GMT+0800 (CST) ] time is 1328
[ Tue Aug 15 2017 16:15:25 GMT+0800 (CST) ] {"err":0,"msg":"JdTRRtWJq9Ff1muWdWVccwq8WpaPcg7Reu"}
[ Tue Aug 15 2017 16:15:25 GMT+0800 (CST) ] time is 1329
[ Tue Aug 15 2017 16:15:25 GMT+0800 (CST) ] {"err":0,"msg":"JgrxwxjPQmaCh9cPqkLsSZ5r2aqA4aTFkP"}
[ Tue Aug 15 2017 16:15:26 GMT+0800 (CST) ] time is 1330
[ Tue Aug 15 2017 16:15:26 GMT+0800 (CST) ] {"err":0,"msg":"JK9eRCrhJanN7PAshBGE3oWhXAFcp7uKiL"}
[ Tue Aug 15 2017 16:15:26 GMT+0800 (CST) ] time is 1331
[ Tue Aug 15 2017 16:15:26 GMT+0800 (CST) ] {"err":0,"msg":"JZQKLKNEmGizY4ycgoyRx6kwbdCUhy5WRR"}
[ Tue Aug 15 2017 16:15:26 GMT+0800 (CST) ] time is 1332
[ Tue Aug 15 2017 16:15:26 GMT+0800 (CST) ] {"err":0,"msg":"JLUv3Acu3ZQRBCqmWqtv5nuork8D5qfwwk"}
[ Tue Aug 15 2017 16:15:26 GMT+0800 (CST) ] time is 1333
[ Tue Aug 15 2017 16:15:26 GMT+0800 (CST) ] {"err":0,"msg":"JhUcA4hsYJUbKze2PLXX6B8GG3vhCTKeju"}
[ Tue Aug 15 2017 16:15:26 GMT+0800 (CST) ] time is 1334
[ Tue Aug 15 2017 16:15:26 GMT+0800 (CST) ] {"err":0,"msg":"JSp4btKJU6XcPmnJZc8p95JgSHgS3MHfdv"}
[ Tue Aug 15 2017 16:15:26 GMT+0800 (CST) ] time is 1335
[ Tue Aug 15 2017 16:15:26 GMT+0800 (CST) ] {"err":0,"msg":"Jc9VHGSrt6T3jegCVPdsYVxw24RN55Tttp"}
[ Tue Aug 15 2017 16:15:26 GMT+0800 (CST) ] time is 1336
[ Tue Aug 15 2017 16:15:26 GMT+0800 (CST) ] {"err":0,"msg":"Je2vwrVZ4wg8WqwAUz8AtR1Fkh38do4M3G"}
[ Tue Aug 15 2017 16:15:26 GMT+0800 (CST) ] time is 1337
[ Tue Aug 15 2017 16:15:26 GMT+0800 (CST) ] {"err":0,"msg":"JcFBvdAXcbfZwEdmYKMhtZG9mMcgnkiux6"}
[ Tue Aug 15 2017 16:15:26 GMT+0800 (CST) ] {"err":0,"msg":"JeFTBkX6HaGety37FLX7sVrbBXDM9bTnAr"}
[ Tue Aug 15 2017 16:15:26 GMT+0800 (CST) ] time is 1338
[ Tue Aug 15 2017 16:15:26 GMT+0800 (CST) ] time is 1339
[ Tue Aug 15 2017 16:15:26 GMT+0800 (CST) ] {"err":0,"msg":"JZ1T75ZJiubtRdWGe8tEFdFgtkXKp8Z1qN"}
[ Tue Aug 15 2017 16:15:26 GMT+0800 (CST) ] time is 1340
[ Tue Aug 15 2017 16:15:26 GMT+0800 (CST) ] {"err":0,"msg":"JewnsNySaYNg9HiJfYqLvE8FKvi3Zt8miW"}
[ Tue Aug 15 2017 16:15:26 GMT+0800 (CST) ] time is 1341
[ Tue Aug 15 2017 16:15:26 GMT+0800 (CST) ] {"err":0,"msg":"JST1vJfpn7mxmUQU8zdqXk6QVkn67ELBpj"}
[ Tue Aug 15 2017 16:15:26 GMT+0800 (CST) ] time is 1342
[ Tue Aug 15 2017 16:15:26 GMT+0800 (CST) ] {"err":0,"msg":"JWXB3maiW2og4UJ9Kw54qcSUAjEW7ZBSNR"}
[ Tue Aug 15 2017 16:15:26 GMT+0800 (CST) ] time is 1343
[ Tue Aug 15 2017 16:15:26 GMT+0800 (CST) ] {"err":0,"msg":"JPZmKC8AsA7hgkxDyh66QMR8JAsnWddUT7"}
[ Tue Aug 15 2017 16:15:26 GMT+0800 (CST) ] time is 1344
[ Tue Aug 15 2017 16:15:26 GMT+0800 (CST) ] {"err":0,"msg":"JLA2mXu5Epyj4S8pt6NaN1vga6x1y7TFaP"}
[ Tue Aug 15 2017 16:15:26 GMT+0800 (CST) ] time is 1345
[ Tue Aug 15 2017 16:15:26 GMT+0800 (CST) ] {"err":0,"msg":"JTP5uEQ3qJ1BGCuL46DGf8fFfVi5d9kd2i"}
[ Tue Aug 15 2017 16:15:26 GMT+0800 (CST) ] time is 1346
[ Tue Aug 15 2017 16:15:26 GMT+0800 (CST) ] {"err":0,"msg":"JgRYG2cBZwJNmZzdH5LciWSzkZqKXfBNgC"}
[ Tue Aug 15 2017 16:15:26 GMT+0800 (CST) ] time is 1347
[ Tue Aug 15 2017 16:15:26 GMT+0800 (CST) ] {"err":0,"msg":"JPv6ZmFbYqYr7X6WMVTfVAGzCTfKYE3g2b"}
[ Tue Aug 15 2017 16:15:26 GMT+0800 (CST) ] time is 1348
[ Tue Aug 15 2017 16:15:26 GMT+0800 (CST) ] {"err":0,"msg":"JTTKKF5K8jDs5urQQAA3QR4VYqwRyffimN"}
[ Tue Aug 15 2017 16:15:26 GMT+0800 (CST) ] time is 1349
[ Tue Aug 15 2017 16:15:26 GMT+0800 (CST) ] {"err":0,"msg":"JWUuPPpQWPk8zti597s2MxZ3wn3dztT9aU"}
[ Tue Aug 15 2017 16:15:26 GMT+0800 (CST) ] time is 1350
[ Tue Aug 15 2017 16:15:26 GMT+0800 (CST) ] {"err":0,"msg":"JLHHE4PwJGuJcXpEyZK3sa2SGgjesw3yx8"}
[ Tue Aug 15 2017 16:15:26 GMT+0800 (CST) ] time is 1351
[ Tue Aug 15 2017 16:15:26 GMT+0800 (CST) ] {"err":0,"msg":"JLeaHzqd8zKxUSafqfHeuJdq4gPsEApaNp"}
[ Tue Aug 15 2017 16:15:26 GMT+0800 (CST) ] time is 1352
[ Tue Aug 15 2017 16:15:26 GMT+0800 (CST) ] {"err":0,"msg":"JV3yUdT6fV7r1bhz4iXYqR8EiiYBqxEkmq"}
[ Tue Aug 15 2017 16:15:26 GMT+0800 (CST) ] time is 1353
[ Tue Aug 15 2017 16:15:26 GMT+0800 (CST) ] {"err":0,"msg":"JKQJYmsDHkL2QNERykyY8k9Eyrr5H16SV5"}
[ Tue Aug 15 2017 16:15:26 GMT+0800 (CST) ] time is 1354
[ Tue Aug 15 2017 16:15:26 GMT+0800 (CST) ] {"err":0,"msg":"JNynhWo5iZpZQ1U9BG4EeKHDhro6QFjsoq"}
[ Tue Aug 15 2017 16:15:26 GMT+0800 (CST) ] time is 1355
[ Tue Aug 15 2017 16:15:26 GMT+0800 (CST) ] {"err":0,"msg":"JgduaybAAWcskWywLD1ZzSEAJm51A1PXyt"}
[ Tue Aug 15 2017 16:15:26 GMT+0800 (CST) ] time is 1356
[ Tue Aug 15 2017 16:15:26 GMT+0800 (CST) ] {"err":0,"msg":"JU1YGJz1HG25BYPnvgFwtzcgp6JeUYDGmR"}
[ Tue Aug 15 2017 16:15:26 GMT+0800 (CST) ] time is 1357
[ Tue Aug 15 2017 16:15:26 GMT+0800 (CST) ] {"err":0,"msg":"JQFewGzfpaCW6aUH6j69ueCBsXnAWC2viF"}
[ Tue Aug 15 2017 16:15:26 GMT+0800 (CST) ] time is 1358
[ Tue Aug 15 2017 16:15:26 GMT+0800 (CST) ] {"err":0,"msg":"JcavZ1eKzebTYZeBQhfaux2bAPaf2xRVVi"}
[ Tue Aug 15 2017 16:15:26 GMT+0800 (CST) ] time is 1359
[ Tue Aug 15 2017 16:15:26 GMT+0800 (CST) ] {"err":0,"msg":"JXdFucFLcaE2br3E6P8HyRFimabtPZ3Zp9"}
[ Tue Aug 15 2017 16:15:26 GMT+0800 (CST) ] time is 1360
[ Tue Aug 15 2017 16:15:26 GMT+0800 (CST) ] {"err":0,"msg":"JcjUTzFT4tEXXrYNendCK3EJdm9qGsoEsm"}
[ Tue Aug 15 2017 16:15:26 GMT+0800 (CST) ] time is 1361
[ Tue Aug 15 2017 16:15:26 GMT+0800 (CST) ] {"err":0,"msg":"JYrdhpEdG6Bq1MBkF2RRPdCJBFRP2XZS3o"}
[ Tue Aug 15 2017 16:15:26 GMT+0800 (CST) ] time is 1362
[ Tue Aug 15 2017 16:15:26 GMT+0800 (CST) ] {"err":0,"msg":"JXmZ6euQnHNeppKYLiazFMesndu3on1trC"}
[ Tue Aug 15 2017 16:15:26 GMT+0800 (CST) ] time is 1363
[ Tue Aug 15 2017 16:15:26 GMT+0800 (CST) ] {"err":0,"msg":"JgdLEekK3i6PXqLqVj3SwDdgUZdsJmKatY"}
[ Tue Aug 15 2017 16:15:26 GMT+0800 (CST) ] time is 1364
[ Tue Aug 15 2017 16:15:26 GMT+0800 (CST) ] {"err":0,"msg":"JZwmAcGy6L3pKDttmHzPEejutRAyJ99a9x"}
[ Tue Aug 15 2017 16:15:26 GMT+0800 (CST) ] time is 1365
[ Tue Aug 15 2017 16:15:26 GMT+0800 (CST) ] {"err":0,"msg":"JQGfgNBBsFtaKjmLsJ2orRJ3TXV1kVAXYB"}
[ Tue Aug 15 2017 16:15:27 GMT+0800 (CST) ] time is 1366
[ Tue Aug 15 2017 16:15:27 GMT+0800 (CST) ] {"err":0,"msg":"Jh5RRPPNAt1D6ycwNvmVZwPExa57DiNpgd"}
[ Tue Aug 15 2017 16:15:27 GMT+0800 (CST) ] time is 1367
[ Tue Aug 15 2017 16:15:27 GMT+0800 (CST) ] {"err":0,"msg":"JUzqeqNDybPic6oTCLgrM2jvEJGPhJvPdF"}
[ Tue Aug 15 2017 16:15:27 GMT+0800 (CST) ] time is 1368
[ Tue Aug 15 2017 16:15:27 GMT+0800 (CST) ] {"err":0,"msg":"JK1CS1HSBQQeAzdvSyqKX4FkaSYqARCvhV"}
[ Tue Aug 15 2017 16:15:27 GMT+0800 (CST) ] time is 1369
[ Tue Aug 15 2017 16:15:27 GMT+0800 (CST) ] {"err":0,"msg":"Jdihz8J4geNhFNgxz1WP4Aq1bQmQmJiRkt"}
[ Tue Aug 15 2017 16:15:27 GMT+0800 (CST) ] time is 1370
[ Tue Aug 15 2017 16:15:27 GMT+0800 (CST) ] {"err":0,"msg":"JMoyZB4sJATSvas5N9UzBjveGvg5EatTxd"}
[ Tue Aug 15 2017 16:15:27 GMT+0800 (CST) ] time is 1371
[ Tue Aug 15 2017 16:15:27 GMT+0800 (CST) ] {"err":0,"msg":"JcR6zMHLy8aqDbXAsoSLLS3jcUb2gnoB1F"}
[ Tue Aug 15 2017 16:15:27 GMT+0800 (CST) ] time is 1372
[ Tue Aug 15 2017 16:15:27 GMT+0800 (CST) ] {"err":0,"msg":"JbEtrD46QvTdzXg1ufrgpr28hg9QJUFqyR"}
[ Tue Aug 15 2017 16:15:27 GMT+0800 (CST) ] time is 1373
[ Tue Aug 15 2017 16:15:27 GMT+0800 (CST) ] {"err":0,"msg":"JTz327dGaLeXxQMghwZNdvP8CPmK8UJjrM"}
[ Tue Aug 15 2017 16:15:27 GMT+0800 (CST) ] time is 1374
[ Tue Aug 15 2017 16:15:27 GMT+0800 (CST) ] {"err":0,"msg":"JKZ83eQ74iMom1QCLf3ZJA6uQmFhAC1X95"}
[ Tue Aug 15 2017 16:15:27 GMT+0800 (CST) ] time is 1375
[ Tue Aug 15 2017 16:15:27 GMT+0800 (CST) ] {"err":0,"msg":"JLoE6MmzmAiTwcGpLP4ThJNmo7rjprjMUm"}
[ Tue Aug 15 2017 16:15:27 GMT+0800 (CST) ] time is 1376
[ Tue Aug 15 2017 16:15:27 GMT+0800 (CST) ] {"err":0,"msg":"JMJdw8gyqRnXrz82Dxgay9Vt84MjX4WEFm"}
[ Tue Aug 15 2017 16:15:27 GMT+0800 (CST) ] time is 1377
[ Tue Aug 15 2017 16:15:27 GMT+0800 (CST) ] {"err":0,"msg":"JTapYsYP4vLzDMTTWjZp1BBJHfwo34U88z"}
[ Tue Aug 15 2017 16:15:27 GMT+0800 (CST) ] time is 1378
[ Tue Aug 15 2017 16:15:27 GMT+0800 (CST) ] {"err":0,"msg":"JV83QheMvf8jtbNs9D3HzuCAhoqJSbkyFU"}
[ Tue Aug 15 2017 16:15:27 GMT+0800 (CST) ] time is 1379
[ Tue Aug 15 2017 16:15:27 GMT+0800 (CST) ] {"err":0,"msg":"JXazHp3hZ6hmjxPFSMAt4gyzGAWTfXoSoE"}
[ Tue Aug 15 2017 16:15:27 GMT+0800 (CST) ] time is 1380
[ Tue Aug 15 2017 16:15:27 GMT+0800 (CST) ] {"err":0,"msg":"JNZKfn8voA2brFmENdWSP8FEgtuz3BbcZZ"}
[ Tue Aug 15 2017 16:15:27 GMT+0800 (CST) ] time is 1381
[ Tue Aug 15 2017 16:15:27 GMT+0800 (CST) ] {"err":0,"msg":"JNNb1X9sLeYMiQSB8ciLaKdE9JM9vCbmCk"}
[ Tue Aug 15 2017 16:15:27 GMT+0800 (CST) ] time is 1382
[ Tue Aug 15 2017 16:15:27 GMT+0800 (CST) ] {"err":0,"msg":"JSgoNNCPLWjzmcMv48VLZmKQUfpZSxdiSY"}
[ Tue Aug 15 2017 16:15:27 GMT+0800 (CST) ] time is 1383
[ Tue Aug 15 2017 16:15:27 GMT+0800 (CST) ] {"err":0,"msg":"JPYFckQoC4gYvHxPuLSew9sCFRzABbU2Ek"}
[ Tue Aug 15 2017 16:15:27 GMT+0800 (CST) ] time is 1384
[ Tue Aug 15 2017 16:15:27 GMT+0800 (CST) ] {"err":0,"msg":"JgUeqfTxJXdN6mxJfzUKGsqYNbD1xTsB9p"}
[ Tue Aug 15 2017 16:15:27 GMT+0800 (CST) ] time is 1385
[ Tue Aug 15 2017 16:15:27 GMT+0800 (CST) ] {"err":0,"msg":"JSyaydx4SrYDfT9EgRRzkmg4nooyEeqivx"}
[ Tue Aug 15 2017 16:15:27 GMT+0800 (CST) ] time is 1386
[ Tue Aug 15 2017 16:15:27 GMT+0800 (CST) ] {"err":0,"msg":"JNRMKaeuyJLBEWNJUYHKRsPJgRGggY6w3H"}
[ Tue Aug 15 2017 16:15:27 GMT+0800 (CST) ] time is 1387
[ Tue Aug 15 2017 16:15:27 GMT+0800 (CST) ] {"err":0,"msg":"JRs75Mw5Zjgd1re9Me5zxFwMgpqejqsu4G"}
[ Tue Aug 15 2017 16:15:27 GMT+0800 (CST) ] time is 1388
[ Tue Aug 15 2017 16:15:27 GMT+0800 (CST) ] {"err":0,"msg":"JRfTDzMWA1vEBMJnWPRKYNTmxDv2wChQpj"}
[ Tue Aug 15 2017 16:15:27 GMT+0800 (CST) ] time is 1389
[ Tue Aug 15 2017 16:15:27 GMT+0800 (CST) ] {"err":0,"msg":"Jf5Qfidwgd85siyEz5FbDbjV5XL5MPbbGF"}
[ Tue Aug 15 2017 16:15:27 GMT+0800 (CST) ] time is 1390
[ Tue Aug 15 2017 16:15:27 GMT+0800 (CST) ] {"err":0,"msg":"JRVjPiXkAFYGkc1zUvRmcuJ1i9qtAChrC2"}
[ Tue Aug 15 2017 16:15:27 GMT+0800 (CST) ] time is 1391
[ Tue Aug 15 2017 16:15:27 GMT+0800 (CST) ] {"err":0,"msg":"JLMGj6Jz1LxeNZdVBpbrKNrVHpFkNtJbRv"}
[ Tue Aug 15 2017 16:15:27 GMT+0800 (CST) ] time is 1392
[ Tue Aug 15 2017 16:15:27 GMT+0800 (CST) ] {"err":0,"msg":"JUoAcNAfVGt2EjqCfJGJjAvKSYaPFcWFaT"}
[ Tue Aug 15 2017 16:15:27 GMT+0800 (CST) ] time is 1393
[ Tue Aug 15 2017 16:15:27 GMT+0800 (CST) ] {"err":0,"msg":"JNftAisUoxEHfVEo9ZjrARet7Nacddp8H5"}
[ Tue Aug 15 2017 16:15:27 GMT+0800 (CST) ] time is 1394
[ Tue Aug 15 2017 16:15:27 GMT+0800 (CST) ] {"err":0,"msg":"JQmt6fvPQR3ZH9z5TxTj2ZetB936r4XzFc"}
[ Tue Aug 15 2017 16:15:27 GMT+0800 (CST) ] time is 1395
[ Tue Aug 15 2017 16:15:27 GMT+0800 (CST) ] {"err":0,"msg":"JTkYgZweQPFB2KXuTdqH31yN9N8PKvwaDA"}
[ Tue Aug 15 2017 16:15:27 GMT+0800 (CST) ] time is 1396
[ Tue Aug 15 2017 16:15:27 GMT+0800 (CST) ] {"err":0,"msg":"JgGpQCw15kLrEXvyxV76ZuXYHNGz4ioFh3"}
[ Tue Aug 15 2017 16:15:27 GMT+0800 (CST) ] time is 1397
[ Tue Aug 15 2017 16:15:27 GMT+0800 (CST) ] {"err":0,"msg":"JTE24Tgii4sxA1nFXWv7RBUx6S68F9Ndo8"}
[ Tue Aug 15 2017 16:15:27 GMT+0800 (CST) ] time is 1398
[ Tue Aug 15 2017 16:15:27 GMT+0800 (CST) ] {"err":0,"msg":"JSYxrai48AcVk5K7qP9rxA3Lt5LuDKw9MR"}
[ Tue Aug 15 2017 16:15:27 GMT+0800 (CST) ] time is 1399
[ Tue Aug 15 2017 16:15:27 GMT+0800 (CST) ] {"err":0,"msg":"JbBNy1cBGcSiKw23FHJKucLVgxYagbzN8w"}
[ Tue Aug 15 2017 16:15:27 GMT+0800 (CST) ] time is 1400
[ Tue Aug 15 2017 16:15:27 GMT+0800 (CST) ] {"err":0,"msg":"JdcDDeTvi8v9c6QmXNoBmmtWFdWSiYGPKG"}
[ Tue Aug 15 2017 16:15:27 GMT+0800 (CST) ] time is 1401
[ Tue Aug 15 2017 16:15:27 GMT+0800 (CST) ] {"err":0,"msg":"JY9vjqwENzTKmAUfAevRPaLnB3ED8Fwfxj"}
[ Tue Aug 15 2017 16:15:27 GMT+0800 (CST) ] time is 1402
[ Tue Aug 15 2017 16:15:27 GMT+0800 (CST) ] {"err":0,"msg":"Jfrv9xgnRq9p8GZbTUyCgMUnDrFNYGMoEB"}
[ Tue Aug 15 2017 16:15:27 GMT+0800 (CST) ] time is 1403
[ Tue Aug 15 2017 16:15:27 GMT+0800 (CST) ] {"err":0,"msg":"Jg8xNFWdwRkShA6NDnFwTYCPvobYNK7KE8"}
[ Tue Aug 15 2017 16:15:27 GMT+0800 (CST) ] time is 1404
[ Tue Aug 15 2017 16:15:27 GMT+0800 (CST) ] {"err":0,"msg":"JM3j3uJVhrg96EERoGqpkVpjHqSqW1R4zQ"}
[ Tue Aug 15 2017 16:15:28 GMT+0800 (CST) ] time is 1405
[ Tue Aug 15 2017 16:15:28 GMT+0800 (CST) ] {"err":0,"msg":"JNvpF2NgAJxjQ6cSe7kwkPYp5UjpZ6AvuR"}
[ Tue Aug 15 2017 16:15:28 GMT+0800 (CST) ] time is 1406
[ Tue Aug 15 2017 16:15:28 GMT+0800 (CST) ] {"err":0,"msg":"JRRHYJ4mZKQRHeopbfKaPctCpfrNcdHFYq"}
[ Tue Aug 15 2017 16:15:28 GMT+0800 (CST) ] time is 1407
[ Tue Aug 15 2017 16:15:28 GMT+0800 (CST) ] {"err":0,"msg":"JNT3r7KydSSTxtjtjPVu9ptBwsRw513aZE"}
[ Tue Aug 15 2017 16:15:28 GMT+0800 (CST) ] time is 1408
[ Tue Aug 15 2017 16:15:28 GMT+0800 (CST) ] {"err":0,"msg":"JUZAabEQBcZKKT2HNHtAkkePjv9rR3ZK1x"}
[ Tue Aug 15 2017 16:15:28 GMT+0800 (CST) ] time is 1409
[ Tue Aug 15 2017 16:15:28 GMT+0800 (CST) ] {"err":0,"msg":"Je2ikEwS81GhLVLQ3MHwE4Nokq7YiwVj4c"}
[ Tue Aug 15 2017 16:15:28 GMT+0800 (CST) ] time is 1410
[ Tue Aug 15 2017 16:15:28 GMT+0800 (CST) ] {"err":0,"msg":"JbVzquDhx8J33duUocCr4KHeKfZnZJgXLJ"}
[ Tue Aug 15 2017 16:15:28 GMT+0800 (CST) ] time is 1411
[ Tue Aug 15 2017 16:15:28 GMT+0800 (CST) ] {"err":0,"msg":"JULeXZcZ5PYmNTDeLDyt3J3ckXMqBaokgr"}
[ Tue Aug 15 2017 16:15:28 GMT+0800 (CST) ] time is 1412
[ Tue Aug 15 2017 16:15:28 GMT+0800 (CST) ] {"err":0,"msg":"JgwMkS3JVVU6gJkuY7EUdUZRpy1SNgSyhy"}
[ Tue Aug 15 2017 16:15:28 GMT+0800 (CST) ] time is 1413
[ Tue Aug 15 2017 16:15:28 GMT+0800 (CST) ] {"err":0,"msg":"JW3C2BB4jvGrsJr5rDrRHAUM9Y6a6VSg2Z"}
[ Tue Aug 15 2017 16:15:28 GMT+0800 (CST) ] time is 1414
[ Tue Aug 15 2017 16:15:28 GMT+0800 (CST) ] {"err":0,"msg":"JMABpy13htG5b5XafEeac2g8J6hnBAduvK"}
[ Tue Aug 15 2017 16:15:28 GMT+0800 (CST) ] time is 1415
[ Tue Aug 15 2017 16:15:28 GMT+0800 (CST) ] {"err":0,"msg":"JUXikVFRQbj1fo9uypyBKhCpbmUrsMm15R"}
[ Tue Aug 15 2017 16:15:28 GMT+0800 (CST) ] time is 1416
[ Tue Aug 15 2017 16:15:28 GMT+0800 (CST) ] {"err":0,"msg":"JTa54nhE4Bvr2TBQDYWYkJY83FQJN4GtsK"}
[ Tue Aug 15 2017 16:15:28 GMT+0800 (CST) ] time is 1417
[ Tue Aug 15 2017 16:15:28 GMT+0800 (CST) ] {"err":0,"msg":"Ja39ycVLL1Wwxbwh2cKjDdYJaf7NZqMffZ"}
[ Tue Aug 15 2017 16:15:28 GMT+0800 (CST) ] time is 1418
[ Tue Aug 15 2017 16:15:28 GMT+0800 (CST) ] {"err":0,"msg":"JT2foehVYJdPmcMPoz977Sg1hdvxwCn9vY"}
[ Tue Aug 15 2017 16:15:28 GMT+0800 (CST) ] time is 1419
[ Tue Aug 15 2017 16:15:28 GMT+0800 (CST) ] {"err":0,"msg":"JeyXHtmHpK9q4x16f9LAgPPUpAcPDND6Lw"}
[ Tue Aug 15 2017 16:15:28 GMT+0800 (CST) ] time is 1420
[ Tue Aug 15 2017 16:15:28 GMT+0800 (CST) ] {"err":0,"msg":"JT4jY14Gd5C7goHWiyqNAsWWSikFW1Jjfw"}
[ Tue Aug 15 2017 16:15:28 GMT+0800 (CST) ] time is 1421
[ Tue Aug 15 2017 16:15:28 GMT+0800 (CST) ] {"err":0,"msg":"JVmNpCnzXg9z1Gq5n6TE2vbqGtNvc4eoQ5"}
[ Tue Aug 15 2017 16:15:28 GMT+0800 (CST) ] time is 1422
[ Tue Aug 15 2017 16:15:28 GMT+0800 (CST) ] {"err":0,"msg":"JWtgeiyhtbebcAzy7nw4zu2zVGw268zSE3"}
[ Tue Aug 15 2017 16:15:28 GMT+0800 (CST) ] time is 1423
[ Tue Aug 15 2017 16:15:28 GMT+0800 (CST) ] {"err":0,"msg":"JYp8tHtfxXabptMWxDPvtWChaHcbzZdmQb"}
[ Tue Aug 15 2017 16:15:28 GMT+0800 (CST) ] time is 1424
[ Tue Aug 15 2017 16:15:28 GMT+0800 (CST) ] {"err":0,"msg":"JZzrSf3qqUmzdAVP2CsD2NHYQm4WcWoF8Q"}
[ Tue Aug 15 2017 16:15:28 GMT+0800 (CST) ] time is 1425
[ Tue Aug 15 2017 16:15:28 GMT+0800 (CST) ] {"err":0,"msg":"JdqwqETwpCkiEyRDpdPtNFPHNRvqTPh6cu"}
[ Tue Aug 15 2017 16:15:28 GMT+0800 (CST) ] time is 1426
[ Tue Aug 15 2017 16:15:28 GMT+0800 (CST) ] {"err":0,"msg":"JXyQD3iDaDQ4ppo5iHmvWMpoqCD3GwZj7A"}
[ Tue Aug 15 2017 16:15:28 GMT+0800 (CST) ] time is 1427
[ Tue Aug 15 2017 16:15:28 GMT+0800 (CST) ] {"err":0,"msg":"JSB12G78PAxEZHu1mz1ZiqwehHj72JKyv6"}
[ Tue Aug 15 2017 16:15:28 GMT+0800 (CST) ] time is 1428
[ Tue Aug 15 2017 16:15:28 GMT+0800 (CST) ] {"err":0,"msg":"JaS36ivkAfUQgJ5XBqH3gSCt5jgd3rG7xV"}
[ Tue Aug 15 2017 16:15:28 GMT+0800 (CST) ] time is 1429
[ Tue Aug 15 2017 16:15:28 GMT+0800 (CST) ] {"err":0,"msg":"JgQPvsxEoiFBQkjbwHge7jaMi5VEqoKyM8"}
[ Tue Aug 15 2017 16:15:28 GMT+0800 (CST) ] time is 1430
[ Tue Aug 15 2017 16:15:28 GMT+0800 (CST) ] {"err":0,"msg":"JZpCdDWFHeRP2GgozeESPNpNvoZdVZPXnv"}
[ Tue Aug 15 2017 16:15:28 GMT+0800 (CST) ] time is 1431
[ Tue Aug 15 2017 16:15:28 GMT+0800 (CST) ] {"err":0,"msg":"JSo15vRaxxEXLEvMY7cSgJic6vbm2RaBqN"}
[ Tue Aug 15 2017 16:15:28 GMT+0800 (CST) ] time is 1432
[ Tue Aug 15 2017 16:15:28 GMT+0800 (CST) ] {"err":0,"msg":"Je6mm7T2cxdmV2iaZ7UiR7B4oV1T3Yvx2A"}
[ Tue Aug 15 2017 16:15:28 GMT+0800 (CST) ] time is 1433
[ Tue Aug 15 2017 16:15:28 GMT+0800 (CST) ] {"err":0,"msg":"JN9req3uARrVEsa19FByDNjRRFx8xyNQuC"}
[ Tue Aug 15 2017 16:15:28 GMT+0800 (CST) ] time is 1434
[ Tue Aug 15 2017 16:15:28 GMT+0800 (CST) ] {"err":0,"msg":"JTnjGzfa91mayVHzri5tSVcb5io3KMER2q"}
[ Tue Aug 15 2017 16:15:28 GMT+0800 (CST) ] time is 1435
[ Tue Aug 15 2017 16:15:28 GMT+0800 (CST) ] {"err":0,"msg":"Jh9uGEtGpCfJce5RU7oJ8xHW8KNikiJGxt"}
[ Tue Aug 15 2017 16:15:28 GMT+0800 (CST) ] time is 1436
[ Tue Aug 15 2017 16:15:28 GMT+0800 (CST) ] {"err":0,"msg":"JMAoLYhK81SZhixdfRLHWP24jKDwoJLGb5"}
[ Tue Aug 15 2017 16:15:28 GMT+0800 (CST) ] time is 1437
[ Tue Aug 15 2017 16:15:28 GMT+0800 (CST) ] {"err":0,"msg":"JX9cgvZteZEf6pLg6EoCCLvoULv32qRmq6"}
[ Tue Aug 15 2017 16:15:28 GMT+0800 (CST) ] time is 1438
[ Tue Aug 15 2017 16:15:28 GMT+0800 (CST) ] {"err":0,"msg":"JXLMF1JU2NaLUWLPNiY3De74RhgwWaEd82"}
[ Tue Aug 15 2017 16:15:28 GMT+0800 (CST) ] time is 1439
[ Tue Aug 15 2017 16:15:28 GMT+0800 (CST) ] {"err":0,"msg":"JYZ19rGUC9cFy2LrHAqv4yYeCpcyusjZaG"}
[ Tue Aug 15 2017 16:15:28 GMT+0800 (CST) ] time is 1440
[ Tue Aug 15 2017 16:15:28 GMT+0800 (CST) ] {"err":0,"msg":"JYY3oV4fECko34zzNjwShDKn2D9gTMon3D"}
[ Tue Aug 15 2017 16:15:28 GMT+0800 (CST) ] time is 1441
[ Tue Aug 15 2017 16:15:28 GMT+0800 (CST) ] {"err":0,"msg":"JdhqcHsTY8q7wWH6DmuH8dx4MqGgMu9PXD"}
[ Tue Aug 15 2017 16:15:28 GMT+0800 (CST) ] time is 1442
[ Tue Aug 15 2017 16:15:28 GMT+0800 (CST) ] {"err":0,"msg":"JVByfXigHsvVaxtsWWqdPYCQtvr2rqwfm9"}
[ Tue Aug 15 2017 16:15:28 GMT+0800 (CST) ] time is 1443
[ Tue Aug 15 2017 16:15:28 GMT+0800 (CST) ] {"err":0,"msg":"JV45xX4w42A9qH9HrR7qJMTd2uWbxbTCie"}
[ Tue Aug 15 2017 16:15:29 GMT+0800 (CST) ] time is 1444
[ Tue Aug 15 2017 16:15:29 GMT+0800 (CST) ] {"err":0,"msg":"JeMJqDCRz6ZTjAu765uZe5sNjzezMjXBwM"}
[ Tue Aug 15 2017 16:15:29 GMT+0800 (CST) ] time is 1445
[ Tue Aug 15 2017 16:15:29 GMT+0800 (CST) ] {"err":0,"msg":"JgNrV91ySB4hAB1juSqoea6WmPkoMJJKAx"}
[ Tue Aug 15 2017 16:15:29 GMT+0800 (CST) ] time is 1446
[ Tue Aug 15 2017 16:15:29 GMT+0800 (CST) ] {"err":0,"msg":"JNYmezKjtU87go4RsUJozkdbjCrWj4SKbo"}
[ Tue Aug 15 2017 16:15:29 GMT+0800 (CST) ] time is 1447
[ Tue Aug 15 2017 16:15:29 GMT+0800 (CST) ] {"err":0,"msg":"JP7Da7cGVoGWFGm16tu8cvaaYbNVjZU4Mc"}
[ Tue Aug 15 2017 16:15:29 GMT+0800 (CST) ] time is 1448
[ Tue Aug 15 2017 16:15:29 GMT+0800 (CST) ] {"err":0,"msg":"JXGgm2TocWPovZxE12oGN4UwAw3RKR57Eq"}
[ Tue Aug 15 2017 16:15:29 GMT+0800 (CST) ] time is 1449
[ Tue Aug 15 2017 16:15:29 GMT+0800 (CST) ] {"err":0,"msg":"JcZTBktMAWdPF8UiSLfXbfk7Sv54UH3uJw"}
[ Tue Aug 15 2017 16:15:29 GMT+0800 (CST) ] time is 1450
[ Tue Aug 15 2017 16:15:29 GMT+0800 (CST) ] {"err":0,"msg":"JLWZRCRvgvLMkAXBqii6ToZQW8coRTVqKs"}
[ Tue Aug 15 2017 16:15:29 GMT+0800 (CST) ] time is 1451
[ Tue Aug 15 2017 16:15:29 GMT+0800 (CST) ] {"err":0,"msg":"JaatEmUFeSrZZX4VnoXsiWH88eUCwHEYSe"}
[ Tue Aug 15 2017 16:15:29 GMT+0800 (CST) ] time is 1452
[ Tue Aug 15 2017 16:15:29 GMT+0800 (CST) ] {"err":0,"msg":"Jf9SniYsZWjzhzpg8kqy2B7VsjvDCi2o4d"}
[ Tue Aug 15 2017 16:15:29 GMT+0800 (CST) ] time is 1453
[ Tue Aug 15 2017 16:15:29 GMT+0800 (CST) ] {"err":0,"msg":"Jdodu56H3eoxWpw9sLKg22rz2JR6HujBWv"}
[ Tue Aug 15 2017 16:15:29 GMT+0800 (CST) ] time is 1454
[ Tue Aug 15 2017 16:15:29 GMT+0800 (CST) ] {"err":0,"msg":"Jh86XzNoFHJK8YG6HVNKUxVuomb9tryKYA"}
[ Tue Aug 15 2017 16:15:29 GMT+0800 (CST) ] time is 1455
[ Tue Aug 15 2017 16:15:29 GMT+0800 (CST) ] {"err":0,"msg":"JauojZSCnnj4hftT8M28LjC6tK4c9FfX5T"}
[ Tue Aug 15 2017 16:15:29 GMT+0800 (CST) ] {"err":0,"msg":"JWoo31QKC1NyaR2eNbq3rRqPBcmNXcomZr"}
[ Tue Aug 15 2017 16:15:29 GMT+0800 (CST) ] time is 1456
[ Tue Aug 15 2017 16:15:29 GMT+0800 (CST) ] time is 1457
[ Tue Aug 15 2017 16:15:29 GMT+0800 (CST) ] {"err":0,"msg":"JdQJVqk1F8YG4JoEgDQNKgPEDkAJumS6vG"}
[ Tue Aug 15 2017 16:15:29 GMT+0800 (CST) ] time is 1458
[ Tue Aug 15 2017 16:15:29 GMT+0800 (CST) ] {"err":0,"msg":"JTANDyokpvZEkJfSjJZmLuhogKttw5J9Ft"}
[ Tue Aug 15 2017 16:15:29 GMT+0800 (CST) ] time is 1459
[ Tue Aug 15 2017 16:15:29 GMT+0800 (CST) ] {"err":0,"msg":"JX7h54xL8EXHSdywjug3dphJfojThZwYjb"}
[ Tue Aug 15 2017 16:15:29 GMT+0800 (CST) ] time is 1460
[ Tue Aug 15 2017 16:15:29 GMT+0800 (CST) ] {"err":0,"msg":"Jcc8PAJeMexgpesB513p26eUsfUf89DwfM"}
[ Tue Aug 15 2017 16:15:29 GMT+0800 (CST) ] time is 1461
[ Tue Aug 15 2017 16:15:29 GMT+0800 (CST) ] {"err":0,"msg":"JacHfEbaAM9Kizqujg8rCvHHJzUUjPdt7j"}
[ Tue Aug 15 2017 16:15:29 GMT+0800 (CST) ] time is 1462
[ Tue Aug 15 2017 16:15:29 GMT+0800 (CST) ] {"err":0,"msg":"JKtH7Eer2xUvCguZ4nKY67uyQNffHJHBQJ"}
[ Tue Aug 15 2017 16:15:29 GMT+0800 (CST) ] time is 1463
[ Tue Aug 15 2017 16:15:29 GMT+0800 (CST) ] {"err":0,"msg":"JMtSY4xLkkYvpV3piR1brRPhd1GqKdSKb2"}
[ Tue Aug 15 2017 16:15:29 GMT+0800 (CST) ] time is 1464
[ Tue Aug 15 2017 16:15:29 GMT+0800 (CST) ] {"err":0,"msg":"JWWNHfc7VwqS9xK6MY1WLmPyQnfi8gBbow"}
[ Tue Aug 15 2017 16:15:29 GMT+0800 (CST) ] time is 1465
[ Tue Aug 15 2017 16:15:29 GMT+0800 (CST) ] {"err":0,"msg":"JcQxisw4GbmM9F6kzk2KWUoZA321wudu7S"}
[ Tue Aug 15 2017 16:15:29 GMT+0800 (CST) ] time is 1466
[ Tue Aug 15 2017 16:15:29 GMT+0800 (CST) ] {"err":0,"msg":"JhUNJbrz9J5Hc2BMWSvyTs7g83rYjnhUyC"}
[ Tue Aug 15 2017 16:15:29 GMT+0800 (CST) ] time is 1467
[ Tue Aug 15 2017 16:15:29 GMT+0800 (CST) ] {"err":0,"msg":"JW1NYSsZcBq79qrjzdwQHfqh6FgiAqzPPs"}
[ Tue Aug 15 2017 16:15:29 GMT+0800 (CST) ] {"err":0,"msg":"JeEGH9nPgy7Pj1VFdskEqb9kHa9nWpYTvr"}
[ Tue Aug 15 2017 16:15:29 GMT+0800 (CST) ] time is 1468
[ Tue Aug 15 2017 16:15:29 GMT+0800 (CST) ] time is 1469
[ Tue Aug 15 2017 16:15:29 GMT+0800 (CST) ] {"err":0,"msg":"JWJcjWqghotzAw47N8mBgu9GmnsREphqjP"}
[ Tue Aug 15 2017 16:15:29 GMT+0800 (CST) ] time is 1470
[ Tue Aug 15 2017 16:15:29 GMT+0800 (CST) ] {"err":0,"msg":"JT2TJyNWrFeqLEukJsuLynYnrE2TeRjBUc"}
[ Tue Aug 15 2017 16:15:29 GMT+0800 (CST) ] time is 1471
[ Tue Aug 15 2017 16:15:29 GMT+0800 (CST) ] {"err":0,"msg":"JYjRJt4qx8Cfgi3sByH3ggSgzDnuT6RCFg"}
[ Tue Aug 15 2017 16:15:29 GMT+0800 (CST) ] time is 1472
[ Tue Aug 15 2017 16:15:29 GMT+0800 (CST) ] {"err":0,"msg":"Jd3EKaztgmR95Y54P61sAYS9ng7gg34eVE"}
[ Tue Aug 15 2017 16:15:29 GMT+0800 (CST) ] time is 1473
[ Tue Aug 15 2017 16:15:29 GMT+0800 (CST) ] {"err":0,"msg":"JMPHJecJEbA7C2Q1X1R8qUvzqUPWmnCM4S"}
[ Tue Aug 15 2017 16:15:29 GMT+0800 (CST) ] time is 1474
[ Tue Aug 15 2017 16:15:29 GMT+0800 (CST) ] {"err":0,"msg":"JSQ3sUcP4bnSbCjVAiJno6anWkQTc2qXQ4"}
[ Tue Aug 15 2017 16:15:29 GMT+0800 (CST) ] time is 1475
[ Tue Aug 15 2017 16:15:29 GMT+0800 (CST) ] {"err":0,"msg":"JU4huLDeat6QUq5nw759eDFBVufVETg8Qh"}
[ Tue Aug 15 2017 16:15:29 GMT+0800 (CST) ] time is 1476
[ Tue Aug 15 2017 16:15:29 GMT+0800 (CST) ] {"err":0,"msg":"JUkE9Ld87Fs97CPuEKkJkyhpEri7DMJPvc"}
[ Tue Aug 15 2017 16:15:29 GMT+0800 (CST) ] time is 1477
[ Tue Aug 15 2017 16:15:29 GMT+0800 (CST) ] {"err":0,"msg":"JNXvjoytPSQ2aoLyk8TTAB4QLHzxV2gnF7"}
[ Tue Aug 15 2017 16:15:29 GMT+0800 (CST) ] time is 1478
[ Tue Aug 15 2017 16:15:29 GMT+0800 (CST) ] {"err":0,"msg":"JNFZF5Krpqq5zo8F9dtfoAc1FRFJJQGsoh"}
[ Tue Aug 15 2017 16:15:29 GMT+0800 (CST) ] time is 1479
[ Tue Aug 15 2017 16:15:29 GMT+0800 (CST) ] {"err":0,"msg":"JepMqytNq7xGd5kuRfGSAoFKzshtGoUaYi"}
[ Tue Aug 15 2017 16:15:30 GMT+0800 (CST) ] time is 1480
[ Tue Aug 15 2017 16:15:30 GMT+0800 (CST) ] {"err":0,"msg":"JgnX53W6hwscFrSdf95EYUfjk232duc4uU"}
[ Tue Aug 15 2017 16:15:30 GMT+0800 (CST) ] time is 1481
[ Tue Aug 15 2017 16:15:30 GMT+0800 (CST) ] {"err":0,"msg":"JPBex34ZHR3XsfeP6DWz2VQndnzTaijFDD"}
[ Tue Aug 15 2017 16:15:30 GMT+0800 (CST) ] time is 1482
[ Tue Aug 15 2017 16:15:30 GMT+0800 (CST) ] {"err":0,"msg":"JMLS9mHYfS7izLnY7CERxKbA5kxgUYAMUJ"}
[ Tue Aug 15 2017 16:15:30 GMT+0800 (CST) ] time is 1483
[ Tue Aug 15 2017 16:15:30 GMT+0800 (CST) ] {"err":0,"msg":"JKXbMLC2f6Swh6iMGLAYKHvT7Pa4kzCqP5"}
[ Tue Aug 15 2017 16:15:30 GMT+0800 (CST) ] time is 1484
[ Tue Aug 15 2017 16:15:30 GMT+0800 (CST) ] {"err":0,"msg":"JfDBWoixoVzN3pxQXoyyo1cdQNA2Rc5E5o"}
[ Tue Aug 15 2017 16:15:30 GMT+0800 (CST) ] time is 1485
[ Tue Aug 15 2017 16:15:30 GMT+0800 (CST) ] {"err":0,"msg":"JWb7tiqyXo8h6iaa3krYGkomzSZyvb3e2z"}
[ Tue Aug 15 2017 16:15:30 GMT+0800 (CST) ] time is 1486
[ Tue Aug 15 2017 16:15:30 GMT+0800 (CST) ] {"err":0,"msg":"JWLv2XmKyZ6m1wA9MKMEM6aEChcnu3XUEa"}
[ Tue Aug 15 2017 16:15:30 GMT+0800 (CST) ] time is 1487
[ Tue Aug 15 2017 16:15:30 GMT+0800 (CST) ] {"err":0,"msg":"JXCiDQfiAr3EuwXRZTtZ8HasGdu2YUUoLU"}
[ Tue Aug 15 2017 16:15:30 GMT+0800 (CST) ] time is 1488
[ Tue Aug 15 2017 16:15:30 GMT+0800 (CST) ] {"err":0,"msg":"JJz9Ubpuwp9uTyNf5ainhHYyvWwQaPpSUE"}
[ Tue Aug 15 2017 16:15:30 GMT+0800 (CST) ] time is 1489
[ Tue Aug 15 2017 16:15:30 GMT+0800 (CST) ] {"err":0,"msg":"Jfzt9uk479Kc77T6Nj4sY2f981NycN7GZv"}
[ Tue Aug 15 2017 16:15:30 GMT+0800 (CST) ] time is 1490
[ Tue Aug 15 2017 16:15:30 GMT+0800 (CST) ] {"err":0,"msg":"JSxWEBPFVzToykedYMYZiLkVBWJ9Vsd9pN"}
[ Tue Aug 15 2017 16:15:30 GMT+0800 (CST) ] time is 1491
[ Tue Aug 15 2017 16:15:30 GMT+0800 (CST) ] {"err":0,"msg":"JT1UhEaW8mE7MJryimjcGPpJ6CnpBJmq1u"}
[ Tue Aug 15 2017 16:15:30 GMT+0800 (CST) ] time is 1492
[ Tue Aug 15 2017 16:15:30 GMT+0800 (CST) ] {"err":0,"msg":"JLLEyVQ6Cvxy55dJkhEkhPpfW7h8X1xEpk"}
[ Tue Aug 15 2017 16:15:30 GMT+0800 (CST) ] time is 1493
[ Tue Aug 15 2017 16:15:30 GMT+0800 (CST) ] {"err":0,"msg":"Jb83adD5UCinXeocq5sUFPD8DDoatKqwTD"}
[ Tue Aug 15 2017 16:15:30 GMT+0800 (CST) ] time is 1494
[ Tue Aug 15 2017 16:15:30 GMT+0800 (CST) ] {"err":0,"msg":"JfutgiomXAgpDKBNoba6oED2cCA8CebHLN"}
[ Tue Aug 15 2017 16:15:30 GMT+0800 (CST) ] time is 1495
[ Tue Aug 15 2017 16:15:30 GMT+0800 (CST) ] {"err":0,"msg":"JY51sKfnMzjYNye1YhRLiA3onWjjd56sH7"}
[ Tue Aug 15 2017 16:15:30 GMT+0800 (CST) ] time is 1496
[ Tue Aug 15 2017 16:15:30 GMT+0800 (CST) ] {"err":0,"msg":"JL4nn2scc7FKmdeaNSKATadLfHr95D4xhG"}
[ Tue Aug 15 2017 16:15:30 GMT+0800 (CST) ] time is 1497
[ Tue Aug 15 2017 16:15:30 GMT+0800 (CST) ] {"err":0,"msg":"JJpgqxwAh5k3WFDofJkb5ZLdVBe69JxVE3"}
[ Tue Aug 15 2017 16:15:30 GMT+0800 (CST) ] time is 1498
[ Tue Aug 15 2017 16:15:30 GMT+0800 (CST) ] {"err":0,"msg":"JZZpc4WJhTbAo9SjkoFemanXf65kTNFPfw"}
[ Tue Aug 15 2017 16:15:30 GMT+0800 (CST) ] time is 1499
[ Tue Aug 15 2017 16:15:30 GMT+0800 (CST) ] {"err":0,"msg":"JJqAwUGH8afzJ35NBcRH3TL7Run4ZC1wk6"}
[ Tue Aug 15 2017 16:15:30 GMT+0800 (CST) ] time is 1500
[ Tue Aug 15 2017 16:15:30 GMT+0800 (CST) ] {"err":0,"msg":"JbL5mPRHCNZ5X7oyj9L4scN5mHS99rgrjw"}
[ Tue Aug 15 2017 16:15:30 GMT+0800 (CST) ] time is 1501
[ Tue Aug 15 2017 16:15:30 GMT+0800 (CST) ] {"err":0,"msg":"JLwFd67zV9md8uAjsin6w4d1R3KDnPTSQF"}
[ Tue Aug 15 2017 16:15:30 GMT+0800 (CST) ] time is 1502
[ Tue Aug 15 2017 16:15:30 GMT+0800 (CST) ] {"err":0,"msg":"JYj8QDeuHzitdvXvms7pekqChtZ8qrM6mx"}
[ Tue Aug 15 2017 16:15:30 GMT+0800 (CST) ] time is 1503
[ Tue Aug 15 2017 16:15:30 GMT+0800 (CST) ] {"err":0,"msg":"JRehGqZDYAUKjCKobpoxHAenkp4BfSKM23"}
[ Tue Aug 15 2017 16:15:30 GMT+0800 (CST) ] time is 1504
[ Tue Aug 15 2017 16:15:30 GMT+0800 (CST) ] {"err":0,"msg":"JMM6sZTrpWBAUwRekiM3Gek6DQkXFF8Bwg"}
[ Tue Aug 15 2017 16:15:30 GMT+0800 (CST) ] time is 1505
[ Tue Aug 15 2017 16:15:30 GMT+0800 (CST) ] {"err":0,"msg":"JW79s2gcVcYyUvSK1Zn7RkNydYhgxMnxfp"}
[ Tue Aug 15 2017 16:15:30 GMT+0800 (CST) ] time is 1506
[ Tue Aug 15 2017 16:15:30 GMT+0800 (CST) ] {"err":0,"msg":"JKDURKvM868x1rXDHj8E6yTKfaGdsqRCb2"}
[ Tue Aug 15 2017 16:15:30 GMT+0800 (CST) ] time is 1507
[ Tue Aug 15 2017 16:15:30 GMT+0800 (CST) ] {"err":0,"msg":"JbfHSRPLn7ex2sToW6HyDoewmCTonUty3X"}
[ Tue Aug 15 2017 16:15:30 GMT+0800 (CST) ] time is 1508
[ Tue Aug 15 2017 16:15:30 GMT+0800 (CST) ] {"err":0,"msg":"Jdkxemt9W1GVQymFVdmdvuTtAve5wMUGL2"}
[ Tue Aug 15 2017 16:15:30 GMT+0800 (CST) ] time is 1509
[ Tue Aug 15 2017 16:15:30 GMT+0800 (CST) ] {"err":0,"msg":"JVef7HFo4ePk8xuE79LC2wZRMJ8zbZFzD5"}
[ Tue Aug 15 2017 16:15:30 GMT+0800 (CST) ] time is 1510
[ Tue Aug 15 2017 16:15:30 GMT+0800 (CST) ] {"err":0,"msg":"JUVhLUXHy2Wj6qcRnRXPCHE4nWeu8UmTXx"}
[ Tue Aug 15 2017 16:15:30 GMT+0800 (CST) ] time is 1511
[ Tue Aug 15 2017 16:15:30 GMT+0800 (CST) ] {"err":0,"msg":"JPNkSDXXwT5jh3P1JopQKY4Mpsbrf1m9yW"}
[ Tue Aug 15 2017 16:15:30 GMT+0800 (CST) ] time is 1512
[ Tue Aug 15 2017 16:15:30 GMT+0800 (CST) ] {"err":0,"msg":"JVJ1Q9ivssoWtMaaj6GoNw1fRJE9eQFbgp"}
[ Tue Aug 15 2017 16:15:30 GMT+0800 (CST) ] time is 1513
[ Tue Aug 15 2017 16:15:30 GMT+0800 (CST) ] {"err":0,"msg":"JUmnqjqsZ8LhioF98VTSxcjWZSrYPhaVL9"}
[ Tue Aug 15 2017 16:15:30 GMT+0800 (CST) ] time is 1514
[ Tue Aug 15 2017 16:15:30 GMT+0800 (CST) ] {"err":0,"msg":"JLxPmGaptRXztswF8u2dvKFcRsg9a5FGcD"}
[ Tue Aug 15 2017 16:15:30 GMT+0800 (CST) ] time is 1515
[ Tue Aug 15 2017 16:15:30 GMT+0800 (CST) ] {"err":0,"msg":"Jb75ckgvWytez3oM51GHyHdrC5gYHQGY7x"}
[ Tue Aug 15 2017 16:15:30 GMT+0800 (CST) ] time is 1516
[ Tue Aug 15 2017 16:15:30 GMT+0800 (CST) ] {"err":0,"msg":"JKPruXizZa8vwxa6Q7eUhxyvhrvUgWCeZy"}
[ Tue Aug 15 2017 16:15:31 GMT+0800 (CST) ] time is 1517
[ Tue Aug 15 2017 16:15:31 GMT+0800 (CST) ] {"err":0,"msg":"JNPYW3CstG5S1a4guqiH3C99ZS9Urbb4FD"}
[ Tue Aug 15 2017 16:15:31 GMT+0800 (CST) ] time is 1518
[ Tue Aug 15 2017 16:15:31 GMT+0800 (CST) ] {"err":0,"msg":"Jfvmb4h8T3fGSPc8YphAEitb6DWc5fHVye"}
[ Tue Aug 15 2017 16:15:31 GMT+0800 (CST) ] time is 1519
[ Tue Aug 15 2017 16:15:31 GMT+0800 (CST) ] {"err":0,"msg":"JcCxy7BbqwULbQWhjtMtUic9ChUcvCzBrn"}
[ Tue Aug 15 2017 16:15:31 GMT+0800 (CST) ] time is 1520
[ Tue Aug 15 2017 16:15:31 GMT+0800 (CST) ] {"err":0,"msg":"JeHNEwQmLPSD29RPaXYAGrgTQzTkBDB1Qc"}
[ Tue Aug 15 2017 16:15:31 GMT+0800 (CST) ] time is 1521
[ Tue Aug 15 2017 16:15:31 GMT+0800 (CST) ] {"err":0,"msg":"JQCPtaRToqQLPTy43MaZ39fyJprUmWJKw1"}
[ Tue Aug 15 2017 16:15:31 GMT+0800 (CST) ] time is 1522
[ Tue Aug 15 2017 16:15:31 GMT+0800 (CST) ] {"err":0,"msg":"JX74jxEYWwjU5oXuqm9nCkYZQ1s5JHtyjE"}
[ Tue Aug 15 2017 16:15:31 GMT+0800 (CST) ] time is 1523
[ Tue Aug 15 2017 16:15:31 GMT+0800 (CST) ] {"err":0,"msg":"JKNomFsSdsGXJN9RPXwLSriyQmH12hX2yF"}
[ Tue Aug 15 2017 16:15:31 GMT+0800 (CST) ] time is 1524
[ Tue Aug 15 2017 16:15:31 GMT+0800 (CST) ] {"err":0,"msg":"JNuvVbGP4tKu455ieNqWgRpHL8c2kTKVqt"}
[ Tue Aug 15 2017 16:15:31 GMT+0800 (CST) ] time is 1525
[ Tue Aug 15 2017 16:15:31 GMT+0800 (CST) ] {"err":0,"msg":"JSMSaPqmsxVzhhjWwCVY8FeNNbn2XaPa3z"}
[ Tue Aug 15 2017 16:15:31 GMT+0800 (CST) ] time is 1526
[ Tue Aug 15 2017 16:15:31 GMT+0800 (CST) ] {"err":0,"msg":"JbKB658sn54bZuXAbAncGnXt15eek3GRTb"}
[ Tue Aug 15 2017 16:15:31 GMT+0800 (CST) ] time is 1527
[ Tue Aug 15 2017 16:15:31 GMT+0800 (CST) ] {"err":0,"msg":"JZyoWZyHqQ3SDrP3UpHtm9B6EMMhy49nx9"}
[ Tue Aug 15 2017 16:15:31 GMT+0800 (CST) ] time is 1528
[ Tue Aug 15 2017 16:15:31 GMT+0800 (CST) ] {"err":0,"msg":"JaXN6WZqmd6c11HNbK4v8NC5hg19i5bdF8"}
[ Tue Aug 15 2017 16:15:31 GMT+0800 (CST) ] time is 1529
[ Tue Aug 15 2017 16:15:31 GMT+0800 (CST) ] {"err":0,"msg":"JVpYxcVYvV3HDdjZn66e678cQcFC74CJFe"}
[ Tue Aug 15 2017 16:15:31 GMT+0800 (CST) ] time is 1530
[ Tue Aug 15 2017 16:15:31 GMT+0800 (CST) ] {"err":0,"msg":"JgWYgHUnkvdpd1Ucdb8vQf1QmpP4Y4FhU1"}
[ Tue Aug 15 2017 16:15:31 GMT+0800 (CST) ] time is 1531
[ Tue Aug 15 2017 16:15:31 GMT+0800 (CST) ] {"err":0,"msg":"JcCdb6cfvsL9T4Go2LPPpZpi9jRFV5f5i9"}
[ Tue Aug 15 2017 16:15:31 GMT+0800 (CST) ] time is 1532
[ Tue Aug 15 2017 16:15:31 GMT+0800 (CST) ] {"err":0,"msg":"JU2YDAFN8nAJM5BChrUHDm2rqpeWmAncNw"}
[ Tue Aug 15 2017 16:15:31 GMT+0800 (CST) ] time is 1533
[ Tue Aug 15 2017 16:15:31 GMT+0800 (CST) ] {"err":0,"msg":"JVabGvGeTsRhNjH6MM7A8LG2DFdUrs12gN"}
[ Tue Aug 15 2017 16:15:31 GMT+0800 (CST) ] time is 1534
[ Tue Aug 15 2017 16:15:31 GMT+0800 (CST) ] {"err":0,"msg":"JgVfQEu3p9LioSJutUMaJiYGJSTjTctAKb"}
[ Tue Aug 15 2017 16:15:31 GMT+0800 (CST) ] time is 1535
[ Tue Aug 15 2017 16:15:31 GMT+0800 (CST) ] {"err":0,"msg":"Jd3afG6ToZG41HHW5j6gmaTb6f7emN2p63"}
[ Tue Aug 15 2017 16:15:31 GMT+0800 (CST) ] time is 1536
[ Tue Aug 15 2017 16:15:31 GMT+0800 (CST) ] {"err":0,"msg":"JSLmX28Cbz4L1B2vfxPoR53oTeYXbqwfWr"}
[ Tue Aug 15 2017 16:15:31 GMT+0800 (CST) ] time is 1537
[ Tue Aug 15 2017 16:15:31 GMT+0800 (CST) ] {"err":0,"msg":"JPGjuyff5vD2jH81v1NNp3a9bFziAxbDtK"}
[ Tue Aug 15 2017 16:15:31 GMT+0800 (CST) ] time is 1538
[ Tue Aug 15 2017 16:15:31 GMT+0800 (CST) ] {"err":0,"msg":"JW2FEuXkBM2j6hgYMuB6iUX9CwKDCYWc4i"}
[ Tue Aug 15 2017 16:15:31 GMT+0800 (CST) ] time is 1539
[ Tue Aug 15 2017 16:15:31 GMT+0800 (CST) ] {"err":0,"msg":"JWKdzXJRCxwC77UyvV1LnfizdTskaVKihL"}
[ Tue Aug 15 2017 16:15:31 GMT+0800 (CST) ] time is 1540
[ Tue Aug 15 2017 16:15:31 GMT+0800 (CST) ] {"err":0,"msg":"JbF1WYubYqzTnU6V6U8ZR68MgVuq9k6bSn"}
[ Tue Aug 15 2017 16:15:31 GMT+0800 (CST) ] time is 1541
[ Tue Aug 15 2017 16:15:31 GMT+0800 (CST) ] {"err":0,"msg":"JKjuQ1iWEAAv4am43Vvegn1rwQmQKo2Trz"}
[ Tue Aug 15 2017 16:15:31 GMT+0800 (CST) ] time is 1542
[ Tue Aug 15 2017 16:15:31 GMT+0800 (CST) ] {"err":0,"msg":"Jb3Bdghvsnq3ZroPFMHchGRNZ4VN61YpxE"}
[ Tue Aug 15 2017 16:15:31 GMT+0800 (CST) ] time is 1543
[ Tue Aug 15 2017 16:15:31 GMT+0800 (CST) ] {"err":0,"msg":"JhibgqbAXtfAjZsnE6Ew4qqKiL1YQx2TVW"}
[ Tue Aug 15 2017 16:15:31 GMT+0800 (CST) ] time is 1544
[ Tue Aug 15 2017 16:15:31 GMT+0800 (CST) ] {"err":0,"msg":"Jchx1pTuWcCVSf59QVMamvVj4zyxfK3bjZ"}
[ Tue Aug 15 2017 16:15:31 GMT+0800 (CST) ] time is 1545
[ Tue Aug 15 2017 16:15:31 GMT+0800 (CST) ] {"err":0,"msg":"JawmEwHAhx9sC1vHpM9uc4dEgXrc2XEh3i"}
[ Tue Aug 15 2017 16:15:31 GMT+0800 (CST) ] time is 1546
[ Tue Aug 15 2017 16:15:31 GMT+0800 (CST) ] {"err":0,"msg":"JSCC4wWNj39ZWHhUFTgWyUp7x45gxSEks4"}
[ Tue Aug 15 2017 16:15:31 GMT+0800 (CST) ] time is 1547
[ Tue Aug 15 2017 16:15:31 GMT+0800 (CST) ] {"err":0,"msg":"JcbS2Kwe6usrDQnFBfSi9hQa2JT25L7w2M"}
[ Tue Aug 15 2017 16:15:31 GMT+0800 (CST) ] time is 1548
[ Tue Aug 15 2017 16:15:31 GMT+0800 (CST) ] {"err":0,"msg":"JPJpuxsfekedN3zgGdXdSoKQ6tDjW7RgZs"}
[ Tue Aug 15 2017 16:15:31 GMT+0800 (CST) ] time is 1549
[ Tue Aug 15 2017 16:15:31 GMT+0800 (CST) ] {"err":0,"msg":"JfhVLnavREdMKcn4gin1KpE8fYbsQRoJFW"}
[ Tue Aug 15 2017 16:15:31 GMT+0800 (CST) ] time is 1550
[ Tue Aug 15 2017 16:15:31 GMT+0800 (CST) ] {"err":0,"msg":"Jbo4NyLUCREcYzfk9PUjvomGLpAaPgRGY5"}
[ Tue Aug 15 2017 16:15:31 GMT+0800 (CST) ] time is 1551
[ Tue Aug 15 2017 16:15:31 GMT+0800 (CST) ] {"err":0,"msg":"JNFtt6eubdJ4nYs8qPSYbG9GUaZwxoMeZp"}
[ Tue Aug 15 2017 16:15:31 GMT+0800 (CST) ] time is 1552
[ Tue Aug 15 2017 16:15:31 GMT+0800 (CST) ] {"err":0,"msg":"JTFTPt8zXJ95DFa6vDWWyZy64FKo35czmE"}
[ Tue Aug 15 2017 16:15:32 GMT+0800 (CST) ] time is 1553
[ Tue Aug 15 2017 16:15:32 GMT+0800 (CST) ] {"err":0,"msg":"JPtRaUS765FVo6UGDRSwNwWJoErnHCkXrZ"}
[ Tue Aug 15 2017 16:15:32 GMT+0800 (CST) ] time is 1554
[ Tue Aug 15 2017 16:15:32 GMT+0800 (CST) ] {"err":0,"msg":"JgzFyZG1P5TrBR4pnLNS8G4BRskAjiXk5K"}
[ Tue Aug 15 2017 16:15:32 GMT+0800 (CST) ] time is 1555
[ Tue Aug 15 2017 16:15:32 GMT+0800 (CST) ] {"err":0,"msg":"JYLgoPWF1zA4SiErdKjeQrdFsxCainj2uM"}
[ Tue Aug 15 2017 16:15:32 GMT+0800 (CST) ] time is 1556
[ Tue Aug 15 2017 16:15:32 GMT+0800 (CST) ] {"err":0,"msg":"JQ9AZ6CivYoELq1JVuHxWfumX2fcaEq8gG"}
[ Tue Aug 15 2017 16:15:32 GMT+0800 (CST) ] time is 1557
[ Tue Aug 15 2017 16:15:32 GMT+0800 (CST) ] {"err":0,"msg":"JgCrQaB4ujaUV5EngJrokqke9ekR3HAWJm"}
[ Tue Aug 15 2017 16:15:32 GMT+0800 (CST) ] time is 1558
[ Tue Aug 15 2017 16:15:32 GMT+0800 (CST) ] {"err":0,"msg":"Jf17hmokDMGb5aNppTND9TwGDMYD1XG7a6"}
[ Tue Aug 15 2017 16:15:32 GMT+0800 (CST) ] time is 1559
[ Tue Aug 15 2017 16:15:32 GMT+0800 (CST) ] {"err":0,"msg":"Jctp3Xy4iYKP4LMdXUzPWMYZ9vWX1Vkvoy"}
[ Tue Aug 15 2017 16:15:32 GMT+0800 (CST) ] time is 1560
[ Tue Aug 15 2017 16:15:32 GMT+0800 (CST) ] {"err":0,"msg":"JTos3EEtsHa5auJTkHzdTJpXuDpbW6918p"}
[ Tue Aug 15 2017 16:15:32 GMT+0800 (CST) ] time is 1561
[ Tue Aug 15 2017 16:15:32 GMT+0800 (CST) ] {"err":0,"msg":"JPEPHk3SXqL43NNact8BMyH5hdpsEgpkgF"}
[ Tue Aug 15 2017 16:15:32 GMT+0800 (CST) ] time is 1562
[ Tue Aug 15 2017 16:15:32 GMT+0800 (CST) ] {"err":0,"msg":"JgSi8fZ7ZRhCTjz58qsyKgUUPrvNhngRpR"}
[ Tue Aug 15 2017 16:15:32 GMT+0800 (CST) ] time is 1563
[ Tue Aug 15 2017 16:15:32 GMT+0800 (CST) ] {"err":0,"msg":"JSJZhUgX6fe3sPvAN9cTTvnEH2DKdKdXNP"}
[ Tue Aug 15 2017 16:15:32 GMT+0800 (CST) ] time is 1564
[ Tue Aug 15 2017 16:15:32 GMT+0800 (CST) ] {"err":0,"msg":"JhM1vAbdJBKoZer4pkTWt6KXXUVdYEAD94"}
[ Tue Aug 15 2017 16:15:32 GMT+0800 (CST) ] time is 1565
[ Tue Aug 15 2017 16:15:32 GMT+0800 (CST) ] {"err":0,"msg":"JR3oBiZipUmCizck1JCAvepvPuWQGJYyMi"}
[ Tue Aug 15 2017 16:15:32 GMT+0800 (CST) ] time is 1566
[ Tue Aug 15 2017 16:15:32 GMT+0800 (CST) ] {"err":0,"msg":"JXAZPYvNtHDYxY8hobdpLCFcZwozgXth1i"}
[ Tue Aug 15 2017 16:15:32 GMT+0800 (CST) ] time is 1567
[ Tue Aug 15 2017 16:15:32 GMT+0800 (CST) ] {"err":0,"msg":"JKzPu1rM1z5stzBd4tznNZiRzn8npJ9QH7"}
[ Tue Aug 15 2017 16:15:32 GMT+0800 (CST) ] time is 1568
[ Tue Aug 15 2017 16:15:32 GMT+0800 (CST) ] {"err":0,"msg":"JVC7kR69xi2Qf9wy63vBcjN4Z7cz6EHXY6"}
[ Tue Aug 15 2017 16:15:32 GMT+0800 (CST) ] time is 1569
[ Tue Aug 15 2017 16:15:32 GMT+0800 (CST) ] {"err":0,"msg":"JKRohGoXro1KWJRoAF1i9TyPPYa89wv3EF"}
[ Tue Aug 15 2017 16:15:32 GMT+0800 (CST) ] time is 1570
[ Tue Aug 15 2017 16:15:32 GMT+0800 (CST) ] {"err":0,"msg":"JUFuyaaN8zqmzUorGhkhG9mcZ5koZuQo5F"}
[ Tue Aug 15 2017 16:15:32 GMT+0800 (CST) ] time is 1571
[ Tue Aug 15 2017 16:15:32 GMT+0800 (CST) ] {"err":0,"msg":"JRrA2dCKhnXgn4hhRn3skgNi8aGiR5SH33"}
[ Tue Aug 15 2017 16:15:32 GMT+0800 (CST) ] time is 1572
[ Tue Aug 15 2017 16:15:32 GMT+0800 (CST) ] {"err":0,"msg":"JQtSNMNCspWBr1L96Pfd6dqwM75SfhwG4B"}
[ Tue Aug 15 2017 16:15:32 GMT+0800 (CST) ] time is 1573
[ Tue Aug 15 2017 16:15:32 GMT+0800 (CST) ] {"err":0,"msg":"JfTDFAZSMzbqjFjLyiVsWmDsbpJ6ourGVA"}
[ Tue Aug 15 2017 16:15:32 GMT+0800 (CST) ] time is 1574
[ Tue Aug 15 2017 16:15:32 GMT+0800 (CST) ] {"err":0,"msg":"Je3ohagCq1LF2CUUNyqS6rz6MNXP9mJ2TE"}
[ Tue Aug 15 2017 16:15:32 GMT+0800 (CST) ] time is 1575
[ Tue Aug 15 2017 16:15:32 GMT+0800 (CST) ] {"err":0,"msg":"JeWUQcYruUSwrS2hKtCYQfcRuLYWW9rRng"}
[ Tue Aug 15 2017 16:15:32 GMT+0800 (CST) ] time is 1576
[ Tue Aug 15 2017 16:15:32 GMT+0800 (CST) ] {"err":0,"msg":"JNN1oRthuygLouvjpAyV1Rfo2PQ7vdTfN8"}
[ Tue Aug 15 2017 16:15:32 GMT+0800 (CST) ] time is 1577
[ Tue Aug 15 2017 16:15:32 GMT+0800 (CST) ] {"err":0,"msg":"JVYSAYQnohCLTnQt555broY42kzz6cDjtY"}
[ Tue Aug 15 2017 16:15:32 GMT+0800 (CST) ] time is 1578
[ Tue Aug 15 2017 16:15:32 GMT+0800 (CST) ] {"err":0,"msg":"JgM3RwdpsqyDCkrLoQHPhitEgKe31NSvTz"}
[ Tue Aug 15 2017 16:15:32 GMT+0800 (CST) ] time is 1579
[ Tue Aug 15 2017 16:15:32 GMT+0800 (CST) ] {"err":0,"msg":"Jh2FqTGgUFi9LKdgkTVfVticbiwoPnM6mS"}
[ Tue Aug 15 2017 16:15:32 GMT+0800 (CST) ] time is 1580
[ Tue Aug 15 2017 16:15:32 GMT+0800 (CST) ] {"err":0,"msg":"JTu49maTHavcZ3fhkHoG2M1RcYxigx7Xna"}
[ Tue Aug 15 2017 16:15:32 GMT+0800 (CST) ] time is 1581
[ Tue Aug 15 2017 16:15:32 GMT+0800 (CST) ] {"err":0,"msg":"JRYFXuQ8S8yR6ML9Y45P1iPUXje61zgsDU"}
[ Tue Aug 15 2017 16:15:32 GMT+0800 (CST) ] time is 1582
[ Tue Aug 15 2017 16:15:32 GMT+0800 (CST) ] {"err":0,"msg":"JSNfWhy7GLqx6ZamNMwm8aZ8y32SNnUrP5"}
[ Tue Aug 15 2017 16:15:32 GMT+0800 (CST) ] time is 1583
[ Tue Aug 15 2017 16:15:32 GMT+0800 (CST) ] {"err":0,"msg":"JNDLQGoSKnC2DNDKveKTTXQppCSc8ujAjz"}
[ Tue Aug 15 2017 16:15:32 GMT+0800 (CST) ] time is 1584
[ Tue Aug 15 2017 16:15:32 GMT+0800 (CST) ] {"err":0,"msg":"JL95StMWmrbDyJfg7UAoLuaDivJBJjA6cf"}
[ Tue Aug 15 2017 16:15:32 GMT+0800 (CST) ] time is 1585
[ Tue Aug 15 2017 16:15:32 GMT+0800 (CST) ] {"err":0,"msg":"JM6dnUBcpEcRdyJfTcUTu25HDUYx1xiyuu"}
[ Tue Aug 15 2017 16:15:32 GMT+0800 (CST) ] time is 1586
[ Tue Aug 15 2017 16:15:32 GMT+0800 (CST) ] {"err":0,"msg":"JSrmCGd7oth9hyxfMRvWeXDW5Z83P2heuy"}
[ Tue Aug 15 2017 16:15:32 GMT+0800 (CST) ] time is 1587
[ Tue Aug 15 2017 16:15:32 GMT+0800 (CST) ] {"err":0,"msg":"Jdpvsp2RkFvUcQ7AHVWyKKiUaDPKZJKZnd"}
[ Tue Aug 15 2017 16:15:32 GMT+0800 (CST) ] time is 1588
[ Tue Aug 15 2017 16:15:32 GMT+0800 (CST) ] {"err":0,"msg":"JN1p67yQVeV2db9YTC1TnFECViFhKmE3ve"}
[ Tue Aug 15 2017 16:15:32 GMT+0800 (CST) ] time is 1589
[ Tue Aug 15 2017 16:15:32 GMT+0800 (CST) ] {"err":0,"msg":"JMsDvaznrGbq7a4so35obcmpVeCNdj6gud"}
[ Tue Aug 15 2017 16:15:32 GMT+0800 (CST) ] time is 1590
[ Tue Aug 15 2017 16:15:32 GMT+0800 (CST) ] {"err":0,"msg":"JgWPf2s39f8TasAyKZoXJk94YruGYrPE13"}
[ Tue Aug 15 2017 16:15:32 GMT+0800 (CST) ] time is 1591
[ Tue Aug 15 2017 16:15:32 GMT+0800 (CST) ] {"err":0,"msg":"JhawTMmHVYEPkdLbdv7Lrv3xhFi54d9iLA"}
[ Tue Aug 15 2017 16:15:32 GMT+0800 (CST) ] time is 1592
[ Tue Aug 15 2017 16:15:32 GMT+0800 (CST) ] {"err":0,"msg":"JUoG1m6zad8UGjX1yijtQ5yHarSHxHT49N"}
[ Tue Aug 15 2017 16:15:32 GMT+0800 (CST) ] time is 1593
[ Tue Aug 15 2017 16:15:32 GMT+0800 (CST) ] {"err":0,"msg":"JevW5Vv7RzSkxYTWBxmg2ZgaVJM2h9c16y"}
[ Tue Aug 15 2017 16:15:33 GMT+0800 (CST) ] time is 1594
[ Tue Aug 15 2017 16:15:33 GMT+0800 (CST) ] {"err":0,"msg":"JhXMS8VxZJ9dCcgnMykBJmYWtCq8cNoa6A"}
[ Tue Aug 15 2017 16:15:33 GMT+0800 (CST) ] time is 1595
[ Tue Aug 15 2017 16:15:33 GMT+0800 (CST) ] {"err":0,"msg":"JZaWgapudkNPdY83XHGnd8a993RQNXNMkn"}
[ Tue Aug 15 2017 16:15:33 GMT+0800 (CST) ] time is 1596
[ Tue Aug 15 2017 16:15:33 GMT+0800 (CST) ] {"err":0,"msg":"JRq5oEzDtaRmDY43HiMUMHnYwkQjmcoTT6"}
[ Tue Aug 15 2017 16:15:33 GMT+0800 (CST) ] time is 1597
[ Tue Aug 15 2017 16:15:33 GMT+0800 (CST) ] {"err":0,"msg":"JcWFU4hbBrxn9njEJ3Zm33rueZkN8NFHS1"}
[ Tue Aug 15 2017 16:15:33 GMT+0800 (CST) ] time is 1598
[ Tue Aug 15 2017 16:15:33 GMT+0800 (CST) ] {"err":0,"msg":"JZww3dJvpUgdhQDmj1VmXEwfrAoHPYz8VC"}
[ Tue Aug 15 2017 16:15:33 GMT+0800 (CST) ] time is 1599
[ Tue Aug 15 2017 16:15:33 GMT+0800 (CST) ] {"err":0,"msg":"JL9z9SogjrNiRfGGGK94kkWrfhDiEbFrJq"}
[ Tue Aug 15 2017 16:15:33 GMT+0800 (CST) ] time is 1600
[ Tue Aug 15 2017 16:15:33 GMT+0800 (CST) ] {"err":0,"msg":"JTEpUkUSjf7ZF3eNQPZnvieJ5EUSFLuWwM"}
[ Tue Aug 15 2017 16:15:33 GMT+0800 (CST) ] time is 1601
[ Tue Aug 15 2017 16:15:33 GMT+0800 (CST) ] {"err":0,"msg":"JN5984SAkbwB5Z3WxQ4mT1HJkfb2CH8ky6"}
[ Tue Aug 15 2017 16:15:33 GMT+0800 (CST) ] time is 1602
[ Tue Aug 15 2017 16:15:33 GMT+0800 (CST) ] {"err":0,"msg":"JWBLMgVaZ99q5YhG7UxVNnZKDbPSik3oeK"}
[ Tue Aug 15 2017 16:15:33 GMT+0800 (CST) ] time is 1603
[ Tue Aug 15 2017 16:15:33 GMT+0800 (CST) ] {"err":0,"msg":"JcuUarWLYcCMbFLf87xUPM2bRk2c4p9gNx"}
[ Tue Aug 15 2017 16:15:33 GMT+0800 (CST) ] time is 1604
[ Tue Aug 15 2017 16:15:33 GMT+0800 (CST) ] {"err":0,"msg":"JbH93QXZSzDHSuHsQW6vZexA4d83niKQtw"}
[ Tue Aug 15 2017 16:15:33 GMT+0800 (CST) ] time is 1605
[ Tue Aug 15 2017 16:15:33 GMT+0800 (CST) ] {"err":0,"msg":"Jd18effzLH7zdfTiLNtsySqgYu7bX6ws44"}
[ Tue Aug 15 2017 16:15:33 GMT+0800 (CST) ] time is 1606
[ Tue Aug 15 2017 16:15:33 GMT+0800 (CST) ] {"err":0,"msg":"JYKZ3tuwJyJ4J7LPWfgZbRiRvD4pnfJBDM"}
[ Tue Aug 15 2017 16:15:33 GMT+0800 (CST) ] time is 1607
[ Tue Aug 15 2017 16:15:33 GMT+0800 (CST) ] {"err":0,"msg":"Jh9CeQFU2Vz2DYCzcqtiizxduS1ttMvh2s"}
[ Tue Aug 15 2017 16:15:33 GMT+0800 (CST) ] time is 1608
[ Tue Aug 15 2017 16:15:33 GMT+0800 (CST) ] {"err":0,"msg":"JRHyaucr287HkJynT4rJg4xt7U8G26K8p6"}
[ Tue Aug 15 2017 16:15:33 GMT+0800 (CST) ] time is 1609
[ Tue Aug 15 2017 16:15:33 GMT+0800 (CST) ] {"err":0,"msg":"JexuZe3dNS8yWqDJAmWP15qU7bnAAaBQV9"}
[ Tue Aug 15 2017 16:15:33 GMT+0800 (CST) ] time is 1610
[ Tue Aug 15 2017 16:15:33 GMT+0800 (CST) ] {"err":0,"msg":"JZLpH99KzpJZ6PssL2Pw2YaABciygJjczM"}
[ Tue Aug 15 2017 16:15:33 GMT+0800 (CST) ] time is 1611
[ Tue Aug 15 2017 16:15:33 GMT+0800 (CST) ] {"err":0,"msg":"JLu5QgtZ21PpJS2jemP1BtPdp6bkWdhs4o"}
[ Tue Aug 15 2017 16:15:33 GMT+0800 (CST) ] time is 1612
[ Tue Aug 15 2017 16:15:33 GMT+0800 (CST) ] {"err":0,"msg":"JJuTEMcKnny5jjbYmokkJdH1LsKqU72pY6"}
[ Tue Aug 15 2017 16:15:33 GMT+0800 (CST) ] time is 1613
[ Tue Aug 15 2017 16:15:33 GMT+0800 (CST) ] {"err":0,"msg":"JLymCxpkJLyDN4dbwM5UdpXoQc3fECByun"}
[ Tue Aug 15 2017 16:15:33 GMT+0800 (CST) ] time is 1614
[ Tue Aug 15 2017 16:15:33 GMT+0800 (CST) ] {"err":0,"msg":"JciPefsJFkjAyRHk8gMnzfmGiCXxAvFC4L"}
[ Tue Aug 15 2017 16:15:33 GMT+0800 (CST) ] time is 1615
[ Tue Aug 15 2017 16:15:33 GMT+0800 (CST) ] {"err":0,"msg":"JPze7M745KCtiB8yDgXJfCvrhcw3JZY15o"}
[ Tue Aug 15 2017 16:15:33 GMT+0800 (CST) ] time is 1616
[ Tue Aug 15 2017 16:15:33 GMT+0800 (CST) ] {"err":0,"msg":"JPkaWt5MY2w4AWGWDS9XaqXSBMuuSUpkxs"}
[ Tue Aug 15 2017 16:15:33 GMT+0800 (CST) ] time is 1617
[ Tue Aug 15 2017 16:15:33 GMT+0800 (CST) ] {"err":0,"msg":"JPhNddbVwb2yUuxRgMcXRjcTWt9zGUL5JJ"}
[ Tue Aug 15 2017 16:15:33 GMT+0800 (CST) ] time is 1618
[ Tue Aug 15 2017 16:15:33 GMT+0800 (CST) ] {"err":0,"msg":"JWtKYQayV5jXxVZePHzxMbJtKTHF44HuuE"}
[ Tue Aug 15 2017 16:15:33 GMT+0800 (CST) ] time is 1619
[ Tue Aug 15 2017 16:15:33 GMT+0800 (CST) ] {"err":0,"msg":"JRu4A7YrxvZwUdxaaWj4BqLJBmyFk8Wn7J"}
[ Tue Aug 15 2017 16:15:33 GMT+0800 (CST) ] time is 1620
[ Tue Aug 15 2017 16:15:33 GMT+0800 (CST) ] {"err":0,"msg":"JKAP2mtbwDSNRqFG9mMU6PgXTVW6AjtVKN"}
[ Tue Aug 15 2017 16:15:33 GMT+0800 (CST) ] time is 1621
[ Tue Aug 15 2017 16:15:33 GMT+0800 (CST) ] {"err":0,"msg":"JJix5CFT175uBWTMG5BMnHae4p3SUBm8Gm"}
[ Tue Aug 15 2017 16:15:33 GMT+0800 (CST) ] time is 1622
[ Tue Aug 15 2017 16:15:33 GMT+0800 (CST) ] {"err":0,"msg":"JgbJvdkCrHWni4qj1wCm4wMfvr33nS4tp9"}
[ Tue Aug 15 2017 16:15:33 GMT+0800 (CST) ] time is 1623
[ Tue Aug 15 2017 16:15:33 GMT+0800 (CST) ] {"err":0,"msg":"JSFHgsPsgbojueR2p1fdH1Z3BgoUL7qMfH"}
[ Tue Aug 15 2017 16:15:33 GMT+0800 (CST) ] time is 1624
[ Tue Aug 15 2017 16:15:33 GMT+0800 (CST) ] {"err":0,"msg":"JXeUnkVUdTh7AjHdZ3nZsdT9wpPSapW3kh"}
[ Tue Aug 15 2017 16:15:33 GMT+0800 (CST) ] time is 1625
[ Tue Aug 15 2017 16:15:33 GMT+0800 (CST) ] {"err":0,"msg":"JQjHRMHY1vCMtVEFa4s2hvJXbGgRVdgyn1"}
[ Tue Aug 15 2017 16:15:33 GMT+0800 (CST) ] time is 1626
[ Tue Aug 15 2017 16:15:33 GMT+0800 (CST) ] {"err":0,"msg":"JavvGv57tP2LFGwabfxyS91dc59So5yt9Z"}
[ Tue Aug 15 2017 16:15:33 GMT+0800 (CST) ] time is 1627
[ Tue Aug 15 2017 16:15:33 GMT+0800 (CST) ] {"err":0,"msg":"JZuw6QsPmdDescsJKToQPxKDtSDmuZ8vPf"}
[ Tue Aug 15 2017 16:15:33 GMT+0800 (CST) ] time is 1628
[ Tue Aug 15 2017 16:15:33 GMT+0800 (CST) ] {"err":0,"msg":"JhX7KSYe3dWY38PPoSCTgEQtXawZRYKmJQ"}
[ Tue Aug 15 2017 16:15:34 GMT+0800 (CST) ] time is 1629
[ Tue Aug 15 2017 16:15:34 GMT+0800 (CST) ] {"err":0,"msg":"JNqaSHWavfX3fwuTyRVvMCiMQpWAdMqBBk"}
[ Tue Aug 15 2017 16:15:34 GMT+0800 (CST) ] time is 1630
[ Tue Aug 15 2017 16:15:34 GMT+0800 (CST) ] {"err":0,"msg":"JSAhyXD2HtVC8aRJXAbSSKRykZAwkLqyCc"}
[ Tue Aug 15 2017 16:15:34 GMT+0800 (CST) ] time is 1631
[ Tue Aug 15 2017 16:15:34 GMT+0800 (CST) ] {"err":0,"msg":"JMnVvRqVdBXoZkCwFj4xsK9WHCpSjUN798"}
[ Tue Aug 15 2017 16:15:34 GMT+0800 (CST) ] time is 1632
[ Tue Aug 15 2017 16:15:34 GMT+0800 (CST) ] {"err":0,"msg":"JeJsbBddRT1NwYYyCY7HArPfRTNMD8fgUS"}
[ Tue Aug 15 2017 16:15:34 GMT+0800 (CST) ] time is 1633
[ Tue Aug 15 2017 16:15:34 GMT+0800 (CST) ] {"err":0,"msg":"JQdwoFszoC54FdZWEvXDUi1z7nqkvD6uvk"}
[ Tue Aug 15 2017 16:15:34 GMT+0800 (CST) ] time is 1634
[ Tue Aug 15 2017 16:15:34 GMT+0800 (CST) ] {"err":0,"msg":"Jh56ks78EUDsUQfzo7yw1cGz5UQsaE55x9"}
[ Tue Aug 15 2017 16:15:34 GMT+0800 (CST) ] time is 1635
[ Tue Aug 15 2017 16:15:34 GMT+0800 (CST) ] {"err":0,"msg":"JZMGwKhL2jZqpuvXMdESoDCuoBPWZyWuAm"}
[ Tue Aug 15 2017 16:15:34 GMT+0800 (CST) ] time is 1636
[ Tue Aug 15 2017 16:15:34 GMT+0800 (CST) ] {"err":0,"msg":"JdSWM5h1mzmkEVHVbfaddeZxTTyAXbedGP"}
[ Tue Aug 15 2017 16:15:34 GMT+0800 (CST) ] time is 1637
[ Tue Aug 15 2017 16:15:34 GMT+0800 (CST) ] {"err":0,"msg":"JYaRChFxDi9xwGivxqStwqxbKNLGarpiTV"}
[ Tue Aug 15 2017 16:15:34 GMT+0800 (CST) ] time is 1638
[ Tue Aug 15 2017 16:15:34 GMT+0800 (CST) ] {"err":0,"msg":"JLR13SSc3dmDhyM55KqUaaoJS3DjpKxuxd"}
[ Tue Aug 15 2017 16:15:34 GMT+0800 (CST) ] {"err":0,"msg":"JgqnRgWawwGEioCWBGFeYTANerZQoBBPzx"}
[ Tue Aug 15 2017 16:15:34 GMT+0800 (CST) ] time is 1639
[ Tue Aug 15 2017 16:15:34 GMT+0800 (CST) ] time is 1640
[ Tue Aug 15 2017 16:15:34 GMT+0800 (CST) ] {"err":0,"msg":"JYKUtoTqfCYA73T4dgPCiRkpRfQ4Pcu1Lf"}
[ Tue Aug 15 2017 16:15:34 GMT+0800 (CST) ] time is 1641
[ Tue Aug 15 2017 16:15:34 GMT+0800 (CST) ] {"err":0,"msg":"JQFW2Xd6WvJhytygRo8G2wMesZx6NCeovJ"}
[ Tue Aug 15 2017 16:15:34 GMT+0800 (CST) ] time is 1642
[ Tue Aug 15 2017 16:15:34 GMT+0800 (CST) ] {"err":0,"msg":"JXq11GCRCHgQTLUcSifgVTK1hEvRJUAZjZ"}
[ Tue Aug 15 2017 16:15:34 GMT+0800 (CST) ] time is 1643
[ Tue Aug 15 2017 16:15:34 GMT+0800 (CST) ] {"err":0,"msg":"JL9r7k4o2hgfpCn55fMwA6e6tUQFH9mnmm"}
[ Tue Aug 15 2017 16:15:34 GMT+0800 (CST) ] time is 1644
[ Tue Aug 15 2017 16:15:34 GMT+0800 (CST) ] {"err":0,"msg":"JXSgKfzA2AUyHjuc8o4SgEiLaRbJ8QT4JQ"}
[ Tue Aug 15 2017 16:15:34 GMT+0800 (CST) ] time is 1645
[ Tue Aug 15 2017 16:15:34 GMT+0800 (CST) ] {"err":0,"msg":"JVPVP4KojsVzwr67HrJay9M4iiEdswoENU"}
[ Tue Aug 15 2017 16:15:34 GMT+0800 (CST) ] time is 1646
[ Tue Aug 15 2017 16:15:34 GMT+0800 (CST) ] {"err":0,"msg":"JXej25BmypVNicCEKdD1z2hqEojH72q2EH"}
[ Tue Aug 15 2017 16:15:34 GMT+0800 (CST) ] time is 1647
[ Tue Aug 15 2017 16:15:34 GMT+0800 (CST) ] {"err":0,"msg":"JanbPwhsrMqurz8UvsVdRFiVxeSbf8MdrX"}
[ Tue Aug 15 2017 16:15:34 GMT+0800 (CST) ] time is 1648
[ Tue Aug 15 2017 16:15:34 GMT+0800 (CST) ] {"err":0,"msg":"JcfBfEyRsi4nJtPMKuh9yXiKTouJENchME"}
[ Tue Aug 15 2017 16:15:34 GMT+0800 (CST) ] time is 1649
[ Tue Aug 15 2017 16:15:34 GMT+0800 (CST) ] {"err":0,"msg":"JhS7MUkKeKK5WfJhJLSJZAUedFkBfbggjK"}
[ Tue Aug 15 2017 16:15:34 GMT+0800 (CST) ] time is 1650
[ Tue Aug 15 2017 16:15:34 GMT+0800 (CST) ] {"err":0,"msg":"JN4Z3mfrrRJ2vxxJ6W8LwiW5k548eqtXJM"}
[ Tue Aug 15 2017 16:15:34 GMT+0800 (CST) ] time is 1651
[ Tue Aug 15 2017 16:15:34 GMT+0800 (CST) ] {"err":0,"msg":"JQx1Eqx9FBjBPuF7HUcFSXxKXTRcPDKRtt"}
[ Tue Aug 15 2017 16:15:34 GMT+0800 (CST) ] time is 1652
[ Tue Aug 15 2017 16:15:34 GMT+0800 (CST) ] {"err":0,"msg":"JcZKuPyZAS4h11eUXWThzDzkbjo11Xk9wX"}
[ Tue Aug 15 2017 16:15:34 GMT+0800 (CST) ] time is 1653
[ Tue Aug 15 2017 16:15:34 GMT+0800 (CST) ] {"err":0,"msg":"JgGoLLDSGFBxjtaUWDwPtBsbiD57p4H19W"}
[ Tue Aug 15 2017 16:15:34 GMT+0800 (CST) ] time is 1654
[ Tue Aug 15 2017 16:15:34 GMT+0800 (CST) ] {"err":0,"msg":"Jg3TK9d5r1EStSMtTHFPrxiLgQbbt6vKGA"}
[ Tue Aug 15 2017 16:15:34 GMT+0800 (CST) ] time is 1655
[ Tue Aug 15 2017 16:15:34 GMT+0800 (CST) ] {"err":0,"msg":"JYYNmRqVqLLos3b9h3gCjCEsq2TEEZYiVd"}
[ Tue Aug 15 2017 16:15:34 GMT+0800 (CST) ] time is 1656
[ Tue Aug 15 2017 16:15:34 GMT+0800 (CST) ] {"err":0,"msg":"JPwX6DTYAHtgXSyJMr5j2Y8WQ12uzura2R"}
[ Tue Aug 15 2017 16:15:34 GMT+0800 (CST) ] time is 1657
[ Tue Aug 15 2017 16:15:34 GMT+0800 (CST) ] {"err":0,"msg":"Jfk9uPPDj1V9YsXG4WawihEWCeSTY4hDi2"}
[ Tue Aug 15 2017 16:15:34 GMT+0800 (CST) ] time is 1658
[ Tue Aug 15 2017 16:15:34 GMT+0800 (CST) ] {"err":0,"msg":"JY7hGk68KGjQ3tJMiv7FhKKszhhhb21xb6"}
[ Tue Aug 15 2017 16:15:34 GMT+0800 (CST) ] time is 1659
[ Tue Aug 15 2017 16:15:34 GMT+0800 (CST) ] {"err":0,"msg":"Jd2vH3hqNw9zEEziJ5jXU8L8oS1Jd9FnBs"}
[ Tue Aug 15 2017 16:15:34 GMT+0800 (CST) ] time is 1660
[ Tue Aug 15 2017 16:15:34 GMT+0800 (CST) ] {"err":0,"msg":"JZqpyh4JvqZqgatR4iLzqH1AdCiiUnPMeU"}
[ Tue Aug 15 2017 16:15:34 GMT+0800 (CST) ] time is 1661
[ Tue Aug 15 2017 16:15:34 GMT+0800 (CST) ] {"err":0,"msg":"JLeftyFkKNRifyHoNhqanMZYtpNN42qM5s"}
[ Tue Aug 15 2017 16:15:34 GMT+0800 (CST) ] time is 1662
[ Tue Aug 15 2017 16:15:34 GMT+0800 (CST) ] {"err":0,"msg":"Ja6KzbJYZGMuoKEZG48j9X2mP5UV5JV9Nr"}
[ Tue Aug 15 2017 16:15:34 GMT+0800 (CST) ] time is 1663
[ Tue Aug 15 2017 16:15:34 GMT+0800 (CST) ] {"err":0,"msg":"JbsWjeJ11G1bJ2oJjmA78Jq1ojrXsJ85Da"}
[ Tue Aug 15 2017 16:15:34 GMT+0800 (CST) ] time is 1664
[ Tue Aug 15 2017 16:15:34 GMT+0800 (CST) ] {"err":0,"msg":"Jh3q2XLYfjhGXxN5L5P7dU964NDYhVCHXq"}
[ Tue Aug 15 2017 16:15:35 GMT+0800 (CST) ] time is 1665
[ Tue Aug 15 2017 16:15:35 GMT+0800 (CST) ] {"err":0,"msg":"JMaE4vmaqm8s9vpMgkhfXMCBvmprpP1dZS"}
[ Tue Aug 15 2017 16:15:35 GMT+0800 (CST) ] time is 1666
[ Tue Aug 15 2017 16:15:35 GMT+0800 (CST) ] {"err":0,"msg":"JU8d1eGt7L3TNHRXnvZ3LnYFfsLMD9MAk8"}
[ Tue Aug 15 2017 16:15:35 GMT+0800 (CST) ] time is 1667
[ Tue Aug 15 2017 16:15:35 GMT+0800 (CST) ] {"err":0,"msg":"JKwApQSUHxniu8zhi5a9PtkRcq66GxaFgu"}
[ Tue Aug 15 2017 16:15:35 GMT+0800 (CST) ] time is 1668
[ Tue Aug 15 2017 16:15:35 GMT+0800 (CST) ] {"err":0,"msg":"JgrrVYLoB2xUxQEqt6LTRZ6JntGwftmWPz"}
[ Tue Aug 15 2017 16:15:35 GMT+0800 (CST) ] time is 1669
[ Tue Aug 15 2017 16:15:35 GMT+0800 (CST) ] {"err":0,"msg":"JM1JRC4XddnpA9hh2qFeiZmko1G2xZHsno"}
[ Tue Aug 15 2017 16:15:35 GMT+0800 (CST) ] time is 1670
[ Tue Aug 15 2017 16:15:35 GMT+0800 (CST) ] {"err":0,"msg":"JMVQyuEFyEeJ2LcoBJMctqTEswzrdZnrcJ"}
[ Tue Aug 15 2017 16:15:35 GMT+0800 (CST) ] time is 1671
[ Tue Aug 15 2017 16:15:35 GMT+0800 (CST) ] {"err":0,"msg":"JKPf1ExYa91r4z9h3zEnGPHTZJQMtvhHpo"}
[ Tue Aug 15 2017 16:15:35 GMT+0800 (CST) ] time is 1672
[ Tue Aug 15 2017 16:15:35 GMT+0800 (CST) ] {"err":0,"msg":"JaXgUiytCDnRmhQoKBcxmLkppdTRQEKyRN"}
[ Tue Aug 15 2017 16:15:35 GMT+0800 (CST) ] time is 1673
[ Tue Aug 15 2017 16:15:35 GMT+0800 (CST) ] {"err":0,"msg":"JKeoTEjyk3JKYuKmeev1jyJEgewxhTzqza"}
[ Tue Aug 15 2017 16:15:35 GMT+0800 (CST) ] {"err":0,"msg":"JaNYndhYUbEjPshwJAakCD2DdWKaw4EnMp"}
[ Tue Aug 15 2017 16:15:35 GMT+0800 (CST) ] time is 1674
[ Tue Aug 15 2017 16:15:35 GMT+0800 (CST) ] time is 1675
[ Tue Aug 15 2017 16:15:35 GMT+0800 (CST) ] {"err":0,"msg":"JdESok8XYVqz3B6pZGPcttPy8qraBSxpkw"}
[ Tue Aug 15 2017 16:15:35 GMT+0800 (CST) ] time is 1676
[ Tue Aug 15 2017 16:15:35 GMT+0800 (CST) ] {"err":0,"msg":"Jb3d2TVCspQjQQbHznjkbtmFT4d4G1VZzz"}
[ Tue Aug 15 2017 16:15:35 GMT+0800 (CST) ] time is 1677
[ Tue Aug 15 2017 16:15:35 GMT+0800 (CST) ] {"err":0,"msg":"JXNmD1BDTxqVk9MMfK5uhywDYLEhreMnZD"}
[ Tue Aug 15 2017 16:15:35 GMT+0800 (CST) ] time is 1678
[ Tue Aug 15 2017 16:15:35 GMT+0800 (CST) ] {"err":0,"msg":"JKcfjmQfRDWi1YjZJeo3apzdTdgWZMCVyk"}
[ Tue Aug 15 2017 16:15:35 GMT+0800 (CST) ] time is 1679
[ Tue Aug 15 2017 16:15:35 GMT+0800 (CST) ] {"err":0,"msg":"JaB87N43PQarhZ5F8VxsGNT7ju8a8GaPBH"}
[ Tue Aug 15 2017 16:15:35 GMT+0800 (CST) ] time is 1680
[ Tue Aug 15 2017 16:15:35 GMT+0800 (CST) ] {"err":0,"msg":"JefQ7AnUxnCgju1yVLP677QLS5QvjkBzro"}
[ Tue Aug 15 2017 16:15:35 GMT+0800 (CST) ] time is 1681
[ Tue Aug 15 2017 16:15:35 GMT+0800 (CST) ] {"err":0,"msg":"Jffs44DZBbfastoMMLrsRGHDeXeadLNFGY"}
[ Tue Aug 15 2017 16:15:35 GMT+0800 (CST) ] time is 1682
[ Tue Aug 15 2017 16:15:35 GMT+0800 (CST) ] {"err":0,"msg":"JgYrDh7YxXiuy2ggmqg3hDi9Kum1PjtC2U"}
[ Tue Aug 15 2017 16:15:35 GMT+0800 (CST) ] time is 1683
[ Tue Aug 15 2017 16:15:35 GMT+0800 (CST) ] {"err":0,"msg":"JNx7oHiGWSE5RAhFrc6ZUgfwNu9v3KLcVJ"}
[ Tue Aug 15 2017 16:15:35 GMT+0800 (CST) ] time is 1684
[ Tue Aug 15 2017 16:15:35 GMT+0800 (CST) ] {"err":0,"msg":"JhUgp7bkZhPxGwWNJvAcKG7QL3pnkCUy3f"}
[ Tue Aug 15 2017 16:15:35 GMT+0800 (CST) ] time is 1685
[ Tue Aug 15 2017 16:15:35 GMT+0800 (CST) ] {"err":0,"msg":"JSprdSPrhoBMNrnrVjSUtDzYtpVTQx5WKp"}
[ Tue Aug 15 2017 16:15:35 GMT+0800 (CST) ] time is 1686
[ Tue Aug 15 2017 16:15:35 GMT+0800 (CST) ] {"err":0,"msg":"JKFVmZ59KGw717UYDU3TU68wChgEd3Mj7x"}
[ Tue Aug 15 2017 16:15:35 GMT+0800 (CST) ] time is 1687
[ Tue Aug 15 2017 16:15:35 GMT+0800 (CST) ] {"err":0,"msg":"Jf7PwacxT4TEwgNSPBzJFVhXPrJSSKY5c1"}
[ Tue Aug 15 2017 16:15:35 GMT+0800 (CST) ] time is 1688
[ Tue Aug 15 2017 16:15:35 GMT+0800 (CST) ] {"err":0,"msg":"JbojCP8JDsTnpbpamUvNwgew9cvduQxcVJ"}
[ Tue Aug 15 2017 16:15:35 GMT+0800 (CST) ] time is 1689
[ Tue Aug 15 2017 16:15:35 GMT+0800 (CST) ] {"err":0,"msg":"JMHvnt1TPvwCPGjNjfumxUS5HzSeDc8Pzn"}
[ Tue Aug 15 2017 16:15:35 GMT+0800 (CST) ] time is 1690
[ Tue Aug 15 2017 16:15:35 GMT+0800 (CST) ] {"err":0,"msg":"JasjRjWZDE8fKqVjEA8QsihJYgWtqH71ps"}
[ Tue Aug 15 2017 16:15:35 GMT+0800 (CST) ] time is 1691
[ Tue Aug 15 2017 16:15:35 GMT+0800 (CST) ] {"err":0,"msg":"JMtWkHyp3xBeWU6wRQPWbnjRW1WLmeF8Rj"}
[ Tue Aug 15 2017 16:15:35 GMT+0800 (CST) ] time is 1692
[ Tue Aug 15 2017 16:15:35 GMT+0800 (CST) ] {"err":0,"msg":"JNVhLKu2zSiVJNrafrPE4kQdQyoAmDhwDj"}
[ Tue Aug 15 2017 16:15:35 GMT+0800 (CST) ] time is 1693
[ Tue Aug 15 2017 16:15:35 GMT+0800 (CST) ] {"err":0,"msg":"JQsZCWTa2N4hyGSbN66DbSNkeC2BM1QDqU"}
[ Tue Aug 15 2017 16:15:35 GMT+0800 (CST) ] time is 1694
[ Tue Aug 15 2017 16:15:35 GMT+0800 (CST) ] {"err":0,"msg":"JYk6g7tc8p3rGdB5w8khBKhkYsfLJKKsBw"}
[ Tue Aug 15 2017 16:15:35 GMT+0800 (CST) ] time is 1695
[ Tue Aug 15 2017 16:15:35 GMT+0800 (CST) ] {"err":0,"msg":"Jh1HH3iMhsyTU158Lrk4gKPf5veAuLeQN3"}
[ Tue Aug 15 2017 16:15:35 GMT+0800 (CST) ] time is 1696
[ Tue Aug 15 2017 16:15:35 GMT+0800 (CST) ] {"err":0,"msg":"JcE92kGYc3sstg9pWsqZYPUTiu3a42b5a4"}
[ Tue Aug 15 2017 16:15:35 GMT+0800 (CST) ] time is 1697
[ Tue Aug 15 2017 16:15:35 GMT+0800 (CST) ] {"err":0,"msg":"JKfWXiSNac8d8yJUWan8o1boHy8aGvfezY"}
[ Tue Aug 15 2017 16:15:35 GMT+0800 (CST) ] time is 1698
[ Tue Aug 15 2017 16:15:35 GMT+0800 (CST) ] {"err":0,"msg":"JZVcMs1eK2x1go69xXCi24cVHoN8RRPtGH"}
[ Tue Aug 15 2017 16:15:35 GMT+0800 (CST) ] time is 1699
[ Tue Aug 15 2017 16:15:35 GMT+0800 (CST) ] {"err":0,"msg":"JVZTEAy5bHEkV2zrKWiHNTgpgxm6HRjn7c"}
[ Tue Aug 15 2017 16:15:35 GMT+0800 (CST) ] time is 1700
[ Tue Aug 15 2017 16:15:35 GMT+0800 (CST) ] {"err":0,"msg":"JRKaMK4bPkX15CWmX6r4vtzhg7hLPzHDSd"}
[ Tue Aug 15 2017 16:15:36 GMT+0800 (CST) ] time is 1701
[ Tue Aug 15 2017 16:15:36 GMT+0800 (CST) ] {"err":0,"msg":"JZhTcovPgtc9rhdf4V6Nw6WWqXcAsrU7CC"}
[ Tue Aug 15 2017 16:15:36 GMT+0800 (CST) ] time is 1702
[ Tue Aug 15 2017 16:15:36 GMT+0800 (CST) ] {"err":0,"msg":"JfmmiK4TdDj9BHdGautKjpnvE3iwcQDzi3"}
[ Tue Aug 15 2017 16:15:36 GMT+0800 (CST) ] time is 1703
[ Tue Aug 15 2017 16:15:36 GMT+0800 (CST) ] {"err":0,"msg":"JVPgY7ppD9fyn5yVhfFHtamdFu2TPcoGAR"}
[ Tue Aug 15 2017 16:15:36 GMT+0800 (CST) ] time is 1704
[ Tue Aug 15 2017 16:15:36 GMT+0800 (CST) ] {"err":0,"msg":"JTEDLNHwckUB2WWjij4cvENnR58XwyicUi"}
[ Tue Aug 15 2017 16:15:36 GMT+0800 (CST) ] time is 1705
[ Tue Aug 15 2017 16:15:36 GMT+0800 (CST) ] {"err":0,"msg":"JU9KjUJJu2gumHxNE3RgGF99J3KxnpEAAn"}
[ Tue Aug 15 2017 16:15:36 GMT+0800 (CST) ] time is 1706
[ Tue Aug 15 2017 16:15:36 GMT+0800 (CST) ] {"err":0,"msg":"JdeZVPSUcCAJWVuPDnvDyCRMpfUtj8e1fC"}
[ Tue Aug 15 2017 16:15:36 GMT+0800 (CST) ] time is 1707
[ Tue Aug 15 2017 16:15:36 GMT+0800 (CST) ] {"err":0,"msg":"JTmuox41uqKc43wEmGaPtcYZUcCCQMEhzw"}
[ Tue Aug 15 2017 16:15:36 GMT+0800 (CST) ] time is 1708
[ Tue Aug 15 2017 16:15:36 GMT+0800 (CST) ] {"err":0,"msg":"JMvDDu7JcJT2Vg3mBF1AsjK17dzUdN2hvd"}
[ Tue Aug 15 2017 16:15:36 GMT+0800 (CST) ] time is 1709
[ Tue Aug 15 2017 16:15:36 GMT+0800 (CST) ] {"err":0,"msg":"JcHjuPRw6T9Gecy8BmF5phCJymu8nYMa3w"}
[ Tue Aug 15 2017 16:15:36 GMT+0800 (CST) ] time is 1710
[ Tue Aug 15 2017 16:15:36 GMT+0800 (CST) ] {"err":0,"msg":"JcFHCkEQTZ4s6kNZyExPKELPrzMgM5oicr"}
[ Tue Aug 15 2017 16:15:36 GMT+0800 (CST) ] time is 1711
[ Tue Aug 15 2017 16:15:36 GMT+0800 (CST) ] {"err":0,"msg":"JKsbqNBGTsnof3GFZJjuotHfUUbtBy6k2G"}
[ Tue Aug 15 2017 16:15:36 GMT+0800 (CST) ] time is 1712
[ Tue Aug 15 2017 16:15:36 GMT+0800 (CST) ] {"err":0,"msg":"JZNryvtm9TyU2qzkDHVrMyRoQ42dx2cMDr"}
[ Tue Aug 15 2017 16:15:36 GMT+0800 (CST) ] time is 1713
[ Tue Aug 15 2017 16:15:36 GMT+0800 (CST) ] {"err":0,"msg":"JcyBaYD149EkSn7MnEYP6h5GGDCT9fKqAv"}
[ Tue Aug 15 2017 16:15:36 GMT+0800 (CST) ] time is 1714
[ Tue Aug 15 2017 16:15:36 GMT+0800 (CST) ] {"err":0,"msg":"Jd4Sti6ZxAXsLG2YYcXQ7TzyWp5B6kWq4i"}
[ Tue Aug 15 2017 16:15:36 GMT+0800 (CST) ] time is 1715
[ Tue Aug 15 2017 16:15:36 GMT+0800 (CST) ] {"err":0,"msg":"JXEmvTCZDvPw731TEkUi6fjWw9chtKxKMW"}
[ Tue Aug 15 2017 16:15:36 GMT+0800 (CST) ] time is 1716
[ Tue Aug 15 2017 16:15:36 GMT+0800 (CST) ] {"err":0,"msg":"Jg5oskKm5cP9jAZvX7AsScfrUkAp6iKFWU"}
[ Tue Aug 15 2017 16:15:36 GMT+0800 (CST) ] time is 1717
[ Tue Aug 15 2017 16:15:36 GMT+0800 (CST) ] {"err":0,"msg":"JdJ7dtVmEf68h8aJHZWfYsL2Gt4NmTRobk"}
[ Tue Aug 15 2017 16:15:36 GMT+0800 (CST) ] time is 1718
[ Tue Aug 15 2017 16:15:36 GMT+0800 (CST) ] {"err":0,"msg":"JaUjE4cASUbiM4zsAk5z7jtV1aFnGZtqYn"}
[ Tue Aug 15 2017 16:15:36 GMT+0800 (CST) ] time is 1719
[ Tue Aug 15 2017 16:15:36 GMT+0800 (CST) ] {"err":0,"msg":"JWfnjpiky7JQNadVfMseaqp52fbfcRsm5Q"}
[ Tue Aug 15 2017 16:15:36 GMT+0800 (CST) ] time is 1720
[ Tue Aug 15 2017 16:15:36 GMT+0800 (CST) ] {"err":0,"msg":"JYb5j9q1kUWw6TYPfD4Gh7oy42LTzorJun"}
[ Tue Aug 15 2017 16:15:36 GMT+0800 (CST) ] time is 1721
[ Tue Aug 15 2017 16:15:36 GMT+0800 (CST) ] {"err":0,"msg":"JLmAaCP1EHhBLgqyifCuaUb9Tw2rANPTer"}
[ Tue Aug 15 2017 16:15:36 GMT+0800 (CST) ] time is 1722
[ Tue Aug 15 2017 16:15:36 GMT+0800 (CST) ] {"err":0,"msg":"JRPTFDj6oiyJNGrJjYc7w1XVzkeFZ3Bjmp"}
[ Tue Aug 15 2017 16:15:36 GMT+0800 (CST) ] time is 1723
[ Tue Aug 15 2017 16:15:36 GMT+0800 (CST) ] {"err":0,"msg":"JNisrGkaDs75S6Zmr8pouBJB2z2P2oKGQ7"}
[ Tue Aug 15 2017 16:15:36 GMT+0800 (CST) ] time is 1724
[ Tue Aug 15 2017 16:15:36 GMT+0800 (CST) ] {"err":0,"msg":"JffDKi7re1Hp8f5Q7Tjaaq3jZcCXeojauu"}
[ Tue Aug 15 2017 16:15:36 GMT+0800 (CST) ] time is 1725
[ Tue Aug 15 2017 16:15:36 GMT+0800 (CST) ] {"err":0,"msg":"JVREnJw2MdrHxkA7PhACcPzpiqcPumYCfm"}
[ Tue Aug 15 2017 16:15:36 GMT+0800 (CST) ] time is 1726
[ Tue Aug 15 2017 16:15:36 GMT+0800 (CST) ] {"err":0,"msg":"Jh9LKN8Fot7dqkD5KxuGj4xziawSPbCT3J"}
[ Tue Aug 15 2017 16:15:36 GMT+0800 (CST) ] time is 1727
[ Tue Aug 15 2017 16:15:36 GMT+0800 (CST) ] {"err":0,"msg":"JSfo3orkfbJaq7zuM11VEDWMXLxLWw2Pk3"}
[ Tue Aug 15 2017 16:15:36 GMT+0800 (CST) ] time is 1728
[ Tue Aug 15 2017 16:15:36 GMT+0800 (CST) ] {"err":0,"msg":"JdVDaNAXyCrK2FSNJa5P91hxGY1cCdR1ik"}
[ Tue Aug 15 2017 16:15:36 GMT+0800 (CST) ] time is 1729
[ Tue Aug 15 2017 16:15:36 GMT+0800 (CST) ] {"err":0,"msg":"JM3Nq2FvshG8mwGrsojRgV42PzT7jxTTmk"}
[ Tue Aug 15 2017 16:15:36 GMT+0800 (CST) ] time is 1730
[ Tue Aug 15 2017 16:15:36 GMT+0800 (CST) ] {"err":0,"msg":"JMkgC14QQLhgUNFGK6jGeV3wFj6T9mAP5K"}
[ Tue Aug 15 2017 16:15:36 GMT+0800 (CST) ] time is 1731
[ Tue Aug 15 2017 16:15:36 GMT+0800 (CST) ] {"err":0,"msg":"JTUJW9yuiwqHQx9Hkmpyko7iggGpMMHnxy"}
[ Tue Aug 15 2017 16:15:36 GMT+0800 (CST) ] time is 1732
[ Tue Aug 15 2017 16:15:36 GMT+0800 (CST) ] {"err":0,"msg":"JT7rcPYGEkDR9oZ2VmgQfsKPvHTFeqHgEP"}
[ Tue Aug 15 2017 16:15:36 GMT+0800 (CST) ] time is 1733
[ Tue Aug 15 2017 16:15:36 GMT+0800 (CST) ] {"err":0,"msg":"JXVBBJ6oyTmSGnjDApm77tAjg3Fz5jAHgN"}
[ Tue Aug 15 2017 16:15:36 GMT+0800 (CST) ] time is 1734
[ Tue Aug 15 2017 16:15:36 GMT+0800 (CST) ] {"err":0,"msg":"Jh3ux1KhGuyCNnyFhb4JS9Cdz7PeecFkaq"}
[ Tue Aug 15 2017 16:15:36 GMT+0800 (CST) ] time is 1735
[ Tue Aug 15 2017 16:15:36 GMT+0800 (CST) ] {"err":0,"msg":"JSqvmLbXBpJJWjKKvshm3oRZS5PE3AEtyQ"}
[ Tue Aug 15 2017 16:15:37 GMT+0800 (CST) ] time is 1736
[ Tue Aug 15 2017 16:15:37 GMT+0800 (CST) ] {"err":0,"msg":"JY5FGCNLu9f1hLd7uZUcJ9jRU6WmAW5J8V"}
[ Tue Aug 15 2017 16:15:37 GMT+0800 (CST) ] time is 1737
[ Tue Aug 15 2017 16:15:37 GMT+0800 (CST) ] {"err":0,"msg":"JQToHrNzcbAANhudf9hSvirtx6kxQzG6gU"}
[ Tue Aug 15 2017 16:15:37 GMT+0800 (CST) ] time is 1738
[ Tue Aug 15 2017 16:15:37 GMT+0800 (CST) ] {"err":0,"msg":"Jg6ZGRZ426iqumviU7uMfsGY8sghgMwQVY"}
[ Tue Aug 15 2017 16:15:37 GMT+0800 (CST) ] time is 1739
[ Tue Aug 15 2017 16:15:37 GMT+0800 (CST) ] {"err":0,"msg":"JQCKHUz2EomYUdY7ysBt6cQ572Nt9dsW7R"}
[ Tue Aug 15 2017 16:15:37 GMT+0800 (CST) ] time is 1740
[ Tue Aug 15 2017 16:15:37 GMT+0800 (CST) ] {"err":0,"msg":"JQan1sAPsiB4HvvkGqRwapsyViZnitifTF"}
[ Tue Aug 15 2017 16:15:37 GMT+0800 (CST) ] time is 1741
[ Tue Aug 15 2017 16:15:37 GMT+0800 (CST) ] {"err":0,"msg":"JUSHPZKgD4oiA4dhi6N7ufRckwXNiodmEb"}
[ Tue Aug 15 2017 16:15:37 GMT+0800 (CST) ] time is 1742
[ Tue Aug 15 2017 16:15:37 GMT+0800 (CST) ] {"err":0,"msg":"JRiAKH9kcbhpvnjLw9ozdJxNxipDLqWhSn"}
[ Tue Aug 15 2017 16:15:37 GMT+0800 (CST) ] time is 1743
[ Tue Aug 15 2017 16:15:37 GMT+0800 (CST) ] {"err":0,"msg":"Jc68xgzTbwMdtcETECeuzCrNDGf18jEp95"}
[ Tue Aug 15 2017 16:15:37 GMT+0800 (CST) ] time is 1744
[ Tue Aug 15 2017 16:15:37 GMT+0800 (CST) ] {"err":0,"msg":"JdHt1M9Q3ncR2UNyZoTbfP9RhsJkwGbpK5"}
[ Tue Aug 15 2017 16:15:37 GMT+0800 (CST) ] time is 1745
[ Tue Aug 15 2017 16:15:37 GMT+0800 (CST) ] {"err":0,"msg":"JStj6PyjGfxPWd7iYkxmbUED9jpDpQE6BV"}
[ Tue Aug 15 2017 16:15:37 GMT+0800 (CST) ] time is 1746
[ Tue Aug 15 2017 16:15:37 GMT+0800 (CST) ] {"err":0,"msg":"JKqFvZUQNdzJVqQbd1yCzFVJGK97c36LWB"}
[ Tue Aug 15 2017 16:15:37 GMT+0800 (CST) ] time is 1747
[ Tue Aug 15 2017 16:15:37 GMT+0800 (CST) ] {"err":0,"msg":"Jh2W83cTBkR6HDoj2VRLNo3h4aAG6CFxaC"}
[ Tue Aug 15 2017 16:15:37 GMT+0800 (CST) ] time is 1748
[ Tue Aug 15 2017 16:15:37 GMT+0800 (CST) ] {"err":0,"msg":"JToC3LiKZw8LcRynzYP6Njd3f23heTyV5Q"}
[ Tue Aug 15 2017 16:15:37 GMT+0800 (CST) ] time is 1749
[ Tue Aug 15 2017 16:15:37 GMT+0800 (CST) ] {"err":0,"msg":"JJYxiFyYKkGeKdWpfE8SbAYtjrMgxw4W5V"}
[ Tue Aug 15 2017 16:15:37 GMT+0800 (CST) ] time is 1750
[ Tue Aug 15 2017 16:15:37 GMT+0800 (CST) ] {"err":0,"msg":"JTwFLu7hZFpihZs7BBvDTsqU1wpeoeb4uh"}
[ Tue Aug 15 2017 16:15:37 GMT+0800 (CST) ] time is 1751
[ Tue Aug 15 2017 16:15:37 GMT+0800 (CST) ] {"err":0,"msg":"JbZ7JAwJCRYkpCDx2YeJpxrABcK859NTpf"}
[ Tue Aug 15 2017 16:15:37 GMT+0800 (CST) ] time is 1752
[ Tue Aug 15 2017 16:15:37 GMT+0800 (CST) ] {"err":0,"msg":"JexNyfShkXexWL4VajdZUct8inTouGKzAa"}
[ Tue Aug 15 2017 16:15:37 GMT+0800 (CST) ] time is 1753
[ Tue Aug 15 2017 16:15:37 GMT+0800 (CST) ] {"err":0,"msg":"JNZsLTC5YxuNWvaxzfdwDHADSJUhj7yU7C"}
[ Tue Aug 15 2017 16:15:37 GMT+0800 (CST) ] time is 1754
[ Tue Aug 15 2017 16:15:37 GMT+0800 (CST) ] {"err":0,"msg":"JfTpGD7x8Gqbnfz2d15YgN3BY8abNhkszj"}
[ Tue Aug 15 2017 16:15:37 GMT+0800 (CST) ] time is 1755
[ Tue Aug 15 2017 16:15:37 GMT+0800 (CST) ] {"err":0,"msg":"JTgTovj6ZtnsM3GEQQhnUeLwG9gxMNGyMA"}
[ Tue Aug 15 2017 16:15:37 GMT+0800 (CST) ] time is 1756
[ Tue Aug 15 2017 16:15:37 GMT+0800 (CST) ] {"err":0,"msg":"JWgnrGaRStfckWPamhahETLdMB5d9upU31"}
[ Tue Aug 15 2017 16:15:37 GMT+0800 (CST) ] time is 1757
[ Tue Aug 15 2017 16:15:37 GMT+0800 (CST) ] {"err":0,"msg":"JaKSxJ8okgXtMAH1FcqP9TJ6QSYxCiLyFP"}
[ Tue Aug 15 2017 16:15:37 GMT+0800 (CST) ] time is 1758
[ Tue Aug 15 2017 16:15:37 GMT+0800 (CST) ] {"err":0,"msg":"JKKw9R8wVQtgHWKd4LqCDHpELaGJHxGvSY"}
[ Tue Aug 15 2017 16:15:37 GMT+0800 (CST) ] time is 1759
[ Tue Aug 15 2017 16:15:37 GMT+0800 (CST) ] {"err":0,"msg":"JKxpXGGMdsfZcuYngmfqr5V7PYXpjtcWGg"}
[ Tue Aug 15 2017 16:15:37 GMT+0800 (CST) ] time is 1760
[ Tue Aug 15 2017 16:15:37 GMT+0800 (CST) ] {"err":0,"msg":"JgzMVurRxwd7wxwAjyEXTomCiBrg2KyCpy"}
[ Tue Aug 15 2017 16:15:37 GMT+0800 (CST) ] time is 1761
[ Tue Aug 15 2017 16:15:37 GMT+0800 (CST) ] {"err":0,"msg":"JeRLkn6VhtJTsCKf179KVkDEepzo2YSDBQ"}
[ Tue Aug 15 2017 16:15:37 GMT+0800 (CST) ] time is 1762
[ Tue Aug 15 2017 16:15:37 GMT+0800 (CST) ] {"err":0,"msg":"Jf3C5S1SCNiGR4SQQmga23X46PJLX8az4T"}
[ Tue Aug 15 2017 16:15:37 GMT+0800 (CST) ] time is 1763
[ Tue Aug 15 2017 16:15:37 GMT+0800 (CST) ] {"err":0,"msg":"Jh6eKGifZF6E1T5SZPCcQdrpbCKsUDEi4y"}
[ Tue Aug 15 2017 16:15:37 GMT+0800 (CST) ] time is 1764
[ Tue Aug 15 2017 16:15:37 GMT+0800 (CST) ] {"err":0,"msg":"JU9pxtNZc57hVZUZFXX1eg63LwwRSiQFPo"}
[ Tue Aug 15 2017 16:15:37 GMT+0800 (CST) ] time is 1765
[ Tue Aug 15 2017 16:15:37 GMT+0800 (CST) ] {"err":0,"msg":"JeXSgdMyAvMM7zGKCvEvD1MFSiU8LiE9Vv"}
[ Tue Aug 15 2017 16:15:37 GMT+0800 (CST) ] time is 1766
[ Tue Aug 15 2017 16:15:37 GMT+0800 (CST) ] {"err":0,"msg":"JR6MDHKtd8ByQxE58u2KR676Fu49cutHzp"}
[ Tue Aug 15 2017 16:15:37 GMT+0800 (CST) ] time is 1767
[ Tue Aug 15 2017 16:15:37 GMT+0800 (CST) ] {"err":0,"msg":"JQfjDdWULm3834yCZZeGoiyev6ugupJW1h"}
[ Tue Aug 15 2017 16:15:37 GMT+0800 (CST) ] time is 1768
[ Tue Aug 15 2017 16:15:37 GMT+0800 (CST) ] {"err":0,"msg":"JSxzb7zR8UTBKrTyjUo44czma2sqj6Y17n"}
[ Tue Aug 15 2017 16:15:37 GMT+0800 (CST) ] time is 1769
[ Tue Aug 15 2017 16:15:37 GMT+0800 (CST) ] {"err":0,"msg":"JSg2dX4jzm3kV6asEsoAPoxRyKSutBmXqs"}
[ Tue Aug 15 2017 16:15:37 GMT+0800 (CST) ] time is 1770
[ Tue Aug 15 2017 16:15:37 GMT+0800 (CST) ] {"err":0,"msg":"JLdbLEU6DEwj4sdQD3PVKge4QJjcqrUnzn"}
[ Tue Aug 15 2017 16:15:38 GMT+0800 (CST) ] time is 1771
[ Tue Aug 15 2017 16:15:38 GMT+0800 (CST) ] {"err":0,"msg":"JYuXQiD8KbgmZxcGoMof1ffXZ7CkiuFjW3"}
[ Tue Aug 15 2017 16:15:38 GMT+0800 (CST) ] time is 1772
[ Tue Aug 15 2017 16:15:38 GMT+0800 (CST) ] {"err":0,"msg":"JeNcqHqcYQgUn3HomQ9KbbdB8KqaMboagi"}
[ Tue Aug 15 2017 16:15:38 GMT+0800 (CST) ] time is 1773
[ Tue Aug 15 2017 16:15:38 GMT+0800 (CST) ] {"err":0,"msg":"JJiQ72FiorRok66woKhvNcWCEYYc6uGj2q"}
[ Tue Aug 15 2017 16:15:38 GMT+0800 (CST) ] time is 1774
[ Tue Aug 15 2017 16:15:38 GMT+0800 (CST) ] {"err":0,"msg":"JdLtg68jPFwDt5CmwBuAbQriKqekNkb7Pb"}
[ Tue Aug 15 2017 16:15:38 GMT+0800 (CST) ] time is 1775
[ Tue Aug 15 2017 16:15:38 GMT+0800 (CST) ] {"err":0,"msg":"JSYsh4fo7DgjaruXxDdCrrJqAGXvdhTr4j"}
[ Tue Aug 15 2017 16:15:38 GMT+0800 (CST) ] time is 1776
[ Tue Aug 15 2017 16:15:38 GMT+0800 (CST) ] {"err":0,"msg":"JNN2sXBAfmNrQpCA8Vy6V64nVhwiJi1ndm"}
[ Tue Aug 15 2017 16:15:38 GMT+0800 (CST) ] time is 1777
[ Tue Aug 15 2017 16:15:38 GMT+0800 (CST) ] {"err":0,"msg":"JfAPo8m2wRMCNyw9rXDD6JeEJzDTQdi9ju"}
[ Tue Aug 15 2017 16:15:38 GMT+0800 (CST) ] time is 1778
[ Tue Aug 15 2017 16:15:38 GMT+0800 (CST) ] {"err":0,"msg":"JKMsrLVmnjppM4ZhgDnKiUtLZpUr3MAkKy"}
[ Tue Aug 15 2017 16:15:38 GMT+0800 (CST) ] time is 1779
[ Tue Aug 15 2017 16:15:38 GMT+0800 (CST) ] {"err":0,"msg":"JYxXMUMznpYkEqfwixe3nfGr7M5iiFFmoB"}
[ Tue Aug 15 2017 16:15:38 GMT+0800 (CST) ] time is 1780
[ Tue Aug 15 2017 16:15:38 GMT+0800 (CST) ] {"err":0,"msg":"JXtXYjbu3SbPLr4reJpvHqmbckMPHRaPFu"}
[ Tue Aug 15 2017 16:15:38 GMT+0800 (CST) ] time is 1781
[ Tue Aug 15 2017 16:15:38 GMT+0800 (CST) ] {"err":0,"msg":"JTDgdTApHbqRoohasRyirKY13vmSxhcgm4"}
[ Tue Aug 15 2017 16:15:38 GMT+0800 (CST) ] time is 1782
[ Tue Aug 15 2017 16:15:38 GMT+0800 (CST) ] {"err":0,"msg":"JRR5LEuh8PC9sVVgDjCnUmom26TmboMiWj"}
[ Tue Aug 15 2017 16:15:38 GMT+0800 (CST) ] time is 1783
[ Tue Aug 15 2017 16:15:38 GMT+0800 (CST) ] {"err":0,"msg":"JZNNSSEmzCfkXxoNMWUBGRdXTvgHNy4H3V"}
[ Tue Aug 15 2017 16:15:38 GMT+0800 (CST) ] time is 1784
[ Tue Aug 15 2017 16:15:38 GMT+0800 (CST) ] {"err":0,"msg":"JZmQRs1wEdg4HUNpF2FBNx2R51UtDjvNLY"}
[ Tue Aug 15 2017 16:15:38 GMT+0800 (CST) ] time is 1785
[ Tue Aug 15 2017 16:15:38 GMT+0800 (CST) ] {"err":0,"msg":"Jho6QBFcEEhSEpunDdk8cQUSTyQY9Ag38i"}
[ Tue Aug 15 2017 16:15:38 GMT+0800 (CST) ] time is 1786
[ Tue Aug 15 2017 16:15:38 GMT+0800 (CST) ] {"err":0,"msg":"JZ9peHqjgFX68Cnec8tAsKhhuC2ZpYHUSp"}
[ Tue Aug 15 2017 16:15:38 GMT+0800 (CST) ] time is 1787
[ Tue Aug 15 2017 16:15:38 GMT+0800 (CST) ] {"err":0,"msg":"JUTwoSg9jkGwneY57g4C6bWFWSAR9g4HDw"}
[ Tue Aug 15 2017 16:15:38 GMT+0800 (CST) ] time is 1788
[ Tue Aug 15 2017 16:15:38 GMT+0800 (CST) ] {"err":0,"msg":"JYUWKsWt615QmUcAgt9p7yeirS43vXaFm3"}
[ Tue Aug 15 2017 16:15:38 GMT+0800 (CST) ] time is 1789
[ Tue Aug 15 2017 16:15:38 GMT+0800 (CST) ] {"err":0,"msg":"JSonV7aWY4N3KXWd4RxqhWSeMVmWvzKt8J"}
[ Tue Aug 15 2017 16:15:38 GMT+0800 (CST) ] time is 1790
[ Tue Aug 15 2017 16:15:38 GMT+0800 (CST) ] {"err":0,"msg":"JctFktbzoNaerWVz6E29WXFAcRD1m9Lae8"}
[ Tue Aug 15 2017 16:15:38 GMT+0800 (CST) ] time is 1791
[ Tue Aug 15 2017 16:15:38 GMT+0800 (CST) ] {"err":0,"msg":"JZ98BPDh34DvNSgYe16wUrXM7NHKDRqVRu"}
[ Tue Aug 15 2017 16:15:38 GMT+0800 (CST) ] time is 1792
[ Tue Aug 15 2017 16:15:38 GMT+0800 (CST) ] {"err":0,"msg":"JaXsUMNRUhqphEPm463fVZWd9rQF5bQ1vf"}
[ Tue Aug 15 2017 16:15:38 GMT+0800 (CST) ] time is 1793
[ Tue Aug 15 2017 16:15:38 GMT+0800 (CST) ] {"err":0,"msg":"JfnAGdh65yX76PAEFRU7TufC9V5syCrpyy"}
[ Tue Aug 15 2017 16:15:38 GMT+0800 (CST) ] time is 1794
[ Tue Aug 15 2017 16:15:38 GMT+0800 (CST) ] {"err":0,"msg":"JXwTK6dn9LyQd1uk6JXEdhJxWiwWB7z7E1"}
[ Tue Aug 15 2017 16:15:38 GMT+0800 (CST) ] time is 1795
[ Tue Aug 15 2017 16:15:38 GMT+0800 (CST) ] {"err":0,"msg":"JURvuMYRQ7kPLFa9F7iLo7bzQXpMB7hwzr"}
[ Tue Aug 15 2017 16:15:38 GMT+0800 (CST) ] time is 1796
[ Tue Aug 15 2017 16:15:38 GMT+0800 (CST) ] {"err":0,"msg":"JcqGtswaRdCEgSRXJXBGqdEdcYnTjj1SyM"}
[ Tue Aug 15 2017 16:15:38 GMT+0800 (CST) ] time is 1797
[ Tue Aug 15 2017 16:15:38 GMT+0800 (CST) ] {"err":0,"msg":"JX6GNyjDddZ85FL5cebft7ogoxztEuMwyH"}
[ Tue Aug 15 2017 16:15:38 GMT+0800 (CST) ] time is 1798
[ Tue Aug 15 2017 16:15:38 GMT+0800 (CST) ] {"err":0,"msg":"JawFpTsnmPsPEjonrzN6U1rDKAN4SWSgSE"}
[ Tue Aug 15 2017 16:15:38 GMT+0800 (CST) ] time is 1799
[ Tue Aug 15 2017 16:15:38 GMT+0800 (CST) ] {"err":0,"msg":"Jc3doBB3jPtXPG2zxi7Y1D5KzzUmXtGvM6"}
[ Tue Aug 15 2017 16:15:38 GMT+0800 (CST) ] time is 1800
[ Tue Aug 15 2017 16:15:38 GMT+0800 (CST) ] {"err":0,"msg":"JhpibiT6Bnrma4FMqivmmJgHbqq1UMkbEb"}
[ Tue Aug 15 2017 16:15:38 GMT+0800 (CST) ] time is 1801
[ Tue Aug 15 2017 16:15:38 GMT+0800 (CST) ] {"err":0,"msg":"JLzub3VU8JQTTvZxh6rkJfQVNX4WdQZg6s"}
[ Tue Aug 15 2017 16:15:38 GMT+0800 (CST) ] time is 1802
[ Tue Aug 15 2017 16:15:38 GMT+0800 (CST) ] {"err":0,"msg":"JdGNRKiu4Byki3JAVK5iWZpEVW1ESJtxJv"}
[ Tue Aug 15 2017 16:15:38 GMT+0800 (CST) ] time is 1803
[ Tue Aug 15 2017 16:15:38 GMT+0800 (CST) ] {"err":0,"msg":"JNXWXateFqfYn5uaNrEUghcyfqn6iUjnvg"}
[ Tue Aug 15 2017 16:15:38 GMT+0800 (CST) ] time is 1804
[ Tue Aug 15 2017 16:15:38 GMT+0800 (CST) ] {"err":0,"msg":"JMgDjU8S68kqdnPBscbeCdcGcjbSfJ9Fqn"}
[ Tue Aug 15 2017 16:15:38 GMT+0800 (CST) ] time is 1805
[ Tue Aug 15 2017 16:15:38 GMT+0800 (CST) ] {"err":0,"msg":"JKyX82zNk8pkQzqxDZCnjCDd4m9pgbgZXd"}
[ Tue Aug 15 2017 16:15:38 GMT+0800 (CST) ] time is 1806
[ Tue Aug 15 2017 16:15:38 GMT+0800 (CST) ] {"err":0,"msg":"JRQ3TW6idhEFdkTpNBiBd1FpN24uQ6SEai"}
[ Tue Aug 15 2017 16:15:38 GMT+0800 (CST) ] time is 1807
[ Tue Aug 15 2017 16:15:38 GMT+0800 (CST) ] {"err":0,"msg":"JZGXikxMiPYz2z1sMaL7vBaVvBMZTWYaCH"}
[ Tue Aug 15 2017 16:15:38 GMT+0800 (CST) ] time is 1808
[ Tue Aug 15 2017 16:15:38 GMT+0800 (CST) ] {"err":0,"msg":"JNNC7qCZ1oKnrNGC3tjaS7uWxy2RxW7zgG"}
[ Tue Aug 15 2017 16:15:38 GMT+0800 (CST) ] time is 1809
[ Tue Aug 15 2017 16:15:38 GMT+0800 (CST) ] {"err":0,"msg":"JRYzQ4wYvYrkuRqhaxzTshoxMS1VoT4Azx"}
[ Tue Aug 15 2017 16:15:39 GMT+0800 (CST) ] time is 1810
[ Tue Aug 15 2017 16:15:39 GMT+0800 (CST) ] {"err":0,"msg":"JfSpa682QkhMAEWtGWAPSz6dLVmR8kQEYn"}
[ Tue Aug 15 2017 16:15:39 GMT+0800 (CST) ] time is 1811
[ Tue Aug 15 2017 16:15:39 GMT+0800 (CST) ] {"err":0,"msg":"JUzAnVnfZdYnThThBgeheQQHXVBgiZdTp7"}
[ Tue Aug 15 2017 16:15:39 GMT+0800 (CST) ] time is 1812
[ Tue Aug 15 2017 16:15:39 GMT+0800 (CST) ] {"err":0,"msg":"JZkzr1LzjqE9i1EE8rRQmEazjE54ovJxH6"}
[ Tue Aug 15 2017 16:15:39 GMT+0800 (CST) ] time is 1813
[ Tue Aug 15 2017 16:15:39 GMT+0800 (CST) ] {"err":0,"msg":"JfaVPtPmgKFq8nZK8Uweaqt3mSuAJFVmxB"}
[ Tue Aug 15 2017 16:15:39 GMT+0800 (CST) ] time is 1814
[ Tue Aug 15 2017 16:15:39 GMT+0800 (CST) ] {"err":0,"msg":"JRDRitcCHsfUUVub4JmC54EzxpJCrwcaJt"}
[ Tue Aug 15 2017 16:15:39 GMT+0800 (CST) ] time is 1815
[ Tue Aug 15 2017 16:15:39 GMT+0800 (CST) ] {"err":0,"msg":"JRHcPpTDVmn2utFA4bzB72SF3uVFmWViee"}
[ Tue Aug 15 2017 16:15:39 GMT+0800 (CST) ] time is 1816
[ Tue Aug 15 2017 16:15:39 GMT+0800 (CST) ] {"err":0,"msg":"JYKox7fPAwy3S1r8CuPAEbQfrRRPJLFQRz"}
[ Tue Aug 15 2017 16:15:39 GMT+0800 (CST) ] time is 1817
[ Tue Aug 15 2017 16:15:39 GMT+0800 (CST) ] {"err":0,"msg":"JZkML2dSYw763DcPkRQHT8ZhCyPh41MsML"}
[ Tue Aug 15 2017 16:15:39 GMT+0800 (CST) ] time is 1818
[ Tue Aug 15 2017 16:15:39 GMT+0800 (CST) ] {"err":0,"msg":"JYobYZVWFzSPa6JFrzUcFWKALrX2qgFfB4"}
[ Tue Aug 15 2017 16:15:39 GMT+0800 (CST) ] time is 1819
[ Tue Aug 15 2017 16:15:39 GMT+0800 (CST) ] {"err":0,"msg":"JNYZLj2d7b2faZZ48GQGEdTZ86pmjRsJYn"}
[ Tue Aug 15 2017 16:15:39 GMT+0800 (CST) ] time is 1820
[ Tue Aug 15 2017 16:15:39 GMT+0800 (CST) ] {"err":0,"msg":"JgrPdXKqNGrUdG7gGGCyn7xG8rSWcvU8WX"}
[ Tue Aug 15 2017 16:15:39 GMT+0800 (CST) ] time is 1821
[ Tue Aug 15 2017 16:15:39 GMT+0800 (CST) ] {"err":0,"msg":"JMYnU9oVzGn4M2MG7Fk5qbU1q6sJpAWhC9"}
[ Tue Aug 15 2017 16:15:39 GMT+0800 (CST) ] time is 1822
[ Tue Aug 15 2017 16:15:39 GMT+0800 (CST) ] {"err":0,"msg":"Jb6RGQh6kH4vB8mgNgs8xdEKpxGLr9ZrwL"}
[ Tue Aug 15 2017 16:15:39 GMT+0800 (CST) ] time is 1823
[ Tue Aug 15 2017 16:15:39 GMT+0800 (CST) ] {"err":0,"msg":"JUBTi72sut4DV96x94dME6F1kCVbBYfkvj"}
[ Tue Aug 15 2017 16:15:39 GMT+0800 (CST) ] time is 1824
[ Tue Aug 15 2017 16:15:39 GMT+0800 (CST) ] {"err":0,"msg":"JWWRb37LjeX31zznv9JyA1RZ9ckYTjEAfU"}
[ Tue Aug 15 2017 16:15:39 GMT+0800 (CST) ] time is 1825
[ Tue Aug 15 2017 16:15:39 GMT+0800 (CST) ] {"err":0,"msg":"JWPa9i7rbAJUnJJhsru7qyavn1c9QajtYB"}
[ Tue Aug 15 2017 16:15:39 GMT+0800 (CST) ] time is 1826
[ Tue Aug 15 2017 16:15:39 GMT+0800 (CST) ] {"err":0,"msg":"JaCKKQbiszT8Gf74QoCtW9YJazst4PpLgF"}
[ Tue Aug 15 2017 16:15:39 GMT+0800 (CST) ] time is 1827
[ Tue Aug 15 2017 16:15:39 GMT+0800 (CST) ] {"err":0,"msg":"JXH1P9WbB46iU2j89Wc76gnswzFMDyW2KM"}
[ Tue Aug 15 2017 16:15:39 GMT+0800 (CST) ] time is 1828
[ Tue Aug 15 2017 16:15:39 GMT+0800 (CST) ] {"err":0,"msg":"JU5AQJEg3JFvY2pCirtF9rkbD9yd7PVVdr"}
[ Tue Aug 15 2017 16:15:39 GMT+0800 (CST) ] time is 1829
[ Tue Aug 15 2017 16:15:39 GMT+0800 (CST) ] {"err":0,"msg":"JXykEV89hmKAmXVTPyB6g2Bq1aAy4dUCuH"}
[ Tue Aug 15 2017 16:15:39 GMT+0800 (CST) ] time is 1830
[ Tue Aug 15 2017 16:15:39 GMT+0800 (CST) ] {"err":0,"msg":"JeB9FXithgqZDU8xywEjsCJ6T66DwstvTR"}
[ Tue Aug 15 2017 16:15:39 GMT+0800 (CST) ] time is 1831
[ Tue Aug 15 2017 16:15:39 GMT+0800 (CST) ] {"err":0,"msg":"Je1d4zaByEDUp9QGgwwUqqJNXifYJxePER"}
[ Tue Aug 15 2017 16:15:39 GMT+0800 (CST) ] time is 1832
[ Tue Aug 15 2017 16:15:39 GMT+0800 (CST) ] {"err":0,"msg":"JXPWM6nkJYv9fq9D7YPAhup9bLLuiYbaA5"}
[ Tue Aug 15 2017 16:15:39 GMT+0800 (CST) ] time is 1833
[ Tue Aug 15 2017 16:15:39 GMT+0800 (CST) ] {"err":0,"msg":"JcZDLejLj3VpDQQpQi4pELEuc5owzd2PLG"}
[ Tue Aug 15 2017 16:15:39 GMT+0800 (CST) ] time is 1834
[ Tue Aug 15 2017 16:15:39 GMT+0800 (CST) ] {"err":0,"msg":"JbjvWseJPnZJnvnqkunRwWYZWdRoniT21Y"}
[ Tue Aug 15 2017 16:15:39 GMT+0800 (CST) ] time is 1835
[ Tue Aug 15 2017 16:15:39 GMT+0800 (CST) ] {"err":0,"msg":"JfLnGtCLHYiVvW8exekBEwjQAJ4RbjP8MU"}
[ Tue Aug 15 2017 16:15:39 GMT+0800 (CST) ] time is 1836
[ Tue Aug 15 2017 16:15:39 GMT+0800 (CST) ] {"err":0,"msg":"JYshsh54h5KWWRxnfnBt5EE9RYHzPkGSpF"}
[ Tue Aug 15 2017 16:15:39 GMT+0800 (CST) ] time is 1837
[ Tue Aug 15 2017 16:15:39 GMT+0800 (CST) ] {"err":0,"msg":"JXGmsaWiTACKQ7ZGzJA9KzkFVGJFwMqJiB"}
[ Tue Aug 15 2017 16:15:39 GMT+0800 (CST) ] time is 1838
[ Tue Aug 15 2017 16:15:39 GMT+0800 (CST) ] {"err":0,"msg":"JKvAvghAfSD7FRRqcRL3TZNXpq6ANeRtrc"}
[ Tue Aug 15 2017 16:15:39 GMT+0800 (CST) ] time is 1839
[ Tue Aug 15 2017 16:15:39 GMT+0800 (CST) ] {"err":0,"msg":"JKMvzVXzcQmvw3tbaM12pQYJFcRA6yk5Jd"}
[ Tue Aug 15 2017 16:15:39 GMT+0800 (CST) ] time is 1840
[ Tue Aug 15 2017 16:15:39 GMT+0800 (CST) ] {"err":0,"msg":"JMucAicao7oMtZcspGZgeW6hrQHtbKhYwG"}
[ Tue Aug 15 2017 16:15:39 GMT+0800 (CST) ] time is 1841
[ Tue Aug 15 2017 16:15:39 GMT+0800 (CST) ] {"err":0,"msg":"JMnFaiZuXq11qKja2UB3o2aP5Zw4W1rSaK"}
[ Tue Aug 15 2017 16:15:39 GMT+0800 (CST) ] time is 1842
[ Tue Aug 15 2017 16:15:39 GMT+0800 (CST) ] {"err":0,"msg":"JURgchKViUffcMhU4qNB9iGicsBCevwbuF"}
[ Tue Aug 15 2017 16:15:39 GMT+0800 (CST) ] time is 1843
[ Tue Aug 15 2017 16:15:39 GMT+0800 (CST) ] {"err":0,"msg":"JKspHX3kvEKhFnJdy5CwtM7GSTUKRsahED"}
[ Tue Aug 15 2017 16:15:39 GMT+0800 (CST) ] time is 1844
[ Tue Aug 15 2017 16:15:39 GMT+0800 (CST) ] {"err":0,"msg":"JYLwgXdp4P5fg7JXdP7vbkaPUhgd3w8Ct3"}
[ Tue Aug 15 2017 16:15:39 GMT+0800 (CST) ] time is 1845
[ Tue Aug 15 2017 16:15:39 GMT+0800 (CST) ] {"err":0,"msg":"JSEuvxsLHxBM6HJLBTKBBxGtHoHMmDJMrw"}
[ Tue Aug 15 2017 16:15:39 GMT+0800 (CST) ] time is 1846
[ Tue Aug 15 2017 16:15:39 GMT+0800 (CST) ] {"err":0,"msg":"JLFwgaebnbmBfBYyhJ7jfqAEaawQkXzz1B"}
[ Tue Aug 15 2017 16:15:40 GMT+0800 (CST) ] time is 1847
[ Tue Aug 15 2017 16:15:40 GMT+0800 (CST) ] {"err":0,"msg":"JYecHm6hsgrGVpor7raux9xYLhPeAm4ruU"}
[ Tue Aug 15 2017 16:15:40 GMT+0800 (CST) ] time is 1848
[ Tue Aug 15 2017 16:15:40 GMT+0800 (CST) ] {"err":0,"msg":"JbwGiMZZe1UsLXAC8y9nMMxbw7f9JAg9bc"}
[ Tue Aug 15 2017 16:15:40 GMT+0800 (CST) ] time is 1849
[ Tue Aug 15 2017 16:15:40 GMT+0800 (CST) ] {"err":0,"msg":"Jd6G7R9FmX5cc2HV9RywXf7Hrf21G6X3xL"}
[ Tue Aug 15 2017 16:15:40 GMT+0800 (CST) ] time is 1850
[ Tue Aug 15 2017 16:15:40 GMT+0800 (CST) ] {"err":0,"msg":"JN3b6p2TAR7myFEW5cfaK27XMiu4RLK4Tg"}
[ Tue Aug 15 2017 16:15:40 GMT+0800 (CST) ] time is 1851
[ Tue Aug 15 2017 16:15:40 GMT+0800 (CST) ] {"err":0,"msg":"Jantk2SFLbRBDpYK1dX4ezMiJGjsXNxcek"}
[ Tue Aug 15 2017 16:15:40 GMT+0800 (CST) ] time is 1852
[ Tue Aug 15 2017 16:15:40 GMT+0800 (CST) ] {"err":0,"msg":"JQkv5dtGo33RNoTgWipayVQ19UwoDLDwRN"}
[ Tue Aug 15 2017 16:15:40 GMT+0800 (CST) ] time is 1853
[ Tue Aug 15 2017 16:15:40 GMT+0800 (CST) ] {"err":0,"msg":"Jgm5Cu4zLYDMpFWNZ43uBzvfF8rowHgYGm"}
[ Tue Aug 15 2017 16:15:40 GMT+0800 (CST) ] time is 1854
[ Tue Aug 15 2017 16:15:40 GMT+0800 (CST) ] {"err":0,"msg":"JMzFQpzmgEUsgYoJ83ZppGerBQju74bLks"}
[ Tue Aug 15 2017 16:15:40 GMT+0800 (CST) ] time is 1855
[ Tue Aug 15 2017 16:15:40 GMT+0800 (CST) ] {"err":0,"msg":"JaBGSVTtKweGcBH8L6jWfjNDZWVUahVusx"}
[ Tue Aug 15 2017 16:15:40 GMT+0800 (CST) ] time is 1856
[ Tue Aug 15 2017 16:15:40 GMT+0800 (CST) ] {"err":0,"msg":"JcbCQQCbjEJwLcH2E1qvLz4cJJbhGVmh2d"}
[ Tue Aug 15 2017 16:15:40 GMT+0800 (CST) ] time is 1857
[ Tue Aug 15 2017 16:15:40 GMT+0800 (CST) ] {"err":0,"msg":"JeUXSRbVpfScDGZxyE22m28ZyTeuMSF6wt"}
[ Tue Aug 15 2017 16:15:40 GMT+0800 (CST) ] time is 1858
[ Tue Aug 15 2017 16:15:40 GMT+0800 (CST) ] {"err":0,"msg":"JePJZAsBtCRt6G2m7Jeth6xpX23kYoiAD4"}
[ Tue Aug 15 2017 16:15:40 GMT+0800 (CST) ] time is 1859
[ Tue Aug 15 2017 16:15:40 GMT+0800 (CST) ] {"err":0,"msg":"JcB82DqW779Wy8h5vyhAk447z1PE6LfyCT"}
[ Tue Aug 15 2017 16:15:40 GMT+0800 (CST) ] time is 1860
[ Tue Aug 15 2017 16:15:40 GMT+0800 (CST) ] {"err":0,"msg":"JftoaKNeD3GjT6fuzWLx1cFGjyXgxACSeg"}
[ Tue Aug 15 2017 16:15:40 GMT+0800 (CST) ] time is 1861
[ Tue Aug 15 2017 16:15:40 GMT+0800 (CST) ] {"err":0,"msg":"JKMCwehMULrsqb8TXNHADmnqH3Hd2uo7UE"}
[ Tue Aug 15 2017 16:15:40 GMT+0800 (CST) ] time is 1862
[ Tue Aug 15 2017 16:15:40 GMT+0800 (CST) ] {"err":0,"msg":"JbRvtEHw4DFix1c77LTbWQJPXZi6eCRMhy"}
[ Tue Aug 15 2017 16:15:40 GMT+0800 (CST) ] time is 1863
[ Tue Aug 15 2017 16:15:40 GMT+0800 (CST) ] {"err":0,"msg":"JdNP8p8YTYDreCDgc6ZxMqi8cvMQxEwvCp"}
[ Tue Aug 15 2017 16:15:40 GMT+0800 (CST) ] time is 1864
[ Tue Aug 15 2017 16:15:40 GMT+0800 (CST) ] {"err":0,"msg":"JKpZWtViD2SQsStztHyc7e4rn3cfSshk5W"}
[ Tue Aug 15 2017 16:15:40 GMT+0800 (CST) ] time is 1865
[ Tue Aug 15 2017 16:15:40 GMT+0800 (CST) ] {"err":0,"msg":"JS4rh5u6W2SVxiQfGGFPJJLxiM7doGHt4P"}
[ Tue Aug 15 2017 16:15:40 GMT+0800 (CST) ] time is 1866
[ Tue Aug 15 2017 16:15:40 GMT+0800 (CST) ] {"err":0,"msg":"JRgcHvDBXvcB39yAewxsJBX1s4SVayNyiK"}
[ Tue Aug 15 2017 16:15:40 GMT+0800 (CST) ] time is 1867
[ Tue Aug 15 2017 16:15:40 GMT+0800 (CST) ] {"err":0,"msg":"JNnxAfo6T4VrBaeveiYFH2C9Z1KMBmZJ3o"}
[ Tue Aug 15 2017 16:15:40 GMT+0800 (CST) ] time is 1868
[ Tue Aug 15 2017 16:15:40 GMT+0800 (CST) ] {"err":0,"msg":"Jfr69e5FtVUMHKuPytG2iJP4hPNEwPDZRS"}
[ Tue Aug 15 2017 16:15:40 GMT+0800 (CST) ] time is 1869
[ Tue Aug 15 2017 16:15:40 GMT+0800 (CST) ] {"err":0,"msg":"JQLE6PX7J3yfW61GL8Ce3qivBxm7VaCCJs"}
[ Tue Aug 15 2017 16:15:40 GMT+0800 (CST) ] time is 1870
[ Tue Aug 15 2017 16:15:40 GMT+0800 (CST) ] {"err":0,"msg":"JbNn8dfvZqHKCmQm5CFAp8t7HAzD2U2zty"}
[ Tue Aug 15 2017 16:15:40 GMT+0800 (CST) ] time is 1871
[ Tue Aug 15 2017 16:15:40 GMT+0800 (CST) ] {"err":0,"msg":"JNyBXoqvTucM1hewSQWqj6gk4qh2bECqHs"}
[ Tue Aug 15 2017 16:15:40 GMT+0800 (CST) ] time is 1872
[ Tue Aug 15 2017 16:15:40 GMT+0800 (CST) ] {"err":0,"msg":"JXucazut5tJWrRhi4LBfMousJVm5kV16zz"}
[ Tue Aug 15 2017 16:15:40 GMT+0800 (CST) ] time is 1873
[ Tue Aug 15 2017 16:15:40 GMT+0800 (CST) ] {"err":0,"msg":"JJYBmQg3bp9nT7hhoovic64d1hkT25Ux6Z"}
[ Tue Aug 15 2017 16:15:40 GMT+0800 (CST) ] time is 1874
[ Tue Aug 15 2017 16:15:40 GMT+0800 (CST) ] {"err":0,"msg":"JdYZPumCZpMGhgWTK9sFYdnHqwD5tSknEb"}
[ Tue Aug 15 2017 16:15:40 GMT+0800 (CST) ] time is 1875
[ Tue Aug 15 2017 16:15:40 GMT+0800 (CST) ] {"err":0,"msg":"JeycL4SNWh5HAtf8Eaf4fp25xByamgm7PE"}
[ Tue Aug 15 2017 16:15:40 GMT+0800 (CST) ] time is 1876
[ Tue Aug 15 2017 16:15:40 GMT+0800 (CST) ] {"err":0,"msg":"JXHXRLJVt7S5jRkbuvZ5zs8263e9oQ1Hbw"}
[ Tue Aug 15 2017 16:15:40 GMT+0800 (CST) ] time is 1877
[ Tue Aug 15 2017 16:15:40 GMT+0800 (CST) ] {"err":0,"msg":"JQbdHwDyvyJLijHGwWKgoebVzParS4fPeA"}
[ Tue Aug 15 2017 16:15:40 GMT+0800 (CST) ] time is 1878
[ Tue Aug 15 2017 16:15:40 GMT+0800 (CST) ] {"err":0,"msg":"Jh8B34EJus51q2fAFE9XnsZNCVPxo2ZTdu"}
[ Tue Aug 15 2017 16:15:40 GMT+0800 (CST) ] time is 1879
[ Tue Aug 15 2017 16:15:40 GMT+0800 (CST) ] {"err":0,"msg":"JfX5uXwc29DWENuF5vf39tKNAG3DGzZGQr"}
[ Tue Aug 15 2017 16:15:40 GMT+0800 (CST) ] time is 1880
[ Tue Aug 15 2017 16:15:40 GMT+0800 (CST) ] {"err":0,"msg":"JYea8bo5m2nhdyk5rZPjBTbczYti1VaEND"}
[ Tue Aug 15 2017 16:15:40 GMT+0800 (CST) ] time is 1881
[ Tue Aug 15 2017 16:15:40 GMT+0800 (CST) ] {"err":0,"msg":"JN879wcH8Agsx3txkEojnHDF98XRqk3yRW"}
[ Tue Aug 15 2017 16:15:40 GMT+0800 (CST) ] time is 1882
[ Tue Aug 15 2017 16:15:40 GMT+0800 (CST) ] {"err":0,"msg":"JMFfEKbbKBaGJDoTgvVM16kp4LwohJ4ssg"}
[ Tue Aug 15 2017 16:15:40 GMT+0800 (CST) ] time is 1883
[ Tue Aug 15 2017 16:15:40 GMT+0800 (CST) ] {"err":0,"msg":"JgxeHSreBvLjyAPSGHesuq9xeAF3aUv6cf"}
[ Tue Aug 15 2017 16:15:40 GMT+0800 (CST) ] time is 1884
[ Tue Aug 15 2017 16:15:40 GMT+0800 (CST) ] {"err":0,"msg":"Jdr7LrF5WHpg3QYAF2czeANiy9YVBjKJkG"}
[ Tue Aug 15 2017 16:15:40 GMT+0800 (CST) ] time is 1885
[ Tue Aug 15 2017 16:15:40 GMT+0800 (CST) ] {"err":0,"msg":"JhP5oJMHHF3aEjhvynz6pBhnCU7jcRGjwq"}
[ Tue Aug 15 2017 16:15:41 GMT+0800 (CST) ] time is 1886
[ Tue Aug 15 2017 16:15:41 GMT+0800 (CST) ] {"err":0,"msg":"JTNfehaABMP4o4Sicimxhkz71KVGnR3Q6W"}
[ Tue Aug 15 2017 16:15:41 GMT+0800 (CST) ] time is 1887
[ Tue Aug 15 2017 16:15:41 GMT+0800 (CST) ] {"err":0,"msg":"JdZ9JZ2yEkiFibEk1coqK6YJZSbw6aepZK"}
[ Tue Aug 15 2017 16:15:41 GMT+0800 (CST) ] time is 1888
[ Tue Aug 15 2017 16:15:41 GMT+0800 (CST) ] {"err":0,"msg":"JKT2Rs2gZxQxG6wyw4bz64SPevVov5dgBc"}
[ Tue Aug 15 2017 16:15:41 GMT+0800 (CST) ] time is 1889
[ Tue Aug 15 2017 16:15:41 GMT+0800 (CST) ] {"err":0,"msg":"JMPVG6yvi5FBopx9662mt1XwSKjNtJJqsp"}
[ Tue Aug 15 2017 16:15:41 GMT+0800 (CST) ] time is 1890
[ Tue Aug 15 2017 16:15:41 GMT+0800 (CST) ] {"err":0,"msg":"JKaH5cmxUmQeDN4swa3EoXR77kxGTFaww2"}
[ Tue Aug 15 2017 16:15:41 GMT+0800 (CST) ] time is 1891
[ Tue Aug 15 2017 16:15:41 GMT+0800 (CST) ] {"err":0,"msg":"Jf7d8nHUkNHrGF1oCiYYbCs1YsxGE7KocK"}
[ Tue Aug 15 2017 16:15:41 GMT+0800 (CST) ] time is 1892
[ Tue Aug 15 2017 16:15:41 GMT+0800 (CST) ] {"err":0,"msg":"Jbz8L8xsjmRtFn22ZfZBctZwVKW43Qu6vp"}
[ Tue Aug 15 2017 16:15:41 GMT+0800 (CST) ] time is 1893
[ Tue Aug 15 2017 16:15:41 GMT+0800 (CST) ] {"err":0,"msg":"JRX1MHZDx3ymc6QfiuH1iCkyyu3mR7qukw"}
[ Tue Aug 15 2017 16:15:41 GMT+0800 (CST) ] time is 1894
[ Tue Aug 15 2017 16:15:41 GMT+0800 (CST) ] {"err":0,"msg":"JRF8jx1LfJtPr7FiUkWFkBzH5uoaU2k6bu"}
[ Tue Aug 15 2017 16:15:41 GMT+0800 (CST) ] time is 1895
[ Tue Aug 15 2017 16:15:41 GMT+0800 (CST) ] {"err":0,"msg":"JKTn7gyXpDKwPVjpVafMgThpTAgVAqocAv"}
[ Tue Aug 15 2017 16:15:41 GMT+0800 (CST) ] time is 1896
[ Tue Aug 15 2017 16:15:41 GMT+0800 (CST) ] {"err":0,"msg":"JJY2sSM6Mjmx4aeqMP8VodCMmp1MEoK9g3"}
[ Tue Aug 15 2017 16:15:41 GMT+0800 (CST) ] time is 1897
[ Tue Aug 15 2017 16:15:41 GMT+0800 (CST) ] {"err":0,"msg":"JL56gbCL3FWFoBSEfdSyCbRxjrWUVSYnew"}
[ Tue Aug 15 2017 16:15:41 GMT+0800 (CST) ] time is 1898
[ Tue Aug 15 2017 16:15:41 GMT+0800 (CST) ] {"err":0,"msg":"JcUTPFwi97qxPPRZmXDohCpDvMcVYPkG5n"}
[ Tue Aug 15 2017 16:15:41 GMT+0800 (CST) ] time is 1899
[ Tue Aug 15 2017 16:15:41 GMT+0800 (CST) ] {"err":0,"msg":"JWeLcBQQB4BAsXgwUnmBSw4a6FjEBaS1Lo"}
[ Tue Aug 15 2017 16:15:41 GMT+0800 (CST) ] time is 1900
[ Tue Aug 15 2017 16:15:41 GMT+0800 (CST) ] {"err":0,"msg":"JLCcSusVGLnTLFz9Lj7HkuGmZPWqw9v6oL"}
[ Tue Aug 15 2017 16:15:41 GMT+0800 (CST) ] time is 1901
[ Tue Aug 15 2017 16:15:41 GMT+0800 (CST) ] {"err":0,"msg":"JYHFQdSCU4JhX6CRe9tqErgfAqJZqFkUMH"}
[ Tue Aug 15 2017 16:15:41 GMT+0800 (CST) ] time is 1902
[ Tue Aug 15 2017 16:15:41 GMT+0800 (CST) ] {"err":0,"msg":"JTwPUTYKtd6QWPfKmZGy8dPa9jboAPeuAk"}
[ Tue Aug 15 2017 16:15:41 GMT+0800 (CST) ] time is 1903
[ Tue Aug 15 2017 16:15:41 GMT+0800 (CST) ] {"err":0,"msg":"JWND2RV1rdBb4nobBSQiuMqcRBkZtKGC5K"}
[ Tue Aug 15 2017 16:15:41 GMT+0800 (CST) ] time is 1904
[ Tue Aug 15 2017 16:15:41 GMT+0800 (CST) ] {"err":0,"msg":"JQNEicKkQgQKizUNQWReWyPtkn66YEc5VT"}
[ Tue Aug 15 2017 16:15:41 GMT+0800 (CST) ] time is 1905
[ Tue Aug 15 2017 16:15:41 GMT+0800 (CST) ] {"err":0,"msg":"JdyNZm6W23QG2exYixC7ZpLpFq1X4GJ9cT"}
[ Tue Aug 15 2017 16:15:41 GMT+0800 (CST) ] time is 1906
[ Tue Aug 15 2017 16:15:41 GMT+0800 (CST) ] {"err":0,"msg":"JZN5Xmmsd3FVTW6FbvnpnbAyT49r4Y5SJq"}
[ Tue Aug 15 2017 16:15:41 GMT+0800 (CST) ] time is 1907
[ Tue Aug 15 2017 16:15:41 GMT+0800 (CST) ] {"err":0,"msg":"JbzigM3fehm4P8qyAoGuVQfHq1ZMCg6Cah"}
[ Tue Aug 15 2017 16:15:41 GMT+0800 (CST) ] time is 1908
[ Tue Aug 15 2017 16:15:41 GMT+0800 (CST) ] {"err":0,"msg":"JTh465zTdcmRUdCE85DNpaNkKYg15LJizv"}
[ Tue Aug 15 2017 16:15:41 GMT+0800 (CST) ] time is 1909
[ Tue Aug 15 2017 16:15:41 GMT+0800 (CST) ] {"err":0,"msg":"JTkFgsWhshptenuJNy4fFwuX7DjhgCmzuz"}
[ Tue Aug 15 2017 16:15:41 GMT+0800 (CST) ] time is 1910
[ Tue Aug 15 2017 16:15:41 GMT+0800 (CST) ] {"err":0,"msg":"JcYvq7W3b33pyRf4C3PRf2V7WAu1x3PMEm"}
[ Tue Aug 15 2017 16:15:41 GMT+0800 (CST) ] time is 1911
[ Tue Aug 15 2017 16:15:41 GMT+0800 (CST) ] {"err":0,"msg":"JSe1XwaXcGroSp498y9WGHp68sPXPDuM6s"}
[ Tue Aug 15 2017 16:15:41 GMT+0800 (CST) ] time is 1912
[ Tue Aug 15 2017 16:15:41 GMT+0800 (CST) ] {"err":0,"msg":"JJkyCmCanTsz4mTfy1CAt978u9Jb9iXXyw"}
[ Tue Aug 15 2017 16:15:41 GMT+0800 (CST) ] time is 1913
[ Tue Aug 15 2017 16:15:41 GMT+0800 (CST) ] {"err":0,"msg":"JVd9DGJXU32xXjYdAZgGJWEpH5uGCwN6wW"}
[ Tue Aug 15 2017 16:15:41 GMT+0800 (CST) ] time is 1914
[ Tue Aug 15 2017 16:15:41 GMT+0800 (CST) ] {"err":0,"msg":"JJqhqm4wNHpvqhShhjUoKxkvsUdA7eXZFY"}
[ Tue Aug 15 2017 16:15:41 GMT+0800 (CST) ] time is 1915
[ Tue Aug 15 2017 16:15:41 GMT+0800 (CST) ] {"err":0,"msg":"JLJAWqdQtu6jjbED15dqMoTZ6q11UzEwey"}
[ Tue Aug 15 2017 16:15:41 GMT+0800 (CST) ] time is 1916
[ Tue Aug 15 2017 16:15:41 GMT+0800 (CST) ] {"err":0,"msg":"JLQtwYfhXErt9s5DFTqqYrrrFNtb2nbMyN"}
[ Tue Aug 15 2017 16:15:41 GMT+0800 (CST) ] time is 1917
[ Tue Aug 15 2017 16:15:41 GMT+0800 (CST) ] {"err":0,"msg":"JUXrHPpou7Dy59NFhMoC8jFMoVzB4LA4u4"}
[ Tue Aug 15 2017 16:15:41 GMT+0800 (CST) ] time is 1918
[ Tue Aug 15 2017 16:15:41 GMT+0800 (CST) ] {"err":0,"msg":"JRUas7vTWGuRLa2awUxcq2RpD3pPtxcF7C"}
[ Tue Aug 15 2017 16:15:41 GMT+0800 (CST) ] time is 1919
[ Tue Aug 15 2017 16:15:41 GMT+0800 (CST) ] {"err":0,"msg":"Jck2AzpXhk3sdRxXE5LxLtCoMBpnTNv3bq"}
[ Tue Aug 15 2017 16:15:41 GMT+0800 (CST) ] time is 1920
[ Tue Aug 15 2017 16:15:41 GMT+0800 (CST) ] {"err":0,"msg":"Ja5jfx7GexfdnxaPQZjcJxPNV7DtyQFLe1"}
[ Tue Aug 15 2017 16:15:41 GMT+0800 (CST) ] time is 1921
[ Tue Aug 15 2017 16:15:41 GMT+0800 (CST) ] {"err":0,"msg":"JfxXhMEiVZaJypfDM23LwgynsjGen2FWVC"}
[ Tue Aug 15 2017 16:15:41 GMT+0800 (CST) ] time is 1922
[ Tue Aug 15 2017 16:15:41 GMT+0800 (CST) ] {"err":0,"msg":"JQm6sbazw7SGC4pYUW8eXfm7jSLCkW4YzJ"}
[ Tue Aug 15 2017 16:15:41 GMT+0800 (CST) ] time is 1923
[ Tue Aug 15 2017 16:15:41 GMT+0800 (CST) ] {"err":0,"msg":"JKAksDhyDx3VWgkaCdCN8HdYshGM7f1Fun"}
[ Tue Aug 15 2017 16:15:42 GMT+0800 (CST) ] time is 1924
[ Tue Aug 15 2017 16:15:42 GMT+0800 (CST) ] {"err":0,"msg":"JZ8nbwgtX1FYrfDLtoCTfJcaA4sUQyM9qG"}
[ Tue Aug 15 2017 16:15:42 GMT+0800 (CST) ] time is 1925
[ Tue Aug 15 2017 16:15:42 GMT+0800 (CST) ] {"err":0,"msg":"JVeDrCNPy6Pb6rvTswA9jr9ujtUDrmYJSX"}
[ Tue Aug 15 2017 16:15:42 GMT+0800 (CST) ] time is 1926
[ Tue Aug 15 2017 16:15:42 GMT+0800 (CST) ] {"err":0,"msg":"Jfr3piJ2WZjLZ9ygXrSokfNaz9XN122cBq"}
[ Tue Aug 15 2017 16:15:42 GMT+0800 (CST) ] time is 1927
[ Tue Aug 15 2017 16:15:42 GMT+0800 (CST) ] {"err":0,"msg":"JfXBAzCMAVTHp73tfBNz4myj3MBrPKTvZy"}
[ Tue Aug 15 2017 16:15:42 GMT+0800 (CST) ] time is 1928
[ Tue Aug 15 2017 16:15:42 GMT+0800 (CST) ] {"err":0,"msg":"JMTcvGqD2sbcmLcMZVBLUZewVUYVnfZps9"}
[ Tue Aug 15 2017 16:15:42 GMT+0800 (CST) ] time is 1929
[ Tue Aug 15 2017 16:15:42 GMT+0800 (CST) ] {"err":0,"msg":"JLb7Lka7NKMcAHVr3NTe6AmWhtqV8LmvVM"}
[ Tue Aug 15 2017 16:15:42 GMT+0800 (CST) ] time is 1930
[ Tue Aug 15 2017 16:15:42 GMT+0800 (CST) ] {"err":0,"msg":"JNVBSbjpofui7nRGqB3HJ5gDSXRcT6X3f9"}
[ Tue Aug 15 2017 16:15:42 GMT+0800 (CST) ] time is 1931
[ Tue Aug 15 2017 16:15:42 GMT+0800 (CST) ] {"err":0,"msg":"JM2dfzGjfqpjVspxdKbKvDekhsahQUbRF8"}
[ Tue Aug 15 2017 16:15:42 GMT+0800 (CST) ] time is 1932
[ Tue Aug 15 2017 16:15:42 GMT+0800 (CST) ] {"err":0,"msg":"JbkKNRif1VCPocTkcy16StJ7weRaZuUSKs"}
[ Tue Aug 15 2017 16:15:42 GMT+0800 (CST) ] time is 1933
[ Tue Aug 15 2017 16:15:42 GMT+0800 (CST) ] {"err":0,"msg":"JWxFjNJaJeiLrBRrC6kQ52Qvds5cAXMokW"}
[ Tue Aug 15 2017 16:15:42 GMT+0800 (CST) ] time is 1934
[ Tue Aug 15 2017 16:15:42 GMT+0800 (CST) ] {"err":0,"msg":"JQQm8UEFcxwpwPRZQP3ZoVAV7nuXkbevF2"}
[ Tue Aug 15 2017 16:15:42 GMT+0800 (CST) ] time is 1935
[ Tue Aug 15 2017 16:15:42 GMT+0800 (CST) ] {"err":0,"msg":"JfovnxiDPP6X4uMLQMuHyZi3EoaFBgRHBE"}
[ Tue Aug 15 2017 16:15:42 GMT+0800 (CST) ] time is 1936
[ Tue Aug 15 2017 16:15:42 GMT+0800 (CST) ] {"err":0,"msg":"JajcYztxS3jCQDCurpmmpA73bpmZwRgjSr"}
[ Tue Aug 15 2017 16:15:42 GMT+0800 (CST) ] time is 1937
[ Tue Aug 15 2017 16:15:42 GMT+0800 (CST) ] {"err":0,"msg":"JQkdifbCsWrLSTLy2YGhMaLZcjCi9KU8t7"}
[ Tue Aug 15 2017 16:15:42 GMT+0800 (CST) ] time is 1938
[ Tue Aug 15 2017 16:15:42 GMT+0800 (CST) ] {"err":0,"msg":"JRtRrmnJ9ZnjsGD37RRFQ1kZPzAVXvQ2tB"}
[ Tue Aug 15 2017 16:15:42 GMT+0800 (CST) ] time is 1939
[ Tue Aug 15 2017 16:15:42 GMT+0800 (CST) ] {"err":0,"msg":"JVXUbWLARHKLhoS3LFpi3wP98pknv28aGq"}
[ Tue Aug 15 2017 16:15:42 GMT+0800 (CST) ] time is 1940
[ Tue Aug 15 2017 16:15:42 GMT+0800 (CST) ] {"err":0,"msg":"JTRNoMr2tfRbTxKQMDgwJPJFV7WYRy2hWE"}
[ Tue Aug 15 2017 16:15:42 GMT+0800 (CST) ] time is 1941
[ Tue Aug 15 2017 16:15:42 GMT+0800 (CST) ] {"err":0,"msg":"JafPp2aHdCtXPE4F4HTbMLzQN41kbYzLcJ"}
[ Tue Aug 15 2017 16:15:42 GMT+0800 (CST) ] time is 1942
[ Tue Aug 15 2017 16:15:42 GMT+0800 (CST) ] {"err":0,"msg":"JYnxS5ivVbaLbRoM3k4AXq3LJZqv6KAJcf"}
[ Tue Aug 15 2017 16:15:42 GMT+0800 (CST) ] time is 1943
[ Tue Aug 15 2017 16:15:42 GMT+0800 (CST) ] {"err":0,"msg":"Jg2tz1pcYkJKy5aDhVpRwC93qpZA2QG75E"}
[ Tue Aug 15 2017 16:15:42 GMT+0800 (CST) ] time is 1944
[ Tue Aug 15 2017 16:15:42 GMT+0800 (CST) ] {"err":0,"msg":"JcAeCu9bbKY68zs7BuskZuaW1ud2TTn6uj"}
[ Tue Aug 15 2017 16:15:42 GMT+0800 (CST) ] time is 1945
[ Tue Aug 15 2017 16:15:42 GMT+0800 (CST) ] {"err":0,"msg":"JVXST5iXwAswtaD5AuzVqafxUfU9qStpyf"}
[ Tue Aug 15 2017 16:15:42 GMT+0800 (CST) ] time is 1946
[ Tue Aug 15 2017 16:15:42 GMT+0800 (CST) ] {"err":0,"msg":"JNHfBLHkaAXoWWbmr498CvWqosiNXW6nqg"}
[ Tue Aug 15 2017 16:15:42 GMT+0800 (CST) ] time is 1947
[ Tue Aug 15 2017 16:15:42 GMT+0800 (CST) ] {"err":0,"msg":"JKHN6LW2ofMtbdekdGGY4bZGcRCD5vCYQB"}
[ Tue Aug 15 2017 16:15:42 GMT+0800 (CST) ] time is 1948
[ Tue Aug 15 2017 16:15:42 GMT+0800 (CST) ] {"err":0,"msg":"JM4g7U8WVS7qaKawqJTPytQwHguBQdRSWX"}
[ Tue Aug 15 2017 16:15:42 GMT+0800 (CST) ] time is 1949
[ Tue Aug 15 2017 16:15:42 GMT+0800 (CST) ] {"err":0,"msg":"JLfyJ5mzZficUGsNgMavDWQb16oHGJadBf"}
[ Tue Aug 15 2017 16:15:42 GMT+0800 (CST) ] time is 1950
[ Tue Aug 15 2017 16:15:42 GMT+0800 (CST) ] {"err":0,"msg":"JhPSmG3afZytJeVVGvCKi2aXHR31CYdkRW"}
[ Tue Aug 15 2017 16:15:42 GMT+0800 (CST) ] time is 1951
[ Tue Aug 15 2017 16:15:42 GMT+0800 (CST) ] {"err":0,"msg":"JV39oAawdM9y8DNEvvcVoyLJZAURdYmdiB"}
[ Tue Aug 15 2017 16:15:42 GMT+0800 (CST) ] time is 1952
[ Tue Aug 15 2017 16:15:42 GMT+0800 (CST) ] {"err":0,"msg":"JWVcXJGtAJRyTgZ9hWZido8TPX6UZ1iY2p"}
[ Tue Aug 15 2017 16:15:42 GMT+0800 (CST) ] time is 1953
[ Tue Aug 15 2017 16:15:42 GMT+0800 (CST) ] {"err":0,"msg":"JPt6fd6JRvxXv4NY1D24biSf6PD2mUzant"}
[ Tue Aug 15 2017 16:15:42 GMT+0800 (CST) ] time is 1954
[ Tue Aug 15 2017 16:15:42 GMT+0800 (CST) ] {"err":0,"msg":"JY57CBM6qbLGhAz1AMdz2QPm5ekYxc4enF"}
[ Tue Aug 15 2017 16:15:42 GMT+0800 (CST) ] time is 1955
[ Tue Aug 15 2017 16:15:42 GMT+0800 (CST) ] {"err":0,"msg":"JYv46qsvbKAvadNUu2bXyV73YtEiaM1WXg"}
[ Tue Aug 15 2017 16:15:42 GMT+0800 (CST) ] time is 1956
[ Tue Aug 15 2017 16:15:42 GMT+0800 (CST) ] {"err":0,"msg":"JeWW1PWTGRmmyHWANe3yx6mSkkGhJzPKTZ"}
[ Tue Aug 15 2017 16:15:42 GMT+0800 (CST) ] time is 1957
[ Tue Aug 15 2017 16:15:42 GMT+0800 (CST) ] {"err":0,"msg":"JguYeKnedPN55Wn9XRnQEvTvKt1cSQmB3D"}
[ Tue Aug 15 2017 16:15:42 GMT+0800 (CST) ] time is 1958
[ Tue Aug 15 2017 16:15:42 GMT+0800 (CST) ] {"err":0,"msg":"JTHqWTgMUGmPcnHiv2FcBeytr4fgmDEaeo"}
[ Tue Aug 15 2017 16:15:42 GMT+0800 (CST) ] time is 1959
[ Tue Aug 15 2017 16:15:42 GMT+0800 (CST) ] {"err":0,"msg":"JMWmfdN8NfHijRAEHbkAvciZ5rsNQEZzuJ"}
[ Tue Aug 15 2017 16:15:42 GMT+0800 (CST) ] time is 1960
[ Tue Aug 15 2017 16:15:42 GMT+0800 (CST) ] {"err":0,"msg":"JfycxgRvwJ1dh9pTnQTQzAxcbY6VoqPTWD"}
[ Tue Aug 15 2017 16:15:42 GMT+0800 (CST) ] time is 1961
[ Tue Aug 15 2017 16:15:42 GMT+0800 (CST) ] {"err":0,"msg":"JhCaYwh6evuT2DhhmrTDwGTTSVXpCDjmYT"}
[ Tue Aug 15 2017 16:15:42 GMT+0800 (CST) ] time is 1962
[ Tue Aug 15 2017 16:15:42 GMT+0800 (CST) ] {"err":0,"msg":"JLQAPpiZpjvhEpikop36uu9iUeurowhdQB"}
[ Tue Aug 15 2017 16:15:42 GMT+0800 (CST) ] time is 1963
[ Tue Aug 15 2017 16:15:42 GMT+0800 (CST) ] {"err":0,"msg":"JddQoYRX31jSYrE3URvqoduZ587XYPSVKE"}
[ Tue Aug 15 2017 16:15:43 GMT+0800 (CST) ] time is 1964
[ Tue Aug 15 2017 16:15:43 GMT+0800 (CST) ] {"err":0,"msg":"JbD1Jq8nobgWn9FRaYdDMhmJKwvvshPcuf"}
[ Tue Aug 15 2017 16:15:43 GMT+0800 (CST) ] time is 1965
[ Tue Aug 15 2017 16:15:43 GMT+0800 (CST) ] {"err":0,"msg":"JhKRd6dnrwp6jo94mFd6wNjeounjtqn7FF"}
[ Tue Aug 15 2017 16:15:43 GMT+0800 (CST) ] time is 1966
[ Tue Aug 15 2017 16:15:43 GMT+0800 (CST) ] {"err":0,"msg":"JhXbSrVAEcT1X9bPQqd1KrKbjQdVJnSZCS"}
[ Tue Aug 15 2017 16:15:43 GMT+0800 (CST) ] time is 1967
[ Tue Aug 15 2017 16:15:43 GMT+0800 (CST) ] {"err":0,"msg":"JZujPVshf3WT6aHeVZM69fhJVMs3sjV4K7"}
[ Tue Aug 15 2017 16:15:43 GMT+0800 (CST) ] time is 1968
[ Tue Aug 15 2017 16:15:43 GMT+0800 (CST) ] {"err":0,"msg":"JeiDGWpJoDCEzEDEE74f1LmthkHuvqt2xL"}
[ Tue Aug 15 2017 16:15:43 GMT+0800 (CST) ] time is 1969
[ Tue Aug 15 2017 16:15:43 GMT+0800 (CST) ] {"err":0,"msg":"JVqKBvY98CEzLcSrXoZdReHHQaHTH1XkFz"}
[ Tue Aug 15 2017 16:15:43 GMT+0800 (CST) ] time is 1970
[ Tue Aug 15 2017 16:15:43 GMT+0800 (CST) ] {"err":0,"msg":"JZf1esTAjfjtCPjyPDYk6rrPkeG14FEED6"}
[ Tue Aug 15 2017 16:15:43 GMT+0800 (CST) ] time is 1971
[ Tue Aug 15 2017 16:15:43 GMT+0800 (CST) ] {"err":0,"msg":"JQTeD8EVNNdqzSKorbfMWyYUQPkdeLYtat"}
[ Tue Aug 15 2017 16:15:43 GMT+0800 (CST) ] time is 1972
[ Tue Aug 15 2017 16:15:43 GMT+0800 (CST) ] {"err":0,"msg":"JQXQzmonbjDeon68AzbLp3ttE5sqtzqKDF"}
[ Tue Aug 15 2017 16:15:43 GMT+0800 (CST) ] time is 1973
[ Tue Aug 15 2017 16:15:43 GMT+0800 (CST) ] {"err":0,"msg":"JV91PRCMswsKeReqVPsugkjTMTiirschLx"}
[ Tue Aug 15 2017 16:15:43 GMT+0800 (CST) ] time is 1974
[ Tue Aug 15 2017 16:15:43 GMT+0800 (CST) ] {"err":0,"msg":"JMTvcTHSjyzM4zdLmtKLUGCF5VziYKBL7T"}
[ Tue Aug 15 2017 16:15:43 GMT+0800 (CST) ] time is 1975
[ Tue Aug 15 2017 16:15:43 GMT+0800 (CST) ] {"err":0,"msg":"JMxytpm5gFQ3wJrVhXgapg9DnCcZ49myML"}
[ Tue Aug 15 2017 16:15:43 GMT+0800 (CST) ] time is 1976
[ Tue Aug 15 2017 16:15:43 GMT+0800 (CST) ] {"err":0,"msg":"JTaAost6KkHFyoQpYMm6rJ3v8QJiXtaQRi"}
[ Tue Aug 15 2017 16:15:43 GMT+0800 (CST) ] time is 1977
[ Tue Aug 15 2017 16:15:43 GMT+0800 (CST) ] {"err":0,"msg":"JJcDstAVm8kYHyUUDyQ1xcpihzAd85PGMg"}
[ Tue Aug 15 2017 16:15:43 GMT+0800 (CST) ] time is 1978
[ Tue Aug 15 2017 16:15:43 GMT+0800 (CST) ] {"err":0,"msg":"JLxMCh1H2KGov8xGGc4VmPifcdeLkAFvHk"}
[ Tue Aug 15 2017 16:15:43 GMT+0800 (CST) ] time is 1979
[ Tue Aug 15 2017 16:15:43 GMT+0800 (CST) ] {"err":0,"msg":"JgQCoRQRopCYMr8Kbg8DXFhJHZtMdSGcvu"}
[ Tue Aug 15 2017 16:15:43 GMT+0800 (CST) ] time is 1980
[ Tue Aug 15 2017 16:15:43 GMT+0800 (CST) ] {"err":0,"msg":"JXoFRSzLLsk7bPwrEYftDsLyBigvurzeVG"}
[ Tue Aug 15 2017 16:15:43 GMT+0800 (CST) ] time is 1981
[ Tue Aug 15 2017 16:15:43 GMT+0800 (CST) ] {"err":0,"msg":"JYh9Gckda634g3z3PL3LTqtDv1KFUFNJ5R"}
[ Tue Aug 15 2017 16:15:43 GMT+0800 (CST) ] time is 1982
[ Tue Aug 15 2017 16:15:43 GMT+0800 (CST) ] {"err":0,"msg":"JXh3CzzadUfi4XAVbSA43uZdPBxSMfCsYD"}
[ Tue Aug 15 2017 16:15:43 GMT+0800 (CST) ] time is 1983
[ Tue Aug 15 2017 16:15:43 GMT+0800 (CST) ] {"err":0,"msg":"JQC757rNwPZiQfoDwfZi4xxWXYD6sxcYEG"}
[ Tue Aug 15 2017 16:15:43 GMT+0800 (CST) ] time is 1984
[ Tue Aug 15 2017 16:15:43 GMT+0800 (CST) ] {"err":0,"msg":"JauhiiML2spTEkZYa4tt6Hmf2mqxY65sSL"}
[ Tue Aug 15 2017 16:15:43 GMT+0800 (CST) ] time is 1985
[ Tue Aug 15 2017 16:15:43 GMT+0800 (CST) ] {"err":0,"msg":"JWrFdPk9yCT55m2HrzAfU9nM979NAAYKr7"}
[ Tue Aug 15 2017 16:15:43 GMT+0800 (CST) ] time is 1986
[ Tue Aug 15 2017 16:15:43 GMT+0800 (CST) ] {"err":0,"msg":"JenNN3woqRnjksKzfbNHsABX6aqQXp3KqW"}
[ Tue Aug 15 2017 16:15:43 GMT+0800 (CST) ] time is 1987
[ Tue Aug 15 2017 16:15:43 GMT+0800 (CST) ] {"err":0,"msg":"JURFzDj1RuwVPBGvDdzdE9ZaPPY6nGoNyU"}
[ Tue Aug 15 2017 16:15:43 GMT+0800 (CST) ] time is 1988
[ Tue Aug 15 2017 16:15:43 GMT+0800 (CST) ] {"err":0,"msg":"JJrTiijcRxy1ZmME8akTEkM4vtJcVF7Ryi"}
[ Tue Aug 15 2017 16:15:43 GMT+0800 (CST) ] time is 1989
[ Tue Aug 15 2017 16:15:43 GMT+0800 (CST) ] {"err":0,"msg":"JLjGAEqB93R5h6Mek9Qcop4pCbVL53Kzqr"}
[ Tue Aug 15 2017 16:15:43 GMT+0800 (CST) ] time is 1990
[ Tue Aug 15 2017 16:15:43 GMT+0800 (CST) ] {"err":0,"msg":"JYsRV7rS2Du8EBLXgjXuTWLqdDuGHXfjAn"}
[ Tue Aug 15 2017 16:15:43 GMT+0800 (CST) ] time is 1991
[ Tue Aug 15 2017 16:15:43 GMT+0800 (CST) ] {"err":0,"msg":"JP9EYruzbHbBXUn1Yg3NxZcwxx72wPM7Hx"}
[ Tue Aug 15 2017 16:15:43 GMT+0800 (CST) ] time is 1992
[ Tue Aug 15 2017 16:15:43 GMT+0800 (CST) ] {"err":0,"msg":"JbJ7qAVK5ZZx5UUuMjmgo7oENxdZ6R4UTg"}
[ Tue Aug 15 2017 16:15:43 GMT+0800 (CST) ] time is 1993
[ Tue Aug 15 2017 16:15:43 GMT+0800 (CST) ] {"err":0,"msg":"JPXMa1w7yex8NCgapyMq8mK6ZbdnSyqkGJ"}
[ Tue Aug 15 2017 16:15:43 GMT+0800 (CST) ] time is 1994
[ Tue Aug 15 2017 16:15:43 GMT+0800 (CST) ] {"err":0,"msg":"Je9rjC3gG5smXcSP1jyJr7MQU5HSoibY6a"}
[ Tue Aug 15 2017 16:15:43 GMT+0800 (CST) ] time is 1995
[ Tue Aug 15 2017 16:15:43 GMT+0800 (CST) ] {"err":0,"msg":"JN61rg7STy6z4jZrGukVzvTJ6sZYWhs3yf"}
[ Tue Aug 15 2017 16:15:43 GMT+0800 (CST) ] time is 1996
[ Tue Aug 15 2017 16:15:43 GMT+0800 (CST) ] {"err":0,"msg":"JLxi1Qapq4DoP4iG21dfGpcsDmZq2CJT8b"}
[ Tue Aug 15 2017 16:15:43 GMT+0800 (CST) ] time is 1997
[ Tue Aug 15 2017 16:15:43 GMT+0800 (CST) ] {"err":0,"msg":"JKEKLYTB5JKFY3efw7n1PuzZxAivahhTbv"}
[ Tue Aug 15 2017 16:15:43 GMT+0800 (CST) ] time is 1998
[ Tue Aug 15 2017 16:15:43 GMT+0800 (CST) ] {"err":0,"msg":"JRiFHzJ3SFD1krjJsjwFiSWeC8SGWwPzCB"}
[ Tue Aug 15 2017 16:15:43 GMT+0800 (CST) ] time is 1999
[ Tue Aug 15 2017 16:15:43 GMT+0800 (CST) ] {"err":0,"msg":"JTe9VcdEApqA2YtBVTntYdWXEQ7Aec7rRY"}
[ Tue Aug 15 2017 16:15:43 GMT+0800 (CST) ] time is 2000
[ Tue Aug 15 2017 16:15:43 GMT+0800 (CST) ] {"err":0,"msg":"Jg9y7qu4JnsaVFCXKMLqtZbc88vK8pDxgy"}
[ Tue Aug 15 2017 16:15:43 GMT+0800 (CST) ] time is 2001
[ Tue Aug 15 2017 16:15:43 GMT+0800 (CST) ] {"err":0,"msg":"JUbGSUwv5MGAiuat14jjZ18kpbEFGkKcLx"}
[ Tue Aug 15 2017 16:15:44 GMT+0800 (CST) ] time is 2002
[ Tue Aug 15 2017 16:15:44 GMT+0800 (CST) ] {"err":0,"msg":"JXeT5GqY3FStsJw7Dfx3xj3bSCXTNtmKhr"}
[ Tue Aug 15 2017 16:15:44 GMT+0800 (CST) ] time is 2003
[ Tue Aug 15 2017 16:15:44 GMT+0800 (CST) ] {"err":0,"msg":"JQFKpRu7wGEzKL9XWE2wqVhvGmoTGYx4xW"}
[ Tue Aug 15 2017 16:15:44 GMT+0800 (CST) ] time is 2004
[ Tue Aug 15 2017 16:15:44 GMT+0800 (CST) ] {"err":0,"msg":"Jh2vhTdpE8xzyVegnXP4htwjXjkgQmAAjn"}
[ Tue Aug 15 2017 16:15:44 GMT+0800 (CST) ] time is 2005
[ Tue Aug 15 2017 16:15:44 GMT+0800 (CST) ] {"err":0,"msg":"JRFjf3ipkvhHdn4VHn8W8NUxsqZFFdjJXo"}
[ Tue Aug 15 2017 16:15:44 GMT+0800 (CST) ] time is 2006
[ Tue Aug 15 2017 16:15:44 GMT+0800 (CST) ] {"err":0,"msg":"JZDqcRQTYMLuqaNi9f3bGtz6uAnuWV5ZSa"}
[ Tue Aug 15 2017 16:15:44 GMT+0800 (CST) ] time is 2007
[ Tue Aug 15 2017 16:15:44 GMT+0800 (CST) ] {"err":0,"msg":"JaL5t2KqMXu6eE68q7XS1qN8f2H8GLy89r"}
[ Tue Aug 15 2017 16:15:44 GMT+0800 (CST) ] time is 2008
[ Tue Aug 15 2017 16:15:44 GMT+0800 (CST) ] {"err":0,"msg":"JPoz7FPb8Ma2YhuyM54UpVa3H37tKHsF8p"}
[ Tue Aug 15 2017 16:15:44 GMT+0800 (CST) ] time is 2009
[ Tue Aug 15 2017 16:15:44 GMT+0800 (CST) ] {"err":0,"msg":"JJxy4gwVYrYv7syLeq8RdZnN5Jza5mUEFq"}
[ Tue Aug 15 2017 16:15:44 GMT+0800 (CST) ] time is 2010
[ Tue Aug 15 2017 16:15:44 GMT+0800 (CST) ] {"err":0,"msg":"JQ9b46JvN7CvBajJpT7QwUVmp4CZWS3pRv"}
[ Tue Aug 15 2017 16:15:44 GMT+0800 (CST) ] time is 2011
[ Tue Aug 15 2017 16:15:44 GMT+0800 (CST) ] {"err":0,"msg":"JZrRa8jBbky4JAy3GXHB2kJWzcJAMd7W7V"}
[ Tue Aug 15 2017 16:15:44 GMT+0800 (CST) ] time is 2012
[ Tue Aug 15 2017 16:15:44 GMT+0800 (CST) ] {"err":0,"msg":"JTkvXZeHraLhXMruikPPY32fD8DbMUUZ74"}
[ Tue Aug 15 2017 16:15:44 GMT+0800 (CST) ] time is 2013
[ Tue Aug 15 2017 16:15:44 GMT+0800 (CST) ] {"err":0,"msg":"JNXKuPRpJoVBKsJ9kRXpbo9CWkR2qJYkrH"}
[ Tue Aug 15 2017 16:15:44 GMT+0800 (CST) ] time is 2014
[ Tue Aug 15 2017 16:15:44 GMT+0800 (CST) ] {"err":0,"msg":"JgJpbsMdvEcQtX33pdsvFpXEz1X3b2Q1GZ"}
[ Tue Aug 15 2017 16:15:44 GMT+0800 (CST) ] time is 2015
[ Tue Aug 15 2017 16:15:44 GMT+0800 (CST) ] {"err":0,"msg":"JVtCZkrjPyk8EwXWhE9q5cJn899D1Qeaw1"}
[ Tue Aug 15 2017 16:15:44 GMT+0800 (CST) ] time is 2016
[ Tue Aug 15 2017 16:15:44 GMT+0800 (CST) ] {"err":0,"msg":"JVaGUYPb2ZcViceB7nWVed444GodbJbCkt"}
[ Tue Aug 15 2017 16:15:44 GMT+0800 (CST) ] time is 2017
[ Tue Aug 15 2017 16:15:44 GMT+0800 (CST) ] {"err":0,"msg":"JNUy2vfkgcFVC8Qg67MLgpvGXBkt71nGfS"}
[ Tue Aug 15 2017 16:15:44 GMT+0800 (CST) ] time is 2018
[ Tue Aug 15 2017 16:15:44 GMT+0800 (CST) ] {"err":0,"msg":"JZ9qijRcXE47nf5ggxrdce3jXWK9miPH4g"}
[ Tue Aug 15 2017 16:15:44 GMT+0800 (CST) ] time is 2019
[ Tue Aug 15 2017 16:15:44 GMT+0800 (CST) ] {"err":0,"msg":"JZ5LKAJkMU9PN19LNnMLiB6X4KiL6umi2d"}
[ Tue Aug 15 2017 16:15:44 GMT+0800 (CST) ] time is 2020
[ Tue Aug 15 2017 16:15:44 GMT+0800 (CST) ] {"err":0,"msg":"JdsUeiYcok1AHVMpEANJnCgggpKgu1EzZ1"}
[ Tue Aug 15 2017 16:15:44 GMT+0800 (CST) ] time is 2021
[ Tue Aug 15 2017 16:15:44 GMT+0800 (CST) ] {"err":0,"msg":"JfjrBj4SxdaaPXsE4Mbd1fXrjJY3fdpqpU"}
[ Tue Aug 15 2017 16:15:44 GMT+0800 (CST) ] time is 2022
[ Tue Aug 15 2017 16:15:44 GMT+0800 (CST) ] {"err":0,"msg":"JKGDsHNDtLgHsGcEzoZNSaoWVrSfc4DD9K"}
[ Tue Aug 15 2017 16:15:44 GMT+0800 (CST) ] time is 2023
[ Tue Aug 15 2017 16:15:44 GMT+0800 (CST) ] {"err":0,"msg":"JVyLJgHF2u6AhcdaJYGXG9MPfY3zkLYXHY"}
[ Tue Aug 15 2017 16:15:44 GMT+0800 (CST) ] time is 2024
[ Tue Aug 15 2017 16:15:44 GMT+0800 (CST) ] {"err":0,"msg":"JfmNuaiNG5vGupiD9pUBLDRLfK7N1EJg57"}
[ Tue Aug 15 2017 16:15:44 GMT+0800 (CST) ] time is 2025
[ Tue Aug 15 2017 16:15:44 GMT+0800 (CST) ] {"err":0,"msg":"JW9jELihbXbLqqYHPdJR34HZ7gJBh5vsLg"}
[ Tue Aug 15 2017 16:15:44 GMT+0800 (CST) ] time is 2026
[ Tue Aug 15 2017 16:15:44 GMT+0800 (CST) ] {"err":0,"msg":"JKSjYqZDkN6dsrwc8g2bz4Qd9QYuanKVKT"}
[ Tue Aug 15 2017 16:15:44 GMT+0800 (CST) ] time is 2027
[ Tue Aug 15 2017 16:15:44 GMT+0800 (CST) ] {"err":0,"msg":"JL2FJe2qM4G1A4E5hsrXpaGjYy6gGdQ8jS"}
[ Tue Aug 15 2017 16:15:44 GMT+0800 (CST) ] time is 2028
[ Tue Aug 15 2017 16:15:44 GMT+0800 (CST) ] {"err":0,"msg":"JTzWihYqMssTxaYMhgU3T9wVDuBGv8LmEK"}
[ Tue Aug 15 2017 16:15:44 GMT+0800 (CST) ] time is 2029
[ Tue Aug 15 2017 16:15:44 GMT+0800 (CST) ] {"err":0,"msg":"JSAyLjNA51W9yVfepbMpjFZoZDnyhhGBF6"}
[ Tue Aug 15 2017 16:15:44 GMT+0800 (CST) ] time is 2030
[ Tue Aug 15 2017 16:15:44 GMT+0800 (CST) ] {"err":0,"msg":"JKAZiVaNh1ZERzvEg7nXix3U6kB22F6BM8"}
[ Tue Aug 15 2017 16:15:44 GMT+0800 (CST) ] time is 2031
[ Tue Aug 15 2017 16:15:44 GMT+0800 (CST) ] {"err":0,"msg":"JYLDxgz9wFxp17T6fegk7G45daKnLKxeiy"}
[ Tue Aug 15 2017 16:15:44 GMT+0800 (CST) ] time is 2032
[ Tue Aug 15 2017 16:15:44 GMT+0800 (CST) ] {"err":0,"msg":"JYjurWvFuNWtg6iyNTB4kPJNMbEPqawFNU"}
[ Tue Aug 15 2017 16:15:44 GMT+0800 (CST) ] time is 2033
[ Tue Aug 15 2017 16:15:44 GMT+0800 (CST) ] {"err":0,"msg":"JdsFG2dWsG2QjD37TsZLTqkEcmWxqfMNus"}
[ Tue Aug 15 2017 16:15:44 GMT+0800 (CST) ] time is 2034
[ Tue Aug 15 2017 16:15:44 GMT+0800 (CST) ] {"err":0,"msg":"JaB2cp433QxWZGPqS4LpoWUdFPN6LSNEPH"}
[ Tue Aug 15 2017 16:15:44 GMT+0800 (CST) ] time is 2035
[ Tue Aug 15 2017 16:15:44 GMT+0800 (CST) ] {"err":0,"msg":"JgZNkj6XG8LTyjAhwEbhUKpdrfYTbW95Am"}
[ Tue Aug 15 2017 16:15:44 GMT+0800 (CST) ] time is 2036
[ Tue Aug 15 2017 16:15:44 GMT+0800 (CST) ] {"err":0,"msg":"JaBH33uS8qPkNoJQS2PHwwkmuWUthtj4h4"}
[ Tue Aug 15 2017 16:15:44 GMT+0800 (CST) ] time is 2037
[ Tue Aug 15 2017 16:15:44 GMT+0800 (CST) ] {"err":0,"msg":"JNswRpuietadyoar6URUSNzKk2yeygup2T"}
[ Tue Aug 15 2017 16:15:44 GMT+0800 (CST) ] time is 2038
[ Tue Aug 15 2017 16:15:44 GMT+0800 (CST) ] {"err":0,"msg":"JLVNMsbSQzoF9JQv249ZrgUagrd3dvjEhD"}
[ Tue Aug 15 2017 16:15:44 GMT+0800 (CST) ] time is 2039
[ Tue Aug 15 2017 16:15:44 GMT+0800 (CST) ] {"err":0,"msg":"JVMNp8QkrWedLtN7tHf4ErfNR1hwBuUmA5"}
[ Tue Aug 15 2017 16:15:44 GMT+0800 (CST) ] time is 2040
[ Tue Aug 15 2017 16:15:44 GMT+0800 (CST) ] {"err":0,"msg":"JdG63kiAouMXXN4APoX7T4UBfzNnSvYiy4"}
[ Tue Aug 15 2017 16:15:45 GMT+0800 (CST) ] time is 2041
[ Tue Aug 15 2017 16:15:45 GMT+0800 (CST) ] {"err":0,"msg":"JZ6SpLYFZHD48DSCvQs4zcjFmeKNwnxXZn"}
[ Tue Aug 15 2017 16:15:45 GMT+0800 (CST) ] time is 2042
[ Tue Aug 15 2017 16:15:45 GMT+0800 (CST) ] {"err":0,"msg":"JNqyN5jyJjtPvB6WiemggNw91QmouUL5GZ"}
[ Tue Aug 15 2017 16:15:45 GMT+0800 (CST) ] time is 2043
[ Tue Aug 15 2017 16:15:45 GMT+0800 (CST) ] {"err":0,"msg":"JdD3BomniDayaejS1pdyiE4fr6dV8EFvf3"}
[ Tue Aug 15 2017 16:15:45 GMT+0800 (CST) ] time is 2044
[ Tue Aug 15 2017 16:15:45 GMT+0800 (CST) ] {"err":0,"msg":"JNSm4QHrxouVVkWPRdWwVrU4KKSPFPNvfJ"}
[ Tue Aug 15 2017 16:15:45 GMT+0800 (CST) ] time is 2045
[ Tue Aug 15 2017 16:15:45 GMT+0800 (CST) ] {"err":0,"msg":"JPe9ZZtbeac6piNc6JAW695yRPqRdFeKKW"}
[ Tue Aug 15 2017 16:15:45 GMT+0800 (CST) ] time is 2046
[ Tue Aug 15 2017 16:15:45 GMT+0800 (CST) ] {"err":0,"msg":"JNhpgL56PuArDAXPw6GD5vx7AUBcLrpBsZ"}
[ Tue Aug 15 2017 16:15:45 GMT+0800 (CST) ] time is 2047
[ Tue Aug 15 2017 16:15:45 GMT+0800 (CST) ] {"err":0,"msg":"JW9SbiLwjBCR2KyfbENKxEhPbeyqxeU8PA"}
[ Tue Aug 15 2017 16:15:45 GMT+0800 (CST) ] time is 2048
[ Tue Aug 15 2017 16:15:45 GMT+0800 (CST) ] {"err":0,"msg":"Jg2oYfHcM1D5B3gcYGfcmL9mSb8ZNhQQMS"}
[ Tue Aug 15 2017 16:15:45 GMT+0800 (CST) ] time is 2049
[ Tue Aug 15 2017 16:15:45 GMT+0800 (CST) ] {"err":0,"msg":"JQqDcBQnoZRM3uXfTjiJaGckMtW6QKMFFe"}
[ Tue Aug 15 2017 16:15:45 GMT+0800 (CST) ] time is 2050
[ Tue Aug 15 2017 16:15:45 GMT+0800 (CST) ] {"err":0,"msg":"JT3ZMWb6JttJrCofajHoeTaR8tkkasiZ16"}
[ Tue Aug 15 2017 16:15:45 GMT+0800 (CST) ] time is 2051
[ Tue Aug 15 2017 16:15:45 GMT+0800 (CST) ] {"err":0,"msg":"JbjqtrNhpWEXxANapRhCAQRTCSGmBQdT4n"}
[ Tue Aug 15 2017 16:15:45 GMT+0800 (CST) ] time is 2052
[ Tue Aug 15 2017 16:15:45 GMT+0800 (CST) ] {"err":0,"msg":"JNb6VKxiPuLMADzWg83qz7QZwKVZEpgYnM"}
[ Tue Aug 15 2017 16:15:45 GMT+0800 (CST) ] time is 2053
[ Tue Aug 15 2017 16:15:45 GMT+0800 (CST) ] {"err":0,"msg":"JM6W8ZmkxoUgvL8WjS3cwSE55hfSbEk66k"}
[ Tue Aug 15 2017 16:15:45 GMT+0800 (CST) ] time is 2054
[ Tue Aug 15 2017 16:15:45 GMT+0800 (CST) ] {"err":0,"msg":"JPoSSXuzRYzaoNJ3i7amfSuuhvZGWDvZxY"}
[ Tue Aug 15 2017 16:15:45 GMT+0800 (CST) ] time is 2055
[ Tue Aug 15 2017 16:15:45 GMT+0800 (CST) ] {"err":0,"msg":"JXAS2C7mCd4vLZbkDqnxkefwXcBqbNuRP4"}
[ Tue Aug 15 2017 16:15:45 GMT+0800 (CST) ] time is 2056
[ Tue Aug 15 2017 16:15:45 GMT+0800 (CST) ] {"err":0,"msg":"Jhd5htiM6qxUozMuCfC43hiKFmjomqUfRE"}
[ Tue Aug 15 2017 16:15:45 GMT+0800 (CST) ] time is 2057
[ Tue Aug 15 2017 16:15:45 GMT+0800 (CST) ] {"err":0,"msg":"JSC94SVdaWwAXpVB2mVWeBW3encKJJRxGa"}
[ Tue Aug 15 2017 16:15:45 GMT+0800 (CST) ] time is 2058
[ Tue Aug 15 2017 16:15:45 GMT+0800 (CST) ] {"err":0,"msg":"JeQDUiL2LWXwpy8eU2fFj5DUmn6epUcfj2"}
[ Tue Aug 15 2017 16:15:45 GMT+0800 (CST) ] time is 2059
[ Tue Aug 15 2017 16:15:45 GMT+0800 (CST) ] {"err":0,"msg":"JeCywdYjeuSvhbG491kAbJiAor49XPUWiS"}
[ Tue Aug 15 2017 16:15:45 GMT+0800 (CST) ] time is 2060
[ Tue Aug 15 2017 16:15:45 GMT+0800 (CST) ] {"err":0,"msg":"JJgNq3WyENsYcqQifPuARLxdLHmpaVG5r5"}
[ Tue Aug 15 2017 16:15:45 GMT+0800 (CST) ] time is 2061
[ Tue Aug 15 2017 16:15:45 GMT+0800 (CST) ] {"err":0,"msg":"JeXU78Ldgka6PUrrMQRLLr8BUnD1h5mu3M"}
[ Tue Aug 15 2017 16:15:45 GMT+0800 (CST) ] time is 2062
[ Tue Aug 15 2017 16:15:45 GMT+0800 (CST) ] {"err":0,"msg":"Jg1P1VDzowaCr82SRZorHPTk2TPbxdbvVV"}
[ Tue Aug 15 2017 16:15:45 GMT+0800 (CST) ] time is 2063
[ Tue Aug 15 2017 16:15:45 GMT+0800 (CST) ] {"err":0,"msg":"JKbFQu1tv8wU3X44nCNBfRACWMyp6mP3nG"}
[ Tue Aug 15 2017 16:15:45 GMT+0800 (CST) ] time is 2064
[ Tue Aug 15 2017 16:15:45 GMT+0800 (CST) ] {"err":0,"msg":"JUV2RQivDshALLSJLumPDJ87gfeH979gYS"}
[ Tue Aug 15 2017 16:15:45 GMT+0800 (CST) ] time is 2065
[ Tue Aug 15 2017 16:15:45 GMT+0800 (CST) ] {"err":0,"msg":"JLR5YUfMHgbBCryhFScUt33zSMjKd4sgH4"}
[ Tue Aug 15 2017 16:15:45 GMT+0800 (CST) ] time is 2066
[ Tue Aug 15 2017 16:15:45 GMT+0800 (CST) ] {"err":0,"msg":"JUUT1unrPYMkAEuknLkCegdLJ9EFLBYSne"}
[ Tue Aug 15 2017 16:15:45 GMT+0800 (CST) ] time is 2067
[ Tue Aug 15 2017 16:15:45 GMT+0800 (CST) ] {"err":0,"msg":"JdT8AFPUWqCnKvK1uwFUe4S4VcmCt8hYKE"}
[ Tue Aug 15 2017 16:15:45 GMT+0800 (CST) ] time is 2068
[ Tue Aug 15 2017 16:15:45 GMT+0800 (CST) ] {"err":0,"msg":"JdR1YZdeX1qSk2vv3ny79MCPWiYS6vZcvh"}
[ Tue Aug 15 2017 16:15:45 GMT+0800 (CST) ] time is 2069
[ Tue Aug 15 2017 16:15:45 GMT+0800 (CST) ] {"err":0,"msg":"JQsTB81Kc8Gq3ZY1ZM3nPFGNsGWgq46QDK"}
[ Tue Aug 15 2017 16:15:45 GMT+0800 (CST) ] time is 2070
[ Tue Aug 15 2017 16:15:45 GMT+0800 (CST) ] {"err":0,"msg":"JRxjjpBoWU9KPeJrRw63W1AcTgNr7cnp6T"}
[ Tue Aug 15 2017 16:15:45 GMT+0800 (CST) ] time is 2071
[ Tue Aug 15 2017 16:15:45 GMT+0800 (CST) ] {"err":0,"msg":"JVgwSsg8MR6QMA3ANMgx7LGfn2VyoqPuNu"}
[ Tue Aug 15 2017 16:15:45 GMT+0800 (CST) ] time is 2072
[ Tue Aug 15 2017 16:15:45 GMT+0800 (CST) ] {"err":0,"msg":"JbC4zKf2pAv4Vr4QHyyC7ZjiSjQMv31TU8"}
[ Tue Aug 15 2017 16:15:45 GMT+0800 (CST) ] time is 2073
[ Tue Aug 15 2017 16:15:45 GMT+0800 (CST) ] {"err":0,"msg":"JNZTJRJuKBaJiEDsZmuAFmKt6nF4AGpCAS"}
[ Tue Aug 15 2017 16:15:45 GMT+0800 (CST) ] time is 2074
[ Tue Aug 15 2017 16:15:45 GMT+0800 (CST) ] {"err":0,"msg":"JanWTt5dDDZizNhkV3dJeoh54gYJspgNDo"}
[ Tue Aug 15 2017 16:15:45 GMT+0800 (CST) ] time is 2075
[ Tue Aug 15 2017 16:15:45 GMT+0800 (CST) ] {"err":0,"msg":"JVy6inKBHj59fTtdUAXMvrBXZgM6rjsH1V"}
[ Tue Aug 15 2017 16:15:45 GMT+0800 (CST) ] time is 2076
[ Tue Aug 15 2017 16:15:45 GMT+0800 (CST) ] {"err":0,"msg":"JbuJxnxYXfQWEb1oHgJrCaQE3mJ43NQtm8"}
[ Tue Aug 15 2017 16:15:45 GMT+0800 (CST) ] time is 2077
[ Tue Aug 15 2017 16:15:45 GMT+0800 (CST) ] {"err":0,"msg":"JQ6zzUKjxc7LCwKWPQjPyUEUmoJq5RMj5b"}
[ Tue Aug 15 2017 16:15:45 GMT+0800 (CST) ] time is 2078
[ Tue Aug 15 2017 16:15:45 GMT+0800 (CST) ] {"err":0,"msg":"JPoxGFgo9SBCo27QhncVijparNMbL9neWe"}
[ Tue Aug 15 2017 16:15:46 GMT+0800 (CST) ] time is 2079
[ Tue Aug 15 2017 16:15:46 GMT+0800 (CST) ] {"err":0,"msg":"JXQQQAzHyDCbiNJaQxSeYwgSaykjUbh47J"}
[ Tue Aug 15 2017 16:15:46 GMT+0800 (CST) ] time is 2080
[ Tue Aug 15 2017 16:15:46 GMT+0800 (CST) ] {"err":0,"msg":"JQucAHq9GNL3LCEDB4gpVfzg34vgSCv7Ro"}
[ Tue Aug 15 2017 16:15:46 GMT+0800 (CST) ] time is 2081
[ Tue Aug 15 2017 16:15:46 GMT+0800 (CST) ] {"err":0,"msg":"JQ17HjMDD9xFwomNo9BS7CFbJCU5XTrZKz"}
[ Tue Aug 15 2017 16:15:46 GMT+0800 (CST) ] time is 2082
[ Tue Aug 15 2017 16:15:46 GMT+0800 (CST) ] {"err":0,"msg":"JZ9nhpi6UtHdvhGGciKLFGe7CWwZJxkccm"}
[ Tue Aug 15 2017 16:15:46 GMT+0800 (CST) ] time is 2083
[ Tue Aug 15 2017 16:15:46 GMT+0800 (CST) ] {"err":0,"msg":"JUm2b4Rh38SxkdFd2DxpQYdamw3vmvhijG"}
[ Tue Aug 15 2017 16:15:46 GMT+0800 (CST) ] time is 2084
[ Tue Aug 15 2017 16:15:46 GMT+0800 (CST) ] {"err":0,"msg":"JWPKyhbzA3a1FLXSU7H1kXCbGFLiA1hmmH"}
[ Tue Aug 15 2017 16:15:46 GMT+0800 (CST) ] time is 2085
[ Tue Aug 15 2017 16:15:46 GMT+0800 (CST) ] {"err":0,"msg":"JX45QvH45wZiWMgqeaREvbqLAjmie1HB9y"}
[ Tue Aug 15 2017 16:15:46 GMT+0800 (CST) ] time is 2086
[ Tue Aug 15 2017 16:15:46 GMT+0800 (CST) ] {"err":0,"msg":"JXQozRqdUCHEnUwmfeMFJWdP4TdihzgNwm"}
[ Tue Aug 15 2017 16:15:46 GMT+0800 (CST) ] time is 2087
[ Tue Aug 15 2017 16:15:46 GMT+0800 (CST) ] {"err":0,"msg":"JfUyNrYhGERpmXJYUZqeV2UhTonjgQkiRD"}
[ Tue Aug 15 2017 16:15:46 GMT+0800 (CST) ] time is 2088
[ Tue Aug 15 2017 16:15:46 GMT+0800 (CST) ] {"err":0,"msg":"Jepy1s4JZfUJW2DK26R4D1ZuWGsZ1tijtG"}
[ Tue Aug 15 2017 16:15:46 GMT+0800 (CST) ] time is 2089
[ Tue Aug 15 2017 16:15:46 GMT+0800 (CST) ] {"err":0,"msg":"Je9ssuXWuN9aRH2V3aYnLxergNQoz3f9mN"}
[ Tue Aug 15 2017 16:15:46 GMT+0800 (CST) ] time is 2090
[ Tue Aug 15 2017 16:15:46 GMT+0800 (CST) ] {"err":0,"msg":"JPMAu12roK8Ws7JKpSFRFRibiJhJU2fGGj"}
[ Tue Aug 15 2017 16:15:46 GMT+0800 (CST) ] time is 2091
[ Tue Aug 15 2017 16:15:46 GMT+0800 (CST) ] {"err":0,"msg":"JagwBfLZYcxnHULPTrtuwDU8zgZEDxFHPY"}
[ Tue Aug 15 2017 16:15:46 GMT+0800 (CST) ] time is 2092
[ Tue Aug 15 2017 16:15:46 GMT+0800 (CST) ] {"err":0,"msg":"JYNW5s9siGXQ3PyGMSRisaEm8oSHubRh6k"}
[ Tue Aug 15 2017 16:15:46 GMT+0800 (CST) ] time is 2093
[ Tue Aug 15 2017 16:15:46 GMT+0800 (CST) ] {"err":0,"msg":"JZ2tigeR5UFf65GETtYq6B5dCbMeuZ1jtE"}
[ Tue Aug 15 2017 16:15:46 GMT+0800 (CST) ] time is 2094
[ Tue Aug 15 2017 16:15:46 GMT+0800 (CST) ] {"err":0,"msg":"JVSXbNrxax5ryKAmTexyu1FA14cVANpVCp"}
[ Tue Aug 15 2017 16:15:46 GMT+0800 (CST) ] time is 2095
[ Tue Aug 15 2017 16:15:46 GMT+0800 (CST) ] {"err":0,"msg":"JLktnjcQH7XCeAu6Qna8UpZM68wgKz9AMU"}
[ Tue Aug 15 2017 16:15:46 GMT+0800 (CST) ] time is 2096
[ Tue Aug 15 2017 16:15:46 GMT+0800 (CST) ] {"err":0,"msg":"Jg9Yv4kbPxFU8qFWc1xWPZdSh9hS6DhhWo"}
[ Tue Aug 15 2017 16:15:46 GMT+0800 (CST) ] time is 2097
[ Tue Aug 15 2017 16:15:46 GMT+0800 (CST) ] {"err":0,"msg":"JYSFiTrQK9qtAvZtsFLCHLbgS1JdBnFXGB"}
[ Tue Aug 15 2017 16:15:46 GMT+0800 (CST) ] time is 2098
[ Tue Aug 15 2017 16:15:46 GMT+0800 (CST) ] {"err":0,"msg":"JRd16R2FqA9kXAHkDWwqZQyVfUu6kJ73id"}
[ Tue Aug 15 2017 16:15:46 GMT+0800 (CST) ] time is 2099
[ Tue Aug 15 2017 16:15:46 GMT+0800 (CST) ] {"err":0,"msg":"JVYL1ViKi761fSsbBzaDVPtyPGTfJXZweV"}
[ Tue Aug 15 2017 16:15:46 GMT+0800 (CST) ] time is 2100
[ Tue Aug 15 2017 16:15:46 GMT+0800 (CST) ] {"err":0,"msg":"JPwdN9vxH4UJeaZnszkSvpfJXZdu8m1QiY"}
[ Tue Aug 15 2017 16:15:46 GMT+0800 (CST) ] time is 2101
[ Tue Aug 15 2017 16:15:46 GMT+0800 (CST) ] {"err":0,"msg":"JRBpxYw3hQE2S68hAHW4ESk4WGP8DFEJXX"}
[ Tue Aug 15 2017 16:15:46 GMT+0800 (CST) ] time is 2102
[ Tue Aug 15 2017 16:15:46 GMT+0800 (CST) ] {"err":0,"msg":"JXpM5JrftoDyUMGcdyWSsiKc1Fn8LCSWkC"}
[ Tue Aug 15 2017 16:15:46 GMT+0800 (CST) ] time is 2103
[ Tue Aug 15 2017 16:15:46 GMT+0800 (CST) ] {"err":0,"msg":"JbnJeVbKemGEXkZr1qwvyr4eNRd6osa8UP"}
[ Tue Aug 15 2017 16:15:46 GMT+0800 (CST) ] time is 2104
[ Tue Aug 15 2017 16:15:46 GMT+0800 (CST) ] {"err":0,"msg":"JUDNAkZUQpWp1SW96Vf7gXEYRYtVoHixqk"}
[ Tue Aug 15 2017 16:15:46 GMT+0800 (CST) ] time is 2105
[ Tue Aug 15 2017 16:15:46 GMT+0800 (CST) ] {"err":0,"msg":"JN8DQ5b5bAYqBFyjwkF2tXee8utnVfdyQt"}
[ Tue Aug 15 2017 16:15:46 GMT+0800 (CST) ] time is 2106
[ Tue Aug 15 2017 16:15:46 GMT+0800 (CST) ] {"err":0,"msg":"Jemw3zqQSk7jdwQ5rcgBovazkpScndAmbX"}
[ Tue Aug 15 2017 16:15:46 GMT+0800 (CST) ] time is 2107
[ Tue Aug 15 2017 16:15:46 GMT+0800 (CST) ] {"err":0,"msg":"JPzr5Rr5MkyEQyLQZkM1dyi8ofvwzqi4yK"}
[ Tue Aug 15 2017 16:15:46 GMT+0800 (CST) ] time is 2108
[ Tue Aug 15 2017 16:15:46 GMT+0800 (CST) ] {"err":0,"msg":"JTP6u3JsWBZMoHMn14gaaUPUn9BwLU19S9"}
[ Tue Aug 15 2017 16:15:46 GMT+0800 (CST) ] time is 2109
[ Tue Aug 15 2017 16:15:46 GMT+0800 (CST) ] {"err":0,"msg":"JUxkmtGZfe3r9TGpYBLwCWz8LqkVXhbkDW"}
[ Tue Aug 15 2017 16:15:46 GMT+0800 (CST) ] time is 2110
[ Tue Aug 15 2017 16:15:46 GMT+0800 (CST) ] {"err":0,"msg":"JMey9jfg5Vf7QQCfCdR7ue1krEkX49A1WV"}
[ Tue Aug 15 2017 16:15:46 GMT+0800 (CST) ] time is 2111
[ Tue Aug 15 2017 16:15:46 GMT+0800 (CST) ] {"err":0,"msg":"JY4qSzQJmSeeXy73jLMXiNwgzMuD1WPUiV"}
[ Tue Aug 15 2017 16:15:46 GMT+0800 (CST) ] time is 2112
[ Tue Aug 15 2017 16:15:46 GMT+0800 (CST) ] {"err":0,"msg":"JR9LRFeDutFoBm9NrDWVu48aWpLqsdSWdV"}
[ Tue Aug 15 2017 16:15:46 GMT+0800 (CST) ] time is 2113
[ Tue Aug 15 2017 16:15:46 GMT+0800 (CST) ] {"err":0,"msg":"JQdwq5K59tQoBLX3UhKp9RZtz2kzhuHSKS"}
[ Tue Aug 15 2017 16:15:46 GMT+0800 (CST) ] time is 2114
[ Tue Aug 15 2017 16:15:46 GMT+0800 (CST) ] {"err":0,"msg":"JVAjShVA1ZGbTusmtMcig8W6krnTZw8kEm"}
[ Tue Aug 15 2017 16:15:47 GMT+0800 (CST) ] time is 2115
[ Tue Aug 15 2017 16:15:47 GMT+0800 (CST) ] {"err":0,"msg":"JYF64a2B4u1pRzS1ryFcbWQC4ATPp9wtGj"}
[ Tue Aug 15 2017 16:15:47 GMT+0800 (CST) ] time is 2116
[ Tue Aug 15 2017 16:15:47 GMT+0800 (CST) ] {"err":0,"msg":"JVSoPBtFHktQMdpqLCYmYpdphDMeY3wo3x"}
[ Tue Aug 15 2017 16:15:47 GMT+0800 (CST) ] time is 2117
[ Tue Aug 15 2017 16:15:47 GMT+0800 (CST) ] {"err":0,"msg":"JVx6aWWj4Rq2v8FrhhAQfyrbVev8SnaMw6"}
[ Tue Aug 15 2017 16:15:47 GMT+0800 (CST) ] time is 2118
[ Tue Aug 15 2017 16:15:47 GMT+0800 (CST) ] {"err":0,"msg":"JPvcY9oJUkSijzM7nEMgMfjHtkaBaSDv6G"}
[ Tue Aug 15 2017 16:15:47 GMT+0800 (CST) ] time is 2119
[ Tue Aug 15 2017 16:15:47 GMT+0800 (CST) ] {"err":0,"msg":"JgmxThkZ4RexjsrgXx2LD7KMbf9LjFQcGt"}
[ Tue Aug 15 2017 16:15:47 GMT+0800 (CST) ] time is 2120
[ Tue Aug 15 2017 16:15:47 GMT+0800 (CST) ] {"err":0,"msg":"JJzswB1xusyL9UzSoGJtEHQLmxXZshD4Ge"}
[ Tue Aug 15 2017 16:15:47 GMT+0800 (CST) ] time is 2121
[ Tue Aug 15 2017 16:15:47 GMT+0800 (CST) ] {"err":0,"msg":"Jce7baibHLkdqQgNpuefdYENg4Q73YBtWq"}
[ Tue Aug 15 2017 16:15:47 GMT+0800 (CST) ] time is 2122
[ Tue Aug 15 2017 16:15:47 GMT+0800 (CST) ] {"err":0,"msg":"JMVnhHbrHpWGTJFPwd3xndNkrDMhpKahvk"}
[ Tue Aug 15 2017 16:15:47 GMT+0800 (CST) ] time is 2123
[ Tue Aug 15 2017 16:15:47 GMT+0800 (CST) ] {"err":0,"msg":"JW1xRJRev2JkwsCj8HWtXZkBFeLFjR4euL"}
[ Tue Aug 15 2017 16:15:47 GMT+0800 (CST) ] time is 2124
[ Tue Aug 15 2017 16:15:47 GMT+0800 (CST) ] {"err":0,"msg":"Je1ete7rCAQB23NChouCpTQvfezXf6tCnH"}
[ Tue Aug 15 2017 16:15:47 GMT+0800 (CST) ] time is 2125
[ Tue Aug 15 2017 16:15:47 GMT+0800 (CST) ] {"err":0,"msg":"JUgWNQCGckeXbWH6R3PRkh4J6rrYc9nK78"}
[ Tue Aug 15 2017 16:15:47 GMT+0800 (CST) ] time is 2126
[ Tue Aug 15 2017 16:15:47 GMT+0800 (CST) ] {"err":0,"msg":"JY9GdiByicayZVK1pGboovCXt8EB416z5Y"}
[ Tue Aug 15 2017 16:15:47 GMT+0800 (CST) ] time is 2127
[ Tue Aug 15 2017 16:15:47 GMT+0800 (CST) ] {"err":0,"msg":"JVkACwHGPiArWP8fU4KsZn8ictVgS1q6XW"}
[ Tue Aug 15 2017 16:15:47 GMT+0800 (CST) ] time is 2128
[ Tue Aug 15 2017 16:15:47 GMT+0800 (CST) ] {"err":0,"msg":"JZYU3YG1E2YV8fgtP1csyThdeahfQvufqA"}
[ Tue Aug 15 2017 16:15:47 GMT+0800 (CST) ] time is 2129
[ Tue Aug 15 2017 16:15:47 GMT+0800 (CST) ] {"err":0,"msg":"JX2Qwyd4oj2n6VYniBhxb3t44MCZiJGzaL"}
[ Tue Aug 15 2017 16:15:47 GMT+0800 (CST) ] time is 2130
[ Tue Aug 15 2017 16:15:47 GMT+0800 (CST) ] {"err":0,"msg":"JdnBz1k9rpAG7oAuVHzc9VmhJBv9wvM1Ci"}
[ Tue Aug 15 2017 16:15:47 GMT+0800 (CST) ] time is 2131
[ Tue Aug 15 2017 16:15:47 GMT+0800 (CST) ] {"err":0,"msg":"JJeW3GdHVfGvPzj5bFuXacKRiUPMJq1kK3"}
[ Tue Aug 15 2017 16:15:47 GMT+0800 (CST) ] time is 2132
[ Tue Aug 15 2017 16:15:47 GMT+0800 (CST) ] {"err":0,"msg":"JPKWxwdqQjUzinSdXcaaA1JNxQ5YNg51bx"}
[ Tue Aug 15 2017 16:15:47 GMT+0800 (CST) ] time is 2133
[ Tue Aug 15 2017 16:15:47 GMT+0800 (CST) ] {"err":0,"msg":"JQEJin7jdTMMX1uVYnP4zqdheyCqHXgjsY"}
[ Tue Aug 15 2017 16:15:47 GMT+0800 (CST) ] time is 2134
[ Tue Aug 15 2017 16:15:47 GMT+0800 (CST) ] {"err":0,"msg":"JSGusQMpJN5QRY6wrrzq84TTYD2Y3r1qvy"}
[ Tue Aug 15 2017 16:15:47 GMT+0800 (CST) ] time is 2135
[ Tue Aug 15 2017 16:15:47 GMT+0800 (CST) ] {"err":0,"msg":"JRo8n93QsfSXGuK9R2s6JnPTpbEcmKXyzw"}
[ Tue Aug 15 2017 16:15:47 GMT+0800 (CST) ] time is 2136
[ Tue Aug 15 2017 16:15:47 GMT+0800 (CST) ] {"err":0,"msg":"JZu8nb6sWH7sr6ZbNwhBHGR4k9ULK7LwbV"}
[ Tue Aug 15 2017 16:15:47 GMT+0800 (CST) ] time is 2137
[ Tue Aug 15 2017 16:15:47 GMT+0800 (CST) ] {"err":0,"msg":"JKDRX9V8eznXMBcpeqNw84AnpjoPoqwYte"}
[ Tue Aug 15 2017 16:15:47 GMT+0800 (CST) ] time is 2138
[ Tue Aug 15 2017 16:15:47 GMT+0800 (CST) ] {"err":0,"msg":"JfzfzMNf3RqsQqEr3ahsuZ6J7fydvHJm7b"}
[ Tue Aug 15 2017 16:15:47 GMT+0800 (CST) ] time is 2139
[ Tue Aug 15 2017 16:15:47 GMT+0800 (CST) ] {"err":0,"msg":"JVVsHUU1PkMmhKC6RKuKQK4LrggZbTxYPx"}
[ Tue Aug 15 2017 16:15:47 GMT+0800 (CST) ] time is 2140
[ Tue Aug 15 2017 16:15:47 GMT+0800 (CST) ] {"err":0,"msg":"JRNP4GzB6YRYM4D1Er8SAZPWyN93fBFf37"}
[ Tue Aug 15 2017 16:15:47 GMT+0800 (CST) ] time is 2141
[ Tue Aug 15 2017 16:15:47 GMT+0800 (CST) ] {"err":0,"msg":"JYb4182M6CyPCkZAWwwdcEmgsN7BHQqhAr"}
[ Tue Aug 15 2017 16:15:47 GMT+0800 (CST) ] time is 2142
[ Tue Aug 15 2017 16:15:47 GMT+0800 (CST) ] {"err":0,"msg":"JYzG4LLkc6qxgHCPgntyj8c5CZLvjLGJaU"}
[ Tue Aug 15 2017 16:15:47 GMT+0800 (CST) ] time is 2143
[ Tue Aug 15 2017 16:15:47 GMT+0800 (CST) ] {"err":0,"msg":"Jf7unzCAEz1yvQ71w2KmexyCZHrfFNuPSF"}
[ Tue Aug 15 2017 16:15:47 GMT+0800 (CST) ] time is 2144
[ Tue Aug 15 2017 16:15:47 GMT+0800 (CST) ] {"err":0,"msg":"JKhDLc7Pp1UFeJz3EtJdzfzHwiLBDvYP6m"}
[ Tue Aug 15 2017 16:15:47 GMT+0800 (CST) ] time is 2145
[ Tue Aug 15 2017 16:15:47 GMT+0800 (CST) ] {"err":0,"msg":"JVk476msm8czMK4rKS26TP2mKDsV4rYTht"}
[ Tue Aug 15 2017 16:15:47 GMT+0800 (CST) ] time is 2146
[ Tue Aug 15 2017 16:15:47 GMT+0800 (CST) ] {"err":0,"msg":"JeguKzSh5N8wa4vyAPQTr4jZhQ6VHgU8SW"}
[ Tue Aug 15 2017 16:15:47 GMT+0800 (CST) ] time is 2147
[ Tue Aug 15 2017 16:15:47 GMT+0800 (CST) ] {"err":0,"msg":"Ja9nvE1yXMCUFv9X7zuW4VNKcmAzuqxYFp"}
[ Tue Aug 15 2017 16:15:47 GMT+0800 (CST) ] time is 2148
[ Tue Aug 15 2017 16:15:47 GMT+0800 (CST) ] {"err":0,"msg":"JKNUWpQif9QiyP6jPmCFGqpodpwZ1ZHp5X"}
[ Tue Aug 15 2017 16:15:47 GMT+0800 (CST) ] time is 2149
[ Tue Aug 15 2017 16:15:47 GMT+0800 (CST) ] {"err":0,"msg":"JQ2vaacY6PoVK7C3k2ckEKD6pBwKMYPnyK"}
[ Tue Aug 15 2017 16:15:47 GMT+0800 (CST) ] time is 2150
[ Tue Aug 15 2017 16:15:47 GMT+0800 (CST) ] {"err":0,"msg":"JempsfFcDbndHXSbgoHgRStAimyicwnpzd"}
[ Tue Aug 15 2017 16:15:47 GMT+0800 (CST) ] time is 2151
[ Tue Aug 15 2017 16:15:47 GMT+0800 (CST) ] {"err":0,"msg":"JLLqddgyp8zbipAVLP3b1dkktrm6N7Sdmf"}
[ Tue Aug 15 2017 16:15:47 GMT+0800 (CST) ] time is 2152
[ Tue Aug 15 2017 16:15:47 GMT+0800 (CST) ] {"err":0,"msg":"JVFJ34ZH1BtLAy6DLUygBdTLnbedPFh9FF"}
[ Tue Aug 15 2017 16:15:47 GMT+0800 (CST) ] time is 2153
[ Tue Aug 15 2017 16:15:47 GMT+0800 (CST) ] {"err":0,"msg":"JbrU6PAAU3Pz1tzTxCsdz15NbjRYkvUT7L"}
[ Tue Aug 15 2017 16:15:48 GMT+0800 (CST) ] time is 2154
[ Tue Aug 15 2017 16:15:48 GMT+0800 (CST) ] {"err":0,"msg":"JYvnv54nxgsiekpKqRZ1a2AetMAWAuiJ9b"}
[ Tue Aug 15 2017 16:15:48 GMT+0800 (CST) ] time is 2155
[ Tue Aug 15 2017 16:15:48 GMT+0800 (CST) ] {"err":0,"msg":"JhRRR6VTnG5YtZDFVVqqTiEmxishvA3JUX"}
[ Tue Aug 15 2017 16:15:48 GMT+0800 (CST) ] time is 2156
[ Tue Aug 15 2017 16:15:48 GMT+0800 (CST) ] {"err":0,"msg":"JXMaV7uDxHCtZqSR6VpHhcUj1cFoPeWgZ6"}
[ Tue Aug 15 2017 16:15:48 GMT+0800 (CST) ] time is 2157
[ Tue Aug 15 2017 16:15:48 GMT+0800 (CST) ] {"err":0,"msg":"JWejxkUnWeeKcD83Xtt8iJgYKtFjEUQR6b"}
[ Tue Aug 15 2017 16:15:48 GMT+0800 (CST) ] time is 2158
[ Tue Aug 15 2017 16:15:48 GMT+0800 (CST) ] {"err":0,"msg":"JbedXoTKkE34vkU6ML61EFGBSrhFFYoDZC"}
[ Tue Aug 15 2017 16:15:48 GMT+0800 (CST) ] time is 2159
[ Tue Aug 15 2017 16:15:48 GMT+0800 (CST) ] {"err":0,"msg":"JKzWkJ6KVdU6PdgnFTxEagm7sXEsiGTZhP"}
[ Tue Aug 15 2017 16:15:48 GMT+0800 (CST) ] time is 2160
[ Tue Aug 15 2017 16:15:48 GMT+0800 (CST) ] {"err":0,"msg":"JQiEwR5ejRQBaA7pjm3ZWkT2WwsNQfnaXJ"}
[ Tue Aug 15 2017 16:15:48 GMT+0800 (CST) ] time is 2161
[ Tue Aug 15 2017 16:15:48 GMT+0800 (CST) ] {"err":0,"msg":"JMPWKBNF34SCi7LPSqkmPUZ2cYpW6dZKeX"}
[ Tue Aug 15 2017 16:15:48 GMT+0800 (CST) ] time is 2162
[ Tue Aug 15 2017 16:15:48 GMT+0800 (CST) ] {"err":0,"msg":"JfeVSbZKDsyxSm3ckbrsMijN6ASaqe7gYi"}
[ Tue Aug 15 2017 16:15:48 GMT+0800 (CST) ] time is 2163
[ Tue Aug 15 2017 16:15:48 GMT+0800 (CST) ] {"err":0,"msg":"JX7D8qJHTACzdTMscsp3Uc8q6AQKdU16hv"}
[ Tue Aug 15 2017 16:15:48 GMT+0800 (CST) ] time is 2164
[ Tue Aug 15 2017 16:15:48 GMT+0800 (CST) ] {"err":0,"msg":"JTaPUR7aDWHZe1GVfP8tAVhzgLPLVYeui2"}
[ Tue Aug 15 2017 16:15:48 GMT+0800 (CST) ] time is 2165
[ Tue Aug 15 2017 16:15:48 GMT+0800 (CST) ] {"err":0,"msg":"JNX737d1gegWDQF1tYornA1uwH87eWke3h"}
[ Tue Aug 15 2017 16:15:48 GMT+0800 (CST) ] time is 2166
[ Tue Aug 15 2017 16:15:48 GMT+0800 (CST) ] {"err":0,"msg":"JKBJmB9STt67fEVjLfdbwBfJoQLc96ds1G"}
[ Tue Aug 15 2017 16:15:48 GMT+0800 (CST) ] time is 2167
[ Tue Aug 15 2017 16:15:48 GMT+0800 (CST) ] {"err":0,"msg":"JhFtnj4tgpwVj4QNaWYT785t5iYHohJDwq"}
[ Tue Aug 15 2017 16:15:48 GMT+0800 (CST) ] time is 2168
[ Tue Aug 15 2017 16:15:48 GMT+0800 (CST) ] {"err":0,"msg":"JKceyGxQ4gq1iCj4Xqr8GaLxmoSAfEi3UR"}
[ Tue Aug 15 2017 16:15:48 GMT+0800 (CST) ] time is 2169
[ Tue Aug 15 2017 16:15:48 GMT+0800 (CST) ] {"err":0,"msg":"JUKo71CubZMYRwSX63cg4egPxDDGHki4ri"}
[ Tue Aug 15 2017 16:15:48 GMT+0800 (CST) ] time is 2170
[ Tue Aug 15 2017 16:15:48 GMT+0800 (CST) ] {"err":0,"msg":"JR7sfktGU8YWtNCg7FQNeUv8Fkst6vFjQZ"}
[ Tue Aug 15 2017 16:15:48 GMT+0800 (CST) ] time is 2171
[ Tue Aug 15 2017 16:15:48 GMT+0800 (CST) ] {"err":0,"msg":"JVgwH5x3j9ode1bGVC9JQf7edH8nCevo5a"}
[ Tue Aug 15 2017 16:15:48 GMT+0800 (CST) ] time is 2172
[ Tue Aug 15 2017 16:15:48 GMT+0800 (CST) ] {"err":0,"msg":"JhiC5Frg9c7Tm7GD5Rv4Wk1NzEkcPGMJZw"}
[ Tue Aug 15 2017 16:15:48 GMT+0800 (CST) ] time is 2173
[ Tue Aug 15 2017 16:15:48 GMT+0800 (CST) ] {"err":0,"msg":"JXYt3fwipBskSDWVYnQSSsLToHsCP2syht"}
[ Tue Aug 15 2017 16:15:48 GMT+0800 (CST) ] time is 2174
[ Tue Aug 15 2017 16:15:48 GMT+0800 (CST) ] {"err":0,"msg":"Jg54dELR1JeyWT3SR43eyrb5fVwvmfvdYf"}
[ Tue Aug 15 2017 16:15:48 GMT+0800 (CST) ] time is 2175
[ Tue Aug 15 2017 16:15:48 GMT+0800 (CST) ] {"err":0,"msg":"JcmECbUUHFV7a5KNmQDj4jn1ydPJDp8cq1"}
[ Tue Aug 15 2017 16:15:48 GMT+0800 (CST) ] time is 2176
[ Tue Aug 15 2017 16:15:48 GMT+0800 (CST) ] {"err":0,"msg":"JYjx8oBwn27QTCV4MnfjKrsJqSrigCpzjW"}
[ Tue Aug 15 2017 16:15:48 GMT+0800 (CST) ] time is 2177
[ Tue Aug 15 2017 16:15:48 GMT+0800 (CST) ] {"err":0,"msg":"JMDa74b28PABrkH64NYhwV8Q1up4yQveAU"}
[ Tue Aug 15 2017 16:15:48 GMT+0800 (CST) ] time is 2178
[ Tue Aug 15 2017 16:15:48 GMT+0800 (CST) ] {"err":0,"msg":"Jayi7G2sXfydmgtvzRg3ssFtByZj3h6mZR"}
[ Tue Aug 15 2017 16:15:48 GMT+0800 (CST) ] time is 2179
[ Tue Aug 15 2017 16:15:48 GMT+0800 (CST) ] {"err":0,"msg":"JZ2x6Z4YkWHgHtDuTzCpiAAA7Ue7PGAdtb"}
[ Tue Aug 15 2017 16:15:48 GMT+0800 (CST) ] time is 2180
[ Tue Aug 15 2017 16:15:48 GMT+0800 (CST) ] {"err":0,"msg":"Jcxf4fWGB2mZTnEo38MehEJMZUCZMo5Ftc"}
[ Tue Aug 15 2017 16:15:48 GMT+0800 (CST) ] time is 2181
[ Tue Aug 15 2017 16:15:48 GMT+0800 (CST) ] {"err":0,"msg":"JV9FcWGNbFyFtkVkM8hWxxTPLS6R5EYbS6"}
[ Tue Aug 15 2017 16:15:48 GMT+0800 (CST) ] time is 2182
[ Tue Aug 15 2017 16:15:48 GMT+0800 (CST) ] {"err":0,"msg":"JMvMpT9fcsTAQgfRZ6WHf7ZGnut8TXyUYY"}
[ Tue Aug 15 2017 16:15:48 GMT+0800 (CST) ] time is 2183
[ Tue Aug 15 2017 16:15:48 GMT+0800 (CST) ] {"err":0,"msg":"JXCCWuKv72vRJpVahP3nKpyT68Ysc41Q7H"}
[ Tue Aug 15 2017 16:15:48 GMT+0800 (CST) ] time is 2184
[ Tue Aug 15 2017 16:15:48 GMT+0800 (CST) ] {"err":0,"msg":"JP6TcR2h1S3R8rK9jPQnceMbz7LNTFqguL"}
[ Tue Aug 15 2017 16:15:48 GMT+0800 (CST) ] time is 2185
[ Tue Aug 15 2017 16:15:48 GMT+0800 (CST) ] {"err":0,"msg":"JcEJwbNk4whV8XKQAf7apyCrSJtwSGXLKZ"}
[ Tue Aug 15 2017 16:15:48 GMT+0800 (CST) ] time is 2186
[ Tue Aug 15 2017 16:15:48 GMT+0800 (CST) ] {"err":0,"msg":"Ja4bgfkx8efQ3HEe7cJDNFGcXGEtHo8bmo"}
[ Tue Aug 15 2017 16:15:48 GMT+0800 (CST) ] time is 2187
[ Tue Aug 15 2017 16:15:48 GMT+0800 (CST) ] {"err":0,"msg":"JR67moa11WmMFmEHbSprJGULeLLgBj85tA"}
[ Tue Aug 15 2017 16:15:48 GMT+0800 (CST) ] time is 2188
[ Tue Aug 15 2017 16:15:48 GMT+0800 (CST) ] {"err":0,"msg":"JPRQStnWoHESPpfaw615BKRJFKvYUfdyUJ"}
[ Tue Aug 15 2017 16:15:48 GMT+0800 (CST) ] time is 2189
[ Tue Aug 15 2017 16:15:48 GMT+0800 (CST) ] {"err":0,"msg":"JQBjj997CxiPdNVSn5k7Tw57cR9ydGBKYR"}
[ Tue Aug 15 2017 16:15:48 GMT+0800 (CST) ] time is 2190
[ Tue Aug 15 2017 16:15:48 GMT+0800 (CST) ] {"err":0,"msg":"JW1b8grCrNpAfSfyEHfQpvdU8gDtsdkZ12"}
[ Tue Aug 15 2017 16:15:49 GMT+0800 (CST) ] time is 2191
[ Tue Aug 15 2017 16:15:49 GMT+0800 (CST) ] {"err":0,"msg":"JhVFcxwHigaMHPsJT5KjyJa6qh2x7jMV7Y"}
[ Tue Aug 15 2017 16:15:49 GMT+0800 (CST) ] time is 2192
[ Tue Aug 15 2017 16:15:49 GMT+0800 (CST) ] {"err":0,"msg":"JeYbxFWVBwVC4AufDCicUy4ZUdbop81e4k"}
[ Tue Aug 15 2017 16:15:49 GMT+0800 (CST) ] time is 2193
[ Tue Aug 15 2017 16:15:49 GMT+0800 (CST) ] {"err":0,"msg":"JVt8v5zwYMcyq5xXEZuBGC6MN7SYEFxwzb"}
[ Tue Aug 15 2017 16:15:49 GMT+0800 (CST) ] time is 2194
[ Tue Aug 15 2017 16:15:49 GMT+0800 (CST) ] {"err":0,"msg":"JP9ysRQ1oBwav9VdU6PFzLyVBNKFPekMnw"}
[ Tue Aug 15 2017 16:15:49 GMT+0800 (CST) ] time is 2195
[ Tue Aug 15 2017 16:15:49 GMT+0800 (CST) ] {"err":0,"msg":"JLnzFyaDcCKodX2MKoJi2FXMBu15GhEoHT"}
[ Tue Aug 15 2017 16:15:49 GMT+0800 (CST) ] time is 2196
[ Tue Aug 15 2017 16:15:49 GMT+0800 (CST) ] {"err":0,"msg":"JZ27rnXVu5s5SYttTVi5n3J5k5F86xcRF4"}
[ Tue Aug 15 2017 16:15:49 GMT+0800 (CST) ] time is 2197
[ Tue Aug 15 2017 16:15:49 GMT+0800 (CST) ] {"err":0,"msg":"JbFMDBjXT5v2jk4KQo88vgQduX4UrKvvYw"}
[ Tue Aug 15 2017 16:15:49 GMT+0800 (CST) ] time is 2198
[ Tue Aug 15 2017 16:15:49 GMT+0800 (CST) ] {"err":0,"msg":"JNiCm11tzGQt3udKrz7k8CJGzAb8eL4bVU"}
[ Tue Aug 15 2017 16:15:49 GMT+0800 (CST) ] time is 2199
[ Tue Aug 15 2017 16:15:49 GMT+0800 (CST) ] {"err":0,"msg":"JPSYXpJHAetXrGjYpkkNWhzQW4sbwLUvLS"}
[ Tue Aug 15 2017 16:15:49 GMT+0800 (CST) ] time is 2200
[ Tue Aug 15 2017 16:15:49 GMT+0800 (CST) ] {"err":0,"msg":"JMbdPVFszg7z7L9E6LoKSqwFpvUji4JXUL"}
[ Tue Aug 15 2017 16:15:49 GMT+0800 (CST) ] time is 2201
[ Tue Aug 15 2017 16:15:49 GMT+0800 (CST) ] {"err":0,"msg":"Jcpr9QtYWutUMpT6zwRkhzWZKw6e8HSSUo"}
[ Tue Aug 15 2017 16:15:49 GMT+0800 (CST) ] time is 2202
[ Tue Aug 15 2017 16:15:49 GMT+0800 (CST) ] {"err":0,"msg":"JgTmHPKHLworE85NRCpNij9GziCTqVAE8y"}
[ Tue Aug 15 2017 16:15:49 GMT+0800 (CST) ] time is 2203
[ Tue Aug 15 2017 16:15:49 GMT+0800 (CST) ] {"err":0,"msg":"JfVgoyyCmc7tBetP1kYAQUCpLakJnbfmWR"}
[ Tue Aug 15 2017 16:15:49 GMT+0800 (CST) ] time is 2204
[ Tue Aug 15 2017 16:15:49 GMT+0800 (CST) ] {"err":0,"msg":"Jh9LGPrL9MPwSEc7kNPBHuWb7mcANGK2cF"}
[ Tue Aug 15 2017 16:15:49 GMT+0800 (CST) ] time is 2205
[ Tue Aug 15 2017 16:15:49 GMT+0800 (CST) ] {"err":0,"msg":"JMT7Ya8wFNULcQFyweQ13tmnUSETUfKpzA"}
[ Tue Aug 15 2017 16:15:49 GMT+0800 (CST) ] time is 2206
[ Tue Aug 15 2017 16:15:49 GMT+0800 (CST) ] {"err":0,"msg":"Jg9DGtTMEDiMQyw1VeipbomvkoGdEkPgqa"}
[ Tue Aug 15 2017 16:15:49 GMT+0800 (CST) ] time is 2207
[ Tue Aug 15 2017 16:15:49 GMT+0800 (CST) ] {"err":0,"msg":"JJbZ7gsdzbR5ypQ465zrHvLESeQuxbuUN1"}
[ Tue Aug 15 2017 16:15:49 GMT+0800 (CST) ] time is 2208
[ Tue Aug 15 2017 16:15:49 GMT+0800 (CST) ] {"err":0,"msg":"JLD9jHy4QbdjzqXudN5fgADe7BVdYskkCp"}
[ Tue Aug 15 2017 16:15:49 GMT+0800 (CST) ] time is 2209
[ Tue Aug 15 2017 16:15:49 GMT+0800 (CST) ] {"err":0,"msg":"JX8CH8Qguc1wFaskTBM2Gb6f5AoRv6vr48"}
[ Tue Aug 15 2017 16:15:49 GMT+0800 (CST) ] time is 2210
[ Tue Aug 15 2017 16:15:49 GMT+0800 (CST) ] {"err":0,"msg":"JgHSQ3XThM3pJLCLV5hsVs5kgpBdN18t5e"}
[ Tue Aug 15 2017 16:15:49 GMT+0800 (CST) ] time is 2211
[ Tue Aug 15 2017 16:15:49 GMT+0800 (CST) ] {"err":0,"msg":"JYGotRBeHiFJ1iR1LQFja63Lb9VwVybdqY"}
[ Tue Aug 15 2017 16:15:49 GMT+0800 (CST) ] time is 2212
[ Tue Aug 15 2017 16:15:49 GMT+0800 (CST) ] {"err":0,"msg":"JTAfVfFQUbtNYTdnS8K3ZAmksThNvXG4MP"}
[ Tue Aug 15 2017 16:15:49 GMT+0800 (CST) ] time is 2213
[ Tue Aug 15 2017 16:15:49 GMT+0800 (CST) ] {"err":0,"msg":"JNe8aP96URXg2FS9mrJb7QqBM8gYE5Fozu"}
[ Tue Aug 15 2017 16:15:49 GMT+0800 (CST) ] time is 2214
[ Tue Aug 15 2017 16:15:49 GMT+0800 (CST) ] {"err":0,"msg":"JgChS4fEsjwZ8498RBtzZR9TsJhNqbQzbX"}
[ Tue Aug 15 2017 16:15:49 GMT+0800 (CST) ] time is 2215
[ Tue Aug 15 2017 16:15:49 GMT+0800 (CST) ] {"err":0,"msg":"JQFcRAD9LMSW6M7oD3WWia1T6ZqyepSyDi"}
[ Tue Aug 15 2017 16:15:49 GMT+0800 (CST) ] time is 2216
[ Tue Aug 15 2017 16:15:49 GMT+0800 (CST) ] {"err":0,"msg":"JWNyPKedjC3E6pduVmXBwRkM9ZyvHrrQf7"}
[ Tue Aug 15 2017 16:15:49 GMT+0800 (CST) ] time is 2217
[ Tue Aug 15 2017 16:15:49 GMT+0800 (CST) ] {"err":0,"msg":"JfSFYJXECmdqmdCTDuifMiSNEkNhTtimt2"}
[ Tue Aug 15 2017 16:15:49 GMT+0800 (CST) ] time is 2218
[ Tue Aug 15 2017 16:15:49 GMT+0800 (CST) ] {"err":0,"msg":"JgFrQFVPkWxhVSNtCDrQBSAp5JScgcLgwf"}
[ Tue Aug 15 2017 16:15:49 GMT+0800 (CST) ] time is 2219
[ Tue Aug 15 2017 16:15:49 GMT+0800 (CST) ] {"err":0,"msg":"JePfxXa4kFPJgLooibEvgYsBCuvRTWXXiK"}
[ Tue Aug 15 2017 16:15:49 GMT+0800 (CST) ] time is 2220
[ Tue Aug 15 2017 16:15:49 GMT+0800 (CST) ] {"err":0,"msg":"JdjFNmsjfv7wYjB6B2SA95ahVwCXTKuV6p"}
[ Tue Aug 15 2017 16:15:49 GMT+0800 (CST) ] time is 2221
[ Tue Aug 15 2017 16:15:49 GMT+0800 (CST) ] {"err":0,"msg":"JaDE638EiorfUU2YW3DToq6WPJ9Fw5gyUG"}
[ Tue Aug 15 2017 16:15:49 GMT+0800 (CST) ] time is 2222
[ Tue Aug 15 2017 16:15:49 GMT+0800 (CST) ] {"err":0,"msg":"JKh4sKoDaGSyYXjJiM773PDu4EYneCvyHi"}
[ Tue Aug 15 2017 16:15:49 GMT+0800 (CST) ] time is 2223
[ Tue Aug 15 2017 16:15:49 GMT+0800 (CST) ] {"err":0,"msg":"Jaf1wqPxJWFASNfPWTx44EgvHCQ7LCVgsE"}
[ Tue Aug 15 2017 16:15:49 GMT+0800 (CST) ] time is 2224
[ Tue Aug 15 2017 16:15:49 GMT+0800 (CST) ] {"err":0,"msg":"JYemcFgxa6RGDaaPU4iMo5ExLW2H1JUVdx"}
[ Tue Aug 15 2017 16:15:49 GMT+0800 (CST) ] time is 2225
[ Tue Aug 15 2017 16:15:49 GMT+0800 (CST) ] {"err":0,"msg":"JUWj3nNuhVT2my5YiegJRGuk38Vi6exgzR"}
[ Tue Aug 15 2017 16:15:49 GMT+0800 (CST) ] time is 2226
[ Tue Aug 15 2017 16:15:49 GMT+0800 (CST) ] {"err":0,"msg":"JKZhc8Av5ftxNvcwoFryRwyH5q1Xc16o2k"}
[ Tue Aug 15 2017 16:15:49 GMT+0800 (CST) ] time is 2227
[ Tue Aug 15 2017 16:15:49 GMT+0800 (CST) ] {"err":0,"msg":"JX1S7cBLchLvuVyb9gB3aMZXaUek8o3SqW"}
[ Tue Aug 15 2017 16:15:49 GMT+0800 (CST) ] time is 2228
[ Tue Aug 15 2017 16:15:49 GMT+0800 (CST) ] {"err":0,"msg":"JWS2RWNKoEcNNCxsrzJZ4bSeffCVXjYSkM"}
[ Tue Aug 15 2017 16:15:50 GMT+0800 (CST) ] time is 2229
[ Tue Aug 15 2017 16:15:50 GMT+0800 (CST) ] {"err":0,"msg":"JLz45DxGejcpcZkV3PDNf499GmpaQgCqBt"}
[ Tue Aug 15 2017 16:15:50 GMT+0800 (CST) ] time is 2230
[ Tue Aug 15 2017 16:15:50 GMT+0800 (CST) ] {"err":0,"msg":"JQNV6ywpbNZX8xChKfRzdH9dtm3Nr83b1f"}
[ Tue Aug 15 2017 16:15:50 GMT+0800 (CST) ] time is 2231
[ Tue Aug 15 2017 16:15:50 GMT+0800 (CST) ] {"err":0,"msg":"JTxggf8uyBxbEECBZkPKRiuftzg4UbBUwE"}
[ Tue Aug 15 2017 16:15:50 GMT+0800 (CST) ] time is 2232
[ Tue Aug 15 2017 16:15:50 GMT+0800 (CST) ] {"err":0,"msg":"JWF7qnjCqsx9qKyWdH2612LpWYXUmYBhY2"}
[ Tue Aug 15 2017 16:15:50 GMT+0800 (CST) ] time is 2233
[ Tue Aug 15 2017 16:15:50 GMT+0800 (CST) ] {"err":0,"msg":"JgMpchZtVbCPRmkrum3pJrmLZkJzSrtTo4"}
[ Tue Aug 15 2017 16:15:50 GMT+0800 (CST) ] time is 2234
[ Tue Aug 15 2017 16:15:50 GMT+0800 (CST) ] {"err":0,"msg":"JP5HGEdd9ALaENC9MG8jzaE5cLcWiMSbGd"}
[ Tue Aug 15 2017 16:15:50 GMT+0800 (CST) ] time is 2235
[ Tue Aug 15 2017 16:15:50 GMT+0800 (CST) ] {"err":0,"msg":"JgJqcSjv6UYAWmgfrwKj8nyVFrpJpq225s"}
[ Tue Aug 15 2017 16:15:50 GMT+0800 (CST) ] time is 2236
[ Tue Aug 15 2017 16:15:50 GMT+0800 (CST) ] {"err":0,"msg":"JaDwGknPNfK9NSVuML9gWGnWuDmEUB4yi2"}
[ Tue Aug 15 2017 16:15:50 GMT+0800 (CST) ] time is 2237
[ Tue Aug 15 2017 16:15:50 GMT+0800 (CST) ] {"err":0,"msg":"JPLjUVC5LZR7BJ3eNUCrwRnRNUWd7jpGNx"}
[ Tue Aug 15 2017 16:15:50 GMT+0800 (CST) ] time is 2238
[ Tue Aug 15 2017 16:15:50 GMT+0800 (CST) ] {"err":0,"msg":"JRhdXfXSEXZ5nKtMcC4ZpcvM3pYH6J11PL"}
[ Tue Aug 15 2017 16:15:50 GMT+0800 (CST) ] time is 2239
[ Tue Aug 15 2017 16:15:50 GMT+0800 (CST) ] {"err":0,"msg":"JNUY4ZWU7LowzQimxnLSQj1ftjKf3cJtCb"}
[ Tue Aug 15 2017 16:15:50 GMT+0800 (CST) ] time is 2240
[ Tue Aug 15 2017 16:15:50 GMT+0800 (CST) ] {"err":0,"msg":"Jh8Dkpav3meZvxZFt7ir7bJrgHm3gsfF9V"}
[ Tue Aug 15 2017 16:15:50 GMT+0800 (CST) ] time is 2241
[ Tue Aug 15 2017 16:15:50 GMT+0800 (CST) ] {"err":0,"msg":"Jf85JqddNgU3XSbMXPJHU5hxq3SXV6h284"}
[ Tue Aug 15 2017 16:15:50 GMT+0800 (CST) ] time is 2242
[ Tue Aug 15 2017 16:15:50 GMT+0800 (CST) ] {"err":0,"msg":"JW4E7MHBeoGAZQDfaMQZtKXgx9Z2ZDM4A2"}
[ Tue Aug 15 2017 16:15:50 GMT+0800 (CST) ] time is 2243
[ Tue Aug 15 2017 16:15:50 GMT+0800 (CST) ] {"err":0,"msg":"JPbx782KidiFfgYfa9XnTQiwk9jZQF3xQ6"}
[ Tue Aug 15 2017 16:15:50 GMT+0800 (CST) ] time is 2244
[ Tue Aug 15 2017 16:15:50 GMT+0800 (CST) ] {"err":0,"msg":"JdSb9vRkL8cFQVWCPXahAMwWRVCbi826Jm"}
[ Tue Aug 15 2017 16:15:50 GMT+0800 (CST) ] time is 2245
[ Tue Aug 15 2017 16:15:50 GMT+0800 (CST) ] {"err":0,"msg":"JRs74eUGjvVvZFFi3gd582NfpqsZvHXjFs"}
[ Tue Aug 15 2017 16:15:50 GMT+0800 (CST) ] time is 2246
[ Tue Aug 15 2017 16:15:50 GMT+0800 (CST) ] {"err":0,"msg":"JYfdPJsWNmLg6Vrs78x14xWqXzF9LkDW4v"}
[ Tue Aug 15 2017 16:15:50 GMT+0800 (CST) ] time is 2247
[ Tue Aug 15 2017 16:15:50 GMT+0800 (CST) ] {"err":0,"msg":"JcYey1PEZHDSZwudux8LJy7DxKWeQza8u8"}
[ Tue Aug 15 2017 16:15:50 GMT+0800 (CST) ] time is 2248
[ Tue Aug 15 2017 16:15:50 GMT+0800 (CST) ] {"err":0,"msg":"JgG18dbKrKF1wMiV2iAWtN2MgXpYGkCpLv"}
[ Tue Aug 15 2017 16:15:50 GMT+0800 (CST) ] time is 2249
[ Tue Aug 15 2017 16:15:50 GMT+0800 (CST) ] {"err":0,"msg":"JSgobyCx8zQDRQY7xorkgB8Wmx6E4uv8Mq"}
[ Tue Aug 15 2017 16:15:50 GMT+0800 (CST) ] time is 2250
[ Tue Aug 15 2017 16:15:50 GMT+0800 (CST) ] {"err":0,"msg":"JUZTGfETvUCNBN2rVppwU9QcUsjfhHzCmW"}
[ Tue Aug 15 2017 16:15:50 GMT+0800 (CST) ] time is 2251
[ Tue Aug 15 2017 16:15:50 GMT+0800 (CST) ] {"err":0,"msg":"JKwZr6UePHpvU1qWiVqeEXtqyUcfJMkTSt"}
[ Tue Aug 15 2017 16:15:50 GMT+0800 (CST) ] time is 2252
[ Tue Aug 15 2017 16:15:50 GMT+0800 (CST) ] {"err":0,"msg":"JSQz3FRE8dLJ8xUJmvRpeUwaNpwAHnoySF"}
[ Tue Aug 15 2017 16:15:50 GMT+0800 (CST) ] time is 2253
[ Tue Aug 15 2017 16:15:50 GMT+0800 (CST) ] {"err":0,"msg":"JgnGRn6oaDaz2P6aVVJejXaLrpT99UA4PK"}
[ Tue Aug 15 2017 16:15:50 GMT+0800 (CST) ] time is 2254
[ Tue Aug 15 2017 16:15:50 GMT+0800 (CST) ] {"err":0,"msg":"JPjsKMmPWF4QfxrnCSVPwoRypATJNSR4KA"}
[ Tue Aug 15 2017 16:15:50 GMT+0800 (CST) ] time is 2255
[ Tue Aug 15 2017 16:15:50 GMT+0800 (CST) ] {"err":0,"msg":"JSRtK6QHjJHPsVTsFKjMax6hdDWcp4bZDV"}
[ Tue Aug 15 2017 16:15:50 GMT+0800 (CST) ] time is 2256
[ Tue Aug 15 2017 16:15:50 GMT+0800 (CST) ] {"err":0,"msg":"JXP1ZQY3SzAMr17dhG7TKNtoFEaouEvTRo"}
[ Tue Aug 15 2017 16:15:50 GMT+0800 (CST) ] time is 2257
[ Tue Aug 15 2017 16:15:50 GMT+0800 (CST) ] {"err":0,"msg":"JcpKi8g3X5qq4RY2Redq614BUZCx22t6KA"}
[ Tue Aug 15 2017 16:15:50 GMT+0800 (CST) ] time is 2258
[ Tue Aug 15 2017 16:15:50 GMT+0800 (CST) ] {"err":0,"msg":"JhA9G3QLuy17p29JyC5WzKQHjYTTGs5im2"}
[ Tue Aug 15 2017 16:15:50 GMT+0800 (CST) ] {"err":0,"msg":"JYFMUFfiVYpqMw7W23UgM16WJz9LkDUMA8"}
[ Tue Aug 15 2017 16:15:50 GMT+0800 (CST) ] time is 2259
[ Tue Aug 15 2017 16:15:50 GMT+0800 (CST) ] time is 2260
[ Tue Aug 15 2017 16:15:50 GMT+0800 (CST) ] {"err":0,"msg":"JfgasfVe3sDXkUxm17toSG9XnGeJGveXjR"}
[ Tue Aug 15 2017 16:15:50 GMT+0800 (CST) ] {"err":0,"msg":"JL7RzCVRc7XDk5SXLGtH7zbu74BZSwwEp6"}
[ Tue Aug 15 2017 16:15:50 GMT+0800 (CST) ] time is 2261
[ Tue Aug 15 2017 16:15:50 GMT+0800 (CST) ] time is 2262
[ Tue Aug 15 2017 16:15:50 GMT+0800 (CST) ] {"err":0,"msg":"JKNCyNJjFu5uqZG5VMyUgZiM5tr5jc3TMR"}
[ Tue Aug 15 2017 16:15:50 GMT+0800 (CST) ] time is 2263
[ Tue Aug 15 2017 16:15:50 GMT+0800 (CST) ] {"err":0,"msg":"JKsW5pyDmVwKGbdQueTjA2H1k89ZXC5Ec9"}
[ Tue Aug 15 2017 16:15:50 GMT+0800 (CST) ] time is 2264
[ Tue Aug 15 2017 16:15:50 GMT+0800 (CST) ] {"err":0,"msg":"JKXL4xwYK9BJjFnX2zrVCqSC111KxEK5hD"}
[ Tue Aug 15 2017 16:15:50 GMT+0800 (CST) ] time is 2265
[ Tue Aug 15 2017 16:15:50 GMT+0800 (CST) ] {"err":0,"msg":"JeWUUNZQMNR4x1UFX3DiPvYYpeRy19f93Z"}
[ Tue Aug 15 2017 16:15:50 GMT+0800 (CST) ] time is 2266
[ Tue Aug 15 2017 16:15:50 GMT+0800 (CST) ] {"err":0,"msg":"JfeBCue7N7BjozJSv6vsHzxPMzHpSZdt6G"}
[ Tue Aug 15 2017 16:15:50 GMT+0800 (CST) ] time is 2267
[ Tue Aug 15 2017 16:15:50 GMT+0800 (CST) ] {"err":0,"msg":"JashwUSDMWkFcgtFQSM4xswn5y4jXTpD7V"}
[ Tue Aug 15 2017 16:15:50 GMT+0800 (CST) ] time is 2268
[ Tue Aug 15 2017 16:15:50 GMT+0800 (CST) ] {"err":0,"msg":"JT74JYsYLTFMTZQYaAYvMh3MjaCDXEBYAN"}
[ Tue Aug 15 2017 16:15:51 GMT+0800 (CST) ] {"err":0,"msg":"JbPVNEw7EW3YJzDQXiGiZjyRCGyPSG8AFS"}
[ Tue Aug 15 2017 16:15:51 GMT+0800 (CST) ] time is 2269
[ Tue Aug 15 2017 16:15:51 GMT+0800 (CST) ] time is 2270
[ Tue Aug 15 2017 16:15:51 GMT+0800 (CST) ] {"err":0,"msg":"JZaXBdeeh4AvKjNAwcpYhQXJXN7YLB5NkT"}
[ Tue Aug 15 2017 16:15:51 GMT+0800 (CST) ] time is 2271
[ Tue Aug 15 2017 16:15:51 GMT+0800 (CST) ] {"err":0,"msg":"JJZjiaPzSkm3bFQeFHsAmEfBCmLeFXcnt4"}
[ Tue Aug 15 2017 16:15:51 GMT+0800 (CST) ] time is 2272
[ Tue Aug 15 2017 16:15:51 GMT+0800 (CST) ] {"err":0,"msg":"JLhvUVuwY4nrge8RxdK7YsMEjoD7UA8bLQ"}
[ Tue Aug 15 2017 16:15:51 GMT+0800 (CST) ] time is 2273
[ Tue Aug 15 2017 16:15:51 GMT+0800 (CST) ] {"err":0,"msg":"JPziUve4x2hEmrW65UYhFgEbkHzJpHtNmc"}
[ Tue Aug 15 2017 16:15:51 GMT+0800 (CST) ] time is 2274
[ Tue Aug 15 2017 16:15:51 GMT+0800 (CST) ] {"err":0,"msg":"JdaTH99iGNWdg3sKiCLuxijp4r9kGnFehB"}
[ Tue Aug 15 2017 16:15:51 GMT+0800 (CST) ] time is 2275
[ Tue Aug 15 2017 16:15:51 GMT+0800 (CST) ] {"err":0,"msg":"JTanzpzoaPDoSAH3vAAAonRoSiRUXRFqvS"}
[ Tue Aug 15 2017 16:15:51 GMT+0800 (CST) ] time is 2276
[ Tue Aug 15 2017 16:15:51 GMT+0800 (CST) ] {"err":0,"msg":"JR288G3GmnxAcfeohmMAYWa64BG4myPt2T"}
[ Tue Aug 15 2017 16:15:51 GMT+0800 (CST) ] time is 2277
[ Tue Aug 15 2017 16:15:51 GMT+0800 (CST) ] {"err":0,"msg":"JSct4tWBYfiLHbcaTGuNwAWhwhtztHYWy8"}
[ Tue Aug 15 2017 16:15:51 GMT+0800 (CST) ] time is 2278
[ Tue Aug 15 2017 16:15:51 GMT+0800 (CST) ] {"err":0,"msg":"JUg5Uvsfyb6Qqp4SdBx15Fry9ynAuK2sCi"}
[ Tue Aug 15 2017 16:15:51 GMT+0800 (CST) ] time is 2279
[ Tue Aug 15 2017 16:15:51 GMT+0800 (CST) ] {"err":0,"msg":"JKf6ESAvTKKTDsBkFdg2Gw3WvLmkLrRojv"}
[ Tue Aug 15 2017 16:15:51 GMT+0800 (CST) ] time is 2280
[ Tue Aug 15 2017 16:15:51 GMT+0800 (CST) ] {"err":0,"msg":"Jc8F1iD4mQcohgXkwEVBDN2QpkrB9bLVyw"}
[ Tue Aug 15 2017 16:15:51 GMT+0800 (CST) ] time is 2281
[ Tue Aug 15 2017 16:15:51 GMT+0800 (CST) ] {"err":0,"msg":"JSWu6iYkruGfMHX8nYXK9VDykhPVa4gjSZ"}
[ Tue Aug 15 2017 16:15:51 GMT+0800 (CST) ] time is 2282
[ Tue Aug 15 2017 16:15:51 GMT+0800 (CST) ] {"err":0,"msg":"JRtghAGHGbeC6k1ruB7n8MPfTi6pvhu8wf"}
[ Tue Aug 15 2017 16:15:51 GMT+0800 (CST) ] time is 2283
[ Tue Aug 15 2017 16:15:51 GMT+0800 (CST) ] {"err":0,"msg":"JLTD4n4V8CbQdGfBvbQaA4ABvLX9xodrAE"}
[ Tue Aug 15 2017 16:15:51 GMT+0800 (CST) ] time is 2284
[ Tue Aug 15 2017 16:15:51 GMT+0800 (CST) ] {"err":0,"msg":"JTQZGQyegCgjaej47WSWfvtX8uTMCp8GGn"}
[ Tue Aug 15 2017 16:15:51 GMT+0800 (CST) ] time is 2285
[ Tue Aug 15 2017 16:15:51 GMT+0800 (CST) ] {"err":0,"msg":"Jgqrx3GohLXzDH5Ss3hi1DLTq9WBLs7Tbb"}
[ Tue Aug 15 2017 16:15:51 GMT+0800 (CST) ] time is 2286
[ Tue Aug 15 2017 16:15:51 GMT+0800 (CST) ] {"err":0,"msg":"JdyvVLaWgwK3wZuBMThHPKMVA5vjTgwmgy"}
[ Tue Aug 15 2017 16:15:51 GMT+0800 (CST) ] time is 2287
[ Tue Aug 15 2017 16:15:51 GMT+0800 (CST) ] {"err":0,"msg":"JbDEP1BeutpUyjHDKEPj5qbWPPdh6YsSZL"}
[ Tue Aug 15 2017 16:15:51 GMT+0800 (CST) ] time is 2288
[ Tue Aug 15 2017 16:15:51 GMT+0800 (CST) ] {"err":0,"msg":"JLMUzYJD3AA5pNZC2Affu1DZqfCM1FLGj7"}
[ Tue Aug 15 2017 16:15:51 GMT+0800 (CST) ] time is 2289
[ Tue Aug 15 2017 16:15:51 GMT+0800 (CST) ] {"err":0,"msg":"JZeRMbPojmdc26CwaQz4CqTgGQqQhYjGP5"}
[ Tue Aug 15 2017 16:15:51 GMT+0800 (CST) ] time is 2290
[ Tue Aug 15 2017 16:15:51 GMT+0800 (CST) ] {"err":0,"msg":"JViPraxNmeLp9phQy9CUqMecXbkqVF1mPs"}
[ Tue Aug 15 2017 16:15:51 GMT+0800 (CST) ] time is 2291
[ Tue Aug 15 2017 16:15:51 GMT+0800 (CST) ] {"err":0,"msg":"JLEFkhkFxBhq84K6z2GScZyvugi6WNQAK3"}
[ Tue Aug 15 2017 16:15:51 GMT+0800 (CST) ] time is 2292
[ Tue Aug 15 2017 16:15:51 GMT+0800 (CST) ] {"err":0,"msg":"JbVtHzVVDMKe3VrAzgRQVXEVk4GKzyTY6L"}
[ Tue Aug 15 2017 16:15:51 GMT+0800 (CST) ] time is 2293
[ Tue Aug 15 2017 16:15:51 GMT+0800 (CST) ] {"err":0,"msg":"JhSJeFDuThSBiWJMuNvLHNbpHWju3yQJbn"}
[ Tue Aug 15 2017 16:15:51 GMT+0800 (CST) ] time is 2294
[ Tue Aug 15 2017 16:15:51 GMT+0800 (CST) ] {"err":0,"msg":"JWzs9GcxS6ggTQ7Wp5yizj2ZJ1uoD5S48Y"}
[ Tue Aug 15 2017 16:15:51 GMT+0800 (CST) ] time is 2295
[ Tue Aug 15 2017 16:15:51 GMT+0800 (CST) ] {"err":0,"msg":"JZemfKAezKDSv687eXw5Vry3V7EaTp61Qr"}
[ Tue Aug 15 2017 16:15:51 GMT+0800 (CST) ] time is 2296
[ Tue Aug 15 2017 16:15:51 GMT+0800 (CST) ] {"err":0,"msg":"JWuohiXrGSq1YJEhCMF86MW6MuMjnjgw4U"}
[ Tue Aug 15 2017 16:15:51 GMT+0800 (CST) ] {"err":0,"msg":"JVRhCTkGsmNnjq5o3LZEyBQWKYB87Ndgiq"}
[ Tue Aug 15 2017 16:15:51 GMT+0800 (CST) ] time is 2297
[ Tue Aug 15 2017 16:15:51 GMT+0800 (CST) ] time is 2298
[ Tue Aug 15 2017 16:15:51 GMT+0800 (CST) ] {"err":0,"msg":"JMuCTByZcs6e4zscLwsQ4fFQUY9fjkqq8q"}
[ Tue Aug 15 2017 16:15:51 GMT+0800 (CST) ] time is 2299
[ Tue Aug 15 2017 16:15:51 GMT+0800 (CST) ] {"err":0,"msg":"JdfYaeTkDhs2jbteTo7sEd1iDBk2HJh76m"}
[ Tue Aug 15 2017 16:15:51 GMT+0800 (CST) ] time is 2300
[ Tue Aug 15 2017 16:15:51 GMT+0800 (CST) ] {"err":0,"msg":"JeTt8y7rEYtNhHtL1YbJovSZfQaEvwKCxi"}
[ Tue Aug 15 2017 16:15:51 GMT+0800 (CST) ] time is 2301
[ Tue Aug 15 2017 16:15:51 GMT+0800 (CST) ] {"err":0,"msg":"JgQL44AScZ2KqrRTrbQdRLcrKRbMgCkoLB"}
[ Tue Aug 15 2017 16:15:51 GMT+0800 (CST) ] time is 2302
[ Tue Aug 15 2017 16:15:51 GMT+0800 (CST) ] {"err":0,"msg":"JPnJbu3skxbQ9xhrbbpuKaBn5nNrXCLQRz"}
[ Tue Aug 15 2017 16:15:51 GMT+0800 (CST) ] time is 2303
[ Tue Aug 15 2017 16:15:51 GMT+0800 (CST) ] {"err":0,"msg":"JdYwoh5eKpGdPV3Eh8CGzeaE6pSa58cg8c"}
[ Tue Aug 15 2017 16:15:51 GMT+0800 (CST) ] time is 2304
[ Tue Aug 15 2017 16:15:51 GMT+0800 (CST) ] {"err":0,"msg":"JR5g5U8sDrzCQite8JogtcitaCAwEJSrXS"}
[ Tue Aug 15 2017 16:15:51 GMT+0800 (CST) ] time is 2305
[ Tue Aug 15 2017 16:15:51 GMT+0800 (CST) ] {"err":0,"msg":"JQWz4JEKA4uSVCcCzJj2v8YXH6r8ybJAYY"}
[ Tue Aug 15 2017 16:15:52 GMT+0800 (CST) ] time is 2306
[ Tue Aug 15 2017 16:15:52 GMT+0800 (CST) ] {"err":0,"msg":"JUK1SmrfBBa4AKZDRUBPB6dJGGS2PgbzLu"}
[ Tue Aug 15 2017 16:15:52 GMT+0800 (CST) ] time is 2307
[ Tue Aug 15 2017 16:15:52 GMT+0800 (CST) ] {"err":0,"msg":"JdgAVTPZUbaey3bNEE3DYKt9jRFnxwb5eL"}
[ Tue Aug 15 2017 16:15:52 GMT+0800 (CST) ] time is 2308
[ Tue Aug 15 2017 16:15:52 GMT+0800 (CST) ] {"err":0,"msg":"JZozjMHywbdwAFzqmRK8moStbTMRbdBY1R"}
[ Tue Aug 15 2017 16:15:52 GMT+0800 (CST) ] time is 2309
[ Tue Aug 15 2017 16:15:52 GMT+0800 (CST) ] {"err":0,"msg":"JSag9eEGnYdfVAbuYMobWLBMGcpq9GiP8U"}
[ Tue Aug 15 2017 16:15:52 GMT+0800 (CST) ] time is 2310
[ Tue Aug 15 2017 16:15:52 GMT+0800 (CST) ] {"err":0,"msg":"JPoiakyptbsDqDsGu8tKqKab7nYTsnvHMr"}
[ Tue Aug 15 2017 16:15:52 GMT+0800 (CST) ] time is 2311
[ Tue Aug 15 2017 16:15:52 GMT+0800 (CST) ] {"err":0,"msg":"JYtWSr45Hehum9Q9rtiCFmT1dixw8krM3u"}
[ Tue Aug 15 2017 16:15:52 GMT+0800 (CST) ] time is 2312
[ Tue Aug 15 2017 16:15:52 GMT+0800 (CST) ] {"err":0,"msg":"JcTyPqWGeQMukczoSwA7XnfgJRmQzX1wMy"}
[ Tue Aug 15 2017 16:15:52 GMT+0800 (CST) ] time is 2313
[ Tue Aug 15 2017 16:15:52 GMT+0800 (CST) ] {"err":0,"msg":"JdiQXbeUifiwHGQt53dwEeux1t7BMDuFNf"}
[ Tue Aug 15 2017 16:15:52 GMT+0800 (CST) ] time is 2314
[ Tue Aug 15 2017 16:15:52 GMT+0800 (CST) ] {"err":0,"msg":"Jg4tTuPizfukegvW8Cx2VrzJAjnT938Ese"}
[ Tue Aug 15 2017 16:15:52 GMT+0800 (CST) ] time is 2315
[ Tue Aug 15 2017 16:15:52 GMT+0800 (CST) ] {"err":0,"msg":"JTd1CmoAJn1vnXbsL1tko2eSJK62w664SD"}
[ Tue Aug 15 2017 16:15:52 GMT+0800 (CST) ] time is 2316
[ Tue Aug 15 2017 16:15:52 GMT+0800 (CST) ] {"err":0,"msg":"Ja1ztAAiQj7KagvwoTbuWAU2dwHxyJqo8y"}
[ Tue Aug 15 2017 16:15:52 GMT+0800 (CST) ] time is 2317
[ Tue Aug 15 2017 16:15:52 GMT+0800 (CST) ] {"err":0,"msg":"JduazRSrFGuvKAW8QHAfxGemdhRP5NXJJp"}
[ Tue Aug 15 2017 16:15:52 GMT+0800 (CST) ] time is 2318
[ Tue Aug 15 2017 16:15:52 GMT+0800 (CST) ] {"err":0,"msg":"JUqpv7ew2GD5qL1VwBesvuCPThGPZRzaJ2"}
[ Tue Aug 15 2017 16:15:52 GMT+0800 (CST) ] time is 2319
[ Tue Aug 15 2017 16:15:52 GMT+0800 (CST) ] {"err":0,"msg":"JQqiaWj4XyvQ3hpFv7epu3V5PZ4hSBFDXu"}
[ Tue Aug 15 2017 16:15:52 GMT+0800 (CST) ] time is 2320
[ Tue Aug 15 2017 16:15:52 GMT+0800 (CST) ] {"err":0,"msg":"JdyMaaXVRYTHGdGnE4ENhZ6iYsnf9gXqZB"}
[ Tue Aug 15 2017 16:15:52 GMT+0800 (CST) ] time is 2321
[ Tue Aug 15 2017 16:15:52 GMT+0800 (CST) ] {"err":0,"msg":"Jgothc8U8jfinVueJ8WPbrb7fPE2fYCEB7"}
[ Tue Aug 15 2017 16:15:52 GMT+0800 (CST) ] time is 2322
[ Tue Aug 15 2017 16:15:52 GMT+0800 (CST) ] {"err":0,"msg":"JWdC3G7Y5UTvZP3CqRorc6dPpxfmk9CsSg"}
[ Tue Aug 15 2017 16:15:52 GMT+0800 (CST) ] time is 2323
[ Tue Aug 15 2017 16:15:52 GMT+0800 (CST) ] {"err":0,"msg":"Jg9wA9JW6fhggzjArjaZShGWGGWWSpc5kj"}
[ Tue Aug 15 2017 16:15:52 GMT+0800 (CST) ] time is 2324
[ Tue Aug 15 2017 16:15:52 GMT+0800 (CST) ] {"err":0,"msg":"JWm5X7frjwLADjxLxgHjmzbfNzVbJE7RZM"}
[ Tue Aug 15 2017 16:15:52 GMT+0800 (CST) ] time is 2325
[ Tue Aug 15 2017 16:15:52 GMT+0800 (CST) ] {"err":0,"msg":"JhDVvWCvsmdVN8UYn1M5GUm2WQpK3YMkvP"}
[ Tue Aug 15 2017 16:15:52 GMT+0800 (CST) ] time is 2326
[ Tue Aug 15 2017 16:15:52 GMT+0800 (CST) ] {"err":0,"msg":"Jajx8tr7Umq9J9UpNycGyNykkBKtj7xUs9"}
[ Tue Aug 15 2017 16:15:52 GMT+0800 (CST) ] time is 2327
[ Tue Aug 15 2017 16:15:52 GMT+0800 (CST) ] {"err":0,"msg":"JgcBXeBtS1EZo7fvZw2FtX786fs2TUTPYu"}
[ Tue Aug 15 2017 16:15:52 GMT+0800 (CST) ] time is 2328
[ Tue Aug 15 2017 16:15:52 GMT+0800 (CST) ] {"err":0,"msg":"JRRfUyySJkXXhga4UpQa1pvENSW7jMPgAk"}
[ Tue Aug 15 2017 16:15:52 GMT+0800 (CST) ] time is 2329
[ Tue Aug 15 2017 16:15:52 GMT+0800 (CST) ] {"err":0,"msg":"JJsJbFoyDAx8Pyw9aWRE67dcBKWUaus86A"}
[ Tue Aug 15 2017 16:15:52 GMT+0800 (CST) ] time is 2330
[ Tue Aug 15 2017 16:15:52 GMT+0800 (CST) ] {"err":0,"msg":"JLjtfrN1BYwM17KzeaPJuuL1b6JVadrJjY"}
[ Tue Aug 15 2017 16:15:52 GMT+0800 (CST) ] time is 2331
[ Tue Aug 15 2017 16:15:52 GMT+0800 (CST) ] {"err":0,"msg":"Jc8bXcAr7QRNtf9GGnYn3mX4zxC5n37bZL"}
[ Tue Aug 15 2017 16:15:52 GMT+0800 (CST) ] time is 2332
[ Tue Aug 15 2017 16:15:52 GMT+0800 (CST) ] {"err":0,"msg":"JUESjH7DK2DDkRpCHwH3q9NFLbKv9kbWC2"}
[ Tue Aug 15 2017 16:15:52 GMT+0800 (CST) ] time is 2333
[ Tue Aug 15 2017 16:15:52 GMT+0800 (CST) ] {"err":0,"msg":"JRu4rWUmVcvxSGP5gh9p6ERZNQWGvPuChA"}
[ Tue Aug 15 2017 16:15:52 GMT+0800 (CST) ] time is 2334
[ Tue Aug 15 2017 16:15:52 GMT+0800 (CST) ] {"err":0,"msg":"JgD2QSHJUghedApuYe9QSXyYVyRwc7akvz"}
[ Tue Aug 15 2017 16:15:52 GMT+0800 (CST) ] time is 2335
[ Tue Aug 15 2017 16:15:52 GMT+0800 (CST) ] {"err":0,"msg":"Jc4CgB5AybJT4C6NhuqQVKCvyzGfWL1FbZ"}
[ Tue Aug 15 2017 16:15:52 GMT+0800 (CST) ] time is 2336
[ Tue Aug 15 2017 16:15:52 GMT+0800 (CST) ] {"err":0,"msg":"JK7nhyAP91524ogrrfKUaEtTJ5bsGSMMeH"}
[ Tue Aug 15 2017 16:15:52 GMT+0800 (CST) ] time is 2337
[ Tue Aug 15 2017 16:15:52 GMT+0800 (CST) ] {"err":0,"msg":"JbVG1ky5xcvvrfjePXyPPM9XCyxPJaMzWH"}
[ Tue Aug 15 2017 16:15:52 GMT+0800 (CST) ] time is 2338
[ Tue Aug 15 2017 16:15:52 GMT+0800 (CST) ] {"err":0,"msg":"JfrFeBJMGQZuFk9cbJSSiCpfQYoomp1Y3E"}
[ Tue Aug 15 2017 16:15:52 GMT+0800 (CST) ] time is 2339
[ Tue Aug 15 2017 16:15:52 GMT+0800 (CST) ] {"err":0,"msg":"Jbtt6ThrYrZEnJe1SishR3WfZPSbWAhGBK"}
[ Tue Aug 15 2017 16:15:52 GMT+0800 (CST) ] time is 2340
[ Tue Aug 15 2017 16:15:52 GMT+0800 (CST) ] {"err":0,"msg":"JSict8kUFA3LsTjiRj6DSQj4kUKAvk63Co"}
[ Tue Aug 15 2017 16:15:52 GMT+0800 (CST) ] time is 2341
[ Tue Aug 15 2017 16:15:52 GMT+0800 (CST) ] {"err":0,"msg":"Jhinm2kUcBfmzdgJrP6WKfFDdGtP45Rt9e"}
[ Tue Aug 15 2017 16:15:52 GMT+0800 (CST) ] time is 2342
[ Tue Aug 15 2017 16:15:52 GMT+0800 (CST) ] {"err":0,"msg":"JKzMq133jBF5Js7WPmZhHzwAxJVgPmatki"}
[ Tue Aug 15 2017 16:15:52 GMT+0800 (CST) ] time is 2343
[ Tue Aug 15 2017 16:15:52 GMT+0800 (CST) ] {"err":0,"msg":"JWtKBssHreRq1eQge8jb1AKkaUqCGu3zm1"}
[ Tue Aug 15 2017 16:15:53 GMT+0800 (CST) ] time is 2344
[ Tue Aug 15 2017 16:15:53 GMT+0800 (CST) ] {"err":0,"msg":"JSEXB7f1zfGr9MFixrY5iKVmEeU8uw9YHL"}
[ Tue Aug 15 2017 16:15:53 GMT+0800 (CST) ] time is 2345
[ Tue Aug 15 2017 16:15:53 GMT+0800 (CST) ] {"err":0,"msg":"JXtji99oujUanSkrUAEEuA6Yj59tkk9KCW"}
[ Tue Aug 15 2017 16:15:53 GMT+0800 (CST) ] time is 2346
[ Tue Aug 15 2017 16:15:53 GMT+0800 (CST) ] {"err":0,"msg":"JgkcBa6Eckp3VrvwuVJFoVejw1qPkxAphn"}
[ Tue Aug 15 2017 16:15:53 GMT+0800 (CST) ] time is 2347
[ Tue Aug 15 2017 16:15:53 GMT+0800 (CST) ] {"err":0,"msg":"JR4uvnmPWeEEpUwvtd3bSqD3iT5saUJ8NS"}
[ Tue Aug 15 2017 16:15:53 GMT+0800 (CST) ] time is 2348
[ Tue Aug 15 2017 16:15:53 GMT+0800 (CST) ] {"err":0,"msg":"JezHUDLmFvPzrH1b6ZDi9CzwRymL4bC3yT"}
[ Tue Aug 15 2017 16:15:53 GMT+0800 (CST) ] time is 2349
[ Tue Aug 15 2017 16:15:53 GMT+0800 (CST) ] {"err":0,"msg":"JPGEZ9S7onWkS18SgQEnYVA7iQFo1WDVXy"}
[ Tue Aug 15 2017 16:15:53 GMT+0800 (CST) ] time is 2350
[ Tue Aug 15 2017 16:15:53 GMT+0800 (CST) ] {"err":0,"msg":"JRqFsGpyaVviN5AEA85siudxEqXoRQYmGY"}
[ Tue Aug 15 2017 16:15:53 GMT+0800 (CST) ] time is 2351
[ Tue Aug 15 2017 16:15:53 GMT+0800 (CST) ] {"err":0,"msg":"JL2hyZitWfZjWKWGq5RJzNbJjPU1trnG11"}
[ Tue Aug 15 2017 16:15:53 GMT+0800 (CST) ] time is 2352
[ Tue Aug 15 2017 16:15:53 GMT+0800 (CST) ] {"err":0,"msg":"Jh9Nv56sSo4k4oCjJfXKgR7YAUDWSyyazQ"}
[ Tue Aug 15 2017 16:15:53 GMT+0800 (CST) ] time is 2353
[ Tue Aug 15 2017 16:15:53 GMT+0800 (CST) ] {"err":0,"msg":"JebvvC9FFZ9zcdctkjZ6LJ8WpnE5LczV86"}
[ Tue Aug 15 2017 16:15:53 GMT+0800 (CST) ] time is 2354
[ Tue Aug 15 2017 16:15:53 GMT+0800 (CST) ] {"err":0,"msg":"JasmNgSQLhbqXQ1TeHhEKa773DFwkey4PW"}
[ Tue Aug 15 2017 16:15:53 GMT+0800 (CST) ] time is 2355
[ Tue Aug 15 2017 16:15:53 GMT+0800 (CST) ] {"err":0,"msg":"JP1uXD7xpgoAKMtH88iqtWeBVLi5Vxao1y"}
[ Tue Aug 15 2017 16:15:53 GMT+0800 (CST) ] time is 2356
[ Tue Aug 15 2017 16:15:53 GMT+0800 (CST) ] {"err":0,"msg":"JJwePeNxQUdrj83NW5a9Q6BWFUguAvCoi4"}
[ Tue Aug 15 2017 16:15:53 GMT+0800 (CST) ] time is 2357
[ Tue Aug 15 2017 16:15:53 GMT+0800 (CST) ] {"err":0,"msg":"JVZEj5xEEpHBLystsMF3KEkaQaPhhDKpKg"}
[ Tue Aug 15 2017 16:15:53 GMT+0800 (CST) ] time is 2358
[ Tue Aug 15 2017 16:15:53 GMT+0800 (CST) ] {"err":0,"msg":"JgYoSRHZqw4Jh8F1RJ2xNnnBWCnqBpRfDj"}
[ Tue Aug 15 2017 16:15:53 GMT+0800 (CST) ] time is 2359
[ Tue Aug 15 2017 16:15:53 GMT+0800 (CST) ] {"err":0,"msg":"JcUiKyavxBQAS8jMpVERk8D7SNxrQvkBEh"}
[ Tue Aug 15 2017 16:15:53 GMT+0800 (CST) ] time is 2360
[ Tue Aug 15 2017 16:15:53 GMT+0800 (CST) ] {"err":0,"msg":"JQcoZpGAkCq5QQHDWGMRNwZ7WB2gzZ74i9"}
[ Tue Aug 15 2017 16:15:53 GMT+0800 (CST) ] time is 2361
[ Tue Aug 15 2017 16:15:53 GMT+0800 (CST) ] {"err":0,"msg":"Jft6km3VyaCcAX97G6XLtkj1iByxvE8Fxi"}
[ Tue Aug 15 2017 16:15:53 GMT+0800 (CST) ] time is 2362
[ Tue Aug 15 2017 16:15:53 GMT+0800 (CST) ] {"err":0,"msg":"JL3sSodB9Z7BJ1CiJcJtGpYzZ6CZxxnqH5"}
[ Tue Aug 15 2017 16:15:53 GMT+0800 (CST) ] time is 2363
[ Tue Aug 15 2017 16:15:53 GMT+0800 (CST) ] {"err":0,"msg":"JZdAyPGCADtVNQFGTN5aEAJ8oRdFa94s4r"}
[ Tue Aug 15 2017 16:15:53 GMT+0800 (CST) ] time is 2364
[ Tue Aug 15 2017 16:15:53 GMT+0800 (CST) ] {"err":0,"msg":"JQZpfhyDaNkEiyfuPNMhPeECNDj7peJG16"}
[ Tue Aug 15 2017 16:15:53 GMT+0800 (CST) ] time is 2365
[ Tue Aug 15 2017 16:15:53 GMT+0800 (CST) ] {"err":0,"msg":"JVUGGKWkW7WJkSHwqgDoHLYsfKD8bDFMF6"}
[ Tue Aug 15 2017 16:15:53 GMT+0800 (CST) ] time is 2366
[ Tue Aug 15 2017 16:15:53 GMT+0800 (CST) ] {"err":0,"msg":"JgJ45ZfoJN146Brff7RnZ5beiGBeRL9yKM"}
[ Tue Aug 15 2017 16:15:53 GMT+0800 (CST) ] time is 2367
[ Tue Aug 15 2017 16:15:53 GMT+0800 (CST) ] {"err":0,"msg":"JXhMB6dM64eL4xt5Y14e87dAG5HMuSuR9g"}
[ Tue Aug 15 2017 16:15:53 GMT+0800 (CST) ] time is 2368
[ Tue Aug 15 2017 16:15:53 GMT+0800 (CST) ] {"err":0,"msg":"JM3FX9y8QPTcnCUAhfGtubG7eVeC5zBa41"}
[ Tue Aug 15 2017 16:15:53 GMT+0800 (CST) ] time is 2369
[ Tue Aug 15 2017 16:15:53 GMT+0800 (CST) ] {"err":0,"msg":"JT7YdYHvRavD95Mn3o5H8zkD3yBGASbZ46"}
[ Tue Aug 15 2017 16:15:53 GMT+0800 (CST) ] time is 2370
[ Tue Aug 15 2017 16:15:53 GMT+0800 (CST) ] {"err":0,"msg":"JUCK59p1Ws6u5FKe79TYTJKRXk8mwKk7f3"}
[ Tue Aug 15 2017 16:15:53 GMT+0800 (CST) ] time is 2371
[ Tue Aug 15 2017 16:15:53 GMT+0800 (CST) ] {"err":0,"msg":"JQeV5vebzcBkzUuXEFwBVZ67uC6LShfKxv"}
[ Tue Aug 15 2017 16:15:53 GMT+0800 (CST) ] time is 2372
[ Tue Aug 15 2017 16:15:53 GMT+0800 (CST) ] {"err":0,"msg":"JUrFRyGCtD2bAdEKaaZoN7GSRtzfh8PPkE"}
[ Tue Aug 15 2017 16:15:53 GMT+0800 (CST) ] time is 2373
[ Tue Aug 15 2017 16:15:53 GMT+0800 (CST) ] {"err":0,"msg":"Jd4D7yzCTiMobBGQyftn5qUDiTqUKwBAxN"}
[ Tue Aug 15 2017 16:15:53 GMT+0800 (CST) ] time is 2374
[ Tue Aug 15 2017 16:15:53 GMT+0800 (CST) ] {"err":0,"msg":"JSeNiiR2DUNd7XUxwx48ozEwu2L42cJAuP"}
[ Tue Aug 15 2017 16:15:53 GMT+0800 (CST) ] time is 2375
[ Tue Aug 15 2017 16:15:53 GMT+0800 (CST) ] {"err":0,"msg":"JduhMufgTQvs8sGqrfXtJdbK4Ng3K3M49i"}
[ Tue Aug 15 2017 16:15:53 GMT+0800 (CST) ] time is 2376
[ Tue Aug 15 2017 16:15:53 GMT+0800 (CST) ] {"err":0,"msg":"JNyQW4dXWBBkEsgHNKXi15yYcxBeBwwaXR"}
[ Tue Aug 15 2017 16:15:53 GMT+0800 (CST) ] time is 2377
[ Tue Aug 15 2017 16:15:53 GMT+0800 (CST) ] {"err":0,"msg":"JaFjx6ctyCAfKZKvtevUX53yD3yvpYZgWG"}
[ Tue Aug 15 2017 16:15:53 GMT+0800 (CST) ] time is 2378
[ Tue Aug 15 2017 16:15:53 GMT+0800 (CST) ] {"err":0,"msg":"JfRM2muUNsxDjpXBmDwnMYQvx6XM855mGo"}
[ Tue Aug 15 2017 16:15:53 GMT+0800 (CST) ] time is 2379
[ Tue Aug 15 2017 16:15:53 GMT+0800 (CST) ] {"err":0,"msg":"JgYABfKyzaHy71BJC2j6xrNpmo1Htchmn6"}
[ Tue Aug 15 2017 16:15:53 GMT+0800 (CST) ] time is 2380
[ Tue Aug 15 2017 16:15:53 GMT+0800 (CST) ] {"err":0,"msg":"JbdXQf2T8ToJESRDUUVj3c6UMNtFkPNJiG"}
[ Tue Aug 15 2017 16:15:53 GMT+0800 (CST) ] time is 2381
[ Tue Aug 15 2017 16:15:53 GMT+0800 (CST) ] {"err":0,"msg":"JfyhLfe3DSpmfmE2fR8DEomVNU8gtzcoB5"}
[ Tue Aug 15 2017 16:15:53 GMT+0800 (CST) ] time is 2382
[ Tue Aug 15 2017 16:15:53 GMT+0800 (CST) ] {"err":0,"msg":"JNmTHXBn7WDyCbqSFAcMmRTfbK8QddfXUx"}
[ Tue Aug 15 2017 16:15:53 GMT+0800 (CST) ] time is 2383
[ Tue Aug 15 2017 16:15:53 GMT+0800 (CST) ] {"err":0,"msg":"JKcBy5fioo2KUjyva8YFmy9PSxjUdM7pia"}
[ Tue Aug 15 2017 16:15:53 GMT+0800 (CST) ] time is 2384
[ Tue Aug 15 2017 16:15:53 GMT+0800 (CST) ] {"err":0,"msg":"JhqWcrCHvzxZ8sgeSbbFkDshftrSjrNXmy"}
[ Tue Aug 15 2017 16:15:54 GMT+0800 (CST) ] time is 2385
[ Tue Aug 15 2017 16:15:54 GMT+0800 (CST) ] {"err":0,"msg":"JLGWRBdeVebKpXf3GguBH113Sfo3TwdH2g"}
[ Tue Aug 15 2017 16:15:54 GMT+0800 (CST) ] time is 2386
[ Tue Aug 15 2017 16:15:54 GMT+0800 (CST) ] {"err":0,"msg":"Jakh1mN4XBNv5QfkNTTaMwicmqE3TYobzE"}
[ Tue Aug 15 2017 16:15:54 GMT+0800 (CST) ] time is 2387
[ Tue Aug 15 2017 16:15:54 GMT+0800 (CST) ] {"err":0,"msg":"JTws14KKP7UnEdck3TsayAov5M6mwprrsu"}
[ Tue Aug 15 2017 16:15:54 GMT+0800 (CST) ] time is 2388
[ Tue Aug 15 2017 16:15:54 GMT+0800 (CST) ] {"err":0,"msg":"JciiqA5rVaV4s5FiBwtV4dE41dVmxaLg97"}
[ Tue Aug 15 2017 16:15:54 GMT+0800 (CST) ] time is 2389
[ Tue Aug 15 2017 16:15:54 GMT+0800 (CST) ] {"err":0,"msg":"JNLwq9z9VcYSs59a8qTuYZNXqtpdJc7Dzz"}
[ Tue Aug 15 2017 16:15:54 GMT+0800 (CST) ] time is 2390
[ Tue Aug 15 2017 16:15:54 GMT+0800 (CST) ] {"err":0,"msg":"JfyUCKMbNukBv5cdAkSjy5zYpX5D57cPBY"}
[ Tue Aug 15 2017 16:15:54 GMT+0800 (CST) ] time is 2391
[ Tue Aug 15 2017 16:15:54 GMT+0800 (CST) ] {"err":0,"msg":"JcN9hfNe3DccgMMzw7wRoy4eBKzVvd3Aus"}
[ Tue Aug 15 2017 16:15:54 GMT+0800 (CST) ] time is 2392
[ Tue Aug 15 2017 16:15:54 GMT+0800 (CST) ] {"err":0,"msg":"JMwUPs2EjNwBb6deSZzSY8xk86bc2rAsHU"}
[ Tue Aug 15 2017 16:15:54 GMT+0800 (CST) ] time is 2393
[ Tue Aug 15 2017 16:15:54 GMT+0800 (CST) ] {"err":0,"msg":"JYyxTwnXDMnr9uuRBMLoP6TijacqUhM6Bz"}
[ Tue Aug 15 2017 16:15:54 GMT+0800 (CST) ] time is 2394
[ Tue Aug 15 2017 16:15:54 GMT+0800 (CST) ] {"err":0,"msg":"JhPds4vJPMULV6Z9ZCfxPwhMV128Efoo9a"}
[ Tue Aug 15 2017 16:15:54 GMT+0800 (CST) ] time is 2395
[ Tue Aug 15 2017 16:15:54 GMT+0800 (CST) ] {"err":0,"msg":"Jc1kCto2aYjG7jNMrEWq31ojvHdCPh4pkR"}
[ Tue Aug 15 2017 16:15:54 GMT+0800 (CST) ] time is 2396
[ Tue Aug 15 2017 16:15:54 GMT+0800 (CST) ] {"err":0,"msg":"JXrTfxT8ruGe8B1eRUjM9G4A2S2ZhKPF5p"}
[ Tue Aug 15 2017 16:15:54 GMT+0800 (CST) ] time is 2397
[ Tue Aug 15 2017 16:15:54 GMT+0800 (CST) ] {"err":0,"msg":"JVmUDE7Zt3sVYJYHiGyLz1DQUko6E2Phq3"}
[ Tue Aug 15 2017 16:15:54 GMT+0800 (CST) ] time is 2398
[ Tue Aug 15 2017 16:15:54 GMT+0800 (CST) ] {"err":0,"msg":"JbEwn8RkHatRjT535qc8qxuGWV8SGtApu5"}
[ Tue Aug 15 2017 16:15:54 GMT+0800 (CST) ] time is 2399
[ Tue Aug 15 2017 16:15:54 GMT+0800 (CST) ] {"err":0,"msg":"JZiUiou3aRz8GQV6PhQmza778AQBr2JrHt"}
[ Tue Aug 15 2017 16:15:54 GMT+0800 (CST) ] time is 2400
[ Tue Aug 15 2017 16:15:54 GMT+0800 (CST) ] {"err":0,"msg":"JNbR1brKwNszxSDcYPgFbyHKEmEGALonsv"}
[ Tue Aug 15 2017 16:15:54 GMT+0800 (CST) ] time is 2401
[ Tue Aug 15 2017 16:15:54 GMT+0800 (CST) ] {"err":0,"msg":"JQeJWtE2k5N3ynxDbdxCT3kCfjX8YZeKvr"}
[ Tue Aug 15 2017 16:15:54 GMT+0800 (CST) ] time is 2402
[ Tue Aug 15 2017 16:15:54 GMT+0800 (CST) ] {"err":0,"msg":"Ja4inkw8zAYLd1ftd5j2evCwNHqvMVgUpH"}
[ Tue Aug 15 2017 16:15:54 GMT+0800 (CST) ] time is 2403
[ Tue Aug 15 2017 16:15:54 GMT+0800 (CST) ] {"err":0,"msg":"JQDYNBj1fzpVJZtYHXoRigfKfiA4yjGAdP"}
[ Tue Aug 15 2017 16:15:54 GMT+0800 (CST) ] time is 2404
[ Tue Aug 15 2017 16:15:54 GMT+0800 (CST) ] {"err":0,"msg":"Jhp3QuDKEULBE9Nh9gELPRd7vaiFWLKirJ"}
[ Tue Aug 15 2017 16:15:54 GMT+0800 (CST) ] time is 2405
[ Tue Aug 15 2017 16:15:54 GMT+0800 (CST) ] {"err":0,"msg":"JPDUuhgxPpb5Mb4T4TMbbhuTCpFCFbPbkw"}
[ Tue Aug 15 2017 16:15:54 GMT+0800 (CST) ] time is 2406
[ Tue Aug 15 2017 16:15:54 GMT+0800 (CST) ] {"err":0,"msg":"JZzuwhEUafJHYCGaGVWNLSErWzQ1KDDDYv"}
[ Tue Aug 15 2017 16:15:54 GMT+0800 (CST) ] time is 2407
[ Tue Aug 15 2017 16:15:54 GMT+0800 (CST) ] {"err":0,"msg":"JNsm5keBSHMqw5XF8FqpQYt2WL6FNyeAxJ"}
[ Tue Aug 15 2017 16:15:54 GMT+0800 (CST) ] time is 2408
[ Tue Aug 15 2017 16:15:54 GMT+0800 (CST) ] {"err":0,"msg":"JUvtYZdrYxPRoDcnrcCUsYdCcGTyG2D5UB"}
[ Tue Aug 15 2017 16:15:54 GMT+0800 (CST) ] time is 2409
[ Tue Aug 15 2017 16:15:54 GMT+0800 (CST) ] {"err":0,"msg":"JhevJzmBQAiSFoUfiivhEUtKhcRZy2eYCL"}
[ Tue Aug 15 2017 16:15:54 GMT+0800 (CST) ] time is 2410
[ Tue Aug 15 2017 16:15:54 GMT+0800 (CST) ] {"err":0,"msg":"JLZ9zBBy4hD4vJ43YWAsSCF67Fxvf4XwCj"}
[ Tue Aug 15 2017 16:15:54 GMT+0800 (CST) ] time is 2411
[ Tue Aug 15 2017 16:15:54 GMT+0800 (CST) ] {"err":0,"msg":"JdhqUdiiTD4A5k9L8rZr8xcXSee7RyBJhD"}
[ Tue Aug 15 2017 16:15:54 GMT+0800 (CST) ] time is 2412
[ Tue Aug 15 2017 16:15:54 GMT+0800 (CST) ] {"err":0,"msg":"JUqjnVtiDCi2qDM3b4P4B6Y9en1swHXt7X"}
[ Tue Aug 15 2017 16:15:54 GMT+0800 (CST) ] time is 2413
[ Tue Aug 15 2017 16:15:54 GMT+0800 (CST) ] {"err":0,"msg":"JUZigdu9RkyeVg5mdMeEtidS9BSGFJzQ3s"}
[ Tue Aug 15 2017 16:15:54 GMT+0800 (CST) ] time is 2414
[ Tue Aug 15 2017 16:15:54 GMT+0800 (CST) ] {"err":0,"msg":"JVRmYWezFXtQYKrtoeG82mQn1bkNk3cNxS"}
[ Tue Aug 15 2017 16:15:54 GMT+0800 (CST) ] time is 2415
[ Tue Aug 15 2017 16:15:54 GMT+0800 (CST) ] {"err":0,"msg":"JZ2ayxLT8Fq9QXfYhhEzk9B9JVruEQpkVy"}
[ Tue Aug 15 2017 16:15:54 GMT+0800 (CST) ] time is 2416
[ Tue Aug 15 2017 16:15:54 GMT+0800 (CST) ] {"err":0,"msg":"JSCuJSyohnV4mqShso54YGDvDpDBQqiZmv"}
[ Tue Aug 15 2017 16:15:54 GMT+0800 (CST) ] time is 2417
[ Tue Aug 15 2017 16:15:54 GMT+0800 (CST) ] {"err":0,"msg":"JU7cZFtTQhHio3xe5iREYKpAHTCXnWFM5i"}
[ Tue Aug 15 2017 16:15:54 GMT+0800 (CST) ] time is 2418
[ Tue Aug 15 2017 16:15:54 GMT+0800 (CST) ] {"err":0,"msg":"JY65PtVbrK26SzaxXuZJYAnzxPvdETYdtc"}
[ Tue Aug 15 2017 16:15:54 GMT+0800 (CST) ] time is 2419
[ Tue Aug 15 2017 16:15:54 GMT+0800 (CST) ] {"err":0,"msg":"JRpxPsAZ9iNaw9oYLgHMtBZ5B3MS1Jrpcy"}
[ Tue Aug 15 2017 16:15:54 GMT+0800 (CST) ] time is 2420
[ Tue Aug 15 2017 16:15:54 GMT+0800 (CST) ] {"err":0,"msg":"JQZHL9SVcJzawRAqBtFJypXJs6TLFAajUX"}
[ Tue Aug 15 2017 16:15:54 GMT+0800 (CST) ] {"err":0,"msg":"JSMevV6dEPYSUKnmHNTn7S281j9k7emjSE"}
[ Tue Aug 15 2017 16:15:54 GMT+0800 (CST) ] time is 2421
[ Tue Aug 15 2017 16:15:54 GMT+0800 (CST) ] time is 2422
[ Tue Aug 15 2017 16:15:54 GMT+0800 (CST) ] {"err":0,"msg":"JS915chzLgfTodBKens13ejb2fGmAoa7C3"}
[ Tue Aug 15 2017 16:15:55 GMT+0800 (CST) ] time is 2423
[ Tue Aug 15 2017 16:15:55 GMT+0800 (CST) ] {"err":0,"msg":"JYQCqasr4guRMStpoWtvQxmUMnCCcPEU2e"}
[ Tue Aug 15 2017 16:15:55 GMT+0800 (CST) ] time is 2424
[ Tue Aug 15 2017 16:15:55 GMT+0800 (CST) ] {"err":0,"msg":"JK7b4B1StHM2EywudjLMJM5foWaqGJU84U"}
[ Tue Aug 15 2017 16:15:55 GMT+0800 (CST) ] time is 2425
[ Tue Aug 15 2017 16:15:55 GMT+0800 (CST) ] {"err":0,"msg":"JW8FraSoscTJjSjv2BEjNvyfQVF7miyyin"}
[ Tue Aug 15 2017 16:15:55 GMT+0800 (CST) ] time is 2426
[ Tue Aug 15 2017 16:15:55 GMT+0800 (CST) ] {"err":0,"msg":"JW2LCgZoqT852d5ZHnCLUqvN6LV9Qnari9"}
[ Tue Aug 15 2017 16:15:55 GMT+0800 (CST) ] time is 2427
[ Tue Aug 15 2017 16:15:55 GMT+0800 (CST) ] {"err":0,"msg":"Jcp37zArs3xZKMSbzJkErYWKA6ozZeoDoD"}
[ Tue Aug 15 2017 16:15:55 GMT+0800 (CST) ] time is 2428
[ Tue Aug 15 2017 16:15:55 GMT+0800 (CST) ] {"err":0,"msg":"JLhGsqiZJGY8ktBG9g8epcUssAUmacyfpR"}
[ Tue Aug 15 2017 16:15:55 GMT+0800 (CST) ] time is 2429
[ Tue Aug 15 2017 16:15:55 GMT+0800 (CST) ] {"err":0,"msg":"JWKRzxBjEMKEDx3HqYhJiZuXR9DVdGQyEG"}
[ Tue Aug 15 2017 16:15:55 GMT+0800 (CST) ] time is 2430
[ Tue Aug 15 2017 16:15:55 GMT+0800 (CST) ] {"err":0,"msg":"JbfvQTMpG2E4aSxH8DKTRXw8zThcwjnNtk"}
[ Tue Aug 15 2017 16:15:55 GMT+0800 (CST) ] time is 2431
[ Tue Aug 15 2017 16:15:55 GMT+0800 (CST) ] {"err":0,"msg":"JgSvYHzDqxxAbbQoLhQyQe3zUCaJVvpb3x"}
[ Tue Aug 15 2017 16:15:55 GMT+0800 (CST) ] time is 2432
[ Tue Aug 15 2017 16:15:55 GMT+0800 (CST) ] {"err":0,"msg":"Jgvn7nSRPJJzb8qyQDFoRVa2mkMmLJ5Ts4"}
[ Tue Aug 15 2017 16:15:55 GMT+0800 (CST) ] time is 2433
[ Tue Aug 15 2017 16:15:55 GMT+0800 (CST) ] {"err":0,"msg":"JQ8SGYeNhUoeqfrr1QSNfheqmPterdSCRz"}
[ Tue Aug 15 2017 16:15:55 GMT+0800 (CST) ] time is 2434
[ Tue Aug 15 2017 16:15:55 GMT+0800 (CST) ] {"err":0,"msg":"Jc6n3eRkiXjuGzZggEKbywUCRkepLrFxTA"}
[ Tue Aug 15 2017 16:15:55 GMT+0800 (CST) ] time is 2435
[ Tue Aug 15 2017 16:15:55 GMT+0800 (CST) ] {"err":0,"msg":"JMQhU7dnDX1VmHvjfU8FjvXDKe3BfXN2uZ"}
[ Tue Aug 15 2017 16:15:55 GMT+0800 (CST) ] time is 2436
[ Tue Aug 15 2017 16:15:55 GMT+0800 (CST) ] {"err":0,"msg":"JLC1NjNdXFSUwAv3Pj5BbenHhkc381TSdx"}
[ Tue Aug 15 2017 16:15:55 GMT+0800 (CST) ] time is 2437
[ Tue Aug 15 2017 16:15:55 GMT+0800 (CST) ] {"err":0,"msg":"JKLVKUrn4jXFvntYXCFLYJkpwyvMH8grrv"}
[ Tue Aug 15 2017 16:15:55 GMT+0800 (CST) ] time is 2438
[ Tue Aug 15 2017 16:15:55 GMT+0800 (CST) ] {"err":0,"msg":"JW1AbVifarB4Fq4G6QGza5SLp8WAzV5hxx"}
[ Tue Aug 15 2017 16:15:55 GMT+0800 (CST) ] time is 2439
[ Tue Aug 15 2017 16:15:55 GMT+0800 (CST) ] {"err":0,"msg":"JVorj7xEXcqjFoPdgsP591Wn5zoFRtT5Jz"}
[ Tue Aug 15 2017 16:15:55 GMT+0800 (CST) ] time is 2440
[ Tue Aug 15 2017 16:15:55 GMT+0800 (CST) ] {"err":0,"msg":"JY29EaDmq4CidF6GVrXWaYNQGFo5FWw2uu"}
[ Tue Aug 15 2017 16:15:55 GMT+0800 (CST) ] time is 2441
[ Tue Aug 15 2017 16:15:55 GMT+0800 (CST) ] {"err":0,"msg":"Jh6YQTYRPfKNeqHr9VUViGN3bTu7cJW1HD"}
[ Tue Aug 15 2017 16:15:55 GMT+0800 (CST) ] time is 2442
[ Tue Aug 15 2017 16:15:55 GMT+0800 (CST) ] {"err":0,"msg":"JdPQfextxHhzPcZXH9MNuiDPAMW4dzcQUG"}
[ Tue Aug 15 2017 16:15:55 GMT+0800 (CST) ] time is 2443
[ Tue Aug 15 2017 16:15:55 GMT+0800 (CST) ] {"err":0,"msg":"JhTMP4Tz6BxRvaxLSWk2RMxiuDfdZ1w5pZ"}
[ Tue Aug 15 2017 16:15:55 GMT+0800 (CST) ] time is 2444
[ Tue Aug 15 2017 16:15:55 GMT+0800 (CST) ] {"err":0,"msg":"JJnHzsxLf3tZcDg3pTtaxtc7unJkRnfzw6"}
[ Tue Aug 15 2017 16:15:55 GMT+0800 (CST) ] time is 2445
[ Tue Aug 15 2017 16:15:55 GMT+0800 (CST) ] {"err":0,"msg":"JZ5iGXCUyLDSNVLbMFzZx1Srkg4zgNNyRp"}
[ Tue Aug 15 2017 16:15:55 GMT+0800 (CST) ] time is 2446
[ Tue Aug 15 2017 16:15:55 GMT+0800 (CST) ] {"err":0,"msg":"JeGs6J2XYN785yUS9zg5FtvpCmSZwEcfUY"}
[ Tue Aug 15 2017 16:15:55 GMT+0800 (CST) ] time is 2447
[ Tue Aug 15 2017 16:15:55 GMT+0800 (CST) ] {"err":0,"msg":"JcMVfvGdVWrmunJGPjHDRbfDA5k3Zqvvjn"}
[ Tue Aug 15 2017 16:15:55 GMT+0800 (CST) ] time is 2448
[ Tue Aug 15 2017 16:15:55 GMT+0800 (CST) ] {"err":0,"msg":"JVA7khyxwZS1Y1ywpz4diWL6ciWnakRKb8"}
[ Tue Aug 15 2017 16:15:55 GMT+0800 (CST) ] time is 2449
[ Tue Aug 15 2017 16:15:55 GMT+0800 (CST) ] {"err":0,"msg":"JdJfXXgZsy8uKNcK8of1tmbcEt4SSbnMkz"}
[ Tue Aug 15 2017 16:15:55 GMT+0800 (CST) ] time is 2450
[ Tue Aug 15 2017 16:15:55 GMT+0800 (CST) ] {"err":0,"msg":"JY2a1AkeYZiMsGvoffhPAa7QwqL5k3LX8N"}
[ Tue Aug 15 2017 16:15:55 GMT+0800 (CST) ] time is 2451
[ Tue Aug 15 2017 16:15:55 GMT+0800 (CST) ] {"err":0,"msg":"JQm46jg7Uw2gpxkHffczR6zPHWfpV1M2fN"}
[ Tue Aug 15 2017 16:15:55 GMT+0800 (CST) ] time is 2452
[ Tue Aug 15 2017 16:15:55 GMT+0800 (CST) ] {"err":0,"msg":"JabTsFwFwXa4xoYpDHck1YEpLfohjaH6j1"}
[ Tue Aug 15 2017 16:15:55 GMT+0800 (CST) ] time is 2453
[ Tue Aug 15 2017 16:15:55 GMT+0800 (CST) ] {"err":0,"msg":"JPrXQapedzkSXBhqj7LVpRcRKcKHBpt3xZ"}
[ Tue Aug 15 2017 16:15:55 GMT+0800 (CST) ] time is 2454
[ Tue Aug 15 2017 16:15:55 GMT+0800 (CST) ] {"err":0,"msg":"Jewrd2A3ChnpZwRyroyjWrR1XEra8LQsRV"}
[ Tue Aug 15 2017 16:15:55 GMT+0800 (CST) ] time is 2455
[ Tue Aug 15 2017 16:15:55 GMT+0800 (CST) ] {"err":0,"msg":"JhD7TLp7AQ44WDnT76bCp2TVcPvavpCESs"}
[ Tue Aug 15 2017 16:15:55 GMT+0800 (CST) ] time is 2456
[ Tue Aug 15 2017 16:15:55 GMT+0800 (CST) ] {"err":0,"msg":"JJmmZSrpSjtVi43nxevc9V1MhRJGjKUnr9"}
[ Tue Aug 15 2017 16:15:55 GMT+0800 (CST) ] time is 2457
[ Tue Aug 15 2017 16:15:55 GMT+0800 (CST) ] {"err":0,"msg":"JgMqH7hH3Q6epTYLSWvwfvpEXCBmZap4mv"}
[ Tue Aug 15 2017 16:15:55 GMT+0800 (CST) ] time is 2458
[ Tue Aug 15 2017 16:15:55 GMT+0800 (CST) ] {"err":0,"msg":"JWPA749PC4BPWgAVrJJqymULm7AeVF73as"}
[ Tue Aug 15 2017 16:15:55 GMT+0800 (CST) ] time is 2459
[ Tue Aug 15 2017 16:15:55 GMT+0800 (CST) ] {"err":0,"msg":"Jc8Kv7DepSpjQfym6eh62EHZWUZqwttf6f"}
[ Tue Aug 15 2017 16:15:56 GMT+0800 (CST) ] time is 2460
[ Tue Aug 15 2017 16:15:56 GMT+0800 (CST) ] {"err":0,"msg":"JYaZTq5ji3E1utQgbwNMDZUy3NhrsC3pWK"}
[ Tue Aug 15 2017 16:15:56 GMT+0800 (CST) ] time is 2461
[ Tue Aug 15 2017 16:15:56 GMT+0800 (CST) ] {"err":0,"msg":"JeQVELLbgJ7h6e29SwKcXtFTFubt6cFugW"}
[ Tue Aug 15 2017 16:15:56 GMT+0800 (CST) ] time is 2462
[ Tue Aug 15 2017 16:15:56 GMT+0800 (CST) ] {"err":0,"msg":"JL9uyrPGcQBVYwZL4MquWFu4AW9A1GMvu6"}
[ Tue Aug 15 2017 16:15:56 GMT+0800 (CST) ] time is 2463
[ Tue Aug 15 2017 16:15:56 GMT+0800 (CST) ] {"err":0,"msg":"JYFgMt2WrN8B4NDpHXsMdyeakWHQTRqfN2"}
[ Tue Aug 15 2017 16:15:56 GMT+0800 (CST) ] time is 2464
[ Tue Aug 15 2017 16:15:56 GMT+0800 (CST) ] {"err":0,"msg":"JTyuxTCTRxJu9Q7yxNLL3g7AWVFGqHxGDz"}
[ Tue Aug 15 2017 16:15:56 GMT+0800 (CST) ] time is 2465
[ Tue Aug 15 2017 16:15:56 GMT+0800 (CST) ] {"err":0,"msg":"JMY1kRWZPB7vgaSjXMPqsW8pqu2t8GwFMt"}
[ Tue Aug 15 2017 16:15:56 GMT+0800 (CST) ] time is 2466
[ Tue Aug 15 2017 16:15:56 GMT+0800 (CST) ] {"err":0,"msg":"JMaMtcwejeFJghZnhzRRDrBFEPXmvTYg3Q"}
[ Tue Aug 15 2017 16:15:56 GMT+0800 (CST) ] time is 2467
[ Tue Aug 15 2017 16:15:56 GMT+0800 (CST) ] {"err":0,"msg":"Jf3CkCj1afdycnKg9ww5BoVLsXZnRUKxez"}
[ Tue Aug 15 2017 16:15:56 GMT+0800 (CST) ] time is 2468
[ Tue Aug 15 2017 16:15:56 GMT+0800 (CST) ] {"err":0,"msg":"JWnRgy93qcWJ4A8QSQZBoZthr9mJWV4e8J"}
[ Tue Aug 15 2017 16:15:56 GMT+0800 (CST) ] time is 2469
[ Tue Aug 15 2017 16:15:56 GMT+0800 (CST) ] {"err":0,"msg":"JQe3dNeqGkAQX77zrK9LP5LiL39dYqcn1G"}
[ Tue Aug 15 2017 16:15:56 GMT+0800 (CST) ] time is 2470
[ Tue Aug 15 2017 16:15:56 GMT+0800 (CST) ] {"err":0,"msg":"Jh2mHS5FxmD6aYCMDFMurZnRbT8NrekrPh"}
[ Tue Aug 15 2017 16:15:56 GMT+0800 (CST) ] time is 2471
[ Tue Aug 15 2017 16:15:56 GMT+0800 (CST) ] {"err":0,"msg":"JcmZyJXh1u3r3hBSLxmgnRNC1n86Q4HNxN"}
[ Tue Aug 15 2017 16:15:56 GMT+0800 (CST) ] time is 2472
[ Tue Aug 15 2017 16:15:56 GMT+0800 (CST) ] {"err":0,"msg":"JhcRUz5nQFpmJZseWa3SpkYCLu9zGSFCHZ"}
[ Tue Aug 15 2017 16:15:56 GMT+0800 (CST) ] time is 2473
[ Tue Aug 15 2017 16:15:56 GMT+0800 (CST) ] {"err":0,"msg":"JcSMX4KhVehaaToEws4CGFfVAG8Ay4TNpZ"}
[ Tue Aug 15 2017 16:15:56 GMT+0800 (CST) ] time is 2474
[ Tue Aug 15 2017 16:15:56 GMT+0800 (CST) ] {"err":0,"msg":"JPHCST6sfQGoMq2HTnJwBLZm6RN9EMHWQL"}
[ Tue Aug 15 2017 16:15:56 GMT+0800 (CST) ] time is 2475
[ Tue Aug 15 2017 16:15:56 GMT+0800 (CST) ] {"err":0,"msg":"JJvKa7J1du4dsbG9Wkha3Ex25hZbRxtQPH"}
[ Tue Aug 15 2017 16:15:56 GMT+0800 (CST) ] time is 2476
[ Tue Aug 15 2017 16:15:56 GMT+0800 (CST) ] {"err":0,"msg":"JMqcCoGqCBND2JsAtqKktvBPxZYWP1Y1v4"}
[ Tue Aug 15 2017 16:15:56 GMT+0800 (CST) ] time is 2477
[ Tue Aug 15 2017 16:15:56 GMT+0800 (CST) ] {"err":0,"msg":"Jhpx44MCHKpdQfvgaDVXsEbiZxvR3yX3nE"}
[ Tue Aug 15 2017 16:15:56 GMT+0800 (CST) ] time is 2478
[ Tue Aug 15 2017 16:15:56 GMT+0800 (CST) ] {"err":0,"msg":"JMC39iDjVEypvyw1WwdJimu6dYB2SXvuLm"}
[ Tue Aug 15 2017 16:15:56 GMT+0800 (CST) ] time is 2479
[ Tue Aug 15 2017 16:15:56 GMT+0800 (CST) ] {"err":0,"msg":"JTMKk7KLntDjweXALGBAyMooRdV2PCdERo"}
[ Tue Aug 15 2017 16:15:56 GMT+0800 (CST) ] time is 2480
[ Tue Aug 15 2017 16:15:56 GMT+0800 (CST) ] {"err":0,"msg":"JcTgb6RbeZ7FLQEvsovpRJBzr7F9YTaeAP"}
[ Tue Aug 15 2017 16:15:56 GMT+0800 (CST) ] time is 2481
[ Tue Aug 15 2017 16:15:56 GMT+0800 (CST) ] {"err":0,"msg":"Jb7zxFoVoMCaqst32RU9tevC2UfEoKEtzF"}
[ Tue Aug 15 2017 16:15:56 GMT+0800 (CST) ] time is 2482
[ Tue Aug 15 2017 16:15:56 GMT+0800 (CST) ] {"err":0,"msg":"JbBNkchzWpgVEYQKPovNu1sW32gGhnWb4r"}
[ Tue Aug 15 2017 16:15:56 GMT+0800 (CST) ] time is 2483
[ Tue Aug 15 2017 16:15:56 GMT+0800 (CST) ] {"err":0,"msg":"JVm2u7SLYBqJSYoExi8YMGAXfHhrqtbNaz"}
[ Tue Aug 15 2017 16:15:56 GMT+0800 (CST) ] time is 2484
[ Tue Aug 15 2017 16:15:56 GMT+0800 (CST) ] {"err":0,"msg":"JJkA2dr5FiMpPPLWDLmXJgcKECkaaaYM7k"}
[ Tue Aug 15 2017 16:15:56 GMT+0800 (CST) ] time is 2485
[ Tue Aug 15 2017 16:15:56 GMT+0800 (CST) ] {"err":0,"msg":"JV9D25gg4TjfVSmDYhe3pGTgtKwaHPD58r"}
[ Tue Aug 15 2017 16:15:56 GMT+0800 (CST) ] time is 2486
[ Tue Aug 15 2017 16:15:56 GMT+0800 (CST) ] {"err":0,"msg":"JfBQE7DHQ17TuywkG94qoVdnxZCWAq1GnE"}
[ Tue Aug 15 2017 16:15:56 GMT+0800 (CST) ] time is 2487
[ Tue Aug 15 2017 16:15:56 GMT+0800 (CST) ] {"err":0,"msg":"JdPYGMfzxX5ShXYKpNKj7HhsSNREsvEEe9"}
[ Tue Aug 15 2017 16:15:56 GMT+0800 (CST) ] time is 2488
[ Tue Aug 15 2017 16:15:56 GMT+0800 (CST) ] {"err":0,"msg":"JTDASnqnC3GvXjsuRB46RGGPPekbiZr3cE"}
[ Tue Aug 15 2017 16:15:56 GMT+0800 (CST) ] time is 2489
[ Tue Aug 15 2017 16:15:56 GMT+0800 (CST) ] {"err":0,"msg":"JUw1eeGfX6LMkDE1VttXekSCjFxSQYjb7B"}
[ Tue Aug 15 2017 16:15:56 GMT+0800 (CST) ] time is 2490
[ Tue Aug 15 2017 16:15:56 GMT+0800 (CST) ] {"err":0,"msg":"JeJRgMiKEuMNDGMZ13ozF5GGKsqJM1TZFy"}
[ Tue Aug 15 2017 16:15:56 GMT+0800 (CST) ] time is 2491
[ Tue Aug 15 2017 16:15:56 GMT+0800 (CST) ] {"err":0,"msg":"JdaqqhEHkHosWqf5ggHHBCn8BAzYjoPjEX"}
[ Tue Aug 15 2017 16:15:56 GMT+0800 (CST) ] time is 2492
[ Tue Aug 15 2017 16:15:56 GMT+0800 (CST) ] {"err":0,"msg":"JNr1m3GJAZnA4JTYCsAYiSapVY85Vg4iV1"}
[ Tue Aug 15 2017 16:15:56 GMT+0800 (CST) ] time is 2493
[ Tue Aug 15 2017 16:15:56 GMT+0800 (CST) ] {"err":0,"msg":"JS9WvdjMW5iRqYP1H2ope6zQyHk47UeusG"}
[ Tue Aug 15 2017 16:15:56 GMT+0800 (CST) ] time is 2494
[ Tue Aug 15 2017 16:15:56 GMT+0800 (CST) ] {"err":0,"msg":"JUhgxFy9B8K5sC26tQHimFAnNZLXqLzUYe"}
[ Tue Aug 15 2017 16:15:56 GMT+0800 (CST) ] time is 2495
[ Tue Aug 15 2017 16:15:56 GMT+0800 (CST) ] {"err":0,"msg":"JahMVcT4yLa2KPavq8EML3ttc66UePRWQR"}
[ Tue Aug 15 2017 16:15:56 GMT+0800 (CST) ] time is 2496
[ Tue Aug 15 2017 16:15:56 GMT+0800 (CST) ] {"err":0,"msg":"JNAMMQb1VSqiAjc1SaMya8ZLZsAVB5t2iR"}
[ Tue Aug 15 2017 16:15:57 GMT+0800 (CST) ] time is 2497
[ Tue Aug 15 2017 16:15:57 GMT+0800 (CST) ] {"err":0,"msg":"JXLTBpNwKjGBPYg7BZgRK9jVy3UxGkQfFQ"}
[ Tue Aug 15 2017 16:15:57 GMT+0800 (CST) ] time is 2498
[ Tue Aug 15 2017 16:15:57 GMT+0800 (CST) ] {"err":0,"msg":"JN55BYfj5wWZywcp93AvbrhSsSCwF7RA8V"}
[ Tue Aug 15 2017 16:15:57 GMT+0800 (CST) ] time is 2499
[ Tue Aug 15 2017 16:15:57 GMT+0800 (CST) ] {"err":0,"msg":"JWh31b9WS7T5KXyVvQv88ojxqSWQzKSxFs"}
[ Tue Aug 15 2017 16:15:57 GMT+0800 (CST) ] time is 2500
[ Tue Aug 15 2017 16:15:57 GMT+0800 (CST) ] {"err":0,"msg":"Jax8n9XWb433V6b13VrDdcooQLUK5BKcFf"}
[ Tue Aug 15 2017 16:26:30 GMT+0800 (CST) ] start testing get bitcoin address...
[ Tue Aug 15 2017 16:26:30 GMT+0800 (CST) ] time is 1
[ Tue Aug 15 2017 16:26:30 GMT+0800 (CST) ] {"err":0,"msg":"JckxNeFQowog6HFpPguFHmPRKBM47oMum4"}
[ Tue Aug 15 2017 16:26:30 GMT+0800 (CST) ] time is 1
[ Tue Aug 15 2017 16:26:30 GMT+0800 (CST) ] {"err":0,"msg":"JTXsfpDseVfFW9TTDmhFsNnNMxxfCwLc1T"}
[ Tue Aug 15 2017 16:26:30 GMT+0800 (CST) ] time is 1
[ Tue Aug 15 2017 16:26:30 GMT+0800 (CST) ] {"err":0,"msg":"JNEhm9NfXHsX8QD96xpVEVbC3sy9BFGg8E"}
[ Tue Aug 15 2017 16:26:30 GMT+0800 (CST) ] time is 1
[ Tue Aug 15 2017 16:26:30 GMT+0800 (CST) ] {"err":0,"msg":"JXBRQkdX7S1miFWkD8V4fqtcWvYQYx9aWW"}
[ Tue Aug 15 2017 16:26:30 GMT+0800 (CST) ] time is 2
[ Tue Aug 15 2017 16:26:30 GMT+0800 (CST) ] {"err":0,"msg":"JUWPhMtD92AJtvrjcoKuHGSMp8jZwtW3gn"}
[ Tue Aug 15 2017 16:26:30 GMT+0800 (CST) ] time is 2
[ Tue Aug 15 2017 16:26:30 GMT+0800 (CST) ] {"err":0,"msg":"JbeiLQZb8jEusDfSXP7TuyHuhWdeiSPQDD"}
[ Tue Aug 15 2017 16:26:30 GMT+0800 (CST) ] time is 2
[ Tue Aug 15 2017 16:26:30 GMT+0800 (CST) ] {"err":0,"msg":"JgURUcPNEekUW8gfCXmMYhs2pjMDSjxyXM"}
[ Tue Aug 15 2017 16:26:30 GMT+0800 (CST) ] time is 2
[ Tue Aug 15 2017 16:26:30 GMT+0800 (CST) ] {"err":0,"msg":"JJsQWjo9JJ1ovfFUNpjzCDgMsWCT2MirJY"}
[ Tue Aug 15 2017 16:26:30 GMT+0800 (CST) ] time is 3
[ Tue Aug 15 2017 16:26:30 GMT+0800 (CST) ] {"err":0,"msg":"JZj1jTripPgpMW1my2SUvGPZCefbZv9H9w"}
[ Tue Aug 15 2017 16:26:30 GMT+0800 (CST) ] time is 3
[ Tue Aug 15 2017 16:26:30 GMT+0800 (CST) ] {"err":0,"msg":"JSdSRn2o1pt9bvnLT5VHbqc4qG1S7y54t3"}
[ Tue Aug 15 2017 16:26:30 GMT+0800 (CST) ] time is 3
[ Tue Aug 15 2017 16:26:30 GMT+0800 (CST) ] {"err":0,"msg":"JKcn3c176AbKpdgiYCfBJ5AiD1DVqYGZPg"}
[ Tue Aug 15 2017 16:26:30 GMT+0800 (CST) ] time is 3
[ Tue Aug 15 2017 16:26:30 GMT+0800 (CST) ] {"err":0,"msg":"JNAPJSPHvBT5YfvvngJvGVBSeNgXTHh4V8"}
[ Tue Aug 15 2017 16:26:30 GMT+0800 (CST) ] time is 4
[ Tue Aug 15 2017 16:26:30 GMT+0800 (CST) ] {"err":0,"msg":"JbHxgFvYHBb87z5uMyU1ob84k41s6NPLCF"}
[ Tue Aug 15 2017 16:26:30 GMT+0800 (CST) ] time is 4
[ Tue Aug 15 2017 16:26:30 GMT+0800 (CST) ] {"err":0,"msg":"JbETboX3Ghy2mhGayARPGRjcsQEAQ3XxMR"}
[ Tue Aug 15 2017 16:26:30 GMT+0800 (CST) ] time is 4
[ Tue Aug 15 2017 16:26:30 GMT+0800 (CST) ] {"err":0,"msg":"JLKCMTvWhUb7LF7LbZkmkvYMhWLPjHVTGm"}
[ Tue Aug 15 2017 16:26:30 GMT+0800 (CST) ] time is 4
[ Tue Aug 15 2017 16:26:30 GMT+0800 (CST) ] {"err":0,"msg":"JLpXPKPLnFn69x26xwCCNMKAQZ8H1aaQiV"}
[ Tue Aug 15 2017 16:26:30 GMT+0800 (CST) ] time is 5
[ Tue Aug 15 2017 16:26:30 GMT+0800 (CST) ] {"err":0,"msg":"JL5CWMJZq6jCjhRWLFcL5yD3LeKoYeW1Co"}
[ Tue Aug 15 2017 16:26:30 GMT+0800 (CST) ] time is 5
[ Tue Aug 15 2017 16:26:30 GMT+0800 (CST) ] {"err":0,"msg":"JW3PgFxp4ijwELD53d2fqKmLMM92g4nyEt"}
[ Tue Aug 15 2017 16:26:30 GMT+0800 (CST) ] time is 5
[ Tue Aug 15 2017 16:26:30 GMT+0800 (CST) ] {"err":0,"msg":"JVtKoCeEkQPJCXq2oXHsciPhjhiWVdkfnz"}
[ Tue Aug 15 2017 16:26:30 GMT+0800 (CST) ] time is 5
[ Tue Aug 15 2017 16:26:30 GMT+0800 (CST) ] {"err":0,"msg":"JVYJLx3PBQ5yeT6eFXMFTvk6ikWhL5ztji"}
[ Tue Aug 15 2017 16:26:30 GMT+0800 (CST) ] time is 6
[ Tue Aug 15 2017 16:26:30 GMT+0800 (CST) ] {"err":0,"msg":"JbGmV2TiTPcxPErCEqzC7UQn834YsnazFF"}
[ Tue Aug 15 2017 16:26:30 GMT+0800 (CST) ] time is 6
[ Tue Aug 15 2017 16:26:30 GMT+0800 (CST) ] {"err":0,"msg":"JdTQ7Hr9vcXQWK2HWQDBsiYhbHgB1346sh"}
[ Tue Aug 15 2017 16:26:30 GMT+0800 (CST) ] time is 6
[ Tue Aug 15 2017 16:26:30 GMT+0800 (CST) ] {"err":0,"msg":"JYizFrogZfY5vJzoJrLYwK59p3vVsj64Pv"}
[ Tue Aug 15 2017 16:26:30 GMT+0800 (CST) ] time is 7
[ Tue Aug 15 2017 16:26:30 GMT+0800 (CST) ] {"err":0,"msg":"JcWiSzrEg4MPyhsCNMivpa27JECsJTyFA4"}
[ Tue Aug 15 2017 16:26:30 GMT+0800 (CST) ] time is 6
[ Tue Aug 15 2017 16:26:30 GMT+0800 (CST) ] {"err":0,"msg":"JhRWJa4SjXe3EFS16c3KzhHq48GgJ1GtY3"}
[ Tue Aug 15 2017 16:26:30 GMT+0800 (CST) ] time is 7
[ Tue Aug 15 2017 16:26:30 GMT+0800 (CST) ] {"err":0,"msg":"Jd8Sy5KRmuTYzGBAPzGyLTSC43A1JZUoTt"}
[ Tue Aug 15 2017 16:26:30 GMT+0800 (CST) ] time is 7
[ Tue Aug 15 2017 16:26:30 GMT+0800 (CST) ] {"err":0,"msg":"JVgkoQ8wnS7qmjhnm2m6Kqq3bE7tfTriVV"}
[ Tue Aug 15 2017 16:26:30 GMT+0800 (CST) ] time is 8
[ Tue Aug 15 2017 16:26:30 GMT+0800 (CST) ] {"err":0,"msg":"JVMutwZhR3gjvidmtGHZ274D1TfGH1PvNv"}
[ Tue Aug 15 2017 16:26:30 GMT+0800 (CST) ] time is 7
[ Tue Aug 15 2017 16:26:30 GMT+0800 (CST) ] {"err":0,"msg":"JTwc3fzvMigrW5NEJZqhy8bgnfyc2VTERc"}
[ Tue Aug 15 2017 16:26:30 GMT+0800 (CST) ] time is 8
[ Tue Aug 15 2017 16:26:30 GMT+0800 (CST) ] {"err":0,"msg":"JW3G2CSXxBdPEh2qH6SisNUKMUuRisCw8b"}
[ Tue Aug 15 2017 16:26:30 GMT+0800 (CST) ] time is 8
[ Tue Aug 15 2017 16:26:30 GMT+0800 (CST) ] {"err":0,"msg":"JLXYp56QgV9S99AoKgujY2GEpgdTyE5jPF"}
[ Tue Aug 15 2017 16:26:30 GMT+0800 (CST) ] time is 9
[ Tue Aug 15 2017 16:26:30 GMT+0800 (CST) ] {"err":0,"msg":"JXsN5QNUQEyvKaaV7jGBLDCSLUzzkTNXdE"}
[ Tue Aug 15 2017 16:26:30 GMT+0800 (CST) ] time is 8
[ Tue Aug 15 2017 16:26:30 GMT+0800 (CST) ] {"err":0,"msg":"JQYcQPp9Djpgkmvt4L6vUkG3FcvNemRAid"}
[ Tue Aug 15 2017 16:26:30 GMT+0800 (CST) ] time is 9
[ Tue Aug 15 2017 16:26:30 GMT+0800 (CST) ] {"err":0,"msg":"JYdJBkerT5ENoVdPvzuVXCeftRHNQK6nP9"}
[ Tue Aug 15 2017 16:26:30 GMT+0800 (CST) ] time is 9
[ Tue Aug 15 2017 16:26:30 GMT+0800 (CST) ] {"err":0,"msg":"JVKost8mhUVA1MHTLxSKHgVLC8341DP6zr"}
[ Tue Aug 15 2017 16:26:30 GMT+0800 (CST) ] time is 10
[ Tue Aug 15 2017 16:26:30 GMT+0800 (CST) ] {"err":0,"msg":"JKDDDvgn984xNf6FXeenXH1aENnQdWrLAv"}
[ Tue Aug 15 2017 16:26:30 GMT+0800 (CST) ] time is 9
[ Tue Aug 15 2017 16:26:30 GMT+0800 (CST) ] {"err":0,"msg":"JaRNKhXuGwXTWWE2oKZ7izSjaA4UntGrTp"}
[ Tue Aug 15 2017 16:26:30 GMT+0800 (CST) ] time is 10
[ Tue Aug 15 2017 16:26:30 GMT+0800 (CST) ] {"err":0,"msg":"JRmzieLz8EWLvwavgntRbwGKTsiJSxDxaV"}
[ Tue Aug 15 2017 16:26:31 GMT+0800 (CST) ] time is 10
[ Tue Aug 15 2017 16:26:31 GMT+0800 (CST) ] {"err":0,"msg":"JZxqMpqtfiKaj9vXD3z2RMPvqNzQraFygc"}
[ Tue Aug 15 2017 16:26:31 GMT+0800 (CST) ] time is 11
[ Tue Aug 15 2017 16:26:31 GMT+0800 (CST) ] {"err":0,"msg":"JZT7vxtSQH9f2fQLcjTqYN3FPV9UDNybQL"}
[ Tue Aug 15 2017 16:26:31 GMT+0800 (CST) ] time is 10
[ Tue Aug 15 2017 16:26:31 GMT+0800 (CST) ] {"err":0,"msg":"JQ5VjFxXqSxzSoP1nQ4j4AwJ9m3Bufv6pD"}
[ Tue Aug 15 2017 16:26:31 GMT+0800 (CST) ] time is 11
[ Tue Aug 15 2017 16:26:31 GMT+0800 (CST) ] {"err":0,"msg":"JZFM6PC9S5YS1ShD3qBWmHMA8GaPCJJVdu"}
[ Tue Aug 15 2017 16:26:31 GMT+0800 (CST) ] time is 11
[ Tue Aug 15 2017 16:26:31 GMT+0800 (CST) ] {"err":0,"msg":"JgzUgx3DNcjCbnTXH41FKTchNpydrDD3Sc"}
[ Tue Aug 15 2017 16:26:31 GMT+0800 (CST) ] time is 12
[ Tue Aug 15 2017 16:26:31 GMT+0800 (CST) ] {"err":0,"msg":"JRnvALuutwuwfM7rCTi9QghFZoCxCPhFiv"}
[ Tue Aug 15 2017 16:26:31 GMT+0800 (CST) ] time is 11
[ Tue Aug 15 2017 16:26:31 GMT+0800 (CST) ] {"err":0,"msg":"JhEmLBFJvsRriziCMqm33eWhMafHh9kN1h"}
[ Tue Aug 15 2017 16:26:31 GMT+0800 (CST) ] time is 12
[ Tue Aug 15 2017 16:26:31 GMT+0800 (CST) ] {"err":0,"msg":"JNLo8QZZ4zRk5sbCrQ5uZ6jRCvuFeqqj7S"}
[ Tue Aug 15 2017 16:26:31 GMT+0800 (CST) ] time is 12
[ Tue Aug 15 2017 16:26:31 GMT+0800 (CST) ] {"err":0,"msg":"JJp9rJrfsNqTB8PU7HHBbaPsP75DAdMVoR"}
[ Tue Aug 15 2017 16:26:31 GMT+0800 (CST) ] time is 13
[ Tue Aug 15 2017 16:26:31 GMT+0800 (CST) ] {"err":0,"msg":"JUDv8nFRZQDdDWTyEN8QBXXpJtgBsPVh6v"}
[ Tue Aug 15 2017 16:26:31 GMT+0800 (CST) ] time is 12
[ Tue Aug 15 2017 16:26:31 GMT+0800 (CST) ] {"err":0,"msg":"JUikTFgxL4o28SeZpm2kcW3jeWAMK5LLjd"}
[ Tue Aug 15 2017 16:26:31 GMT+0800 (CST) ] time is 13
[ Tue Aug 15 2017 16:26:31 GMT+0800 (CST) ] {"err":0,"msg":"JM7ZUjM9K3KNHLjSnYZBZSZjywjdMGCVpU"}
[ Tue Aug 15 2017 16:26:31 GMT+0800 (CST) ] time is 13
[ Tue Aug 15 2017 16:26:31 GMT+0800 (CST) ] {"err":0,"msg":"JLy5VNaELkfSNUTEneTunB49dHPnWA7GLj"}
[ Tue Aug 15 2017 16:26:31 GMT+0800 (CST) ] time is 14
[ Tue Aug 15 2017 16:26:31 GMT+0800 (CST) ] {"err":0,"msg":"JfSfcranD6JTb5REWkAMAh1pJA76mERp2B"}
[ Tue Aug 15 2017 16:26:31 GMT+0800 (CST) ] time is 13
[ Tue Aug 15 2017 16:26:31 GMT+0800 (CST) ] {"err":0,"msg":"JPaakRC2D47WLisYPmJ2Jvw6MuCQPWZTWm"}
[ Tue Aug 15 2017 16:26:31 GMT+0800 (CST) ] time is 14
[ Tue Aug 15 2017 16:26:31 GMT+0800 (CST) ] {"err":0,"msg":"JT8TpX8yXGxd2MLEGhjfgEXyhsSbE9zPpG"}
[ Tue Aug 15 2017 16:26:31 GMT+0800 (CST) ] time is 14
[ Tue Aug 15 2017 16:26:31 GMT+0800 (CST) ] {"err":0,"msg":"JVZYgujNZThV4KwHn3ms2qCwCJFKzAmvwF"}
[ Tue Aug 15 2017 16:26:31 GMT+0800 (CST) ] time is 15
[ Tue Aug 15 2017 16:26:31 GMT+0800 (CST) ] {"err":0,"msg":"JNAQtj146BLh2eoRPhp6SH1oYfek6efkhM"}
[ Tue Aug 15 2017 16:26:31 GMT+0800 (CST) ] time is 14
[ Tue Aug 15 2017 16:26:31 GMT+0800 (CST) ] {"err":0,"msg":"JfynjcRijjQYp8WYjZ4CLVKZT2nZr7vVWy"}
[ Tue Aug 15 2017 16:26:31 GMT+0800 (CST) ] time is 15
[ Tue Aug 15 2017 16:26:31 GMT+0800 (CST) ] {"err":0,"msg":"JQMvghjoHjr83Q8vpyijrdJJdXQZaboeSR"}
[ Tue Aug 15 2017 16:26:31 GMT+0800 (CST) ] time is 15
[ Tue Aug 15 2017 16:26:31 GMT+0800 (CST) ] {"err":0,"msg":"JMMYX9pXi6UWzE5y7N2s1ERVuh9tRYwqYV"}
[ Tue Aug 15 2017 16:26:31 GMT+0800 (CST) ] time is 16
[ Tue Aug 15 2017 16:26:31 GMT+0800 (CST) ] {"err":0,"msg":"JWjeBgLyL51tbBn9vyiLZtSiNY9RmhZh9r"}
[ Tue Aug 15 2017 16:26:31 GMT+0800 (CST) ] time is 15
[ Tue Aug 15 2017 16:26:31 GMT+0800 (CST) ] {"err":0,"msg":"JWgYDuNJdDgfEUmpm1sEStaz86LcyXeLSF"}
[ Tue Aug 15 2017 16:26:31 GMT+0800 (CST) ] time is 16
[ Tue Aug 15 2017 16:26:31 GMT+0800 (CST) ] {"err":0,"msg":"Jf8LcMd4g835NUUWi7PJqPMnF65qPpiDbU"}
[ Tue Aug 15 2017 16:26:31 GMT+0800 (CST) ] time is 16
[ Tue Aug 15 2017 16:26:31 GMT+0800 (CST) ] {"err":0,"msg":"JgMRAh1s9aBbVEic8P3Wr9rXGtsGS2hjmg"}
[ Tue Aug 15 2017 16:26:31 GMT+0800 (CST) ] time is 17
[ Tue Aug 15 2017 16:26:31 GMT+0800 (CST) ] {"err":0,"msg":"JZW9EkpuYr829PuyUYF317LRGZx6VjmT89"}
[ Tue Aug 15 2017 16:26:31 GMT+0800 (CST) ] time is 16
[ Tue Aug 15 2017 16:26:31 GMT+0800 (CST) ] {"err":0,"msg":"JTa5va5XPbuYdkZHPC6ZojvN2Z5BgEgEt5"}
[ Tue Aug 15 2017 16:26:31 GMT+0800 (CST) ] time is 17
[ Tue Aug 15 2017 16:26:31 GMT+0800 (CST) ] {"err":0,"msg":"JV4RRrKCBjGX3yDvSDPgTMqLBzMScYRDqG"}
[ Tue Aug 15 2017 16:26:31 GMT+0800 (CST) ] time is 17
[ Tue Aug 15 2017 16:26:31 GMT+0800 (CST) ] {"err":0,"msg":"Jgy6Ubp3n2Q9rZ6ZDB7RLioqn29ZE7Qpy6"}
[ Tue Aug 15 2017 16:26:31 GMT+0800 (CST) ] time is 18
[ Tue Aug 15 2017 16:26:31 GMT+0800 (CST) ] {"err":0,"msg":"JZFsVwmgu23etKACerQYrCsQAJcySSpEub"}
[ Tue Aug 15 2017 16:26:31 GMT+0800 (CST) ] time is 17
[ Tue Aug 15 2017 16:26:31 GMT+0800 (CST) ] {"err":0,"msg":"JcpX9xuFN7wLNTjdsLwinjqGfBDggXUoXE"}
[ Tue Aug 15 2017 16:26:31 GMT+0800 (CST) ] time is 18
[ Tue Aug 15 2017 16:26:31 GMT+0800 (CST) ] {"err":0,"msg":"JNd914J49zNg42hxC7rJfDQByr6CDVPdbd"}
[ Tue Aug 15 2017 16:26:31 GMT+0800 (CST) ] time is 18
[ Tue Aug 15 2017 16:26:31 GMT+0800 (CST) ] {"err":0,"msg":"JLhapu3v6bE7Fb264QGTYu3gCc2UxKrxVA"}
[ Tue Aug 15 2017 16:26:31 GMT+0800 (CST) ] time is 19
[ Tue Aug 15 2017 16:26:31 GMT+0800 (CST) ] {"err":0,"msg":"JgP1jx6ovkN27kPqvg3twLEdcg4LzTmFpR"}
[ Tue Aug 15 2017 16:26:31 GMT+0800 (CST) ] time is 18
[ Tue Aug 15 2017 16:26:31 GMT+0800 (CST) ] {"err":0,"msg":"JN7HUk1enppzcmScjez9R35jRJfDkDt3Ld"}
[ Tue Aug 15 2017 16:26:31 GMT+0800 (CST) ] time is 19
[ Tue Aug 15 2017 16:26:31 GMT+0800 (CST) ] {"err":0,"msg":"JYEVdxdQhiBpFsXmRnxQFSrRmUrffqKs86"}
[ Tue Aug 15 2017 16:26:31 GMT+0800 (CST) ] time is 19
[ Tue Aug 15 2017 16:26:31 GMT+0800 (CST) ] {"err":0,"msg":"JMrkMfWNWnHxzms2rLsZgQrL9xasADQ4BM"}
[ Tue Aug 15 2017 16:26:31 GMT+0800 (CST) ] time is 20
[ Tue Aug 15 2017 16:26:31 GMT+0800 (CST) ] {"err":0,"msg":"JeeQv2eAF63rQmv6zbx4TDKCBZdNHp8kLa"}
[ Tue Aug 15 2017 16:26:31 GMT+0800 (CST) ] time is 19
[ Tue Aug 15 2017 16:26:31 GMT+0800 (CST) ] {"err":0,"msg":"JK8ELS1uKeAC2Fpn2KahrXVimpPFA8fNS8"}
[ Tue Aug 15 2017 16:26:31 GMT+0800 (CST) ] time is 20
[ Tue Aug 15 2017 16:26:31 GMT+0800 (CST) ] {"err":0,"msg":"JgnFe2VMx192BUPiQBCRf3Lshw8LgdaxSv"}
[ Tue Aug 15 2017 16:26:31 GMT+0800 (CST) ] time is 20
[ Tue Aug 15 2017 16:26:31 GMT+0800 (CST) ] {"err":0,"msg":"JcDiCDeMdqTd76hHH7K7CTs3X7yRB1JxYA"}
[ Tue Aug 15 2017 16:26:31 GMT+0800 (CST) ] time is 21
[ Tue Aug 15 2017 16:26:31 GMT+0800 (CST) ] {"err":0,"msg":"Jb9Kgbftcy7wn6hUq77tp8WcZXmkESrKdb"}
[ Tue Aug 15 2017 16:26:31 GMT+0800 (CST) ] time is 20
[ Tue Aug 15 2017 16:26:31 GMT+0800 (CST) ] {"err":0,"msg":"JNGL8R8YskA6PbkJ1EyQdR3pg6gHCjybqv"}
[ Tue Aug 15 2017 16:26:31 GMT+0800 (CST) ] time is 21
[ Tue Aug 15 2017 16:26:31 GMT+0800 (CST) ] {"err":0,"msg":"Jbb1HFYk2xjWENkikYDGUutheAN4YnPAiZ"}
[ Tue Aug 15 2017 16:26:31 GMT+0800 (CST) ] time is 21
[ Tue Aug 15 2017 16:26:31 GMT+0800 (CST) ] {"err":0,"msg":"JSyy19ZzXjVRZXMx4XGeXrrEZMsLeMX1yQ"}
[ Tue Aug 15 2017 16:26:31 GMT+0800 (CST) ] time is 22
[ Tue Aug 15 2017 16:26:31 GMT+0800 (CST) ] {"err":0,"msg":"JWVA6mxbSPCppjchk2waxHnDGPTkAuJMSp"}
[ Tue Aug 15 2017 16:26:31 GMT+0800 (CST) ] time is 21
[ Tue Aug 15 2017 16:26:31 GMT+0800 (CST) ] {"err":0,"msg":"JboNs9NciFeCdZNuzVjYPt547kPCAD2Nja"}
[ Tue Aug 15 2017 16:26:31 GMT+0800 (CST) ] time is 22
[ Tue Aug 15 2017 16:26:31 GMT+0800 (CST) ] {"err":0,"msg":"JVprArNimFJfQe4GpdiGAX2NL3pe1hRD1o"}
[ Tue Aug 15 2017 16:26:31 GMT+0800 (CST) ] time is 22
[ Tue Aug 15 2017 16:26:31 GMT+0800 (CST) ] {"err":0,"msg":"JLocopubCmFa32fcAhYraa5YrPQb2fU7WV"}
[ Tue Aug 15 2017 16:26:31 GMT+0800 (CST) ] time is 23
[ Tue Aug 15 2017 16:26:31 GMT+0800 (CST) ] {"err":0,"msg":"JdiEZLDrH3SaisyuyepcA4XiHxX1aAfGTj"}
[ Tue Aug 15 2017 16:26:31 GMT+0800 (CST) ] time is 22
[ Tue Aug 15 2017 16:26:31 GMT+0800 (CST) ] {"err":0,"msg":"JK5Padtn94iBwdA3W4GB6cb4k138TRUZVz"}
[ Tue Aug 15 2017 16:26:31 GMT+0800 (CST) ] time is 23
[ Tue Aug 15 2017 16:26:31 GMT+0800 (CST) ] {"err":0,"msg":"JNTaCmnEVhPXtQhnUTNZPcqLN2rAByUZ2b"}
[ Tue Aug 15 2017 16:26:31 GMT+0800 (CST) ] time is 23
[ Tue Aug 15 2017 16:26:31 GMT+0800 (CST) ] {"err":0,"msg":"JgXpQHYDZh9QHijqHR6Wr7iarj2YvaLQvt"}
[ Tue Aug 15 2017 16:26:31 GMT+0800 (CST) ] time is 24
[ Tue Aug 15 2017 16:26:31 GMT+0800 (CST) ] {"err":0,"msg":"JPGdhtcCgFeVFj6X91TGUH6XPRJ82Ji8RC"}
[ Tue Aug 15 2017 16:26:31 GMT+0800 (CST) ] time is 23
[ Tue Aug 15 2017 16:26:31 GMT+0800 (CST) ] {"err":0,"msg":"JKZPoTyjcFReQdGuLXt9qR4SnJYg21VBn2"}
[ Tue Aug 15 2017 16:26:31 GMT+0800 (CST) ] time is 24
[ Tue Aug 15 2017 16:26:31 GMT+0800 (CST) ] {"err":0,"msg":"JbmE9sA4mMiyBbZRqGxGeKso9om4kuRLQE"}
[ Tue Aug 15 2017 16:26:31 GMT+0800 (CST) ] time is 24
[ Tue Aug 15 2017 16:26:31 GMT+0800 (CST) ] {"err":0,"msg":"JRa5t4wvDjMv3ju2nLHZk5PUZZNbVpT4Ca"}
[ Tue Aug 15 2017 16:26:31 GMT+0800 (CST) ] time is 25
[ Tue Aug 15 2017 16:26:31 GMT+0800 (CST) ] {"err":0,"msg":"JVatRKXHLgpiySUQDh5rZHoNH9D1SjvJhM"}
[ Tue Aug 15 2017 16:26:31 GMT+0800 (CST) ] time is 24
[ Tue Aug 15 2017 16:26:31 GMT+0800 (CST) ] {"err":0,"msg":"JPfY2Vzkgbnu8CD4xQ8P7Q9Cp27QQi1TM6"}
[ Tue Aug 15 2017 16:26:31 GMT+0800 (CST) ] time is 25
[ Tue Aug 15 2017 16:26:31 GMT+0800 (CST) ] {"err":0,"msg":"JXAAvSZseVzsPYpaX9d49QFJPbWwxut5Jf"}
[ Tue Aug 15 2017 16:26:31 GMT+0800 (CST) ] time is 25
[ Tue Aug 15 2017 16:26:31 GMT+0800 (CST) ] {"err":0,"msg":"JWYTfi9d8FWWisE8zpB6Goq4S7ix8K2pGK"}
[ Tue Aug 15 2017 16:26:31 GMT+0800 (CST) ] time is 26
[ Tue Aug 15 2017 16:26:31 GMT+0800 (CST) ] {"err":0,"msg":"JLBGmwgMXxGuyapeQYQPa6aa88jgmsJpNC"}
[ Tue Aug 15 2017 16:26:31 GMT+0800 (CST) ] time is 25
[ Tue Aug 15 2017 16:26:31 GMT+0800 (CST) ] {"err":0,"msg":"Jet8c6y4PAgfQFSs4fdd32rjamiU7Qww6w"}
[ Tue Aug 15 2017 16:26:31 GMT+0800 (CST) ] time is 26
[ Tue Aug 15 2017 16:26:31 GMT+0800 (CST) ] {"err":0,"msg":"JNQYwWXu2d9B6jinoGF95AYYPD54BtXYjv"}
[ Tue Aug 15 2017 16:26:31 GMT+0800 (CST) ] time is 26
[ Tue Aug 15 2017 16:26:31 GMT+0800 (CST) ] {"err":0,"msg":"JdYvHVDAtseyzGsbNneAEisMo2ZF7mSKaZ"}
[ Tue Aug 15 2017 16:26:31 GMT+0800 (CST) ] time is 27
[ Tue Aug 15 2017 16:26:31 GMT+0800 (CST) ] {"err":0,"msg":"JXbHDJWdp5Ek9aAegkUjwnrMUwgYMPFAZu"}
[ Tue Aug 15 2017 16:26:31 GMT+0800 (CST) ] time is 26
[ Tue Aug 15 2017 16:26:31 GMT+0800 (CST) ] {"err":0,"msg":"JXQroQ1J9FobmX7VwBgdsnCak6tvZtXTE2"}
[ Tue Aug 15 2017 16:26:31 GMT+0800 (CST) ] time is 27
[ Tue Aug 15 2017 16:26:31 GMT+0800 (CST) ] {"err":0,"msg":"JhdApS3TePESnMM2VXLEaReC5meYrYSvRj"}
[ Tue Aug 15 2017 16:26:31 GMT+0800 (CST) ] time is 27
[ Tue Aug 15 2017 16:26:31 GMT+0800 (CST) ] {"err":0,"msg":"JbS9XDuzEMk39wBY1h3ghdMtbhj1uqEngc"}
[ Tue Aug 15 2017 16:26:31 GMT+0800 (CST) ] time is 28
[ Tue Aug 15 2017 16:26:31 GMT+0800 (CST) ] {"err":0,"msg":"JXpaX8PabVWPeuWQ4L7do1V2WbNc8d2tW8"}
[ Tue Aug 15 2017 16:26:31 GMT+0800 (CST) ] time is 27
[ Tue Aug 15 2017 16:26:31 GMT+0800 (CST) ] {"err":0,"msg":"JXmsb3vhMmuyjaCG6LXtpVp95LBw8Bc2Tx"}
[ Tue Aug 15 2017 16:26:31 GMT+0800 (CST) ] time is 28
[ Tue Aug 15 2017 16:26:31 GMT+0800 (CST) ] {"err":0,"msg":"JUbyoFtV39kAPEvpgAwYEFGpds8M82ANtv"}
[ Tue Aug 15 2017 16:26:31 GMT+0800 (CST) ] time is 28
[ Tue Aug 15 2017 16:26:31 GMT+0800 (CST) ] {"err":0,"msg":"JapBgN895qbac59bCiw359uxfdC46rysc5"}
[ Tue Aug 15 2017 16:26:31 GMT+0800 (CST) ] time is 29
[ Tue Aug 15 2017 16:26:31 GMT+0800 (CST) ] {"err":0,"msg":"JVAQzMmRdmwokHvUbfSYXdbEjfBGUczehC"}
[ Tue Aug 15 2017 16:26:32 GMT+0800 (CST) ] time is 28
[ Tue Aug 15 2017 16:26:32 GMT+0800 (CST) ] {"err":0,"msg":"JLWvHWfQTFJ1HeG1DuoWfrC5DaJ4LLqqKo"}
[ Tue Aug 15 2017 16:26:32 GMT+0800 (CST) ] time is 29
[ Tue Aug 15 2017 16:26:32 GMT+0800 (CST) ] {"err":0,"msg":"JMQnGti8MW7ML3C1sFMT4EQ19SjrD3piHu"}
[ Tue Aug 15 2017 16:26:32 GMT+0800 (CST) ] time is 29
[ Tue Aug 15 2017 16:26:32 GMT+0800 (CST) ] {"err":0,"msg":"JLaGAqutn12h7nsFUXW5S3n31t9wucMrsk"}
[ Tue Aug 15 2017 16:26:32 GMT+0800 (CST) ] time is 30
[ Tue Aug 15 2017 16:26:32 GMT+0800 (CST) ] {"err":0,"msg":"JZRJueQm1ibzgkhxv6TTECvwBBEWT7UHmK"}
[ Tue Aug 15 2017 16:26:32 GMT+0800 (CST) ] time is 29
[ Tue Aug 15 2017 16:26:32 GMT+0800 (CST) ] {"err":0,"msg":"JgfXeYB7ThgzKGRFhQrTW4XEg9u2tS6Vt4"}
[ Tue Aug 15 2017 16:26:32 GMT+0800 (CST) ] time is 30
[ Tue Aug 15 2017 16:26:32 GMT+0800 (CST) ] {"err":0,"msg":"JM4wP1SMH5iyMND9TFaAguPtePkJEzpf1b"}
[ Tue Aug 15 2017 16:26:32 GMT+0800 (CST) ] time is 30
[ Tue Aug 15 2017 16:26:32 GMT+0800 (CST) ] {"err":0,"msg":"JMTzQQwkWVcPtLyDUwpZ8HVF6wV7BAL1wP"}
[ Tue Aug 15 2017 16:26:32 GMT+0800 (CST) ] time is 31
[ Tue Aug 15 2017 16:26:32 GMT+0800 (CST) ] {"err":0,"msg":"JXh4xSLoBirBCAWbeBiEfaYNYuRscyGUeo"}
[ Tue Aug 15 2017 16:26:32 GMT+0800 (CST) ] time is 30
[ Tue Aug 15 2017 16:26:32 GMT+0800 (CST) ] {"err":0,"msg":"JM2u5sK9BA6JE3bBvGk6cmRiNyvmDmCb1d"}
[ Tue Aug 15 2017 16:26:32 GMT+0800 (CST) ] time is 31
[ Tue Aug 15 2017 16:26:32 GMT+0800 (CST) ] {"err":0,"msg":"JZSJ1AhjMgvBvVgsiy5en1rEzELBgK9hbp"}
[ Tue Aug 15 2017 16:26:32 GMT+0800 (CST) ] time is 31
[ Tue Aug 15 2017 16:26:32 GMT+0800 (CST) ] {"err":0,"msg":"JVTw3zmSyjokgCg1ShmxNZSPc5ZCvANAn4"}
[ Tue Aug 15 2017 16:26:32 GMT+0800 (CST) ] time is 32
[ Tue Aug 15 2017 16:26:32 GMT+0800 (CST) ] {"err":0,"msg":"JW1gZZt825HAXaDzpwRCxodLc8SPsxQYHH"}
[ Tue Aug 15 2017 16:26:32 GMT+0800 (CST) ] time is 31
[ Tue Aug 15 2017 16:26:32 GMT+0800 (CST) ] {"err":0,"msg":"JY3Q6cAdwqHe7CXZnCGJkpdzCoVCYdBcFQ"}
[ Tue Aug 15 2017 16:26:32 GMT+0800 (CST) ] time is 32
[ Tue Aug 15 2017 16:26:32 GMT+0800 (CST) ] {"err":0,"msg":"JMenePDEqLdYghF1UWdWMAd2dsmFSfrKyp"}
[ Tue Aug 15 2017 16:26:32 GMT+0800 (CST) ] time is 32
[ Tue Aug 15 2017 16:26:32 GMT+0800 (CST) ] {"err":0,"msg":"Jgmk6j8AGeyLhRHS3KaG5Q6b5MRFoEdLZg"}
[ Tue Aug 15 2017 16:26:32 GMT+0800 (CST) ] time is 33
[ Tue Aug 15 2017 16:26:32 GMT+0800 (CST) ] {"err":0,"msg":"JgLfUqMcLAsJDRizY5cBeLdyV11rPbf9ae"}
[ Tue Aug 15 2017 16:26:32 GMT+0800 (CST) ] time is 32
[ Tue Aug 15 2017 16:26:32 GMT+0800 (CST) ] {"err":0,"msg":"JbVp5pBTk1sjEZbAma4cW24ksS8RaGw3Pa"}
[ Tue Aug 15 2017 16:26:32 GMT+0800 (CST) ] time is 33
[ Tue Aug 15 2017 16:26:32 GMT+0800 (CST) ] {"err":0,"msg":"JbkSKZFSgvgJG9BHvuBf3q3d9BwCpz4AFY"}
[ Tue Aug 15 2017 16:26:32 GMT+0800 (CST) ] time is 33
[ Tue Aug 15 2017 16:26:32 GMT+0800 (CST) ] {"err":0,"msg":"JN4NZevPjqqiavnjQNXYCGpVxzmfyJqvHV"}
[ Tue Aug 15 2017 16:26:32 GMT+0800 (CST) ] time is 34
[ Tue Aug 15 2017 16:26:32 GMT+0800 (CST) ] {"err":0,"msg":"JN9JCoAaTaGuMmbQuTM3nPv3BB5eTiAUvf"}
[ Tue Aug 15 2017 16:26:32 GMT+0800 (CST) ] time is 33
[ Tue Aug 15 2017 16:26:32 GMT+0800 (CST) ] {"err":0,"msg":"JNGnD94ZpFkpN11CPGCbS3hLz3Qfx6p4LJ"}
[ Tue Aug 15 2017 16:26:32 GMT+0800 (CST) ] time is 34
[ Tue Aug 15 2017 16:26:32 GMT+0800 (CST) ] {"err":0,"msg":"Jap2ooZ4LrBBHZmt9pVV6BNPEmRi4Qcuxr"}
[ Tue Aug 15 2017 16:26:32 GMT+0800 (CST) ] time is 34
[ Tue Aug 15 2017 16:26:32 GMT+0800 (CST) ] {"err":0,"msg":"Jc3rx8BiRww1fU9jMmTxaaUMSahTwAAM31"}
[ Tue Aug 15 2017 16:26:32 GMT+0800 (CST) ] time is 35
[ Tue Aug 15 2017 16:26:32 GMT+0800 (CST) ] {"err":0,"msg":"JLVxpaUUQikh3esZ3kDduRmCRu71CqwMuz"}
[ Tue Aug 15 2017 16:26:32 GMT+0800 (CST) ] time is 34
[ Tue Aug 15 2017 16:26:32 GMT+0800 (CST) ] {"err":0,"msg":"JM2S5i2WHkxSkMPawD4xF9Uczr237zjzcB"}
[ Tue Aug 15 2017 16:26:32 GMT+0800 (CST) ] time is 35
[ Tue Aug 15 2017 16:26:32 GMT+0800 (CST) ] {"err":0,"msg":"Jgn9hMKQ9Hyg2SVPDSyiRyHDDLvtZFA1PG"}
[ Tue Aug 15 2017 16:26:32 GMT+0800 (CST) ] time is 35
[ Tue Aug 15 2017 16:26:32 GMT+0800 (CST) ] {"err":0,"msg":"JKDMFR8e6qY6HijnowqY7ZEJFtSFivzgRx"}
[ Tue Aug 15 2017 16:26:32 GMT+0800 (CST) ] time is 36
[ Tue Aug 15 2017 16:26:32 GMT+0800 (CST) ] {"err":0,"msg":"JRgCACmCYBGRGQMLuzk98hA21Wccfdx9mo"}
[ Tue Aug 15 2017 16:26:32 GMT+0800 (CST) ] time is 35
[ Tue Aug 15 2017 16:26:32 GMT+0800 (CST) ] {"err":0,"msg":"JcL2GDSRCrEefceBQMWAond9qHkhKrCHbU"}
[ Tue Aug 15 2017 16:26:32 GMT+0800 (CST) ] time is 36
[ Tue Aug 15 2017 16:26:32 GMT+0800 (CST) ] {"err":0,"msg":"JfnoYX3Sy56CdHMrQhrPHMWKTv2mV2kQhc"}
[ Tue Aug 15 2017 16:26:32 GMT+0800 (CST) ] time is 36
[ Tue Aug 15 2017 16:26:32 GMT+0800 (CST) ] {"err":0,"msg":"JNWofR7JYxw1ZRBN6KRWJMdT1DEiBNNJqH"}
[ Tue Aug 15 2017 16:26:32 GMT+0800 (CST) ] time is 37
[ Tue Aug 15 2017 16:26:32 GMT+0800 (CST) ] {"err":0,"msg":"JhZRpTRtFiHF35PGR8k8LVUuFTpdU5w6EX"}
[ Tue Aug 15 2017 16:26:32 GMT+0800 (CST) ] time is 36
[ Tue Aug 15 2017 16:26:32 GMT+0800 (CST) ] {"err":0,"msg":"Jh4rkQSt4R78WxHyzdZQ5FGan68onJxBiM"}
[ Tue Aug 15 2017 16:26:32 GMT+0800 (CST) ] time is 37
[ Tue Aug 15 2017 16:26:32 GMT+0800 (CST) ] {"err":0,"msg":"JQmUk7VVHPspmw1yez5W82JrEJ5iS8VyfS"}
[ Tue Aug 15 2017 16:26:32 GMT+0800 (CST) ] time is 37
[ Tue Aug 15 2017 16:26:32 GMT+0800 (CST) ] {"err":0,"msg":"JUwQvAM7Kp3quzUgQNELv2Sa6dCxKGZ92x"}
[ Tue Aug 15 2017 16:26:32 GMT+0800 (CST) ] time is 38
[ Tue Aug 15 2017 16:26:32 GMT+0800 (CST) ] {"err":0,"msg":"JguAnu9ubLnAAS3fRf4KudZPRTVaL4vxiH"}
[ Tue Aug 15 2017 16:26:32 GMT+0800 (CST) ] time is 37
[ Tue Aug 15 2017 16:26:32 GMT+0800 (CST) ] {"err":0,"msg":"Jd4AdjCNkWZ3o6sHbA61phcxCKgzwc8jBM"}
[ Tue Aug 15 2017 16:26:32 GMT+0800 (CST) ] time is 38
[ Tue Aug 15 2017 16:26:32 GMT+0800 (CST) ] {"err":0,"msg":"JfodiaS4CBGDjn7GMbUPzWnkazrf47sPae"}
[ Tue Aug 15 2017 16:26:32 GMT+0800 (CST) ] time is 38
[ Tue Aug 15 2017 16:26:32 GMT+0800 (CST) ] {"err":0,"msg":"JPeh4mcRiTqsBi7VEmqtaxD8vdt18MdL5h"}
[ Tue Aug 15 2017 16:26:32 GMT+0800 (CST) ] time is 39
[ Tue Aug 15 2017 16:26:32 GMT+0800 (CST) ] {"err":0,"msg":"JZUvA2KKmTirRMCp49aqbR7TmB8oSgTf77"}
[ Tue Aug 15 2017 16:26:32 GMT+0800 (CST) ] time is 38
[ Tue Aug 15 2017 16:26:32 GMT+0800 (CST) ] {"err":0,"msg":"JfPRdJz2sw9s7zxBkCqycUyc8CMPRkgbW9"}
[ Tue Aug 15 2017 16:26:32 GMT+0800 (CST) ] time is 39
[ Tue Aug 15 2017 16:26:32 GMT+0800 (CST) ] {"err":0,"msg":"JTkqmoaKbKwiNsJimBLT4EKVkRddKeKaCF"}
[ Tue Aug 15 2017 16:26:32 GMT+0800 (CST) ] time is 39
[ Tue Aug 15 2017 16:26:32 GMT+0800 (CST) ] {"err":0,"msg":"JbsFUUeqPY1JTaw7q8zQGG3jgFtX2Aj2Lk"}
[ Tue Aug 15 2017 16:26:32 GMT+0800 (CST) ] time is 40
[ Tue Aug 15 2017 16:26:32 GMT+0800 (CST) ] {"err":0,"msg":"JgRVr7DLTnp7dPZKDSyKp1f1Fi1gbaXJvs"}
[ Tue Aug 15 2017 16:26:32 GMT+0800 (CST) ] time is 39
[ Tue Aug 15 2017 16:26:32 GMT+0800 (CST) ] {"err":0,"msg":"JY4sMQhDBXbNMGzTc6fdaEE5u9G9d24jek"}
[ Tue Aug 15 2017 16:26:32 GMT+0800 (CST) ] time is 40
[ Tue Aug 15 2017 16:26:32 GMT+0800 (CST) ] {"err":0,"msg":"Jg5VSSQNPzkx2Lc414FV3ekX7eSfATc5Y8"}
[ Tue Aug 15 2017 16:26:32 GMT+0800 (CST) ] time is 40
[ Tue Aug 15 2017 16:26:32 GMT+0800 (CST) ] {"err":0,"msg":"Je3yAdk7bJ3k2BKRQtWbJtR5sULUwJGUH4"}
[ Tue Aug 15 2017 16:26:32 GMT+0800 (CST) ] time is 41
[ Tue Aug 15 2017 16:26:32 GMT+0800 (CST) ] {"err":0,"msg":"JVJiXg6j6HHMwHwc8NYKVRes2K3NMsbSW4"}
[ Tue Aug 15 2017 16:26:32 GMT+0800 (CST) ] time is 40
[ Tue Aug 15 2017 16:26:32 GMT+0800 (CST) ] {"err":0,"msg":"JfuUwHx2XcgXbvUzsL6cehNpxhL3udyWKt"}
[ Tue Aug 15 2017 16:26:32 GMT+0800 (CST) ] time is 41
[ Tue Aug 15 2017 16:26:32 GMT+0800 (CST) ] {"err":0,"msg":"JQ5sGsP98AAjsqJrKV2UN5govxUyYTmKKP"}
[ Tue Aug 15 2017 16:26:32 GMT+0800 (CST) ] time is 41
[ Tue Aug 15 2017 16:26:32 GMT+0800 (CST) ] {"err":0,"msg":"JQ7fWJFRDumqMtyJSjSMBg1HpGF5zmxgz4"}
[ Tue Aug 15 2017 16:26:32 GMT+0800 (CST) ] time is 42
[ Tue Aug 15 2017 16:26:32 GMT+0800 (CST) ] {"err":0,"msg":"JZzBAadmRcvyLibai3CXY12MsL8qBTLaak"}
[ Tue Aug 15 2017 16:26:32 GMT+0800 (CST) ] time is 41
[ Tue Aug 15 2017 16:26:32 GMT+0800 (CST) ] {"err":0,"msg":"JWZ3WPLdZTB9S3mJ1ZpLLQzNJYtHsLTvAd"}
[ Tue Aug 15 2017 16:26:32 GMT+0800 (CST) ] time is 42
[ Tue Aug 15 2017 16:26:32 GMT+0800 (CST) ] {"err":0,"msg":"JfEEtfKFR2EWkjoRcJAJxmkbFJTH9gfLFD"}
[ Tue Aug 15 2017 16:26:32 GMT+0800 (CST) ] time is 42
[ Tue Aug 15 2017 16:26:32 GMT+0800 (CST) ] {"err":0,"msg":"Ja6TcdjuNER7qZrHeFL6i8pTeGzRf4XtF5"}
[ Tue Aug 15 2017 16:26:32 GMT+0800 (CST) ] time is 43
[ Tue Aug 15 2017 16:26:32 GMT+0800 (CST) ] {"err":0,"msg":"Ja22rvjY3Fi4vzVqLrAi9KtdcCWkAjuH1r"}
[ Tue Aug 15 2017 16:26:32 GMT+0800 (CST) ] time is 42
[ Tue Aug 15 2017 16:26:32 GMT+0800 (CST) ] {"err":0,"msg":"Jhie6GRtV8Gzk2Ewje6skSYdwGEYSQRBJR"}
[ Tue Aug 15 2017 16:26:32 GMT+0800 (CST) ] time is 43
[ Tue Aug 15 2017 16:26:32 GMT+0800 (CST) ] {"err":0,"msg":"JgkxXfUbYf79oRUqKCipocNr2TRxBkBg2G"}
[ Tue Aug 15 2017 16:26:32 GMT+0800 (CST) ] time is 43
[ Tue Aug 15 2017 16:26:32 GMT+0800 (CST) ] {"err":0,"msg":"JKjqTbV8kiCW2EE9QEjnYAjGUjEiaLoA53"}
[ Tue Aug 15 2017 16:26:32 GMT+0800 (CST) ] time is 44
[ Tue Aug 15 2017 16:26:32 GMT+0800 (CST) ] {"err":0,"msg":"JNkNpLdoBKgJw6b4NhRYDJdw9ovef7V1Gh"}
[ Tue Aug 15 2017 16:26:32 GMT+0800 (CST) ] time is 43
[ Tue Aug 15 2017 16:26:32 GMT+0800 (CST) ] {"err":0,"msg":"JPnKYQnJSKeri2W1zpySrjH2oyNrkvQNJF"}
[ Tue Aug 15 2017 16:26:32 GMT+0800 (CST) ] time is 44
[ Tue Aug 15 2017 16:26:32 GMT+0800 (CST) ] {"err":0,"msg":"Jd1xzfp7ejaAGfVcF1HY51zrZ3cCvrw233"}
[ Tue Aug 15 2017 16:26:32 GMT+0800 (CST) ] time is 44
[ Tue Aug 15 2017 16:26:32 GMT+0800 (CST) ] {"err":0,"msg":"JfD522WvxpkijX4j961BxF76ARhavMkhSw"}
[ Tue Aug 15 2017 16:26:32 GMT+0800 (CST) ] time is 45
[ Tue Aug 15 2017 16:26:32 GMT+0800 (CST) ] {"err":0,"msg":"JhgWoRAKPvqcsLbdkcXFJQbqUJwceAqsJS"}
[ Tue Aug 15 2017 16:26:32 GMT+0800 (CST) ] time is 44
[ Tue Aug 15 2017 16:26:32 GMT+0800 (CST) ] {"err":0,"msg":"JLuui8M8ySsPKEKoaX9c1gcWqYA1hckKLS"}
[ Tue Aug 15 2017 16:26:32 GMT+0800 (CST) ] time is 45
[ Tue Aug 15 2017 16:26:32 GMT+0800 (CST) ] {"err":0,"msg":"JZdgzFK46astAynjF5kinaWZnjP66ZzAQ4"}
[ Tue Aug 15 2017 16:26:32 GMT+0800 (CST) ] time is 45
[ Tue Aug 15 2017 16:26:32 GMT+0800 (CST) ] {"err":0,"msg":"JJj5PhhhgXXdha1BvAP4n39jb4KcNyjiKZ"}
[ Tue Aug 15 2017 16:26:32 GMT+0800 (CST) ] time is 46
[ Tue Aug 15 2017 16:26:32 GMT+0800 (CST) ] {"err":0,"msg":"JQHSTqXtKAQT5eZPZeTW93ctyS1FEXMngM"}
[ Tue Aug 15 2017 16:26:32 GMT+0800 (CST) ] time is 45
[ Tue Aug 15 2017 16:26:32 GMT+0800 (CST) ] {"err":0,"msg":"JJhsDdAEBdB8tKkD9gPjMqBxMUChqfTqFz"}
[ Tue Aug 15 2017 16:26:32 GMT+0800 (CST) ] time is 46
[ Tue Aug 15 2017 16:26:32 GMT+0800 (CST) ] {"err":0,"msg":"JPiAc9T46sHAbHNgdKDPkRbqaTEDakfNuh"}
[ Tue Aug 15 2017 16:26:32 GMT+0800 (CST) ] time is 46
[ Tue Aug 15 2017 16:26:32 GMT+0800 (CST) ] {"err":0,"msg":"JRYVx5ZVoA4uEnPXGxGTo3Ec8KaCQheQbF"}
[ Tue Aug 15 2017 16:26:32 GMT+0800 (CST) ] time is 47
[ Tue Aug 15 2017 16:26:32 GMT+0800 (CST) ] {"err":0,"msg":"JR9TDB7zqcwLwMpxwakmY41JhRX3BB9tfr"}
[ Tue Aug 15 2017 16:26:32 GMT+0800 (CST) ] time is 46
[ Tue Aug 15 2017 16:26:32 GMT+0800 (CST) ] {"err":0,"msg":"JL4X9XccttatUMqb8uyo3vpUuiAc4ALsd7"}
[ Tue Aug 15 2017 16:26:32 GMT+0800 (CST) ] {"err":0,"msg":"Jbm9tB3choTk3eEECuYibGMov7BXdwMZ7C"}
[ Tue Aug 15 2017 16:26:32 GMT+0800 (CST) ] time is 47
[ Tue Aug 15 2017 16:26:32 GMT+0800 (CST) ] time is 47
[ Tue Aug 15 2017 16:26:32 GMT+0800 (CST) ] {"err":0,"msg":"JLJiCurm7bPLRoziSEb3t4YXRi9F5Bqaxv"}
[ Tue Aug 15 2017 16:26:32 GMT+0800 (CST) ] time is 48
[ Tue Aug 15 2017 16:26:32 GMT+0800 (CST) ] {"err":0,"msg":"JXQ2MM5fQPCScnHFndSrBp2gk5AFEm9qaQ"}
[ Tue Aug 15 2017 16:26:32 GMT+0800 (CST) ] time is 47
[ Tue Aug 15 2017 16:26:32 GMT+0800 (CST) ] {"err":0,"msg":"JPWwDTd2NvVvbF9fqkubTvnsQfQGuXMmPR"}
[ Tue Aug 15 2017 16:26:32 GMT+0800 (CST) ] time is 48
[ Tue Aug 15 2017 16:26:32 GMT+0800 (CST) ] {"err":0,"msg":"JVYcGHzaAcJDSn1yy71zfoNPkyDCQhrpUP"}
[ Tue Aug 15 2017 16:26:32 GMT+0800 (CST) ] time is 48
[ Tue Aug 15 2017 16:26:32 GMT+0800 (CST) ] {"err":0,"msg":"JMBnREmJnCVnNFsZN5Xyojfsdp7a2P5MYE"}
[ Tue Aug 15 2017 16:26:32 GMT+0800 (CST) ] time is 49
[ Tue Aug 15 2017 16:26:32 GMT+0800 (CST) ] {"err":0,"msg":"JSDVJWr4ddmmRFcxJvJxhKPYefYujz6oxU"}
[ Tue Aug 15 2017 16:26:33 GMT+0800 (CST) ] time is 48
[ Tue Aug 15 2017 16:26:33 GMT+0800 (CST) ] {"err":0,"msg":"JYF6chtwxWxCfxXPmDGvMhvAE7s41T2pBD"}
[ Tue Aug 15 2017 16:26:33 GMT+0800 (CST) ] time is 49
[ Tue Aug 15 2017 16:26:33 GMT+0800 (CST) ] {"err":0,"msg":"JQotXNQwMJpcmUyBVaCaAS5ugo2APvzAsy"}
[ Tue Aug 15 2017 16:26:33 GMT+0800 (CST) ] {"err":0,"msg":"JgjDTWoaMFvMD6vqDR3yarsv53n2oExX5w"}
[ Tue Aug 15 2017 16:26:33 GMT+0800 (CST) ] time is 49
[ Tue Aug 15 2017 16:26:33 GMT+0800 (CST) ] time is 50
[ Tue Aug 15 2017 16:26:33 GMT+0800 (CST) ] {"err":0,"msg":"JdEJ8eqxoauf7UrHSK6qpvYpmprC223VrY"}
[ Tue Aug 15 2017 16:26:33 GMT+0800 (CST) ] time is 49
[ Tue Aug 15 2017 16:26:33 GMT+0800 (CST) ] {"err":0,"msg":"JZ13GweGD8VQ78T72nBEFrziNHiQD4eYfg"}
[ Tue Aug 15 2017 16:26:33 GMT+0800 (CST) ] time is 50
[ Tue Aug 15 2017 16:26:33 GMT+0800 (CST) ] {"err":0,"msg":"Jd6PUEs3KY3CbyFwXYtstMV6x3cYL6yaCL"}
[ Tue Aug 15 2017 16:26:33 GMT+0800 (CST) ] time is 50
[ Tue Aug 15 2017 16:26:33 GMT+0800 (CST) ] {"err":0,"msg":"JQh4P71nnVUJ1ouP7v5Y5rcs5GyBkrX6Kd"}
[ Tue Aug 15 2017 16:26:33 GMT+0800 (CST) ] time is 51
[ Tue Aug 15 2017 16:26:33 GMT+0800 (CST) ] {"err":0,"msg":"JWEgwiQ9aQ2N3ZYHG1jFuTNPH2x5R7fdaH"}
[ Tue Aug 15 2017 16:26:33 GMT+0800 (CST) ] time is 50
[ Tue Aug 15 2017 16:26:33 GMT+0800 (CST) ] {"err":0,"msg":"JaNisUyuvJUBxxMWKyHNdtW17w3zHP7K5c"}
[ Tue Aug 15 2017 16:26:33 GMT+0800 (CST) ] time is 51
[ Tue Aug 15 2017 16:26:33 GMT+0800 (CST) ] {"err":0,"msg":"JZ2yLFVJkV2eyur6zPLzjqtFYxnHfw9fW4"}
[ Tue Aug 15 2017 16:26:33 GMT+0800 (CST) ] time is 51
[ Tue Aug 15 2017 16:26:33 GMT+0800 (CST) ] {"err":0,"msg":"Jhh98Bf1J37FdshaetbhnharJJ2YmqzyAS"}
[ Tue Aug 15 2017 16:26:33 GMT+0800 (CST) ] time is 52
[ Tue Aug 15 2017 16:26:33 GMT+0800 (CST) ] {"err":0,"msg":"JTY745i2qUHMUMapSdBdd15fuX4SNRaqyj"}
[ Tue Aug 15 2017 16:26:33 GMT+0800 (CST) ] time is 51
[ Tue Aug 15 2017 16:26:33 GMT+0800 (CST) ] {"err":0,"msg":"JL7KMeAaihZFoTi7xw3jBXSsDbZh2dpcoU"}
[ Tue Aug 15 2017 16:26:33 GMT+0800 (CST) ] time is 52
[ Tue Aug 15 2017 16:26:33 GMT+0800 (CST) ] {"err":0,"msg":"JL9fPYQDkVeVVnsMXafXGemZv7vcnWjAM1"}
[ Tue Aug 15 2017 16:26:33 GMT+0800 (CST) ] time is 52
[ Tue Aug 15 2017 16:26:33 GMT+0800 (CST) ] {"err":0,"msg":"JTKztbjn2rzKgQF9zZsyt32kxByE84HK1j"}
[ Tue Aug 15 2017 16:26:33 GMT+0800 (CST) ] time is 53
[ Tue Aug 15 2017 16:26:33 GMT+0800 (CST) ] {"err":0,"msg":"JUydLAU2fdQNYq7pQC6YwVsGn4NVkSKQQL"}
[ Tue Aug 15 2017 16:26:33 GMT+0800 (CST) ] time is 52
[ Tue Aug 15 2017 16:26:33 GMT+0800 (CST) ] {"err":0,"msg":"JMkw1x2WHAWiJKCESHtsdYuU27CFq79jiY"}
[ Tue Aug 15 2017 16:26:33 GMT+0800 (CST) ] time is 53
[ Tue Aug 15 2017 16:26:33 GMT+0800 (CST) ] {"err":0,"msg":"JWmdKJLg1VuCvxbEj9D9yUsGjzJkx4UvEF"}
[ Tue Aug 15 2017 16:26:33 GMT+0800 (CST) ] time is 53
[ Tue Aug 15 2017 16:26:33 GMT+0800 (CST) ] {"err":0,"msg":"JW6DNZkRLP3UZfXWwb4W3jANwHC84J6LNa"}
[ Tue Aug 15 2017 16:26:33 GMT+0800 (CST) ] time is 54
[ Tue Aug 15 2017 16:26:33 GMT+0800 (CST) ] {"err":0,"msg":"JTy6o1ZTqKK2QjXruTCCYQgvbF42ztxaXP"}
[ Tue Aug 15 2017 16:26:33 GMT+0800 (CST) ] time is 53
[ Tue Aug 15 2017 16:26:33 GMT+0800 (CST) ] {"err":0,"msg":"JVhZGTup5Hp4qLQKcdNMrd2SuV2SDX3kaF"}
[ Tue Aug 15 2017 16:26:33 GMT+0800 (CST) ] time is 54
[ Tue Aug 15 2017 16:26:33 GMT+0800 (CST) ] {"err":0,"msg":"JSxH5NWNduMs9CPR8Hj2EzLKr5VPbsgyy3"}
[ Tue Aug 15 2017 16:26:33 GMT+0800 (CST) ] time is 54
[ Tue Aug 15 2017 16:26:33 GMT+0800 (CST) ] {"err":0,"msg":"JSvYZqCcv3ytwUPCqTcmzqWSh4EKAr4GyH"}
[ Tue Aug 15 2017 16:26:33 GMT+0800 (CST) ] time is 55
[ Tue Aug 15 2017 16:26:33 GMT+0800 (CST) ] {"err":0,"msg":"JR4heWcoCeHZRnmhtVWZKXdB3L6nimT3b9"}
[ Tue Aug 15 2017 16:26:33 GMT+0800 (CST) ] time is 54
[ Tue Aug 15 2017 16:26:33 GMT+0800 (CST) ] {"err":0,"msg":"JR3Abzjsk5jtVcte5b7jK1GJLV5oFLwHG7"}
[ Tue Aug 15 2017 16:26:33 GMT+0800 (CST) ] time is 55
[ Tue Aug 15 2017 16:26:33 GMT+0800 (CST) ] {"err":0,"msg":"JS76Aze7D2SiahiGZhJ1QyE1vcX8QR7EHE"}
[ Tue Aug 15 2017 16:26:33 GMT+0800 (CST) ] time is 55
[ Tue Aug 15 2017 16:26:33 GMT+0800 (CST) ] {"err":0,"msg":"JdkjhJCBJWHQGXdpcbeu3Y61h9LogrH89R"}
[ Tue Aug 15 2017 16:26:33 GMT+0800 (CST) ] time is 56
[ Tue Aug 15 2017 16:26:33 GMT+0800 (CST) ] {"err":0,"msg":"JbhWiuSLzyFCMijWP6bE9XcnLNgSye5SnE"}
[ Tue Aug 15 2017 16:26:33 GMT+0800 (CST) ] time is 55
[ Tue Aug 15 2017 16:26:33 GMT+0800 (CST) ] {"err":0,"msg":"JMckehZYQWNGHCS1SzqXu5eg1Gi8kbScyu"}
[ Tue Aug 15 2017 16:26:33 GMT+0800 (CST) ] {"err":0,"msg":"JLqMjQai1Ky9U8x1mf6Qk8NFDuufPPAio9"}
[ Tue Aug 15 2017 16:26:33 GMT+0800 (CST) ] time is 56
[ Tue Aug 15 2017 16:26:33 GMT+0800 (CST) ] time is 56
[ Tue Aug 15 2017 16:26:33 GMT+0800 (CST) ] {"err":0,"msg":"JfqDVZzHs8V8QRjcpcvAnftimi59y1Wkio"}
[ Tue Aug 15 2017 16:26:33 GMT+0800 (CST) ] time is 57
[ Tue Aug 15 2017 16:26:33 GMT+0800 (CST) ] {"err":0,"msg":"JXieHYTs7omkj1yqq9j94byS6TC8dtveCq"}
[ Tue Aug 15 2017 16:26:33 GMT+0800 (CST) ] time is 56
[ Tue Aug 15 2017 16:26:33 GMT+0800 (CST) ] {"err":0,"msg":"JSyFDNTvdKbr621LaYbmKCuU6Mo2KWiSJF"}
[ Tue Aug 15 2017 16:26:33 GMT+0800 (CST) ] time is 57
[ Tue Aug 15 2017 16:26:33 GMT+0800 (CST) ] {"err":0,"msg":"JLBgUikXhpPtpjwRy5NBuUx8cFvcH2p4eu"}
[ Tue Aug 15 2017 16:26:33 GMT+0800 (CST) ] time is 57
[ Tue Aug 15 2017 16:26:33 GMT+0800 (CST) ] {"err":0,"msg":"JPHHjWiBZYVe2j3TA6TNpEMJRMWHwHBbQW"}
[ Tue Aug 15 2017 16:26:33 GMT+0800 (CST) ] time is 58
[ Tue Aug 15 2017 16:26:33 GMT+0800 (CST) ] {"err":0,"msg":"JMhrDJ6xD5PwcedJMiRy1uWyAeoQawQFYj"}
[ Tue Aug 15 2017 16:26:33 GMT+0800 (CST) ] time is 57
[ Tue Aug 15 2017 16:26:33 GMT+0800 (CST) ] {"err":0,"msg":"JTa33FWwS9dZuzcEz5xDtviw8ryXJvdA2B"}
[ Tue Aug 15 2017 16:26:33 GMT+0800 (CST) ] time is 58
[ Tue Aug 15 2017 16:26:33 GMT+0800 (CST) ] {"err":0,"msg":"Jhj2FyPwX9Bnm9Tx1z8oMAQx17F8oYfc7R"}
[ Tue Aug 15 2017 16:26:33 GMT+0800 (CST) ] time is 58
[ Tue Aug 15 2017 16:26:33 GMT+0800 (CST) ] {"err":0,"msg":"JY6ZzFVMBm6raZcW9yUj2ciZunxyTKhiPo"}
[ Tue Aug 15 2017 16:26:33 GMT+0800 (CST) ] time is 59
[ Tue Aug 15 2017 16:26:33 GMT+0800 (CST) ] {"err":0,"msg":"JVBeVMDSpVx8VBxz4CtkFgH7GSPYoDShaB"}
[ Tue Aug 15 2017 16:26:33 GMT+0800 (CST) ] time is 58
[ Tue Aug 15 2017 16:26:33 GMT+0800 (CST) ] {"err":0,"msg":"JUj4PBHPVLxHvFGpmopzRASwyAmZ3r8neH"}
[ Tue Aug 15 2017 16:26:33 GMT+0800 (CST) ] time is 59
[ Tue Aug 15 2017 16:26:33 GMT+0800 (CST) ] {"err":0,"msg":"JN9SxdFbM6dd7EbchoTHySJ2JF6cE9UxNh"}
[ Tue Aug 15 2017 16:26:33 GMT+0800 (CST) ] time is 59
[ Tue Aug 15 2017 16:26:33 GMT+0800 (CST) ] {"err":0,"msg":"JMAKiETdSn6ZUPuS8LtjHP3QcUUMwta6A4"}
[ Tue Aug 15 2017 16:26:33 GMT+0800 (CST) ] time is 60
[ Tue Aug 15 2017 16:26:33 GMT+0800 (CST) ] {"err":0,"msg":"JY1LGdZ83aKiW5MLHnWgspeVqpbemfu56E"}
[ Tue Aug 15 2017 16:26:33 GMT+0800 (CST) ] time is 59
[ Tue Aug 15 2017 16:26:33 GMT+0800 (CST) ] {"err":0,"msg":"JWDfbPJsTwvKXqpMoyH4bnn3j3x9LNCQfG"}
[ Tue Aug 15 2017 16:26:33 GMT+0800 (CST) ] time is 60
[ Tue Aug 15 2017 16:26:33 GMT+0800 (CST) ] {"err":0,"msg":"JWhSQYhBgC3PMioi5Mbkgc7MDBPBragpM9"}
[ Tue Aug 15 2017 16:26:33 GMT+0800 (CST) ] time is 60
[ Tue Aug 15 2017 16:26:33 GMT+0800 (CST) ] {"err":0,"msg":"JT4KFDgDkFVDUqwBWKqucXSDuCW789SaCr"}
[ Tue Aug 15 2017 16:26:33 GMT+0800 (CST) ] time is 61
[ Tue Aug 15 2017 16:26:33 GMT+0800 (CST) ] {"err":0,"msg":"Jb3Cz3Djm1XMnoF4V8TcePwPZrpWQRSvG8"}
[ Tue Aug 15 2017 16:26:33 GMT+0800 (CST) ] time is 60
[ Tue Aug 15 2017 16:26:33 GMT+0800 (CST) ] {"err":0,"msg":"JbvYc3m8vV23oeNmJtoPERSf8hvjfyvNWx"}
[ Tue Aug 15 2017 16:26:33 GMT+0800 (CST) ] time is 61
[ Tue Aug 15 2017 16:26:33 GMT+0800 (CST) ] {"err":0,"msg":"JfWHgR3k7oGCHCcRoT6koLxifBnFVKr52s"}
[ Tue Aug 15 2017 16:26:33 GMT+0800 (CST) ] time is 61
[ Tue Aug 15 2017 16:26:33 GMT+0800 (CST) ] {"err":0,"msg":"JUeP9gM78SEsUEsdTcg6GLBacfT35Ws7eD"}
[ Tue Aug 15 2017 16:26:33 GMT+0800 (CST) ] time is 62
[ Tue Aug 15 2017 16:26:33 GMT+0800 (CST) ] {"err":0,"msg":"JfBU5iiFd4YkioF3P9PSzUa7UHQgKEm3JA"}
[ Tue Aug 15 2017 16:26:33 GMT+0800 (CST) ] time is 61
[ Tue Aug 15 2017 16:26:33 GMT+0800 (CST) ] {"err":0,"msg":"JW1EH4z4nv5r3gDAbURuWgx1CNTXDnQv2V"}
[ Tue Aug 15 2017 16:26:33 GMT+0800 (CST) ] time is 62
[ Tue Aug 15 2017 16:26:33 GMT+0800 (CST) ] {"err":0,"msg":"JWyJkCpFtwZ9ZcLxZLBqf6riyf4dW7HDzV"}
[ Tue Aug 15 2017 16:26:33 GMT+0800 (CST) ] time is 62
[ Tue Aug 15 2017 16:26:33 GMT+0800 (CST) ] {"err":0,"msg":"JNov21wCZ34zoYAgJevoD9GiPRfi4cdnm7"}
[ Tue Aug 15 2017 16:26:33 GMT+0800 (CST) ] time is 63
[ Tue Aug 15 2017 16:26:33 GMT+0800 (CST) ] {"err":0,"msg":"JbqXRLDhPgd915TfAJkN3qxpV74QkXipfb"}
[ Tue Aug 15 2017 16:26:33 GMT+0800 (CST) ] time is 62
[ Tue Aug 15 2017 16:26:33 GMT+0800 (CST) ] {"err":0,"msg":"JakvNP2WSsv4x3YSAmXiNUahrFeNnZQibe"}
[ Tue Aug 15 2017 16:26:33 GMT+0800 (CST) ] time is 63
[ Tue Aug 15 2017 16:26:33 GMT+0800 (CST) ] {"err":0,"msg":"JWx2UnzKH6xHrEP98kEFX8R9X3ZChE7FWu"}
[ Tue Aug 15 2017 16:26:33 GMT+0800 (CST) ] time is 63
[ Tue Aug 15 2017 16:26:33 GMT+0800 (CST) ] {"err":0,"msg":"JVYb22SCFwVLpyhQX47akMRt6dswbtreLC"}
[ Tue Aug 15 2017 16:26:33 GMT+0800 (CST) ] time is 64
[ Tue Aug 15 2017 16:26:33 GMT+0800 (CST) ] {"err":0,"msg":"JSZf6eadoVXVJipcpZGhqA8tmMByDCen1G"}
[ Tue Aug 15 2017 16:26:33 GMT+0800 (CST) ] time is 63
[ Tue Aug 15 2017 16:26:33 GMT+0800 (CST) ] {"err":0,"msg":"JZS2RnsFZw671FLzDBn55m5wpV1HmjB5r3"}
[ Tue Aug 15 2017 16:26:33 GMT+0800 (CST) ] {"err":0,"msg":"JgdKHWMM7wBn8qH5iXbqKGzUynE87hPcLh"}
[ Tue Aug 15 2017 16:26:33 GMT+0800 (CST) ] time is 64
[ Tue Aug 15 2017 16:26:33 GMT+0800 (CST) ] time is 64
[ Tue Aug 15 2017 16:26:33 GMT+0800 (CST) ] {"err":0,"msg":"JWjPVoeojftZvpcCVuY6G32rdLUruSsZ1D"}
[ Tue Aug 15 2017 16:26:33 GMT+0800 (CST) ] time is 65
[ Tue Aug 15 2017 16:26:33 GMT+0800 (CST) ] {"err":0,"msg":"Jh4m7iBML2XBcd7HgHb37o6eF5Gk4Kr9ka"}
[ Tue Aug 15 2017 16:26:33 GMT+0800 (CST) ] time is 64
[ Tue Aug 15 2017 16:26:33 GMT+0800 (CST) ] {"err":0,"msg":"JUCZKEKid6McApKGaDGXu6YoSaTsGXDGRA"}
[ Tue Aug 15 2017 16:26:33 GMT+0800 (CST) ] time is 65
[ Tue Aug 15 2017 16:26:33 GMT+0800 (CST) ] {"err":0,"msg":"JWoCozxpvzugqPLtqUQf7Kt7q5e54YoBzB"}
[ Tue Aug 15 2017 16:26:33 GMT+0800 (CST) ] time is 65
[ Tue Aug 15 2017 16:26:33 GMT+0800 (CST) ] {"err":0,"msg":"JUCbkwiJCR9c7UScgdxAuGK8gS2sWxZ94n"}
[ Tue Aug 15 2017 16:26:33 GMT+0800 (CST) ] time is 66
[ Tue Aug 15 2017 16:26:33 GMT+0800 (CST) ] {"err":0,"msg":"JZY8SNE7W8XatczuJ8JmfrqNYMpLTd8Xqi"}
[ Tue Aug 15 2017 16:26:33 GMT+0800 (CST) ] time is 65
[ Tue Aug 15 2017 16:26:33 GMT+0800 (CST) ] {"err":0,"msg":"JYA4nPJrFW4NZtRo6JHF3pCbJGs3hMFqK7"}
[ Tue Aug 15 2017 16:26:33 GMT+0800 (CST) ] time is 66
[ Tue Aug 15 2017 16:26:33 GMT+0800 (CST) ] {"err":0,"msg":"JgzvhZRaMX7RdPKxmaQAZ47ffVCVTYhfVr"}
[ Tue Aug 15 2017 16:26:33 GMT+0800 (CST) ] time is 66
[ Tue Aug 15 2017 16:26:33 GMT+0800 (CST) ] {"err":0,"msg":"JXCgmQoTUcgkS9t6VC1Ep7Ge4AAykkCNQM"}
[ Tue Aug 15 2017 16:26:33 GMT+0800 (CST) ] time is 67
[ Tue Aug 15 2017 16:26:33 GMT+0800 (CST) ] {"err":0,"msg":"JMDARNJcctmwdnFE5EoUjo9LAYqjBuL9G5"}
[ Tue Aug 15 2017 16:26:33 GMT+0800 (CST) ] time is 66
[ Tue Aug 15 2017 16:26:33 GMT+0800 (CST) ] {"err":0,"msg":"JSg7oukTpCVAFsxAa8Q7E1yTvQs4QktooF"}
[ Tue Aug 15 2017 16:26:33 GMT+0800 (CST) ] time is 67
[ Tue Aug 15 2017 16:26:33 GMT+0800 (CST) ] {"err":0,"msg":"JKibHLBwWp74bhTLggR5gzEDFdMi7YxL57"}
[ Tue Aug 15 2017 16:26:33 GMT+0800 (CST) ] time is 67
[ Tue Aug 15 2017 16:26:33 GMT+0800 (CST) ] {"err":0,"msg":"JWUxk7MEHcvsTNRJFMgsjEhhr24zrBz7AS"}
[ Tue Aug 15 2017 16:26:33 GMT+0800 (CST) ] time is 68
[ Tue Aug 15 2017 16:26:33 GMT+0800 (CST) ] {"err":0,"msg":"JboXmZxLqG1H3mQFyja1X28gHRQCnzZtGu"}
[ Tue Aug 15 2017 16:26:33 GMT+0800 (CST) ] time is 67
[ Tue Aug 15 2017 16:26:33 GMT+0800 (CST) ] {"err":0,"msg":"JQXcPSF6FxgRDkaoXBxityAurzqeCLGDZo"}
[ Tue Aug 15 2017 16:26:33 GMT+0800 (CST) ] time is 68
[ Tue Aug 15 2017 16:26:33 GMT+0800 (CST) ] {"err":0,"msg":"JcsMcwMNtn6hEdGnjRPeHr5Hk844oiikFj"}
[ Tue Aug 15 2017 16:26:33 GMT+0800 (CST) ] time is 68
[ Tue Aug 15 2017 16:26:33 GMT+0800 (CST) ] {"err":0,"msg":"JTDxGkmwWokb3ouMskYMqMJSYAmWdo7GpK"}
[ Tue Aug 15 2017 16:26:33 GMT+0800 (CST) ] time is 69
[ Tue Aug 15 2017 16:26:33 GMT+0800 (CST) ] {"err":0,"msg":"JVUeMNYHPjzKefopuB3vidkEpY94BPXasm"}
[ Tue Aug 15 2017 16:26:33 GMT+0800 (CST) ] time is 68
[ Tue Aug 15 2017 16:26:33 GMT+0800 (CST) ] {"err":0,"msg":"JdY85a2ELrPkByCMD7QFxRq3gzMsdwUu5b"}
[ Tue Aug 15 2017 16:26:34 GMT+0800 (CST) ] time is 69
[ Tue Aug 15 2017 16:26:34 GMT+0800 (CST) ] {"err":0,"msg":"JNBiH2SBPfaKwNR3KXym5jZSCnCGUwXyDC"}
[ Tue Aug 15 2017 16:26:34 GMT+0800 (CST) ] time is 69
[ Tue Aug 15 2017 16:26:34 GMT+0800 (CST) ] {"err":0,"msg":"JVzgGVfV65vGiRtmPiB9zrt9jTxUjkaKFN"}
[ Tue Aug 15 2017 16:26:34 GMT+0800 (CST) ] time is 70
[ Tue Aug 15 2017 16:26:34 GMT+0800 (CST) ] {"err":0,"msg":"JWdJyvWjFFpghGdFddGHkHkivTgPJ98qmj"}
[ Tue Aug 15 2017 16:26:34 GMT+0800 (CST) ] time is 69
[ Tue Aug 15 2017 16:26:34 GMT+0800 (CST) ] {"err":0,"msg":"JWQXutenMQaBqNxWHqFhB5qVBrDGcttCvm"}
[ Tue Aug 15 2017 16:26:34 GMT+0800 (CST) ] time is 70
[ Tue Aug 15 2017 16:26:34 GMT+0800 (CST) ] {"err":0,"msg":"JNbFrrP1CmdgKtRKDwg75pkLVvzRv1V7u2"}
[ Tue Aug 15 2017 16:26:34 GMT+0800 (CST) ] time is 70
[ Tue Aug 15 2017 16:26:34 GMT+0800 (CST) ] {"err":0,"msg":"JdiT5TUh4Gq1dTzr75LWV9SXhoYnirRy99"}
[ Tue Aug 15 2017 16:26:34 GMT+0800 (CST) ] time is 71
[ Tue Aug 15 2017 16:26:34 GMT+0800 (CST) ] {"err":0,"msg":"JXans8N8VHfjEyCAMkcGyM3gvMDoD4GoXe"}
[ Tue Aug 15 2017 16:26:34 GMT+0800 (CST) ] time is 70
[ Tue Aug 15 2017 16:26:34 GMT+0800 (CST) ] {"err":0,"msg":"Jf5cNBh5VP6wsGdxLtXJF1GtufoA2T4Hjq"}
[ Tue Aug 15 2017 16:26:34 GMT+0800 (CST) ] time is 71
[ Tue Aug 15 2017 16:26:34 GMT+0800 (CST) ] {"err":0,"msg":"JPrkkUPBeEyinoxxcDZ8eyNUMPvPuhoENN"}
[ Tue Aug 15 2017 16:26:34 GMT+0800 (CST) ] time is 71
[ Tue Aug 15 2017 16:26:34 GMT+0800 (CST) ] {"err":0,"msg":"JMUiurLhnLFy65zKcuwVzBgmcArLwJZAyW"}
[ Tue Aug 15 2017 16:26:34 GMT+0800 (CST) ] time is 72
[ Tue Aug 15 2017 16:26:34 GMT+0800 (CST) ] {"err":0,"msg":"JgDknBTDFkKMYB4h4afVifNLSxjpXLt3NM"}
[ Tue Aug 15 2017 16:26:34 GMT+0800 (CST) ] time is 71
[ Tue Aug 15 2017 16:26:34 GMT+0800 (CST) ] {"err":0,"msg":"JUgYEafHb2NuuJ4aaCt18L1VwyoGRsaBMv"}
[ Tue Aug 15 2017 16:26:34 GMT+0800 (CST) ] time is 72
[ Tue Aug 15 2017 16:26:34 GMT+0800 (CST) ] {"err":0,"msg":"JN4uUyLfovTB18xqkUVLgGUVTyU7LJQ9Ts"}
[ Tue Aug 15 2017 16:26:34 GMT+0800 (CST) ] time is 72
[ Tue Aug 15 2017 16:26:34 GMT+0800 (CST) ] {"err":0,"msg":"JU7cvfsiuuFkGankbV39weZcFK6Kuwp2MP"}
[ Tue Aug 15 2017 16:26:34 GMT+0800 (CST) ] time is 73
[ Tue Aug 15 2017 16:26:34 GMT+0800 (CST) ] {"err":0,"msg":"JbvgEFFX155upJS8iXMiJVgdfdK8Z4GHmu"}
[ Tue Aug 15 2017 16:26:34 GMT+0800 (CST) ] time is 72
[ Tue Aug 15 2017 16:26:34 GMT+0800 (CST) ] {"err":0,"msg":"JguqMiouKVDpQTAeHcpkaEyVyB9pMwzZYQ"}
[ Tue Aug 15 2017 16:26:34 GMT+0800 (CST) ] time is 73
[ Tue Aug 15 2017 16:26:34 GMT+0800 (CST) ] {"err":0,"msg":"JTxQKTWDbd18jbzWNaZirdEeumPH8yesgE"}
[ Tue Aug 15 2017 16:26:34 GMT+0800 (CST) ] time is 73
[ Tue Aug 15 2017 16:26:34 GMT+0800 (CST) ] {"err":0,"msg":"JYaCVp83r8rnzwKDP9M7ac1NXoPEhPWEH1"}
[ Tue Aug 15 2017 16:26:34 GMT+0800 (CST) ] time is 74
[ Tue Aug 15 2017 16:26:34 GMT+0800 (CST) ] {"err":0,"msg":"JSoCXxAPYUvq4z5eZmF8u4b2Yv1K2fx81z"}
[ Tue Aug 15 2017 16:26:34 GMT+0800 (CST) ] time is 73
[ Tue Aug 15 2017 16:26:34 GMT+0800 (CST) ] {"err":0,"msg":"JWDCsdHdzHGeXWmGJhdbs9GxcTen3mjB4x"}
[ Tue Aug 15 2017 16:26:34 GMT+0800 (CST) ] time is 74
[ Tue Aug 15 2017 16:26:34 GMT+0800 (CST) ] {"err":0,"msg":"JebdPdMXaQjPr1Vhxi3k4d5fcUttcBXRPy"}
[ Tue Aug 15 2017 16:26:34 GMT+0800 (CST) ] time is 74
[ Tue Aug 15 2017 16:26:34 GMT+0800 (CST) ] {"err":0,"msg":"JgmsYfLhBoJZJU9WF9RZsNP3Dv4HKsbWV8"}
[ Tue Aug 15 2017 16:26:34 GMT+0800 (CST) ] time is 75
[ Tue Aug 15 2017 16:26:34 GMT+0800 (CST) ] {"err":0,"msg":"JfDiBi1Xr6UYiF31RYRZ1GoM56tXX7DLcM"}
[ Tue Aug 15 2017 16:26:34 GMT+0800 (CST) ] time is 74
[ Tue Aug 15 2017 16:26:34 GMT+0800 (CST) ] {"err":0,"msg":"JdXRnWkZJMNe8rvrH9FLwk5tSfqzvCPmWW"}
[ Tue Aug 15 2017 16:26:34 GMT+0800 (CST) ] time is 75
[ Tue Aug 15 2017 16:26:34 GMT+0800 (CST) ] {"err":0,"msg":"JNc89aWp3THWPDqCoFCBM7k1t5AsvMxBY6"}
[ Tue Aug 15 2017 16:26:34 GMT+0800 (CST) ] time is 75
[ Tue Aug 15 2017 16:26:34 GMT+0800 (CST) ] {"err":0,"msg":"JKai3Me7zPRpfJkWyntf2Go1vbWixPhc4V"}
[ Tue Aug 15 2017 16:26:34 GMT+0800 (CST) ] time is 76
[ Tue Aug 15 2017 16:26:34 GMT+0800 (CST) ] {"err":0,"msg":"JWyZLf7iC7MBGnoFfiUHVS5UcBfSTFZ7pP"}
[ Tue Aug 15 2017 16:26:34 GMT+0800 (CST) ] time is 75
[ Tue Aug 15 2017 16:26:34 GMT+0800 (CST) ] {"err":0,"msg":"Jfx5v1kLx3EqV4oMpaNzyYqqQcVfp8nM2E"}
[ Tue Aug 15 2017 16:26:34 GMT+0800 (CST) ] time is 76
[ Tue Aug 15 2017 16:26:34 GMT+0800 (CST) ] {"err":0,"msg":"JZj3RdJhRLYZatX79ksB5kqq21zdV6FacS"}
[ Tue Aug 15 2017 16:26:34 GMT+0800 (CST) ] time is 76
[ Tue Aug 15 2017 16:26:34 GMT+0800 (CST) ] {"err":0,"msg":"JWU73eqc4DBvJeXsUYAUaZZtgQiyVRMwb1"}
[ Tue Aug 15 2017 16:26:34 GMT+0800 (CST) ] time is 77
[ Tue Aug 15 2017 16:26:34 GMT+0800 (CST) ] {"err":0,"msg":"Jbu3DSDYmdoK3FsKxiseXmbkRC6PREGBMw"}
[ Tue Aug 15 2017 16:26:34 GMT+0800 (CST) ] time is 76
[ Tue Aug 15 2017 16:26:34 GMT+0800 (CST) ] {"err":0,"msg":"JR5Ffc3UJkHsZfBHtmy75ACM8YPiTddLm1"}
[ Tue Aug 15 2017 16:26:34 GMT+0800 (CST) ] time is 77
[ Tue Aug 15 2017 16:26:34 GMT+0800 (CST) ] {"err":0,"msg":"JMiKZuusckqZVS8xnuvjY4v1Ds738caqfq"}
[ Tue Aug 15 2017 16:26:34 GMT+0800 (CST) ] time is 77
[ Tue Aug 15 2017 16:26:34 GMT+0800 (CST) ] {"err":0,"msg":"JY16ijsLZchaV6QKuZqSjnzmVhxqtus8ii"}
[ Tue Aug 15 2017 16:26:34 GMT+0800 (CST) ] time is 78
[ Tue Aug 15 2017 16:26:34 GMT+0800 (CST) ] {"err":0,"msg":"JcS3aU1g5oAs2mnsWWBqZ3FsdVEjBGKQp5"}
[ Tue Aug 15 2017 16:26:34 GMT+0800 (CST) ] time is 77
[ Tue Aug 15 2017 16:26:34 GMT+0800 (CST) ] {"err":0,"msg":"JKJagyenqiwgsmRq7gYiX5bAjAAFF65NHC"}
[ Tue Aug 15 2017 16:26:34 GMT+0800 (CST) ] time is 78
[ Tue Aug 15 2017 16:26:34 GMT+0800 (CST) ] {"err":0,"msg":"JNydK9hG75JyHd3ijPtaz9SNgBim6hVCfE"}
[ Tue Aug 15 2017 16:26:34 GMT+0800 (CST) ] time is 78
[ Tue Aug 15 2017 16:26:34 GMT+0800 (CST) ] {"err":0,"msg":"JZuNCKNVCGE1YNBT2Mi8tdshijbteQ14xn"}
[ Tue Aug 15 2017 16:26:34 GMT+0800 (CST) ] time is 79
[ Tue Aug 15 2017 16:26:34 GMT+0800 (CST) ] {"err":0,"msg":"JYsJUVjXKgMKQAFuMDSLJnKNSEUT5cteMK"}
[ Tue Aug 15 2017 16:26:34 GMT+0800 (CST) ] time is 78
[ Tue Aug 15 2017 16:26:34 GMT+0800 (CST) ] {"err":0,"msg":"JfTSbFNB2CQs4nmyvzVn5LPQjUzc7W7PfY"}
[ Tue Aug 15 2017 16:26:34 GMT+0800 (CST) ] time is 79
[ Tue Aug 15 2017 16:26:34 GMT+0800 (CST) ] {"err":0,"msg":"JSiqxHPEfHrAfdGkbebBR6sRHtkTw3KJxi"}
[ Tue Aug 15 2017 16:26:34 GMT+0800 (CST) ] time is 79
[ Tue Aug 15 2017 16:26:34 GMT+0800 (CST) ] {"err":0,"msg":"JMCnQt4hoNjWevyk6ByNhvAZQMH6MGeeJo"}
[ Tue Aug 15 2017 16:26:34 GMT+0800 (CST) ] time is 80
[ Tue Aug 15 2017 16:26:34 GMT+0800 (CST) ] {"err":0,"msg":"JaPmd7Q7vF7Wum5198gRwk3BUQqCuTTe9e"}
[ Tue Aug 15 2017 16:26:34 GMT+0800 (CST) ] time is 79
[ Tue Aug 15 2017 16:26:34 GMT+0800 (CST) ] {"err":0,"msg":"JfYJGq5DsG68cz6dFvJ8eLVtQPZmomuS98"}
[ Tue Aug 15 2017 16:26:34 GMT+0800 (CST) ] time is 80
[ Tue Aug 15 2017 16:26:34 GMT+0800 (CST) ] {"err":0,"msg":"Jepy8ex3pQqbU5hTSGK3N6VdEQA7MFVgSs"}
[ Tue Aug 15 2017 16:26:34 GMT+0800 (CST) ] time is 80
[ Tue Aug 15 2017 16:26:34 GMT+0800 (CST) ] {"err":0,"msg":"JWK6g2rMjysVhcUdBNcEsLTTLbc8DtbotB"}
[ Tue Aug 15 2017 16:26:34 GMT+0800 (CST) ] time is 81
[ Tue Aug 15 2017 16:26:34 GMT+0800 (CST) ] {"err":0,"msg":"JNY9FjTFoic9LGdiLxBpujdgq4PYJ99j3j"}
[ Tue Aug 15 2017 16:26:34 GMT+0800 (CST) ] time is 80
[ Tue Aug 15 2017 16:26:34 GMT+0800 (CST) ] {"err":0,"msg":"JK9r8NpWrHRkdQ1vGKyBktZpn7HY27ypaG"}
[ Tue Aug 15 2017 16:26:34 GMT+0800 (CST) ] time is 81
[ Tue Aug 15 2017 16:26:34 GMT+0800 (CST) ] {"err":0,"msg":"JgfEXHdhjeCxao6ykvg6rfURZENWkSScAH"}
[ Tue Aug 15 2017 16:26:34 GMT+0800 (CST) ] time is 81
[ Tue Aug 15 2017 16:26:34 GMT+0800 (CST) ] {"err":0,"msg":"JeKnhzhJtKouXdji7aQsgXYkx542MxU4rP"}
[ Tue Aug 15 2017 16:26:34 GMT+0800 (CST) ] time is 82
[ Tue Aug 15 2017 16:26:34 GMT+0800 (CST) ] {"err":0,"msg":"JN6SqLmTm7oq5uB3bDLBhDesgEC7sKLeU7"}
[ Tue Aug 15 2017 16:26:34 GMT+0800 (CST) ] time is 81
[ Tue Aug 15 2017 16:26:34 GMT+0800 (CST) ] {"err":0,"msg":"JhHumJaZKHMrQ4uYYw7E1tAdrZVSpn8vKg"}
[ Tue Aug 15 2017 16:26:34 GMT+0800 (CST) ] time is 82
[ Tue Aug 15 2017 16:26:34 GMT+0800 (CST) ] {"err":0,"msg":"JRfzqaof4iNXX928Yzq7iVmnJTWyjRdXVB"}
[ Tue Aug 15 2017 16:26:34 GMT+0800 (CST) ] time is 82
[ Tue Aug 15 2017 16:26:34 GMT+0800 (CST) ] {"err":0,"msg":"JdgVAcZxpBLXaGGHhgTCjooq48EQX4tL3Z"}
[ Tue Aug 15 2017 16:26:34 GMT+0800 (CST) ] time is 83
[ Tue Aug 15 2017 16:26:34 GMT+0800 (CST) ] {"err":0,"msg":"JS5zSBWamH6m1JsFn997Lq7iXDRhNA1sGH"}
[ Tue Aug 15 2017 16:26:34 GMT+0800 (CST) ] time is 82
[ Tue Aug 15 2017 16:26:34 GMT+0800 (CST) ] {"err":0,"msg":"JQNA74T7qwA9KkEbVrw4xJo2cZobafFJ75"}
[ Tue Aug 15 2017 16:26:34 GMT+0800 (CST) ] time is 83
[ Tue Aug 15 2017 16:26:34 GMT+0800 (CST) ] {"err":0,"msg":"JenccgmLG49LByyRSAY5oigDf2guk8Sat9"}
[ Tue Aug 15 2017 16:26:34 GMT+0800 (CST) ] time is 83
[ Tue Aug 15 2017 16:26:34 GMT+0800 (CST) ] {"err":0,"msg":"JdN8oSqPhFjnFfsoy21WjEhjRwETQWFQRp"}
[ Tue Aug 15 2017 16:26:34 GMT+0800 (CST) ] time is 84
[ Tue Aug 15 2017 16:26:34 GMT+0800 (CST) ] {"err":0,"msg":"JgLdvX87pUu4p66MW1ihPHGc3fJU5HRpre"}
[ Tue Aug 15 2017 16:26:34 GMT+0800 (CST) ] time is 83
[ Tue Aug 15 2017 16:26:34 GMT+0800 (CST) ] {"err":0,"msg":"JWKsnJ7rTfz4y1Nyb2NqDSQtsdnbACUWr2"}
[ Tue Aug 15 2017 16:26:34 GMT+0800 (CST) ] time is 84
[ Tue Aug 15 2017 16:26:34 GMT+0800 (CST) ] {"err":0,"msg":"JLRf9YpTWjs9A7Rv3yZRzkxp4Nb7mz2soF"}
[ Tue Aug 15 2017 16:26:34 GMT+0800 (CST) ] time is 84
[ Tue Aug 15 2017 16:26:34 GMT+0800 (CST) ] {"err":0,"msg":"Jg3dEP2Y4B6dWvhxiMgTruhucCHaEJL9iQ"}
[ Tue Aug 15 2017 16:26:34 GMT+0800 (CST) ] time is 85
[ Tue Aug 15 2017 16:26:34 GMT+0800 (CST) ] {"err":0,"msg":"JLcRgc3YUW6nVf6G7rDhHXaooqSku1hNPi"}
[ Tue Aug 15 2017 16:26:34 GMT+0800 (CST) ] time is 84
[ Tue Aug 15 2017 16:26:34 GMT+0800 (CST) ] {"err":0,"msg":"JQJuBqkKEiDMQ17CnWwhCFyjgXdaJPWw4H"}
[ Tue Aug 15 2017 16:26:34 GMT+0800 (CST) ] {"err":0,"msg":"Jfk8TSA4ksHmPWajADaRm4KTHFNavcpMxC"}
[ Tue Aug 15 2017 16:26:34 GMT+0800 (CST) ] time is 85
[ Tue Aug 15 2017 16:26:34 GMT+0800 (CST) ] time is 85
[ Tue Aug 15 2017 16:26:34 GMT+0800 (CST) ] {"err":0,"msg":"JLB6MQpFcATshvE9PHe4eqGLdsXLYr35bu"}
[ Tue Aug 15 2017 16:26:34 GMT+0800 (CST) ] time is 86
[ Tue Aug 15 2017 16:26:34 GMT+0800 (CST) ] {"err":0,"msg":"JZoD3zGspUjShp9jBq6uGntSXGwZLvWdJ8"}
[ Tue Aug 15 2017 16:26:34 GMT+0800 (CST) ] time is 85
[ Tue Aug 15 2017 16:26:34 GMT+0800 (CST) ] {"err":0,"msg":"Jhn3N9n3VTMgrVLDZh6j9yNso57bS5XE99"}
[ Tue Aug 15 2017 16:26:34 GMT+0800 (CST) ] time is 86
[ Tue Aug 15 2017 16:26:34 GMT+0800 (CST) ] {"err":0,"msg":"JdbsAhhgJVqrbpZXxzpeuHp3WNeCE7o9SA"}
[ Tue Aug 15 2017 16:26:34 GMT+0800 (CST) ] time is 86
[ Tue Aug 15 2017 16:26:34 GMT+0800 (CST) ] {"err":0,"msg":"JRFrWAXV3SJfEpAfNTZcxwCoSwkENaDazu"}
[ Tue Aug 15 2017 16:26:34 GMT+0800 (CST) ] time is 87
[ Tue Aug 15 2017 16:26:34 GMT+0800 (CST) ] {"err":0,"msg":"JMFw7q2eveqBy1aai3d9187gXFb3uN8ZrZ"}
[ Tue Aug 15 2017 16:26:34 GMT+0800 (CST) ] time is 86
[ Tue Aug 15 2017 16:26:34 GMT+0800 (CST) ] {"err":0,"msg":"JaHcE8pRHPXYAtNkXLNjAqhwXAW8LKTqSD"}
[ Tue Aug 15 2017 16:26:34 GMT+0800 (CST) ] time is 87
[ Tue Aug 15 2017 16:26:34 GMT+0800 (CST) ] {"err":0,"msg":"JSCzPTWUTW5wvKCbcAo4e2MHZKbpEJLjXH"}
[ Tue Aug 15 2017 16:26:34 GMT+0800 (CST) ] time is 87
[ Tue Aug 15 2017 16:26:34 GMT+0800 (CST) ] {"err":0,"msg":"JVS1k77iPNRU1VwGuLkMExvo5XfZWVfkAc"}
[ Tue Aug 15 2017 16:26:34 GMT+0800 (CST) ] time is 88
[ Tue Aug 15 2017 16:26:34 GMT+0800 (CST) ] {"err":0,"msg":"JKDCD2Ln74T12cXLixie4mYPqanPaR1n8f"}
[ Tue Aug 15 2017 16:26:34 GMT+0800 (CST) ] time is 87
[ Tue Aug 15 2017 16:26:34 GMT+0800 (CST) ] {"err":0,"msg":"JM9TXVL4yBF6m2gRUhTMm2tWWmnZ7kkAxK"}
[ Tue Aug 15 2017 16:26:34 GMT+0800 (CST) ] time is 88
[ Tue Aug 15 2017 16:26:34 GMT+0800 (CST) ] {"err":0,"msg":"Jdynys9VGbNrvZb6GfsgHqCXjLE9ouTh3N"}
[ Tue Aug 15 2017 16:26:34 GMT+0800 (CST) ] time is 88
[ Tue Aug 15 2017 16:26:34 GMT+0800 (CST) ] {"err":0,"msg":"JQN4igVeEizXk3ZfVcXQScEVR61sbd5kWr"}
[ Tue Aug 15 2017 16:26:34 GMT+0800 (CST) ] time is 89
[ Tue Aug 15 2017 16:26:34 GMT+0800 (CST) ] {"err":0,"msg":"JPeMSHCFSEtoRtjyUdqUJi5Geked5sKWBE"}
[ Tue Aug 15 2017 16:26:34 GMT+0800 (CST) ] time is 88
[ Tue Aug 15 2017 16:26:34 GMT+0800 (CST) ] {"err":0,"msg":"Ja1dWfjm1cf29WrqUpQ2g4ARZpx4QpCgAb"}
[ Tue Aug 15 2017 16:26:35 GMT+0800 (CST) ] time is 89
[ Tue Aug 15 2017 16:26:35 GMT+0800 (CST) ] {"err":0,"msg":"Jhq8KPDgRRE5nLvpS8sMWddFDRcti6DSR8"}
[ Tue Aug 15 2017 16:26:35 GMT+0800 (CST) ] time is 89
[ Tue Aug 15 2017 16:26:35 GMT+0800 (CST) ] {"err":0,"msg":"JZCJSMmhqt61pWrUrh5VBL6XyY4TFx3crF"}
[ Tue Aug 15 2017 16:26:35 GMT+0800 (CST) ] time is 90
[ Tue Aug 15 2017 16:26:35 GMT+0800 (CST) ] {"err":0,"msg":"JXmNqyckt81FbvJbE3BSEiK2TJdWG8s59i"}
[ Tue Aug 15 2017 16:26:35 GMT+0800 (CST) ] time is 89
[ Tue Aug 15 2017 16:26:35 GMT+0800 (CST) ] {"err":0,"msg":"Ja8ssEncY3kX2yBDiBdJW5dY2fPedhoRDj"}
[ Tue Aug 15 2017 16:26:35 GMT+0800 (CST) ] time is 90
[ Tue Aug 15 2017 16:26:35 GMT+0800 (CST) ] {"err":0,"msg":"JTkasgvJt6XSAba9BAW5kq4W6FUvSDpaBp"}
[ Tue Aug 15 2017 16:26:35 GMT+0800 (CST) ] time is 90
[ Tue Aug 15 2017 16:26:35 GMT+0800 (CST) ] {"err":0,"msg":"JXJpPxFCBPgizN6UMEBtvHfo3xYmitSJ84"}
[ Tue Aug 15 2017 16:26:35 GMT+0800 (CST) ] time is 91
[ Tue Aug 15 2017 16:26:35 GMT+0800 (CST) ] {"err":0,"msg":"JScwxwB8Wcu5rzbWMyybZZX9r898Zfz3jT"}
[ Tue Aug 15 2017 16:26:35 GMT+0800 (CST) ] time is 90
[ Tue Aug 15 2017 16:26:35 GMT+0800 (CST) ] {"err":0,"msg":"JUzsVzw8w6eDKormcx57NT2MSPwHQgftqM"}
[ Tue Aug 15 2017 16:26:35 GMT+0800 (CST) ] time is 91
[ Tue Aug 15 2017 16:26:35 GMT+0800 (CST) ] {"err":0,"msg":"JgGa5it1RnUUtDhHGn1u5tGfNYFPUh3jNY"}
[ Tue Aug 15 2017 16:26:35 GMT+0800 (CST) ] time is 91
[ Tue Aug 15 2017 16:26:35 GMT+0800 (CST) ] {"err":0,"msg":"JU6hgAYtjE7XsPfZYjstoK7L3JB8Qcg8Ld"}
[ Tue Aug 15 2017 16:26:35 GMT+0800 (CST) ] time is 92
[ Tue Aug 15 2017 16:26:35 GMT+0800 (CST) ] {"err":0,"msg":"JYF1SFQDgDM8fBXwwjL2yTievqPYRp2GYG"}
[ Tue Aug 15 2017 16:26:35 GMT+0800 (CST) ] time is 91
[ Tue Aug 15 2017 16:26:35 GMT+0800 (CST) ] {"err":0,"msg":"JePRQBhYTEjahDtLLZETjy15iW5ifNXfRa"}
[ Tue Aug 15 2017 16:26:35 GMT+0800 (CST) ] time is 92
[ Tue Aug 15 2017 16:26:35 GMT+0800 (CST) ] {"err":0,"msg":"JTD6EJVAG9CW489XGpnjsQeppNUgd1Hj4Z"}
[ Tue Aug 15 2017 16:26:35 GMT+0800 (CST) ] time is 92
[ Tue Aug 15 2017 16:26:35 GMT+0800 (CST) ] {"err":0,"msg":"JX9mP3Yv2HWo44HynXESnuaH7YyLvAteeC"}
[ Tue Aug 15 2017 16:26:35 GMT+0800 (CST) ] time is 93
[ Tue Aug 15 2017 16:26:35 GMT+0800 (CST) ] {"err":0,"msg":"JKFKmUQKikGrkFLZBa8V5EuVcgzKEzRtqj"}
[ Tue Aug 15 2017 16:26:35 GMT+0800 (CST) ] time is 92
[ Tue Aug 15 2017 16:26:35 GMT+0800 (CST) ] {"err":0,"msg":"JaqaxgZqThXGWhi91WTZ84g1M7FjwgTbGw"}
[ Tue Aug 15 2017 16:26:35 GMT+0800 (CST) ] time is 93
[ Tue Aug 15 2017 16:26:35 GMT+0800 (CST) ] {"err":0,"msg":"JZRn4pTtt9rFhw5CDiJfvUoG5jioDSKyjR"}
[ Tue Aug 15 2017 16:26:35 GMT+0800 (CST) ] time is 93
[ Tue Aug 15 2017 16:26:35 GMT+0800 (CST) ] {"err":0,"msg":"JLeatPUjn8tz4YTqcrfJwheC5gaTuGeLou"}
[ Tue Aug 15 2017 16:26:35 GMT+0800 (CST) ] {"err":0,"msg":"JJgWKbWCqqy3RSVGXUznsoXzsZ9yi6qAsB"}
[ Tue Aug 15 2017 16:26:35 GMT+0800 (CST) ] time is 94
[ Tue Aug 15 2017 16:26:35 GMT+0800 (CST) ] time is 93
[ Tue Aug 15 2017 16:26:35 GMT+0800 (CST) ] {"err":0,"msg":"JaaYB1TdSqzVYfPQKEj2AHn688VnxjdR8H"}
[ Tue Aug 15 2017 16:26:35 GMT+0800 (CST) ] time is 94
[ Tue Aug 15 2017 16:26:35 GMT+0800 (CST) ] {"err":0,"msg":"JXSccqhjmHPQrUzFRHZebNSooL5fanUcEA"}
[ Tue Aug 15 2017 16:26:35 GMT+0800 (CST) ] time is 94
[ Tue Aug 15 2017 16:26:35 GMT+0800 (CST) ] {"err":0,"msg":"JXGo1Ru6EZU8vguZzjN667rRnYoyLQoyHe"}
[ Tue Aug 15 2017 16:26:35 GMT+0800 (CST) ] time is 95
[ Tue Aug 15 2017 16:26:35 GMT+0800 (CST) ] {"err":0,"msg":"JQdj5ZUHhbTBZ7erpAoQy3W8ZL12fPZ8F4"}
[ Tue Aug 15 2017 16:26:35 GMT+0800 (CST) ] time is 94
[ Tue Aug 15 2017 16:26:35 GMT+0800 (CST) ] {"err":0,"msg":"JaWUk1ao7CTV3cPdL7EBgQXU42AqciSsDc"}
[ Tue Aug 15 2017 16:26:35 GMT+0800 (CST) ] time is 95
[ Tue Aug 15 2017 16:26:35 GMT+0800 (CST) ] {"err":0,"msg":"JexFJdc4Hzg4MEXNsqsTeS1AdExQPVusVj"}
[ Tue Aug 15 2017 16:26:35 GMT+0800 (CST) ] time is 95
[ Tue Aug 15 2017 16:26:35 GMT+0800 (CST) ] {"err":0,"msg":"Jgbgu2oUX8LFFSaDkxhfhPQAGP1hqjmAhJ"}
[ Tue Aug 15 2017 16:26:35 GMT+0800 (CST) ] time is 96
[ Tue Aug 15 2017 16:26:35 GMT+0800 (CST) ] {"err":0,"msg":"JapHMrRjFS7CQZGXzbnzLjBuURFsNG2pm6"}
[ Tue Aug 15 2017 16:26:35 GMT+0800 (CST) ] time is 95
[ Tue Aug 15 2017 16:26:35 GMT+0800 (CST) ] {"err":0,"msg":"JM1fjXGnQdk9E4yJiiiEAar52vVKAvyF9Y"}
[ Tue Aug 15 2017 16:26:35 GMT+0800 (CST) ] time is 96
[ Tue Aug 15 2017 16:26:35 GMT+0800 (CST) ] {"err":0,"msg":"Jf6xhsiFtVZWbmN2Th4NXkxBExVQJCQfnX"}
[ Tue Aug 15 2017 16:26:35 GMT+0800 (CST) ] time is 96
[ Tue Aug 15 2017 16:26:35 GMT+0800 (CST) ] {"err":0,"msg":"JNYerdRfNtp1z2ttaxneyaP8BMZnzbS45m"}
[ Tue Aug 15 2017 16:26:35 GMT+0800 (CST) ] time is 97
[ Tue Aug 15 2017 16:26:35 GMT+0800 (CST) ] {"err":0,"msg":"JPherajWJujYDRb7FfAacVQ53ep7vciT4Q"}
[ Tue Aug 15 2017 16:26:35 GMT+0800 (CST) ] time is 96
[ Tue Aug 15 2017 16:26:35 GMT+0800 (CST) ] {"err":0,"msg":"JYsiHcdbjh9kSUfbzPeERWELSjYx5DRGPf"}
[ Tue Aug 15 2017 16:26:35 GMT+0800 (CST) ] time is 97
[ Tue Aug 15 2017 16:26:35 GMT+0800 (CST) ] {"err":0,"msg":"JN7pbxwqEWJqpZdXLjucZgeeEeK1rnUyvT"}
[ Tue Aug 15 2017 16:26:35 GMT+0800 (CST) ] time is 97
[ Tue Aug 15 2017 16:26:35 GMT+0800 (CST) ] {"err":0,"msg":"JVHH1eD7vjb128p68SkDPWXU53DH56ZiaS"}
[ Tue Aug 15 2017 16:26:35 GMT+0800 (CST) ] time is 98
[ Tue Aug 15 2017 16:26:35 GMT+0800 (CST) ] {"err":0,"msg":"JhDHp7BJhu99g8Wx9bXVrHPDQknQXL8Zyu"}
[ Tue Aug 15 2017 16:26:35 GMT+0800 (CST) ] time is 97
[ Tue Aug 15 2017 16:26:35 GMT+0800 (CST) ] {"err":0,"msg":"Jewx22x3zfaLqYNUC2JAeqMiPcEWo2pNmx"}
[ Tue Aug 15 2017 16:26:35 GMT+0800 (CST) ] time is 98
[ Tue Aug 15 2017 16:26:35 GMT+0800 (CST) ] {"err":0,"msg":"JRDkr32Q6WKhFuDPa6S6ScLsomj7C8v8n6"}
[ Tue Aug 15 2017 16:26:35 GMT+0800 (CST) ] time is 98
[ Tue Aug 15 2017 16:26:35 GMT+0800 (CST) ] {"err":0,"msg":"JbusFAb8JVLfG5h4LC8EGsAoxbMV2oV2xc"}
[ Tue Aug 15 2017 16:26:35 GMT+0800 (CST) ] time is 99
[ Tue Aug 15 2017 16:26:35 GMT+0800 (CST) ] {"err":0,"msg":"Jgzzt3ijXiBDkJ3DmMD1ANevgyPRakCNPS"}
[ Tue Aug 15 2017 16:26:35 GMT+0800 (CST) ] time is 98
[ Tue Aug 15 2017 16:26:35 GMT+0800 (CST) ] {"err":0,"msg":"JdNbkLpADJTpZJYqMMVzvibHLL9oH1Bngc"}
[ Tue Aug 15 2017 16:26:35 GMT+0800 (CST) ] time is 99
[ Tue Aug 15 2017 16:26:35 GMT+0800 (CST) ] {"err":0,"msg":"JRMXqVtPKHHngo8tb1Rsua7CHzLL9Beucn"}
[ Tue Aug 15 2017 16:26:35 GMT+0800 (CST) ] time is 99
[ Tue Aug 15 2017 16:26:35 GMT+0800 (CST) ] {"err":0,"msg":"JQG8habAmDXiKRAK4n7Fr9ipPfyyEd1yWU"}
[ Tue Aug 15 2017 16:26:35 GMT+0800 (CST) ] time is 100
[ Tue Aug 15 2017 16:26:35 GMT+0800 (CST) ] {"err":0,"msg":"JM4p8jN3F3W5MU4m3PhSTL5tsRTpuj3N8J"}
[ Tue Aug 15 2017 16:26:35 GMT+0800 (CST) ] time is 99
[ Tue Aug 15 2017 16:26:35 GMT+0800 (CST) ] {"err":0,"msg":"JTDgqmRDYcGDZNQ1oRwTKoc2GdXa6eZeN5"}
[ Tue Aug 15 2017 16:26:35 GMT+0800 (CST) ] time is 100
[ Tue Aug 15 2017 16:26:35 GMT+0800 (CST) ] {"err":0,"msg":"JMu7GyDHa7ybWY9ihzWUG9DV76GTJeiHo3"}
[ Tue Aug 15 2017 16:26:35 GMT+0800 (CST) ] time is 100
[ Tue Aug 15 2017 16:26:35 GMT+0800 (CST) ] {"err":0,"msg":"JUdz95symA7XRb85BfNctFWDt6LBFnSYZ7"}
[ Tue Aug 15 2017 16:26:35 GMT+0800 (CST) ] time is 101
[ Tue Aug 15 2017 16:26:35 GMT+0800 (CST) ] {"err":0,"msg":"JMsdQ2sxDkup6DnBMzPCN3fxKFzDmDHw4L"}
[ Tue Aug 15 2017 16:26:35 GMT+0800 (CST) ] time is 100
[ Tue Aug 15 2017 16:26:35 GMT+0800 (CST) ] {"err":0,"msg":"JWsYBtuucoGej7vY2MSoALuokexAWawwLL"}
[ Tue Aug 15 2017 16:26:35 GMT+0800 (CST) ] time is 101
[ Tue Aug 15 2017 16:26:35 GMT+0800 (CST) ] {"err":0,"msg":"JV1YpRtfAw4kN6mYn8tu4ocdjXy39PGTQA"}
[ Tue Aug 15 2017 16:26:35 GMT+0800 (CST) ] time is 101
[ Tue Aug 15 2017 16:26:35 GMT+0800 (CST) ] {"err":0,"msg":"JPqXUaZoodzZfQ7ttQBMixCVFLiQEwDYHf"}
[ Tue Aug 15 2017 16:26:35 GMT+0800 (CST) ] time is 102
[ Tue Aug 15 2017 16:26:35 GMT+0800 (CST) ] {"err":0,"msg":"JLushHRvtGyEFJ7kWx7hdhKTrCXevRcYBy"}
[ Tue Aug 15 2017 16:26:35 GMT+0800 (CST) ] time is 101
[ Tue Aug 15 2017 16:26:35 GMT+0800 (CST) ] {"err":0,"msg":"JXkJXD6qogYrRxSDhtuGqywfXVC9QYePmR"}
[ Tue Aug 15 2017 16:26:35 GMT+0800 (CST) ] time is 102
[ Tue Aug 15 2017 16:26:35 GMT+0800 (CST) ] {"err":0,"msg":"JPbAND1KKBZymukMKcUCnrDKSF4RXn6NP6"}
[ Tue Aug 15 2017 16:26:35 GMT+0800 (CST) ] time is 102
[ Tue Aug 15 2017 16:26:35 GMT+0800 (CST) ] {"err":0,"msg":"JgT563SeyNKiskZhfg1qL2RLPYgqDGKSPg"}
[ Tue Aug 15 2017 16:26:35 GMT+0800 (CST) ] time is 103
[ Tue Aug 15 2017 16:26:35 GMT+0800 (CST) ] {"err":0,"msg":"JZseCA6cDthN5t4EEi3xgPVvBSyFhBDFqC"}
[ Tue Aug 15 2017 16:26:35 GMT+0800 (CST) ] time is 102
[ Tue Aug 15 2017 16:26:35 GMT+0800 (CST) ] {"err":0,"msg":"JQo5LK8438GtrrEzDgP6188DSewuSuwo97"}
[ Tue Aug 15 2017 16:26:35 GMT+0800 (CST) ] time is 103
[ Tue Aug 15 2017 16:26:35 GMT+0800 (CST) ] {"err":0,"msg":"JNENdG1vU4wtE1Sqx1LXS7xSWyEKG2TVTD"}
[ Tue Aug 15 2017 16:26:35 GMT+0800 (CST) ] time is 103
[ Tue Aug 15 2017 16:26:35 GMT+0800 (CST) ] {"err":0,"msg":"Jb9QicLcifNbntq1WkAnWtfcB5Tt1sRyDj"}
[ Tue Aug 15 2017 16:26:35 GMT+0800 (CST) ] time is 104
[ Tue Aug 15 2017 16:26:35 GMT+0800 (CST) ] {"err":0,"msg":"Jc7KiqiEnjoHdAXTPAxA8BWyc8GGbUoUSt"}
[ Tue Aug 15 2017 16:26:35 GMT+0800 (CST) ] time is 103
[ Tue Aug 15 2017 16:26:35 GMT+0800 (CST) ] {"err":0,"msg":"JcE98sZuN3wmPdUDeS9mRgghhqxxbDKsq8"}
[ Tue Aug 15 2017 16:26:35 GMT+0800 (CST) ] time is 104
[ Tue Aug 15 2017 16:26:35 GMT+0800 (CST) ] {"err":0,"msg":"JS3NUyFeYonZDiztVUrhtGbX5A3aQJZ5yC"}
[ Tue Aug 15 2017 16:26:35 GMT+0800 (CST) ] time is 104
[ Tue Aug 15 2017 16:26:35 GMT+0800 (CST) ] {"err":0,"msg":"JLKLCUhqprBD7bRb9BEnL5o1Z2GpXJ9aCX"}
[ Tue Aug 15 2017 16:26:35 GMT+0800 (CST) ] time is 105
[ Tue Aug 15 2017 16:26:35 GMT+0800 (CST) ] {"err":0,"msg":"JTU1THjKS72AWUVRLC6yvjTGdk76NNJQin"}
[ Tue Aug 15 2017 16:26:35 GMT+0800 (CST) ] time is 104
[ Tue Aug 15 2017 16:26:35 GMT+0800 (CST) ] {"err":0,"msg":"Jcp2yuxHWkDtTkGez4gVDHaBDALS5YTjGq"}
[ Tue Aug 15 2017 16:26:35 GMT+0800 (CST) ] time is 105
[ Tue Aug 15 2017 16:26:35 GMT+0800 (CST) ] {"err":0,"msg":"JhUndj7QapyxKgkrVxpKsXYuyyyQFVDpSC"}
[ Tue Aug 15 2017 16:26:35 GMT+0800 (CST) ] time is 105
[ Tue Aug 15 2017 16:26:35 GMT+0800 (CST) ] {"err":0,"msg":"JWLu9ksv7FYvfS34i3q9bDbG5ZcTUTgMoz"}
[ Tue Aug 15 2017 16:26:35 GMT+0800 (CST) ] time is 106
[ Tue Aug 15 2017 16:26:35 GMT+0800 (CST) ] {"err":0,"msg":"JbSYqkX4foLV5SLZ3AbBWDV617s999cHNA"}
[ Tue Aug 15 2017 16:26:35 GMT+0800 (CST) ] time is 105
[ Tue Aug 15 2017 16:26:35 GMT+0800 (CST) ] {"err":0,"msg":"JUpjfr2chFeSwZ1Fd8mEfdFKMAWctxWouE"}
[ Tue Aug 15 2017 16:26:35 GMT+0800 (CST) ] time is 106
[ Tue Aug 15 2017 16:26:35 GMT+0800 (CST) ] {"err":0,"msg":"JarvMuNUsQp2fWLWsxjHWfegf3gPWo6YKL"}
[ Tue Aug 15 2017 16:26:35 GMT+0800 (CST) ] time is 106
[ Tue Aug 15 2017 16:26:35 GMT+0800 (CST) ] {"err":0,"msg":"Ja5LWZUrM1zqeqbX62rXvErBifG9bBc9QK"}
[ Tue Aug 15 2017 16:26:35 GMT+0800 (CST) ] time is 107
[ Tue Aug 15 2017 16:26:35 GMT+0800 (CST) ] {"err":0,"msg":"JWgcECdU2ynGR5nQ3eL6CuqWUWLnvYVTZX"}
[ Tue Aug 15 2017 16:26:35 GMT+0800 (CST) ] time is 106
[ Tue Aug 15 2017 16:26:35 GMT+0800 (CST) ] {"err":0,"msg":"JSYP3h1wxrZKgJgnj4ywr4KjpnRoUkcPYc"}
[ Tue Aug 15 2017 16:26:35 GMT+0800 (CST) ] time is 107
[ Tue Aug 15 2017 16:26:35 GMT+0800 (CST) ] {"err":0,"msg":"JTVgd6gsanPvotEWwykAcFzduwdkogRBCt"}
[ Tue Aug 15 2017 16:26:35 GMT+0800 (CST) ] time is 107
[ Tue Aug 15 2017 16:26:35 GMT+0800 (CST) ] {"err":0,"msg":"Jc7p46CYGi7Si6ifyZA6JY9nqSL7eAR8aW"}
[ Tue Aug 15 2017 16:26:35 GMT+0800 (CST) ] time is 108
[ Tue Aug 15 2017 16:26:35 GMT+0800 (CST) ] {"err":0,"msg":"JQFBvBiQJBSqUek46RrKYSjLPUNwSD1aFQ"}
[ Tue Aug 15 2017 16:26:35 GMT+0800 (CST) ] time is 107
[ Tue Aug 15 2017 16:26:35 GMT+0800 (CST) ] {"err":0,"msg":"JP3EvzoJekjVZpjpDHp6e6t4sEgpquCyVZ"}
[ Tue Aug 15 2017 16:26:35 GMT+0800 (CST) ] time is 108
[ Tue Aug 15 2017 16:26:35 GMT+0800 (CST) ] {"err":0,"msg":"JSTssMy61NHeFQe5E1zFwa6yf7M1Rzgac4"}
[ Tue Aug 15 2017 16:26:35 GMT+0800 (CST) ] time is 108
[ Tue Aug 15 2017 16:26:35 GMT+0800 (CST) ] {"err":0,"msg":"JdKg5FMhiQcqiAfG2w8ZEDX9p6DmyKnPRj"}
[ Tue Aug 15 2017 16:26:35 GMT+0800 (CST) ] time is 109
[ Tue Aug 15 2017 16:26:35 GMT+0800 (CST) ] {"err":0,"msg":"JbDcPYKWgV9bPzMpaFnYSovKvTcGL6B9uV"}
[ Tue Aug 15 2017 16:26:35 GMT+0800 (CST) ] time is 108
[ Tue Aug 15 2017 16:26:35 GMT+0800 (CST) ] {"err":0,"msg":"JSmrVQJ3Gcgv5MJ28tPUxVC79bNH7WVvE6"}
[ Tue Aug 15 2017 16:26:35 GMT+0800 (CST) ] time is 109
[ Tue Aug 15 2017 16:26:35 GMT+0800 (CST) ] {"err":0,"msg":"JaBruwyGbPpQV6cLsbAXbkQ3cR7RrC2jVW"}
[ Tue Aug 15 2017 16:26:36 GMT+0800 (CST) ] time is 109
[ Tue Aug 15 2017 16:26:36 GMT+0800 (CST) ] {"err":0,"msg":"JWGsbGnxCKA76QKwJgKJvEUJwmwmUsnVfY"}
[ Tue Aug 15 2017 16:26:36 GMT+0800 (CST) ] time is 110
[ Tue Aug 15 2017 16:26:36 GMT+0800 (CST) ] {"err":0,"msg":"JYt1YZ5dNQTdFWstngpDmTo1kR8nS7772X"}
[ Tue Aug 15 2017 16:26:36 GMT+0800 (CST) ] time is 109
[ Tue Aug 15 2017 16:26:36 GMT+0800 (CST) ] {"err":0,"msg":"JgR3i7yDWNF2cqHyMYkt68NS8XF36U4i4t"}
[ Tue Aug 15 2017 16:26:36 GMT+0800 (CST) ] time is 110
[ Tue Aug 15 2017 16:26:36 GMT+0800 (CST) ] {"err":0,"msg":"JLr4FVxGeMWdjW5b6PxfUeVzcwo8YNB2zW"}
[ Tue Aug 15 2017 16:26:36 GMT+0800 (CST) ] time is 110
[ Tue Aug 15 2017 16:26:36 GMT+0800 (CST) ] {"err":0,"msg":"JeRSYJK4JJtu1PJfTgJNTwfTvWYUL5kVba"}
[ Tue Aug 15 2017 16:26:36 GMT+0800 (CST) ] time is 111
[ Tue Aug 15 2017 16:26:36 GMT+0800 (CST) ] {"err":0,"msg":"Je2JQgY8Nvfv6jnEzs1n6SDzTQTTisdJsX"}
[ Tue Aug 15 2017 16:26:36 GMT+0800 (CST) ] time is 110
[ Tue Aug 15 2017 16:26:36 GMT+0800 (CST) ] {"err":0,"msg":"JTmnK2GTPZRCTJTq2xVASgDd4g1x8CkpFn"}
[ Tue Aug 15 2017 16:26:36 GMT+0800 (CST) ] time is 111
[ Tue Aug 15 2017 16:26:36 GMT+0800 (CST) ] {"err":0,"msg":"JY38cDK1KBk3sRjeFvTnx6Kt77KA4QTvcg"}
[ Tue Aug 15 2017 16:26:36 GMT+0800 (CST) ] time is 111
[ Tue Aug 15 2017 16:26:36 GMT+0800 (CST) ] {"err":0,"msg":"JP8xqBZmLw6F1HYt8jwtXCiztktvHyM4A2"}
[ Tue Aug 15 2017 16:26:36 GMT+0800 (CST) ] time is 112
[ Tue Aug 15 2017 16:26:36 GMT+0800 (CST) ] {"err":0,"msg":"JQ5bR43wwaaajPrTWQoiULayJCiHYfQD4L"}
[ Tue Aug 15 2017 16:26:36 GMT+0800 (CST) ] time is 111
[ Tue Aug 15 2017 16:26:36 GMT+0800 (CST) ] {"err":0,"msg":"JYp48tFJYWvFkPEzwgzyhHhpi8d2atY5t9"}
[ Tue Aug 15 2017 16:26:36 GMT+0800 (CST) ] time is 112
[ Tue Aug 15 2017 16:26:36 GMT+0800 (CST) ] {"err":0,"msg":"JVbDRmRfpNgYaTP9ob4amjmuEhw6hH9S31"}
[ Tue Aug 15 2017 16:26:36 GMT+0800 (CST) ] time is 112
[ Tue Aug 15 2017 16:26:36 GMT+0800 (CST) ] {"err":0,"msg":"JXYwDDaH5uXAKbnfBRuwKjXVj2TRbGehG9"}
[ Tue Aug 15 2017 16:26:36 GMT+0800 (CST) ] time is 113
[ Tue Aug 15 2017 16:26:36 GMT+0800 (CST) ] {"err":0,"msg":"JNTBYgHyG1DeUARJN9G8SMSTqxkwWMXGZG"}
[ Tue Aug 15 2017 16:26:36 GMT+0800 (CST) ] time is 112
[ Tue Aug 15 2017 16:26:36 GMT+0800 (CST) ] {"err":0,"msg":"JeSdCaezdRMLxtybVHHcupWuoXYobnS7yg"}
[ Tue Aug 15 2017 16:26:36 GMT+0800 (CST) ] time is 113
[ Tue Aug 15 2017 16:26:36 GMT+0800 (CST) ] {"err":0,"msg":"JMrAZNBxn4BwWM4yXPvp1MyKgVe3FHneTj"}
[ Tue Aug 15 2017 16:26:36 GMT+0800 (CST) ] time is 113
[ Tue Aug 15 2017 16:26:36 GMT+0800 (CST) ] {"err":0,"msg":"Jfi4mTpZn47tKHALuLaQVezrxujPEHa4GY"}
[ Tue Aug 15 2017 16:26:36 GMT+0800 (CST) ] time is 114
[ Tue Aug 15 2017 16:26:36 GMT+0800 (CST) ] {"err":0,"msg":"JNQATdBvmXBrmBWGnzmDTidDPnxDeScEQp"}
[ Tue Aug 15 2017 16:26:36 GMT+0800 (CST) ] {"err":0,"msg":"JVMB8mz2KLngG7bjfESagqNGtnGPB6Ec6T"}
[ Tue Aug 15 2017 16:26:36 GMT+0800 (CST) ] time is 113
[ Tue Aug 15 2017 16:26:36 GMT+0800 (CST) ] time is 114
[ Tue Aug 15 2017 16:26:36 GMT+0800 (CST) ] {"err":0,"msg":"JKBHDh9ShQiMousznih2wZ4sLeyLGPKXdX"}
[ Tue Aug 15 2017 16:26:36 GMT+0800 (CST) ] time is 114
[ Tue Aug 15 2017 16:26:36 GMT+0800 (CST) ] {"err":0,"msg":"JPmYjBQEQzbh3Wtki5jDzGtaPjUgmQ5L4Q"}
[ Tue Aug 15 2017 16:26:36 GMT+0800 (CST) ] time is 115
[ Tue Aug 15 2017 16:26:36 GMT+0800 (CST) ] {"err":0,"msg":"JcBaENJ9sTSLP7GawtFaJfcZJ6MH1LJ68t"}
[ Tue Aug 15 2017 16:26:36 GMT+0800 (CST) ] time is 114
[ Tue Aug 15 2017 16:26:36 GMT+0800 (CST) ] {"err":0,"msg":"Jb8fY5bky2dA1cjzEoxNBB82EGNoS4Xr5C"}
[ Tue Aug 15 2017 16:26:36 GMT+0800 (CST) ] time is 115
[ Tue Aug 15 2017 16:26:36 GMT+0800 (CST) ] {"err":0,"msg":"JXhxGxBSgWVHhmr8nNAYkK1zoNyJzyi6BE"}
[ Tue Aug 15 2017 16:26:36 GMT+0800 (CST) ] time is 115
[ Tue Aug 15 2017 16:26:36 GMT+0800 (CST) ] {"err":0,"msg":"JgjRjANxJGDvaNAM8axW7bjdiULq9Kcms8"}
[ Tue Aug 15 2017 16:26:36 GMT+0800 (CST) ] time is 116
[ Tue Aug 15 2017 16:26:36 GMT+0800 (CST) ] {"err":0,"msg":"JgAjzPsv7N1jJqzxgmYe6Uf7x9FUqcaZ8k"}
[ Tue Aug 15 2017 16:26:36 GMT+0800 (CST) ] time is 115
[ Tue Aug 15 2017 16:26:36 GMT+0800 (CST) ] {"err":0,"msg":"JWbtHoJ57nfrAShuo7KdDKfyD3bDEFupF6"}
[ Tue Aug 15 2017 16:26:36 GMT+0800 (CST) ] time is 116
[ Tue Aug 15 2017 16:26:36 GMT+0800 (CST) ] {"err":0,"msg":"Jaj6z9UQ63LLRoVdBkunmLg7pC6g9UbjKF"}
[ Tue Aug 15 2017 16:26:36 GMT+0800 (CST) ] time is 116
[ Tue Aug 15 2017 16:26:36 GMT+0800 (CST) ] {"err":0,"msg":"JfNHsKb6z5CBVbWgGK9EfXjq5L7nXWq31a"}
[ Tue Aug 15 2017 16:26:36 GMT+0800 (CST) ] time is 117
[ Tue Aug 15 2017 16:26:36 GMT+0800 (CST) ] {"err":0,"msg":"JhJip5nFLADymSbBErhCVZbW8VEV5MiCuC"}
[ Tue Aug 15 2017 16:26:36 GMT+0800 (CST) ] time is 116
[ Tue Aug 15 2017 16:26:36 GMT+0800 (CST) ] {"err":0,"msg":"JNa9yizwmfMbtX8ny9XMmsENc6fLDbHwCV"}
[ Tue Aug 15 2017 16:26:36 GMT+0800 (CST) ] time is 117
[ Tue Aug 15 2017 16:26:36 GMT+0800 (CST) ] {"err":0,"msg":"JePfzGjxdxVt6i15q3UaE7H5WWCNjVXq9b"}
[ Tue Aug 15 2017 16:26:36 GMT+0800 (CST) ] time is 117
[ Tue Aug 15 2017 16:26:36 GMT+0800 (CST) ] {"err":0,"msg":"JL89gKiBDVo2WLPTJkmVEKi4ffee9GH7ew"}
[ Tue Aug 15 2017 16:26:36 GMT+0800 (CST) ] time is 118
[ Tue Aug 15 2017 16:26:36 GMT+0800 (CST) ] {"err":0,"msg":"JNsjyadx1zegwXo6ScCvNSRT9hDy6vMhna"}
[ Tue Aug 15 2017 16:26:36 GMT+0800 (CST) ] time is 117
[ Tue Aug 15 2017 16:26:36 GMT+0800 (CST) ] {"err":0,"msg":"JfcXYqw4wKpuEyjmtvmHFL2vhGu15btWsq"}
[ Tue Aug 15 2017 16:26:36 GMT+0800 (CST) ] time is 118
[ Tue Aug 15 2017 16:26:36 GMT+0800 (CST) ] {"err":0,"msg":"JayLnQBJ26PUNnaUM8D7SYFFqgYy9EkHzN"}
[ Tue Aug 15 2017 16:26:36 GMT+0800 (CST) ] time is 118
[ Tue Aug 15 2017 16:26:36 GMT+0800 (CST) ] {"err":0,"msg":"JZ6MBjJBAhNa2pLirRdVdGxYN9aTP2gBvG"}
[ Tue Aug 15 2017 16:26:36 GMT+0800 (CST) ] time is 119
[ Tue Aug 15 2017 16:26:36 GMT+0800 (CST) ] {"err":0,"msg":"JQc9cMnUJkMHxtTdB4raoaEpAkVVSf9kuj"}
[ Tue Aug 15 2017 16:26:36 GMT+0800 (CST) ] time is 118
[ Tue Aug 15 2017 16:26:36 GMT+0800 (CST) ] {"err":0,"msg":"JgLvXrcucQGYUEgN6DMsxrzFif9NKinAaF"}
[ Tue Aug 15 2017 16:26:36 GMT+0800 (CST) ] time is 119
[ Tue Aug 15 2017 16:26:36 GMT+0800 (CST) ] {"err":0,"msg":"JdkwwyVBWVN7ZPPQoq5yDtzy1pHq9hiTed"}
[ Tue Aug 15 2017 16:26:36 GMT+0800 (CST) ] time is 120
[ Tue Aug 15 2017 16:26:36 GMT+0800 (CST) ] {"err":0,"msg":"JbVReQfb9GHQSggzA5kcavxYcW5MbBMaWn"}
[ Tue Aug 15 2017 16:26:36 GMT+0800 (CST) ] time is 119
[ Tue Aug 15 2017 16:26:36 GMT+0800 (CST) ] {"err":0,"msg":"JMtrkQKdCkjv1tthwpncfwW5rNkjYgo1pv"}
[ Tue Aug 15 2017 16:26:36 GMT+0800 (CST) ] time is 119
[ Tue Aug 15 2017 16:26:36 GMT+0800 (CST) ] {"err":0,"msg":"JWgxTpRCdaEXMrTbQ7483itaqkSMp5Yswp"}
[ Tue Aug 15 2017 16:26:36 GMT+0800 (CST) ] time is 120
[ Tue Aug 15 2017 16:26:36 GMT+0800 (CST) ] {"err":0,"msg":"JaeyaizA7uqg2q2uUrvyx53LQtRqtPPjRT"}
[ Tue Aug 15 2017 16:26:36 GMT+0800 (CST) ] time is 121
[ Tue Aug 15 2017 16:26:36 GMT+0800 (CST) ] {"err":0,"msg":"JKwrd5hKeSpcpknJgjfmxvZaLHt1hCncGy"}
[ Tue Aug 15 2017 16:26:36 GMT+0800 (CST) ] time is 120
[ Tue Aug 15 2017 16:26:36 GMT+0800 (CST) ] {"err":0,"msg":"JTeYzY42H8nbh6Vvtbb5udBXxg4coprSok"}
[ Tue Aug 15 2017 16:26:36 GMT+0800 (CST) ] time is 120
[ Tue Aug 15 2017 16:26:36 GMT+0800 (CST) ] {"err":0,"msg":"JJhHsKGZxc2C9Xrx7i3VS4iyPNarHo1EEx"}
[ Tue Aug 15 2017 16:26:36 GMT+0800 (CST) ] time is 121
[ Tue Aug 15 2017 16:26:36 GMT+0800 (CST) ] {"err":0,"msg":"JNqGLjmG1wYew4WDFo9JWBZqVmjnHv81Tr"}
[ Tue Aug 15 2017 16:26:36 GMT+0800 (CST) ] time is 122
[ Tue Aug 15 2017 16:26:36 GMT+0800 (CST) ] {"err":0,"msg":"JaVHZSZ8bgFFML5X3MjjSWLsVt7H9JEeeA"}
[ Tue Aug 15 2017 16:26:36 GMT+0800 (CST) ] time is 121
[ Tue Aug 15 2017 16:26:36 GMT+0800 (CST) ] {"err":0,"msg":"JLJrqW5Z5H7yK2uDsAyV6HiA3JAvRnUs2f"}
[ Tue Aug 15 2017 16:26:36 GMT+0800 (CST) ] time is 121
[ Tue Aug 15 2017 16:26:36 GMT+0800 (CST) ] {"err":0,"msg":"JLZp218W3XyJqF3Aak854q4z99RbV5tfGm"}
[ Tue Aug 15 2017 16:26:36 GMT+0800 (CST) ] time is 122
[ Tue Aug 15 2017 16:26:36 GMT+0800 (CST) ] {"err":0,"msg":"JLK92owUw1fSftQh6yPVKhk8S5pYMpXceK"}
[ Tue Aug 15 2017 16:26:36 GMT+0800 (CST) ] time is 123
[ Tue Aug 15 2017 16:26:36 GMT+0800 (CST) ] {"err":0,"msg":"JLiF245wM78k4DCCqSPeCExPSXj9XBPdFw"}
[ Tue Aug 15 2017 16:26:36 GMT+0800 (CST) ] time is 122
[ Tue Aug 15 2017 16:26:36 GMT+0800 (CST) ] {"err":0,"msg":"JY7sXhX7cpmdDYiPxYR5ZRsYyhdkhHei4B"}
[ Tue Aug 15 2017 16:26:36 GMT+0800 (CST) ] time is 122
[ Tue Aug 15 2017 16:26:36 GMT+0800 (CST) ] {"err":0,"msg":"JMWqRv4Rq4ZYAD6JTSMwRGan59ymqwgv1A"}
[ Tue Aug 15 2017 16:26:36 GMT+0800 (CST) ] time is 123
[ Tue Aug 15 2017 16:26:36 GMT+0800 (CST) ] {"err":0,"msg":"Jfo4gUzhZvYf25x82kDA7JKb9YqNefb2JP"}
[ Tue Aug 15 2017 16:26:36 GMT+0800 (CST) ] time is 124
[ Tue Aug 15 2017 16:26:36 GMT+0800 (CST) ] {"err":0,"msg":"JY2hDt8afHoepLohm2ygJnUinT9itZWvuF"}
[ Tue Aug 15 2017 16:26:36 GMT+0800 (CST) ] time is 123
[ Tue Aug 15 2017 16:26:36 GMT+0800 (CST) ] {"err":0,"msg":"JNK9VEeEztaPLboZbKWMsfGoJL83FUp4oM"}
[ Tue Aug 15 2017 16:26:36 GMT+0800 (CST) ] time is 123
[ Tue Aug 15 2017 16:26:36 GMT+0800 (CST) ] {"err":0,"msg":"JJZKRyDYVgZUSuoqvcJQaqb1ufgwWkRieJ"}
[ Tue Aug 15 2017 16:26:36 GMT+0800 (CST) ] time is 124
[ Tue Aug 15 2017 16:26:36 GMT+0800 (CST) ] {"err":0,"msg":"JgmrYzt55vY1BHwa2eSCEs5v2Z6rPbhm1B"}
[ Tue Aug 15 2017 16:26:36 GMT+0800 (CST) ] time is 125
[ Tue Aug 15 2017 16:26:36 GMT+0800 (CST) ] {"err":0,"msg":"JY4645sUJQ9vNfp9iuhj4JUgbmAxBKaK3E"}
[ Tue Aug 15 2017 16:26:36 GMT+0800 (CST) ] time is 124
[ Tue Aug 15 2017 16:26:36 GMT+0800 (CST) ] {"err":0,"msg":"JdXA9JjZKwX9RjboSbqcWZ1EaX291PQKzQ"}
[ Tue Aug 15 2017 16:26:36 GMT+0800 (CST) ] time is 124
[ Tue Aug 15 2017 16:26:36 GMT+0800 (CST) ] {"err":0,"msg":"JUX24fLbG4ttQwQvyJ9PZ54yV5xcTtUyvS"}
[ Tue Aug 15 2017 16:26:36 GMT+0800 (CST) ] {"err":0,"msg":"JZ3gYNf7jApgQuBkyHTiE4tXXSQy5yWVko"}
[ Tue Aug 15 2017 16:26:36 GMT+0800 (CST) ] time is 125
[ Tue Aug 15 2017 16:26:36 GMT+0800 (CST) ] time is 126
[ Tue Aug 15 2017 16:26:36 GMT+0800 (CST) ] {"err":0,"msg":"JK7m5GeNdDqid17WyaKXu3Tdktrc5qMzVp"}
[ Tue Aug 15 2017 16:26:36 GMT+0800 (CST) ] time is 125
[ Tue Aug 15 2017 16:26:36 GMT+0800 (CST) ] {"err":0,"msg":"JMqdLUzEi2MPAXgWrHtba8XvcbYqM93nr8"}
[ Tue Aug 15 2017 16:26:36 GMT+0800 (CST) ] time is 125
[ Tue Aug 15 2017 16:26:36 GMT+0800 (CST) ] {"err":0,"msg":"JQc6GLmBSP25JigKZNPjMz27JvFmG9PcmE"}
[ Tue Aug 15 2017 16:26:36 GMT+0800 (CST) ] time is 126
[ Tue Aug 15 2017 16:26:36 GMT+0800 (CST) ] {"err":0,"msg":"JgbaY9u9X5tAnDGwCrHKD2usGgQz4xibGN"}
[ Tue Aug 15 2017 16:26:36 GMT+0800 (CST) ] time is 127
[ Tue Aug 15 2017 16:26:36 GMT+0800 (CST) ] {"err":0,"msg":"JLBfG8rqGasnbG12ggerx5vo2GxH8JhSYX"}
[ Tue Aug 15 2017 16:26:36 GMT+0800 (CST) ] time is 126
[ Tue Aug 15 2017 16:26:36 GMT+0800 (CST) ] {"err":0,"msg":"JSs51sTXFri8o6arNB8uc99rNV2owptm1V"}
[ Tue Aug 15 2017 16:26:36 GMT+0800 (CST) ] time is 126
[ Tue Aug 15 2017 16:26:36 GMT+0800 (CST) ] {"err":0,"msg":"JQSBYFGsbMChZAvgwJ81mNm76tFFohyAwG"}
[ Tue Aug 15 2017 16:26:36 GMT+0800 (CST) ] time is 127
[ Tue Aug 15 2017 16:26:36 GMT+0800 (CST) ] {"err":0,"msg":"JRE15UW6Dp3AEbXfLS1sbePfcy9DtfjHKv"}
[ Tue Aug 15 2017 16:26:36 GMT+0800 (CST) ] time is 128
[ Tue Aug 15 2017 16:26:36 GMT+0800 (CST) ] {"err":0,"msg":"JRtr8y1hsmzZeZsW1NikNk4HHTmdBPp8g6"}
[ Tue Aug 15 2017 16:26:36 GMT+0800 (CST) ] time is 127
[ Tue Aug 15 2017 16:26:36 GMT+0800 (CST) ] {"err":0,"msg":"JSAUFuakoM2eD9urTrqDxKAXmzfsum3YgJ"}
[ Tue Aug 15 2017 16:26:36 GMT+0800 (CST) ] time is 127
[ Tue Aug 15 2017 16:26:36 GMT+0800 (CST) ] {"err":0,"msg":"JbhY9r5ruPQ6f4yAMqNS94QYQ7bhtMUKRS"}
[ Tue Aug 15 2017 16:26:36 GMT+0800 (CST) ] time is 128
[ Tue Aug 15 2017 16:26:36 GMT+0800 (CST) ] {"err":0,"msg":"JhNypVLSQpUZxeZSmPSaMWmEeFrJ3jhwKo"}
[ Tue Aug 15 2017 16:26:36 GMT+0800 (CST) ] time is 129
[ Tue Aug 15 2017 16:26:36 GMT+0800 (CST) ] {"err":0,"msg":"JUkLxBLAQmcDt2qFtM9uyk4p1uYAnyJi3f"}
[ Tue Aug 15 2017 16:26:36 GMT+0800 (CST) ] time is 128
[ Tue Aug 15 2017 16:26:36 GMT+0800 (CST) ] {"err":0,"msg":"JMfSzNUfK8VdizjUL2jqjbZJ6HZosSMSFw"}
[ Tue Aug 15 2017 16:26:36 GMT+0800 (CST) ] time is 128
[ Tue Aug 15 2017 16:26:36 GMT+0800 (CST) ] {"err":0,"msg":"JR3d5k8G53yPrjsVBspBgxioreNeqEjLLL"}
[ Tue Aug 15 2017 16:26:37 GMT+0800 (CST) ] time is 129
[ Tue Aug 15 2017 16:26:37 GMT+0800 (CST) ] {"err":0,"msg":"JexngDmH2MoFRUcLFadptVpJVtk2hgSTLG"}
[ Tue Aug 15 2017 16:26:37 GMT+0800 (CST) ] time is 130
[ Tue Aug 15 2017 16:26:37 GMT+0800 (CST) ] {"err":0,"msg":"JSvWd5dVEoHENa9qdkrkE9kdZoDgjz6bti"}
[ Tue Aug 15 2017 16:26:37 GMT+0800 (CST) ] time is 129
[ Tue Aug 15 2017 16:26:37 GMT+0800 (CST) ] {"err":0,"msg":"JgNHWHVgiL75Q7KAvQfmUDy6psAGbxTkgp"}
[ Tue Aug 15 2017 16:26:37 GMT+0800 (CST) ] time is 129
[ Tue Aug 15 2017 16:26:37 GMT+0800 (CST) ] {"err":0,"msg":"JXRFvXMaveY1mDVbGL1mtH72Y8nrxFXRVR"}
[ Tue Aug 15 2017 16:26:37 GMT+0800 (CST) ] time is 130
[ Tue Aug 15 2017 16:26:37 GMT+0800 (CST) ] {"err":0,"msg":"JeZF3Rj5r22coZZg7b7uWgZtQDb84fdAZm"}
[ Tue Aug 15 2017 16:26:37 GMT+0800 (CST) ] time is 131
[ Tue Aug 15 2017 16:26:37 GMT+0800 (CST) ] {"err":0,"msg":"JbSrLLVdVjzC1mkXoKUoyJUmJ4jrX5uD98"}
[ Tue Aug 15 2017 16:26:37 GMT+0800 (CST) ] time is 130
[ Tue Aug 15 2017 16:26:37 GMT+0800 (CST) ] {"err":0,"msg":"Jdh9TR6LxHxLG2AfAotAf8MKDWGRmse2gH"}
[ Tue Aug 15 2017 16:26:37 GMT+0800 (CST) ] time is 130
[ Tue Aug 15 2017 16:26:37 GMT+0800 (CST) ] {"err":0,"msg":"JRwN9v7wb9xb7zR9Nd3YRReDMKeUKQnBfP"}
[ Tue Aug 15 2017 16:26:37 GMT+0800 (CST) ] time is 131
[ Tue Aug 15 2017 16:26:37 GMT+0800 (CST) ] {"err":0,"msg":"JfrAXrV9sbC6Qv7S3NF5q78pGEHEW7HJUh"}
[ Tue Aug 15 2017 16:26:37 GMT+0800 (CST) ] time is 132
[ Tue Aug 15 2017 16:26:37 GMT+0800 (CST) ] {"err":0,"msg":"JbAK63jRBJrUBpmthu4CNdULndW5Ruri7C"}
[ Tue Aug 15 2017 16:26:37 GMT+0800 (CST) ] time is 131
[ Tue Aug 15 2017 16:26:37 GMT+0800 (CST) ] {"err":0,"msg":"JSLA1fmoq19Bf9pVSJ7mD8C65v11qUpJ3s"}
[ Tue Aug 15 2017 16:26:37 GMT+0800 (CST) ] time is 131
[ Tue Aug 15 2017 16:26:37 GMT+0800 (CST) ] {"err":0,"msg":"JUo44GRC1LRFXvdmYAdHgUVyfXpksAxk5G"}
[ Tue Aug 15 2017 16:26:37 GMT+0800 (CST) ] time is 132
[ Tue Aug 15 2017 16:26:37 GMT+0800 (CST) ] {"err":0,"msg":"JXxnH2EiH7Ryga6rWviBJP7CAx5jT1Rg5F"}
[ Tue Aug 15 2017 16:26:37 GMT+0800 (CST) ] time is 133
[ Tue Aug 15 2017 16:26:37 GMT+0800 (CST) ] {"err":0,"msg":"JWf4TabzpJHokoWiNueTLhhVSb8eEppiSW"}
[ Tue Aug 15 2017 16:26:37 GMT+0800 (CST) ] time is 132
[ Tue Aug 15 2017 16:26:37 GMT+0800 (CST) ] {"err":0,"msg":"JQnhcJBpqV8DgKB11P4FjwSeGtqiqCFbb1"}
[ Tue Aug 15 2017 16:26:37 GMT+0800 (CST) ] time is 132
[ Tue Aug 15 2017 16:26:37 GMT+0800 (CST) ] {"err":0,"msg":"JKod12yX9Ne4ZhaG3N2Lh1F47L2dWSRXwd"}
[ Tue Aug 15 2017 16:26:37 GMT+0800 (CST) ] time is 133
[ Tue Aug 15 2017 16:26:37 GMT+0800 (CST) ] {"err":0,"msg":"JepxFWbn76sbVh2A6manNpT4o3p7fHgLhc"}
[ Tue Aug 15 2017 16:26:37 GMT+0800 (CST) ] time is 134
[ Tue Aug 15 2017 16:26:37 GMT+0800 (CST) ] {"err":0,"msg":"JXhvoVms7udsDVbCLKTdcpRtQ3MnymSnCc"}
[ Tue Aug 15 2017 16:26:37 GMT+0800 (CST) ] time is 133
[ Tue Aug 15 2017 16:26:37 GMT+0800 (CST) ] {"err":0,"msg":"Jd4rxpmBKSmoSdMtaqfJqDMAkF8vJFEkJA"}
[ Tue Aug 15 2017 16:26:37 GMT+0800 (CST) ] time is 133
[ Tue Aug 15 2017 16:26:37 GMT+0800 (CST) ] {"err":0,"msg":"JbDtTyp1UGb8v8uvrJzrJsxuZkjknZ8omy"}
[ Tue Aug 15 2017 16:26:37 GMT+0800 (CST) ] {"err":0,"msg":"JU5Mw9JaGDhGwZP2Vza8vxd8HDPZZx9KRE"}
[ Tue Aug 15 2017 16:26:37 GMT+0800 (CST) ] time is 134
[ Tue Aug 15 2017 16:26:37 GMT+0800 (CST) ] time is 135
[ Tue Aug 15 2017 16:26:37 GMT+0800 (CST) ] {"err":0,"msg":"JRMawrUp5BCsHwuTVfWJLEbmicJdmsvitQ"}
[ Tue Aug 15 2017 16:26:37 GMT+0800 (CST) ] time is 134
[ Tue Aug 15 2017 16:26:37 GMT+0800 (CST) ] {"err":0,"msg":"JPkzsJPeqh3NBNDcNVWCYSwGJiXBKwwT6X"}
[ Tue Aug 15 2017 16:26:37 GMT+0800 (CST) ] time is 134
[ Tue Aug 15 2017 16:26:37 GMT+0800 (CST) ] {"err":0,"msg":"JV74cJ3KxtLWw27nBMEgLQr7TgsVoYjCjv"}
[ Tue Aug 15 2017 16:26:37 GMT+0800 (CST) ] time is 135
[ Tue Aug 15 2017 16:26:37 GMT+0800 (CST) ] {"err":0,"msg":"JduSV5bitmZdCVt1bNYhwNCENu1iZ5xwoZ"}
[ Tue Aug 15 2017 16:26:37 GMT+0800 (CST) ] time is 136
[ Tue Aug 15 2017 16:26:37 GMT+0800 (CST) ] {"err":0,"msg":"JPv1eZXtq34sG6TYeE9PAMqgoAxpeuGqv3"}
[ Tue Aug 15 2017 16:26:37 GMT+0800 (CST) ] time is 135
[ Tue Aug 15 2017 16:26:37 GMT+0800 (CST) ] {"err":0,"msg":"Jd4MWDxJyTZfpmHFEwvq8D3Zn8U3bEbb7x"}
[ Tue Aug 15 2017 16:26:37 GMT+0800 (CST) ] time is 135
[ Tue Aug 15 2017 16:26:37 GMT+0800 (CST) ] {"err":0,"msg":"JXY8pqzMGxwnnV6UTAF9xqaiDBU79fwPhb"}
[ Tue Aug 15 2017 16:26:37 GMT+0800 (CST) ] time is 136
[ Tue Aug 15 2017 16:26:37 GMT+0800 (CST) ] {"err":0,"msg":"JcAae3zWFppGsr35yDutp7FJDHNqat6M7x"}
[ Tue Aug 15 2017 16:26:37 GMT+0800 (CST) ] time is 137
[ Tue Aug 15 2017 16:26:37 GMT+0800 (CST) ] {"err":0,"msg":"JRowUiSMKerf5jEZAmnMeVHXMQxENDxD9n"}
[ Tue Aug 15 2017 16:26:37 GMT+0800 (CST) ] time is 136
[ Tue Aug 15 2017 16:26:37 GMT+0800 (CST) ] {"err":0,"msg":"JLR9XWR636ywVNVnyxrz7DeU8b3N4ahubB"}
[ Tue Aug 15 2017 16:26:37 GMT+0800 (CST) ] time is 136
[ Tue Aug 15 2017 16:26:37 GMT+0800 (CST) ] {"err":0,"msg":"JW9yYjzG9hZKats7gS8BTz5mQAhS3bs9z3"}
[ Tue Aug 15 2017 16:26:37 GMT+0800 (CST) ] time is 137
[ Tue Aug 15 2017 16:26:37 GMT+0800 (CST) ] {"err":0,"msg":"Jezw6LxdiQbADT8ZTS9vozJPB9F5PvRaBJ"}
[ Tue Aug 15 2017 16:26:37 GMT+0800 (CST) ] time is 138
[ Tue Aug 15 2017 16:26:37 GMT+0800 (CST) ] {"err":0,"msg":"JZj3ueS5sBUFbrd1miRCyvFGQ7tk6r3nZi"}
[ Tue Aug 15 2017 16:26:37 GMT+0800 (CST) ] time is 137
[ Tue Aug 15 2017 16:26:37 GMT+0800 (CST) ] {"err":0,"msg":"JM7wNweBEzdezypQeviaggJF1bDLP3VfHu"}
[ Tue Aug 15 2017 16:26:37 GMT+0800 (CST) ] time is 137
[ Tue Aug 15 2017 16:26:37 GMT+0800 (CST) ] {"err":0,"msg":"Jg7fz8vPpMkZjBJmqkRKCUCDPkqpAviWXc"}
[ Tue Aug 15 2017 16:26:37 GMT+0800 (CST) ] time is 138
[ Tue Aug 15 2017 16:26:37 GMT+0800 (CST) ] {"err":0,"msg":"JQdnFjAmrB3v4cKwDp3PbpU1aLika8mRAu"}
[ Tue Aug 15 2017 16:26:37 GMT+0800 (CST) ] time is 139
[ Tue Aug 15 2017 16:26:37 GMT+0800 (CST) ] {"err":0,"msg":"JKQ4qqV4oQKPFaNxk3WxwZqhsAYWuUD46h"}
[ Tue Aug 15 2017 16:26:37 GMT+0800 (CST) ] time is 138
[ Tue Aug 15 2017 16:26:37 GMT+0800 (CST) ] {"err":0,"msg":"JXNdvyeT6JSywxtbsbKpvDaEYXkeXywi4H"}
[ Tue Aug 15 2017 16:26:37 GMT+0800 (CST) ] time is 138
[ Tue Aug 15 2017 16:26:37 GMT+0800 (CST) ] {"err":0,"msg":"JUCUvKCaZbT9hZw5DECMSX31AaB91EswZN"}
[ Tue Aug 15 2017 16:26:37 GMT+0800 (CST) ] time is 139
[ Tue Aug 15 2017 16:26:37 GMT+0800 (CST) ] {"err":0,"msg":"JSUCvJw7D1geMQVTpk96komyAu9ThWi4en"}
[ Tue Aug 15 2017 16:26:37 GMT+0800 (CST) ] time is 140
[ Tue Aug 15 2017 16:26:37 GMT+0800 (CST) ] {"err":0,"msg":"JgfCmFGNciYXUG4NfUVEU8UrnuooCy5k8A"}
[ Tue Aug 15 2017 16:26:37 GMT+0800 (CST) ] time is 139
[ Tue Aug 15 2017 16:26:37 GMT+0800 (CST) ] {"err":0,"msg":"JKpwboeqCxLnpJ2BrjBL2Z81T46mb7Jr6a"}
[ Tue Aug 15 2017 16:26:37 GMT+0800 (CST) ] time is 139
[ Tue Aug 15 2017 16:26:37 GMT+0800 (CST) ] {"err":0,"msg":"Jfds7ote8eDMHnmYybnYAuHL8xXSYEY8Mq"}
[ Tue Aug 15 2017 16:26:37 GMT+0800 (CST) ] time is 140
[ Tue Aug 15 2017 16:26:37 GMT+0800 (CST) ] {"err":0,"msg":"JQ9aiEG9Dt4KFx1YoxTwVPnFkbY1S6xVfS"}
[ Tue Aug 15 2017 16:26:37 GMT+0800 (CST) ] time is 141
[ Tue Aug 15 2017 16:26:37 GMT+0800 (CST) ] {"err":0,"msg":"JU89MmV3ox61z1xgbMspc4dSko5tc9Bynb"}
[ Tue Aug 15 2017 16:26:37 GMT+0800 (CST) ] time is 140
[ Tue Aug 15 2017 16:26:37 GMT+0800 (CST) ] {"err":0,"msg":"JgnZKTdJPRJTQKnF9s8bDjCxt8K4vhCRWo"}
[ Tue Aug 15 2017 16:26:37 GMT+0800 (CST) ] time is 140
[ Tue Aug 15 2017 16:26:37 GMT+0800 (CST) ] {"err":0,"msg":"JUjWjNwD66JCySUxeFASAR4s9tpnDQUQTg"}
[ Tue Aug 15 2017 16:26:37 GMT+0800 (CST) ] time is 141
[ Tue Aug 15 2017 16:26:37 GMT+0800 (CST) ] {"err":0,"msg":"JJcAocKuAxfXEMdB9CB5x1NvrVurqsre26"}
[ Tue Aug 15 2017 16:26:37 GMT+0800 (CST) ] time is 142
[ Tue Aug 15 2017 16:26:37 GMT+0800 (CST) ] {"err":0,"msg":"JJr5nGVPiFJPRdoWmy1YzB3QkxNMAiLVre"}
[ Tue Aug 15 2017 16:26:37 GMT+0800 (CST) ] time is 141
[ Tue Aug 15 2017 16:26:37 GMT+0800 (CST) ] {"err":0,"msg":"JWSW1Zus2Mz32KkPBjGtwHJc1FWAMMmiK1"}
[ Tue Aug 15 2017 16:26:37 GMT+0800 (CST) ] time is 141
[ Tue Aug 15 2017 16:26:37 GMT+0800 (CST) ] {"err":0,"msg":"Jf4hM9VbeSHYbzbWfrLtcc1DdV2DLdZDm4"}
[ Tue Aug 15 2017 16:26:37 GMT+0800 (CST) ] time is 142
[ Tue Aug 15 2017 16:26:37 GMT+0800 (CST) ] {"err":0,"msg":"JZGJUujcUKoM3kuVwT3jB8FJXmBNSKDoow"}
[ Tue Aug 15 2017 16:26:37 GMT+0800 (CST) ] time is 143
[ Tue Aug 15 2017 16:26:37 GMT+0800 (CST) ] {"err":0,"msg":"JdUmbGs4gkeHPRp55sBDvoFNS4Q9r2bp3v"}
[ Tue Aug 15 2017 16:26:37 GMT+0800 (CST) ] time is 142
[ Tue Aug 15 2017 16:26:37 GMT+0800 (CST) ] {"err":0,"msg":"JaB2jUjWuKVVMVMJ6JuTPieDwjm3vytrui"}
[ Tue Aug 15 2017 16:26:37 GMT+0800 (CST) ] time is 142
[ Tue Aug 15 2017 16:26:37 GMT+0800 (CST) ] {"err":0,"msg":"JbyAkFQTZoZZbqx4kiQXoSm8CTaUUD48gu"}
[ Tue Aug 15 2017 16:26:37 GMT+0800 (CST) ] time is 143
[ Tue Aug 15 2017 16:26:37 GMT+0800 (CST) ] {"err":0,"msg":"JTjRgnnSZMdst8UR2C7bfqzpJDa43qZ3pe"}
[ Tue Aug 15 2017 16:26:37 GMT+0800 (CST) ] time is 144
[ Tue Aug 15 2017 16:26:37 GMT+0800 (CST) ] {"err":0,"msg":"JZ3ddpTQh84SgFW7nKHLURSgeY8xkAihFG"}
[ Tue Aug 15 2017 16:26:37 GMT+0800 (CST) ] {"err":0,"msg":"JgHryjaXA5RdeaPot2X9J6LKba7Dor9Jgf"}
[ Tue Aug 15 2017 16:26:37 GMT+0800 (CST) ] time is 143
[ Tue Aug 15 2017 16:26:37 GMT+0800 (CST) ] time is 143
[ Tue Aug 15 2017 16:26:37 GMT+0800 (CST) ] {"err":0,"msg":"JV927dpp1TTDiue4N5VPbUvwqYJK9RxjmQ"}
[ Tue Aug 15 2017 16:26:37 GMT+0800 (CST) ] time is 144
[ Tue Aug 15 2017 16:26:37 GMT+0800 (CST) ] {"err":0,"msg":"JYvnC8qZQWJHQFMMXsNM24xuqxoEDf1hfD"}
[ Tue Aug 15 2017 16:26:37 GMT+0800 (CST) ] time is 145
[ Tue Aug 15 2017 16:26:37 GMT+0800 (CST) ] {"err":0,"msg":"JN5YZFmE7PNiqPrAcvbCMMbavqEmLmreFq"}
[ Tue Aug 15 2017 16:26:37 GMT+0800 (CST) ] time is 144
[ Tue Aug 15 2017 16:26:37 GMT+0800 (CST) ] {"err":0,"msg":"Je7ZqKbmoj76JLRiNs9awZx2B4qzAqsxxD"}
[ Tue Aug 15 2017 16:26:37 GMT+0800 (CST) ] time is 144
[ Tue Aug 15 2017 16:26:37 GMT+0800 (CST) ] {"err":0,"msg":"JbAN7AXfh1m1Tzf6RYue7YEZCjf9zQeQYE"}
[ Tue Aug 15 2017 16:26:37 GMT+0800 (CST) ] time is 145
[ Tue Aug 15 2017 16:26:37 GMT+0800 (CST) ] {"err":0,"msg":"JaoiauNLjCq5c6syFbChXqdrbo3odJ2oXx"}
[ Tue Aug 15 2017 16:26:37 GMT+0800 (CST) ] time is 146
[ Tue Aug 15 2017 16:26:37 GMT+0800 (CST) ] {"err":0,"msg":"JQFyFhmiraLSvC3SdsCqdFq2jwpDkPLUqw"}
[ Tue Aug 15 2017 16:26:37 GMT+0800 (CST) ] time is 145
[ Tue Aug 15 2017 16:26:37 GMT+0800 (CST) ] {"err":0,"msg":"JNDpLytCibsrwPHBtVbrp22sqLRNTciBgj"}
[ Tue Aug 15 2017 16:26:37 GMT+0800 (CST) ] time is 145
[ Tue Aug 15 2017 16:26:37 GMT+0800 (CST) ] {"err":0,"msg":"JKDu5payebUW4pjSCFa8ypVjPxKFtL5Ei1"}
[ Tue Aug 15 2017 16:26:37 GMT+0800 (CST) ] time is 146
[ Tue Aug 15 2017 16:26:37 GMT+0800 (CST) ] {"err":0,"msg":"JXQDhjWh3QLD8fL1Pjgcozdj6t9335KL2n"}
[ Tue Aug 15 2017 16:26:37 GMT+0800 (CST) ] time is 147
[ Tue Aug 15 2017 16:26:37 GMT+0800 (CST) ] {"err":0,"msg":"JZcDwiGCT6Hx9Ls7pLRjv5o1VnKhBQdvSr"}
[ Tue Aug 15 2017 16:26:37 GMT+0800 (CST) ] time is 146
[ Tue Aug 15 2017 16:26:37 GMT+0800 (CST) ] {"err":0,"msg":"JWgjbSQjDVf38Xo2481XJG9wpFEvkpPFkV"}
[ Tue Aug 15 2017 16:26:37 GMT+0800 (CST) ] time is 146
[ Tue Aug 15 2017 16:26:37 GMT+0800 (CST) ] {"err":0,"msg":"JR75No4LhrVdrCCMvGZUPR2xMY1dYSFvcf"}
[ Tue Aug 15 2017 16:26:37 GMT+0800 (CST) ] time is 147
[ Tue Aug 15 2017 16:26:37 GMT+0800 (CST) ] {"err":0,"msg":"JQJAfVgeRWDp8H5NdDimJSy3hyc4UFCp7E"}
[ Tue Aug 15 2017 16:26:37 GMT+0800 (CST) ] time is 148
[ Tue Aug 15 2017 16:26:37 GMT+0800 (CST) ] {"err":0,"msg":"JWSdj1zWnUebqk5gkxkZ6yhkzzGcJ93Mew"}
[ Tue Aug 15 2017 16:26:37 GMT+0800 (CST) ] time is 147
[ Tue Aug 15 2017 16:26:37 GMT+0800 (CST) ] {"err":0,"msg":"JhABmoHLmRjvKKMWKfqRzX6yybxSshdce2"}
[ Tue Aug 15 2017 16:26:37 GMT+0800 (CST) ] time is 147
[ Tue Aug 15 2017 16:26:37 GMT+0800 (CST) ] {"err":0,"msg":"JQ6X4NkYwo6pAFogfJLhYr6sfFGJyJX6VF"}
[ Tue Aug 15 2017 16:26:37 GMT+0800 (CST) ] time is 148
[ Tue Aug 15 2017 16:26:37 GMT+0800 (CST) ] {"err":0,"msg":"JYFu3BAUqdNFJXFZwXawZwR42woZCrBEcD"}
[ Tue Aug 15 2017 16:26:37 GMT+0800 (CST) ] time is 149
[ Tue Aug 15 2017 16:26:37 GMT+0800 (CST) ] {"err":0,"msg":"JMiE5VK25UQdNgQw5d7B1m57q8PQ9ixYCp"}
[ Tue Aug 15 2017 16:26:37 GMT+0800 (CST) ] time is 148
[ Tue Aug 15 2017 16:26:37 GMT+0800 (CST) ] {"err":0,"msg":"JWeGFjR6oUm3o5s8X2HQCj2igXdxAekXpT"}
[ Tue Aug 15 2017 16:26:38 GMT+0800 (CST) ] time is 148
[ Tue Aug 15 2017 16:26:38 GMT+0800 (CST) ] {"err":0,"msg":"JYwW9cwnSXv3GkSD3A9VR6AeQAJ67BB1GE"}
[ Tue Aug 15 2017 16:26:38 GMT+0800 (CST) ] time is 149
[ Tue Aug 15 2017 16:26:38 GMT+0800 (CST) ] {"err":0,"msg":"Jc87cgGRzRu3ED2Dbx5spNueAZXrQTA5rx"}
[ Tue Aug 15 2017 16:26:38 GMT+0800 (CST) ] time is 150
[ Tue Aug 15 2017 16:26:38 GMT+0800 (CST) ] {"err":0,"msg":"JevArFVze2x2bkrucg1DQXLiCQvwmpGGyV"}
[ Tue Aug 15 2017 16:26:38 GMT+0800 (CST) ] time is 149
[ Tue Aug 15 2017 16:26:38 GMT+0800 (CST) ] {"err":0,"msg":"JJrue7XiUyEDseBzFPX5bJ2HfXSFA8vrrt"}
[ Tue Aug 15 2017 16:26:38 GMT+0800 (CST) ] time is 149
[ Tue Aug 15 2017 16:26:38 GMT+0800 (CST) ] {"err":0,"msg":"JamJW15nqASSt3xr8dah256VVabsrgpZGT"}
[ Tue Aug 15 2017 16:26:38 GMT+0800 (CST) ] time is 150
[ Tue Aug 15 2017 16:26:38 GMT+0800 (CST) ] {"err":0,"msg":"JMvmss9hJGbnWPX3aHpmX5hVkxdhMJSoeP"}
[ Tue Aug 15 2017 16:26:38 GMT+0800 (CST) ] time is 151
[ Tue Aug 15 2017 16:26:38 GMT+0800 (CST) ] {"err":0,"msg":"JbZjLqCsRNzx6wnxu9RhYNQ4nRohHcMEPP"}
[ Tue Aug 15 2017 16:26:38 GMT+0800 (CST) ] time is 150
[ Tue Aug 15 2017 16:26:38 GMT+0800 (CST) ] {"err":0,"msg":"JPx69JuPHKZ1soG9HPcyEVkBVZXNQjgAUR"}
[ Tue Aug 15 2017 16:26:38 GMT+0800 (CST) ] time is 150
[ Tue Aug 15 2017 16:26:38 GMT+0800 (CST) ] {"err":0,"msg":"JWrGCUz3vrTaPpc9tK5LA2ZCtSgsKrNYcN"}
[ Tue Aug 15 2017 16:26:38 GMT+0800 (CST) ] time is 151
[ Tue Aug 15 2017 16:26:38 GMT+0800 (CST) ] {"err":0,"msg":"JUoLongQMZVngJ4d3RX4ozvzhscvkPkEhD"}
[ Tue Aug 15 2017 16:26:38 GMT+0800 (CST) ] time is 152
[ Tue Aug 15 2017 16:26:38 GMT+0800 (CST) ] {"err":0,"msg":"JP5iNmTtLt89dy1bm89tgmDhUCJP89HRWD"}
[ Tue Aug 15 2017 16:26:38 GMT+0800 (CST) ] time is 151
[ Tue Aug 15 2017 16:26:38 GMT+0800 (CST) ] {"err":0,"msg":"JhVHGqWdZ2vLtP78SrTMWcqMKBCEj1mUz6"}
[ Tue Aug 15 2017 16:26:38 GMT+0800 (CST) ] time is 151
[ Tue Aug 15 2017 16:26:38 GMT+0800 (CST) ] {"err":0,"msg":"JYM2jc8R2UMmgg6AunV5XKycDi5i5KqK5A"}
[ Tue Aug 15 2017 16:26:38 GMT+0800 (CST) ] time is 152
[ Tue Aug 15 2017 16:26:38 GMT+0800 (CST) ] {"err":0,"msg":"JWzUTeLhe7nJhf4uV2Y4bnnPdNFzwzbY6e"}
[ Tue Aug 15 2017 16:26:38 GMT+0800 (CST) ] time is 153
[ Tue Aug 15 2017 16:26:38 GMT+0800 (CST) ] {"err":0,"msg":"JaUUP8AKqJYCrZ1ZXf2wboMmGfpBUULEJH"}
[ Tue Aug 15 2017 16:26:38 GMT+0800 (CST) ] time is 152
[ Tue Aug 15 2017 16:26:38 GMT+0800 (CST) ] {"err":0,"msg":"JZTmcwpwCS4So8FGxynFmG7nbDYfckVUX6"}
[ Tue Aug 15 2017 16:26:38 GMT+0800 (CST) ] time is 152
[ Tue Aug 15 2017 16:26:38 GMT+0800 (CST) ] {"err":0,"msg":"JftsBExb9aW7ACftZ1TFLn5foLkjvpGynP"}
[ Tue Aug 15 2017 16:26:38 GMT+0800 (CST) ] time is 153
[ Tue Aug 15 2017 16:26:38 GMT+0800 (CST) ] {"err":0,"msg":"JNaEaeXmRMGLuovHJr46a6P4a38iNkdBmK"}
[ Tue Aug 15 2017 16:26:38 GMT+0800 (CST) ] time is 154
[ Tue Aug 15 2017 16:26:38 GMT+0800 (CST) ] {"err":0,"msg":"JcH2q7T8uU1MmBbz5dCJxgGuUotkXki5i1"}
[ Tue Aug 15 2017 16:26:38 GMT+0800 (CST) ] time is 153
[ Tue Aug 15 2017 16:26:38 GMT+0800 (CST) ] {"err":0,"msg":"Je4KHV7kB9FUHnJgBzfWXom9ponK66XUi6"}
[ Tue Aug 15 2017 16:26:38 GMT+0800 (CST) ] time is 153
[ Tue Aug 15 2017 16:26:38 GMT+0800 (CST) ] {"err":0,"msg":"JhiBNNkanspEYv5dMqGmv7XyBFTRjKcadA"}
[ Tue Aug 15 2017 16:26:38 GMT+0800 (CST) ] time is 154
[ Tue Aug 15 2017 16:26:38 GMT+0800 (CST) ] {"err":0,"msg":"JMNttuYAdUmW5oux5t8AbGucm45qiV56Ng"}
[ Tue Aug 15 2017 16:26:38 GMT+0800 (CST) ] time is 155
[ Tue Aug 15 2017 16:26:38 GMT+0800 (CST) ] {"err":0,"msg":"JMDj3wzh2Z5PzeurQ6LGM5MaAT2S2uet55"}
[ Tue Aug 15 2017 16:26:38 GMT+0800 (CST) ] time is 154
[ Tue Aug 15 2017 16:26:38 GMT+0800 (CST) ] {"err":0,"msg":"JPCYwYgoLbcaes7Q3pFg36q4BeDhsfjjdu"}
[ Tue Aug 15 2017 16:26:38 GMT+0800 (CST) ] time is 154
[ Tue Aug 15 2017 16:26:38 GMT+0800 (CST) ] {"err":0,"msg":"Jgs5KGyG24Kst9KHPv7DAQRq6nCVXZbG15"}
[ Tue Aug 15 2017 16:26:38 GMT+0800 (CST) ] time is 155
[ Tue Aug 15 2017 16:26:38 GMT+0800 (CST) ] {"err":0,"msg":"Jb4qah1eEHZtFGLQGRPPy36J9vyT9yTQ4u"}
[ Tue Aug 15 2017 16:26:38 GMT+0800 (CST) ] time is 156
[ Tue Aug 15 2017 16:26:38 GMT+0800 (CST) ] {"err":0,"msg":"JegPyUNzhg44JQbAGj5EC8ssZXnCVECChv"}
[ Tue Aug 15 2017 16:26:38 GMT+0800 (CST) ] time is 155
[ Tue Aug 15 2017 16:26:38 GMT+0800 (CST) ] {"err":0,"msg":"JagtmX5yuHVYwjkhibsm6Sc471kLZVwjeZ"}
[ Tue Aug 15 2017 16:26:38 GMT+0800 (CST) ] time is 155
[ Tue Aug 15 2017 16:26:38 GMT+0800 (CST) ] {"err":0,"msg":"JSeCBcQVnKcegKopGSsTq2RyUjLb6Sc5xR"}
[ Tue Aug 15 2017 16:26:38 GMT+0800 (CST) ] time is 156
[ Tue Aug 15 2017 16:26:38 GMT+0800 (CST) ] {"err":0,"msg":"JdjzLb2eK9rQCjLvbtdxARFs9y1XSWRYXG"}
[ Tue Aug 15 2017 16:26:38 GMT+0800 (CST) ] time is 157
[ Tue Aug 15 2017 16:26:38 GMT+0800 (CST) ] {"err":0,"msg":"JQrKbV6EojVULB4V3xGGVWfr1gRHYcVVSn"}
[ Tue Aug 15 2017 16:26:38 GMT+0800 (CST) ] time is 156
[ Tue Aug 15 2017 16:26:38 GMT+0800 (CST) ] {"err":0,"msg":"JKJuCSbv2rBDkqo1QMuiLksRneEjJUCFv9"}
[ Tue Aug 15 2017 16:26:38 GMT+0800 (CST) ] {"err":0,"msg":"JTNzcfTfq4fquxdXTURp8KDjUc93KVduHF"}
[ Tue Aug 15 2017 16:26:38 GMT+0800 (CST) ] time is 157
[ Tue Aug 15 2017 16:26:38 GMT+0800 (CST) ] time is 156
[ Tue Aug 15 2017 16:26:38 GMT+0800 (CST) ] {"err":0,"msg":"JJdLVjD1A3gT5tXR2UJgWbMbGarbYFAqQd"}
[ Tue Aug 15 2017 16:26:38 GMT+0800 (CST) ] time is 158
[ Tue Aug 15 2017 16:26:38 GMT+0800 (CST) ] {"err":0,"msg":"JLMkqUt5hMcKFWw58Lk4WRgewoV57sFMsU"}
[ Tue Aug 15 2017 16:26:38 GMT+0800 (CST) ] time is 157
[ Tue Aug 15 2017 16:26:38 GMT+0800 (CST) ] {"err":0,"msg":"JU5UebYV888mc8UF85FY4YPXiSeVPBs3CM"}
[ Tue Aug 15 2017 16:26:38 GMT+0800 (CST) ] time is 158
[ Tue Aug 15 2017 16:26:38 GMT+0800 (CST) ] {"err":0,"msg":"JfY7Kvvptu6eTVQ1wDfnFD5sT9H8Ko6Pfv"}
[ Tue Aug 15 2017 16:26:38 GMT+0800 (CST) ] time is 157
[ Tue Aug 15 2017 16:26:38 GMT+0800 (CST) ] {"err":0,"msg":"JKwLbSgkGeGK8hvMj9xosQ4CNdLg2UKRcC"}
[ Tue Aug 15 2017 16:26:38 GMT+0800 (CST) ] time is 159
[ Tue Aug 15 2017 16:26:38 GMT+0800 (CST) ] {"err":0,"msg":"JR6MJFKb4XpVEj3EDb1JgtwbFshADgzYJf"}
[ Tue Aug 15 2017 16:26:38 GMT+0800 (CST) ] time is 158
[ Tue Aug 15 2017 16:26:38 GMT+0800 (CST) ] {"err":0,"msg":"JVNLAtsTJCDkTDKpcr166ct1i5ykoFmFWa"}
[ Tue Aug 15 2017 16:26:38 GMT+0800 (CST) ] time is 159
[ Tue Aug 15 2017 16:26:38 GMT+0800 (CST) ] {"err":0,"msg":"JeT985AxJp85T8u4CoUKNX1qkfEq2m2Bwe"}
[ Tue Aug 15 2017 16:26:38 GMT+0800 (CST) ] time is 158
[ Tue Aug 15 2017 16:26:38 GMT+0800 (CST) ] {"err":0,"msg":"JLfs6oSgsXT8WoP69mBYBifRxfRQdarxNC"}
[ Tue Aug 15 2017 16:26:38 GMT+0800 (CST) ] time is 160
[ Tue Aug 15 2017 16:26:38 GMT+0800 (CST) ] {"err":0,"msg":"JPQu7xtRv5ZgdWJBVgTV7xtRtjAmyRMmMe"}
[ Tue Aug 15 2017 16:26:38 GMT+0800 (CST) ] time is 159
[ Tue Aug 15 2017 16:26:38 GMT+0800 (CST) ] {"err":0,"msg":"Jc8aXVzrUYZUvMDS8K41sTevTK4ccZ7vdJ"}
[ Tue Aug 15 2017 16:26:38 GMT+0800 (CST) ] time is 160
[ Tue Aug 15 2017 16:26:38 GMT+0800 (CST) ] {"err":0,"msg":"JSHdM3CpZqQY9y4pwx84GV77znuZB1gq7a"}
[ Tue Aug 15 2017 16:26:38 GMT+0800 (CST) ] time is 159
[ Tue Aug 15 2017 16:26:38 GMT+0800 (CST) ] {"err":0,"msg":"JSMMCvfmkSGNobvsXhwvJKTzD2XNaRPTHf"}
[ Tue Aug 15 2017 16:26:38 GMT+0800 (CST) ] time is 161
[ Tue Aug 15 2017 16:26:38 GMT+0800 (CST) ] {"err":0,"msg":"JhsKRBCC7f4HH5sDwqxsyD7QEFNbJ4dfbR"}
[ Tue Aug 15 2017 16:26:38 GMT+0800 (CST) ] time is 160
[ Tue Aug 15 2017 16:26:38 GMT+0800 (CST) ] {"err":0,"msg":"JcSHTkEZUdbtLq9CwoL5qzWiyifPTrTX9g"}
[ Tue Aug 15 2017 16:26:38 GMT+0800 (CST) ] time is 161
[ Tue Aug 15 2017 16:26:38 GMT+0800 (CST) ] {"err":0,"msg":"JMCSDuymzuXxVJ1gYYKuHaRQkfp4oFq2VV"}
[ Tue Aug 15 2017 16:26:38 GMT+0800 (CST) ] time is 162
[ Tue Aug 15 2017 16:26:38 GMT+0800 (CST) ] {"err":0,"msg":"JhSqtEZKQfx5hfRpefiCjW1jkRMvei4Mo4"}
[ Tue Aug 15 2017 16:26:38 GMT+0800 (CST) ] time is 160
[ Tue Aug 15 2017 16:26:38 GMT+0800 (CST) ] {"err":0,"msg":"JUXXjF3AkiKjmGyg1zNNjK15jT5QF8dkLj"}
[ Tue Aug 15 2017 16:26:38 GMT+0800 (CST) ] time is 161
[ Tue Aug 15 2017 16:26:38 GMT+0800 (CST) ] {"err":0,"msg":"JdLyks6XuZnhsWh4CvzotDYoWsskoBm8ea"}
[ Tue Aug 15 2017 16:26:38 GMT+0800 (CST) ] time is 162
[ Tue Aug 15 2017 16:26:38 GMT+0800 (CST) ] {"err":0,"msg":"JKAdxDZv6DxH8byHeKFBjEX9BGBdKKErxZ"}
[ Tue Aug 15 2017 16:26:38 GMT+0800 (CST) ] time is 163
[ Tue Aug 15 2017 16:26:38 GMT+0800 (CST) ] {"err":0,"msg":"JdWFV8gYfvuKbT7511x2xaEABmTJkPmFjF"}
[ Tue Aug 15 2017 16:26:38 GMT+0800 (CST) ] time is 161
[ Tue Aug 15 2017 16:26:38 GMT+0800 (CST) ] {"err":0,"msg":"JLCynPHLWtU4u8KUArsCa3DEpLHEmypaQM"}
[ Tue Aug 15 2017 16:26:38 GMT+0800 (CST) ] time is 162
[ Tue Aug 15 2017 16:26:38 GMT+0800 (CST) ] {"err":0,"msg":"JTF68NZLshnr4MpbgZ5v6fGRz9MXYPESX4"}
[ Tue Aug 15 2017 16:26:38 GMT+0800 (CST) ] time is 163
[ Tue Aug 15 2017 16:26:38 GMT+0800 (CST) ] {"err":0,"msg":"JMMiSuZ7YQMwjURhYGmdvUnky6w55izVF6"}
[ Tue Aug 15 2017 16:26:38 GMT+0800 (CST) ] time is 164
[ Tue Aug 15 2017 16:26:38 GMT+0800 (CST) ] {"err":0,"msg":"JNVEbNe77ijHNwjHXA6AaVzAW23zfXWaNn"}
[ Tue Aug 15 2017 16:26:38 GMT+0800 (CST) ] time is 162
[ Tue Aug 15 2017 16:26:38 GMT+0800 (CST) ] {"err":0,"msg":"JNSkcAvinac44aBHxpdcZCWML2MyekPdhj"}
[ Tue Aug 15 2017 16:26:38 GMT+0800 (CST) ] time is 163
[ Tue Aug 15 2017 16:26:38 GMT+0800 (CST) ] {"err":0,"msg":"JVFKJkM1LGwKxbycDFKcNvAtSq3LkHiHTC"}
[ Tue Aug 15 2017 16:26:38 GMT+0800 (CST) ] time is 165
[ Tue Aug 15 2017 16:26:38 GMT+0800 (CST) ] {"err":0,"msg":"JZo4H1f4FzEjbcAyDG2ejfjuTCuMjD8wfY"}
[ Tue Aug 15 2017 16:26:38 GMT+0800 (CST) ] time is 164
[ Tue Aug 15 2017 16:26:38 GMT+0800 (CST) ] {"err":0,"msg":"JLc7w5HEGxkgitqvJDnWruREGakKQAWQq7"}
[ Tue Aug 15 2017 16:26:38 GMT+0800 (CST) ] time is 163
[ Tue Aug 15 2017 16:26:38 GMT+0800 (CST) ] {"err":0,"msg":"JYJHTeTuJ9XsczaqCgCWuxBPLAcF6r6DrH"}
[ Tue Aug 15 2017 16:26:38 GMT+0800 (CST) ] time is 164
[ Tue Aug 15 2017 16:26:38 GMT+0800 (CST) ] {"err":0,"msg":"JNTWaYy9Jsx7aawSkAWdkb2yych9ao1Sgi"}
[ Tue Aug 15 2017 16:26:38 GMT+0800 (CST) ] time is 166
[ Tue Aug 15 2017 16:26:38 GMT+0800 (CST) ] {"err":0,"msg":"JS5GhAAQJwJM3pLeW3yLESUCPwPr8hvpE7"}
[ Tue Aug 15 2017 16:26:38 GMT+0800 (CST) ] time is 165
[ Tue Aug 15 2017 16:26:38 GMT+0800 (CST) ] {"err":0,"msg":"Jf1E5XdUUCeCNWEBrDcDWheFW7WXYGeune"}
[ Tue Aug 15 2017 16:26:38 GMT+0800 (CST) ] time is 164
[ Tue Aug 15 2017 16:26:38 GMT+0800 (CST) ] {"err":0,"msg":"JQx3RTdvCN9c6BMCgfFSPSoitJeKjnmXDF"}
[ Tue Aug 15 2017 16:26:38 GMT+0800 (CST) ] time is 165
[ Tue Aug 15 2017 16:26:38 GMT+0800 (CST) ] {"err":0,"msg":"Jb9Ntg5x9X2DTBPLA1q9sUR6Rvo32XbBoA"}
[ Tue Aug 15 2017 16:26:38 GMT+0800 (CST) ] time is 167
[ Tue Aug 15 2017 16:26:38 GMT+0800 (CST) ] {"err":0,"msg":"JTWsrdzDvoYQZz7qbmy214ipx4xYAb7gdi"}
[ Tue Aug 15 2017 16:26:38 GMT+0800 (CST) ] time is 166
[ Tue Aug 15 2017 16:26:38 GMT+0800 (CST) ] {"err":0,"msg":"JUtrEnHTFerqdH8jG6QkJnsQcfjBD2BVnr"}
[ Tue Aug 15 2017 16:26:38 GMT+0800 (CST) ] time is 165
[ Tue Aug 15 2017 16:26:38 GMT+0800 (CST) ] {"err":0,"msg":"JYAiS5J5Mj7jbY3wpbhTJsH6QDYj6jvrt7"}
[ Tue Aug 15 2017 16:26:38 GMT+0800 (CST) ] time is 166
[ Tue Aug 15 2017 16:26:38 GMT+0800 (CST) ] {"err":0,"msg":"JgBevfS3kdNADStqTrUEByodmAhcFWjTAp"}
[ Tue Aug 15 2017 16:26:38 GMT+0800 (CST) ] time is 168
[ Tue Aug 15 2017 16:26:38 GMT+0800 (CST) ] {"err":0,"msg":"JTibdZy7mFwa1dkKLei39x8TvaLirMZn3z"}
[ Tue Aug 15 2017 16:26:38 GMT+0800 (CST) ] time is 167
[ Tue Aug 15 2017 16:26:38 GMT+0800 (CST) ] {"err":0,"msg":"JQNB6sNcm1EVfUFba59YFXJSAAxmUPn3ut"}
[ Tue Aug 15 2017 16:26:38 GMT+0800 (CST) ] time is 166
[ Tue Aug 15 2017 16:26:38 GMT+0800 (CST) ] {"err":0,"msg":"JSMZr7PSmsEvziwDmytLFzdVFb2XCXB2mk"}
[ Tue Aug 15 2017 16:26:38 GMT+0800 (CST) ] {"err":0,"msg":"JPGmEzbK1C7Q9HMTUzTZUo4AsAZTmESk7B"}
[ Tue Aug 15 2017 16:26:38 GMT+0800 (CST) ] time is 167
[ Tue Aug 15 2017 16:26:38 GMT+0800 (CST) ] time is 169
[ Tue Aug 15 2017 16:26:38 GMT+0800 (CST) ] {"err":0,"msg":"JS3FG1CmDrYVgV73EX8ATFNV9ptrFjhdys"}
[ Tue Aug 15 2017 16:26:38 GMT+0800 (CST) ] time is 168
[ Tue Aug 15 2017 16:26:38 GMT+0800 (CST) ] {"err":0,"msg":"JKGug5V7CCfXgKJE8QJdyoFtqCVC7EyGS7"}
[ Tue Aug 15 2017 16:26:38 GMT+0800 (CST) ] time is 167
[ Tue Aug 15 2017 16:26:38 GMT+0800 (CST) ] {"err":0,"msg":"JTFXfEh2PuJsNtWtZNSmL8MQ5WriKrbNBy"}
[ Tue Aug 15 2017 16:26:38 GMT+0800 (CST) ] time is 168
[ Tue Aug 15 2017 16:26:38 GMT+0800 (CST) ] {"err":0,"msg":"JSHK9rG3Ts2CrCBGtagwyGJc7bHSVCz7QT"}
[ Tue Aug 15 2017 16:26:38 GMT+0800 (CST) ] time is 170
[ Tue Aug 15 2017 16:26:38 GMT+0800 (CST) ] {"err":0,"msg":"JVgVbU41vHe2n2UXKsXrfnrE1beDatagBC"}
[ Tue Aug 15 2017 16:26:38 GMT+0800 (CST) ] time is 169
[ Tue Aug 15 2017 16:26:38 GMT+0800 (CST) ] {"err":0,"msg":"JVAdEUji36mL4BGj8xmDXqGH54pu4ndyRr"}
[ Tue Aug 15 2017 16:26:38 GMT+0800 (CST) ] time is 168
[ Tue Aug 15 2017 16:26:38 GMT+0800 (CST) ] {"err":0,"msg":"JLp9NrFyopKFEbm39gQtzQy9BBDd9DFUQR"}
[ Tue Aug 15 2017 16:26:38 GMT+0800 (CST) ] time is 169
[ Tue Aug 15 2017 16:26:38 GMT+0800 (CST) ] {"err":0,"msg":"JSNhXTyM3nqsyrh6oob9LenjsY1PFBKgHA"}
[ Tue Aug 15 2017 16:26:38 GMT+0800 (CST) ] time is 171
[ Tue Aug 15 2017 16:26:38 GMT+0800 (CST) ] {"err":0,"msg":"JhBTHgPVfCVfsMtgZeHiJaLU2G7QSx8sXD"}
[ Tue Aug 15 2017 16:26:38 GMT+0800 (CST) ] time is 170
[ Tue Aug 15 2017 16:26:38 GMT+0800 (CST) ] {"err":0,"msg":"JK59P7urD9jKypqK1yGryygM1j4PySahcw"}
[ Tue Aug 15 2017 16:26:39 GMT+0800 (CST) ] time is 169
[ Tue Aug 15 2017 16:26:39 GMT+0800 (CST) ] {"err":0,"msg":"JfNopVXPqoVkAsjjY1LSgBZ3jiPVQpyWeS"}
[ Tue Aug 15 2017 16:26:39 GMT+0800 (CST) ] time is 170
[ Tue Aug 15 2017 16:26:39 GMT+0800 (CST) ] {"err":0,"msg":"JNPsxPSvWuvL8g5CsKc7Zavj5Nfan9tYbk"}
[ Tue Aug 15 2017 16:26:39 GMT+0800 (CST) ] time is 172
[ Tue Aug 15 2017 16:26:39 GMT+0800 (CST) ] {"err":0,"msg":"JbEz1XeG65qjN6shcXC2mU1rU3ZFRPhxwK"}
[ Tue Aug 15 2017 16:26:39 GMT+0800 (CST) ] time is 171
[ Tue Aug 15 2017 16:26:39 GMT+0800 (CST) ] {"err":0,"msg":"JeFKzvPxCjr3kmnBnPdiVZv4wp2cAMpVKa"}
[ Tue Aug 15 2017 16:26:39 GMT+0800 (CST) ] time is 170
[ Tue Aug 15 2017 16:26:39 GMT+0800 (CST) ] {"err":0,"msg":"Jc6eK4dHS2WKMwGrgorB92QmG1tnVy1EYF"}
[ Tue Aug 15 2017 16:26:39 GMT+0800 (CST) ] time is 171
[ Tue Aug 15 2017 16:26:39 GMT+0800 (CST) ] {"err":0,"msg":"JbXTxysmVXvw3cPn2q891X872RF67zf5SE"}
[ Tue Aug 15 2017 16:26:39 GMT+0800 (CST) ] time is 173
[ Tue Aug 15 2017 16:26:39 GMT+0800 (CST) ] {"err":0,"msg":"Jeq3VsZB3toFRu6Sum6rU2mARzeQ6e3K9u"}
[ Tue Aug 15 2017 16:26:39 GMT+0800 (CST) ] time is 172
[ Tue Aug 15 2017 16:26:39 GMT+0800 (CST) ] {"err":0,"msg":"JWdsdpLUkECEFqYDu8y71bcrcLkeVxh7n9"}
[ Tue Aug 15 2017 16:26:39 GMT+0800 (CST) ] time is 171
[ Tue Aug 15 2017 16:26:39 GMT+0800 (CST) ] {"err":0,"msg":"JJxfFJ51mSdJHn3sMTsmBKFoJu81kqUefy"}
[ Tue Aug 15 2017 16:26:39 GMT+0800 (CST) ] time is 172
[ Tue Aug 15 2017 16:26:39 GMT+0800 (CST) ] {"err":0,"msg":"JTh2isbHhEkfmY7jdG8QAabMrbYox7HzCn"}
[ Tue Aug 15 2017 16:26:39 GMT+0800 (CST) ] time is 174
[ Tue Aug 15 2017 16:26:39 GMT+0800 (CST) ] {"err":0,"msg":"JZJUxABtQYXFBnhzJyuQUNP5JsNz7vfG2n"}
[ Tue Aug 15 2017 16:26:39 GMT+0800 (CST) ] time is 173
[ Tue Aug 15 2017 16:26:39 GMT+0800 (CST) ] {"err":0,"msg":"JLPiSRECXknSvabhVAWCMijNMG7P8mT5fq"}
[ Tue Aug 15 2017 16:26:39 GMT+0800 (CST) ] time is 172
[ Tue Aug 15 2017 16:26:39 GMT+0800 (CST) ] {"err":0,"msg":"JbdY9LTF4Sh4mLz8jbQupaFdQJdUKP6wZC"}
[ Tue Aug 15 2017 16:26:39 GMT+0800 (CST) ] time is 173
[ Tue Aug 15 2017 16:26:39 GMT+0800 (CST) ] {"err":0,"msg":"JUwUdT6J43kMp7TKN71ofBXueEBq73EaS6"}
[ Tue Aug 15 2017 16:26:39 GMT+0800 (CST) ] time is 175
[ Tue Aug 15 2017 16:26:39 GMT+0800 (CST) ] {"err":0,"msg":"JbV1yALPeP58QejAGN5dy4Y9XbVMpHFpWi"}
[ Tue Aug 15 2017 16:26:39 GMT+0800 (CST) ] time is 174
[ Tue Aug 15 2017 16:26:39 GMT+0800 (CST) ] {"err":0,"msg":"JhBmHNGUtTESUGVhE2XCZnACSz7CEEag8r"}
[ Tue Aug 15 2017 16:26:39 GMT+0800 (CST) ] time is 173
[ Tue Aug 15 2017 16:26:39 GMT+0800 (CST) ] {"err":0,"msg":"JNbBpRWZKxSeq1kjNVhwjVU58wFR9Cp5Ye"}
[ Tue Aug 15 2017 16:26:39 GMT+0800 (CST) ] time is 174
[ Tue Aug 15 2017 16:26:39 GMT+0800 (CST) ] {"err":0,"msg":"JdRTrmFhcqHsddUd39vufWtH6XeyRdNWLV"}
[ Tue Aug 15 2017 16:26:39 GMT+0800 (CST) ] time is 176
[ Tue Aug 15 2017 16:26:39 GMT+0800 (CST) ] {"err":0,"msg":"JQp6G7nMEzisM5s8EQZXxZxySCShBDEyqM"}
[ Tue Aug 15 2017 16:26:39 GMT+0800 (CST) ] time is 175
[ Tue Aug 15 2017 16:26:39 GMT+0800 (CST) ] {"err":0,"msg":"Ja3epfufTuVkERn3PUegbKB9R4nUBckkFA"}
[ Tue Aug 15 2017 16:26:39 GMT+0800 (CST) ] time is 174
[ Tue Aug 15 2017 16:26:39 GMT+0800 (CST) ] {"err":0,"msg":"JM1tY33Zo9jC1q8XCYzMTsjQdh3J1B8U6T"}
[ Tue Aug 15 2017 16:26:39 GMT+0800 (CST) ] time is 175
[ Tue Aug 15 2017 16:26:39 GMT+0800 (CST) ] {"err":0,"msg":"JZSNtrhC6m3nusUbwJU9NBp9trJEvuS1kb"}
[ Tue Aug 15 2017 16:26:39 GMT+0800 (CST) ] time is 177
[ Tue Aug 15 2017 16:26:39 GMT+0800 (CST) ] {"err":0,"msg":"JcpqBFcsgxZ6heVcKSCQmWtqscJbop54LV"}
[ Tue Aug 15 2017 16:26:39 GMT+0800 (CST) ] time is 176
[ Tue Aug 15 2017 16:26:39 GMT+0800 (CST) ] {"err":0,"msg":"JSeyiF5K2yADPX2BBWMEdgLGTT76fQysCA"}
[ Tue Aug 15 2017 16:26:39 GMT+0800 (CST) ] time is 175
[ Tue Aug 15 2017 16:26:39 GMT+0800 (CST) ] {"err":0,"msg":"JX7mpp4yABuNXzJcmT8dCyiSZg2ZZZ4WcF"}
[ Tue Aug 15 2017 16:26:39 GMT+0800 (CST) ] time is 176
[ Tue Aug 15 2017 16:26:39 GMT+0800 (CST) ] {"err":0,"msg":"JMG9JuEFRnZfJF6a7JSm5yVfpnuvBKuTtz"}
[ Tue Aug 15 2017 16:26:39 GMT+0800 (CST) ] time is 178
[ Tue Aug 15 2017 16:26:39 GMT+0800 (CST) ] {"err":0,"msg":"JZT3WH1fyVCoi9kATW3vKdFp8pzM6iZj8U"}
[ Tue Aug 15 2017 16:26:39 GMT+0800 (CST) ] time is 177
[ Tue Aug 15 2017 16:26:39 GMT+0800 (CST) ] {"err":0,"msg":"JKjFD2SJoY18khpATGhphz57Go8GHZwcuR"}
[ Tue Aug 15 2017 16:26:39 GMT+0800 (CST) ] time is 176
[ Tue Aug 15 2017 16:26:39 GMT+0800 (CST) ] {"err":0,"msg":"JfbaMXfR3nEsqcjpSKp2URPBfuW8Q4jqEM"}
[ Tue Aug 15 2017 16:26:39 GMT+0800 (CST) ] time is 177
[ Tue Aug 15 2017 16:26:39 GMT+0800 (CST) ] {"err":0,"msg":"JQQBBe6kSfqqGvzNVPqK9nhF5tphT2kQmw"}
[ Tue Aug 15 2017 16:26:39 GMT+0800 (CST) ] time is 179
[ Tue Aug 15 2017 16:26:39 GMT+0800 (CST) ] {"err":0,"msg":"Jcf5enWmwiUN7k4YpejuKw9LLsqWxjZRUU"}
[ Tue Aug 15 2017 16:26:39 GMT+0800 (CST) ] time is 178
[ Tue Aug 15 2017 16:26:39 GMT+0800 (CST) ] {"err":0,"msg":"JNS7B5F6PwcFdxbiGXqTmeergwMN6bqy5g"}
[ Tue Aug 15 2017 16:26:39 GMT+0800 (CST) ] time is 177
[ Tue Aug 15 2017 16:26:39 GMT+0800 (CST) ] {"err":0,"msg":"JV7cLPHo3iLLdKLvK6rCceiPX18jpqQzFx"}
[ Tue Aug 15 2017 16:26:39 GMT+0800 (CST) ] time is 178
[ Tue Aug 15 2017 16:26:39 GMT+0800 (CST) ] {"err":0,"msg":"JShnYmAhnQjc5rFLC3hyTYSFGQw5uKjhSi"}
[ Tue Aug 15 2017 16:26:39 GMT+0800 (CST) ] time is 180
[ Tue Aug 15 2017 16:26:39 GMT+0800 (CST) ] {"err":0,"msg":"JLbREbYbGrsSUTbCz9mGAYwVND3MWhXBoJ"}
[ Tue Aug 15 2017 16:26:39 GMT+0800 (CST) ] time is 179
[ Tue Aug 15 2017 16:26:39 GMT+0800 (CST) ] {"err":0,"msg":"JYTwokW2fvR8A9mx6LEUiRVVGuLSFyEEx7"}
[ Tue Aug 15 2017 16:26:39 GMT+0800 (CST) ] time is 178
[ Tue Aug 15 2017 16:26:39 GMT+0800 (CST) ] {"err":0,"msg":"JexnZBmxL8LQt69AueBy65KmoghuckfGRN"}
[ Tue Aug 15 2017 16:26:39 GMT+0800 (CST) ] time is 179
[ Tue Aug 15 2017 16:26:39 GMT+0800 (CST) ] {"err":0,"msg":"JWSGBsApdFABAYaTLzVrg14XfKjyQs6xAZ"}
[ Tue Aug 15 2017 16:26:39 GMT+0800 (CST) ] time is 181
[ Tue Aug 15 2017 16:26:39 GMT+0800 (CST) ] {"err":0,"msg":"JdVg2t1vGAdY7SeRXW1zV5KwRvYMKFdph7"}
[ Tue Aug 15 2017 16:26:39 GMT+0800 (CST) ] time is 180
[ Tue Aug 15 2017 16:26:39 GMT+0800 (CST) ] {"err":0,"msg":"JVj58JCWxv7LEAV7M9hGRbKCnKGiC1t62J"}
[ Tue Aug 15 2017 16:26:39 GMT+0800 (CST) ] time is 179
[ Tue Aug 15 2017 16:26:39 GMT+0800 (CST) ] {"err":0,"msg":"JYHkWV6QzRqSucCagzr86EgBQz23HsSRj8"}
[ Tue Aug 15 2017 16:26:39 GMT+0800 (CST) ] time is 180
[ Tue Aug 15 2017 16:26:39 GMT+0800 (CST) ] {"err":0,"msg":"JdGAjTAG3q48sXeJJUdhNzrsewo7Cu6rFo"}
[ Tue Aug 15 2017 16:26:39 GMT+0800 (CST) ] time is 182
[ Tue Aug 15 2017 16:26:39 GMT+0800 (CST) ] {"err":0,"msg":"JRyF8fPxLnRM9sjDSPqJu46Zz4jkwoF21M"}
[ Tue Aug 15 2017 16:26:39 GMT+0800 (CST) ] time is 181
[ Tue Aug 15 2017 16:26:39 GMT+0800 (CST) ] {"err":0,"msg":"JNNWQPY7E8gbT1jWhT2pFwQLsR3HGJwru1"}
[ Tue Aug 15 2017 16:26:39 GMT+0800 (CST) ] time is 180
[ Tue Aug 15 2017 16:26:39 GMT+0800 (CST) ] {"err":0,"msg":"JZVoMbYrgjVod9sRj6miXocCig3LYEruJq"}
[ Tue Aug 15 2017 16:26:39 GMT+0800 (CST) ] time is 181
[ Tue Aug 15 2017 16:26:39 GMT+0800 (CST) ] {"err":0,"msg":"JNeVLfTbPZKFBwTvHCiwHAJLtNUwvrbUmC"}
[ Tue Aug 15 2017 16:26:39 GMT+0800 (CST) ] time is 183
[ Tue Aug 15 2017 16:26:39 GMT+0800 (CST) ] {"err":0,"msg":"JKFMHxwHNinNsrLVHHMsN1fZzSgoxdE8B8"}
[ Tue Aug 15 2017 16:26:39 GMT+0800 (CST) ] time is 182
[ Tue Aug 15 2017 16:26:39 GMT+0800 (CST) ] {"err":0,"msg":"JgqF72Vs7RiKrU9LDVHSA75N2KqxRbrXv2"}
[ Tue Aug 15 2017 16:26:39 GMT+0800 (CST) ] time is 181
[ Tue Aug 15 2017 16:26:39 GMT+0800 (CST) ] {"err":0,"msg":"JPExG1JsLXBrXXSdPRFuzsSPCF8yLDMKWp"}
[ Tue Aug 15 2017 16:26:39 GMT+0800 (CST) ] time is 184
[ Tue Aug 15 2017 16:26:39 GMT+0800 (CST) ] {"err":0,"msg":"JXBuhAAw5tjVomYF39zqQeDJc5HS4oL9zR"}
[ Tue Aug 15 2017 16:26:39 GMT+0800 (CST) ] time is 182
[ Tue Aug 15 2017 16:26:39 GMT+0800 (CST) ] {"err":0,"msg":"JPioyvRaBVVizx4nd1uYQK38Rg2uZmRwnu"}
[ Tue Aug 15 2017 16:26:39 GMT+0800 (CST) ] time is 183
[ Tue Aug 15 2017 16:26:39 GMT+0800 (CST) ] {"err":0,"msg":"JUDfGZDee6tvgakq9XajofeNSwHWH3c6UW"}
[ Tue Aug 15 2017 16:26:39 GMT+0800 (CST) ] time is 182
[ Tue Aug 15 2017 16:26:39 GMT+0800 (CST) ] {"err":0,"msg":"JfAzjcMRGEfWqGzRErH6ahnQb6T7sCapVZ"}
[ Tue Aug 15 2017 16:26:39 GMT+0800 (CST) ] time is 185
[ Tue Aug 15 2017 16:26:39 GMT+0800 (CST) ] {"err":0,"msg":"JcQD6r1cSJoHR877kgGGexTq7rTAMy1Xwk"}
[ Tue Aug 15 2017 16:26:39 GMT+0800 (CST) ] time is 183
[ Tue Aug 15 2017 16:26:39 GMT+0800 (CST) ] {"err":0,"msg":"JgThdkAppYBzyASaiUbNyZWLDWdX7Mwity"}
[ Tue Aug 15 2017 16:26:39 GMT+0800 (CST) ] time is 184
[ Tue Aug 15 2017 16:26:39 GMT+0800 (CST) ] {"err":0,"msg":"Jg2VqRDV8GNPU7xGceTWpLZVYEMaZZc3jt"}
[ Tue Aug 15 2017 16:26:39 GMT+0800 (CST) ] time is 183
[ Tue Aug 15 2017 16:26:39 GMT+0800 (CST) ] {"err":0,"msg":"JTdxjDYH1WWydAPr4CHwjYtAuZ8oPtzFhL"}
[ Tue Aug 15 2017 16:26:39 GMT+0800 (CST) ] time is 186
[ Tue Aug 15 2017 16:26:39 GMT+0800 (CST) ] {"err":0,"msg":"Jhn7iL3h6e5Jp76zdFch4HknfaTgWkxqc9"}
[ Tue Aug 15 2017 16:26:39 GMT+0800 (CST) ] time is 184
[ Tue Aug 15 2017 16:26:39 GMT+0800 (CST) ] {"err":0,"msg":"JY33bg6ZXNDMVdsKBAnJCroPMxbJ8Jkssh"}
[ Tue Aug 15 2017 16:26:39 GMT+0800 (CST) ] time is 185
[ Tue Aug 15 2017 16:26:39 GMT+0800 (CST) ] {"err":0,"msg":"JTVs7H1wRV3Hmx2qFgCpNfVTxZ6G8DjZYC"}
[ Tue Aug 15 2017 16:26:39 GMT+0800 (CST) ] time is 184
[ Tue Aug 15 2017 16:26:39 GMT+0800 (CST) ] {"err":0,"msg":"JgkpShxxkhKXwESCgGwTVFUGEi3E7PJVPh"}
[ Tue Aug 15 2017 16:26:39 GMT+0800 (CST) ] time is 187
[ Tue Aug 15 2017 16:26:39 GMT+0800 (CST) ] {"err":0,"msg":"JeQg9EWSBmt7Hr6kVssqrUX3rVHNpCbVAp"}
[ Tue Aug 15 2017 16:26:39 GMT+0800 (CST) ] time is 185
[ Tue Aug 15 2017 16:26:39 GMT+0800 (CST) ] {"err":0,"msg":"JdPBRJUvB62axrzpRs9Zccy7cAktsk5Jr9"}
[ Tue Aug 15 2017 16:26:39 GMT+0800 (CST) ] time is 186
[ Tue Aug 15 2017 16:26:39 GMT+0800 (CST) ] {"err":0,"msg":"JgMY1dyf5Evd5FbRtK2a9akxKtWNPquQHh"}
[ Tue Aug 15 2017 16:26:39 GMT+0800 (CST) ] time is 185
[ Tue Aug 15 2017 16:26:39 GMT+0800 (CST) ] {"err":0,"msg":"JRTDXwduWDXMNKpjLavvBMPVCRoit1M1rK"}
[ Tue Aug 15 2017 16:26:39 GMT+0800 (CST) ] time is 188
[ Tue Aug 15 2017 16:26:39 GMT+0800 (CST) ] {"err":0,"msg":"JWxE8oaSfQ9NnfLa9UWYQLKRvbVrGCr6uy"}
[ Tue Aug 15 2017 16:26:39 GMT+0800 (CST) ] time is 186
[ Tue Aug 15 2017 16:26:39 GMT+0800 (CST) ] {"err":0,"msg":"JPr3F4shmiyYymtrsc9uR6N6DQhu4LSj3W"}
[ Tue Aug 15 2017 16:26:39 GMT+0800 (CST) ] time is 187
[ Tue Aug 15 2017 16:26:39 GMT+0800 (CST) ] {"err":0,"msg":"JNjoCiZ4XjKBHaU31nhoEBxx251MFGBKmM"}
[ Tue Aug 15 2017 16:26:39 GMT+0800 (CST) ] {"err":0,"msg":"JTriu2UjZgMwtBWiCD8doWkvv9FomUN76D"}
[ Tue Aug 15 2017 16:26:39 GMT+0800 (CST) ] time is 186
[ Tue Aug 15 2017 16:26:39 GMT+0800 (CST) ] time is 189
[ Tue Aug 15 2017 16:26:39 GMT+0800 (CST) ] {"err":0,"msg":"JXsTmVzTxAb2diu1k7JmgyArLkYqyD3P6f"}
[ Tue Aug 15 2017 16:26:39 GMT+0800 (CST) ] time is 187
[ Tue Aug 15 2017 16:26:39 GMT+0800 (CST) ] {"err":0,"msg":"JVJeFSQZTpVcTicGWh7Fx8bEiCGwp28eAb"}
[ Tue Aug 15 2017 16:26:39 GMT+0800 (CST) ] time is 188
[ Tue Aug 15 2017 16:26:39 GMT+0800 (CST) ] {"err":0,"msg":"JNyQvSuQ47PaAXem2SRxh27TXjpqn8eAib"}
[ Tue Aug 15 2017 16:26:39 GMT+0800 (CST) ] time is 188
[ Tue Aug 15 2017 16:26:39 GMT+0800 (CST) ] {"err":0,"msg":"JJuAjtNXdFYHC9dyXCCdhknVPoppuyQLVH"}
[ Tue Aug 15 2017 16:26:39 GMT+0800 (CST) ] time is 190
[ Tue Aug 15 2017 16:26:39 GMT+0800 (CST) ] {"err":0,"msg":"Je8D8j9xzWvZrmv97T1ts9Ue9WyhtDDMN1"}
[ Tue Aug 15 2017 16:26:39 GMT+0800 (CST) ] time is 187
[ Tue Aug 15 2017 16:26:39 GMT+0800 (CST) ] {"err":0,"msg":"JXnggNzYaTJgJGLuRGPQnbgcCUkfarZYx1"}
[ Tue Aug 15 2017 16:26:39 GMT+0800 (CST) ] time is 189
[ Tue Aug 15 2017 16:26:39 GMT+0800 (CST) ] {"err":0,"msg":"JVqs3MGsQVa1SzaqmVLCXwZy9ZNBtwDj7C"}
[ Tue Aug 15 2017 16:26:39 GMT+0800 (CST) ] time is 189
[ Tue Aug 15 2017 16:26:39 GMT+0800 (CST) ] {"err":0,"msg":"JR6BZ3RtTJ2ThCxdUuX3sFEhr8XG5ie9F1"}
[ Tue Aug 15 2017 16:26:39 GMT+0800 (CST) ] time is 191
[ Tue Aug 15 2017 16:26:39 GMT+0800 (CST) ] {"err":0,"msg":"JgGaJBtQETDFhbZYK1tAqtRhgZQidCU9TC"}
[ Tue Aug 15 2017 16:26:39 GMT+0800 (CST) ] time is 188
[ Tue Aug 15 2017 16:26:39 GMT+0800 (CST) ] {"err":0,"msg":"JbAGdLpaQT8pYiNTk9DLPcgDgTZ7DQRNQV"}
[ Tue Aug 15 2017 16:26:39 GMT+0800 (CST) ] time is 190
[ Tue Aug 15 2017 16:26:39 GMT+0800 (CST) ] {"err":0,"msg":"JaK48pJHCR6JX97gCJNxKekQ1mTzMSEcYJ"}
[ Tue Aug 15 2017 16:26:39 GMT+0800 (CST) ] time is 190
[ Tue Aug 15 2017 16:26:39 GMT+0800 (CST) ] {"err":0,"msg":"JgsfUKAR95nWK2tZ3x74RqQYS57qJjjRFo"}
[ Tue Aug 15 2017 16:26:39 GMT+0800 (CST) ] time is 192
[ Tue Aug 15 2017 16:26:39 GMT+0800 (CST) ] {"err":0,"msg":"JQLMyaCXF8NRyxPr7HuZy1kUmcEM6j2DTf"}
[ Tue Aug 15 2017 16:26:39 GMT+0800 (CST) ] time is 189
[ Tue Aug 15 2017 16:26:39 GMT+0800 (CST) ] {"err":0,"msg":"JXLpadtuGFe6ZnQ7spcKUQQWzboct8rGZ1"}
[ Tue Aug 15 2017 16:26:40 GMT+0800 (CST) ] time is 191
[ Tue Aug 15 2017 16:26:40 GMT+0800 (CST) ] {"err":0,"msg":"JSuY243YFear7YyzpnxUPpd57qJQxAkm9o"}
[ Tue Aug 15 2017 16:26:40 GMT+0800 (CST) ] time is 191
[ Tue Aug 15 2017 16:26:40 GMT+0800 (CST) ] {"err":0,"msg":"JPLmDrBCuR55PS5UhRHV88YF7ZBkWeZfb6"}
[ Tue Aug 15 2017 16:26:40 GMT+0800 (CST) ] time is 193
[ Tue Aug 15 2017 16:26:40 GMT+0800 (CST) ] {"err":0,"msg":"JQAjVr7VcTQG3JeMW6ZNPwZtFnJhE4ysue"}
[ Tue Aug 15 2017 16:26:40 GMT+0800 (CST) ] time is 190
[ Tue Aug 15 2017 16:26:40 GMT+0800 (CST) ] {"err":0,"msg":"JSokUk2DVL2gTg12Jb7S5UMZjfHhdukn3S"}
[ Tue Aug 15 2017 16:26:40 GMT+0800 (CST) ] time is 192
[ Tue Aug 15 2017 16:26:40 GMT+0800 (CST) ] {"err":0,"msg":"Jc6FW78oJH7vStmCEeLMFv4PfuMy1ArKg6"}
[ Tue Aug 15 2017 16:26:40 GMT+0800 (CST) ] time is 192
[ Tue Aug 15 2017 16:26:40 GMT+0800 (CST) ] {"err":0,"msg":"JhEHVkMwGu1Y6ifJ94aynMfKydJtQW5hiU"}
[ Tue Aug 15 2017 16:26:40 GMT+0800 (CST) ] time is 194
[ Tue Aug 15 2017 16:26:40 GMT+0800 (CST) ] {"err":0,"msg":"JM7wRjsvVLW4S2d93TZwffZbAqLm4Xh9zY"}
[ Tue Aug 15 2017 16:26:40 GMT+0800 (CST) ] time is 191
[ Tue Aug 15 2017 16:26:40 GMT+0800 (CST) ] {"err":0,"msg":"JYHdY1zJ61kDGUqwasSY471eHP6XjYESnf"}
[ Tue Aug 15 2017 16:26:40 GMT+0800 (CST) ] time is 193
[ Tue Aug 15 2017 16:26:40 GMT+0800 (CST) ] {"err":0,"msg":"JRMfK6ccFtXxCqnL3aW8eJwTM3UtuMRmc4"}
[ Tue Aug 15 2017 16:26:40 GMT+0800 (CST) ] time is 193
[ Tue Aug 15 2017 16:26:40 GMT+0800 (CST) ] {"err":0,"msg":"JMdunqYpUybM2JreT7Df1qQvmKTED9eXoS"}
[ Tue Aug 15 2017 16:26:40 GMT+0800 (CST) ] time is 195
[ Tue Aug 15 2017 16:26:40 GMT+0800 (CST) ] {"err":0,"msg":"JWReeBFDDdKsSFQMeUQc5AC19B2k6mRhwg"}
[ Tue Aug 15 2017 16:26:40 GMT+0800 (CST) ] time is 192
[ Tue Aug 15 2017 16:26:40 GMT+0800 (CST) ] {"err":0,"msg":"JhDMZ6a6HySfp3CUo3e1H4pxtPX85GCvue"}
[ Tue Aug 15 2017 16:26:40 GMT+0800 (CST) ] time is 194
[ Tue Aug 15 2017 16:26:40 GMT+0800 (CST) ] {"err":0,"msg":"JaXzJi6WiJVbzXrk7awFP44D66gUWVgzRi"}
[ Tue Aug 15 2017 16:26:40 GMT+0800 (CST) ] time is 194
[ Tue Aug 15 2017 16:26:40 GMT+0800 (CST) ] {"err":0,"msg":"JWeADFdS8cyovTmssrvAyKurcAWFiPAAwp"}
[ Tue Aug 15 2017 16:26:40 GMT+0800 (CST) ] time is 196
[ Tue Aug 15 2017 16:26:40 GMT+0800 (CST) ] {"err":0,"msg":"JayH26Y7brbo4mcAr6e273p52m4TpzUUP6"}
[ Tue Aug 15 2017 16:26:40 GMT+0800 (CST) ] time is 193
[ Tue Aug 15 2017 16:26:40 GMT+0800 (CST) ] {"err":0,"msg":"JPXD8arJ9pLofdiwSAaSg5C4BxKme4iCAt"}
[ Tue Aug 15 2017 16:26:40 GMT+0800 (CST) ] time is 195
[ Tue Aug 15 2017 16:26:40 GMT+0800 (CST) ] {"err":0,"msg":"JfDbb7sgG8U75JGnT9wpuVGiqdDruCJaR1"}
[ Tue Aug 15 2017 16:26:40 GMT+0800 (CST) ] time is 195
[ Tue Aug 15 2017 16:26:40 GMT+0800 (CST) ] {"err":0,"msg":"JP9Weo1NuFWy4LVDRRe9itHf34NFUG3qde"}
[ Tue Aug 15 2017 16:26:40 GMT+0800 (CST) ] time is 197
[ Tue Aug 15 2017 16:26:40 GMT+0800 (CST) ] {"err":0,"msg":"JPnv6jjhem5iVyUTzbZyoTD5SfWLKGCHdh"}
[ Tue Aug 15 2017 16:26:40 GMT+0800 (CST) ] time is 194
[ Tue Aug 15 2017 16:26:40 GMT+0800 (CST) ] {"err":0,"msg":"JacPRJ4YBxAJ3DcNDggrN9J5d6YKoACbMJ"}
[ Tue Aug 15 2017 16:26:40 GMT+0800 (CST) ] time is 196
[ Tue Aug 15 2017 16:26:40 GMT+0800 (CST) ] {"err":0,"msg":"JPhaznPNhJQsKG7PVPZVKUPXtVjbfm16Cw"}
[ Tue Aug 15 2017 16:26:40 GMT+0800 (CST) ] time is 196
[ Tue Aug 15 2017 16:26:40 GMT+0800 (CST) ] {"err":0,"msg":"JP66m4Yvw1RyBxoq4jsEnPBbZeiSkFNxwb"}
[ Tue Aug 15 2017 16:26:40 GMT+0800 (CST) ] time is 198
[ Tue Aug 15 2017 16:26:40 GMT+0800 (CST) ] {"err":0,"msg":"JWmmMckVKmA7wDv6bpygTL3fnYxvqFqo3X"}
[ Tue Aug 15 2017 16:26:40 GMT+0800 (CST) ] time is 195
[ Tue Aug 15 2017 16:26:40 GMT+0800 (CST) ] {"err":0,"msg":"JSM6QghiLJS55Qh6M4QodzxYQYS9VtbVRU"}
[ Tue Aug 15 2017 16:26:40 GMT+0800 (CST) ] time is 197
[ Tue Aug 15 2017 16:26:40 GMT+0800 (CST) ] {"err":0,"msg":"Je2UHYmnxHBwm4SAHym5W2nwDssssQYBqf"}
[ Tue Aug 15 2017 16:26:40 GMT+0800 (CST) ] time is 197
[ Tue Aug 15 2017 16:26:40 GMT+0800 (CST) ] {"err":0,"msg":"JYBnus7u3auWxZ66mhgfPeXGTcaMmEBHDs"}
[ Tue Aug 15 2017 16:26:40 GMT+0800 (CST) ] time is 199
[ Tue Aug 15 2017 16:26:40 GMT+0800 (CST) ] {"err":0,"msg":"JRWvmHUoZsGh9wxDCAFBJt5LsTAsR88ifL"}
[ Tue Aug 15 2017 16:26:40 GMT+0800 (CST) ] time is 196
[ Tue Aug 15 2017 16:26:40 GMT+0800 (CST) ] {"err":0,"msg":"JYfkYtUSP4nbrw32K4mpHTP6gnhumucohb"}
[ Tue Aug 15 2017 16:26:40 GMT+0800 (CST) ] time is 198
[ Tue Aug 15 2017 16:26:40 GMT+0800 (CST) ] {"err":0,"msg":"JcjYURBKuPL3EM2V6L61PvptwKMJDFTd3w"}
[ Tue Aug 15 2017 16:26:40 GMT+0800 (CST) ] time is 198
[ Tue Aug 15 2017 16:26:40 GMT+0800 (CST) ] {"err":0,"msg":"JSf5HyEXVApMtAxRL2cjiffFaBFRnXfe77"}
[ Tue Aug 15 2017 16:26:40 GMT+0800 (CST) ] time is 200
[ Tue Aug 15 2017 16:26:40 GMT+0800 (CST) ] {"err":0,"msg":"JWk27aUqb33Hxj9Mf5mC9fKpXESi4W4q7C"}
[ Tue Aug 15 2017 16:26:40 GMT+0800 (CST) ] time is 197
[ Tue Aug 15 2017 16:26:40 GMT+0800 (CST) ] {"err":0,"msg":"JhiUFmXEbTMiLbtfgAMJxqmcakv5Xg3rww"}
[ Tue Aug 15 2017 16:26:40 GMT+0800 (CST) ] time is 199
[ Tue Aug 15 2017 16:26:40 GMT+0800 (CST) ] {"err":0,"msg":"JU4KkDoVmDYnB9EboY6rwRHGZop1YRgtS6"}
[ Tue Aug 15 2017 16:26:40 GMT+0800 (CST) ] time is 199
[ Tue Aug 15 2017 16:26:40 GMT+0800 (CST) ] {"err":0,"msg":"JMtNjKo3LRLmqw38NihiovVkZJVcf6BKW2"}
[ Tue Aug 15 2017 16:26:40 GMT+0800 (CST) ] time is 201
[ Tue Aug 15 2017 16:26:40 GMT+0800 (CST) ] {"err":0,"msg":"JWVgcXJX97C8PYqydfKhNLfqdjQ6Bq5wKt"}
[ Tue Aug 15 2017 16:26:40 GMT+0800 (CST) ] time is 198
[ Tue Aug 15 2017 16:26:40 GMT+0800 (CST) ] {"err":0,"msg":"JV4ZeKdyBvedtXLtVuyfsb688a9tt8LAzP"}
[ Tue Aug 15 2017 16:26:40 GMT+0800 (CST) ] time is 200
[ Tue Aug 15 2017 16:26:40 GMT+0800 (CST) ] {"err":0,"msg":"JRp3sqfj64D7hwHJ1DzPstSMG3WbwpnM6E"}
[ Tue Aug 15 2017 16:26:40 GMT+0800 (CST) ] time is 200
[ Tue Aug 15 2017 16:26:40 GMT+0800 (CST) ] {"err":0,"msg":"JQ5G31eBfzHPhqydkd2y3vijbAd7kgayWw"}
[ Tue Aug 15 2017 16:26:40 GMT+0800 (CST) ] time is 202
[ Tue Aug 15 2017 16:26:40 GMT+0800 (CST) ] {"err":0,"msg":"JdxdRFaDY9r4UAs9ZVA3CzypTzTdz5jPbu"}
[ Tue Aug 15 2017 16:26:40 GMT+0800 (CST) ] time is 199
[ Tue Aug 15 2017 16:26:40 GMT+0800 (CST) ] {"err":0,"msg":"Jgw2EStLmrCuZz63pVy68YxHh1ScxzuKty"}
[ Tue Aug 15 2017 16:26:40 GMT+0800 (CST) ] time is 201
[ Tue Aug 15 2017 16:26:40 GMT+0800 (CST) ] {"err":0,"msg":"JYRYmRRuVLGzwx9i5LGwCipetN8zM7TW9k"}
[ Tue Aug 15 2017 16:26:40 GMT+0800 (CST) ] time is 201
[ Tue Aug 15 2017 16:26:40 GMT+0800 (CST) ] {"err":0,"msg":"JfsgVVj9aPJQMik4sNXitnJwCf4Xog2qEL"}
[ Tue Aug 15 2017 16:26:40 GMT+0800 (CST) ] time is 203
[ Tue Aug 15 2017 16:26:40 GMT+0800 (CST) ] {"err":0,"msg":"JTowHhHDnsbn2PsVKuWmgZSKbUU8T6g9bZ"}
[ Tue Aug 15 2017 16:26:40 GMT+0800 (CST) ] time is 200
[ Tue Aug 15 2017 16:26:40 GMT+0800 (CST) ] {"err":0,"msg":"Jg3rJAfidGDT7mHWJQh5gjLFC1SWpNLZzX"}
[ Tue Aug 15 2017 16:26:40 GMT+0800 (CST) ] time is 202
[ Tue Aug 15 2017 16:26:40 GMT+0800 (CST) ] {"err":0,"msg":"JhJpH6Ab3K67MaU1APfy9pRYjw4o6SuaN7"}
[ Tue Aug 15 2017 16:26:40 GMT+0800 (CST) ] time is 202
[ Tue Aug 15 2017 16:26:40 GMT+0800 (CST) ] {"err":0,"msg":"Je3oRpSWmxBNn5MJZVZvgVU1HHT1m1VEkX"}
[ Tue Aug 15 2017 16:26:40 GMT+0800 (CST) ] time is 204
[ Tue Aug 15 2017 16:26:40 GMT+0800 (CST) ] {"err":0,"msg":"JadaSozqpDRWttQsd5WtfzcbD2DLEwJk6q"}
[ Tue Aug 15 2017 16:26:40 GMT+0800 (CST) ] time is 201
[ Tue Aug 15 2017 16:26:40 GMT+0800 (CST) ] {"err":0,"msg":"JKdzBTidk92U5ytTe2jC9xgHEzhQMuPNXr"}
[ Tue Aug 15 2017 16:26:40 GMT+0800 (CST) ] time is 203
[ Tue Aug 15 2017 16:26:40 GMT+0800 (CST) ] {"err":0,"msg":"JgoFrE9rtpjvYban3mYb5rPCuQ3ChCPaQe"}
[ Tue Aug 15 2017 16:26:40 GMT+0800 (CST) ] time is 203
[ Tue Aug 15 2017 16:26:40 GMT+0800 (CST) ] {"err":0,"msg":"JZ6ghT8FLkJ8bRtrrZyqwA2VSTDLb2zfkB"}
[ Tue Aug 15 2017 16:26:40 GMT+0800 (CST) ] time is 205
[ Tue Aug 15 2017 16:26:40 GMT+0800 (CST) ] {"err":0,"msg":"JbLRB81Cg2zQhSN5jFzP9EnKWbdaTLYS3k"}
[ Tue Aug 15 2017 16:26:40 GMT+0800 (CST) ] time is 202
[ Tue Aug 15 2017 16:26:40 GMT+0800 (CST) ] {"err":0,"msg":"JSXfPFyq953xyGKzx4mM3fop2u55YCXybT"}
[ Tue Aug 15 2017 16:26:40 GMT+0800 (CST) ] time is 204
[ Tue Aug 15 2017 16:26:40 GMT+0800 (CST) ] {"err":0,"msg":"JJgZZEraB2XMioYgv6uP9rZuV6LQRibpjq"}
[ Tue Aug 15 2017 16:26:40 GMT+0800 (CST) ] time is 204
[ Tue Aug 15 2017 16:26:40 GMT+0800 (CST) ] {"err":0,"msg":"JMhCaBxim3jtCBjYLuceVFK76hmAsC38YV"}
[ Tue Aug 15 2017 16:26:40 GMT+0800 (CST) ] time is 206
[ Tue Aug 15 2017 16:26:40 GMT+0800 (CST) ] {"err":0,"msg":"JZ5NVV5sE7n797oh21jkvya8mB4j9VkCZv"}
[ Tue Aug 15 2017 16:26:40 GMT+0800 (CST) ] time is 203
[ Tue Aug 15 2017 16:26:40 GMT+0800 (CST) ] {"err":0,"msg":"JbTgUBbxKUhcMgrH7M9Z2KNEE13MLS2cFX"}
[ Tue Aug 15 2017 16:26:40 GMT+0800 (CST) ] time is 205
[ Tue Aug 15 2017 16:26:40 GMT+0800 (CST) ] {"err":0,"msg":"JYAJSGFLfoHn3KaVWbmnFDBDae93mZ2TXH"}
[ Tue Aug 15 2017 16:26:40 GMT+0800 (CST) ] time is 205
[ Tue Aug 15 2017 16:26:40 GMT+0800 (CST) ] {"err":0,"msg":"Jdiunp5C8tuHrs9rj85c7bELkhKoUWWLRv"}
[ Tue Aug 15 2017 16:26:40 GMT+0800 (CST) ] time is 207
[ Tue Aug 15 2017 16:26:40 GMT+0800 (CST) ] {"err":0,"msg":"JKuerNPpiowsjFYG6LNtabZzk2FYygDekF"}
[ Tue Aug 15 2017 16:26:40 GMT+0800 (CST) ] time is 204
[ Tue Aug 15 2017 16:26:40 GMT+0800 (CST) ] {"err":0,"msg":"JhTanZqrTWK9tVjJdr8Hx2wUW7w7u88vU1"}
[ Tue Aug 15 2017 16:26:40 GMT+0800 (CST) ] time is 206
[ Tue Aug 15 2017 16:26:40 GMT+0800 (CST) ] {"err":0,"msg":"JQhMLH2X7i2AESxkGw7i5Xkw5xP6iMBkJg"}
[ Tue Aug 15 2017 16:26:40 GMT+0800 (CST) ] time is 206
[ Tue Aug 15 2017 16:26:40 GMT+0800 (CST) ] {"err":0,"msg":"JdFwKQDCNKATqPDQ4aehNYZqpuwoVQDTK5"}
[ Tue Aug 15 2017 16:26:40 GMT+0800 (CST) ] time is 208
[ Tue Aug 15 2017 16:26:40 GMT+0800 (CST) ] {"err":0,"msg":"JNBedHZ65sYuJZDWHdBdXRPZtQDUQCaKnr"}
[ Tue Aug 15 2017 16:26:40 GMT+0800 (CST) ] time is 205
[ Tue Aug 15 2017 16:26:40 GMT+0800 (CST) ] {"err":0,"msg":"JMDaCisVsJVND83WAn9VoJD8bbbKf38iMK"}
[ Tue Aug 15 2017 16:26:40 GMT+0800 (CST) ] time is 207
[ Tue Aug 15 2017 16:26:40 GMT+0800 (CST) ] {"err":0,"msg":"JZ3Z4FxKbhG7mPomvJiPDRnJ7Yqv5kYdkt"}
[ Tue Aug 15 2017 16:26:40 GMT+0800 (CST) ] time is 207
[ Tue Aug 15 2017 16:26:40 GMT+0800 (CST) ] {"err":0,"msg":"JUX2TFQ6z8Tdo47743tAME13Kc81qnr2AY"}
[ Tue Aug 15 2017 16:26:40 GMT+0800 (CST) ] time is 209
[ Tue Aug 15 2017 16:26:40 GMT+0800 (CST) ] {"err":0,"msg":"JZ1gFEAvHzYTKPVLZPjiEadmUjqSaQA6Z7"}
[ Tue Aug 15 2017 16:26:40 GMT+0800 (CST) ] time is 206
[ Tue Aug 15 2017 16:26:40 GMT+0800 (CST) ] {"err":0,"msg":"JRqqEWhUY6zebaPBvY5UMBKynUQJtj7352"}
[ Tue Aug 15 2017 16:26:40 GMT+0800 (CST) ] time is 208
[ Tue Aug 15 2017 16:26:40 GMT+0800 (CST) ] {"err":0,"msg":"JRusFBSSU5L1eXe1DTHWQ4L4ttt6wS4stT"}
[ Tue Aug 15 2017 16:26:40 GMT+0800 (CST) ] time is 208
[ Tue Aug 15 2017 16:26:40 GMT+0800 (CST) ] {"err":0,"msg":"Jd45ArNWaoHpoXYTUpibe1mxeeXiatX3QX"}
[ Tue Aug 15 2017 16:26:40 GMT+0800 (CST) ] time is 210
[ Tue Aug 15 2017 16:26:40 GMT+0800 (CST) ] {"err":0,"msg":"JR51DtWMBBC1YG91zrfLGdU1FTDssbkaeC"}
[ Tue Aug 15 2017 16:26:40 GMT+0800 (CST) ] time is 207
[ Tue Aug 15 2017 16:26:40 GMT+0800 (CST) ] {"err":0,"msg":"JKo2yfvGBTGLh9NB3eGiQVqrBzCJk18fSL"}
[ Tue Aug 15 2017 16:26:40 GMT+0800 (CST) ] time is 209
[ Tue Aug 15 2017 16:26:40 GMT+0800 (CST) ] {"err":0,"msg":"JgfKrVfTSes1KdB2BbZKfMLknE41Xvkp6t"}
[ Tue Aug 15 2017 16:26:40 GMT+0800 (CST) ] time is 209
[ Tue Aug 15 2017 16:26:40 GMT+0800 (CST) ] {"err":0,"msg":"JZeTBUfLGHn4vnFPontcLeMg4b2T53fRqX"}
[ Tue Aug 15 2017 16:26:40 GMT+0800 (CST) ] time is 211
[ Tue Aug 15 2017 16:26:40 GMT+0800 (CST) ] {"err":0,"msg":"JSyC52Vsc8i3V65LLUjHkD6zeArgjh4hXD"}
[ Tue Aug 15 2017 16:26:40 GMT+0800 (CST) ] time is 208
[ Tue Aug 15 2017 16:26:40 GMT+0800 (CST) ] {"err":0,"msg":"JbabbakupaNcS7pmGiowhSoGmpyXNMTScW"}
[ Tue Aug 15 2017 16:26:40 GMT+0800 (CST) ] time is 210
[ Tue Aug 15 2017 16:26:40 GMT+0800 (CST) ] {"err":0,"msg":"JQRrtgbUo42aZuukeTdU4iUFmX6pYFTfB3"}
[ Tue Aug 15 2017 16:26:40 GMT+0800 (CST) ] time is 210
[ Tue Aug 15 2017 16:26:40 GMT+0800 (CST) ] {"err":0,"msg":"Jhm1a3UqVzj18AncKKeKdecCaTiqjkpo7T"}
[ Tue Aug 15 2017 16:26:40 GMT+0800 (CST) ] time is 212
[ Tue Aug 15 2017 16:26:40 GMT+0800 (CST) ] {"err":0,"msg":"JSyf2j1vDCTepLjuRneBW5UPfHpEojQWim"}
[ Tue Aug 15 2017 16:26:40 GMT+0800 (CST) ] time is 209
[ Tue Aug 15 2017 16:26:40 GMT+0800 (CST) ] {"err":0,"msg":"JWyz7G6xNm3nmEFpx43tMJkxhSJGzPNTUq"}
[ Tue Aug 15 2017 16:26:41 GMT+0800 (CST) ] time is 211
[ Tue Aug 15 2017 16:26:41 GMT+0800 (CST) ] {"err":0,"msg":"Jat83a4LbvQkiZG2tkhw1bwQDXLS7cDjWz"}
[ Tue Aug 15 2017 16:26:41 GMT+0800 (CST) ] time is 211
[ Tue Aug 15 2017 16:26:41 GMT+0800 (CST) ] {"err":0,"msg":"JUWYqZd4jXvEFwWr5BopkdBxTEMaXHtuX1"}
[ Tue Aug 15 2017 16:26:41 GMT+0800 (CST) ] time is 213
[ Tue Aug 15 2017 16:26:41 GMT+0800 (CST) ] {"err":0,"msg":"JPekiefwd8eC2oBNEF813cgnngx3nFtAAv"}
[ Tue Aug 15 2017 16:26:41 GMT+0800 (CST) ] time is 210
[ Tue Aug 15 2017 16:26:41 GMT+0800 (CST) ] {"err":0,"msg":"Jc6f7P3BgkA3Buua9FdngT95S7kGgYuLxs"}
[ Tue Aug 15 2017 16:26:41 GMT+0800 (CST) ] time is 212
[ Tue Aug 15 2017 16:26:41 GMT+0800 (CST) ] {"err":0,"msg":"JfpUgLWL8E5syxF7MVUfJZbE2JDooe8pUM"}
[ Tue Aug 15 2017 16:26:41 GMT+0800 (CST) ] time is 212
[ Tue Aug 15 2017 16:26:41 GMT+0800 (CST) ] {"err":0,"msg":"JaAjrwQCMsxhrHZg9A8LvHnr7o4YWx3Nz2"}
[ Tue Aug 15 2017 16:26:41 GMT+0800 (CST) ] time is 211
[ Tue Aug 15 2017 16:26:41 GMT+0800 (CST) ] {"err":0,"msg":"JcjnwTuaXAQkKmRso7Vf3UQ1aD6dguWfpM"}
[ Tue Aug 15 2017 16:26:41 GMT+0800 (CST) ] time is 213
[ Tue Aug 15 2017 16:26:41 GMT+0800 (CST) ] {"err":0,"msg":"JUod4P2puUMTzS812mkSB31AiBG9JFGgus"}
[ Tue Aug 15 2017 16:26:41 GMT+0800 (CST) ] time is 214
[ Tue Aug 15 2017 16:26:41 GMT+0800 (CST) ] {"err":0,"msg":"JbgUnALEqZXFCHUpqHZNt4b4qQd1mGjWcp"}
[ Tue Aug 15 2017 16:26:41 GMT+0800 (CST) ] time is 213
[ Tue Aug 15 2017 16:26:41 GMT+0800 (CST) ] {"err":0,"msg":"JbTG2jPaRcPx4UMMjgz6Hdv7UrjT9hr6eu"}
[ Tue Aug 15 2017 16:26:41 GMT+0800 (CST) ] time is 212
[ Tue Aug 15 2017 16:26:41 GMT+0800 (CST) ] {"err":0,"msg":"JUpqXnwEf89jb7Xesn2dtorkgjHgT8bu87"}
[ Tue Aug 15 2017 16:26:41 GMT+0800 (CST) ] time is 214
[ Tue Aug 15 2017 16:26:41 GMT+0800 (CST) ] {"err":0,"msg":"Jeff7MpoxKgpKU9EFsiAvBtWiAonEZsr4s"}
[ Tue Aug 15 2017 16:26:41 GMT+0800 (CST) ] time is 215
[ Tue Aug 15 2017 16:26:41 GMT+0800 (CST) ] {"err":0,"msg":"JgLSm5Lvd2NX6M19EotkLu8a7rQWTYfwQv"}
[ Tue Aug 15 2017 16:26:41 GMT+0800 (CST) ] time is 214
[ Tue Aug 15 2017 16:26:41 GMT+0800 (CST) ] {"err":0,"msg":"JTe7Ga4djesdXNp4CPMFhGhYwmdjKDttq7"}
[ Tue Aug 15 2017 16:26:41 GMT+0800 (CST) ] time is 213
[ Tue Aug 15 2017 16:26:41 GMT+0800 (CST) ] {"err":0,"msg":"JVNbi9EkCc6kJo9AViiqm1yQCLPVa4ShBD"}
[ Tue Aug 15 2017 16:26:41 GMT+0800 (CST) ] time is 215
[ Tue Aug 15 2017 16:26:41 GMT+0800 (CST) ] {"err":0,"msg":"JhXrKaaPcsSx2fbQm9PeSJDN1TFHGm7QcH"}
[ Tue Aug 15 2017 16:26:41 GMT+0800 (CST) ] time is 216
[ Tue Aug 15 2017 16:26:41 GMT+0800 (CST) ] {"err":0,"msg":"JhLoWDEK59tRk83e1Hz5bgpJSV9QeoYAde"}
[ Tue Aug 15 2017 16:26:41 GMT+0800 (CST) ] time is 215
[ Tue Aug 15 2017 16:26:41 GMT+0800 (CST) ] {"err":0,"msg":"JTBwGv3Hp4Xgs8HgHy4i1qugknBHZLHxrb"}
[ Tue Aug 15 2017 16:26:41 GMT+0800 (CST) ] time is 214
[ Tue Aug 15 2017 16:26:41 GMT+0800 (CST) ] {"err":0,"msg":"JhJYRUn3YbxSW3KMGGu4yeCyEQqMKmetY4"}
[ Tue Aug 15 2017 16:26:41 GMT+0800 (CST) ] time is 216
[ Tue Aug 15 2017 16:26:41 GMT+0800 (CST) ] {"err":0,"msg":"JgsqPA2SfqW1gzBSrbmPdrfUCxP6joU3B8"}
[ Tue Aug 15 2017 16:26:41 GMT+0800 (CST) ] time is 217
[ Tue Aug 15 2017 16:26:41 GMT+0800 (CST) ] {"err":0,"msg":"JRV9vT17pvR2xu1qsjawVqwZLXYcW8EtP5"}
[ Tue Aug 15 2017 16:26:41 GMT+0800 (CST) ] time is 216
[ Tue Aug 15 2017 16:26:41 GMT+0800 (CST) ] {"err":0,"msg":"JSzHASpYUTmcAvDSGLk8jrsHMA1ttm8Eau"}
[ Tue Aug 15 2017 16:26:41 GMT+0800 (CST) ] time is 215
[ Tue Aug 15 2017 16:26:41 GMT+0800 (CST) ] {"err":0,"msg":"JLpzd19Bru52eAMFv67WzmUMF1Zpf83Q8w"}
[ Tue Aug 15 2017 16:26:41 GMT+0800 (CST) ] time is 217
[ Tue Aug 15 2017 16:26:41 GMT+0800 (CST) ] {"err":0,"msg":"JUrf6QbRsHicWB7QKX3kiRJwCSYUMoSwJS"}
[ Tue Aug 15 2017 16:26:41 GMT+0800 (CST) ] time is 218
[ Tue Aug 15 2017 16:26:41 GMT+0800 (CST) ] {"err":0,"msg":"JbroSbFndqor2yD8v3D7B4QiYqP2eAjy5U"}
[ Tue Aug 15 2017 16:26:41 GMT+0800 (CST) ] time is 217
[ Tue Aug 15 2017 16:26:41 GMT+0800 (CST) ] {"err":0,"msg":"JNk4XTe48Yyjsp683JhSgQCfcDSSneVLBp"}
[ Tue Aug 15 2017 16:26:41 GMT+0800 (CST) ] time is 216
[ Tue Aug 15 2017 16:26:41 GMT+0800 (CST) ] {"err":0,"msg":"JP3GpYMadQYbCj5ZtCQSyNSqvQ9b9Cm7vJ"}
[ Tue Aug 15 2017 16:26:41 GMT+0800 (CST) ] time is 218
[ Tue Aug 15 2017 16:26:41 GMT+0800 (CST) ] {"err":0,"msg":"JL9GR9HaufodGZQY2tD6WyNryTsG8LHgKQ"}
[ Tue Aug 15 2017 16:26:41 GMT+0800 (CST) ] time is 219
[ Tue Aug 15 2017 16:26:41 GMT+0800 (CST) ] {"err":0,"msg":"JZ4qKSUsbVmZqKw8Xgf3VxTFrZKp3BvCXp"}
[ Tue Aug 15 2017 16:26:41 GMT+0800 (CST) ] time is 218
[ Tue Aug 15 2017 16:26:41 GMT+0800 (CST) ] {"err":0,"msg":"JQyjDPpVnbWoHp4wvw9k1k9e4kxVcLdQMe"}
[ Tue Aug 15 2017 16:26:41 GMT+0800 (CST) ] time is 217
[ Tue Aug 15 2017 16:26:41 GMT+0800 (CST) ] {"err":0,"msg":"JbRXmWph84WHaqrLrvBVCGoUbZHkkhstt6"}
[ Tue Aug 15 2017 16:26:41 GMT+0800 (CST) ] time is 219
[ Tue Aug 15 2017 16:26:41 GMT+0800 (CST) ] {"err":0,"msg":"Jb9i1xiPePn11oLVFhpLaQyPf2MXe2ztDm"}
[ Tue Aug 15 2017 16:26:41 GMT+0800 (CST) ] time is 220
[ Tue Aug 15 2017 16:26:41 GMT+0800 (CST) ] {"err":0,"msg":"JJfAmFg33tgGCRuddJZxFWnaKm5PT4iMU6"}
[ Tue Aug 15 2017 16:26:41 GMT+0800 (CST) ] time is 219
[ Tue Aug 15 2017 16:26:41 GMT+0800 (CST) ] {"err":0,"msg":"JWphyUiBFbzjoo1W6j9ntdTWrSUuCQQQ1P"}
[ Tue Aug 15 2017 16:26:41 GMT+0800 (CST) ] time is 218
[ Tue Aug 15 2017 16:26:41 GMT+0800 (CST) ] {"err":0,"msg":"Jb5iT9V9SBru5N1YBUh8XjBsYQyAvv9isY"}
[ Tue Aug 15 2017 16:26:41 GMT+0800 (CST) ] time is 220
[ Tue Aug 15 2017 16:26:41 GMT+0800 (CST) ] {"err":0,"msg":"JVjzwtaz1D2TUXQsGZSdBcAbw2JovZHgxG"}
[ Tue Aug 15 2017 16:26:41 GMT+0800 (CST) ] time is 221
[ Tue Aug 15 2017 16:26:41 GMT+0800 (CST) ] {"err":0,"msg":"JZEGzt4wjhQqLHUojMUDdi54neDLEPUWSJ"}
[ Tue Aug 15 2017 16:26:41 GMT+0800 (CST) ] time is 220
[ Tue Aug 15 2017 16:26:41 GMT+0800 (CST) ] {"err":0,"msg":"JbFr5WXDx6puraozXLh1M23Dv8YZ58Yjxm"}
[ Tue Aug 15 2017 16:26:41 GMT+0800 (CST) ] time is 219
[ Tue Aug 15 2017 16:26:41 GMT+0800 (CST) ] {"err":0,"msg":"JXuwUesa5xy5fA1CARaCtBvfbiKLY12uXX"}
[ Tue Aug 15 2017 16:26:41 GMT+0800 (CST) ] time is 221
[ Tue Aug 15 2017 16:26:41 GMT+0800 (CST) ] {"err":0,"msg":"JTbLrWkR9H7NgTqprx2BCi2eAmeMhm9q9Y"}
[ Tue Aug 15 2017 16:26:41 GMT+0800 (CST) ] time is 222
[ Tue Aug 15 2017 16:26:41 GMT+0800 (CST) ] {"err":0,"msg":"JSGsR7UiCvZXYJkx7zmXRR7YbyzunpqCPz"}
[ Tue Aug 15 2017 16:26:41 GMT+0800 (CST) ] time is 221
[ Tue Aug 15 2017 16:26:41 GMT+0800 (CST) ] {"err":0,"msg":"JNwWizeZvivo26u7mmXU9rwtj8PyioVRBj"}
[ Tue Aug 15 2017 16:26:41 GMT+0800 (CST) ] time is 220
[ Tue Aug 15 2017 16:26:41 GMT+0800 (CST) ] {"err":0,"msg":"JY1LJ2R8KxAJnqdCJnYdWzAA2Fn3b8sS3Z"}
[ Tue Aug 15 2017 16:26:41 GMT+0800 (CST) ] time is 222
[ Tue Aug 15 2017 16:26:41 GMT+0800 (CST) ] {"err":0,"msg":"Ja88C3oh6c2EZMBBjxXXcB6kUyAN78DWcr"}
[ Tue Aug 15 2017 16:26:41 GMT+0800 (CST) ] time is 223
[ Tue Aug 15 2017 16:26:41 GMT+0800 (CST) ] {"err":0,"msg":"JTDEDfgzCRBPGKYcDLtxnXFwoJVQVoProz"}
[ Tue Aug 15 2017 16:26:41 GMT+0800 (CST) ] time is 222
[ Tue Aug 15 2017 16:26:41 GMT+0800 (CST) ] {"err":0,"msg":"JJwwtEEJK3xFNxW1AXsJWKCLQJcMnDQamX"}
[ Tue Aug 15 2017 16:26:41 GMT+0800 (CST) ] time is 221
[ Tue Aug 15 2017 16:26:41 GMT+0800 (CST) ] {"err":0,"msg":"JXvjchU18fTpxETD7AV5xbeHXiWtyJRdAX"}
[ Tue Aug 15 2017 16:26:41 GMT+0800 (CST) ] time is 223
[ Tue Aug 15 2017 16:26:41 GMT+0800 (CST) ] {"err":0,"msg":"Ja58SYEaxqQqv6QkCCJFPK6kHrZWKoVxyq"}
[ Tue Aug 15 2017 16:26:41 GMT+0800 (CST) ] time is 224
[ Tue Aug 15 2017 16:26:41 GMT+0800 (CST) ] {"err":0,"msg":"JNVegVr1ybLg6XzGL6QgcDeKU89igFm5Dt"}
[ Tue Aug 15 2017 16:26:41 GMT+0800 (CST) ] time is 223
[ Tue Aug 15 2017 16:26:41 GMT+0800 (CST) ] {"err":0,"msg":"JbkGafVDYrkuiPTzKUtbTosETpt17n3X6y"}
[ Tue Aug 15 2017 16:26:41 GMT+0800 (CST) ] time is 222
[ Tue Aug 15 2017 16:26:41 GMT+0800 (CST) ] {"err":0,"msg":"JawDskC7Lc81Hjx9zAm354CAPRxy75ZAdt"}
[ Tue Aug 15 2017 16:26:41 GMT+0800 (CST) ] time is 224
[ Tue Aug 15 2017 16:26:41 GMT+0800 (CST) ] {"err":0,"msg":"JT7BBNPx4XBAU1AKUyUSUCmxfS8ix8AJ8F"}
[ Tue Aug 15 2017 16:26:41 GMT+0800 (CST) ] time is 225
[ Tue Aug 15 2017 16:26:41 GMT+0800 (CST) ] {"err":0,"msg":"JRLuHBPPwsn9J2miU1NGokxwF995jSjeNn"}
[ Tue Aug 15 2017 16:26:41 GMT+0800 (CST) ] time is 224
[ Tue Aug 15 2017 16:26:41 GMT+0800 (CST) ] {"err":0,"msg":"Je6eLEJU4LZ9RoA9SJ1MkrPiAG9tVX8HuY"}
[ Tue Aug 15 2017 16:26:41 GMT+0800 (CST) ] time is 223
[ Tue Aug 15 2017 16:26:41 GMT+0800 (CST) ] {"err":0,"msg":"JZP3gukekE4eRtxvSi7M8UJnHQTGgnNrbA"}
[ Tue Aug 15 2017 16:26:41 GMT+0800 (CST) ] time is 225
[ Tue Aug 15 2017 16:26:41 GMT+0800 (CST) ] {"err":0,"msg":"JhJnCVja89RVZJV8TdHGA3nyGRpnsRfBJ5"}
[ Tue Aug 15 2017 16:26:41 GMT+0800 (CST) ] time is 226
[ Tue Aug 15 2017 16:26:41 GMT+0800 (CST) ] {"err":0,"msg":"JXQXrqBwtziqwxLkTTV8oJE8E6o2Tpi21b"}
[ Tue Aug 15 2017 16:26:41 GMT+0800 (CST) ] time is 225
[ Tue Aug 15 2017 16:26:41 GMT+0800 (CST) ] {"err":0,"msg":"JZQsyNAgz1EfMYXgSiZD49GWTrEhc4A38x"}
[ Tue Aug 15 2017 16:26:41 GMT+0800 (CST) ] time is 224
[ Tue Aug 15 2017 16:26:41 GMT+0800 (CST) ] {"err":0,"msg":"JPKW7zzcRBXvmY3UvjhD7UJUkbjqwNDVwj"}
[ Tue Aug 15 2017 16:26:41 GMT+0800 (CST) ] time is 226
[ Tue Aug 15 2017 16:26:41 GMT+0800 (CST) ] {"err":0,"msg":"JM4FHAnZqEyiVvie3DcNg3P6mteA2qzHw7"}
[ Tue Aug 15 2017 16:26:41 GMT+0800 (CST) ] time is 227
[ Tue Aug 15 2017 16:26:41 GMT+0800 (CST) ] {"err":0,"msg":"JgjMzAN9WFconkYWZbwZDa6v6xbn7Cf81V"}
[ Tue Aug 15 2017 16:26:41 GMT+0800 (CST) ] time is 226
[ Tue Aug 15 2017 16:26:41 GMT+0800 (CST) ] {"err":0,"msg":"JZQw5GJMW9q9aZNkxf65TbLxgUhCedoiws"}
[ Tue Aug 15 2017 16:26:41 GMT+0800 (CST) ] time is 225
[ Tue Aug 15 2017 16:26:41 GMT+0800 (CST) ] {"err":0,"msg":"JLkDhBG61znXSaAMQL214gYCv2fhu4UvDK"}
[ Tue Aug 15 2017 16:26:41 GMT+0800 (CST) ] time is 227
[ Tue Aug 15 2017 16:26:41 GMT+0800 (CST) ] {"err":0,"msg":"JZV6LY6RQX7saP1bnWM8yf4bDZveRjURCv"}
[ Tue Aug 15 2017 16:26:41 GMT+0800 (CST) ] time is 228
[ Tue Aug 15 2017 16:26:41 GMT+0800 (CST) ] {"err":0,"msg":"Jf8UU6E6Z12kUWcmyZpZx2EJKR8L1P48GX"}
[ Tue Aug 15 2017 16:26:41 GMT+0800 (CST) ] time is 227
[ Tue Aug 15 2017 16:26:41 GMT+0800 (CST) ] {"err":0,"msg":"JQJ18NxYJKvrxHxCJzstqtAY2ZRbC7mL5o"}
[ Tue Aug 15 2017 16:26:41 GMT+0800 (CST) ] time is 226
[ Tue Aug 15 2017 16:26:41 GMT+0800 (CST) ] {"err":0,"msg":"JehTb2mYSoVUATJPTk6NpxeyAa1NNYH5RS"}
[ Tue Aug 15 2017 16:26:41 GMT+0800 (CST) ] time is 228
[ Tue Aug 15 2017 16:26:41 GMT+0800 (CST) ] {"err":0,"msg":"JeFHcRLCBsJp3CzpFR32jA9WsX8dsYtrJ6"}
[ Tue Aug 15 2017 16:26:41 GMT+0800 (CST) ] time is 229
[ Tue Aug 15 2017 16:26:41 GMT+0800 (CST) ] {"err":0,"msg":"JMctzBG7K9z4DuKfRBeHaSciP2K7atQ7qt"}
[ Tue Aug 15 2017 16:26:41 GMT+0800 (CST) ] time is 228
[ Tue Aug 15 2017 16:26:41 GMT+0800 (CST) ] {"err":0,"msg":"JdCWJyNGfAC54TyqSRDCCM5Hr2oRjYpCwq"}
[ Tue Aug 15 2017 16:26:41 GMT+0800 (CST) ] time is 227
[ Tue Aug 15 2017 16:26:41 GMT+0800 (CST) ] {"err":0,"msg":"JRXK2Vcr66PN75vyqzGV4fVyGjbgMCMky5"}
[ Tue Aug 15 2017 16:26:41 GMT+0800 (CST) ] time is 229
[ Tue Aug 15 2017 16:26:41 GMT+0800 (CST) ] {"err":0,"msg":"JQPtt2XXQ78JAn4CBa8fdiZG3w1Kix47MQ"}
[ Tue Aug 15 2017 16:26:41 GMT+0800 (CST) ] time is 230
[ Tue Aug 15 2017 16:26:41 GMT+0800 (CST) ] {"err":0,"msg":"JZnDKwQLatLn7fGFjEKeV4qNNWdzsK1Swu"}
[ Tue Aug 15 2017 16:26:41 GMT+0800 (CST) ] time is 229
[ Tue Aug 15 2017 16:26:41 GMT+0800 (CST) ] {"err":0,"msg":"JapartyaEEzkwvBvfdB9atdK9DwPLCbTv3"}
[ Tue Aug 15 2017 16:26:41 GMT+0800 (CST) ] time is 228
[ Tue Aug 15 2017 16:26:41 GMT+0800 (CST) ] {"err":0,"msg":"JWap7C8Py7V2gQVwEvc6sn8HBiRSoVvChH"}
[ Tue Aug 15 2017 16:26:41 GMT+0800 (CST) ] time is 230
[ Tue Aug 15 2017 16:26:41 GMT+0800 (CST) ] {"err":0,"msg":"JT3yxyZdfTBhWJPmjs1j9LdM4oJJT4unsQ"}
[ Tue Aug 15 2017 16:26:41 GMT+0800 (CST) ] time is 231
[ Tue Aug 15 2017 16:26:41 GMT+0800 (CST) ] {"err":0,"msg":"JPqgTETiEAte69VR42yUt5QfCnQPdwdQvd"}
[ Tue Aug 15 2017 16:26:41 GMT+0800 (CST) ] time is 230
[ Tue Aug 15 2017 16:26:41 GMT+0800 (CST) ] {"err":0,"msg":"JVK9d7kQezLKJ5QzjBXquTeYU9ctbVz8RE"}
[ Tue Aug 15 2017 16:26:41 GMT+0800 (CST) ] time is 229
[ Tue Aug 15 2017 16:26:41 GMT+0800 (CST) ] {"err":0,"msg":"JhrHvdwZJsDjdw3XGXXozxWtZfYfrFCJC4"}
[ Tue Aug 15 2017 16:26:41 GMT+0800 (CST) ] time is 231
[ Tue Aug 15 2017 16:26:41 GMT+0800 (CST) ] {"err":0,"msg":"JJeTFbZVzj75tgU9DfaeQXQ1NkTR6do56c"}
[ Tue Aug 15 2017 16:26:41 GMT+0800 (CST) ] time is 232
[ Tue Aug 15 2017 16:26:41 GMT+0800 (CST) ] {"err":0,"msg":"JLrzY8xFKPAS5CqHsTwYt5Y7DPxRQCdhqN"}
[ Tue Aug 15 2017 16:26:41 GMT+0800 (CST) ] time is 231
[ Tue Aug 15 2017 16:26:41 GMT+0800 (CST) ] {"err":0,"msg":"JJoF1JbJJYUa46mdHTbFbrcbPV5wCTmoKp"}
[ Tue Aug 15 2017 16:26:41 GMT+0800 (CST) ] time is 230
[ Tue Aug 15 2017 16:26:41 GMT+0800 (CST) ] {"err":0,"msg":"JcwT4YfiiZ9EBEFZmrK5atuGnLugUXqKXK"}
[ Tue Aug 15 2017 16:26:41 GMT+0800 (CST) ] time is 232
[ Tue Aug 15 2017 16:26:41 GMT+0800 (CST) ] {"err":0,"msg":"JRgRUAvRDRV2kJN497y4eYJjJw5MaZ4QfW"}
[ Tue Aug 15 2017 16:26:42 GMT+0800 (CST) ] time is 233
[ Tue Aug 15 2017 16:26:42 GMT+0800 (CST) ] {"err":0,"msg":"JVbeSg2wnqZuBou9NYjCqwn8nHTyz12pMY"}
[ Tue Aug 15 2017 16:26:42 GMT+0800 (CST) ] time is 232
[ Tue Aug 15 2017 16:26:42 GMT+0800 (CST) ] {"err":0,"msg":"JWrH12uBAGyA4kz9VqhFe91g4L9xZQdGFR"}
[ Tue Aug 15 2017 16:26:42 GMT+0800 (CST) ] time is 231
[ Tue Aug 15 2017 16:26:42 GMT+0800 (CST) ] {"err":0,"msg":"JgZRGhWkjVPFiaG3VePpRWPAT9CWsSNSnv"}
[ Tue Aug 15 2017 16:26:42 GMT+0800 (CST) ] time is 233
[ Tue Aug 15 2017 16:26:42 GMT+0800 (CST) ] {"err":0,"msg":"Jf1op2NrLt2a1WoUhJi1kWguBqanDFT8AH"}
[ Tue Aug 15 2017 16:26:42 GMT+0800 (CST) ] time is 234
[ Tue Aug 15 2017 16:26:42 GMT+0800 (CST) ] {"err":0,"msg":"JPodc2bfMyGLf92rJCBuZR49VsZ6rcCnkF"}
[ Tue Aug 15 2017 16:26:42 GMT+0800 (CST) ] time is 233
[ Tue Aug 15 2017 16:26:42 GMT+0800 (CST) ] {"err":0,"msg":"JKvtSv1KL7CaRiJsbDz836fEu48W7esKCh"}
[ Tue Aug 15 2017 16:26:42 GMT+0800 (CST) ] time is 232
[ Tue Aug 15 2017 16:26:42 GMT+0800 (CST) ] {"err":0,"msg":"JXYwQjdWCmFsNm7HqyiaDWMFmdAT4u3RW9"}
[ Tue Aug 15 2017 16:26:42 GMT+0800 (CST) ] time is 234
[ Tue Aug 15 2017 16:26:42 GMT+0800 (CST) ] {"err":0,"msg":"JUaQ8shDz8rFUFzZZHGgbnJAmW4XDSScKD"}
[ Tue Aug 15 2017 16:26:42 GMT+0800 (CST) ] time is 235
[ Tue Aug 15 2017 16:26:42 GMT+0800 (CST) ] {"err":0,"msg":"JQ14oGVeAKjJZcUd2mnnprGj2ePyY5JFpQ"}
[ Tue Aug 15 2017 16:26:42 GMT+0800 (CST) ] time is 234
[ Tue Aug 15 2017 16:26:42 GMT+0800 (CST) ] {"err":0,"msg":"JgNmhbPRT78RSoN7QHLrWHAoMB1mp8arHQ"}
[ Tue Aug 15 2017 16:26:42 GMT+0800 (CST) ] time is 233
[ Tue Aug 15 2017 16:26:42 GMT+0800 (CST) ] {"err":0,"msg":"JNoFJ4wtJ4TUcxNcD1eKEszCutk5K3WH2v"}
[ Tue Aug 15 2017 16:26:42 GMT+0800 (CST) ] time is 235
[ Tue Aug 15 2017 16:26:42 GMT+0800 (CST) ] {"err":0,"msg":"JertEyKXN8EgUN7fNeAhtQJTgjJXnpAHhj"}
[ Tue Aug 15 2017 16:26:42 GMT+0800 (CST) ] time is 236
[ Tue Aug 15 2017 16:26:42 GMT+0800 (CST) ] {"err":0,"msg":"JeBYJTNrZzkpbCAeD542NXjmPUFgTLTqtm"}
[ Tue Aug 15 2017 16:26:42 GMT+0800 (CST) ] time is 235
[ Tue Aug 15 2017 16:26:42 GMT+0800 (CST) ] {"err":0,"msg":"JZJRyh98QzwFwUw8oXstAyXmLV4MxGUPbQ"}
[ Tue Aug 15 2017 16:26:42 GMT+0800 (CST) ] time is 234
[ Tue Aug 15 2017 16:26:42 GMT+0800 (CST) ] {"err":0,"msg":"JWfsd56EKbhohjXTmaufBjFYxaYRD1FSn4"}
[ Tue Aug 15 2017 16:26:42 GMT+0800 (CST) ] time is 236
[ Tue Aug 15 2017 16:26:42 GMT+0800 (CST) ] {"err":0,"msg":"JMv5nkxDmiC2L6nwneZE2CtBAKYsjDKX5t"}
[ Tue Aug 15 2017 16:26:42 GMT+0800 (CST) ] time is 237
[ Tue Aug 15 2017 16:26:42 GMT+0800 (CST) ] {"err":0,"msg":"JdzfeF2Z846DUTaBEjpFmt6rdnGQQK9zda"}
[ Tue Aug 15 2017 16:26:42 GMT+0800 (CST) ] time is 236
[ Tue Aug 15 2017 16:26:42 GMT+0800 (CST) ] {"err":0,"msg":"JVMwEhErnTw6MD3jZYC4PCUe8eHqLHDsdf"}
[ Tue Aug 15 2017 16:26:42 GMT+0800 (CST) ] time is 235
[ Tue Aug 15 2017 16:26:42 GMT+0800 (CST) ] {"err":0,"msg":"JR282o8Zeo19ESSSYykHgqfXppKw1Pw6SG"}
[ Tue Aug 15 2017 16:26:42 GMT+0800 (CST) ] time is 237
[ Tue Aug 15 2017 16:26:42 GMT+0800 (CST) ] {"err":0,"msg":"JNYQfWyWfmrU9MJJ1d2CnQKvXDFtctaEos"}
[ Tue Aug 15 2017 16:26:42 GMT+0800 (CST) ] time is 238
[ Tue Aug 15 2017 16:26:42 GMT+0800 (CST) ] {"err":0,"msg":"JTkPG6dxuyXJwjzXkqTJFsdbuz2xtrPnod"}
[ Tue Aug 15 2017 16:26:42 GMT+0800 (CST) ] time is 237
[ Tue Aug 15 2017 16:26:42 GMT+0800 (CST) ] {"err":0,"msg":"JYt4omMn1UCwnBwKAAnPW1keYhBacEFHFQ"}
[ Tue Aug 15 2017 16:26:42 GMT+0800 (CST) ] time is 236
[ Tue Aug 15 2017 16:26:42 GMT+0800 (CST) ] {"err":0,"msg":"JKroXKLtHbqriHEn5dkNtsKYHM8oDJtWg6"}
[ Tue Aug 15 2017 16:26:42 GMT+0800 (CST) ] time is 238
[ Tue Aug 15 2017 16:26:42 GMT+0800 (CST) ] {"err":0,"msg":"JbmEfqMaJFwX8e779Yc3bswbsbLvd1dcxe"}
[ Tue Aug 15 2017 16:26:42 GMT+0800 (CST) ] time is 239
[ Tue Aug 15 2017 16:26:42 GMT+0800 (CST) ] {"err":0,"msg":"Jd9JUgdoqMXeHnjx4if8gL1WxwiKKUKP7s"}
[ Tue Aug 15 2017 16:26:42 GMT+0800 (CST) ] time is 238
[ Tue Aug 15 2017 16:26:42 GMT+0800 (CST) ] {"err":0,"msg":"JNtZcGgLoJgUZCv7vagf88HiQrjQEpYqqk"}
[ Tue Aug 15 2017 16:26:42 GMT+0800 (CST) ] time is 237
[ Tue Aug 15 2017 16:26:42 GMT+0800 (CST) ] {"err":0,"msg":"JZd7ZJt7MUgYD1TBu4JHUFdcpqudRaYusB"}
[ Tue Aug 15 2017 16:26:42 GMT+0800 (CST) ] time is 239
[ Tue Aug 15 2017 16:26:42 GMT+0800 (CST) ] {"err":0,"msg":"JU8zjHKspnscAva7m1JsennZsvB5YyvzpA"}
[ Tue Aug 15 2017 16:26:42 GMT+0800 (CST) ] time is 240
[ Tue Aug 15 2017 16:26:42 GMT+0800 (CST) ] {"err":0,"msg":"JaaCUsAnUAxSSqizKE4kF5YiyJVW3mEdGn"}
[ Tue Aug 15 2017 16:26:42 GMT+0800 (CST) ] time is 239
[ Tue Aug 15 2017 16:26:42 GMT+0800 (CST) ] {"err":0,"msg":"JbZeLdiEwpP4fUAXASCaik56XruyXQFc2S"}
[ Tue Aug 15 2017 16:26:42 GMT+0800 (CST) ] time is 238
[ Tue Aug 15 2017 16:26:42 GMT+0800 (CST) ] {"err":0,"msg":"JYR5CBFiLNLZHZ4zpDdqHAnQfnDT3VfNmW"}
[ Tue Aug 15 2017 16:26:42 GMT+0800 (CST) ] time is 240
[ Tue Aug 15 2017 16:26:42 GMT+0800 (CST) ] {"err":0,"msg":"JdGvRLonL8LT3HgzbaKXhcvhXGWiBtbicE"}
[ Tue Aug 15 2017 16:26:42 GMT+0800 (CST) ] time is 241
[ Tue Aug 15 2017 16:26:42 GMT+0800 (CST) ] {"err":0,"msg":"JeMyPai9dWqTrv3ghoaS5JHHWsdmHvzWCo"}
[ Tue Aug 15 2017 16:26:42 GMT+0800 (CST) ] time is 240
[ Tue Aug 15 2017 16:26:42 GMT+0800 (CST) ] {"err":0,"msg":"JdCFxoKsXDfmb9y4ecoxfy3ojWRxaeF89a"}
[ Tue Aug 15 2017 16:26:42 GMT+0800 (CST) ] time is 239
[ Tue Aug 15 2017 16:26:42 GMT+0800 (CST) ] {"err":0,"msg":"JYNJrFmacyWYmNavGRYa3kjPUVjaSTkPT5"}
[ Tue Aug 15 2017 16:26:42 GMT+0800 (CST) ] time is 241
[ Tue Aug 15 2017 16:26:42 GMT+0800 (CST) ] {"err":0,"msg":"JKA2k3CWRnjwBfv2NGYynkteHTvDT9sYhT"}
[ Tue Aug 15 2017 16:26:42 GMT+0800 (CST) ] time is 242
[ Tue Aug 15 2017 16:26:42 GMT+0800 (CST) ] {"err":0,"msg":"JWfcxZiV5qo4TM2weFzZ4iXkDR6T2JtCs8"}
[ Tue Aug 15 2017 16:26:42 GMT+0800 (CST) ] time is 241
[ Tue Aug 15 2017 16:26:42 GMT+0800 (CST) ] {"err":0,"msg":"JVRJCB6WyT3nnVETdX8tSaLbYHhVHwMMd9"}
[ Tue Aug 15 2017 16:26:42 GMT+0800 (CST) ] time is 240
[ Tue Aug 15 2017 16:26:42 GMT+0800 (CST) ] {"err":0,"msg":"JJkuZEQTLvqXQTp2iYv6iZ8FSaiaeBnquX"}
[ Tue Aug 15 2017 16:26:42 GMT+0800 (CST) ] time is 242
[ Tue Aug 15 2017 16:26:42 GMT+0800 (CST) ] {"err":0,"msg":"Jej47fvicm8Eh481NDfhDw1MgnSxADA7qm"}
[ Tue Aug 15 2017 16:26:42 GMT+0800 (CST) ] time is 243
[ Tue Aug 15 2017 16:26:42 GMT+0800 (CST) ] {"err":0,"msg":"JPPjkgShjW8VbAHjPxJgmrMHC7HXXMxEwE"}
[ Tue Aug 15 2017 16:26:42 GMT+0800 (CST) ] time is 242
[ Tue Aug 15 2017 16:26:42 GMT+0800 (CST) ] {"err":0,"msg":"JVSnAobi4CBKDTPTiWBZXDHpr7fQJKrDLh"}
[ Tue Aug 15 2017 16:26:42 GMT+0800 (CST) ] time is 241
[ Tue Aug 15 2017 16:26:42 GMT+0800 (CST) ] {"err":0,"msg":"JTiSP9tVENmxp8cXneFGrTctZTN3eDLVjM"}
[ Tue Aug 15 2017 16:26:42 GMT+0800 (CST) ] time is 243
[ Tue Aug 15 2017 16:26:42 GMT+0800 (CST) ] {"err":0,"msg":"JLmdFEBuA5YaifXGHrX9PM9NgG255SfpgF"}
[ Tue Aug 15 2017 16:26:42 GMT+0800 (CST) ] time is 244
[ Tue Aug 15 2017 16:26:42 GMT+0800 (CST) ] {"err":0,"msg":"JbV6ya7jUvyjwL9gttWCXicNdTpEfScuZn"}
[ Tue Aug 15 2017 16:26:42 GMT+0800 (CST) ] time is 243
[ Tue Aug 15 2017 16:26:42 GMT+0800 (CST) ] {"err":0,"msg":"JUPTSC7aARNo1NxLn63VqUFe9o57Z3rbqr"}
[ Tue Aug 15 2017 16:26:42 GMT+0800 (CST) ] time is 242
[ Tue Aug 15 2017 16:26:42 GMT+0800 (CST) ] {"err":0,"msg":"JginpKxtq28H9bVBEXZDzgrENYAa1faWZ2"}
[ Tue Aug 15 2017 16:26:42 GMT+0800 (CST) ] time is 244
[ Tue Aug 15 2017 16:26:42 GMT+0800 (CST) ] {"err":0,"msg":"JMj7Se9ryyojvv1DcYCDkE1KvhkbWMQ99L"}
[ Tue Aug 15 2017 16:26:42 GMT+0800 (CST) ] time is 245
[ Tue Aug 15 2017 16:26:42 GMT+0800 (CST) ] {"err":0,"msg":"JhZiXxaGAPbevkJuwfWqmC8GEfg7Utn8Kc"}
[ Tue Aug 15 2017 16:26:42 GMT+0800 (CST) ] time is 244
[ Tue Aug 15 2017 16:26:42 GMT+0800 (CST) ] {"err":0,"msg":"JNBX75p8nPGMTgRpHADEadTG9M7HrueMux"}
[ Tue Aug 15 2017 16:26:42 GMT+0800 (CST) ] time is 243
[ Tue Aug 15 2017 16:26:42 GMT+0800 (CST) ] {"err":0,"msg":"JTSSRBhqJ3XSyiypCJa8wuag3d2WsjbYrX"}
[ Tue Aug 15 2017 16:26:42 GMT+0800 (CST) ] time is 245
[ Tue Aug 15 2017 16:26:42 GMT+0800 (CST) ] {"err":0,"msg":"JYEQ3ZUwknzKLYypB3hdHrAAQg5XAipJdr"}
[ Tue Aug 15 2017 16:26:42 GMT+0800 (CST) ] time is 246
[ Tue Aug 15 2017 16:26:42 GMT+0800 (CST) ] {"err":0,"msg":"JQRC85dirTs6EUTUTM9a7ryqzqHFzfnVt1"}
[ Tue Aug 15 2017 16:26:42 GMT+0800 (CST) ] time is 245
[ Tue Aug 15 2017 16:26:42 GMT+0800 (CST) ] {"err":0,"msg":"JQVVLufThVWkPpgBYvQ2TiT6r9cfb6oWvU"}
[ Tue Aug 15 2017 16:26:42 GMT+0800 (CST) ] time is 244
[ Tue Aug 15 2017 16:26:42 GMT+0800 (CST) ] {"err":0,"msg":"JQYfHydnJ8QvF1pTZgi635UhzRfo8TkGrx"}
[ Tue Aug 15 2017 16:26:42 GMT+0800 (CST) ] time is 246
[ Tue Aug 15 2017 16:26:42 GMT+0800 (CST) ] {"err":0,"msg":"JWBUfAmQ1kLUt6ojMKRqEGMMELwPN5royw"}
[ Tue Aug 15 2017 16:26:42 GMT+0800 (CST) ] time is 247
[ Tue Aug 15 2017 16:26:42 GMT+0800 (CST) ] {"err":0,"msg":"JTG7EmFjsEsd5TNH1ftXypriGmxmEkGcWf"}
[ Tue Aug 15 2017 16:26:42 GMT+0800 (CST) ] time is 246
[ Tue Aug 15 2017 16:26:42 GMT+0800 (CST) ] {"err":0,"msg":"JgPYcFrGDVmgTzgZgKAE9V4VDFGTgCBD85"}
[ Tue Aug 15 2017 16:26:42 GMT+0800 (CST) ] time is 245
[ Tue Aug 15 2017 16:26:42 GMT+0800 (CST) ] {"err":0,"msg":"JaUstXGxAxZXp2Qg1RAbHkHJCj5C8CkWR8"}
[ Tue Aug 15 2017 16:26:42 GMT+0800 (CST) ] time is 248
[ Tue Aug 15 2017 16:26:42 GMT+0800 (CST) ] {"err":0,"msg":"JhQF2eFtJFsygNsUjKPqoUE4MwfLWGg8Ec"}
[ Tue Aug 15 2017 16:26:42 GMT+0800 (CST) ] time is 247
[ Tue Aug 15 2017 16:26:42 GMT+0800 (CST) ] {"err":0,"msg":"JRmJKfraGGwQjgCJG2yYcsYtE2EBgFumim"}
[ Tue Aug 15 2017 16:26:42 GMT+0800 (CST) ] time is 247
[ Tue Aug 15 2017 16:26:42 GMT+0800 (CST) ] {"err":0,"msg":"JYU5vDf9CiWCUUeUJdSFRVc5JwHRft2ECo"}
[ Tue Aug 15 2017 16:26:42 GMT+0800 (CST) ] time is 246
[ Tue Aug 15 2017 16:26:42 GMT+0800 (CST) ] {"err":0,"msg":"JhQo192DtpEW3GiEQDRHYkGNTzNm8f3gsY"}
[ Tue Aug 15 2017 16:26:42 GMT+0800 (CST) ] time is 249
[ Tue Aug 15 2017 16:26:42 GMT+0800 (CST) ] {"err":0,"msg":"JdXydNiV8JL3QXWDW1J5Y61vUYFeeQcycP"}
[ Tue Aug 15 2017 16:26:42 GMT+0800 (CST) ] time is 248
[ Tue Aug 15 2017 16:26:42 GMT+0800 (CST) ] {"err":0,"msg":"JT4qeGYaHszvr5vQ2TWjzgVEUyxMSadWzG"}
[ Tue Aug 15 2017 16:26:42 GMT+0800 (CST) ] time is 248
[ Tue Aug 15 2017 16:26:42 GMT+0800 (CST) ] {"err":0,"msg":"JSG8mdZPHkdXhMjAFm6icTeN4TcqKzD4rk"}
[ Tue Aug 15 2017 16:26:42 GMT+0800 (CST) ] time is 247
[ Tue Aug 15 2017 16:26:42 GMT+0800 (CST) ] {"err":0,"msg":"JYSVwvyXExaf71WbchP9hVn3LXWhsnxoPe"}
[ Tue Aug 15 2017 16:26:42 GMT+0800 (CST) ] time is 250
[ Tue Aug 15 2017 16:26:42 GMT+0800 (CST) ] {"err":0,"msg":"JXSGdaHzifmqXve47JektuxjAaV8cvwHMi"}
[ Tue Aug 15 2017 16:26:42 GMT+0800 (CST) ] time is 249
[ Tue Aug 15 2017 16:26:42 GMT+0800 (CST) ] {"err":0,"msg":"JhU47B4fL32JjDGFCoD3MpjLE5vX451BCg"}
[ Tue Aug 15 2017 16:26:42 GMT+0800 (CST) ] time is 249
[ Tue Aug 15 2017 16:26:42 GMT+0800 (CST) ] {"err":0,"msg":"JesyBGee51vC47SF8sonefGphgkfkdHaBw"}
[ Tue Aug 15 2017 16:26:42 GMT+0800 (CST) ] time is 248
[ Tue Aug 15 2017 16:26:42 GMT+0800 (CST) ] {"err":0,"msg":"JPbEXbdVwZ3AkCZiw3sBTHpSCE8adJFAGx"}
[ Tue Aug 15 2017 16:26:42 GMT+0800 (CST) ] time is 251
[ Tue Aug 15 2017 16:26:42 GMT+0800 (CST) ] {"err":0,"msg":"JNUF4GR14KLUvhM1ofDRRDcHXEHogseodS"}
[ Tue Aug 15 2017 16:26:42 GMT+0800 (CST) ] time is 250
[ Tue Aug 15 2017 16:26:42 GMT+0800 (CST) ] {"err":0,"msg":"JgZP9a9Qy52ffSnaP422sX3emVANT5y1PL"}
[ Tue Aug 15 2017 16:26:42 GMT+0800 (CST) ] time is 249
[ Tue Aug 15 2017 16:26:42 GMT+0800 (CST) ] {"err":0,"msg":"JZT3ZQp4Wv8Ye5wvHp3Pse3RBzUuUk4ZxV"}
[ Tue Aug 15 2017 16:26:42 GMT+0800 (CST) ] time is 250
[ Tue Aug 15 2017 16:26:42 GMT+0800 (CST) ] {"err":0,"msg":"JgE8vXtagz74SQKtpisakDeBR8eCo7zxUr"}
[ Tue Aug 15 2017 16:26:42 GMT+0800 (CST) ] {"err":0,"msg":"JesjGKVDFPFTRwu2pYs5A7UsyTmGJNYmQ4"}
[ Tue Aug 15 2017 16:26:42 GMT+0800 (CST) ] time is 252
[ Tue Aug 15 2017 16:26:42 GMT+0800 (CST) ] time is 251
[ Tue Aug 15 2017 16:26:42 GMT+0800 (CST) ] {"err":0,"msg":"JUq9qAxUU1nw49NpqGftpBWYnZ6M7AHE8w"}
[ Tue Aug 15 2017 16:26:42 GMT+0800 (CST) ] time is 250
[ Tue Aug 15 2017 16:26:42 GMT+0800 (CST) ] {"err":0,"msg":"JNs9Y38ND3soCb8wKNNjjjbLDaxY4x2iRm"}
[ Tue Aug 15 2017 16:26:43 GMT+0800 (CST) ] time is 251
[ Tue Aug 15 2017 16:26:43 GMT+0800 (CST) ] {"err":0,"msg":"JQiZK2TzcHmxgccnJAZeHdJ962mkbmUiV1"}
[ Tue Aug 15 2017 16:26:43 GMT+0800 (CST) ] time is 253
[ Tue Aug 15 2017 16:26:43 GMT+0800 (CST) ] {"err":0,"msg":"JPRYFMCm1DCSkYn34bneokCwh5ivXsD3Fv"}
[ Tue Aug 15 2017 16:26:43 GMT+0800 (CST) ] time is 252
[ Tue Aug 15 2017 16:26:43 GMT+0800 (CST) ] {"err":0,"msg":"JfX6fjo4Sd3vk6Jw93iHJYRdKZsb2nhaxj"}
[ Tue Aug 15 2017 16:26:43 GMT+0800 (CST) ] time is 251
[ Tue Aug 15 2017 16:26:43 GMT+0800 (CST) ] {"err":0,"msg":"JTZuS96XyEpX8WL157fPtYy9agp4xQVgyU"}
[ Tue Aug 15 2017 16:26:43 GMT+0800 (CST) ] time is 252
[ Tue Aug 15 2017 16:26:43 GMT+0800 (CST) ] {"err":0,"msg":"JVMHrHou95VUF9Vkntuy8UCHiqhFQmivdY"}
[ Tue Aug 15 2017 16:26:43 GMT+0800 (CST) ] time is 254
[ Tue Aug 15 2017 16:26:43 GMT+0800 (CST) ] {"err":0,"msg":"JZFpDSG48gSYGXGRzznQ2vJPyPRifDRXeh"}
[ Tue Aug 15 2017 16:26:43 GMT+0800 (CST) ] time is 253
[ Tue Aug 15 2017 16:26:43 GMT+0800 (CST) ] {"err":0,"msg":"JV9GMz1WErD8MNo9vB6gg21z1ktyfjKe8H"}
[ Tue Aug 15 2017 16:26:43 GMT+0800 (CST) ] time is 252
[ Tue Aug 15 2017 16:26:43 GMT+0800 (CST) ] {"err":0,"msg":"JRq5jyt2TobkgAhPcqWMU6d5xwzcvEwYZY"}
[ Tue Aug 15 2017 16:26:43 GMT+0800 (CST) ] time is 253
[ Tue Aug 15 2017 16:26:43 GMT+0800 (CST) ] {"err":0,"msg":"JSUqYeQzCWdCkuA8vHnEE4ZhCWEQqumREz"}
[ Tue Aug 15 2017 16:26:43 GMT+0800 (CST) ] time is 255
[ Tue Aug 15 2017 16:26:43 GMT+0800 (CST) ] {"err":0,"msg":"JJgPJpK6mVeBvFLBqMZdzmbuSC8dGrU3zf"}
[ Tue Aug 15 2017 16:26:43 GMT+0800 (CST) ] time is 254
[ Tue Aug 15 2017 16:26:43 GMT+0800 (CST) ] {"err":0,"msg":"JRjgGci65Af9qZUcr41ZZr8jHKpsnRokCE"}
[ Tue Aug 15 2017 16:26:43 GMT+0800 (CST) ] time is 253
[ Tue Aug 15 2017 16:26:43 GMT+0800 (CST) ] {"err":0,"msg":"JTUE5p6B3yChrsqgFuU9tNaGCx8aoQA54g"}
[ Tue Aug 15 2017 16:26:43 GMT+0800 (CST) ] time is 254
[ Tue Aug 15 2017 16:26:43 GMT+0800 (CST) ] {"err":0,"msg":"JTae6DPqv2gNvNZeDu3N1zfDJyq4UyVbuj"}
[ Tue Aug 15 2017 16:26:43 GMT+0800 (CST) ] time is 256
[ Tue Aug 15 2017 16:26:43 GMT+0800 (CST) ] {"err":0,"msg":"JUtiMNBvXD1vmcoYBUoER8PVwo3FPNAh7D"}
[ Tue Aug 15 2017 16:26:43 GMT+0800 (CST) ] time is 255
[ Tue Aug 15 2017 16:26:43 GMT+0800 (CST) ] {"err":0,"msg":"JhfHGdB9QqoUmVUcqa1tgahG8L88VSyLaW"}
[ Tue Aug 15 2017 16:26:43 GMT+0800 (CST) ] time is 254
[ Tue Aug 15 2017 16:26:43 GMT+0800 (CST) ] {"err":0,"msg":"JZnN2mFHiK6EPCdJmm63UdfmGfoJFYw3nV"}
[ Tue Aug 15 2017 16:26:43 GMT+0800 (CST) ] time is 255
[ Tue Aug 15 2017 16:26:43 GMT+0800 (CST) ] {"err":0,"msg":"JUAjEnqh3PxdKfJkqEEyTLYXstQQaCbepp"}
[ Tue Aug 15 2017 16:26:43 GMT+0800 (CST) ] time is 257
[ Tue Aug 15 2017 16:26:43 GMT+0800 (CST) ] {"err":0,"msg":"JTfWUXzxjXE5jT8EdAaoFT1cnTm1JbMZeq"}
[ Tue Aug 15 2017 16:26:43 GMT+0800 (CST) ] time is 256
[ Tue Aug 15 2017 16:26:43 GMT+0800 (CST) ] {"err":0,"msg":"JQzYMpwSVTAqBx1BZxNd78D3J6eFx1ee3h"}
[ Tue Aug 15 2017 16:26:43 GMT+0800 (CST) ] time is 255
[ Tue Aug 15 2017 16:26:43 GMT+0800 (CST) ] {"err":0,"msg":"JSPFJ8naEP8xHYDTPg82pyoRCu6T39QBfV"}
[ Tue Aug 15 2017 16:26:43 GMT+0800 (CST) ] time is 256
[ Tue Aug 15 2017 16:26:43 GMT+0800 (CST) ] {"err":0,"msg":"JSMPgNwwTucmnQ3QHK2VpDi8nCwQbBX5SZ"}
[ Tue Aug 15 2017 16:26:43 GMT+0800 (CST) ] time is 258
[ Tue Aug 15 2017 16:26:43 GMT+0800 (CST) ] {"err":0,"msg":"JLPH3j5L4pmckweBoWMKU5aycCfDEVV4nG"}
[ Tue Aug 15 2017 16:26:43 GMT+0800 (CST) ] time is 257
[ Tue Aug 15 2017 16:26:43 GMT+0800 (CST) ] {"err":0,"msg":"JVVJr1BnCner3Tfaj52CdJoc8P5iCqyBPQ"}
[ Tue Aug 15 2017 16:26:43 GMT+0800 (CST) ] time is 256
[ Tue Aug 15 2017 16:26:43 GMT+0800 (CST) ] {"err":0,"msg":"Jg96Z16yJsU9Ky7ZEWTuwnLk45SM6AM4EC"}
[ Tue Aug 15 2017 16:26:43 GMT+0800 (CST) ] time is 257
[ Tue Aug 15 2017 16:26:43 GMT+0800 (CST) ] {"err":0,"msg":"JUvF2ymsUnGS6aHfqLvxjZwxRoagLwPG71"}
[ Tue Aug 15 2017 16:26:43 GMT+0800 (CST) ] time is 259
[ Tue Aug 15 2017 16:26:43 GMT+0800 (CST) ] {"err":0,"msg":"JNKnn2RHfqrR2hxxMNjwxFbJiGepmfUA1c"}
[ Tue Aug 15 2017 16:26:43 GMT+0800 (CST) ] time is 258
[ Tue Aug 15 2017 16:26:43 GMT+0800 (CST) ] {"err":0,"msg":"JQK3fE1MWzbyS4oLPLqVPoSbnn2AsHva69"}
[ Tue Aug 15 2017 16:26:43 GMT+0800 (CST) ] time is 257
[ Tue Aug 15 2017 16:26:43 GMT+0800 (CST) ] {"err":0,"msg":"JeJQDk1eLEJxS4AKvAxkk1KneiXgW5Mppp"}
[ Tue Aug 15 2017 16:26:43 GMT+0800 (CST) ] {"err":0,"msg":"JVZEB6kzzszosPBH1eCdBdznq69bLRQm4Z"}
[ Tue Aug 15 2017 16:26:43 GMT+0800 (CST) ] time is 258
[ Tue Aug 15 2017 16:26:43 GMT+0800 (CST) ] time is 260
[ Tue Aug 15 2017 16:26:43 GMT+0800 (CST) ] {"err":0,"msg":"Ja4HeRqk4HThnapjYv1kLm2J6sDW8mesLY"}
[ Tue Aug 15 2017 16:26:43 GMT+0800 (CST) ] time is 259
[ Tue Aug 15 2017 16:26:43 GMT+0800 (CST) ] {"err":0,"msg":"JSXKneo8HgVQCgVnDYnGv4iNWQWigw2gTe"}
[ Tue Aug 15 2017 16:26:43 GMT+0800 (CST) ] time is 258
[ Tue Aug 15 2017 16:26:43 GMT+0800 (CST) ] {"err":0,"msg":"JgjvLSKZxPrwEjLA686f3miEkghWZVggpr"}
[ Tue Aug 15 2017 16:26:43 GMT+0800 (CST) ] time is 259
[ Tue Aug 15 2017 16:26:43 GMT+0800 (CST) ] {"err":0,"msg":"JgpK2SrEQzY8RqvCRqVueMKrvZjvuQJuWj"}
[ Tue Aug 15 2017 16:26:43 GMT+0800 (CST) ] time is 261
[ Tue Aug 15 2017 16:26:43 GMT+0800 (CST) ] {"err":0,"msg":"JgpWtVyLesz49erLPLz2Pz1i6Ta5A9yRJp"}
[ Tue Aug 15 2017 16:26:43 GMT+0800 (CST) ] time is 260
[ Tue Aug 15 2017 16:26:43 GMT+0800 (CST) ] {"err":0,"msg":"JgKduzdvg9dx6PNs2nwW3H4VhgJV1Y6KfW"}
[ Tue Aug 15 2017 16:26:43 GMT+0800 (CST) ] time is 259
[ Tue Aug 15 2017 16:26:43 GMT+0800 (CST) ] {"err":0,"msg":"JdriYLhWmRSDjLCpYaNtiGj3fji47hWisf"}
[ Tue Aug 15 2017 16:26:43 GMT+0800 (CST) ] time is 260
[ Tue Aug 15 2017 16:26:43 GMT+0800 (CST) ] {"err":0,"msg":"JZw8DuN4eZgPEEbmnGd8whX8fT7EKkH4Kr"}
[ Tue Aug 15 2017 16:26:43 GMT+0800 (CST) ] time is 262
[ Tue Aug 15 2017 16:26:43 GMT+0800 (CST) ] {"err":0,"msg":"JbzJbAo3DczTNXVDtsKsU2MsVgt4qcCfjF"}
[ Tue Aug 15 2017 16:26:43 GMT+0800 (CST) ] time is 261
[ Tue Aug 15 2017 16:26:43 GMT+0800 (CST) ] {"err":0,"msg":"JN1sXgqPJFTK6Ch39VtB9GyotPXvvs1pVo"}
[ Tue Aug 15 2017 16:26:43 GMT+0800 (CST) ] time is 260
[ Tue Aug 15 2017 16:26:43 GMT+0800 (CST) ] {"err":0,"msg":"JT5iWwke654UyRfte84kRektuRDtN3yF2B"}
[ Tue Aug 15 2017 16:26:43 GMT+0800 (CST) ] time is 261
[ Tue Aug 15 2017 16:26:43 GMT+0800 (CST) ] {"err":0,"msg":"JSPJWSZreS8oNe9v6LejpWqyudwCuePs1m"}
[ Tue Aug 15 2017 16:26:43 GMT+0800 (CST) ] time is 263
[ Tue Aug 15 2017 16:26:43 GMT+0800 (CST) ] {"err":0,"msg":"JR8s5YrpXYK75tXarSyKUz89bXWu6afHxf"}
[ Tue Aug 15 2017 16:26:43 GMT+0800 (CST) ] time is 261
[ Tue Aug 15 2017 16:26:43 GMT+0800 (CST) ] {"err":0,"msg":"JN6ChYBTCi3BNpQWQRDLdkinAff7yDLg7R"}
[ Tue Aug 15 2017 16:26:43 GMT+0800 (CST) ] time is 262
[ Tue Aug 15 2017 16:26:43 GMT+0800 (CST) ] {"err":0,"msg":"JVG2HC4J4DoJaYxYTd8ssxvwLUqNFEQ9PZ"}
[ Tue Aug 15 2017 16:26:43 GMT+0800 (CST) ] time is 262
[ Tue Aug 15 2017 16:26:43 GMT+0800 (CST) ] {"err":0,"msg":"JRHd49YieCRg4Ws7aUuE7kGZBzGXoXE3vM"}
[ Tue Aug 15 2017 16:26:43 GMT+0800 (CST) ] time is 264
[ Tue Aug 15 2017 16:26:43 GMT+0800 (CST) ] {"err":0,"msg":"JZA7nSddQRe4VAkgJmUxfmdUyX2Y7xyQvA"}
[ Tue Aug 15 2017 16:26:43 GMT+0800 (CST) ] time is 262
[ Tue Aug 15 2017 16:26:43 GMT+0800 (CST) ] {"err":0,"msg":"JUxnEXDM6L8ugmYkJNvwKDV674KPbYfbxY"}
[ Tue Aug 15 2017 16:26:43 GMT+0800 (CST) ] time is 263
[ Tue Aug 15 2017 16:26:43 GMT+0800 (CST) ] {"err":0,"msg":"JhBWqqfQGi4fpErGdaXaPWPuqDBN4MefMB"}
[ Tue Aug 15 2017 16:26:43 GMT+0800 (CST) ] time is 263
[ Tue Aug 15 2017 16:26:43 GMT+0800 (CST) ] {"err":0,"msg":"JbJoyuWEp4NYBWGKx1VtNHHNtKQCwahTZF"}
[ Tue Aug 15 2017 16:26:43 GMT+0800 (CST) ] time is 265
[ Tue Aug 15 2017 16:26:43 GMT+0800 (CST) ] {"err":0,"msg":"JPzVMH6BcjxTGpKa5DrNt6nP1R174ETqbn"}
[ Tue Aug 15 2017 16:26:43 GMT+0800 (CST) ] time is 263
[ Tue Aug 15 2017 16:26:43 GMT+0800 (CST) ] {"err":0,"msg":"JWSHikXP936ZdMbWoes2cu2uhXnHpEEmVi"}
[ Tue Aug 15 2017 16:26:43 GMT+0800 (CST) ] time is 264
[ Tue Aug 15 2017 16:26:43 GMT+0800 (CST) ] {"err":0,"msg":"JScgzXVct7QXT1SqASkctJJSzaEmw23SbY"}
[ Tue Aug 15 2017 16:26:43 GMT+0800 (CST) ] time is 264
[ Tue Aug 15 2017 16:26:43 GMT+0800 (CST) ] {"err":0,"msg":"JabfsSn1mhT61Ru4BK9NAmW4XToLrTqALt"}
[ Tue Aug 15 2017 16:26:43 GMT+0800 (CST) ] time is 266
[ Tue Aug 15 2017 16:26:43 GMT+0800 (CST) ] {"err":0,"msg":"JWsqCRi5co4piFQ9emrdHP52jDhuYozjyh"}
[ Tue Aug 15 2017 16:26:43 GMT+0800 (CST) ] time is 264
[ Tue Aug 15 2017 16:26:43 GMT+0800 (CST) ] {"err":0,"msg":"JN2vAUNRa1rsVPAcpyrnpgyuZXoa8DEdTZ"}
[ Tue Aug 15 2017 16:26:43 GMT+0800 (CST) ] time is 265
[ Tue Aug 15 2017 16:26:43 GMT+0800 (CST) ] {"err":0,"msg":"JfwQJw3VBGLYLreeTTHCDLg3sy6SiVRH9P"}
[ Tue Aug 15 2017 16:26:43 GMT+0800 (CST) ] time is 265
[ Tue Aug 15 2017 16:26:43 GMT+0800 (CST) ] {"err":0,"msg":"JTzDNEVwumQREpDchTGT7mvX44bxaCX2mG"}
[ Tue Aug 15 2017 16:26:43 GMT+0800 (CST) ] time is 267
[ Tue Aug 15 2017 16:26:43 GMT+0800 (CST) ] {"err":0,"msg":"JT8qongHn7S8L2ePJFnyjoJwSmexzQNKKi"}
[ Tue Aug 15 2017 16:26:43 GMT+0800 (CST) ] time is 265
[ Tue Aug 15 2017 16:26:43 GMT+0800 (CST) ] {"err":0,"msg":"JU1FZjcgJkyAatSxpbhdJUWgScHxAAxHRS"}
[ Tue Aug 15 2017 16:26:43 GMT+0800 (CST) ] time is 266
[ Tue Aug 15 2017 16:26:43 GMT+0800 (CST) ] {"err":0,"msg":"JaWByCxUhK64WVi5RR4sFnzAzoygiYFeWt"}
[ Tue Aug 15 2017 16:26:43 GMT+0800 (CST) ] time is 266
[ Tue Aug 15 2017 16:26:43 GMT+0800 (CST) ] {"err":0,"msg":"JgmMe6Fv8ReWAnLV7ZEouUfDG2neUUs8kh"}
[ Tue Aug 15 2017 16:26:43 GMT+0800 (CST) ] time is 268
[ Tue Aug 15 2017 16:26:43 GMT+0800 (CST) ] {"err":0,"msg":"JMvtXnWK2uW9HH5jwgrFd8ma5ZVmvAzWmG"}
[ Tue Aug 15 2017 16:26:43 GMT+0800 (CST) ] time is 266
[ Tue Aug 15 2017 16:26:43 GMT+0800 (CST) ] {"err":0,"msg":"JdHffSbiym716xcsnLPCb7QQsFAdVHzU8u"}
[ Tue Aug 15 2017 16:26:43 GMT+0800 (CST) ] time is 267
[ Tue Aug 15 2017 16:26:43 GMT+0800 (CST) ] {"err":0,"msg":"JLrGNEKbnpPvRDMDHAKnEK2XhU5oudKmWR"}
[ Tue Aug 15 2017 16:26:43 GMT+0800 (CST) ] time is 267
[ Tue Aug 15 2017 16:26:43 GMT+0800 (CST) ] {"err":0,"msg":"JKMZ7LoKS37rngpxKXphruxooyQDQz4CLE"}
[ Tue Aug 15 2017 16:26:43 GMT+0800 (CST) ] time is 269
[ Tue Aug 15 2017 16:26:43 GMT+0800 (CST) ] {"err":0,"msg":"JUoKQbtmFM3zM1ZWGtN6frBXeFyWeLvhgs"}
[ Tue Aug 15 2017 16:26:43 GMT+0800 (CST) ] time is 267
[ Tue Aug 15 2017 16:26:43 GMT+0800 (CST) ] {"err":0,"msg":"JVM4nGQTLFvaTTZrB8F3BDYr8M52PAWuWD"}
[ Tue Aug 15 2017 16:26:43 GMT+0800 (CST) ] time is 268
[ Tue Aug 15 2017 16:26:43 GMT+0800 (CST) ] {"err":0,"msg":"JTPknWtpfotZb2BGiZjdLbq1fggppDi4Lx"}
[ Tue Aug 15 2017 16:26:43 GMT+0800 (CST) ] time is 268
[ Tue Aug 15 2017 16:26:43 GMT+0800 (CST) ] {"err":0,"msg":"Jdn3kxuigovKsGwAs2QWZWMt5C2V4KsGJi"}
[ Tue Aug 15 2017 16:26:43 GMT+0800 (CST) ] time is 270
[ Tue Aug 15 2017 16:26:43 GMT+0800 (CST) ] {"err":0,"msg":"JX6T8K1wDpMyMrbisXRuWxXPJR13GBugfF"}
[ Tue Aug 15 2017 16:26:43 GMT+0800 (CST) ] time is 268
[ Tue Aug 15 2017 16:26:43 GMT+0800 (CST) ] {"err":0,"msg":"JaBqoyBpnCypUDg8NG5dRpJwPsK5k67ddT"}
[ Tue Aug 15 2017 16:26:43 GMT+0800 (CST) ] time is 269
[ Tue Aug 15 2017 16:26:43 GMT+0800 (CST) ] {"err":0,"msg":"JYoFiA9Z5g83ron9rqnpHW9dPsWjhJyCHK"}
[ Tue Aug 15 2017 16:26:43 GMT+0800 (CST) ] time is 269
[ Tue Aug 15 2017 16:26:43 GMT+0800 (CST) ] {"err":0,"msg":"JSRNbgsLumaZqEZTwaRaF1QSufpam3mprX"}
[ Tue Aug 15 2017 16:26:44 GMT+0800 (CST) ] time is 271
[ Tue Aug 15 2017 16:26:44 GMT+0800 (CST) ] {"err":0,"msg":"JhUqCkrAUc6zjxmckmW26kN7rR7eQvH4mF"}
[ Tue Aug 15 2017 16:26:44 GMT+0800 (CST) ] time is 269
[ Tue Aug 15 2017 16:26:44 GMT+0800 (CST) ] {"err":0,"msg":"JLeDDmsqerMGTAC2VZNqRDyEkfTKNQbyUX"}
[ Tue Aug 15 2017 16:26:44 GMT+0800 (CST) ] time is 270
[ Tue Aug 15 2017 16:26:44 GMT+0800 (CST) ] {"err":0,"msg":"JbJPYEEzkr1J9Ht3QsSwNp6NbRFsngzu9Z"}
[ Tue Aug 15 2017 16:26:44 GMT+0800 (CST) ] time is 270
[ Tue Aug 15 2017 16:26:44 GMT+0800 (CST) ] {"err":0,"msg":"JMBUZu26aZ2fCD7DDSDPcUT2KobqWvGoiD"}
[ Tue Aug 15 2017 16:26:44 GMT+0800 (CST) ] time is 272
[ Tue Aug 15 2017 16:26:44 GMT+0800 (CST) ] {"err":0,"msg":"JTb6dhvqTvgAp7tS5LPt1w6nMjNduWiwPe"}
[ Tue Aug 15 2017 16:26:44 GMT+0800 (CST) ] time is 270
[ Tue Aug 15 2017 16:26:44 GMT+0800 (CST) ] {"err":0,"msg":"Jf95ABVJZQHxAr6AUXhffvBRdBKd4oo61p"}
[ Tue Aug 15 2017 16:26:44 GMT+0800 (CST) ] time is 271
[ Tue Aug 15 2017 16:26:44 GMT+0800 (CST) ] {"err":0,"msg":"Jc4WhLbEEnjWtaqWapx15tkZCEx6DmoSiW"}
[ Tue Aug 15 2017 16:26:44 GMT+0800 (CST) ] time is 271
[ Tue Aug 15 2017 16:26:44 GMT+0800 (CST) ] {"err":0,"msg":"JP8Fz2uVKxBHiM4cVxy777MW3HVW1jiBTK"}
[ Tue Aug 15 2017 16:26:44 GMT+0800 (CST) ] time is 273
[ Tue Aug 15 2017 16:26:44 GMT+0800 (CST) ] {"err":0,"msg":"JMzypNghH5XBNRtCDPdEidBdBjGDWHATJs"}
[ Tue Aug 15 2017 16:26:44 GMT+0800 (CST) ] time is 271
[ Tue Aug 15 2017 16:26:44 GMT+0800 (CST) ] {"err":0,"msg":"JWrCpvkBik7UZMs1FJrn9FKpeyhX9Rtg7y"}
[ Tue Aug 15 2017 16:26:44 GMT+0800 (CST) ] time is 272
[ Tue Aug 15 2017 16:26:44 GMT+0800 (CST) ] {"err":0,"msg":"JTEvQ8euKezP3sMo78zZzkWgJcf7h2zcnH"}
[ Tue Aug 15 2017 16:26:44 GMT+0800 (CST) ] {"err":0,"msg":"JQfMa1mPYUZEEPKPjexai5UAwJCh5G947s"}
[ Tue Aug 15 2017 16:26:44 GMT+0800 (CST) ] time is 272
[ Tue Aug 15 2017 16:26:44 GMT+0800 (CST) ] time is 274
[ Tue Aug 15 2017 16:26:44 GMT+0800 (CST) ] {"err":0,"msg":"JPQV5Lf22pSwkXoP9E1PG58DLbb7SzkCdd"}
[ Tue Aug 15 2017 16:26:44 GMT+0800 (CST) ] time is 272
[ Tue Aug 15 2017 16:26:44 GMT+0800 (CST) ] {"err":0,"msg":"JQN1pFM9Kwjw4DsE6mPBwsS7RZ9f4qpQXH"}
[ Tue Aug 15 2017 16:26:44 GMT+0800 (CST) ] time is 273
[ Tue Aug 15 2017 16:26:44 GMT+0800 (CST) ] {"err":0,"msg":"JJYN9N4yiWoTXPMbXaKFg5Ck2QB4FdVJzw"}
[ Tue Aug 15 2017 16:26:44 GMT+0800 (CST) ] time is 273
[ Tue Aug 15 2017 16:26:44 GMT+0800 (CST) ] {"err":0,"msg":"JXh4cDGTogYxcQR2kjz5AY1gZC5zeTi5he"}
[ Tue Aug 15 2017 16:26:44 GMT+0800 (CST) ] time is 275
[ Tue Aug 15 2017 16:26:44 GMT+0800 (CST) ] {"err":0,"msg":"JhdZvjVyzXk1tw7k9H8GyZSd5j7qJtDNzK"}
[ Tue Aug 15 2017 16:26:44 GMT+0800 (CST) ] time is 273
[ Tue Aug 15 2017 16:26:44 GMT+0800 (CST) ] {"err":0,"msg":"Ja6SLqonkFHozv7eeCm5h2nTgoMLz15d8K"}
[ Tue Aug 15 2017 16:26:44 GMT+0800 (CST) ] time is 274
[ Tue Aug 15 2017 16:26:44 GMT+0800 (CST) ] {"err":0,"msg":"JaRRfh4xenYXqh83hNQ3MgSM4ooogWETZb"}
[ Tue Aug 15 2017 16:26:44 GMT+0800 (CST) ] time is 274
[ Tue Aug 15 2017 16:26:44 GMT+0800 (CST) ] {"err":0,"msg":"JKy13z3isioCRpzihvoZvo1KU4UfvgvXJr"}
[ Tue Aug 15 2017 16:26:44 GMT+0800 (CST) ] time is 276
[ Tue Aug 15 2017 16:26:44 GMT+0800 (CST) ] {"err":0,"msg":"JSvSQKiXiQLtVBR1z4ifkgTLM3xnUv2eYu"}
[ Tue Aug 15 2017 16:26:44 GMT+0800 (CST) ] time is 274
[ Tue Aug 15 2017 16:26:44 GMT+0800 (CST) ] {"err":0,"msg":"JU3M9KL58rishejYNWM8kgbfuLUCjXMQ5j"}
[ Tue Aug 15 2017 16:26:44 GMT+0800 (CST) ] time is 275
[ Tue Aug 15 2017 16:26:44 GMT+0800 (CST) ] {"err":0,"msg":"JdBQWjz8vUoxGSn9QF8Y6qbAK5bFQFJaeb"}
[ Tue Aug 15 2017 16:26:44 GMT+0800 (CST) ] time is 275
[ Tue Aug 15 2017 16:26:44 GMT+0800 (CST) ] {"err":0,"msg":"JKL3vRo4Yd6QxYcXHC7tv2VwdpxuYFepm3"}
[ Tue Aug 15 2017 16:26:44 GMT+0800 (CST) ] time is 277
[ Tue Aug 15 2017 16:26:44 GMT+0800 (CST) ] {"err":0,"msg":"JaRpe6vH55hR6GQonkaaDM2vK3xZQzZxzM"}
[ Tue Aug 15 2017 16:26:44 GMT+0800 (CST) ] time is 275
[ Tue Aug 15 2017 16:26:44 GMT+0800 (CST) ] {"err":0,"msg":"JK1WGXKUgPhfADzJ6tnRXhuHVvbWCJhf38"}
[ Tue Aug 15 2017 16:26:44 GMT+0800 (CST) ] time is 276
[ Tue Aug 15 2017 16:26:44 GMT+0800 (CST) ] {"err":0,"msg":"JdduMZzE3Ky5d41ecnrDjbHB53FACWK2zT"}
[ Tue Aug 15 2017 16:26:44 GMT+0800 (CST) ] time is 276
[ Tue Aug 15 2017 16:26:44 GMT+0800 (CST) ] {"err":0,"msg":"JYshVjyJviYvoPXx4X9mnP9GDTX9No34YS"}
[ Tue Aug 15 2017 16:26:44 GMT+0800 (CST) ] time is 278
[ Tue Aug 15 2017 16:26:44 GMT+0800 (CST) ] {"err":0,"msg":"JWvTozGvTiKiwUGGF2MNfEG9Upt6Mowzq5"}
[ Tue Aug 15 2017 16:26:44 GMT+0800 (CST) ] time is 276
[ Tue Aug 15 2017 16:26:44 GMT+0800 (CST) ] {"err":0,"msg":"JZcuSSCx3voLRLHyen41kZKYMQ2VgBTebt"}
[ Tue Aug 15 2017 16:26:44 GMT+0800 (CST) ] time is 277
[ Tue Aug 15 2017 16:26:44 GMT+0800 (CST) ] {"err":0,"msg":"JaJeEoJLP5RpYCNPpNaLWgct7EpuEcXAjX"}
[ Tue Aug 15 2017 16:26:44 GMT+0800 (CST) ] time is 277
[ Tue Aug 15 2017 16:26:44 GMT+0800 (CST) ] {"err":0,"msg":"JeHqnjyU6kN6ey72RgYn15SGqv8tuzXd5M"}
[ Tue Aug 15 2017 16:26:44 GMT+0800 (CST) ] time is 279
[ Tue Aug 15 2017 16:26:44 GMT+0800 (CST) ] {"err":0,"msg":"JgkHMbkZtdc1qCUZ8P1BL3fPQ82LUQeCpm"}
[ Tue Aug 15 2017 16:26:44 GMT+0800 (CST) ] time is 277
[ Tue Aug 15 2017 16:26:44 GMT+0800 (CST) ] {"err":0,"msg":"JegbATLVNXk6rSiytVopZS9gwCAiCdiYCC"}
[ Tue Aug 15 2017 16:26:44 GMT+0800 (CST) ] time is 278
[ Tue Aug 15 2017 16:26:44 GMT+0800 (CST) ] {"err":0,"msg":"JQAhzxxc7YWjffKRY1BJtWAHB6PmydxJJr"}
[ Tue Aug 15 2017 16:26:44 GMT+0800 (CST) ] time is 278
[ Tue Aug 15 2017 16:26:44 GMT+0800 (CST) ] {"err":0,"msg":"JdX6TRWAocjUu5EczzmFA6VLCBZRDmswwi"}
[ Tue Aug 15 2017 16:26:44 GMT+0800 (CST) ] time is 280
[ Tue Aug 15 2017 16:26:44 GMT+0800 (CST) ] {"err":0,"msg":"Jg5RGUwDToqu4HoijnAdahH5fx2LbimD55"}
[ Tue Aug 15 2017 16:26:44 GMT+0800 (CST) ] time is 278
[ Tue Aug 15 2017 16:26:44 GMT+0800 (CST) ] {"err":0,"msg":"JM53GCs7yQA23xJef6WRyAGCqiRCUBhtfp"}
[ Tue Aug 15 2017 16:26:44 GMT+0800 (CST) ] time is 279
[ Tue Aug 15 2017 16:26:44 GMT+0800 (CST) ] {"err":0,"msg":"JY3s8zxcp87mhDpTp74MQr4YsbjzocmrsG"}
[ Tue Aug 15 2017 16:26:44 GMT+0800 (CST) ] time is 279
[ Tue Aug 15 2017 16:26:44 GMT+0800 (CST) ] {"err":0,"msg":"JcFP5xjt5ha3L4arHHz3d4mYedwqPb6fSA"}
[ Tue Aug 15 2017 16:26:44 GMT+0800 (CST) ] time is 279
[ Tue Aug 15 2017 16:26:44 GMT+0800 (CST) ] {"err":0,"msg":"JTg1t3XXn6ZsfrgW2642W55eN4A32U9jxY"}
[ Tue Aug 15 2017 16:26:44 GMT+0800 (CST) ] time is 281
[ Tue Aug 15 2017 16:26:44 GMT+0800 (CST) ] {"err":0,"msg":"JQnCfTDWnjKkfQJYxkPvhADNAYhTXGLUC5"}
[ Tue Aug 15 2017 16:26:44 GMT+0800 (CST) ] time is 280
[ Tue Aug 15 2017 16:26:44 GMT+0800 (CST) ] {"err":0,"msg":"JPYRDe3GmwUjtBSvFsg4PAMMHbz1bp6S98"}
[ Tue Aug 15 2017 16:26:44 GMT+0800 (CST) ] time is 280
[ Tue Aug 15 2017 16:26:44 GMT+0800 (CST) ] {"err":0,"msg":"JN1UfPPpqpWf1qv6nnWUGpRmi8UVVhoEVc"}
[ Tue Aug 15 2017 16:26:44 GMT+0800 (CST) ] time is 280
[ Tue Aug 15 2017 16:26:44 GMT+0800 (CST) ] {"err":0,"msg":"JcgRztUVDEsRQstqsSxNb3yTug48uwmrCE"}
[ Tue Aug 15 2017 16:26:44 GMT+0800 (CST) ] time is 282
[ Tue Aug 15 2017 16:26:44 GMT+0800 (CST) ] {"err":0,"msg":"JRWwQpWeRUZ7RXLtWy7zp3BrwbtDQAm8g1"}
[ Tue Aug 15 2017 16:26:44 GMT+0800 (CST) ] time is 281
[ Tue Aug 15 2017 16:26:44 GMT+0800 (CST) ] {"err":0,"msg":"JT2ieXUtfLU2aoBiEBv5WmHKZREapnwVcr"}
[ Tue Aug 15 2017 16:26:44 GMT+0800 (CST) ] time is 281
[ Tue Aug 15 2017 16:26:44 GMT+0800 (CST) ] {"err":0,"msg":"JT1Rx6TNbfkXs6dvSopTgxTzDBLhTEWrRK"}
[ Tue Aug 15 2017 16:26:44 GMT+0800 (CST) ] time is 281
[ Tue Aug 15 2017 16:26:44 GMT+0800 (CST) ] {"err":0,"msg":"JfsySktREBMR5eUGC9K5yJuuEnzEE4noTx"}
[ Tue Aug 15 2017 16:26:44 GMT+0800 (CST) ] time is 283
[ Tue Aug 15 2017 16:26:44 GMT+0800 (CST) ] {"err":0,"msg":"JgSVMyJiofvazSAXi8xiRi9C9SQGLbicag"}
[ Tue Aug 15 2017 16:26:44 GMT+0800 (CST) ] time is 282
[ Tue Aug 15 2017 16:26:44 GMT+0800 (CST) ] {"err":0,"msg":"JXxgNdCk1SBAzx1YnJaFDuY8qzJWPxHb8b"}
[ Tue Aug 15 2017 16:26:44 GMT+0800 (CST) ] time is 282
[ Tue Aug 15 2017 16:26:44 GMT+0800 (CST) ] {"err":0,"msg":"JbpJHxyV7henKQFUkqpsbVr9DxFpf7ZUAV"}
[ Tue Aug 15 2017 16:26:44 GMT+0800 (CST) ] time is 282
[ Tue Aug 15 2017 16:26:44 GMT+0800 (CST) ] {"err":0,"msg":"JWt7umEeQ1sA8BBGiXJpKFJGjQ2b4vFviK"}
[ Tue Aug 15 2017 16:26:44 GMT+0800 (CST) ] time is 284
[ Tue Aug 15 2017 16:26:44 GMT+0800 (CST) ] {"err":0,"msg":"JKCSmS3WGZZhgfnNMgQTv9D7kYxQmHXagJ"}
[ Tue Aug 15 2017 16:26:44 GMT+0800 (CST) ] time is 283
[ Tue Aug 15 2017 16:26:44 GMT+0800 (CST) ] {"err":0,"msg":"JWMqz41e8VMyysaNn4tC79GHJd57rUC2jq"}
[ Tue Aug 15 2017 16:26:44 GMT+0800 (CST) ] time is 283
[ Tue Aug 15 2017 16:26:44 GMT+0800 (CST) ] {"err":0,"msg":"JbSY8o5g9cPGLkW2FQab6u2sMp5E4t4WjT"}
[ Tue Aug 15 2017 16:26:44 GMT+0800 (CST) ] time is 283
[ Tue Aug 15 2017 16:26:44 GMT+0800 (CST) ] {"err":0,"msg":"JSJEhm6Dt4akzT1Bz4irk1FyJzs5rqqviL"}
[ Tue Aug 15 2017 16:26:44 GMT+0800 (CST) ] time is 285
[ Tue Aug 15 2017 16:26:44 GMT+0800 (CST) ] {"err":0,"msg":"JZSaEz9nCraN5ve4RC8PYet6GsUMjkcnhW"}
[ Tue Aug 15 2017 16:26:44 GMT+0800 (CST) ] time is 284
[ Tue Aug 15 2017 16:26:44 GMT+0800 (CST) ] {"err":0,"msg":"JLMjYUwfHnetmixNC8rJ11P2QFcrFkKdYa"}
[ Tue Aug 15 2017 16:26:44 GMT+0800 (CST) ] time is 284
[ Tue Aug 15 2017 16:26:44 GMT+0800 (CST) ] {"err":0,"msg":"JQgojQuL6DUXkZAopzekMUFj3ViDrVJTia"}
[ Tue Aug 15 2017 16:26:44 GMT+0800 (CST) ] time is 284
[ Tue Aug 15 2017 16:26:44 GMT+0800 (CST) ] {"err":0,"msg":"JKGnBE6KNDqfaiUc3iV5V6fQ5KV1hCGExy"}
[ Tue Aug 15 2017 16:26:44 GMT+0800 (CST) ] time is 286
[ Tue Aug 15 2017 16:26:44 GMT+0800 (CST) ] {"err":0,"msg":"JRAsEyFY4uqAEWFDmXtFrtCVjXMfhD8uQ2"}
[ Tue Aug 15 2017 16:26:44 GMT+0800 (CST) ] time is 285
[ Tue Aug 15 2017 16:26:44 GMT+0800 (CST) ] {"err":0,"msg":"JWd8SkJ3N5gVupvuSXD4yE2pdmCqpViYnL"}
[ Tue Aug 15 2017 16:26:44 GMT+0800 (CST) ] time is 285
[ Tue Aug 15 2017 16:26:44 GMT+0800 (CST) ] {"err":0,"msg":"JZJuyWcgBfbNDeuSpiGCyhfGgJBZdiLSqK"}
[ Tue Aug 15 2017 16:26:44 GMT+0800 (CST) ] time is 285
[ Tue Aug 15 2017 16:26:44 GMT+0800 (CST) ] {"err":0,"msg":"JgviB1dDWMk2e4aTA9RZcFMumyFLxUwvze"}
[ Tue Aug 15 2017 16:26:44 GMT+0800 (CST) ] time is 287
[ Tue Aug 15 2017 16:26:44 GMT+0800 (CST) ] {"err":0,"msg":"JcfQVM3km17Xiain1qgNrj4Uxw6ooQdLqx"}
[ Tue Aug 15 2017 16:26:44 GMT+0800 (CST) ] time is 286
[ Tue Aug 15 2017 16:26:44 GMT+0800 (CST) ] {"err":0,"msg":"JZkBM2ewstXgHoNYrGmNYpwvfeAopdxeme"}
[ Tue Aug 15 2017 16:26:44 GMT+0800 (CST) ] time is 286
[ Tue Aug 15 2017 16:26:44 GMT+0800 (CST) ] {"err":0,"msg":"JdVxHobhZ6LeWATXWt4KfpcFn8YKCfZRLf"}
[ Tue Aug 15 2017 16:26:44 GMT+0800 (CST) ] time is 286
[ Tue Aug 15 2017 16:26:44 GMT+0800 (CST) ] {"err":0,"msg":"JhNw4EbQRpJZCPXuYFVoDFMTBdwu7QKyEA"}
[ Tue Aug 15 2017 16:26:44 GMT+0800 (CST) ] time is 288
[ Tue Aug 15 2017 16:26:44 GMT+0800 (CST) ] {"err":0,"msg":"JSZ2JXH7JyxqEW5Y2w1aevi1sm2Nb5B5iB"}
[ Tue Aug 15 2017 16:26:44 GMT+0800 (CST) ] time is 287
[ Tue Aug 15 2017 16:26:44 GMT+0800 (CST) ] {"err":0,"msg":"JSVeZowDMTdrU8F5rRBHtYnSvDQ9Cd9nEA"}
[ Tue Aug 15 2017 16:26:44 GMT+0800 (CST) ] time is 287
[ Tue Aug 15 2017 16:26:44 GMT+0800 (CST) ] {"err":0,"msg":"JKSNTS6Wc7agPCBwH63mSNxUm7QZuqZooX"}
[ Tue Aug 15 2017 16:26:44 GMT+0800 (CST) ] time is 287
[ Tue Aug 15 2017 16:26:44 GMT+0800 (CST) ] {"err":0,"msg":"JX8tdguivffeJMsDEWYqXmDoT5WSizF9MX"}
[ Tue Aug 15 2017 16:26:44 GMT+0800 (CST) ] time is 289
[ Tue Aug 15 2017 16:26:44 GMT+0800 (CST) ] {"err":0,"msg":"JS1L71HCJp4FN3cKa5zPBwxm2mfbyT93Dt"}
[ Tue Aug 15 2017 16:26:44 GMT+0800 (CST) ] time is 288
[ Tue Aug 15 2017 16:26:44 GMT+0800 (CST) ] {"err":0,"msg":"Jbg67NTt665MZ8Mrf5vNotnhtV24Ez3yvx"}
[ Tue Aug 15 2017 16:26:44 GMT+0800 (CST) ] {"err":0,"msg":"JLVq9wqvVaXWWJK69u7wcEb8uPRyQ8hWNK"}
[ Tue Aug 15 2017 16:26:44 GMT+0800 (CST) ] time is 288
[ Tue Aug 15 2017 16:26:44 GMT+0800 (CST) ] time is 288
[ Tue Aug 15 2017 16:26:44 GMT+0800 (CST) ] {"err":0,"msg":"JhhMjuwY7hprEWyDcAwNaas9masRDH1AVq"}
[ Tue Aug 15 2017 16:26:44 GMT+0800 (CST) ] time is 290
[ Tue Aug 15 2017 16:26:44 GMT+0800 (CST) ] {"err":0,"msg":"JKLqDoMKkbHHxqaujuCsmRx95hhcZJ8Erv"}
[ Tue Aug 15 2017 16:26:44 GMT+0800 (CST) ] time is 289
[ Tue Aug 15 2017 16:26:44 GMT+0800 (CST) ] {"err":0,"msg":"JKusGVjfR8DXPqL2y6HeSHfmd7FFu2PBFd"}
[ Tue Aug 15 2017 16:26:45 GMT+0800 (CST) ] time is 289
[ Tue Aug 15 2017 16:26:45 GMT+0800 (CST) ] {"err":0,"msg":"JNM5fLeUkb3wAbzSc7MLJMT2APC1wNhQR4"}
[ Tue Aug 15 2017 16:26:45 GMT+0800 (CST) ] time is 289
[ Tue Aug 15 2017 16:26:45 GMT+0800 (CST) ] {"err":0,"msg":"JVC83WHwAPrPQAPZskSq5N62w3Ruw2H19D"}
[ Tue Aug 15 2017 16:26:45 GMT+0800 (CST) ] time is 291
[ Tue Aug 15 2017 16:26:45 GMT+0800 (CST) ] {"err":0,"msg":"JhgY8aymYbKyFgLiurc4KNRjV27CnEBZw9"}
[ Tue Aug 15 2017 16:26:45 GMT+0800 (CST) ] time is 290
[ Tue Aug 15 2017 16:26:45 GMT+0800 (CST) ] {"err":0,"msg":"Jd7eXPmQsneANWKP79ZbaiyNzpvmBsroSm"}
[ Tue Aug 15 2017 16:26:45 GMT+0800 (CST) ] time is 290
[ Tue Aug 15 2017 16:26:45 GMT+0800 (CST) ] {"err":0,"msg":"JMWHv1hrg2hn6y9Xbtq99tELzG8vEn33he"}
[ Tue Aug 15 2017 16:26:45 GMT+0800 (CST) ] time is 290
[ Tue Aug 15 2017 16:26:45 GMT+0800 (CST) ] {"err":0,"msg":"Jfq3eGdPFZtBh1umsLEyX5T7eZ17weVjWj"}
[ Tue Aug 15 2017 16:26:45 GMT+0800 (CST) ] time is 292
[ Tue Aug 15 2017 16:26:45 GMT+0800 (CST) ] {"err":0,"msg":"JWqT6vw3G1nftzETm4ddNifkuMNwJP94QC"}
[ Tue Aug 15 2017 16:26:45 GMT+0800 (CST) ] {"err":0,"msg":"JLTpbXv91cZyvgwHQb3rHf7XFHYXNXxzNF"}
[ Tue Aug 15 2017 16:26:45 GMT+0800 (CST) ] time is 291
[ Tue Aug 15 2017 16:26:45 GMT+0800 (CST) ] time is 291
[ Tue Aug 15 2017 16:26:45 GMT+0800 (CST) ] {"err":0,"msg":"JX9oknQNdGLsqTgpBi4n7XmDci5yWxqRFz"}
[ Tue Aug 15 2017 16:26:45 GMT+0800 (CST) ] {"err":0,"msg":"JQGKE2PnUZA4bs68xKsFVGvr85bugQ17Uu"}
[ Tue Aug 15 2017 16:26:45 GMT+0800 (CST) ] time is 291
[ Tue Aug 15 2017 16:26:45 GMT+0800 (CST) ] time is 293
[ Tue Aug 15 2017 16:26:45 GMT+0800 (CST) ] {"err":0,"msg":"JKtC2uorDiknCPeLNxXRGrSXcrMrCtHkb6"}
[ Tue Aug 15 2017 16:26:45 GMT+0800 (CST) ] time is 292
[ Tue Aug 15 2017 16:26:45 GMT+0800 (CST) ] {"err":0,"msg":"JgtzhhM2MEcZ1aggf9ahkPQZJvZ1GVkud7"}
[ Tue Aug 15 2017 16:26:45 GMT+0800 (CST) ] time is 292
[ Tue Aug 15 2017 16:26:45 GMT+0800 (CST) ] {"err":0,"msg":"JPgzPraSHZM5Sm9dthwrTedk29RDoMH7VS"}
[ Tue Aug 15 2017 16:26:45 GMT+0800 (CST) ] time is 292
[ Tue Aug 15 2017 16:26:45 GMT+0800 (CST) ] {"err":0,"msg":"JaVqCcdK6wpfq3iyCXhE8rsuFR1Mne9Sji"}
[ Tue Aug 15 2017 16:26:45 GMT+0800 (CST) ] time is 293
[ Tue Aug 15 2017 16:26:45 GMT+0800 (CST) ] {"err":0,"msg":"JT2RkwXDDSTMizqHxPoVXoB7UoXYNMESZd"}
[ Tue Aug 15 2017 16:26:45 GMT+0800 (CST) ] time is 294
[ Tue Aug 15 2017 16:26:45 GMT+0800 (CST) ] {"err":0,"msg":"JJq9VwBQkwoWuKe7uwuTuktPo3ai34dCvw"}
[ Tue Aug 15 2017 16:26:45 GMT+0800 (CST) ] time is 293
[ Tue Aug 15 2017 16:26:45 GMT+0800 (CST) ] {"err":0,"msg":"JSc1mzwY8jRHz3BEd3UAzPYUw28DiExbsd"}
[ Tue Aug 15 2017 16:26:45 GMT+0800 (CST) ] time is 293
[ Tue Aug 15 2017 16:26:45 GMT+0800 (CST) ] {"err":0,"msg":"JapgpSgUM6janSa33qgyMWUF3Xx7L8UwQB"}
[ Tue Aug 15 2017 16:26:45 GMT+0800 (CST) ] time is 294
[ Tue Aug 15 2017 16:26:45 GMT+0800 (CST) ] {"err":0,"msg":"JN2mZGTruYfMvcYfbpbHf6obJWceZ1HfNa"}
[ Tue Aug 15 2017 16:26:45 GMT+0800 (CST) ] time is 295
[ Tue Aug 15 2017 16:26:45 GMT+0800 (CST) ] {"err":0,"msg":"JKN2C3dki6HF4vor4RnRBsVaVmkWWwfFt5"}
[ Tue Aug 15 2017 16:26:45 GMT+0800 (CST) ] time is 294
[ Tue Aug 15 2017 16:26:45 GMT+0800 (CST) ] {"err":0,"msg":"Jg9XMtFQrq7usGavSvaDhcXetv7yJNh9s4"}
[ Tue Aug 15 2017 16:26:45 GMT+0800 (CST) ] time is 294
[ Tue Aug 15 2017 16:26:45 GMT+0800 (CST) ] {"err":0,"msg":"JL3s46Xf6J2CygFumXaThMPWMWzHtu13Bs"}
[ Tue Aug 15 2017 16:26:45 GMT+0800 (CST) ] time is 295
[ Tue Aug 15 2017 16:26:45 GMT+0800 (CST) ] {"err":0,"msg":"JMRVtJTT1jw1Txiho7MwXEZ1jdKHeBXHF8"}
[ Tue Aug 15 2017 16:26:45 GMT+0800 (CST) ] time is 296
[ Tue Aug 15 2017 16:26:45 GMT+0800 (CST) ] {"err":0,"msg":"JQzPY16feLju2aWMbRvjP7rvsepUSSYHca"}
[ Tue Aug 15 2017 16:26:45 GMT+0800 (CST) ] time is 295
[ Tue Aug 15 2017 16:26:45 GMT+0800 (CST) ] {"err":0,"msg":"JV7xKMPvg5MBPNNfUubmrJ74nmsaT3o2kx"}
[ Tue Aug 15 2017 16:26:45 GMT+0800 (CST) ] time is 295
[ Tue Aug 15 2017 16:26:45 GMT+0800 (CST) ] {"err":0,"msg":"JLR8iXF5g12mtaM2hTrzbsLHEZhRNgdqjV"}
[ Tue Aug 15 2017 16:26:45 GMT+0800 (CST) ] time is 296
[ Tue Aug 15 2017 16:26:45 GMT+0800 (CST) ] {"err":0,"msg":"JT5vkskVHEwePUeYfoqgSvXe55cBoSpcS7"}
[ Tue Aug 15 2017 16:26:45 GMT+0800 (CST) ] time is 297
[ Tue Aug 15 2017 16:26:45 GMT+0800 (CST) ] {"err":0,"msg":"JY1Ky3i2AcsfXzGtgYA2jede1Ho2ks5cRm"}
[ Tue Aug 15 2017 16:26:45 GMT+0800 (CST) ] time is 296
[ Tue Aug 15 2017 16:26:45 GMT+0800 (CST) ] {"err":0,"msg":"JSbijfLiMQQKzYr1ddjRRru7asNmqwRMGG"}
[ Tue Aug 15 2017 16:26:45 GMT+0800 (CST) ] time is 296
[ Tue Aug 15 2017 16:26:45 GMT+0800 (CST) ] {"err":0,"msg":"JSuHJgBV24gm63ALsSrsfVwneYT5RqxEEy"}
[ Tue Aug 15 2017 16:26:45 GMT+0800 (CST) ] time is 298
[ Tue Aug 15 2017 16:26:45 GMT+0800 (CST) ] {"err":0,"msg":"JLJupKRcqBjJ6oWaHSydm1nfZX1ohMVwpp"}
[ Tue Aug 15 2017 16:26:45 GMT+0800 (CST) ] time is 297
[ Tue Aug 15 2017 16:26:45 GMT+0800 (CST) ] {"err":0,"msg":"JXjk4mKNLv1cFwaGZf4zMmXf9Am5MY1wFU"}
[ Tue Aug 15 2017 16:26:45 GMT+0800 (CST) ] time is 297
[ Tue Aug 15 2017 16:26:45 GMT+0800 (CST) ] {"err":0,"msg":"JKuc7twZKeqyQZ7cTg6dthwEjLE16WctoJ"}
[ Tue Aug 15 2017 16:26:45 GMT+0800 (CST) ] time is 297
[ Tue Aug 15 2017 16:26:45 GMT+0800 (CST) ] {"err":0,"msg":"JNNf9GxoWTB7tzPYdNCYK1C5JA9gCdgCVL"}
[ Tue Aug 15 2017 16:26:45 GMT+0800 (CST) ] time is 299
[ Tue Aug 15 2017 16:26:45 GMT+0800 (CST) ] {"err":0,"msg":"JfBhWkc7o66ckA3t2gP7y1S35aMyn17RwD"}
[ Tue Aug 15 2017 16:26:45 GMT+0800 (CST) ] time is 298
[ Tue Aug 15 2017 16:26:45 GMT+0800 (CST) ] {"err":0,"msg":"JMfWBivLDtCNaXJpeaCuYp3btHf2Gydi1K"}
[ Tue Aug 15 2017 16:26:45 GMT+0800 (CST) ] time is 298
[ Tue Aug 15 2017 16:26:45 GMT+0800 (CST) ] {"err":0,"msg":"Jaar3BfoKpcwJModzVHreMxu8aU88eLFaF"}
[ Tue Aug 15 2017 16:26:45 GMT+0800 (CST) ] time is 298
[ Tue Aug 15 2017 16:26:45 GMT+0800 (CST) ] {"err":0,"msg":"JZojX4HGkWkE18EK61LsmRXub9c8pHXhWR"}
[ Tue Aug 15 2017 16:26:45 GMT+0800 (CST) ] time is 300
[ Tue Aug 15 2017 16:26:45 GMT+0800 (CST) ] {"err":0,"msg":"JPNWwmvRVVUqFTMYvs9kTt4811SaF5NwaY"}
[ Tue Aug 15 2017 16:26:45 GMT+0800 (CST) ] time is 299
[ Tue Aug 15 2017 16:26:45 GMT+0800 (CST) ] {"err":0,"msg":"JTXGwxsJBuQM4dJkqRd6kPt4fLyzF9JedD"}
[ Tue Aug 15 2017 16:26:45 GMT+0800 (CST) ] time is 299
[ Tue Aug 15 2017 16:26:45 GMT+0800 (CST) ] {"err":0,"msg":"JTh1X7bp9SVdNhuUDPJKCU3iL9QoPrG9JD"}
[ Tue Aug 15 2017 16:26:45 GMT+0800 (CST) ] time is 299
[ Tue Aug 15 2017 16:26:45 GMT+0800 (CST) ] {"err":0,"msg":"JX8b55S4DZz5QuSWjqcRyc9V9QEdAwHpqD"}
[ Tue Aug 15 2017 16:26:45 GMT+0800 (CST) ] time is 301
[ Tue Aug 15 2017 16:26:45 GMT+0800 (CST) ] {"err":0,"msg":"JMLRKK5PnJJdUf8XbiDagV3nrsQkrx5zk2"}
[ Tue Aug 15 2017 16:26:45 GMT+0800 (CST) ] time is 300
[ Tue Aug 15 2017 16:26:45 GMT+0800 (CST) ] {"err":0,"msg":"JW9eWq9KkXJsEC5FDrHx45LRVtTAau8sLr"}
[ Tue Aug 15 2017 16:26:45 GMT+0800 (CST) ] time is 300
[ Tue Aug 15 2017 16:26:45 GMT+0800 (CST) ] {"err":0,"msg":"JKrwAHVZJkTAaQzS5b4JLcFEype5NaB4bT"}
[ Tue Aug 15 2017 16:26:45 GMT+0800 (CST) ] time is 300
[ Tue Aug 15 2017 16:26:45 GMT+0800 (CST) ] {"err":0,"msg":"JfJg4XBNhiXQCjWhqGfkRNmGyMqDFUXDQE"}
[ Tue Aug 15 2017 16:26:45 GMT+0800 (CST) ] time is 302
[ Tue Aug 15 2017 16:26:45 GMT+0800 (CST) ] {"err":0,"msg":"Jf2zs6398m9TBp7UQyKW1MdgAEb4XLvEgU"}
[ Tue Aug 15 2017 16:26:45 GMT+0800 (CST) ] time is 301
[ Tue Aug 15 2017 16:26:45 GMT+0800 (CST) ] {"err":0,"msg":"JfPV9NDvJL5qTZY1V1WNsrjSJEMZgEqY6g"}
[ Tue Aug 15 2017 16:26:45 GMT+0800 (CST) ] time is 301
[ Tue Aug 15 2017 16:26:45 GMT+0800 (CST) ] {"err":0,"msg":"JQSqz8SUJ96KpKqLbWf41KuKEkBnwUxu5b"}
[ Tue Aug 15 2017 16:26:45 GMT+0800 (CST) ] time is 301
[ Tue Aug 15 2017 16:26:45 GMT+0800 (CST) ] {"err":0,"msg":"Jd6LwtfySfneM9hR98TwcNfQcEhaU8XemE"}
[ Tue Aug 15 2017 16:26:45 GMT+0800 (CST) ] time is 303
[ Tue Aug 15 2017 16:26:45 GMT+0800 (CST) ] {"err":0,"msg":"JPJYxVEBRdbXH3JvRgi3qQGvB1fPENuEyo"}
[ Tue Aug 15 2017 16:26:45 GMT+0800 (CST) ] time is 302
[ Tue Aug 15 2017 16:26:45 GMT+0800 (CST) ] {"err":0,"msg":"JU6qUrtrU5tDQzSvKLcoovpVSsXcbXo9kX"}
[ Tue Aug 15 2017 16:26:45 GMT+0800 (CST) ] time is 302
[ Tue Aug 15 2017 16:26:45 GMT+0800 (CST) ] {"err":0,"msg":"JWs7Ey5pdZsMfh6Lfkt84AoKtdYyuN49vq"}
[ Tue Aug 15 2017 16:26:45 GMT+0800 (CST) ] time is 302
[ Tue Aug 15 2017 16:26:45 GMT+0800 (CST) ] {"err":0,"msg":"JdXFXJjBg3SL5KHHycaqmxy9WSnN7ruRnm"}
[ Tue Aug 15 2017 16:26:45 GMT+0800 (CST) ] time is 304
[ Tue Aug 15 2017 16:26:45 GMT+0800 (CST) ] {"err":0,"msg":"JVLZqCdRqkChBnYbSFDqNkWBipMXhkPnPh"}
[ Tue Aug 15 2017 16:26:45 GMT+0800 (CST) ] time is 303
[ Tue Aug 15 2017 16:26:45 GMT+0800 (CST) ] {"err":0,"msg":"JQoLtsgso8fWLDTrdMXx6k6m581ZXSyQR5"}
[ Tue Aug 15 2017 16:26:45 GMT+0800 (CST) ] time is 303
[ Tue Aug 15 2017 16:26:45 GMT+0800 (CST) ] {"err":0,"msg":"JYvSdBphoDogBPNWFB4h73foZt2cMUEvk6"}
[ Tue Aug 15 2017 16:26:45 GMT+0800 (CST) ] time is 303
[ Tue Aug 15 2017 16:26:45 GMT+0800 (CST) ] {"err":0,"msg":"JK4zpx1Erd89oP3JAfm7e3W3mEJi96VGjt"}
[ Tue Aug 15 2017 16:26:45 GMT+0800 (CST) ] time is 305
[ Tue Aug 15 2017 16:26:45 GMT+0800 (CST) ] {"err":0,"msg":"JPgKs87oAnbcnrTRGnJ5nA7mVgtcNG1LJH"}
[ Tue Aug 15 2017 16:26:45 GMT+0800 (CST) ] time is 304
[ Tue Aug 15 2017 16:26:45 GMT+0800 (CST) ] {"err":0,"msg":"JLhYszMMBf8rworBZXJdeXSbaHYLLQxd93"}
[ Tue Aug 15 2017 16:26:45 GMT+0800 (CST) ] time is 304
[ Tue Aug 15 2017 16:26:45 GMT+0800 (CST) ] {"err":0,"msg":"JQ5cVh1BWXD6ZNGMHp1wfkLvZUnrDR1Zj2"}
[ Tue Aug 15 2017 16:26:45 GMT+0800 (CST) ] time is 304
[ Tue Aug 15 2017 16:26:45 GMT+0800 (CST) ] {"err":0,"msg":"JTmJMEpAunfkGX5RX8M8p6mxgJm2amcNvZ"}
[ Tue Aug 15 2017 16:26:45 GMT+0800 (CST) ] time is 306
[ Tue Aug 15 2017 16:26:45 GMT+0800 (CST) ] {"err":0,"msg":"JbcfPZSZZZqGtn9996huwKxRRwzZpTzbjY"}
[ Tue Aug 15 2017 16:26:45 GMT+0800 (CST) ] time is 305
[ Tue Aug 15 2017 16:26:45 GMT+0800 (CST) ] {"err":0,"msg":"JfrpTsw2B4ZWkTrGzZMr18PaAcnZaCEvG2"}
[ Tue Aug 15 2017 16:26:45 GMT+0800 (CST) ] time is 305
[ Tue Aug 15 2017 16:26:45 GMT+0800 (CST) ] {"err":0,"msg":"Ja8DEpTjr7P1aiyxLS72zA48L5ARQK5NUy"}
[ Tue Aug 15 2017 16:26:45 GMT+0800 (CST) ] time is 305
[ Tue Aug 15 2017 16:26:45 GMT+0800 (CST) ] {"err":0,"msg":"JWzBLDktPpEVEJ37E5cAcTC2SDpGVwT4mU"}
[ Tue Aug 15 2017 16:26:45 GMT+0800 (CST) ] time is 307
[ Tue Aug 15 2017 16:26:45 GMT+0800 (CST) ] {"err":0,"msg":"Jf14TASzcYZUPBvq7QhSzPhDJ2zBsGT39K"}
[ Tue Aug 15 2017 16:26:45 GMT+0800 (CST) ] time is 306
[ Tue Aug 15 2017 16:26:45 GMT+0800 (CST) ] {"err":0,"msg":"JQYjtJeyxamTfiTUWADQerRiWp6CpGcB6k"}
[ Tue Aug 15 2017 16:26:45 GMT+0800 (CST) ] time is 306
[ Tue Aug 15 2017 16:26:45 GMT+0800 (CST) ] {"err":0,"msg":"JhDiAWYr6hoSfUk1AWkwrHHsLZCutsapqi"}
[ Tue Aug 15 2017 16:26:45 GMT+0800 (CST) ] time is 306
[ Tue Aug 15 2017 16:26:45 GMT+0800 (CST) ] {"err":0,"msg":"JJmcDaDBfCCSafuQFDtBfRhGFhP4jbVLcd"}
[ Tue Aug 15 2017 16:26:45 GMT+0800 (CST) ] time is 308
[ Tue Aug 15 2017 16:26:45 GMT+0800 (CST) ] {"err":0,"msg":"JXoGokhKEBnHY1fcxVKpXXrCQFrmXqbMzf"}
[ Tue Aug 15 2017 16:26:45 GMT+0800 (CST) ] time is 307
[ Tue Aug 15 2017 16:26:45 GMT+0800 (CST) ] {"err":0,"msg":"JToc8sfgfDG5GZEX3S29rwuRT6xkewpvhc"}
[ Tue Aug 15 2017 16:26:45 GMT+0800 (CST) ] time is 307
[ Tue Aug 15 2017 16:26:45 GMT+0800 (CST) ] {"err":0,"msg":"Jedq1WhhhAHKxFNoYBUUT7iGe3FGDybi5X"}
[ Tue Aug 15 2017 16:26:45 GMT+0800 (CST) ] time is 307
[ Tue Aug 15 2017 16:26:45 GMT+0800 (CST) ] {"err":0,"msg":"JMPKKeNDPT4hgDEmB5NBVGnUid4LootXL6"}
[ Tue Aug 15 2017 16:26:45 GMT+0800 (CST) ] time is 309
[ Tue Aug 15 2017 16:26:45 GMT+0800 (CST) ] {"err":0,"msg":"JPrkCSFysLYxJmB1zdLArQj3oJAXm27MXy"}
[ Tue Aug 15 2017 16:26:45 GMT+0800 (CST) ] time is 308
[ Tue Aug 15 2017 16:26:45 GMT+0800 (CST) ] {"err":0,"msg":"JMJ36U5fM184gBGVHuJ6mMgVXEVTHb26Um"}
[ Tue Aug 15 2017 16:26:45 GMT+0800 (CST) ] time is 308
[ Tue Aug 15 2017 16:26:45 GMT+0800 (CST) ] {"err":0,"msg":"JVXCbdH1LAo782pbTRtWa3NtNXBVjRo8Yj"}
[ Tue Aug 15 2017 16:26:45 GMT+0800 (CST) ] time is 308
[ Tue Aug 15 2017 16:26:45 GMT+0800 (CST) ] {"err":0,"msg":"JcTrgvV8xEEpQfmamTZz2AG4ehhnx4MWPq"}
[ Tue Aug 15 2017 16:26:45 GMT+0800 (CST) ] time is 310
[ Tue Aug 15 2017 16:26:45 GMT+0800 (CST) ] {"err":0,"msg":"Jcx1zcx2FVfRZrT1UmWXr78ZJuxyG9Bd77"}
[ Tue Aug 15 2017 16:26:45 GMT+0800 (CST) ] time is 309
[ Tue Aug 15 2017 16:26:45 GMT+0800 (CST) ] {"err":0,"msg":"JaDCVh4u3f5iZ59hupnU5nQaiU9aDszn7j"}
[ Tue Aug 15 2017 16:26:45 GMT+0800 (CST) ] time is 309
[ Tue Aug 15 2017 16:26:45 GMT+0800 (CST) ] {"err":0,"msg":"JKQkAnxSdu4ZpnPp9AwkZ4mupJYE9Pzy9o"}
[ Tue Aug 15 2017 16:26:45 GMT+0800 (CST) ] time is 309
[ Tue Aug 15 2017 16:26:45 GMT+0800 (CST) ] {"err":0,"msg":"Jb6GcPq9anvo9juAu3cJ54bmu63KezDEU6"}
[ Tue Aug 15 2017 16:26:46 GMT+0800 (CST) ] time is 311
[ Tue Aug 15 2017 16:26:46 GMT+0800 (CST) ] {"err":0,"msg":"Jf5YkrEzAzLs53NMY2STnYfyYTd9FoTGGi"}
[ Tue Aug 15 2017 16:26:46 GMT+0800 (CST) ] time is 310
[ Tue Aug 15 2017 16:26:46 GMT+0800 (CST) ] {"err":0,"msg":"JgmGoU3ynYwAgUPEp2waUaV6etQdMVvSR7"}
[ Tue Aug 15 2017 16:26:46 GMT+0800 (CST) ] time is 310
[ Tue Aug 15 2017 16:26:46 GMT+0800 (CST) ] {"err":0,"msg":"JUL7QQZ66bFbJjgxAGbLad42BWtgccvmRM"}
[ Tue Aug 15 2017 16:26:46 GMT+0800 (CST) ] time is 310
[ Tue Aug 15 2017 16:26:46 GMT+0800 (CST) ] {"err":0,"msg":"JYJUhWdBDTKjisvYFpwLc7gJvVB32T44HA"}
[ Tue Aug 15 2017 16:26:46 GMT+0800 (CST) ] time is 312
[ Tue Aug 15 2017 16:26:46 GMT+0800 (CST) ] {"err":0,"msg":"JX1W5sHdfPCyv1HrQhHjRkN22ZhGH7HhPQ"}
[ Tue Aug 15 2017 16:26:46 GMT+0800 (CST) ] time is 311
[ Tue Aug 15 2017 16:26:46 GMT+0800 (CST) ] {"err":0,"msg":"JXBeZEsQvKPTEeTq5JswGrmbVkG4PVz5yb"}
[ Tue Aug 15 2017 16:26:46 GMT+0800 (CST) ] time is 311
[ Tue Aug 15 2017 16:26:46 GMT+0800 (CST) ] {"err":0,"msg":"JQ1SDeVpxza2PKFA4Em3cDbP62tdPoFRpa"}
[ Tue Aug 15 2017 16:26:46 GMT+0800 (CST) ] time is 311
[ Tue Aug 15 2017 16:26:46 GMT+0800 (CST) ] {"err":0,"msg":"JhsS3AUfv9q9vaomL79zLAixxyzFtpemnC"}
[ Tue Aug 15 2017 16:26:46 GMT+0800 (CST) ] time is 313
[ Tue Aug 15 2017 16:26:46 GMT+0800 (CST) ] {"err":0,"msg":"JPSw28CZ4oLSE4R8TSjL5LuFsDyYZStKhq"}
[ Tue Aug 15 2017 16:26:46 GMT+0800 (CST) ] time is 312
[ Tue Aug 15 2017 16:26:46 GMT+0800 (CST) ] {"err":0,"msg":"JLoo48iX3HNQtj63RJhXEEEyCXvt5akFeq"}
[ Tue Aug 15 2017 16:26:46 GMT+0800 (CST) ] time is 312
[ Tue Aug 15 2017 16:26:46 GMT+0800 (CST) ] {"err":0,"msg":"JeaoaGX8XaSyp5qeJWW9EQNN34KjY73Ei5"}
[ Tue Aug 15 2017 16:26:46 GMT+0800 (CST) ] time is 312
[ Tue Aug 15 2017 16:26:46 GMT+0800 (CST) ] {"err":0,"msg":"Je4zfseqBZF5jBANzwbJGukA9GW3fe6NdN"}
[ Tue Aug 15 2017 16:26:46 GMT+0800 (CST) ] time is 314
[ Tue Aug 15 2017 16:26:46 GMT+0800 (CST) ] {"err":0,"msg":"JReyuGWaLuJFPm8HR237tuc8oD6s6iHrer"}
[ Tue Aug 15 2017 16:26:46 GMT+0800 (CST) ] time is 313
[ Tue Aug 15 2017 16:26:46 GMT+0800 (CST) ] {"err":0,"msg":"JWEQTRYXhqUmEcHmt5HezVann8EizHa5f7"}
[ Tue Aug 15 2017 16:26:46 GMT+0800 (CST) ] time is 313
[ Tue Aug 15 2017 16:26:46 GMT+0800 (CST) ] {"err":0,"msg":"JQ4BJLXCZrQ5UuVReMYS1EYXL8KxWpaH7U"}
[ Tue Aug 15 2017 16:26:46 GMT+0800 (CST) ] time is 313
[ Tue Aug 15 2017 16:26:46 GMT+0800 (CST) ] {"err":0,"msg":"Jfheggrcez3QrRe8N5mWWD53dvnjZepRhP"}
[ Tue Aug 15 2017 16:26:46 GMT+0800 (CST) ] time is 315
[ Tue Aug 15 2017 16:26:46 GMT+0800 (CST) ] {"err":0,"msg":"JKtA93PbNzFD9aLd1E5aKm4j9c9PaEccDq"}
[ Tue Aug 15 2017 16:26:46 GMT+0800 (CST) ] time is 314
[ Tue Aug 15 2017 16:26:46 GMT+0800 (CST) ] {"err":0,"msg":"JVqbjGCRAb8aP29QybvBBe9FAWwLZy1ymS"}
[ Tue Aug 15 2017 16:26:46 GMT+0800 (CST) ] time is 314
[ Tue Aug 15 2017 16:26:46 GMT+0800 (CST) ] {"err":0,"msg":"JZg6tmmTj2QKXqNNx67u7BRQU5QWrm8g36"}
[ Tue Aug 15 2017 16:26:46 GMT+0800 (CST) ] time is 314
[ Tue Aug 15 2017 16:26:46 GMT+0800 (CST) ] {"err":0,"msg":"JWAUSzDGXgknrdmw4mXH2P1ZmLEDKjPMr6"}
[ Tue Aug 15 2017 16:26:46 GMT+0800 (CST) ] time is 316
[ Tue Aug 15 2017 16:26:46 GMT+0800 (CST) ] {"err":0,"msg":"JPN9J5LwKNm2xzogvPADG5FzQ6VNJLPorW"}
[ Tue Aug 15 2017 16:26:46 GMT+0800 (CST) ] time is 315
[ Tue Aug 15 2017 16:26:46 GMT+0800 (CST) ] {"err":0,"msg":"JW3NVbK2v1srJXizhQ6Asdvody2wqr9uFu"}
[ Tue Aug 15 2017 16:26:46 GMT+0800 (CST) ] time is 315
[ Tue Aug 15 2017 16:26:46 GMT+0800 (CST) ] {"err":0,"msg":"JduP7TcBLsQnCAnXoFQJRRn6syYNYcwGbz"}
[ Tue Aug 15 2017 16:26:46 GMT+0800 (CST) ] time is 315
[ Tue Aug 15 2017 16:26:46 GMT+0800 (CST) ] {"err":0,"msg":"JRnLhqp8rvJ3bbv6XLQ8yTo7zjnhyzzKhK"}
[ Tue Aug 15 2017 16:26:46 GMT+0800 (CST) ] time is 317
[ Tue Aug 15 2017 16:26:46 GMT+0800 (CST) ] {"err":0,"msg":"JL2JKxz6UN9ZuKyP4uDe4i93CtYp4zU3YU"}
[ Tue Aug 15 2017 16:26:46 GMT+0800 (CST) ] time is 316
[ Tue Aug 15 2017 16:26:46 GMT+0800 (CST) ] {"err":0,"msg":"JdZ96T7B2pEkf4qTnTNGiLWahdEpyfqKFs"}
[ Tue Aug 15 2017 16:26:46 GMT+0800 (CST) ] time is 316
[ Tue Aug 15 2017 16:26:46 GMT+0800 (CST) ] {"err":0,"msg":"JhniKBwRYyh4Vufk57MLsZiXpembVcgGTT"}
[ Tue Aug 15 2017 16:26:46 GMT+0800 (CST) ] time is 316
[ Tue Aug 15 2017 16:26:46 GMT+0800 (CST) ] {"err":0,"msg":"JXFShjmpzviKiJsdfU4YDNoTAFe6rcRggs"}
[ Tue Aug 15 2017 16:26:46 GMT+0800 (CST) ] time is 318
[ Tue Aug 15 2017 16:26:46 GMT+0800 (CST) ] {"err":0,"msg":"JMMWz2mNgnMhAy1c7qyFSu3hrNXfQPMRcQ"}
[ Tue Aug 15 2017 16:26:46 GMT+0800 (CST) ] time is 317
[ Tue Aug 15 2017 16:26:46 GMT+0800 (CST) ] {"err":0,"msg":"JTaZxCb9HF5WWocoBi5ozyD62VNF9tfrjg"}
[ Tue Aug 15 2017 16:26:46 GMT+0800 (CST) ] time is 317
[ Tue Aug 15 2017 16:26:46 GMT+0800 (CST) ] {"err":0,"msg":"JcenPA4U4z2YN6JAYwRCSQvHBsigiYomyD"}
[ Tue Aug 15 2017 16:26:46 GMT+0800 (CST) ] time is 317
[ Tue Aug 15 2017 16:26:46 GMT+0800 (CST) ] {"err":0,"msg":"JRYPnvn3H6W8cYqthcYZwEnJAwVBxmgQ71"}
[ Tue Aug 15 2017 16:26:46 GMT+0800 (CST) ] time is 319
[ Tue Aug 15 2017 16:26:46 GMT+0800 (CST) ] {"err":0,"msg":"JfwHiCQ7owa4DyLcpAxC7KjPurEL2oAGxC"}
[ Tue Aug 15 2017 16:26:46 GMT+0800 (CST) ] time is 318
[ Tue Aug 15 2017 16:26:46 GMT+0800 (CST) ] {"err":0,"msg":"JK2Lc53brNM1FR9C4zoydPFdCvAURdbBfn"}
[ Tue Aug 15 2017 16:26:46 GMT+0800 (CST) ] time is 318
[ Tue Aug 15 2017 16:26:46 GMT+0800 (CST) ] {"err":0,"msg":"JKm96C58XzJ2q6xSEnwLACYvYCd7Di7zD6"}
[ Tue Aug 15 2017 16:26:46 GMT+0800 (CST) ] time is 318
[ Tue Aug 15 2017 16:26:46 GMT+0800 (CST) ] {"err":0,"msg":"JaHxvSjJzXLLsxniysY6F353eXDrxGmk7T"}
[ Tue Aug 15 2017 16:26:46 GMT+0800 (CST) ] time is 320
[ Tue Aug 15 2017 16:26:46 GMT+0800 (CST) ] {"err":0,"msg":"JVhCHGCujVKpaYLULfPFHosGuCpf11wHxB"}
[ Tue Aug 15 2017 16:26:46 GMT+0800 (CST) ] time is 319
[ Tue Aug 15 2017 16:26:46 GMT+0800 (CST) ] {"err":0,"msg":"Ja1nJor1ic4ydoeh4DMyRcdEp4Eaqsmy29"}
[ Tue Aug 15 2017 16:26:46 GMT+0800 (CST) ] time is 319
[ Tue Aug 15 2017 16:26:46 GMT+0800 (CST) ] {"err":0,"msg":"JcK6D66b2HtpU2KonVqvCvS8dok3RMHkkG"}
[ Tue Aug 15 2017 16:26:46 GMT+0800 (CST) ] time is 319
[ Tue Aug 15 2017 16:26:46 GMT+0800 (CST) ] {"err":0,"msg":"JS9MnsMkzsyinnQoTG95RAPEEFYdiJE6Vj"}
[ Tue Aug 15 2017 16:26:46 GMT+0800 (CST) ] time is 320
[ Tue Aug 15 2017 16:26:46 GMT+0800 (CST) ] {"err":0,"msg":"JMVcYwBh9uPfARWDwWUaDk2tCeLgfbz5R6"}
[ Tue Aug 15 2017 16:26:46 GMT+0800 (CST) ] time is 321
[ Tue Aug 15 2017 16:26:46 GMT+0800 (CST) ] {"err":0,"msg":"JhoiGUWP9YuAKd4KKebz6LnPM61rcYn6g6"}
[ Tue Aug 15 2017 16:26:46 GMT+0800 (CST) ] time is 320
[ Tue Aug 15 2017 16:26:46 GMT+0800 (CST) ] {"err":0,"msg":"JMTWMkNjxviCs1swxL9sDyZkgnDbatCBas"}
[ Tue Aug 15 2017 16:26:46 GMT+0800 (CST) ] time is 320
[ Tue Aug 15 2017 16:26:46 GMT+0800 (CST) ] {"err":0,"msg":"JPiykamkrPB5LDLUFMgdjBxx4AgyHaucjc"}
[ Tue Aug 15 2017 16:26:46 GMT+0800 (CST) ] {"err":0,"msg":"JhixKJXLWfFNC6YMXuXCh2P6bKE42debdE"}
[ Tue Aug 15 2017 16:26:46 GMT+0800 (CST) ] time is 321
[ Tue Aug 15 2017 16:26:46 GMT+0800 (CST) ] time is 322
[ Tue Aug 15 2017 16:26:46 GMT+0800 (CST) ] {"err":0,"msg":"JgdU3dRtCniQow6HBV1X3csRC9hYXR3wA7"}
[ Tue Aug 15 2017 16:26:46 GMT+0800 (CST) ] time is 321
[ Tue Aug 15 2017 16:26:46 GMT+0800 (CST) ] {"err":0,"msg":"JNvddC9dpmRGqfjNYQfjTvmbJWDe6P7EbN"}
[ Tue Aug 15 2017 16:26:46 GMT+0800 (CST) ] time is 321
[ Tue Aug 15 2017 16:26:46 GMT+0800 (CST) ] {"err":0,"msg":"JKFHv3EGJEvhmkMwcLzYHbUcdguxjmqHeq"}
[ Tue Aug 15 2017 16:26:46 GMT+0800 (CST) ] time is 322
[ Tue Aug 15 2017 16:26:46 GMT+0800 (CST) ] {"err":0,"msg":"JUhNjhgw21p6S7wA92sgQa9AcnQXZcEkex"}
[ Tue Aug 15 2017 16:26:46 GMT+0800 (CST) ] time is 323
[ Tue Aug 15 2017 16:26:46 GMT+0800 (CST) ] {"err":0,"msg":"JKHcL8rvrwf21hYZKW84pL7CdFBrj3Rxj9"}
[ Tue Aug 15 2017 16:26:46 GMT+0800 (CST) ] time is 322
[ Tue Aug 15 2017 16:26:46 GMT+0800 (CST) ] {"err":0,"msg":"JdD2L62LGggka7eeZatwUSBxquJEHdXQLX"}
[ Tue Aug 15 2017 16:26:46 GMT+0800 (CST) ] time is 322
[ Tue Aug 15 2017 16:26:46 GMT+0800 (CST) ] {"err":0,"msg":"JKFtVzX4CQXBczUXnfDeyu3NU6cRQzw7PS"}
[ Tue Aug 15 2017 16:26:46 GMT+0800 (CST) ] time is 323
[ Tue Aug 15 2017 16:26:46 GMT+0800 (CST) ] {"err":0,"msg":"JXwQ9C8Q5bCQMLZPL1LZ5mZ9aCvDmMTNfC"}
[ Tue Aug 15 2017 16:26:46 GMT+0800 (CST) ] time is 324
[ Tue Aug 15 2017 16:26:46 GMT+0800 (CST) ] {"err":0,"msg":"JcXXrSqmN96yyMe7EFri7yt6b5MChEBc6N"}
[ Tue Aug 15 2017 16:26:46 GMT+0800 (CST) ] time is 323
[ Tue Aug 15 2017 16:26:46 GMT+0800 (CST) ] {"err":0,"msg":"JRTABJ4J6oYD2SstKjjsaj2ZJKHaJnchDU"}
[ Tue Aug 15 2017 16:26:46 GMT+0800 (CST) ] time is 324
[ Tue Aug 15 2017 16:26:46 GMT+0800 (CST) ] {"err":0,"msg":"Jd5V8N54Dd6iEPva9oxAEEGCkpcLhMjvgV"}
[ Tue Aug 15 2017 16:26:46 GMT+0800 (CST) ] time is 323
[ Tue Aug 15 2017 16:26:46 GMT+0800 (CST) ] {"err":0,"msg":"JNykC7uXHSnb1yv1Ja2Hj3C7vxpv1uDDiX"}
[ Tue Aug 15 2017 16:26:46 GMT+0800 (CST) ] time is 325
[ Tue Aug 15 2017 16:26:46 GMT+0800 (CST) ] {"err":0,"msg":"JcnDE1wAkQNuswTAcodxnAMi3BT8myLthm"}
[ Tue Aug 15 2017 16:26:46 GMT+0800 (CST) ] time is 324
[ Tue Aug 15 2017 16:26:46 GMT+0800 (CST) ] {"err":0,"msg":"JSyEW2JtjsVo5WMNZcGwzEET7x6eMwLztL"}
[ Tue Aug 15 2017 16:26:46 GMT+0800 (CST) ] time is 325
[ Tue Aug 15 2017 16:26:46 GMT+0800 (CST) ] {"err":0,"msg":"JUqSsvrwEfBYCBg2GbCZePMTVR7RnNB6QE"}
[ Tue Aug 15 2017 16:26:46 GMT+0800 (CST) ] time is 324
[ Tue Aug 15 2017 16:26:46 GMT+0800 (CST) ] {"err":0,"msg":"JMKbrqgcKFBn12DsbuZMBfKhMDonARuwNx"}
[ Tue Aug 15 2017 16:26:46 GMT+0800 (CST) ] time is 326
[ Tue Aug 15 2017 16:26:46 GMT+0800 (CST) ] {"err":0,"msg":"JZXNHKpGQzWC7yLC3n9ABJjEvQZtzz3uPr"}
[ Tue Aug 15 2017 16:26:46 GMT+0800 (CST) ] time is 326
[ Tue Aug 15 2017 16:26:46 GMT+0800 (CST) ] {"err":0,"msg":"JRi1d22F9yRApS3oo9DTzSQiWctiWZoFi9"}
[ Tue Aug 15 2017 16:26:46 GMT+0800 (CST) ] time is 325
[ Tue Aug 15 2017 16:26:46 GMT+0800 (CST) ] {"err":0,"msg":"Jftc6Xb6v9KUyakasXAdKACUiZH6EdASE7"}
[ Tue Aug 15 2017 16:26:46 GMT+0800 (CST) ] time is 325
[ Tue Aug 15 2017 16:26:46 GMT+0800 (CST) ] {"err":0,"msg":"JM6etrcFMSqf4yxpSgq9nuZFzGNacpLXJL"}
[ Tue Aug 15 2017 16:26:46 GMT+0800 (CST) ] time is 327
[ Tue Aug 15 2017 16:26:46 GMT+0800 (CST) ] {"err":0,"msg":"JSYRY1JVRdPY2PoLy8FTrt624kQzbNJGbT"}
[ Tue Aug 15 2017 16:26:46 GMT+0800 (CST) ] time is 327
[ Tue Aug 15 2017 16:26:46 GMT+0800 (CST) ] {"err":0,"msg":"JNyWxjkHtnGB5Pe9fEyJBhuepGws33b171"}
[ Tue Aug 15 2017 16:26:46 GMT+0800 (CST) ] time is 326
[ Tue Aug 15 2017 16:26:46 GMT+0800 (CST) ] {"err":0,"msg":"JL2qSZvAJ4C3gihtZw3maTUtE5Wy72KRym"}
[ Tue Aug 15 2017 16:26:46 GMT+0800 (CST) ] time is 326
[ Tue Aug 15 2017 16:26:46 GMT+0800 (CST) ] {"err":0,"msg":"JMALW2YFKH2cdFWz5hPTSyd5YFXnTBDYfz"}
[ Tue Aug 15 2017 16:26:46 GMT+0800 (CST) ] time is 328
[ Tue Aug 15 2017 16:26:46 GMT+0800 (CST) ] {"err":0,"msg":"JWbjE8WwvaBVXgTynYJR3ukRSaxmQqMhEq"}
[ Tue Aug 15 2017 16:26:46 GMT+0800 (CST) ] time is 328
[ Tue Aug 15 2017 16:26:46 GMT+0800 (CST) ] {"err":0,"msg":"JfuSxZiRWRJzmo6NrRZaAFJzSNmwFktLBA"}
[ Tue Aug 15 2017 16:26:46 GMT+0800 (CST) ] time is 327
[ Tue Aug 15 2017 16:26:46 GMT+0800 (CST) ] {"err":0,"msg":"JacgdoEW44HusS2CdSWFkjnyjoKPa1uWvi"}
[ Tue Aug 15 2017 16:26:46 GMT+0800 (CST) ] time is 327
[ Tue Aug 15 2017 16:26:46 GMT+0800 (CST) ] {"err":0,"msg":"JLUTuzG6UsFkLke1C8x3Adnqajcqy3bQom"}
[ Tue Aug 15 2017 16:26:46 GMT+0800 (CST) ] time is 329
[ Tue Aug 15 2017 16:26:46 GMT+0800 (CST) ] {"err":0,"msg":"JgiZzFr7eRuZMTjDvoAXXvhYbMKtDFYAKe"}
[ Tue Aug 15 2017 16:26:46 GMT+0800 (CST) ] time is 329
[ Tue Aug 15 2017 16:26:46 GMT+0800 (CST) ] {"err":0,"msg":"JLd51yusXnyLtaq8fMHwwFE6BB2dPugXA8"}
[ Tue Aug 15 2017 16:26:46 GMT+0800 (CST) ] time is 328
[ Tue Aug 15 2017 16:26:46 GMT+0800 (CST) ] {"err":0,"msg":"JbkPjSB2MuDUg46RFdsjRXPBLALRWeWLqv"}
[ Tue Aug 15 2017 16:26:46 GMT+0800 (CST) ] time is 328
[ Tue Aug 15 2017 16:26:46 GMT+0800 (CST) ] {"err":0,"msg":"JR2oR5Yazdv68MPZA26ybMkXXdrMcXpyix"}
[ Tue Aug 15 2017 16:26:46 GMT+0800 (CST) ] time is 330
[ Tue Aug 15 2017 16:26:46 GMT+0800 (CST) ] {"err":0,"msg":"JX3yb9XmqKdVNbNEaYU7e4u8kV7g7dAnw5"}
[ Tue Aug 15 2017 16:26:47 GMT+0800 (CST) ] time is 330
[ Tue Aug 15 2017 16:26:47 GMT+0800 (CST) ] {"err":0,"msg":"Je4MQGXCAMk2z9B1MseU9CTjWDZrAvdnMH"}
[ Tue Aug 15 2017 16:26:47 GMT+0800 (CST) ] time is 329
[ Tue Aug 15 2017 16:26:47 GMT+0800 (CST) ] {"err":0,"msg":"JVrCZCcRUGsQXWyNrZ3bitoe1gJNhdjy3b"}
[ Tue Aug 15 2017 16:26:47 GMT+0800 (CST) ] time is 329
[ Tue Aug 15 2017 16:26:47 GMT+0800 (CST) ] {"err":0,"msg":"Jf6RMPe6a7ZQVh2TXet6yeMMs1rWDyupy8"}
[ Tue Aug 15 2017 16:26:47 GMT+0800 (CST) ] time is 331
[ Tue Aug 15 2017 16:26:47 GMT+0800 (CST) ] {"err":0,"msg":"JZvQUVZXEAEnEdxihXd7SQpwHp1o95yS3z"}
[ Tue Aug 15 2017 16:26:47 GMT+0800 (CST) ] time is 331
[ Tue Aug 15 2017 16:26:47 GMT+0800 (CST) ] {"err":0,"msg":"JTUMqvXbK9TwutUQ4qwzY1V9WXwAcjs8Qp"}
[ Tue Aug 15 2017 16:26:47 GMT+0800 (CST) ] time is 330
[ Tue Aug 15 2017 16:26:47 GMT+0800 (CST) ] {"err":0,"msg":"JX5qQAz11LrS5DRqFGXxJHbSHvwb43DJou"}
[ Tue Aug 15 2017 16:26:47 GMT+0800 (CST) ] time is 330
[ Tue Aug 15 2017 16:26:47 GMT+0800 (CST) ] {"err":0,"msg":"JWXLY5ZJmyrg6rYUWZDzMjit8ZEnrtxbD8"}
[ Tue Aug 15 2017 16:26:47 GMT+0800 (CST) ] time is 332
[ Tue Aug 15 2017 16:26:47 GMT+0800 (CST) ] {"err":0,"msg":"JN3fCS4h8odTi8XunRHk4kGcy2JU5ugGgX"}
[ Tue Aug 15 2017 16:26:47 GMT+0800 (CST) ] time is 332
[ Tue Aug 15 2017 16:26:47 GMT+0800 (CST) ] {"err":0,"msg":"JXyfcJSZPWqn1Y8ueag1t2NBnwU6VMM44T"}
[ Tue Aug 15 2017 16:26:47 GMT+0800 (CST) ] time is 331
[ Tue Aug 15 2017 16:26:47 GMT+0800 (CST) ] {"err":0,"msg":"JKS4VfYfSZrtcphTRn5FE3nXCh8wyhS6CM"}
[ Tue Aug 15 2017 16:26:47 GMT+0800 (CST) ] time is 331
[ Tue Aug 15 2017 16:26:47 GMT+0800 (CST) ] {"err":0,"msg":"JahbXcLzw5t2nACKMvr1fmUJvMxgpm5if3"}
[ Tue Aug 15 2017 16:26:47 GMT+0800 (CST) ] time is 333
[ Tue Aug 15 2017 16:26:47 GMT+0800 (CST) ] {"err":0,"msg":"JXJMyeigRwAKYF5GFQKxi1vXVK2xvr1gXs"}
[ Tue Aug 15 2017 16:26:47 GMT+0800 (CST) ] time is 333
[ Tue Aug 15 2017 16:26:47 GMT+0800 (CST) ] {"err":0,"msg":"JXsyRBn8q86JPf6N3ibMeXMokKviS5DFxA"}
[ Tue Aug 15 2017 16:26:47 GMT+0800 (CST) ] time is 332
[ Tue Aug 15 2017 16:26:47 GMT+0800 (CST) ] {"err":0,"msg":"JS7MLUKzMJUsCCQjJ2FJUPLgmwCijmiimz"}
[ Tue Aug 15 2017 16:26:47 GMT+0800 (CST) ] time is 332
[ Tue Aug 15 2017 16:26:47 GMT+0800 (CST) ] {"err":0,"msg":"JbyzKmbqBzYvvyEHqWxesDxndVwvNhKeFZ"}
[ Tue Aug 15 2017 16:26:47 GMT+0800 (CST) ] time is 334
[ Tue Aug 15 2017 16:26:47 GMT+0800 (CST) ] {"err":0,"msg":"JVCDfDubFF7U9SApDkvjpjNh2fcJBWn3vS"}
[ Tue Aug 15 2017 16:26:47 GMT+0800 (CST) ] time is 334
[ Tue Aug 15 2017 16:26:47 GMT+0800 (CST) ] {"err":0,"msg":"JenB1HdYDb1Usa17ozhTPG5dCHx4PnAW43"}
[ Tue Aug 15 2017 16:26:47 GMT+0800 (CST) ] time is 333
[ Tue Aug 15 2017 16:26:47 GMT+0800 (CST) ] {"err":0,"msg":"JRdPWhUgiN6pyT6jmYFW4sXoQPqvzwrV2P"}
[ Tue Aug 15 2017 16:26:47 GMT+0800 (CST) ] time is 333
[ Tue Aug 15 2017 16:26:47 GMT+0800 (CST) ] {"err":0,"msg":"JKjbK8npdUjkcyS8JQXkCsCnfSJznTjbus"}
[ Tue Aug 15 2017 16:26:47 GMT+0800 (CST) ] time is 335
[ Tue Aug 15 2017 16:26:47 GMT+0800 (CST) ] {"err":0,"msg":"JWfreyEacEfzCrhhSecYNzKYHtTXoRgBTe"}
[ Tue Aug 15 2017 16:26:47 GMT+0800 (CST) ] time is 335
[ Tue Aug 15 2017 16:26:47 GMT+0800 (CST) ] {"err":0,"msg":"JYHMCHvevh5iJL7BszVVPr6bqetpMGnFgB"}
[ Tue Aug 15 2017 16:26:47 GMT+0800 (CST) ] time is 334
[ Tue Aug 15 2017 16:26:47 GMT+0800 (CST) ] {"err":0,"msg":"JW5D1rshPy4DnP4XRxiQtJ3787Z3DzqxMU"}
[ Tue Aug 15 2017 16:26:47 GMT+0800 (CST) ] time is 334
[ Tue Aug 15 2017 16:26:47 GMT+0800 (CST) ] {"err":0,"msg":"JNF6VKcCCpQmct2kRJXUJtKUWCCyf5ZEFE"}
[ Tue Aug 15 2017 16:26:47 GMT+0800 (CST) ] time is 336
[ Tue Aug 15 2017 16:26:47 GMT+0800 (CST) ] {"err":0,"msg":"JgqomSZniPwNbjNhHa8UzWmCRAg1FVe1cy"}
[ Tue Aug 15 2017 16:26:47 GMT+0800 (CST) ] time is 336
[ Tue Aug 15 2017 16:26:47 GMT+0800 (CST) ] {"err":0,"msg":"JU1RGj6s2Tagwc2nEoaSNizsU7XwvjGpH9"}
[ Tue Aug 15 2017 16:26:47 GMT+0800 (CST) ] time is 335
[ Tue Aug 15 2017 16:26:47 GMT+0800 (CST) ] {"err":0,"msg":"JKBJkxorJiVsnVW8oGHvFjPR7PxR7B9o4t"}
[ Tue Aug 15 2017 16:26:47 GMT+0800 (CST) ] time is 335
[ Tue Aug 15 2017 16:26:47 GMT+0800 (CST) ] {"err":0,"msg":"JUWaAPivi19DWjEGNRiLTCWqTQMYCMXKnJ"}
[ Tue Aug 15 2017 16:26:47 GMT+0800 (CST) ] time is 337
[ Tue Aug 15 2017 16:26:47 GMT+0800 (CST) ] {"err":0,"msg":"JMnWDKjes2E4GnPAd3829wK9ZJA3arSE85"}
[ Tue Aug 15 2017 16:26:47 GMT+0800 (CST) ] time is 337
[ Tue Aug 15 2017 16:26:47 GMT+0800 (CST) ] {"err":0,"msg":"JMTyJkNe3wUovLJskCPHagNXntTCpS26gf"}
[ Tue Aug 15 2017 16:26:47 GMT+0800 (CST) ] time is 336
[ Tue Aug 15 2017 16:26:47 GMT+0800 (CST) ] {"err":0,"msg":"Jeg3NXhcgo5hR11F8TS8QRzuibdhnxUgdL"}
[ Tue Aug 15 2017 16:26:47 GMT+0800 (CST) ] time is 336
[ Tue Aug 15 2017 16:26:47 GMT+0800 (CST) ] {"err":0,"msg":"JNdmR2336YXveFa4y3fgo8ARYFSeyyTZ9S"}
[ Tue Aug 15 2017 16:26:47 GMT+0800 (CST) ] time is 338
[ Tue Aug 15 2017 16:26:47 GMT+0800 (CST) ] {"err":0,"msg":"JMoFANwn1jgU8GAPjrySCgx6pT2gSYcyJr"}
[ Tue Aug 15 2017 16:26:47 GMT+0800 (CST) ] time is 338
[ Tue Aug 15 2017 16:26:47 GMT+0800 (CST) ] {"err":0,"msg":"JZNKtKBsWJbj4iwjPxbnVzJnWPd7dBLk3G"}
[ Tue Aug 15 2017 16:26:47 GMT+0800 (CST) ] time is 337
[ Tue Aug 15 2017 16:26:47 GMT+0800 (CST) ] {"err":0,"msg":"JX2y6iaq8n2BnHMWjrqcDKgTAU1bobCnoG"}
[ Tue Aug 15 2017 16:26:47 GMT+0800 (CST) ] time is 337
[ Tue Aug 15 2017 16:26:47 GMT+0800 (CST) ] {"err":0,"msg":"JcpFmtPt1P6UUce98esZ29utv7zxPEku7R"}
[ Tue Aug 15 2017 16:26:47 GMT+0800 (CST) ] time is 339
[ Tue Aug 15 2017 16:26:47 GMT+0800 (CST) ] {"err":0,"msg":"JMf63GRP7DkXdUTJiaMHLFrgJJdMAdJLDw"}
[ Tue Aug 15 2017 16:26:47 GMT+0800 (CST) ] time is 339
[ Tue Aug 15 2017 16:26:47 GMT+0800 (CST) ] {"err":0,"msg":"JctSMSMweYrXCcKoBAUccke1dgcF6pmAN1"}
[ Tue Aug 15 2017 16:26:47 GMT+0800 (CST) ] time is 338
[ Tue Aug 15 2017 16:26:47 GMT+0800 (CST) ] {"err":0,"msg":"JSdgFiBnt7pVSeobGnbTnm7pmnv7mWSHY3"}
[ Tue Aug 15 2017 16:26:47 GMT+0800 (CST) ] time is 338
[ Tue Aug 15 2017 16:26:47 GMT+0800 (CST) ] {"err":0,"msg":"JeAYm2YJKLrbQ9jZbzX8ZyiGUPBFx6t4zU"}
[ Tue Aug 15 2017 16:26:47 GMT+0800 (CST) ] time is 340
[ Tue Aug 15 2017 16:26:47 GMT+0800 (CST) ] {"err":0,"msg":"JexE4VB42V4uRu4nPUvc9ucEZzXzZYiSLa"}
[ Tue Aug 15 2017 16:26:47 GMT+0800 (CST) ] time is 340
[ Tue Aug 15 2017 16:26:47 GMT+0800 (CST) ] {"err":0,"msg":"JZCamyJgJRDkgRAGdudJLuhXPxaRuoVsgB"}
[ Tue Aug 15 2017 16:26:47 GMT+0800 (CST) ] time is 339
[ Tue Aug 15 2017 16:26:47 GMT+0800 (CST) ] {"err":0,"msg":"JJqGM1MHWfkJMNVG6fikNnu47yNCZxuAgu"}
[ Tue Aug 15 2017 16:26:47 GMT+0800 (CST) ] time is 339
[ Tue Aug 15 2017 16:26:47 GMT+0800 (CST) ] {"err":0,"msg":"JJmeETqAcYFuFPFDL37iV7gjMzAWWzFQ1g"}
[ Tue Aug 15 2017 16:26:47 GMT+0800 (CST) ] time is 341
[ Tue Aug 15 2017 16:26:47 GMT+0800 (CST) ] {"err":0,"msg":"JUuXkQjvFX7Sbj73jojqsANfcCVo4yoFcH"}
[ Tue Aug 15 2017 16:26:47 GMT+0800 (CST) ] time is 341
[ Tue Aug 15 2017 16:26:47 GMT+0800 (CST) ] {"err":0,"msg":"JagbYsTndv2sBukASVVpqxHGeYfsWgLxYZ"}
[ Tue Aug 15 2017 16:26:47 GMT+0800 (CST) ] time is 340
[ Tue Aug 15 2017 16:26:47 GMT+0800 (CST) ] {"err":0,"msg":"JSs6hg8Mx9DxHp9c1QyrM3pb77N7TGyChu"}
[ Tue Aug 15 2017 16:26:47 GMT+0800 (CST) ] time is 340
[ Tue Aug 15 2017 16:26:47 GMT+0800 (CST) ] {"err":0,"msg":"JhE6Pp9QcMLh1SB7K8TdhLPtpM9Uw3a25n"}
[ Tue Aug 15 2017 16:26:47 GMT+0800 (CST) ] time is 342
[ Tue Aug 15 2017 16:26:47 GMT+0800 (CST) ] {"err":0,"msg":"JNoHEPfwnaTk8RCE5zyApXmUDdSpwidDH3"}
[ Tue Aug 15 2017 16:26:47 GMT+0800 (CST) ] time is 342
[ Tue Aug 15 2017 16:26:47 GMT+0800 (CST) ] {"err":0,"msg":"JbWxS4nAYbsh6emekhxwUGvoFZf8Y5mgRu"}
[ Tue Aug 15 2017 16:26:47 GMT+0800 (CST) ] time is 341
[ Tue Aug 15 2017 16:26:47 GMT+0800 (CST) ] {"err":0,"msg":"JLXtJf5LKPVbmzYQCkUuze1bj6vduwv6nM"}
[ Tue Aug 15 2017 16:26:47 GMT+0800 (CST) ] time is 341
[ Tue Aug 15 2017 16:26:47 GMT+0800 (CST) ] {"err":0,"msg":"JbWQecMVxxmT9Trq2CHXbWafj6XjjRnqAh"}
[ Tue Aug 15 2017 16:26:47 GMT+0800 (CST) ] time is 343
[ Tue Aug 15 2017 16:26:47 GMT+0800 (CST) ] {"err":0,"msg":"JRz5y5UuwW5YCVxi2AouRpQSCqhW1JxAk2"}
[ Tue Aug 15 2017 16:26:47 GMT+0800 (CST) ] time is 342
[ Tue Aug 15 2017 16:26:47 GMT+0800 (CST) ] {"err":0,"msg":"JhPc7ySjPxNcyLfJNfjusvqm5fx5ZVEMYv"}
[ Tue Aug 15 2017 16:26:47 GMT+0800 (CST) ] time is 343
[ Tue Aug 15 2017 16:26:47 GMT+0800 (CST) ] {"err":0,"msg":"JPAq2Vy1QYFtNYrbZHAMiyXWiAmQ2j89u8"}
[ Tue Aug 15 2017 16:26:47 GMT+0800 (CST) ] time is 342
[ Tue Aug 15 2017 16:26:47 GMT+0800 (CST) ] {"err":0,"msg":"JQrABGWZD326JMy5NWCLvdXrxJzxVUxKo3"}
[ Tue Aug 15 2017 16:26:47 GMT+0800 (CST) ] time is 344
[ Tue Aug 15 2017 16:26:47 GMT+0800 (CST) ] {"err":0,"msg":"JaFeU5xCgq6vzGgtJsKghc48GoYkyn4JZT"}
[ Tue Aug 15 2017 16:26:47 GMT+0800 (CST) ] time is 343
[ Tue Aug 15 2017 16:26:47 GMT+0800 (CST) ] {"err":0,"msg":"JZULJggcqR2HfsBgouRLhbZNFLtWCDCUus"}
[ Tue Aug 15 2017 16:26:47 GMT+0800 (CST) ] time is 344
[ Tue Aug 15 2017 16:26:47 GMT+0800 (CST) ] {"err":0,"msg":"JRtSq2AnnCEymdVSFyV54ros31YvQVbkV1"}
[ Tue Aug 15 2017 16:26:47 GMT+0800 (CST) ] time is 343
[ Tue Aug 15 2017 16:26:47 GMT+0800 (CST) ] {"err":0,"msg":"JgDT3crX3NCTBHvL85fjwbuZ64Q65pqnvm"}
[ Tue Aug 15 2017 16:26:47 GMT+0800 (CST) ] time is 345
[ Tue Aug 15 2017 16:26:47 GMT+0800 (CST) ] {"err":0,"msg":"Jg4p8CMgwqH7WiWi5gX4vfpe8CF5ywG32h"}
[ Tue Aug 15 2017 16:26:47 GMT+0800 (CST) ] time is 344
[ Tue Aug 15 2017 16:26:47 GMT+0800 (CST) ] {"err":0,"msg":"Jd9mt6vKwxonLbXVvGbJq8kZKomY4r7Jeh"}
[ Tue Aug 15 2017 16:26:47 GMT+0800 (CST) ] time is 345
[ Tue Aug 15 2017 16:26:47 GMT+0800 (CST) ] {"err":0,"msg":"JbEFsCikRxCHLn32sKFzZSWyKCiJcdQrEP"}
[ Tue Aug 15 2017 16:26:47 GMT+0800 (CST) ] time is 344
[ Tue Aug 15 2017 16:26:47 GMT+0800 (CST) ] {"err":0,"msg":"JYCk1rmWfUVd2RbC8LU3gWBmvmJ3nkgy2u"}
[ Tue Aug 15 2017 16:26:47 GMT+0800 (CST) ] time is 346
[ Tue Aug 15 2017 16:26:47 GMT+0800 (CST) ] {"err":0,"msg":"JUY1pmr55e5ixbvKfxQoXwv6jBLB5888uj"}
[ Tue Aug 15 2017 16:26:47 GMT+0800 (CST) ] time is 345
[ Tue Aug 15 2017 16:26:47 GMT+0800 (CST) ] {"err":0,"msg":"JXgifCrCDNQ3sJKDHHwoM5d85KuQkc7EC2"}
[ Tue Aug 15 2017 16:26:47 GMT+0800 (CST) ] time is 346
[ Tue Aug 15 2017 16:26:47 GMT+0800 (CST) ] {"err":0,"msg":"JSThQXMRBcFSPnMxnPEHMfwdNkXFH3JmDE"}
[ Tue Aug 15 2017 16:26:47 GMT+0800 (CST) ] time is 345
[ Tue Aug 15 2017 16:26:47 GMT+0800 (CST) ] {"err":0,"msg":"JWvpq3QKd5Pkywbz6ZTMZqa9HN5hXKjG8x"}
[ Tue Aug 15 2017 16:26:47 GMT+0800 (CST) ] time is 347
[ Tue Aug 15 2017 16:26:47 GMT+0800 (CST) ] {"err":0,"msg":"JavorEphjvHZ2Pmx6RGXUkedV1KNhixWUi"}
[ Tue Aug 15 2017 16:26:47 GMT+0800 (CST) ] time is 346
[ Tue Aug 15 2017 16:26:47 GMT+0800 (CST) ] {"err":0,"msg":"JKyXyppuwYHnJtAhK6HgewggaZ3QnjLNuW"}
[ Tue Aug 15 2017 16:26:47 GMT+0800 (CST) ] time is 347
[ Tue Aug 15 2017 16:26:47 GMT+0800 (CST) ] {"err":0,"msg":"JZ6WGB67Csqmwf1Z6MkwDe2sUDMk6mXEmf"}
[ Tue Aug 15 2017 16:26:47 GMT+0800 (CST) ] time is 346
[ Tue Aug 15 2017 16:26:47 GMT+0800 (CST) ] {"err":0,"msg":"JcNXMEY4txTrkNWU1jdj2sQv8oxAAq8mYq"}
[ Tue Aug 15 2017 16:26:47 GMT+0800 (CST) ] time is 348
[ Tue Aug 15 2017 16:26:47 GMT+0800 (CST) ] {"err":0,"msg":"JfdSkf6MF76RnZHUHB62MRXusK4D26fG3G"}
[ Tue Aug 15 2017 16:26:47 GMT+0800 (CST) ] time is 347
[ Tue Aug 15 2017 16:26:47 GMT+0800 (CST) ] {"err":0,"msg":"JUpsFDgpTsBpEvvKzmrm6sKF8T8unMy5p2"}
[ Tue Aug 15 2017 16:26:47 GMT+0800 (CST) ] time is 348
[ Tue Aug 15 2017 16:26:47 GMT+0800 (CST) ] {"err":0,"msg":"JKWY7MC54YXGNVBJ4yzAJutqiRej7jZrV7"}
[ Tue Aug 15 2017 16:26:47 GMT+0800 (CST) ] time is 347
[ Tue Aug 15 2017 16:26:47 GMT+0800 (CST) ] {"err":0,"msg":"JSCGVHSjXvBVBpRYL9fqD4JX3WvWmeoSNz"}
[ Tue Aug 15 2017 16:26:47 GMT+0800 (CST) ] time is 349
[ Tue Aug 15 2017 16:26:47 GMT+0800 (CST) ] {"err":0,"msg":"JYqRbHut1Hwq9hWMuzNfTH8uPWWyQkXc8U"}
[ Tue Aug 15 2017 16:26:47 GMT+0800 (CST) ] time is 348
[ Tue Aug 15 2017 16:26:47 GMT+0800 (CST) ] {"err":0,"msg":"JdEPXYYuhYM1qTs7DZc5GjujJnu684XUNA"}
[ Tue Aug 15 2017 16:26:48 GMT+0800 (CST) ] time is 349
[ Tue Aug 15 2017 16:26:48 GMT+0800 (CST) ] {"err":0,"msg":"JWoxgPJqto6EW5JYqAbx8GiK5QQwFVFeZ5"}
[ Tue Aug 15 2017 16:26:48 GMT+0800 (CST) ] time is 348
[ Tue Aug 15 2017 16:26:48 GMT+0800 (CST) ] {"err":0,"msg":"JLHq6NC1mrt68n16bmegXDpFMDArDyo4uS"}
[ Tue Aug 15 2017 16:26:48 GMT+0800 (CST) ] time is 350
[ Tue Aug 15 2017 16:26:48 GMT+0800 (CST) ] {"err":0,"msg":"JgSsc6su1Zfq9ncyAoCWnAN6NGv1jUEMAF"}
[ Tue Aug 15 2017 16:26:48 GMT+0800 (CST) ] time is 349
[ Tue Aug 15 2017 16:26:48 GMT+0800 (CST) ] {"err":0,"msg":"JQgb3UtBLXS9qQ4mCN2BYscN1sATDfgxJy"}
[ Tue Aug 15 2017 16:26:48 GMT+0800 (CST) ] time is 350
[ Tue Aug 15 2017 16:26:48 GMT+0800 (CST) ] {"err":0,"msg":"JdC81j6WW7EeDWu2XMvfhjt4bBDMFMe9JJ"}
[ Tue Aug 15 2017 16:26:48 GMT+0800 (CST) ] time is 349
[ Tue Aug 15 2017 16:26:48 GMT+0800 (CST) ] {"err":0,"msg":"Jc5v5WrozTnoSDdyWpvFcvqJ5QiZV4mzdX"}
[ Tue Aug 15 2017 16:26:48 GMT+0800 (CST) ] time is 351
[ Tue Aug 15 2017 16:26:48 GMT+0800 (CST) ] {"err":0,"msg":"JLuscZBnQofLEv9dgcWiMjeqYiBtYg6JA5"}
[ Tue Aug 15 2017 16:26:48 GMT+0800 (CST) ] time is 350
[ Tue Aug 15 2017 16:26:48 GMT+0800 (CST) ] {"err":0,"msg":"JWsw6xoN7F2wf4zirG7z1Ybh8aaSPGrnKh"}
[ Tue Aug 15 2017 16:26:48 GMT+0800 (CST) ] time is 351
[ Tue Aug 15 2017 16:26:48 GMT+0800 (CST) ] {"err":0,"msg":"Jbc85vNWKxjq7ogoFXxbVS2MGqkjUxfzMq"}
[ Tue Aug 15 2017 16:26:48 GMT+0800 (CST) ] time is 350
[ Tue Aug 15 2017 16:26:48 GMT+0800 (CST) ] {"err":0,"msg":"JKmrtLy2S4oCgboc5rqEe7DJYGgFPNUstH"}
[ Tue Aug 15 2017 16:26:48 GMT+0800 (CST) ] time is 352
[ Tue Aug 15 2017 16:26:48 GMT+0800 (CST) ] {"err":0,"msg":"Jef9ouzzEk8i2npni2J9wWKyRHhHUcKesT"}
[ Tue Aug 15 2017 16:26:48 GMT+0800 (CST) ] time is 351
[ Tue Aug 15 2017 16:26:48 GMT+0800 (CST) ] {"err":0,"msg":"JRAvnqqco54PCkJCyxC2RwD6Y6pcUfqjBi"}
[ Tue Aug 15 2017 16:26:48 GMT+0800 (CST) ] time is 352
[ Tue Aug 15 2017 16:26:48 GMT+0800 (CST) ] {"err":0,"msg":"JbgaeJD6Y8hvFDoxsmFbxYApkCw47oJ6eA"}
[ Tue Aug 15 2017 16:26:48 GMT+0800 (CST) ] time is 351
[ Tue Aug 15 2017 16:26:48 GMT+0800 (CST) ] {"err":0,"msg":"JLLZKXVQUa2AqhkiieRt5Ci9fAT1vFTRYm"}
[ Tue Aug 15 2017 16:26:48 GMT+0800 (CST) ] time is 353
[ Tue Aug 15 2017 16:26:48 GMT+0800 (CST) ] {"err":0,"msg":"JfAWiiwJBUz82dabv9esRUecD3PjQvoMDm"}
[ Tue Aug 15 2017 16:26:48 GMT+0800 (CST) ] time is 352
[ Tue Aug 15 2017 16:26:48 GMT+0800 (CST) ] {"err":0,"msg":"JaZe9CLsBWbPQy1rwZytBJai7YiDNRgGwV"}
[ Tue Aug 15 2017 16:26:48 GMT+0800 (CST) ] time is 353
[ Tue Aug 15 2017 16:26:48 GMT+0800 (CST) ] {"err":0,"msg":"JexLLV9PZXRDfbMzkXErF1Geme6jAhbJ69"}
[ Tue Aug 15 2017 16:26:48 GMT+0800 (CST) ] time is 352
[ Tue Aug 15 2017 16:26:48 GMT+0800 (CST) ] {"err":0,"msg":"JYyhh81swsHTfuQwfvCLtAHUavkpDD2jjX"}
[ Tue Aug 15 2017 16:26:48 GMT+0800 (CST) ] time is 353
[ Tue Aug 15 2017 16:26:48 GMT+0800 (CST) ] {"err":0,"msg":"JZQ77bR3b4iBVBCBV3bYxgRpMo6Ui6ZW81"}
[ Tue Aug 15 2017 16:26:48 GMT+0800 (CST) ] time is 354
[ Tue Aug 15 2017 16:26:48 GMT+0800 (CST) ] {"err":0,"msg":"JW7tq566YRzTBGvnisoTcEKgvTcxGkW2Gt"}
[ Tue Aug 15 2017 16:26:48 GMT+0800 (CST) ] time is 354
[ Tue Aug 15 2017 16:26:48 GMT+0800 (CST) ] {"err":0,"msg":"JZXzU7T15Fnxy8io2vwmEQ4UzexZypQtaP"}
[ Tue Aug 15 2017 16:26:48 GMT+0800 (CST) ] time is 353
[ Tue Aug 15 2017 16:26:48 GMT+0800 (CST) ] {"err":0,"msg":"JSPm8NVEbeYkwY1VirH2GcbvtPEKZCG2vR"}
[ Tue Aug 15 2017 16:26:48 GMT+0800 (CST) ] time is 354
[ Tue Aug 15 2017 16:26:48 GMT+0800 (CST) ] {"err":0,"msg":"JWsKvgW3LcXNbQJ7JurrG3ri7Z9mDczThu"}
[ Tue Aug 15 2017 16:26:48 GMT+0800 (CST) ] time is 355
[ Tue Aug 15 2017 16:26:48 GMT+0800 (CST) ] {"err":0,"msg":"JUBiJE4jz2XduTcYfwv1wEz9fQD7TgP9rX"}
[ Tue Aug 15 2017 16:26:48 GMT+0800 (CST) ] time is 355
[ Tue Aug 15 2017 16:26:48 GMT+0800 (CST) ] {"err":0,"msg":"JLDitAcLbLWeaM7ymLSFZwz5RKnfAvdoMV"}
[ Tue Aug 15 2017 16:26:48 GMT+0800 (CST) ] time is 354
[ Tue Aug 15 2017 16:26:48 GMT+0800 (CST) ] {"err":0,"msg":"JRRvGUz97NyTSbYt4src33kjL7cyY2LVev"}
[ Tue Aug 15 2017 16:26:48 GMT+0800 (CST) ] time is 355
[ Tue Aug 15 2017 16:26:48 GMT+0800 (CST) ] {"err":0,"msg":"JK3AQ4CE2298QZiHPFVks6Vj4T51wUzmAr"}
[ Tue Aug 15 2017 16:26:48 GMT+0800 (CST) ] time is 356
[ Tue Aug 15 2017 16:26:48 GMT+0800 (CST) ] {"err":0,"msg":"JQRigEVghy1gZC8myb78tuHyqda4LkHESj"}
[ Tue Aug 15 2017 16:26:48 GMT+0800 (CST) ] time is 356
[ Tue Aug 15 2017 16:26:48 GMT+0800 (CST) ] {"err":0,"msg":"JY6rwj47A8Z6z9JxhzPaCZk7o7tZhCfHZ4"}
[ Tue Aug 15 2017 16:26:48 GMT+0800 (CST) ] time is 355
[ Tue Aug 15 2017 16:26:48 GMT+0800 (CST) ] {"err":0,"msg":"JTFAExQY378FMKQLynqtd8vPbYxrTV3Jqg"}
[ Tue Aug 15 2017 16:26:48 GMT+0800 (CST) ] time is 356
[ Tue Aug 15 2017 16:26:48 GMT+0800 (CST) ] {"err":0,"msg":"JZno2KGgziQfKQDMZMPcBLjShGRTuRjmWN"}
[ Tue Aug 15 2017 16:26:48 GMT+0800 (CST) ] time is 357
[ Tue Aug 15 2017 16:26:48 GMT+0800 (CST) ] {"err":0,"msg":"JKJ7xJqcjdfx5sxxkPV4EZTkmect4Ftjjq"}
[ Tue Aug 15 2017 16:26:48 GMT+0800 (CST) ] time is 357
[ Tue Aug 15 2017 16:26:48 GMT+0800 (CST) ] {"err":0,"msg":"JdDJXfyu3FdEHb9FFarN8V3h2pbBAdZrtn"}
[ Tue Aug 15 2017 16:26:48 GMT+0800 (CST) ] time is 356
[ Tue Aug 15 2017 16:26:48 GMT+0800 (CST) ] {"err":0,"msg":"JbLvgUdX3sL4bUtNaxRo3Zp3FrGSNaJHJ9"}
[ Tue Aug 15 2017 16:26:48 GMT+0800 (CST) ] time is 357
[ Tue Aug 15 2017 16:26:48 GMT+0800 (CST) ] {"err":0,"msg":"JNu5QoZFGaNxix1rjnVfVUJujvND7fpALh"}
[ Tue Aug 15 2017 16:26:48 GMT+0800 (CST) ] time is 358
[ Tue Aug 15 2017 16:26:48 GMT+0800 (CST) ] {"err":0,"msg":"JPf8V7buNYNjaB3bVp11TAbrow34xJLbb1"}
[ Tue Aug 15 2017 16:26:48 GMT+0800 (CST) ] time is 358
[ Tue Aug 15 2017 16:26:48 GMT+0800 (CST) ] {"err":0,"msg":"JSmbsCSXTb5a12wfixJEreyybdAiJgUSPB"}
[ Tue Aug 15 2017 16:26:48 GMT+0800 (CST) ] time is 357
[ Tue Aug 15 2017 16:26:48 GMT+0800 (CST) ] {"err":0,"msg":"JVFJSm6GEffxUWWBsJ9DScv45MgyQq7uWV"}
[ Tue Aug 15 2017 16:26:48 GMT+0800 (CST) ] time is 358
[ Tue Aug 15 2017 16:26:48 GMT+0800 (CST) ] {"err":0,"msg":"JhG8KcHbxt3LZta9UeE9caugp54Wg2pnme"}
[ Tue Aug 15 2017 16:26:48 GMT+0800 (CST) ] time is 359
[ Tue Aug 15 2017 16:26:48 GMT+0800 (CST) ] {"err":0,"msg":"JNSGkGMQ6NPfnVaWxk47b1CegCkrzr3a4n"}
[ Tue Aug 15 2017 16:26:48 GMT+0800 (CST) ] time is 359
[ Tue Aug 15 2017 16:26:48 GMT+0800 (CST) ] {"err":0,"msg":"JPajjEqpGGYXNjVjAjdNxs8iSgDNmMwja7"}
[ Tue Aug 15 2017 16:26:48 GMT+0800 (CST) ] time is 358
[ Tue Aug 15 2017 16:26:48 GMT+0800 (CST) ] {"err":0,"msg":"JamneSyC6wrm7v479sdeszj2W4WMR5EdAo"}
[ Tue Aug 15 2017 16:26:48 GMT+0800 (CST) ] time is 359
[ Tue Aug 15 2017 16:26:48 GMT+0800 (CST) ] {"err":0,"msg":"JdtympYsLqwDVhGygXK4v14mttJUb1KHAR"}
[ Tue Aug 15 2017 16:26:48 GMT+0800 (CST) ] time is 360
[ Tue Aug 15 2017 16:26:48 GMT+0800 (CST) ] {"err":0,"msg":"JRi4BPmtDWkMegx6EM9ZtoCBsivzRrNmQt"}
[ Tue Aug 15 2017 16:26:48 GMT+0800 (CST) ] time is 360
[ Tue Aug 15 2017 16:26:48 GMT+0800 (CST) ] {"err":0,"msg":"JQPJ4WH9DDKfZ6dP5iAHQpcpnqameuk2Vf"}
[ Tue Aug 15 2017 16:26:48 GMT+0800 (CST) ] time is 359
[ Tue Aug 15 2017 16:26:48 GMT+0800 (CST) ] {"err":0,"msg":"JL8c3C6PUASJEzWcWFaUWRov7GZeRyX8Fp"}
[ Tue Aug 15 2017 16:26:48 GMT+0800 (CST) ] time is 360
[ Tue Aug 15 2017 16:26:48 GMT+0800 (CST) ] {"err":0,"msg":"JMUcSFtiAU2KnNpGhTLzpAsQfwDnDkKJQL"}
[ Tue Aug 15 2017 16:26:48 GMT+0800 (CST) ] time is 361
[ Tue Aug 15 2017 16:26:48 GMT+0800 (CST) ] {"err":0,"msg":"JcHyEEUjUKdCWnnQ32r629HhRb4MHEADBF"}
[ Tue Aug 15 2017 16:26:48 GMT+0800 (CST) ] time is 360
[ Tue Aug 15 2017 16:26:48 GMT+0800 (CST) ] {"err":0,"msg":"JKKFbwVQg9y5Ti4qQwKnjozZ1rgWPCVstj"}
[ Tue Aug 15 2017 16:26:48 GMT+0800 (CST) ] time is 361
[ Tue Aug 15 2017 16:26:48 GMT+0800 (CST) ] {"err":0,"msg":"JLpcvQkzBcwhUD6W3QV3uSuwR5GWjFqEyd"}
[ Tue Aug 15 2017 16:26:48 GMT+0800 (CST) ] time is 361
[ Tue Aug 15 2017 16:26:48 GMT+0800 (CST) ] {"err":0,"msg":"JLkzRMw7gmoRkUSGd4L7uS9juK5DZcXWQ6"}
[ Tue Aug 15 2017 16:26:48 GMT+0800 (CST) ] time is 362
[ Tue Aug 15 2017 16:26:48 GMT+0800 (CST) ] {"err":0,"msg":"JYPwsoCwaK78ZxASqS1AdH6S3NMtjNGVp6"}
[ Tue Aug 15 2017 16:26:48 GMT+0800 (CST) ] time is 361
[ Tue Aug 15 2017 16:26:48 GMT+0800 (CST) ] {"err":0,"msg":"JZcPkQh1DTTGMmnmySpuQU2yRE9XweNuoW"}
[ Tue Aug 15 2017 16:26:48 GMT+0800 (CST) ] time is 362
[ Tue Aug 15 2017 16:26:48 GMT+0800 (CST) ] {"err":0,"msg":"JdkvekdY3NJF2Y5y2ht5xg913VEbdMn7zc"}
[ Tue Aug 15 2017 16:26:48 GMT+0800 (CST) ] time is 362
[ Tue Aug 15 2017 16:26:48 GMT+0800 (CST) ] {"err":0,"msg":"JbFZXFNCFu5N4SjhiBEWUBTg7K1iftcZS7"}
[ Tue Aug 15 2017 16:26:48 GMT+0800 (CST) ] time is 363
[ Tue Aug 15 2017 16:26:48 GMT+0800 (CST) ] {"err":0,"msg":"JbkSajMXQzE7ZPLDNZRQUkstb892P6HVFt"}
[ Tue Aug 15 2017 16:26:48 GMT+0800 (CST) ] time is 362
[ Tue Aug 15 2017 16:26:48 GMT+0800 (CST) ] {"err":0,"msg":"JZ4VrKq42hA7nYaP7oFEhnwWJ1BTvMyw3n"}
[ Tue Aug 15 2017 16:26:48 GMT+0800 (CST) ] time is 363
[ Tue Aug 15 2017 16:26:48 GMT+0800 (CST) ] {"err":0,"msg":"JQSASNEmAbfWgnJzwugdenq5hth5zBZjYK"}
[ Tue Aug 15 2017 16:26:48 GMT+0800 (CST) ] time is 363
[ Tue Aug 15 2017 16:26:48 GMT+0800 (CST) ] {"err":0,"msg":"JWLpDx1H65ZggY2jg6f1kEo2Zkuw3rMRee"}
[ Tue Aug 15 2017 16:26:48 GMT+0800 (CST) ] time is 364
[ Tue Aug 15 2017 16:26:48 GMT+0800 (CST) ] {"err":0,"msg":"JbGh2fxvqbKVo1BkfGfpeWQePk1U5dDi8Z"}
[ Tue Aug 15 2017 16:26:48 GMT+0800 (CST) ] time is 363
[ Tue Aug 15 2017 16:26:48 GMT+0800 (CST) ] {"err":0,"msg":"Jfokc7LDBkZxztNdxZ7sz58bQJeTuTYE1G"}
[ Tue Aug 15 2017 16:26:48 GMT+0800 (CST) ] time is 364
[ Tue Aug 15 2017 16:26:48 GMT+0800 (CST) ] {"err":0,"msg":"JRdcFXqmuJrY9xe52GMN1pBmRMMiTroGHP"}
[ Tue Aug 15 2017 16:26:48 GMT+0800 (CST) ] time is 364
[ Tue Aug 15 2017 16:26:48 GMT+0800 (CST) ] {"err":0,"msg":"Jb9yS8TaJaJJoLvChVBqV2vkKdLdco1BxW"}
[ Tue Aug 15 2017 16:26:48 GMT+0800 (CST) ] time is 365
[ Tue Aug 15 2017 16:26:48 GMT+0800 (CST) ] {"err":0,"msg":"Jc5rydZ8VqUADqNg74dRC7ffZoPdAp5CzD"}
[ Tue Aug 15 2017 16:26:48 GMT+0800 (CST) ] time is 364
[ Tue Aug 15 2017 16:26:48 GMT+0800 (CST) ] {"err":0,"msg":"JQjZMZHagAVcpke4mz5kG6Kj1unHx7jiig"}
[ Tue Aug 15 2017 16:26:48 GMT+0800 (CST) ] time is 365
[ Tue Aug 15 2017 16:26:48 GMT+0800 (CST) ] {"err":0,"msg":"Jdr8dpSpoqw4MKHpysvRxShjwTygsppRse"}
[ Tue Aug 15 2017 16:26:48 GMT+0800 (CST) ] time is 365
[ Tue Aug 15 2017 16:26:48 GMT+0800 (CST) ] {"err":0,"msg":"JhgfjuHQ1QD3APmv69HFqa7UVyQT5WbaXR"}
[ Tue Aug 15 2017 16:26:48 GMT+0800 (CST) ] time is 366
[ Tue Aug 15 2017 16:26:48 GMT+0800 (CST) ] {"err":0,"msg":"JWVsXvK7dKdqp8i3hZUb2B7rhMvdm8FSoQ"}
[ Tue Aug 15 2017 16:26:48 GMT+0800 (CST) ] time is 365
[ Tue Aug 15 2017 16:26:48 GMT+0800 (CST) ] {"err":0,"msg":"JKxqn7oNqZ3cekoQEuWQK2ft74GasSkSoB"}
[ Tue Aug 15 2017 16:26:48 GMT+0800 (CST) ] time is 366
[ Tue Aug 15 2017 16:26:48 GMT+0800 (CST) ] {"err":0,"msg":"Jc8EXd2gd8FHcBKx5RSDrFDUC26vruwqNu"}
[ Tue Aug 15 2017 16:26:48 GMT+0800 (CST) ] time is 366
[ Tue Aug 15 2017 16:26:48 GMT+0800 (CST) ] {"err":0,"msg":"JNoPj1v47ogDFwHFfksVK1nyTYLpfhPzTm"}
[ Tue Aug 15 2017 16:26:48 GMT+0800 (CST) ] time is 367
[ Tue Aug 15 2017 16:26:48 GMT+0800 (CST) ] {"err":0,"msg":"JZsC1cqf7TG3KQynxZkpngz8ufV6Vuuktt"}
[ Tue Aug 15 2017 16:26:48 GMT+0800 (CST) ] time is 366
[ Tue Aug 15 2017 16:26:48 GMT+0800 (CST) ] {"err":0,"msg":"JSK3sRCTx8PiMHytMmMx4Zpu9A3xdVte64"}
[ Tue Aug 15 2017 16:26:48 GMT+0800 (CST) ] time is 367
[ Tue Aug 15 2017 16:26:48 GMT+0800 (CST) ] {"err":0,"msg":"JKAch2jaqFqcxEF4bDHd23Ai1Y46RcxTtj"}
[ Tue Aug 15 2017 16:26:48 GMT+0800 (CST) ] time is 367
[ Tue Aug 15 2017 16:26:48 GMT+0800 (CST) ] {"err":0,"msg":"JRmesb2gtUVFbZFekQ8Wnkwe4Wjy4G4Wt6"}
[ Tue Aug 15 2017 16:26:48 GMT+0800 (CST) ] time is 368
[ Tue Aug 15 2017 16:26:48 GMT+0800 (CST) ] {"err":0,"msg":"JcAkBxvPBDhKx9iYhWyTysnpMGRSZbxTx6"}
[ Tue Aug 15 2017 16:26:49 GMT+0800 (CST) ] time is 367
[ Tue Aug 15 2017 16:26:49 GMT+0800 (CST) ] {"err":0,"msg":"JdfBEqge8rmHzwmQ2LHf8ouMj21WdDYyay"}
[ Tue Aug 15 2017 16:26:49 GMT+0800 (CST) ] time is 368
[ Tue Aug 15 2017 16:26:49 GMT+0800 (CST) ] {"err":0,"msg":"JS7cKgtv2PNstxfFoUdeFHwiXRSCYrkRXM"}
[ Tue Aug 15 2017 16:26:49 GMT+0800 (CST) ] time is 368
[ Tue Aug 15 2017 16:26:49 GMT+0800 (CST) ] {"err":0,"msg":"Jh6PTeadkmu2mhn3qg7aqpmLvUyK7tRBpA"}
[ Tue Aug 15 2017 16:26:49 GMT+0800 (CST) ] time is 369
[ Tue Aug 15 2017 16:26:49 GMT+0800 (CST) ] {"err":0,"msg":"JTsJV6HLoqAUpRiVKTd7oTDG6NQMZDHMmC"}
[ Tue Aug 15 2017 16:26:49 GMT+0800 (CST) ] time is 368
[ Tue Aug 15 2017 16:26:49 GMT+0800 (CST) ] {"err":0,"msg":"JbzhNcdCLCKuSRTpVKaW3JPF3ycPzPEVoV"}
[ Tue Aug 15 2017 16:26:49 GMT+0800 (CST) ] time is 369
[ Tue Aug 15 2017 16:26:49 GMT+0800 (CST) ] {"err":0,"msg":"JTm5Z2MM9abXCgGgKPQDPHMAjWD7znhHHD"}
[ Tue Aug 15 2017 16:26:49 GMT+0800 (CST) ] time is 369
[ Tue Aug 15 2017 16:26:49 GMT+0800 (CST) ] {"err":0,"msg":"JfzUNMQiLRessF2tyFV3u9yJLXJApwdu14"}
[ Tue Aug 15 2017 16:26:49 GMT+0800 (CST) ] time is 370
[ Tue Aug 15 2017 16:26:49 GMT+0800 (CST) ] {"err":0,"msg":"JS2HbQzEqjF2G35Fqm25C1ytP1sXo5M6vW"}
[ Tue Aug 15 2017 16:26:49 GMT+0800 (CST) ] time is 369
[ Tue Aug 15 2017 16:26:49 GMT+0800 (CST) ] {"err":0,"msg":"JKdC9e8nFKsoHmdgfHPM6FyvQZ2H1ars17"}
[ Tue Aug 15 2017 16:26:49 GMT+0800 (CST) ] time is 370
[ Tue Aug 15 2017 16:26:49 GMT+0800 (CST) ] {"err":0,"msg":"JUZfJ3FJjba8fUExrXqfW38EnAKAtjTJGW"}
[ Tue Aug 15 2017 16:26:49 GMT+0800 (CST) ] time is 370
[ Tue Aug 15 2017 16:26:49 GMT+0800 (CST) ] {"err":0,"msg":"JWjDNh8gJvVAv7GgD14XfyDvzSAhbUtz9J"}
[ Tue Aug 15 2017 16:26:49 GMT+0800 (CST) ] time is 371
[ Tue Aug 15 2017 16:26:49 GMT+0800 (CST) ] {"err":0,"msg":"JL824V2unpYPr8y7qyMEru5z5aUVf4voaH"}
[ Tue Aug 15 2017 16:26:49 GMT+0800 (CST) ] time is 370
[ Tue Aug 15 2017 16:26:49 GMT+0800 (CST) ] {"err":0,"msg":"JdtmNUEeAcPGpucRA3e3WXMjSuhGa4i4CU"}
[ Tue Aug 15 2017 16:26:49 GMT+0800 (CST) ] time is 371
[ Tue Aug 15 2017 16:26:49 GMT+0800 (CST) ] {"err":0,"msg":"JTh4RxETuE8RfcKiiyyoNwwyBQXY4Tsjxe"}
[ Tue Aug 15 2017 16:26:49 GMT+0800 (CST) ] time is 371
[ Tue Aug 15 2017 16:26:49 GMT+0800 (CST) ] {"err":0,"msg":"JVarTBBVaHHyQNQrGp1RTGD4ybQWkBF5Au"}
[ Tue Aug 15 2017 16:26:49 GMT+0800 (CST) ] time is 372
[ Tue Aug 15 2017 16:26:49 GMT+0800 (CST) ] {"err":0,"msg":"JLm9MgxQq7AAtSuA7qYK6eCUgk3bUsyeDS"}
[ Tue Aug 15 2017 16:26:49 GMT+0800 (CST) ] time is 371
[ Tue Aug 15 2017 16:26:49 GMT+0800 (CST) ] {"err":0,"msg":"Je7JSn57UzfhegpX1YWYpPksV9c4S92YZi"}
[ Tue Aug 15 2017 16:26:49 GMT+0800 (CST) ] time is 372
[ Tue Aug 15 2017 16:26:49 GMT+0800 (CST) ] {"err":0,"msg":"JbZ5i89CyfSGHDeDQgaxqwWykXj1BLuNRm"}
[ Tue Aug 15 2017 16:26:49 GMT+0800 (CST) ] time is 372
[ Tue Aug 15 2017 16:26:49 GMT+0800 (CST) ] {"err":0,"msg":"JYRCYB8MAHHdfJY2cppnfpVq4i2fvw2SkX"}
[ Tue Aug 15 2017 16:26:49 GMT+0800 (CST) ] time is 373
[ Tue Aug 15 2017 16:26:49 GMT+0800 (CST) ] {"err":0,"msg":"JThqoXfsJeH78m3SwNg5398PFFYa8f8DBy"}
[ Tue Aug 15 2017 16:26:49 GMT+0800 (CST) ] time is 372
[ Tue Aug 15 2017 16:26:49 GMT+0800 (CST) ] {"err":0,"msg":"JJuBgB438aYcXJjRJtGVhPtkjZBgP6jvMF"}
[ Tue Aug 15 2017 16:26:49 GMT+0800 (CST) ] time is 373
[ Tue Aug 15 2017 16:26:49 GMT+0800 (CST) ] {"err":0,"msg":"JSUH7YSoqNqzvWyoR7JjcZ5CKur63ze11Q"}
[ Tue Aug 15 2017 16:26:49 GMT+0800 (CST) ] time is 373
[ Tue Aug 15 2017 16:26:49 GMT+0800 (CST) ] {"err":0,"msg":"JdJZc43iGziZC6oupoHyfqUPJaYVJSN9w3"}
[ Tue Aug 15 2017 16:26:49 GMT+0800 (CST) ] time is 374
[ Tue Aug 15 2017 16:26:49 GMT+0800 (CST) ] {"err":0,"msg":"JLRSDxgKf7zyvQgQFF585aHYw5ePVkPP3R"}
[ Tue Aug 15 2017 16:26:49 GMT+0800 (CST) ] time is 373
[ Tue Aug 15 2017 16:26:49 GMT+0800 (CST) ] {"err":0,"msg":"JK9Ak9d6ojNfFFBETHdUJhsqB9tdZRxEfv"}
[ Tue Aug 15 2017 16:26:49 GMT+0800 (CST) ] time is 374
[ Tue Aug 15 2017 16:26:49 GMT+0800 (CST) ] {"err":0,"msg":"JXtp2jMdscQH5kkXM7EPKESzG5Txs71kZc"}
[ Tue Aug 15 2017 16:26:49 GMT+0800 (CST) ] time is 374
[ Tue Aug 15 2017 16:26:49 GMT+0800 (CST) ] {"err":0,"msg":"JQhrMAt559QphnpCJ8oR9Ybji2nJLtAxPZ"}
[ Tue Aug 15 2017 16:26:49 GMT+0800 (CST) ] time is 375
[ Tue Aug 15 2017 16:26:49 GMT+0800 (CST) ] {"err":0,"msg":"JQtcW3s84NeiZJuYowRTMtD2Vw1nn7z1cJ"}
[ Tue Aug 15 2017 16:26:49 GMT+0800 (CST) ] time is 374
[ Tue Aug 15 2017 16:26:49 GMT+0800 (CST) ] {"err":0,"msg":"JXrsX5bSjo1gpeE7obkNrFs7asDgUkksnA"}
[ Tue Aug 15 2017 16:26:49 GMT+0800 (CST) ] time is 375
[ Tue Aug 15 2017 16:26:49 GMT+0800 (CST) ] {"err":0,"msg":"JgXRmCNP4Bx7cfuQjkcZKUaufwBLsPsfKU"}
[ Tue Aug 15 2017 16:26:49 GMT+0800 (CST) ] time is 375
[ Tue Aug 15 2017 16:26:49 GMT+0800 (CST) ] {"err":0,"msg":"JZiDX8hNUh7B3NMxog7WJkxNxjDCJFqs88"}
[ Tue Aug 15 2017 16:26:49 GMT+0800 (CST) ] time is 376
[ Tue Aug 15 2017 16:26:49 GMT+0800 (CST) ] {"err":0,"msg":"JNnADKFNLJkuhDMpnYVwH888KRxAdvgbsf"}
[ Tue Aug 15 2017 16:26:49 GMT+0800 (CST) ] time is 375
[ Tue Aug 15 2017 16:26:49 GMT+0800 (CST) ] {"err":0,"msg":"JLseXUMRBJWR8t4nRYQmHoEW4DUyQAWLTA"}
[ Tue Aug 15 2017 16:26:49 GMT+0800 (CST) ] time is 376
[ Tue Aug 15 2017 16:26:49 GMT+0800 (CST) ] {"err":0,"msg":"JY8CT7oJBitnwvm9GJyk1NShxgjXEGfxf2"}
[ Tue Aug 15 2017 16:26:49 GMT+0800 (CST) ] time is 376
[ Tue Aug 15 2017 16:26:49 GMT+0800 (CST) ] {"err":0,"msg":"JSJ2NZPHTQLGzhh2M14pFC1s7rcuJ5Lk2F"}
[ Tue Aug 15 2017 16:26:49 GMT+0800 (CST) ] time is 377
[ Tue Aug 15 2017 16:26:49 GMT+0800 (CST) ] {"err":0,"msg":"JYhHqgi4vnuZogteZCzWaZxviTiYhhKc42"}
[ Tue Aug 15 2017 16:26:49 GMT+0800 (CST) ] time is 376
[ Tue Aug 15 2017 16:26:49 GMT+0800 (CST) ] {"err":0,"msg":"JPTNRAGw1AZavG7zGdNq6Fn2iotyskUKkW"}
[ Tue Aug 15 2017 16:26:49 GMT+0800 (CST) ] time is 377
[ Tue Aug 15 2017 16:26:49 GMT+0800 (CST) ] {"err":0,"msg":"JYaHLGJGZNSzB8tGVY8mkbntpRktTYaoSX"}
[ Tue Aug 15 2017 16:26:49 GMT+0800 (CST) ] time is 377
[ Tue Aug 15 2017 16:26:49 GMT+0800 (CST) ] {"err":0,"msg":"JRy43ueHbng1EiRumGooppwcS9KyuENcQQ"}
[ Tue Aug 15 2017 16:26:49 GMT+0800 (CST) ] time is 378
[ Tue Aug 15 2017 16:26:49 GMT+0800 (CST) ] {"err":0,"msg":"JJs5Wa3RB57o1XnQpZcgcd1DXextHZaDW9"}
[ Tue Aug 15 2017 16:26:49 GMT+0800 (CST) ] time is 377
[ Tue Aug 15 2017 16:26:49 GMT+0800 (CST) ] {"err":0,"msg":"JUrHt8Y1ZcgJKMDZWAcwfTGQK7ecRrzGB5"}
[ Tue Aug 15 2017 16:26:49 GMT+0800 (CST) ] time is 378
[ Tue Aug 15 2017 16:26:49 GMT+0800 (CST) ] {"err":0,"msg":"JWukV9jFWzaXY2rkwZgZrCWubDyeRNQAwj"}
[ Tue Aug 15 2017 16:26:49 GMT+0800 (CST) ] time is 378
[ Tue Aug 15 2017 16:26:49 GMT+0800 (CST) ] {"err":0,"msg":"JfCgyGikcjiKzPqPCs44Uhy1ggUwDPfoBB"}
[ Tue Aug 15 2017 16:26:49 GMT+0800 (CST) ] time is 379
[ Tue Aug 15 2017 16:26:49 GMT+0800 (CST) ] {"err":0,"msg":"JYNySDqgcCmTQvC4U6eojt9T1i3CAERUNu"}
[ Tue Aug 15 2017 16:26:49 GMT+0800 (CST) ] time is 378
[ Tue Aug 15 2017 16:26:49 GMT+0800 (CST) ] {"err":0,"msg":"JP8UFdFU1WPeeEoMbPu2PDbrJDCg7CLiVv"}
[ Tue Aug 15 2017 16:26:49 GMT+0800 (CST) ] time is 379
[ Tue Aug 15 2017 16:26:49 GMT+0800 (CST) ] {"err":0,"msg":"JdPPEfZBwehpitTEfo3TPZKbow18BDBckS"}
[ Tue Aug 15 2017 16:26:49 GMT+0800 (CST) ] time is 379
[ Tue Aug 15 2017 16:26:49 GMT+0800 (CST) ] {"err":0,"msg":"Jd36cLytMecNZDaaVPb8dZUQ4tpk6aKikK"}
[ Tue Aug 15 2017 16:26:49 GMT+0800 (CST) ] time is 380
[ Tue Aug 15 2017 16:26:49 GMT+0800 (CST) ] {"err":0,"msg":"JKpRpJLue4o5Ce9eARHcchzRUdeiPA8kcF"}
[ Tue Aug 15 2017 16:26:49 GMT+0800 (CST) ] time is 379
[ Tue Aug 15 2017 16:26:49 GMT+0800 (CST) ] {"err":0,"msg":"JRsoerRjz4SY1ZQoJ1pKn46NYYYUEhoMhw"}
[ Tue Aug 15 2017 16:26:49 GMT+0800 (CST) ] time is 380
[ Tue Aug 15 2017 16:26:49 GMT+0800 (CST) ] {"err":0,"msg":"JNe1rbtj8rxwhfrbC7CMnhJeBYzAECvXYx"}
[ Tue Aug 15 2017 16:26:49 GMT+0800 (CST) ] time is 380
[ Tue Aug 15 2017 16:26:49 GMT+0800 (CST) ] {"err":0,"msg":"JPCEuYZapZcqAtPhFXZPqNkG5Y14emW4pG"}
[ Tue Aug 15 2017 16:26:49 GMT+0800 (CST) ] time is 381
[ Tue Aug 15 2017 16:26:49 GMT+0800 (CST) ] {"err":0,"msg":"JX4QPQ6b48P9sLALMkgGkJj6Cg4cmVeLzE"}
[ Tue Aug 15 2017 16:26:49 GMT+0800 (CST) ] time is 380
[ Tue Aug 15 2017 16:26:49 GMT+0800 (CST) ] {"err":0,"msg":"JRL6HvrXh7XMsSeCxo3Xn7TFyNEdZt25YN"}
[ Tue Aug 15 2017 16:26:49 GMT+0800 (CST) ] time is 381
[ Tue Aug 15 2017 16:26:49 GMT+0800 (CST) ] {"err":0,"msg":"JbGA8U5y1warySiGfmBrMttdDozqhZYKfn"}
[ Tue Aug 15 2017 16:26:49 GMT+0800 (CST) ] time is 381
[ Tue Aug 15 2017 16:26:49 GMT+0800 (CST) ] {"err":0,"msg":"JLraWaZdmBFc3DoGQGASYAHnNzge9Vh4yu"}
[ Tue Aug 15 2017 16:26:49 GMT+0800 (CST) ] time is 382
[ Tue Aug 15 2017 16:26:49 GMT+0800 (CST) ] {"err":0,"msg":"JYv6D9WELQAsoRmPaJSW8htHF18KoWW9o1"}
[ Tue Aug 15 2017 16:26:49 GMT+0800 (CST) ] time is 381
[ Tue Aug 15 2017 16:26:49 GMT+0800 (CST) ] {"err":0,"msg":"JfsJktwW7scSpBwMsrzFqswMisXCfXFo7u"}
[ Tue Aug 15 2017 16:26:49 GMT+0800 (CST) ] time is 382
[ Tue Aug 15 2017 16:26:49 GMT+0800 (CST) ] {"err":0,"msg":"JWjRz8u76JMQeuajNwnW71ganArvpxkrGL"}
[ Tue Aug 15 2017 16:26:49 GMT+0800 (CST) ] time is 382
[ Tue Aug 15 2017 16:26:49 GMT+0800 (CST) ] {"err":0,"msg":"JPCmtjiYgpczkD1KMK3qxtBye1EBg1dXYd"}
[ Tue Aug 15 2017 16:26:49 GMT+0800 (CST) ] time is 383
[ Tue Aug 15 2017 16:26:49 GMT+0800 (CST) ] {"err":0,"msg":"JZ67KSk5A3JPi9pAoYps16p51bMhq2c8tZ"}
[ Tue Aug 15 2017 16:26:49 GMT+0800 (CST) ] time is 382
[ Tue Aug 15 2017 16:26:49 GMT+0800 (CST) ] {"err":0,"msg":"JSac7fVB5cHLtZAUV6jAC3wj9KZ1hkgcuM"}
[ Tue Aug 15 2017 16:26:49 GMT+0800 (CST) ] time is 383
[ Tue Aug 15 2017 16:26:49 GMT+0800 (CST) ] {"err":0,"msg":"JVTz83k77quTXpcUWD5Dou37w2KEjLDWBK"}
[ Tue Aug 15 2017 16:26:49 GMT+0800 (CST) ] time is 383
[ Tue Aug 15 2017 16:26:49 GMT+0800 (CST) ] {"err":0,"msg":"JT7tDzHEg6NgCzQQ58jBi54gmHWWLznNgp"}
[ Tue Aug 15 2017 16:26:49 GMT+0800 (CST) ] time is 384
[ Tue Aug 15 2017 16:26:49 GMT+0800 (CST) ] {"err":0,"msg":"Jaf8XtTCEkhEavGdxKyWY3opYdpadz1PLV"}
[ Tue Aug 15 2017 16:26:49 GMT+0800 (CST) ] time is 383
[ Tue Aug 15 2017 16:26:49 GMT+0800 (CST) ] {"err":0,"msg":"JLTnzs4hyztQpj6ckdUTBKSM3HscQGjeNk"}
[ Tue Aug 15 2017 16:26:49 GMT+0800 (CST) ] time is 384
[ Tue Aug 15 2017 16:26:49 GMT+0800 (CST) ] {"err":0,"msg":"JM6qAgE7pevqJNsiKfETx8sB4ZC5WzCMLz"}
[ Tue Aug 15 2017 16:26:49 GMT+0800 (CST) ] time is 384
[ Tue Aug 15 2017 16:26:49 GMT+0800 (CST) ] {"err":0,"msg":"JUpUqhVFHD6mQ4ADwccbVaWUhtNsgWSSey"}
[ Tue Aug 15 2017 16:26:49 GMT+0800 (CST) ] time is 385
[ Tue Aug 15 2017 16:26:49 GMT+0800 (CST) ] {"err":0,"msg":"JXAu5WkcpjE2wrVGvc9EpiQqbZHwEjXkKS"}
[ Tue Aug 15 2017 16:26:49 GMT+0800 (CST) ] time is 384
[ Tue Aug 15 2017 16:26:49 GMT+0800 (CST) ] {"err":0,"msg":"JMFcUrj49G8ya2ypCgWCBLyGndFpQ1fYKJ"}
[ Tue Aug 15 2017 16:26:49 GMT+0800 (CST) ] time is 385
[ Tue Aug 15 2017 16:26:49 GMT+0800 (CST) ] {"err":0,"msg":"JKJYkUpR2BrwiGtjrFzp1xafVYaC3yd7bU"}
[ Tue Aug 15 2017 16:26:50 GMT+0800 (CST) ] time is 385
[ Tue Aug 15 2017 16:26:50 GMT+0800 (CST) ] {"err":0,"msg":"Jd2MGDE7paWCtYGob3woa7UiDsq7STEP61"}
[ Tue Aug 15 2017 16:26:50 GMT+0800 (CST) ] time is 386
[ Tue Aug 15 2017 16:26:50 GMT+0800 (CST) ] {"err":0,"msg":"JQm2rgVhx5hmjAysRqnwdQVZsUGdx6vPVD"}
[ Tue Aug 15 2017 16:26:50 GMT+0800 (CST) ] time is 385
[ Tue Aug 15 2017 16:26:50 GMT+0800 (CST) ] {"err":0,"msg":"JXtdE4KBugUuaseswBYRxTWTaAC2EkkVkD"}
[ Tue Aug 15 2017 16:26:50 GMT+0800 (CST) ] time is 386
[ Tue Aug 15 2017 16:26:50 GMT+0800 (CST) ] {"err":0,"msg":"JetAqy1CqP7QKmwVoEnG6zo7hpLfcdvRn1"}
[ Tue Aug 15 2017 16:26:50 GMT+0800 (CST) ] time is 386
[ Tue Aug 15 2017 16:26:50 GMT+0800 (CST) ] {"err":0,"msg":"JW7AoMWfJMm2RCGwZedrL5JwhUJfFhCEfc"}
[ Tue Aug 15 2017 16:26:50 GMT+0800 (CST) ] time is 387
[ Tue Aug 15 2017 16:26:50 GMT+0800 (CST) ] {"err":0,"msg":"JLbTBxTxmKxtthMD118FbPzBTcccaaWt3V"}
[ Tue Aug 15 2017 16:26:50 GMT+0800 (CST) ] time is 386
[ Tue Aug 15 2017 16:26:50 GMT+0800 (CST) ] {"err":0,"msg":"JcSNeMgasG2mU5mHEZ4Z4fkXdbPw45qPdp"}
[ Tue Aug 15 2017 16:26:50 GMT+0800 (CST) ] time is 387
[ Tue Aug 15 2017 16:26:50 GMT+0800 (CST) ] {"err":0,"msg":"JPdGjWPtK5GJdADdHtVskSxbaRipsKtQ4W"}
[ Tue Aug 15 2017 16:26:50 GMT+0800 (CST) ] time is 387
[ Tue Aug 15 2017 16:26:50 GMT+0800 (CST) ] {"err":0,"msg":"JVjVF2wLvqQiLWQDaC6b1vhrvLt6AwBvXR"}
[ Tue Aug 15 2017 16:26:50 GMT+0800 (CST) ] time is 388
[ Tue Aug 15 2017 16:26:50 GMT+0800 (CST) ] {"err":0,"msg":"JYACe4S4Qx5LrmKmiSWV9e5NjRYBjsvqvk"}
[ Tue Aug 15 2017 16:26:50 GMT+0800 (CST) ] {"err":0,"msg":"JRzWY4DrSgxHHaGUyEHfGpD2epvwaoyd17"}
[ Tue Aug 15 2017 16:26:50 GMT+0800 (CST) ] time is 387
[ Tue Aug 15 2017 16:26:50 GMT+0800 (CST) ] time is 388
[ Tue Aug 15 2017 16:26:50 GMT+0800 (CST) ] {"err":0,"msg":"JXh7Mert5vgsY74aGzH5pGraPJuqQYrJoZ"}
[ Tue Aug 15 2017 16:26:50 GMT+0800 (CST) ] time is 388
[ Tue Aug 15 2017 16:26:50 GMT+0800 (CST) ] {"err":0,"msg":"JY98VBcDhkpYCAc5r5gMUu7BfHKH6nZxGz"}
[ Tue Aug 15 2017 16:26:50 GMT+0800 (CST) ] time is 389
[ Tue Aug 15 2017 16:26:50 GMT+0800 (CST) ] {"err":0,"msg":"JduLgEqftpn3CR6zEncBQEaE78jKWJPagf"}
[ Tue Aug 15 2017 16:26:50 GMT+0800 (CST) ] time is 388
[ Tue Aug 15 2017 16:26:50 GMT+0800 (CST) ] {"err":0,"msg":"JQKWc2V7FL5h3Y4Xora2BiZc2ro7ge81Rr"}
[ Tue Aug 15 2017 16:26:50 GMT+0800 (CST) ] time is 389
[ Tue Aug 15 2017 16:26:50 GMT+0800 (CST) ] {"err":0,"msg":"JfhHQ4u3MDNYsZ1B4hg5PsG41QxcLq7Qst"}
[ Tue Aug 15 2017 16:26:50 GMT+0800 (CST) ] time is 389
[ Tue Aug 15 2017 16:26:50 GMT+0800 (CST) ] {"err":0,"msg":"JXAuSi4uNGftkv6t8NHrrkWuAYiK8pUc1N"}
[ Tue Aug 15 2017 16:26:50 GMT+0800 (CST) ] time is 390
[ Tue Aug 15 2017 16:26:50 GMT+0800 (CST) ] {"err":0,"msg":"JfVFc9PupvJMCMYeRvW6cUcCZzSVLfT5hh"}
[ Tue Aug 15 2017 16:26:50 GMT+0800 (CST) ] {"err":0,"msg":"JSrVnKbiqhb6rtuCMpvqzwLLjijmAD5E1H"}
[ Tue Aug 15 2017 16:26:50 GMT+0800 (CST) ] time is 389
[ Tue Aug 15 2017 16:26:50 GMT+0800 (CST) ] time is 390
[ Tue Aug 15 2017 16:26:50 GMT+0800 (CST) ] {"err":0,"msg":"JR12rq6UwgVzVoHKkSSJQHmkQFJmRLcQLb"}
[ Tue Aug 15 2017 16:26:50 GMT+0800 (CST) ] time is 390
[ Tue Aug 15 2017 16:26:50 GMT+0800 (CST) ] {"err":0,"msg":"JTLPGhXaLNMmnVYJ8mKSrStuNRKMBQZPPN"}
[ Tue Aug 15 2017 16:26:50 GMT+0800 (CST) ] time is 391
[ Tue Aug 15 2017 16:26:50 GMT+0800 (CST) ] {"err":0,"msg":"JbNXtxDQubiqeGhxSGhkqgfDffaZ8jLbYq"}
[ Tue Aug 15 2017 16:26:50 GMT+0800 (CST) ] time is 391
[ Tue Aug 15 2017 16:26:50 GMT+0800 (CST) ] {"err":0,"msg":"JfHbw38BGo4iRFWT5UVVyFhs7w8CSM6RGc"}
[ Tue Aug 15 2017 16:26:50 GMT+0800 (CST) ] time is 390
[ Tue Aug 15 2017 16:26:50 GMT+0800 (CST) ] {"err":0,"msg":"JgcCpvUsPppgezpvECGoZ2pWDPspcCyU6C"}
[ Tue Aug 15 2017 16:26:50 GMT+0800 (CST) ] time is 392
[ Tue Aug 15 2017 16:26:50 GMT+0800 (CST) ] {"err":0,"msg":"JfQw14rvTYUZxDk6Q3AiNPu5gduRBS1NkX"}
[ Tue Aug 15 2017 16:26:50 GMT+0800 (CST) ] time is 391
[ Tue Aug 15 2017 16:26:50 GMT+0800 (CST) ] {"err":0,"msg":"JQpBPWN8aGKy4eov6twe7mZudDSoaZxZJq"}
[ Tue Aug 15 2017 16:26:50 GMT+0800 (CST) ] time is 392
[ Tue Aug 15 2017 16:26:50 GMT+0800 (CST) ] {"err":0,"msg":"JQF7LLy5uchmYGw5FX9XeD5CMw6GLWwwwc"}
[ Tue Aug 15 2017 16:26:50 GMT+0800 (CST) ] time is 391
[ Tue Aug 15 2017 16:26:50 GMT+0800 (CST) ] {"err":0,"msg":"JgAW3YEZZ23MhHT6zRiboF1vX8XPJL1Wqx"}
[ Tue Aug 15 2017 16:26:50 GMT+0800 (CST) ] time is 393
[ Tue Aug 15 2017 16:26:50 GMT+0800 (CST) ] {"err":0,"msg":"JdqP3WjKf7TESCruPRJmvpRMDGymo1AvXx"}
[ Tue Aug 15 2017 16:26:50 GMT+0800 (CST) ] time is 392
[ Tue Aug 15 2017 16:26:50 GMT+0800 (CST) ] {"err":0,"msg":"JbxB8UqMx9eCVeEkdvbyJdik8VeyvewtwB"}
[ Tue Aug 15 2017 16:26:50 GMT+0800 (CST) ] time is 393
[ Tue Aug 15 2017 16:26:50 GMT+0800 (CST) ] {"err":0,"msg":"JX4kWXEyM8u2jSUH2GphHZNx5RnYwiSn3x"}
[ Tue Aug 15 2017 16:26:50 GMT+0800 (CST) ] time is 392
[ Tue Aug 15 2017 16:26:50 GMT+0800 (CST) ] {"err":0,"msg":"JcxCELDmAEUkPPGXK7F4tCJhcgf3EchUu3"}
[ Tue Aug 15 2017 16:26:50 GMT+0800 (CST) ] time is 394
[ Tue Aug 15 2017 16:26:50 GMT+0800 (CST) ] {"err":0,"msg":"JUHom7GFoax2kJFqai6tmFtA6xdCyVgmA6"}
[ Tue Aug 15 2017 16:26:50 GMT+0800 (CST) ] time is 393
[ Tue Aug 15 2017 16:26:50 GMT+0800 (CST) ] {"err":0,"msg":"JNGGMKn3zFD5fcq6ZhJQu7DD8VUy6BzTzf"}
[ Tue Aug 15 2017 16:26:50 GMT+0800 (CST) ] {"err":0,"msg":"JUgstNzwPpinj9tshjdjSzbGRYLpfpXaad"}
[ Tue Aug 15 2017 16:26:50 GMT+0800 (CST) ] time is 394
[ Tue Aug 15 2017 16:26:50 GMT+0800 (CST) ] time is 393
[ Tue Aug 15 2017 16:26:50 GMT+0800 (CST) ] {"err":0,"msg":"JScYVBfWcvZNpAmiLkcG8PyFpDJBWAiRpx"}
[ Tue Aug 15 2017 16:26:50 GMT+0800 (CST) ] time is 395
[ Tue Aug 15 2017 16:26:50 GMT+0800 (CST) ] {"err":0,"msg":"JX7y1EBFphXmX7yyWmFu9adKeCev4LvuW4"}
[ Tue Aug 15 2017 16:26:50 GMT+0800 (CST) ] time is 394
[ Tue Aug 15 2017 16:26:50 GMT+0800 (CST) ] {"err":0,"msg":"JWJ7HjtQmLdnbqyJ2ojHnScoyM8atjHvF5"}
[ Tue Aug 15 2017 16:26:50 GMT+0800 (CST) ] time is 395
[ Tue Aug 15 2017 16:26:50 GMT+0800 (CST) ] {"err":0,"msg":"JawwpP5c7mv31Smo7jNiqMFrEjdLW55jso"}
[ Tue Aug 15 2017 16:26:50 GMT+0800 (CST) ] time is 394
[ Tue Aug 15 2017 16:26:50 GMT+0800 (CST) ] {"err":0,"msg":"JVpbkxJ2p72vXoh7tBwJ5AodQmPZw3DBvW"}
[ Tue Aug 15 2017 16:26:50 GMT+0800 (CST) ] time is 396
[ Tue Aug 15 2017 16:26:50 GMT+0800 (CST) ] {"err":0,"msg":"JbLUFuPCq5xg7zSY7wSoFMnWCTxEECfzR6"}
[ Tue Aug 15 2017 16:26:50 GMT+0800 (CST) ] time is 395
[ Tue Aug 15 2017 16:26:50 GMT+0800 (CST) ] {"err":0,"msg":"JNyBrVpwVYnMWDbRDbEbfbViM5bH1qRHYK"}
[ Tue Aug 15 2017 16:26:50 GMT+0800 (CST) ] time is 396
[ Tue Aug 15 2017 16:26:50 GMT+0800 (CST) ] {"err":0,"msg":"JNtHUtQy9gnHxqsatHKTTKBNwwceozwRXk"}
[ Tue Aug 15 2017 16:26:50 GMT+0800 (CST) ] time is 395
[ Tue Aug 15 2017 16:26:50 GMT+0800 (CST) ] {"err":0,"msg":"JRc9TnqEx8NkYxbS4ZNX2fcXSyhso44CWJ"}
[ Tue Aug 15 2017 16:26:50 GMT+0800 (CST) ] time is 397
[ Tue Aug 15 2017 16:26:50 GMT+0800 (CST) ] {"err":0,"msg":"JXoq1ChNvZNX7NJcFJFLGaHcbtW6cdKXsv"}
[ Tue Aug 15 2017 16:26:50 GMT+0800 (CST) ] time is 396
[ Tue Aug 15 2017 16:26:50 GMT+0800 (CST) ] {"err":0,"msg":"JTjezzt8vTTwbuRwhBYoVdu5Ge6sL5CHXj"}
[ Tue Aug 15 2017 16:26:50 GMT+0800 (CST) ] time is 397
[ Tue Aug 15 2017 16:26:50 GMT+0800 (CST) ] {"err":0,"msg":"JPhYkJugY5c2qwvVzJYd39uVsDop5UQvgm"}
[ Tue Aug 15 2017 16:26:50 GMT+0800 (CST) ] time is 396
[ Tue Aug 15 2017 16:26:50 GMT+0800 (CST) ] {"err":0,"msg":"JVQXV8RPFBeHavQzF95GdsySFczqY4Mqxn"}
[ Tue Aug 15 2017 16:26:50 GMT+0800 (CST) ] time is 398
[ Tue Aug 15 2017 16:26:50 GMT+0800 (CST) ] {"err":0,"msg":"JesaYLW1tUNvoycVQ73mbkTPmkRG5S7u7E"}
[ Tue Aug 15 2017 16:26:50 GMT+0800 (CST) ] time is 397
[ Tue Aug 15 2017 16:26:50 GMT+0800 (CST) ] {"err":0,"msg":"Jh3EmvZK4bYJHkFh1ot4oEJNVA79i9MVpp"}
[ Tue Aug 15 2017 16:26:50 GMT+0800 (CST) ] time is 398
[ Tue Aug 15 2017 16:26:50 GMT+0800 (CST) ] {"err":0,"msg":"JdFzDvMguDaEUtJH9s9MKsrovc67bKAXtE"}
[ Tue Aug 15 2017 16:26:50 GMT+0800 (CST) ] time is 397
[ Tue Aug 15 2017 16:26:50 GMT+0800 (CST) ] {"err":0,"msg":"Jak18JJbPEVJdMW6hUcTS7w7KosjmXskzQ"}
[ Tue Aug 15 2017 16:26:50 GMT+0800 (CST) ] time is 399
[ Tue Aug 15 2017 16:26:50 GMT+0800 (CST) ] {"err":0,"msg":"JeWrcXbn8FKZUkgM5dwDkCbda5yL3yxSt4"}
[ Tue Aug 15 2017 16:26:50 GMT+0800 (CST) ] time is 398
[ Tue Aug 15 2017 16:26:50 GMT+0800 (CST) ] {"err":0,"msg":"JNZcQN9BRd2ZKkSp82ysRb2Vjrbrp1UuBy"}
[ Tue Aug 15 2017 16:26:50 GMT+0800 (CST) ] time is 399
[ Tue Aug 15 2017 16:26:50 GMT+0800 (CST) ] {"err":0,"msg":"JhgwoZ9vM6RqsL8MomuFcx75Bc38P6Mtc7"}
[ Tue Aug 15 2017 16:26:50 GMT+0800 (CST) ] time is 398
[ Tue Aug 15 2017 16:26:50 GMT+0800 (CST) ] {"err":0,"msg":"Ja9WCQ6aHkVHAtF7sLTeDN9wrWvSj8DjSH"}
[ Tue Aug 15 2017 16:26:50 GMT+0800 (CST) ] time is 400
[ Tue Aug 15 2017 16:26:50 GMT+0800 (CST) ] {"err":0,"msg":"JXwzSkVwwcmCnbSHFN3qxw2Jy9ZwibpyqS"}
[ Tue Aug 15 2017 16:26:50 GMT+0800 (CST) ] time is 399
[ Tue Aug 15 2017 16:26:50 GMT+0800 (CST) ] {"err":0,"msg":"Jh5b4Dc162543WySY5AgQtoU3JVkV567mc"}
[ Tue Aug 15 2017 16:26:50 GMT+0800 (CST) ] time is 400
[ Tue Aug 15 2017 16:26:50 GMT+0800 (CST) ] {"err":0,"msg":"JSMvNNa7timUjhyUwQd41PJUVJJNeiV7AX"}
[ Tue Aug 15 2017 16:26:50 GMT+0800 (CST) ] time is 399
[ Tue Aug 15 2017 16:26:50 GMT+0800 (CST) ] {"err":0,"msg":"JcDwTdv7HhVwjf74xNP96D2g7WQJjJcZpg"}
[ Tue Aug 15 2017 16:26:50 GMT+0800 (CST) ] time is 401
[ Tue Aug 15 2017 16:26:50 GMT+0800 (CST) ] {"err":0,"msg":"JcsPA8KuA9ydrraVT1CT6CowrbpKJKbdxf"}
[ Tue Aug 15 2017 16:26:50 GMT+0800 (CST) ] time is 400
[ Tue Aug 15 2017 16:26:50 GMT+0800 (CST) ] {"err":0,"msg":"Jfdj7ACYbwGUTNmksATjpGeYduNfWPXhEW"}
[ Tue Aug 15 2017 16:26:50 GMT+0800 (CST) ] time is 401
[ Tue Aug 15 2017 16:26:50 GMT+0800 (CST) ] {"err":0,"msg":"JhTWDT6qk2EmeWJ6htuu5LaM4kKw4vxk1N"}
[ Tue Aug 15 2017 16:26:50 GMT+0800 (CST) ] time is 400
[ Tue Aug 15 2017 16:26:50 GMT+0800 (CST) ] {"err":0,"msg":"Jbvybn35LQfv28VC6RajoJdQjnk6H3oZ5j"}
[ Tue Aug 15 2017 16:26:50 GMT+0800 (CST) ] time is 402
[ Tue Aug 15 2017 16:26:50 GMT+0800 (CST) ] {"err":0,"msg":"JQFWaDPDFjrdLUdecTLe8bfDDna58X4pNZ"}
[ Tue Aug 15 2017 16:26:50 GMT+0800 (CST) ] time is 401
[ Tue Aug 15 2017 16:26:50 GMT+0800 (CST) ] {"err":0,"msg":"JcPUP6iUzAmNEk4qkdvuupHipxiGG8GspY"}
[ Tue Aug 15 2017 16:26:50 GMT+0800 (CST) ] time is 402
[ Tue Aug 15 2017 16:26:50 GMT+0800 (CST) ] {"err":0,"msg":"JVB6vRhwSTVajjemRobs1Vz5xYUcVfciMJ"}
[ Tue Aug 15 2017 16:26:50 GMT+0800 (CST) ] time is 401
[ Tue Aug 15 2017 16:26:50 GMT+0800 (CST) ] {"err":0,"msg":"JQaZndipV3TVa2uGUfavSYCppPKwTVMMny"}
[ Tue Aug 15 2017 16:26:50 GMT+0800 (CST) ] time is 403
[ Tue Aug 15 2017 16:26:50 GMT+0800 (CST) ] {"err":0,"msg":"JTdVgfYSvFtNbwQiTtmZvLM4sANZ6mimek"}
[ Tue Aug 15 2017 16:26:50 GMT+0800 (CST) ] time is 402
[ Tue Aug 15 2017 16:26:50 GMT+0800 (CST) ] {"err":0,"msg":"JP4HXFEPa4i3KPPpUo67P8ucvTDWSxNdPt"}
[ Tue Aug 15 2017 16:26:50 GMT+0800 (CST) ] time is 403
[ Tue Aug 15 2017 16:26:50 GMT+0800 (CST) ] {"err":0,"msg":"Jh6geCtCYoiqKtU8M43H1Q8Boif3qjzxqq"}
[ Tue Aug 15 2017 16:26:50 GMT+0800 (CST) ] time is 402
[ Tue Aug 15 2017 16:26:50 GMT+0800 (CST) ] {"err":0,"msg":"JRtMFFDKwrbb8JQUQAFeukLkVxmEyCr3rM"}
[ Tue Aug 15 2017 16:26:50 GMT+0800 (CST) ] time is 404
[ Tue Aug 15 2017 16:26:50 GMT+0800 (CST) ] {"err":0,"msg":"JMUzoAv5ixKrjQP1AbNtySGr1DSnAP3kdr"}
[ Tue Aug 15 2017 16:26:50 GMT+0800 (CST) ] time is 403
[ Tue Aug 15 2017 16:26:50 GMT+0800 (CST) ] {"err":0,"msg":"Jcon5zRh82PjfyH4hgo7gESrYwWsUnN6sS"}
[ Tue Aug 15 2017 16:26:50 GMT+0800 (CST) ] time is 404
[ Tue Aug 15 2017 16:26:50 GMT+0800 (CST) ] {"err":0,"msg":"JapMgioQkYNX75hb5RK1nrCWyAiVTTsWUv"}
[ Tue Aug 15 2017 16:26:50 GMT+0800 (CST) ] time is 403
[ Tue Aug 15 2017 16:26:50 GMT+0800 (CST) ] {"err":0,"msg":"JedNSAWRpv3MYWUeGXmuWcgEJs568wDpbM"}
[ Tue Aug 15 2017 16:26:50 GMT+0800 (CST) ] time is 405
[ Tue Aug 15 2017 16:26:50 GMT+0800 (CST) ] {"err":0,"msg":"Jh1B2Mjgopx3WRurWr6S94ZpEvHJUFHCfF"}
[ Tue Aug 15 2017 16:26:50 GMT+0800 (CST) ] time is 404
[ Tue Aug 15 2017 16:26:50 GMT+0800 (CST) ] {"err":0,"msg":"JaYbjXvDhkLsRdG1CcLfrBqcD428sH3yTJ"}
[ Tue Aug 15 2017 16:26:50 GMT+0800 (CST) ] time is 405
[ Tue Aug 15 2017 16:26:50 GMT+0800 (CST) ] {"err":0,"msg":"JRv4ewqaqgaouFGKqFeDk72GNDL9Fzmb6N"}
[ Tue Aug 15 2017 16:26:50 GMT+0800 (CST) ] time is 404
[ Tue Aug 15 2017 16:26:50 GMT+0800 (CST) ] {"err":0,"msg":"JfEpbNUoQBoDwWw4ErhYhZg9XjcEQqt5g4"}
[ Tue Aug 15 2017 16:26:51 GMT+0800 (CST) ] time is 406
[ Tue Aug 15 2017 16:26:51 GMT+0800 (CST) ] {"err":0,"msg":"JazmcRiMfe1dPRbjTkFFeoL5S8hnjBB6ri"}
[ Tue Aug 15 2017 16:26:51 GMT+0800 (CST) ] time is 405
[ Tue Aug 15 2017 16:26:51 GMT+0800 (CST) ] {"err":0,"msg":"JQdb3jycEMUGVUkTByjZ9bkmkeVUvtfgSp"}
[ Tue Aug 15 2017 16:26:51 GMT+0800 (CST) ] time is 406
[ Tue Aug 15 2017 16:26:51 GMT+0800 (CST) ] {"err":0,"msg":"JJfiawE6n1Yhgz9qjfCy4QdQinEgqcafVA"}
[ Tue Aug 15 2017 16:26:51 GMT+0800 (CST) ] time is 405
[ Tue Aug 15 2017 16:26:51 GMT+0800 (CST) ] {"err":0,"msg":"JeJ13LJc7vZDoAeQFRMw3CDuE3R5kUnDdx"}
[ Tue Aug 15 2017 16:26:51 GMT+0800 (CST) ] time is 407
[ Tue Aug 15 2017 16:26:51 GMT+0800 (CST) ] {"err":0,"msg":"JaJn9Fd1bCnj2TjTt2qYJMpGYpwTkV9mQd"}
[ Tue Aug 15 2017 16:26:51 GMT+0800 (CST) ] time is 406
[ Tue Aug 15 2017 16:26:51 GMT+0800 (CST) ] {"err":0,"msg":"JfRZp1tYF3rQoKS3NWy6VozYgkdk5L1dYC"}
[ Tue Aug 15 2017 16:26:51 GMT+0800 (CST) ] time is 407
[ Tue Aug 15 2017 16:26:51 GMT+0800 (CST) ] {"err":0,"msg":"JR2LvYuhvGwVhT43pcVCx3DLas1Qbcs81D"}
[ Tue Aug 15 2017 16:26:51 GMT+0800 (CST) ] time is 406
[ Tue Aug 15 2017 16:26:51 GMT+0800 (CST) ] {"err":0,"msg":"Je57VLAqU9N2fdUUHajZzwH8H4pbBZHASL"}
[ Tue Aug 15 2017 16:26:51 GMT+0800 (CST) ] time is 408
[ Tue Aug 15 2017 16:26:51 GMT+0800 (CST) ] {"err":0,"msg":"JUrUu34qgyzGhPJk1Mef1sp5baF9ug7MmE"}
[ Tue Aug 15 2017 16:26:51 GMT+0800 (CST) ] time is 407
[ Tue Aug 15 2017 16:26:51 GMT+0800 (CST) ] {"err":0,"msg":"Jbzm47BLCjAsR52fw7copV9BDBrB8K98YY"}
[ Tue Aug 15 2017 16:26:51 GMT+0800 (CST) ] time is 408
[ Tue Aug 15 2017 16:26:51 GMT+0800 (CST) ] {"err":0,"msg":"JQ4YCKzjGrsLKWiz9CCPnH6TdnQEvTedF2"}
[ Tue Aug 15 2017 16:26:51 GMT+0800 (CST) ] time is 407
[ Tue Aug 15 2017 16:26:51 GMT+0800 (CST) ] {"err":0,"msg":"JVdEcHKefDEwPar62TGEU8xusFCNF8V4Ea"}
[ Tue Aug 15 2017 16:26:51 GMT+0800 (CST) ] time is 409
[ Tue Aug 15 2017 16:26:51 GMT+0800 (CST) ] {"err":0,"msg":"JaaFojowUXiQ7zEaUno3A6RgNVix5LEU4h"}
[ Tue Aug 15 2017 16:26:51 GMT+0800 (CST) ] time is 408
[ Tue Aug 15 2017 16:26:51 GMT+0800 (CST) ] {"err":0,"msg":"JgjYJcKtXE4LZP3jAqewYSyzGKdc643c9x"}
[ Tue Aug 15 2017 16:26:51 GMT+0800 (CST) ] time is 409
[ Tue Aug 15 2017 16:26:51 GMT+0800 (CST) ] {"err":0,"msg":"JaPbp7oTR69YyeBd3BaKggaaSB56vdpxCA"}
[ Tue Aug 15 2017 16:26:51 GMT+0800 (CST) ] time is 410
[ Tue Aug 15 2017 16:26:51 GMT+0800 (CST) ] {"err":0,"msg":"JZB5JFUoBsUpYfJgtAXUfRG9YKAnckm8KQ"}
[ Tue Aug 15 2017 16:26:51 GMT+0800 (CST) ] time is 408
[ Tue Aug 15 2017 16:26:51 GMT+0800 (CST) ] {"err":0,"msg":"Je7SwKHDfGVnSoFDdevYKKrTyHzPXAPiWt"}
[ Tue Aug 15 2017 16:26:51 GMT+0800 (CST) ] time is 409
[ Tue Aug 15 2017 16:26:51 GMT+0800 (CST) ] {"err":0,"msg":"JaKkKVYi9F9LXicrAaBDzFrz9Asc9HE8aW"}
[ Tue Aug 15 2017 16:26:51 GMT+0800 (CST) ] time is 410
[ Tue Aug 15 2017 16:26:51 GMT+0800 (CST) ] {"err":0,"msg":"Jb2ywebw8QYUiW1Hc7hsAzYHmvE4PMHAcr"}
[ Tue Aug 15 2017 16:26:51 GMT+0800 (CST) ] time is 411
[ Tue Aug 15 2017 16:26:51 GMT+0800 (CST) ] {"err":0,"msg":"JVeBTtfEupnZms99jxPQmgDoXmzfvze5Ma"}
[ Tue Aug 15 2017 16:26:51 GMT+0800 (CST) ] time is 409
[ Tue Aug 15 2017 16:26:51 GMT+0800 (CST) ] {"err":0,"msg":"JbpXvgfBBpkhpmTPsc8YDAVnFfMjoCTsyy"}
[ Tue Aug 15 2017 16:26:51 GMT+0800 (CST) ] time is 410
[ Tue Aug 15 2017 16:26:51 GMT+0800 (CST) ] {"err":0,"msg":"JgsKiPmoQZu89VqUqWpUA65Q5LyJzgHgX1"}
[ Tue Aug 15 2017 16:26:51 GMT+0800 (CST) ] time is 411
[ Tue Aug 15 2017 16:26:51 GMT+0800 (CST) ] {"err":0,"msg":"JR4y6hpgMk1BjVnRwL6HPniccYc1fygfpY"}
[ Tue Aug 15 2017 16:26:51 GMT+0800 (CST) ] time is 412
[ Tue Aug 15 2017 16:26:51 GMT+0800 (CST) ] {"err":0,"msg":"JWdXv2JoB7Scn7GHF32zMsCFwt85hxQGjQ"}
[ Tue Aug 15 2017 16:26:51 GMT+0800 (CST) ] time is 410
[ Tue Aug 15 2017 16:26:51 GMT+0800 (CST) ] {"err":0,"msg":"JNR6j1exrRWPPF14AEhr3xNVXjQXArrpGv"}
[ Tue Aug 15 2017 16:26:51 GMT+0800 (CST) ] time is 411
[ Tue Aug 15 2017 16:26:51 GMT+0800 (CST) ] {"err":0,"msg":"JR7iKyHFRoH2ri4mgjNtPLpzfJk5d36KZN"}
[ Tue Aug 15 2017 16:26:51 GMT+0800 (CST) ] time is 412
[ Tue Aug 15 2017 16:26:51 GMT+0800 (CST) ] {"err":0,"msg":"JLR74DsNx9wgVWQBkZux3jpPnvsaE8awWx"}
[ Tue Aug 15 2017 16:26:51 GMT+0800 (CST) ] time is 411
[ Tue Aug 15 2017 16:26:51 GMT+0800 (CST) ] {"err":0,"msg":"Ja1LaTePA9i1xVdurANAhToaDU6EtMxFv7"}
[ Tue Aug 15 2017 16:26:51 GMT+0800 (CST) ] time is 413
[ Tue Aug 15 2017 16:26:51 GMT+0800 (CST) ] {"err":0,"msg":"JbHnVVsJM7XCxMZPKiqH3ngBmbGAe5KrBM"}
[ Tue Aug 15 2017 16:26:51 GMT+0800 (CST) ] time is 412
[ Tue Aug 15 2017 16:26:51 GMT+0800 (CST) ] {"err":0,"msg":"JcXuDnEiLeLZYuCFZFTAoMyr3H3MYPv4Fs"}
[ Tue Aug 15 2017 16:26:51 GMT+0800 (CST) ] time is 413
[ Tue Aug 15 2017 16:26:51 GMT+0800 (CST) ] {"err":0,"msg":"JaKPksiWLqxscz9ctMvw7ocQkvLEY5Fhhk"}
[ Tue Aug 15 2017 16:26:51 GMT+0800 (CST) ] time is 412
[ Tue Aug 15 2017 16:26:51 GMT+0800 (CST) ] {"err":0,"msg":"JKUn5L9QJpb4xxpXELrrcfEishQYy2JLFv"}
[ Tue Aug 15 2017 16:26:51 GMT+0800 (CST) ] time is 414
[ Tue Aug 15 2017 16:26:51 GMT+0800 (CST) ] {"err":0,"msg":"JZXs8Pw5YU8By8QhaLwVs7e7TfzarEkLZQ"}
[ Tue Aug 15 2017 16:26:51 GMT+0800 (CST) ] time is 413
[ Tue Aug 15 2017 16:26:51 GMT+0800 (CST) ] {"err":0,"msg":"JMpRSwy1hq19aJbs7hXXPfX4AXykPNR6Xr"}
[ Tue Aug 15 2017 16:26:51 GMT+0800 (CST) ] time is 414
[ Tue Aug 15 2017 16:26:51 GMT+0800 (CST) ] {"err":0,"msg":"JLLCiMawYKaGp3b2VNnt5EvGbGbCGkpQkb"}
[ Tue Aug 15 2017 16:26:51 GMT+0800 (CST) ] time is 413
[ Tue Aug 15 2017 16:26:51 GMT+0800 (CST) ] {"err":0,"msg":"JgWYh5fueQV8hP3kTPKpFBraF8ZzjJdAPn"}
[ Tue Aug 15 2017 16:26:51 GMT+0800 (CST) ] time is 414
[ Tue Aug 15 2017 16:26:51 GMT+0800 (CST) ] {"err":0,"msg":"Jc31vLh8Gp8HK6bY2EnPJqwvZW6b8w9QFZ"}
[ Tue Aug 15 2017 16:26:51 GMT+0800 (CST) ] time is 415
[ Tue Aug 15 2017 16:26:51 GMT+0800 (CST) ] {"err":0,"msg":"Jh3CoiWXi7gZZqJQ78q63f3WwxDyP8g1Sj"}
[ Tue Aug 15 2017 16:26:51 GMT+0800 (CST) ] time is 415
[ Tue Aug 15 2017 16:26:51 GMT+0800 (CST) ] {"err":0,"msg":"JdmPCyLhtMzgds2oT1wmAvna4FgmVDNujz"}
[ Tue Aug 15 2017 16:26:51 GMT+0800 (CST) ] time is 416
[ Tue Aug 15 2017 16:26:51 GMT+0800 (CST) ] {"err":0,"msg":"JLabKbM2s3inGZoyyWe4idjYbWjNzbnU5V"}
[ Tue Aug 15 2017 16:26:51 GMT+0800 (CST) ] time is 414
[ Tue Aug 15 2017 16:26:51 GMT+0800 (CST) ] {"err":0,"msg":"JWeRx82dnDz3WRPLXmEAnnfSSDbd3FPkk3"}
[ Tue Aug 15 2017 16:26:51 GMT+0800 (CST) ] time is 415
[ Tue Aug 15 2017 16:26:51 GMT+0800 (CST) ] {"err":0,"msg":"JdEgzEKnhDgRvGJDbNDURVgRGnxNCkLYsc"}
[ Tue Aug 15 2017 16:26:51 GMT+0800 (CST) ] time is 416
[ Tue Aug 15 2017 16:26:51 GMT+0800 (CST) ] {"err":0,"msg":"JKnDDRkRpxFByGHeN8wPMhQaw82V9Nt3Zr"}
[ Tue Aug 15 2017 16:26:51 GMT+0800 (CST) ] time is 417
[ Tue Aug 15 2017 16:26:51 GMT+0800 (CST) ] {"err":0,"msg":"JQ9taFFPqMWccCCmGxToaLMtRfqA88EzY5"}
[ Tue Aug 15 2017 16:26:51 GMT+0800 (CST) ] time is 415
[ Tue Aug 15 2017 16:26:51 GMT+0800 (CST) ] {"err":0,"msg":"JgU79yo8mxkq7uM7GLCfobYdjDpMHKA8af"}
[ Tue Aug 15 2017 16:26:51 GMT+0800 (CST) ] time is 416
[ Tue Aug 15 2017 16:26:51 GMT+0800 (CST) ] {"err":0,"msg":"JQA3hrxoYSFwP89XxHvpzb7efhGEYAxqAR"}
[ Tue Aug 15 2017 16:26:51 GMT+0800 (CST) ] time is 417
[ Tue Aug 15 2017 16:26:51 GMT+0800 (CST) ] {"err":0,"msg":"JeVTbxMU1o59p77S4j9nWMLesucovVXfze"}
[ Tue Aug 15 2017 16:26:51 GMT+0800 (CST) ] time is 418
[ Tue Aug 15 2017 16:26:51 GMT+0800 (CST) ] {"err":0,"msg":"JSkhoQ83bB1Hx1A6cxd7gjHqkY6TiUs4E8"}
[ Tue Aug 15 2017 16:26:51 GMT+0800 (CST) ] time is 416
[ Tue Aug 15 2017 16:26:51 GMT+0800 (CST) ] {"err":0,"msg":"JRdJrrzGwZ7qbsenZxD4Zqj7ao419PyVW3"}
[ Tue Aug 15 2017 16:26:51 GMT+0800 (CST) ] time is 417
[ Tue Aug 15 2017 16:26:51 GMT+0800 (CST) ] {"err":0,"msg":"JLAi8tAnLohSy98Nr6kQkwZjDLddYTqdMy"}
[ Tue Aug 15 2017 16:26:51 GMT+0800 (CST) ] time is 418
[ Tue Aug 15 2017 16:26:51 GMT+0800 (CST) ] {"err":0,"msg":"JTs71cCfzUJBAkkfAgJULPgUcngPMPV4UH"}
[ Tue Aug 15 2017 16:26:51 GMT+0800 (CST) ] time is 419
[ Tue Aug 15 2017 16:26:51 GMT+0800 (CST) ] {"err":0,"msg":"Ja377QiujwfozWGrX8xXKoitEbnNoWocNy"}
[ Tue Aug 15 2017 16:26:51 GMT+0800 (CST) ] time is 417
[ Tue Aug 15 2017 16:26:51 GMT+0800 (CST) ] {"err":0,"msg":"Ja1M7w1LAgWnLyE1gRv54sfvXg1SAnUGrD"}
[ Tue Aug 15 2017 16:26:51 GMT+0800 (CST) ] time is 418
[ Tue Aug 15 2017 16:26:51 GMT+0800 (CST) ] {"err":0,"msg":"JTykzRPoD89CnMMobmuqzVeN22dEwW3Zx5"}
[ Tue Aug 15 2017 16:26:51 GMT+0800 (CST) ] time is 420
[ Tue Aug 15 2017 16:26:51 GMT+0800 (CST) ] {"err":0,"msg":"JeLv2PbdwSn3wwTAHFwFUU4EmggH4Pm23s"}
[ Tue Aug 15 2017 16:26:51 GMT+0800 (CST) ] time is 419
[ Tue Aug 15 2017 16:26:51 GMT+0800 (CST) ] {"err":0,"msg":"JWxELiq2Fs9zkLJ9WyQ1pwXQtXbPReLwrc"}
[ Tue Aug 15 2017 16:26:51 GMT+0800 (CST) ] time is 418
[ Tue Aug 15 2017 16:26:51 GMT+0800 (CST) ] {"err":0,"msg":"Jc2pcrPUsCpjhzvXXhzq6wsBwHLLtSxTGc"}
[ Tue Aug 15 2017 16:26:51 GMT+0800 (CST) ] time is 419
[ Tue Aug 15 2017 16:26:51 GMT+0800 (CST) ] {"err":0,"msg":"JTL26kkCvvF83PnjF9EVE9zsYRgtmsii4s"}
[ Tue Aug 15 2017 16:26:51 GMT+0800 (CST) ] time is 421
[ Tue Aug 15 2017 16:26:51 GMT+0800 (CST) ] {"err":0,"msg":"JTZFgp5S3yhRqAsE9GUQv9v81aA6rXTzFk"}
[ Tue Aug 15 2017 16:26:51 GMT+0800 (CST) ] time is 420
[ Tue Aug 15 2017 16:26:51 GMT+0800 (CST) ] {"err":0,"msg":"JcBGDW7v3S5nqUzAKMVcjc4SXk3goWkMbj"}
[ Tue Aug 15 2017 16:26:51 GMT+0800 (CST) ] time is 419
[ Tue Aug 15 2017 16:26:51 GMT+0800 (CST) ] {"err":0,"msg":"JRPsq6gN6eZQsurB67gT1ZEqHDTjsCdKsq"}
[ Tue Aug 15 2017 16:26:51 GMT+0800 (CST) ] time is 420
[ Tue Aug 15 2017 16:26:51 GMT+0800 (CST) ] {"err":0,"msg":"JYRcR31qVpQ5D3bsGhhxXHtvzpEPbEamvt"}
[ Tue Aug 15 2017 16:26:51 GMT+0800 (CST) ] time is 422
[ Tue Aug 15 2017 16:26:51 GMT+0800 (CST) ] {"err":0,"msg":"JJach9LuK8MudXQEStEDgjoEFuWMLNrBq7"}
[ Tue Aug 15 2017 16:26:51 GMT+0800 (CST) ] time is 421
[ Tue Aug 15 2017 16:26:51 GMT+0800 (CST) ] {"err":0,"msg":"JTkDcnMvGm1dh4Kof6duQknxm5DxTNuqSc"}
[ Tue Aug 15 2017 16:26:51 GMT+0800 (CST) ] time is 420
[ Tue Aug 15 2017 16:26:51 GMT+0800 (CST) ] {"err":0,"msg":"JTpfK2qU4aVHEGt57znLxkLbGUdZou1HYc"}
[ Tue Aug 15 2017 16:26:51 GMT+0800 (CST) ] time is 421
[ Tue Aug 15 2017 16:26:51 GMT+0800 (CST) ] {"err":0,"msg":"JfgmomLc689eFQZsunn4mVDeZBFRxaKYfn"}
[ Tue Aug 15 2017 16:26:51 GMT+0800 (CST) ] time is 423
[ Tue Aug 15 2017 16:26:51 GMT+0800 (CST) ] {"err":0,"msg":"JV4KVcYemULbooQ8uApSPnZo9hC27frxow"}
[ Tue Aug 15 2017 16:26:51 GMT+0800 (CST) ] time is 421
[ Tue Aug 15 2017 16:26:51 GMT+0800 (CST) ] {"err":0,"msg":"JUWnzVnosEzYp2xX921pXiSC8CKHyLQ1pa"}
[ Tue Aug 15 2017 16:26:51 GMT+0800 (CST) ] time is 422
[ Tue Aug 15 2017 16:26:51 GMT+0800 (CST) ] {"err":0,"msg":"JQHR1LyFC9bMU5vcQgWo5E8uEwoTQM2DRe"}
[ Tue Aug 15 2017 16:26:51 GMT+0800 (CST) ] time is 422
[ Tue Aug 15 2017 16:26:51 GMT+0800 (CST) ] {"err":0,"msg":"JM5QUuNaLwZx2p6AVQ7RQNjC25xhcGpWYC"}
[ Tue Aug 15 2017 16:26:51 GMT+0800 (CST) ] time is 424
[ Tue Aug 15 2017 16:26:51 GMT+0800 (CST) ] {"err":0,"msg":"JWyBBC8x4AysscR5J2Lo9UiWDuftxbwbKn"}
[ Tue Aug 15 2017 16:26:51 GMT+0800 (CST) ] time is 422
[ Tue Aug 15 2017 16:26:51 GMT+0800 (CST) ] {"err":0,"msg":"JMUZ4seAHSzPUepFBQRLRNs2U9YLkQNy7F"}
[ Tue Aug 15 2017 16:26:51 GMT+0800 (CST) ] time is 423
[ Tue Aug 15 2017 16:26:51 GMT+0800 (CST) ] {"err":0,"msg":"JVBPVkX9j8MjbH4K67dNsj1vzVu44VhwKZ"}
[ Tue Aug 15 2017 16:26:51 GMT+0800 (CST) ] time is 423
[ Tue Aug 15 2017 16:26:51 GMT+0800 (CST) ] {"err":0,"msg":"Jh8rMnp7uWVXJ9oGBvJZf8fnYhabmEWq1x"}
[ Tue Aug 15 2017 16:26:51 GMT+0800 (CST) ] time is 425
[ Tue Aug 15 2017 16:26:51 GMT+0800 (CST) ] {"err":0,"msg":"JXTAE6QMcd6X21hsxuxxeBPU9MpxdJhddP"}
[ Tue Aug 15 2017 16:26:52 GMT+0800 (CST) ] time is 423
[ Tue Aug 15 2017 16:26:52 GMT+0800 (CST) ] {"err":0,"msg":"JZH42dfuapC4ZuM7cspfNx9R5jjhqwdvSy"}
[ Tue Aug 15 2017 16:26:52 GMT+0800 (CST) ] time is 424
[ Tue Aug 15 2017 16:26:52 GMT+0800 (CST) ] {"err":0,"msg":"JUwfVzTsEVDRJa168f6UZwRBnSgJXHdSHZ"}
[ Tue Aug 15 2017 16:26:52 GMT+0800 (CST) ] time is 424
[ Tue Aug 15 2017 16:26:52 GMT+0800 (CST) ] {"err":0,"msg":"JPM1P1ZPX4jPJybzQYST9jxrVYo8bCSz7w"}
[ Tue Aug 15 2017 16:26:52 GMT+0800 (CST) ] time is 426
[ Tue Aug 15 2017 16:26:52 GMT+0800 (CST) ] {"err":0,"msg":"JaEgSijg136WY5fT4jcgts4pVXp9q15ALj"}
[ Tue Aug 15 2017 16:26:52 GMT+0800 (CST) ] time is 424
[ Tue Aug 15 2017 16:26:52 GMT+0800 (CST) ] {"err":0,"msg":"JMfPpwBoNTfGtcyYACRWxM1Bix7jw51NCu"}
[ Tue Aug 15 2017 16:26:52 GMT+0800 (CST) ] time is 425
[ Tue Aug 15 2017 16:26:52 GMT+0800 (CST) ] {"err":0,"msg":"JdZNq2AhqmwXgLNdE1kCY8P1biYMvRac1R"}
[ Tue Aug 15 2017 16:26:52 GMT+0800 (CST) ] time is 425
[ Tue Aug 15 2017 16:26:52 GMT+0800 (CST) ] {"err":0,"msg":"JXCgUueNo7Y6LwGAUQBcRNT6jbnxacDo1K"}
[ Tue Aug 15 2017 16:26:52 GMT+0800 (CST) ] time is 427
[ Tue Aug 15 2017 16:26:52 GMT+0800 (CST) ] {"err":0,"msg":"JXgMVENRwngRrEKJAGPLzbBWfXZaNH5uhB"}
[ Tue Aug 15 2017 16:26:52 GMT+0800 (CST) ] time is 425
[ Tue Aug 15 2017 16:26:52 GMT+0800 (CST) ] {"err":0,"msg":"JNjfB47J1X4ZJyV6k7DLxDvCx1AS9kFFKW"}
[ Tue Aug 15 2017 16:26:52 GMT+0800 (CST) ] time is 426
[ Tue Aug 15 2017 16:26:52 GMT+0800 (CST) ] {"err":0,"msg":"JcsUebZ54DTkx6AvUyQpZRTgysikcViwVw"}
[ Tue Aug 15 2017 16:26:52 GMT+0800 (CST) ] time is 426
[ Tue Aug 15 2017 16:26:52 GMT+0800 (CST) ] {"err":0,"msg":"JWyi2sEsd7ngQ4ejTGTZpaT149QAjR5Tvr"}
[ Tue Aug 15 2017 16:26:52 GMT+0800 (CST) ] time is 428
[ Tue Aug 15 2017 16:26:52 GMT+0800 (CST) ] {"err":0,"msg":"Jew4QLFKBwhTQeWBCYqveiYc1k8AQqaPto"}
[ Tue Aug 15 2017 16:26:52 GMT+0800 (CST) ] time is 426
[ Tue Aug 15 2017 16:26:52 GMT+0800 (CST) ] {"err":0,"msg":"JR2LmNVfofYPyynbxhy3GVznUafnAU12eQ"}
[ Tue Aug 15 2017 16:26:52 GMT+0800 (CST) ] time is 427
[ Tue Aug 15 2017 16:26:52 GMT+0800 (CST) ] {"err":0,"msg":"JNi4KnU32e6RjMU1eY9jzumB4zZ1F4WRsx"}
[ Tue Aug 15 2017 16:26:52 GMT+0800 (CST) ] time is 427
[ Tue Aug 15 2017 16:26:52 GMT+0800 (CST) ] {"err":0,"msg":"JXh1nDq6z5rnk8Da2zhfKRKgwkCVkGAi7f"}
[ Tue Aug 15 2017 16:26:52 GMT+0800 (CST) ] time is 429
[ Tue Aug 15 2017 16:26:52 GMT+0800 (CST) ] {"err":0,"msg":"Jdy4x6YfsPa5kswG344MJFYnx9VWFsV7MQ"}
[ Tue Aug 15 2017 16:26:52 GMT+0800 (CST) ] time is 427
[ Tue Aug 15 2017 16:26:52 GMT+0800 (CST) ] {"err":0,"msg":"JXx3Jj2wyaFz5NkVkycNtDK5BZ6DTZ9zou"}
[ Tue Aug 15 2017 16:26:52 GMT+0800 (CST) ] time is 428
[ Tue Aug 15 2017 16:26:52 GMT+0800 (CST) ] {"err":0,"msg":"JY5gCENeyL56GvbazBXwnb8hQGgD4H2nsg"}
[ Tue Aug 15 2017 16:26:52 GMT+0800 (CST) ] time is 428
[ Tue Aug 15 2017 16:26:52 GMT+0800 (CST) ] {"err":0,"msg":"JURH2wnp3phwwugciYiVXFgT3eHjyAF5kU"}
[ Tue Aug 15 2017 16:26:52 GMT+0800 (CST) ] time is 430
[ Tue Aug 15 2017 16:26:52 GMT+0800 (CST) ] {"err":0,"msg":"JRjcBRYA2hxU19ZzQG9mvxBFuXPSF7iYV3"}
[ Tue Aug 15 2017 16:26:52 GMT+0800 (CST) ] time is 428
[ Tue Aug 15 2017 16:26:52 GMT+0800 (CST) ] {"err":0,"msg":"JgKGCwBqz2sZ1GGixSPmgtk4d8ghsBkcki"}
[ Tue Aug 15 2017 16:26:52 GMT+0800 (CST) ] time is 429
[ Tue Aug 15 2017 16:26:52 GMT+0800 (CST) ] {"err":0,"msg":"JRZMSuXbXtYWkedEgB7DG1am6dCpFqCdYv"}
[ Tue Aug 15 2017 16:26:52 GMT+0800 (CST) ] time is 429
[ Tue Aug 15 2017 16:26:52 GMT+0800 (CST) ] {"err":0,"msg":"JPKNoR95rLjM7zKNiPCQqbvszuHQu7w6ix"}
[ Tue Aug 15 2017 16:26:52 GMT+0800 (CST) ] time is 431
[ Tue Aug 15 2017 16:26:52 GMT+0800 (CST) ] {"err":0,"msg":"JVy78Nt4Up1WEs8aSsPUZXAt3qnQ6DNcjE"}
[ Tue Aug 15 2017 16:26:52 GMT+0800 (CST) ] time is 429
[ Tue Aug 15 2017 16:26:52 GMT+0800 (CST) ] {"err":0,"msg":"JcAbog4bdWEctdwDy2c7XQb5eYZibpjLUU"}
[ Tue Aug 15 2017 16:26:52 GMT+0800 (CST) ] time is 430
[ Tue Aug 15 2017 16:26:52 GMT+0800 (CST) ] {"err":0,"msg":"JMQqrDUtsdKDrzXmDuZtjLKBogkV9zB3eQ"}
[ Tue Aug 15 2017 16:26:52 GMT+0800 (CST) ] time is 430
[ Tue Aug 15 2017 16:26:52 GMT+0800 (CST) ] {"err":0,"msg":"JZn1C1UEFma9UBVuAaPVN2b8JvHzhyGa6F"}
[ Tue Aug 15 2017 16:26:52 GMT+0800 (CST) ] time is 432
[ Tue Aug 15 2017 16:26:52 GMT+0800 (CST) ] {"err":0,"msg":"JKNF8HynXkYsk66PVZoGEU44S78TzwXLSu"}
[ Tue Aug 15 2017 16:26:52 GMT+0800 (CST) ] time is 430
[ Tue Aug 15 2017 16:26:52 GMT+0800 (CST) ] {"err":0,"msg":"JYXJT1ZM7zz2eTL77qcVbMMPfRGazszdGX"}
[ Tue Aug 15 2017 16:26:52 GMT+0800 (CST) ] time is 431
[ Tue Aug 15 2017 16:26:52 GMT+0800 (CST) ] {"err":0,"msg":"Jb1F9XkDMgcaJBTukLEPWSUSR5Xg3YmHGb"}
[ Tue Aug 15 2017 16:26:52 GMT+0800 (CST) ] time is 431
[ Tue Aug 15 2017 16:26:52 GMT+0800 (CST) ] {"err":0,"msg":"JVZCvGy4ETPSRVSNY4jDHiwuCngPcSwwRT"}
[ Tue Aug 15 2017 16:26:52 GMT+0800 (CST) ] time is 433
[ Tue Aug 15 2017 16:26:52 GMT+0800 (CST) ] {"err":0,"msg":"JdYDH1VDUHRV1pMHDeSLdnSEKjTC1hkKxn"}
[ Tue Aug 15 2017 16:26:52 GMT+0800 (CST) ] time is 431
[ Tue Aug 15 2017 16:26:52 GMT+0800 (CST) ] {"err":0,"msg":"JJc5D4P5tQhnu5qTrabYdKrNxjcoJsoMQG"}
[ Tue Aug 15 2017 16:26:52 GMT+0800 (CST) ] time is 432
[ Tue Aug 15 2017 16:26:52 GMT+0800 (CST) ] {"err":0,"msg":"JKS4DmD9FTPxhpxcqYUpfyy157zugKUGgQ"}
[ Tue Aug 15 2017 16:26:52 GMT+0800 (CST) ] time is 432
[ Tue Aug 15 2017 16:26:52 GMT+0800 (CST) ] {"err":0,"msg":"JSRn8PrisesXqUPmwyWH9Q9kpdTuYcn25B"}
[ Tue Aug 15 2017 16:26:52 GMT+0800 (CST) ] time is 434
[ Tue Aug 15 2017 16:26:52 GMT+0800 (CST) ] {"err":0,"msg":"JVQvtdw1bkJTNktGtcQaBt46Xw9RJjBLNW"}
[ Tue Aug 15 2017 16:26:52 GMT+0800 (CST) ] time is 432
[ Tue Aug 15 2017 16:26:52 GMT+0800 (CST) ] {"err":0,"msg":"JYcdYGSEgwRHCdZimiiox5mvdeuV2oBLyg"}
[ Tue Aug 15 2017 16:26:52 GMT+0800 (CST) ] time is 433
[ Tue Aug 15 2017 16:26:52 GMT+0800 (CST) ] {"err":0,"msg":"JhK5StgNbSYKtka5yc2Dvr9kytBbH2ZLzs"}
[ Tue Aug 15 2017 16:26:52 GMT+0800 (CST) ] time is 433
[ Tue Aug 15 2017 16:26:52 GMT+0800 (CST) ] {"err":0,"msg":"JWVoFuWe9h62AB2CXiahNjXWNqkQb1Ge43"}
[ Tue Aug 15 2017 16:26:52 GMT+0800 (CST) ] time is 435
[ Tue Aug 15 2017 16:26:52 GMT+0800 (CST) ] {"err":0,"msg":"JTWwvzjGKXpSt4b2ThLSiBHtK9XGDFuuWT"}
[ Tue Aug 15 2017 16:26:52 GMT+0800 (CST) ] time is 433
[ Tue Aug 15 2017 16:26:52 GMT+0800 (CST) ] {"err":0,"msg":"JePYNeEtrXixjfJXPkmMZDxALUczgEZHht"}
[ Tue Aug 15 2017 16:26:52 GMT+0800 (CST) ] time is 434
[ Tue Aug 15 2017 16:26:52 GMT+0800 (CST) ] {"err":0,"msg":"JLqvFGnUcPSiGE8MQpKZ4LTBuHteZmiU6v"}
[ Tue Aug 15 2017 16:26:52 GMT+0800 (CST) ] time is 434
[ Tue Aug 15 2017 16:26:52 GMT+0800 (CST) ] {"err":0,"msg":"JZEFAEYCSBrZSiecYYov8wixiLuJyt3FFd"}
[ Tue Aug 15 2017 16:26:52 GMT+0800 (CST) ] time is 434
[ Tue Aug 15 2017 16:26:52 GMT+0800 (CST) ] {"err":0,"msg":"JLE93dc9DqAkvnMvbbJ5QWC6v6DodLsELT"}
[ Tue Aug 15 2017 16:26:52 GMT+0800 (CST) ] time is 436
[ Tue Aug 15 2017 16:26:52 GMT+0800 (CST) ] {"err":0,"msg":"JPoYEYPtdZxSiz99PTSWkJJZEoHQkwrUyN"}
[ Tue Aug 15 2017 16:26:52 GMT+0800 (CST) ] time is 435
[ Tue Aug 15 2017 16:26:52 GMT+0800 (CST) ] {"err":0,"msg":"JhfwUUrpYQxkrrR7AswN3xAw9ZDMzm4Aii"}
[ Tue Aug 15 2017 16:26:52 GMT+0800 (CST) ] time is 435
[ Tue Aug 15 2017 16:26:52 GMT+0800 (CST) ] {"err":0,"msg":"JPVh3mtSqcBxJJNMweEef4tJ7CVTnmQAfz"}
[ Tue Aug 15 2017 16:26:52 GMT+0800 (CST) ] time is 435
[ Tue Aug 15 2017 16:26:52 GMT+0800 (CST) ] {"err":0,"msg":"JK6EQgR7by77Sz6GgkgntJLszAp366DrRR"}
[ Tue Aug 15 2017 16:26:52 GMT+0800 (CST) ] time is 437
[ Tue Aug 15 2017 16:26:52 GMT+0800 (CST) ] {"err":0,"msg":"JRtjKUMwu5cGgWVUX5D5tF4sdy4t5BKL8F"}
[ Tue Aug 15 2017 16:26:52 GMT+0800 (CST) ] time is 436
[ Tue Aug 15 2017 16:26:52 GMT+0800 (CST) ] {"err":0,"msg":"JTbL1VajtAoEDnRPxXqVj8T5vtR9ush8vA"}
[ Tue Aug 15 2017 16:26:52 GMT+0800 (CST) ] time is 436
[ Tue Aug 15 2017 16:26:52 GMT+0800 (CST) ] {"err":0,"msg":"JNPgzAQVdN4Ad9N5LvK5PyvaN5Gwhd2eoi"}
[ Tue Aug 15 2017 16:26:52 GMT+0800 (CST) ] time is 436
[ Tue Aug 15 2017 16:26:52 GMT+0800 (CST) ] {"err":0,"msg":"JZ8bdmZPEhXYe9aPekbUjAdK145upE1Vmt"}
[ Tue Aug 15 2017 16:26:52 GMT+0800 (CST) ] time is 438
[ Tue Aug 15 2017 16:26:52 GMT+0800 (CST) ] {"err":0,"msg":"JYr3usnX6saLH8jRWVJ58hqdaD5CedhZea"}
[ Tue Aug 15 2017 16:26:52 GMT+0800 (CST) ] time is 437
[ Tue Aug 15 2017 16:26:52 GMT+0800 (CST) ] {"err":0,"msg":"JKz9LcCjcZ6MMWTZLiJuS2dRfEjQFR28X5"}
[ Tue Aug 15 2017 16:26:52 GMT+0800 (CST) ] time is 437
[ Tue Aug 15 2017 16:26:52 GMT+0800 (CST) ] {"err":0,"msg":"JLxZuxE693TD79EX9Y43g9eu4hCNv6FGzx"}
[ Tue Aug 15 2017 16:26:52 GMT+0800 (CST) ] time is 437
[ Tue Aug 15 2017 16:26:52 GMT+0800 (CST) ] {"err":0,"msg":"JXFaDFpbrtzMZKu22n124xUvNabgXtUo3t"}
[ Tue Aug 15 2017 16:26:52 GMT+0800 (CST) ] time is 439
[ Tue Aug 15 2017 16:26:52 GMT+0800 (CST) ] {"err":0,"msg":"JM4G3QCapXRn6aPpppAAwd9YLEZf18PK6P"}
[ Tue Aug 15 2017 16:26:52 GMT+0800 (CST) ] {"err":0,"msg":"JYGJ7A1UG77MyVYRk3dkowEhopqvibA56r"}
[ Tue Aug 15 2017 16:26:52 GMT+0800 (CST) ] time is 438
[ Tue Aug 15 2017 16:26:52 GMT+0800 (CST) ] time is 438
[ Tue Aug 15 2017 16:26:52 GMT+0800 (CST) ] {"err":0,"msg":"JTG4MiBMd2vDf3mRWVb7Km2AKamMjrx8v7"}
[ Tue Aug 15 2017 16:26:52 GMT+0800 (CST) ] time is 438
[ Tue Aug 15 2017 16:26:52 GMT+0800 (CST) ] {"err":0,"msg":"JRuLuFYuQd5X5fETT1RkBq6LgUt6zrbPZ6"}
[ Tue Aug 15 2017 16:26:52 GMT+0800 (CST) ] time is 440
[ Tue Aug 15 2017 16:26:52 GMT+0800 (CST) ] {"err":0,"msg":"JQvq7AFToKoS31Px1PuE9p4q6ryLWsxvmU"}
[ Tue Aug 15 2017 16:26:52 GMT+0800 (CST) ] time is 439
[ Tue Aug 15 2017 16:26:52 GMT+0800 (CST) ] {"err":0,"msg":"JgecCT1pfJyoe4DzThmDMopjaatebvjCb1"}
[ Tue Aug 15 2017 16:26:52 GMT+0800 (CST) ] time is 439
[ Tue Aug 15 2017 16:26:52 GMT+0800 (CST) ] {"err":0,"msg":"Jfn9x25qm411PaBsmaTRtx5WHNu7Qeidty"}
[ Tue Aug 15 2017 16:26:52 GMT+0800 (CST) ] time is 439
[ Tue Aug 15 2017 16:26:52 GMT+0800 (CST) ] {"err":0,"msg":"JcgCpfEB8kbSfiWYrR4mftVPuyTjTJ1uLW"}
[ Tue Aug 15 2017 16:26:52 GMT+0800 (CST) ] time is 441
[ Tue Aug 15 2017 16:26:52 GMT+0800 (CST) ] {"err":0,"msg":"JdwwnbTpUyme5VbFtkMyCDZoHyi2r3gaEh"}
[ Tue Aug 15 2017 16:26:52 GMT+0800 (CST) ] {"err":0,"msg":"JLXCdX84uE9XQGKT1Lk1PrFspLEQF3pyam"}
[ Tue Aug 15 2017 16:26:52 GMT+0800 (CST) ] time is 440
[ Tue Aug 15 2017 16:26:52 GMT+0800 (CST) ] time is 440
[ Tue Aug 15 2017 16:26:52 GMT+0800 (CST) ] {"err":0,"msg":"Jc7tAs4BvX1sRp99jXMqAJrojjyAhW8vnR"}
[ Tue Aug 15 2017 16:26:52 GMT+0800 (CST) ] time is 440
[ Tue Aug 15 2017 16:26:52 GMT+0800 (CST) ] {"err":0,"msg":"JZCBD3cwngwKSUx21xTKmBJbHMSB4T7Nzy"}
[ Tue Aug 15 2017 16:26:52 GMT+0800 (CST) ] time is 442
[ Tue Aug 15 2017 16:26:52 GMT+0800 (CST) ] {"err":0,"msg":"JeUgS9GJFaqmVQtx7ngq1d1sbMVAZJgFfb"}
[ Tue Aug 15 2017 16:26:52 GMT+0800 (CST) ] {"err":0,"msg":"Jbn2fucxQ3BAoWPGjoBgpkcZz7Ezj34L5h"}
[ Tue Aug 15 2017 16:26:52 GMT+0800 (CST) ] time is 441
[ Tue Aug 15 2017 16:26:52 GMT+0800 (CST) ] time is 441
[ Tue Aug 15 2017 16:26:52 GMT+0800 (CST) ] {"err":0,"msg":"Jc2xBzPngPfH8k4Lq1xcP3vYeeFtc8qR3p"}
[ Tue Aug 15 2017 16:26:52 GMT+0800 (CST) ] time is 441
[ Tue Aug 15 2017 16:26:52 GMT+0800 (CST) ] {"err":0,"msg":"Jcwj61yDZ78AECCS4a2xNYa73W9jJinRYa"}
[ Tue Aug 15 2017 16:26:52 GMT+0800 (CST) ] time is 443
[ Tue Aug 15 2017 16:26:52 GMT+0800 (CST) ] {"err":0,"msg":"JZdC36hJrv5d657inw8SoZJEME1F3LqBLk"}
[ Tue Aug 15 2017 16:26:52 GMT+0800 (CST) ] time is 442
[ Tue Aug 15 2017 16:26:52 GMT+0800 (CST) ] {"err":0,"msg":"JeeosVcAHKU9tJzpdk9vGEZBLqGGcb8WXc"}
[ Tue Aug 15 2017 16:26:52 GMT+0800 (CST) ] time is 442
[ Tue Aug 15 2017 16:26:52 GMT+0800 (CST) ] {"err":0,"msg":"JXcRMtS4maLR5umk5wAV1VyendsjxpZCUe"}
[ Tue Aug 15 2017 16:26:52 GMT+0800 (CST) ] time is 442
[ Tue Aug 15 2017 16:26:52 GMT+0800 (CST) ] {"err":0,"msg":"Jez6sP24W1ZUnjarpeSRBAqZ9S1PkVsAm6"}
[ Tue Aug 15 2017 16:26:52 GMT+0800 (CST) ] time is 444
[ Tue Aug 15 2017 16:26:52 GMT+0800 (CST) ] {"err":0,"msg":"Jc1Heny3aAerDAhuSuRVWFHRsS4PWSCAB4"}
[ Tue Aug 15 2017 16:26:53 GMT+0800 (CST) ] time is 443
[ Tue Aug 15 2017 16:26:53 GMT+0800 (CST) ] {"err":0,"msg":"JaZdbeNxQyFk8oDdqHzGL9KYh8efQYswwN"}
[ Tue Aug 15 2017 16:26:53 GMT+0800 (CST) ] time is 443
[ Tue Aug 15 2017 16:26:53 GMT+0800 (CST) ] {"err":0,"msg":"JJwjJf8hV83bRBrySMYyNZay9ej2GtDySr"}
[ Tue Aug 15 2017 16:26:53 GMT+0800 (CST) ] {"err":0,"msg":"JPMbq1T1o1yASny5y9MhaCKfFDvT7EEvg7"}
[ Tue Aug 15 2017 16:26:53 GMT+0800 (CST) ] time is 443
[ Tue Aug 15 2017 16:26:53 GMT+0800 (CST) ] time is 445
[ Tue Aug 15 2017 16:26:53 GMT+0800 (CST) ] {"err":0,"msg":"JTH7bMv5Pc3HMQmC1h7yDXKAevg1Mqncm5"}
[ Tue Aug 15 2017 16:26:53 GMT+0800 (CST) ] time is 444
[ Tue Aug 15 2017 16:26:53 GMT+0800 (CST) ] {"err":0,"msg":"JUgonCcS8w4EJDSXnqN1D7cGKFmwueHPrK"}
[ Tue Aug 15 2017 16:26:53 GMT+0800 (CST) ] time is 444
[ Tue Aug 15 2017 16:26:53 GMT+0800 (CST) ] {"err":0,"msg":"JKpJNgPvUSNDWdMVU9ju1jgmwemn6Je8Ct"}
[ Tue Aug 15 2017 16:26:53 GMT+0800 (CST) ] time is 444
[ Tue Aug 15 2017 16:26:53 GMT+0800 (CST) ] {"err":0,"msg":"JZ1XXb3n1S2av1bih5e2wBcfybRYxM7Cph"}
[ Tue Aug 15 2017 16:26:53 GMT+0800 (CST) ] time is 446
[ Tue Aug 15 2017 16:26:53 GMT+0800 (CST) ] {"err":0,"msg":"JdnJtThFSw3CfyaAoNi5dC3nBEDbXUNLQd"}
[ Tue Aug 15 2017 16:26:53 GMT+0800 (CST) ] time is 445
[ Tue Aug 15 2017 16:26:53 GMT+0800 (CST) ] {"err":0,"msg":"JdhyKnZhruRToLV2qrgQa8xpqhbkw7NgWF"}
[ Tue Aug 15 2017 16:26:53 GMT+0800 (CST) ] time is 445
[ Tue Aug 15 2017 16:26:53 GMT+0800 (CST) ] {"err":0,"msg":"JWfUgD3k5BG398n7EcvPKXnhPtbmpFCPfs"}
[ Tue Aug 15 2017 16:26:53 GMT+0800 (CST) ] time is 445
[ Tue Aug 15 2017 16:26:53 GMT+0800 (CST) ] {"err":0,"msg":"JMZuFaEkzK94iEmGSENsgxvJf3sdN6hfNv"}
[ Tue Aug 15 2017 16:26:53 GMT+0800 (CST) ] time is 447
[ Tue Aug 15 2017 16:26:53 GMT+0800 (CST) ] {"err":0,"msg":"JciyV8QN7dvSHMZdwsKy3pAAQY2vuhyw2d"}
[ Tue Aug 15 2017 16:26:53 GMT+0800 (CST) ] time is 446
[ Tue Aug 15 2017 16:26:53 GMT+0800 (CST) ] {"err":0,"msg":"JJwjhm3LTSZzMjGH2GC2q2okrqXSHLZD3r"}
[ Tue Aug 15 2017 16:26:53 GMT+0800 (CST) ] time is 446
[ Tue Aug 15 2017 16:26:53 GMT+0800 (CST) ] {"err":0,"msg":"JeD8G5gJHjMJDVNbppNqj9weJ171osTskT"}
[ Tue Aug 15 2017 16:26:53 GMT+0800 (CST) ] time is 446
[ Tue Aug 15 2017 16:26:53 GMT+0800 (CST) ] {"err":0,"msg":"JLt8HP4Ng9jjAoDjBtZag4H1dKZztbUiBY"}
[ Tue Aug 15 2017 16:26:53 GMT+0800 (CST) ] time is 448
[ Tue Aug 15 2017 16:26:53 GMT+0800 (CST) ] {"err":0,"msg":"JXkUKDWWU337Xjyr5VbAqNASuBLNZctsAn"}
[ Tue Aug 15 2017 16:26:53 GMT+0800 (CST) ] time is 447
[ Tue Aug 15 2017 16:26:53 GMT+0800 (CST) ] {"err":0,"msg":"JTcigHbAmXVWwuxFtPp2HZTGm51T6KyPZp"}
[ Tue Aug 15 2017 16:26:53 GMT+0800 (CST) ] time is 447
[ Tue Aug 15 2017 16:26:53 GMT+0800 (CST) ] {"err":0,"msg":"JPoVCQY6796RVQDRZksxLaRrqhK4CthRr5"}
[ Tue Aug 15 2017 16:26:53 GMT+0800 (CST) ] time is 447
[ Tue Aug 15 2017 16:26:53 GMT+0800 (CST) ] {"err":0,"msg":"JPVhfGa78TTReHiahjRaMYG1wbfUhTJdYq"}
[ Tue Aug 15 2017 16:26:53 GMT+0800 (CST) ] time is 449
[ Tue Aug 15 2017 16:26:53 GMT+0800 (CST) ] {"err":0,"msg":"JLNjXJ6RSbojHw9MLBSLnzMkYZftsQuiPN"}
[ Tue Aug 15 2017 16:26:53 GMT+0800 (CST) ] time is 448
[ Tue Aug 15 2017 16:26:53 GMT+0800 (CST) ] {"err":0,"msg":"JTH61agci6dsacTdK2MhHzVPiC7ZaMfLdc"}
[ Tue Aug 15 2017 16:26:53 GMT+0800 (CST) ] time is 448
[ Tue Aug 15 2017 16:26:53 GMT+0800 (CST) ] {"err":0,"msg":"JRowNxxVVeZF6VV3YWQYWPECp868rLxjYT"}
[ Tue Aug 15 2017 16:26:53 GMT+0800 (CST) ] time is 448
[ Tue Aug 15 2017 16:26:53 GMT+0800 (CST) ] {"err":0,"msg":"JdeupTZuHmHqvgVZgBbGaxMerJiBsS7izc"}
[ Tue Aug 15 2017 16:26:53 GMT+0800 (CST) ] time is 450
[ Tue Aug 15 2017 16:26:53 GMT+0800 (CST) ] {"err":0,"msg":"JQmDyxSXM1TCXN9ymByLrTVidtE1wghBCK"}
[ Tue Aug 15 2017 16:26:53 GMT+0800 (CST) ] time is 449
[ Tue Aug 15 2017 16:26:53 GMT+0800 (CST) ] {"err":0,"msg":"Jg8Y25WPFnyVbhgbo75m1jERyCNPdPgpmq"}
[ Tue Aug 15 2017 16:26:53 GMT+0800 (CST) ] time is 449
[ Tue Aug 15 2017 16:26:53 GMT+0800 (CST) ] {"err":0,"msg":"JSFjbQPkXUkzKwjs664j3EFWDyVRtZorae"}
[ Tue Aug 15 2017 16:26:53 GMT+0800 (CST) ] time is 449
[ Tue Aug 15 2017 16:26:53 GMT+0800 (CST) ] {"err":0,"msg":"JPyvRiEtPmcwLhvUzcDodquF1ucYjnAJTW"}
[ Tue Aug 15 2017 16:26:53 GMT+0800 (CST) ] time is 451
[ Tue Aug 15 2017 16:26:53 GMT+0800 (CST) ] {"err":0,"msg":"JMFPzHybtCXcCs8VkWX8toXzDZfCNDCVTA"}
[ Tue Aug 15 2017 16:26:53 GMT+0800 (CST) ] time is 450
[ Tue Aug 15 2017 16:26:53 GMT+0800 (CST) ] {"err":0,"msg":"JMfXkG57QzB8TnBKPdJAbLVemTQfjg43Rj"}
[ Tue Aug 15 2017 16:26:53 GMT+0800 (CST) ] time is 450
[ Tue Aug 15 2017 16:26:53 GMT+0800 (CST) ] {"err":0,"msg":"JWFCX3ooLVhyoWxp6bpD6ddFH7fsiTWnJ2"}
[ Tue Aug 15 2017 16:26:53 GMT+0800 (CST) ] time is 450
[ Tue Aug 15 2017 16:26:53 GMT+0800 (CST) ] {"err":0,"msg":"JUpc7wR2DQrNe1jMBuYj25aGQgpGD3NHyg"}
[ Tue Aug 15 2017 16:26:53 GMT+0800 (CST) ] time is 452
[ Tue Aug 15 2017 16:26:53 GMT+0800 (CST) ] {"err":0,"msg":"JSqDNAYSpNYeEyQazTjKjSfqamLfNvhkin"}
[ Tue Aug 15 2017 16:26:53 GMT+0800 (CST) ] time is 451
[ Tue Aug 15 2017 16:26:53 GMT+0800 (CST) ] {"err":0,"msg":"Jg4bZRdzmWCW3VQ7NJnkY2vp64fhub5unU"}
[ Tue Aug 15 2017 16:26:53 GMT+0800 (CST) ] time is 451
[ Tue Aug 15 2017 16:26:53 GMT+0800 (CST) ] {"err":0,"msg":"JZp6Rbt61pMNGKqk6RRJdRhyBUsDrXtzrM"}
[ Tue Aug 15 2017 16:26:53 GMT+0800 (CST) ] time is 451
[ Tue Aug 15 2017 16:26:53 GMT+0800 (CST) ] {"err":0,"msg":"JQGnGQuy123DXhHok5Pximo9KggNLuAe6Z"}
[ Tue Aug 15 2017 16:26:53 GMT+0800 (CST) ] time is 453
[ Tue Aug 15 2017 16:26:53 GMT+0800 (CST) ] {"err":0,"msg":"JQXLQzae5ADNF1naSguD8RFQn886iN4HwU"}
[ Tue Aug 15 2017 16:26:53 GMT+0800 (CST) ] time is 452
[ Tue Aug 15 2017 16:26:53 GMT+0800 (CST) ] {"err":0,"msg":"JNdHWpfjoKPYKUuJN4kkSMJHZ9nJdWmdyh"}
[ Tue Aug 15 2017 16:26:53 GMT+0800 (CST) ] time is 452
[ Tue Aug 15 2017 16:26:53 GMT+0800 (CST) ] {"err":0,"msg":"JTymoaUPDQCVFgasV3FuVXF7sFCf8icDJk"}
[ Tue Aug 15 2017 16:26:53 GMT+0800 (CST) ] time is 452
[ Tue Aug 15 2017 16:26:53 GMT+0800 (CST) ] {"err":0,"msg":"JaaQzPGw7YYXpdcG9kAThFFi9QzP5ZwbMe"}
[ Tue Aug 15 2017 16:26:53 GMT+0800 (CST) ] time is 454
[ Tue Aug 15 2017 16:26:53 GMT+0800 (CST) ] {"err":0,"msg":"JSnDNY8gPSXuEWJqm5n1DGQ6hcHfqmzcic"}
[ Tue Aug 15 2017 16:26:53 GMT+0800 (CST) ] time is 453
[ Tue Aug 15 2017 16:26:53 GMT+0800 (CST) ] {"err":0,"msg":"JVN9m7gzHAHmnhLqnoPnsUdsADf3XRbB2B"}
[ Tue Aug 15 2017 16:26:53 GMT+0800 (CST) ] time is 453
[ Tue Aug 15 2017 16:26:53 GMT+0800 (CST) ] {"err":0,"msg":"JNi4Jt3nRkdLc5WSbaNmwTfuzZiXqRSEZo"}
[ Tue Aug 15 2017 16:26:53 GMT+0800 (CST) ] time is 453
[ Tue Aug 15 2017 16:26:53 GMT+0800 (CST) ] {"err":0,"msg":"JXVyHbKG62Avd274hwC96Wqr1aHuXzbcdm"}
[ Tue Aug 15 2017 16:26:53 GMT+0800 (CST) ] time is 455
[ Tue Aug 15 2017 16:26:53 GMT+0800 (CST) ] {"err":0,"msg":"JTzjwyC2DtKe5u5fDbKfiz8UHcSAY91ABx"}
[ Tue Aug 15 2017 16:26:53 GMT+0800 (CST) ] time is 454
[ Tue Aug 15 2017 16:26:53 GMT+0800 (CST) ] {"err":0,"msg":"JV1widTzBPJU7AcVTnxhDvjutVRBnT3aH8"}
[ Tue Aug 15 2017 16:26:53 GMT+0800 (CST) ] time is 454
[ Tue Aug 15 2017 16:26:53 GMT+0800 (CST) ] {"err":0,"msg":"JLAhsL1mkDzY8VqU8vKnFyKAcWwEattFae"}
[ Tue Aug 15 2017 16:26:53 GMT+0800 (CST) ] time is 454
[ Tue Aug 15 2017 16:26:53 GMT+0800 (CST) ] {"err":0,"msg":"JQpMEeSRvqUjrT1WBp8v7J2C1Zm14UyEBB"}
[ Tue Aug 15 2017 16:26:53 GMT+0800 (CST) ] time is 456
[ Tue Aug 15 2017 16:26:53 GMT+0800 (CST) ] {"err":0,"msg":"JT456W9jrg1QNYYnsiCX7pFSDNJcuGrooV"}
[ Tue Aug 15 2017 16:26:53 GMT+0800 (CST) ] time is 455
[ Tue Aug 15 2017 16:26:53 GMT+0800 (CST) ] {"err":0,"msg":"JS6qKmyh7h9UFrYefKygHVVjnmqYWKiZ73"}
[ Tue Aug 15 2017 16:26:53 GMT+0800 (CST) ] time is 455
[ Tue Aug 15 2017 16:26:53 GMT+0800 (CST) ] {"err":0,"msg":"JLnNqZxE7JtBfK597RumFnqxLwhH52odfZ"}
[ Tue Aug 15 2017 16:26:53 GMT+0800 (CST) ] time is 455
[ Tue Aug 15 2017 16:26:53 GMT+0800 (CST) ] {"err":0,"msg":"JLawP3DqBwiQYGPSq171NzEqze5d85SQRG"}
[ Tue Aug 15 2017 16:26:53 GMT+0800 (CST) ] time is 457
[ Tue Aug 15 2017 16:26:53 GMT+0800 (CST) ] {"err":0,"msg":"JR1TwrfQxw4sUmrMMiCtcBdwjVmtHwhNXZ"}
[ Tue Aug 15 2017 16:26:53 GMT+0800 (CST) ] time is 456
[ Tue Aug 15 2017 16:26:53 GMT+0800 (CST) ] {"err":0,"msg":"JSHu14g5EB6bc4k71Gk3VMo7KuvpGuwP6d"}
[ Tue Aug 15 2017 16:26:53 GMT+0800 (CST) ] time is 456
[ Tue Aug 15 2017 16:26:53 GMT+0800 (CST) ] {"err":0,"msg":"JQwZ98ejhBGq2AdX6erszMSyg9KB46hgFW"}
[ Tue Aug 15 2017 16:26:53 GMT+0800 (CST) ] time is 456
[ Tue Aug 15 2017 16:26:53 GMT+0800 (CST) ] {"err":0,"msg":"JPaBEJY2AUfnx19RQCzquZYWheae6gJmB7"}
[ Tue Aug 15 2017 16:26:53 GMT+0800 (CST) ] time is 458
[ Tue Aug 15 2017 16:26:53 GMT+0800 (CST) ] {"err":0,"msg":"JgK3nbSTbDNwDzAHJyFy3qAmfTYM2NoeZf"}
[ Tue Aug 15 2017 16:26:53 GMT+0800 (CST) ] time is 457
[ Tue Aug 15 2017 16:26:53 GMT+0800 (CST) ] {"err":0,"msg":"JdBMRMpDrYQuM6XEC9cLsmoCFdGTggWkho"}
[ Tue Aug 15 2017 16:26:53 GMT+0800 (CST) ] time is 457
[ Tue Aug 15 2017 16:26:53 GMT+0800 (CST) ] {"err":0,"msg":"JYFkkqfbbdeD91PAGRV45gsRHqhzjuWUbd"}
[ Tue Aug 15 2017 16:26:53 GMT+0800 (CST) ] time is 457
[ Tue Aug 15 2017 16:26:53 GMT+0800 (CST) ] {"err":0,"msg":"JcLy7a2XjreZ7ZJqfeEMv9XH1fDksYDnU9"}
[ Tue Aug 15 2017 16:26:53 GMT+0800 (CST) ] time is 459
[ Tue Aug 15 2017 16:26:53 GMT+0800 (CST) ] {"err":0,"msg":"JRAqvHJeacxXokLQJ6nxrZYEWy6oDBnVwj"}
[ Tue Aug 15 2017 16:26:53 GMT+0800 (CST) ] time is 458
[ Tue Aug 15 2017 16:26:53 GMT+0800 (CST) ] {"err":0,"msg":"JPH7Sbt4TMBNs3bvPV7C1siaWau2CgHcvm"}
[ Tue Aug 15 2017 16:26:53 GMT+0800 (CST) ] time is 458
[ Tue Aug 15 2017 16:26:53 GMT+0800 (CST) ] {"err":0,"msg":"JaVayCwvZrN6VQnSWGjyHyc9iP9jbMHVT1"}
[ Tue Aug 15 2017 16:26:53 GMT+0800 (CST) ] time is 458
[ Tue Aug 15 2017 16:26:53 GMT+0800 (CST) ] {"err":0,"msg":"JLAtALnQC3HML6VPJ6dejZ3o5vG4VSjNsG"}
[ Tue Aug 15 2017 16:26:53 GMT+0800 (CST) ] time is 460
[ Tue Aug 15 2017 16:26:53 GMT+0800 (CST) ] {"err":0,"msg":"JRRNopP472PYRL5brbuj8ULeGg4p5f8tMa"}
[ Tue Aug 15 2017 16:26:53 GMT+0800 (CST) ] time is 459
[ Tue Aug 15 2017 16:26:53 GMT+0800 (CST) ] {"err":0,"msg":"JRcTL8kRhxvWpLbZC67t27up1v3xu5XoCg"}
[ Tue Aug 15 2017 16:26:53 GMT+0800 (CST) ] time is 459
[ Tue Aug 15 2017 16:26:53 GMT+0800 (CST) ] {"err":0,"msg":"JYoqokm9XeHfHG3so6CpR85DhzSXU9Kjsh"}
[ Tue Aug 15 2017 16:26:53 GMT+0800 (CST) ] time is 459
[ Tue Aug 15 2017 16:26:53 GMT+0800 (CST) ] {"err":0,"msg":"JdZH3mNR3kAtDnzjiqngAuJ4KGcrsNjJzD"}
[ Tue Aug 15 2017 16:26:53 GMT+0800 (CST) ] time is 461
[ Tue Aug 15 2017 16:26:53 GMT+0800 (CST) ] {"err":0,"msg":"JecC8YJSifWKHDsKPw1AUGYRs3h7CYPo9p"}
[ Tue Aug 15 2017 16:26:53 GMT+0800 (CST) ] time is 460
[ Tue Aug 15 2017 16:26:53 GMT+0800 (CST) ] {"err":0,"msg":"JcBMDLhtnstznzjDJyXdpbsmxNTUDBhEnr"}
[ Tue Aug 15 2017 16:26:53 GMT+0800 (CST) ] time is 460
[ Tue Aug 15 2017 16:26:53 GMT+0800 (CST) ] {"err":0,"msg":"JL6EDAAM9ZU4QZCNDe9VC5zmnw8kcn2hEa"}
[ Tue Aug 15 2017 16:26:53 GMT+0800 (CST) ] time is 460
[ Tue Aug 15 2017 16:26:53 GMT+0800 (CST) ] {"err":0,"msg":"JK5E5qAZFHB911oc7WFRtuSv1guKQiqTt9"}
[ Tue Aug 15 2017 16:26:53 GMT+0800 (CST) ] time is 462
[ Tue Aug 15 2017 16:26:53 GMT+0800 (CST) ] {"err":0,"msg":"JKbzsr5UoL8UtdrfuB4WUd9TKBx1cSK4dj"}
[ Tue Aug 15 2017 16:26:53 GMT+0800 (CST) ] time is 461
[ Tue Aug 15 2017 16:26:53 GMT+0800 (CST) ] {"err":0,"msg":"Jf8VtnZ9hP9xKQFw7pqx1oG2HxSKY5iHZQ"}
[ Tue Aug 15 2017 16:26:53 GMT+0800 (CST) ] time is 461
[ Tue Aug 15 2017 16:26:53 GMT+0800 (CST) ] {"err":0,"msg":"JZdN63J7mo4RUfiqEaLctBswTtobtv7cd8"}
[ Tue Aug 15 2017 16:26:53 GMT+0800 (CST) ] time is 461
[ Tue Aug 15 2017 16:26:53 GMT+0800 (CST) ] {"err":0,"msg":"Jc6RU2REGa4N5Do7s5a8phSY3r2cT135Fp"}
[ Tue Aug 15 2017 16:26:53 GMT+0800 (CST) ] time is 463
[ Tue Aug 15 2017 16:26:53 GMT+0800 (CST) ] {"err":0,"msg":"JVwKx2CRwMkifNwjAzJwoA3f2rwzrzJixQ"}
[ Tue Aug 15 2017 16:26:53 GMT+0800 (CST) ] time is 462
[ Tue Aug 15 2017 16:26:53 GMT+0800 (CST) ] {"err":0,"msg":"JdSsJE5orqFTiFccb1QqrFh7KrEFQr32Ua"}
[ Tue Aug 15 2017 16:26:53 GMT+0800 (CST) ] time is 462
[ Tue Aug 15 2017 16:26:53 GMT+0800 (CST) ] {"err":0,"msg":"JUxJZ3GC4bFBSDi2X5tQdjqjf4FJp11VkM"}
[ Tue Aug 15 2017 16:26:53 GMT+0800 (CST) ] time is 462
[ Tue Aug 15 2017 16:26:53 GMT+0800 (CST) ] {"err":0,"msg":"Jg5db5rAMRyyM9YgsQx8LhQMZdQLEam6iR"}
[ Tue Aug 15 2017 16:26:53 GMT+0800 (CST) ] time is 464
[ Tue Aug 15 2017 16:26:53 GMT+0800 (CST) ] {"err":0,"msg":"JfJMAf5M9Ti3xgS9SNurAfFYZb7Ujq22pG"}
[ Tue Aug 15 2017 16:26:53 GMT+0800 (CST) ] time is 463
[ Tue Aug 15 2017 16:26:53 GMT+0800 (CST) ] {"err":0,"msg":"JPFQJL78o6zuzrncyGrWojVT8LnCucmKog"}
[ Tue Aug 15 2017 16:26:53 GMT+0800 (CST) ] time is 463
[ Tue Aug 15 2017 16:26:53 GMT+0800 (CST) ] {"err":0,"msg":"JfvLUNpwMXb46cmgqE3746bu9zLJoE5YGQ"}
[ Tue Aug 15 2017 16:26:54 GMT+0800 (CST) ] time is 463
[ Tue Aug 15 2017 16:26:54 GMT+0800 (CST) ] {"err":0,"msg":"JNS8x6cHdDRX8z9yaGjUCSGNvTVRhR9nS8"}
[ Tue Aug 15 2017 16:26:54 GMT+0800 (CST) ] time is 465
[ Tue Aug 15 2017 16:26:54 GMT+0800 (CST) ] {"err":0,"msg":"JJxteWs8fVTE1HnJoHLXPPbJ92RJ31uw8h"}
[ Tue Aug 15 2017 16:26:54 GMT+0800 (CST) ] time is 464
[ Tue Aug 15 2017 16:26:54 GMT+0800 (CST) ] {"err":0,"msg":"JSD3pSv1xPayPmWAbkACs5SHkPV5HGwqjo"}
[ Tue Aug 15 2017 16:26:54 GMT+0800 (CST) ] time is 464
[ Tue Aug 15 2017 16:26:54 GMT+0800 (CST) ] {"err":0,"msg":"JZWhfWveUedW98C8EiShoAGGSFqL9yBGug"}
[ Tue Aug 15 2017 16:26:54 GMT+0800 (CST) ] time is 464
[ Tue Aug 15 2017 16:26:54 GMT+0800 (CST) ] {"err":0,"msg":"JVEBa766HiM7gZhAYDfLZ3y12PCg7oei72"}
[ Tue Aug 15 2017 16:26:54 GMT+0800 (CST) ] time is 466
[ Tue Aug 15 2017 16:26:54 GMT+0800 (CST) ] {"err":0,"msg":"JUv1cGjAf6nzpoZvYqk7Pw9MSEo854yKsZ"}
[ Tue Aug 15 2017 16:26:54 GMT+0800 (CST) ] time is 465
[ Tue Aug 15 2017 16:26:54 GMT+0800 (CST) ] {"err":0,"msg":"Je13JMggqQS3PGkiXbpxkykKEmgDtvqHTR"}
[ Tue Aug 15 2017 16:26:54 GMT+0800 (CST) ] time is 465
[ Tue Aug 15 2017 16:26:54 GMT+0800 (CST) ] {"err":0,"msg":"JSWWBBWdGFh8LhMQAyB96jxzBeD6PcmHBr"}
[ Tue Aug 15 2017 16:26:54 GMT+0800 (CST) ] time is 465
[ Tue Aug 15 2017 16:26:54 GMT+0800 (CST) ] {"err":0,"msg":"JRBUNi5YnobuUoTC3rP3e56iHh1tC17Fxi"}
[ Tue Aug 15 2017 16:26:54 GMT+0800 (CST) ] time is 467
[ Tue Aug 15 2017 16:26:54 GMT+0800 (CST) ] {"err":0,"msg":"JaFezL8JtQkQXknQrcnuVGZYJkwaZBUdV9"}
[ Tue Aug 15 2017 16:26:54 GMT+0800 (CST) ] time is 466
[ Tue Aug 15 2017 16:26:54 GMT+0800 (CST) ] {"err":0,"msg":"JcseYdoBv6PnuhH13FcQgu4nYSw3F2jcqR"}
[ Tue Aug 15 2017 16:26:54 GMT+0800 (CST) ] time is 466
[ Tue Aug 15 2017 16:26:54 GMT+0800 (CST) ] {"err":0,"msg":"JgdPJ84Rxr5oVdr1GRzFe7frpvbnf9CGAq"}
[ Tue Aug 15 2017 16:26:54 GMT+0800 (CST) ] time is 466
[ Tue Aug 15 2017 16:26:54 GMT+0800 (CST) ] {"err":0,"msg":"JXa2Begg4KPqf3yJsuEgMsc2eJipJvYai7"}
[ Tue Aug 15 2017 16:26:54 GMT+0800 (CST) ] time is 468
[ Tue Aug 15 2017 16:26:54 GMT+0800 (CST) ] {"err":0,"msg":"JP26E6tRERKNeFiJL3YDyQVWM7Qx7jr8nZ"}
[ Tue Aug 15 2017 16:26:54 GMT+0800 (CST) ] time is 467
[ Tue Aug 15 2017 16:26:54 GMT+0800 (CST) ] {"err":0,"msg":"JgALbXeHw53jiSS37BMjk12iHyhMcYCxTd"}
[ Tue Aug 15 2017 16:26:54 GMT+0800 (CST) ] time is 467
[ Tue Aug 15 2017 16:26:54 GMT+0800 (CST) ] {"err":0,"msg":"JXkBgmhQotS3VXmS8EuYbLTS4pTHigA2AV"}
[ Tue Aug 15 2017 16:26:54 GMT+0800 (CST) ] time is 467
[ Tue Aug 15 2017 16:26:54 GMT+0800 (CST) ] {"err":0,"msg":"JYaa6QVGhF2RYtNKiJ6dCTvtyrpSCv4URV"}
[ Tue Aug 15 2017 16:26:54 GMT+0800 (CST) ] time is 469
[ Tue Aug 15 2017 16:26:54 GMT+0800 (CST) ] {"err":0,"msg":"JLkd4EiS7qVVJ28oXFwkEEtTg4gJy7PZ3J"}
[ Tue Aug 15 2017 16:26:54 GMT+0800 (CST) ] time is 468
[ Tue Aug 15 2017 16:26:54 GMT+0800 (CST) ] {"err":0,"msg":"JL5kp69W6RM4K2AvxfrcD7v8yHvgGdWiya"}
[ Tue Aug 15 2017 16:26:54 GMT+0800 (CST) ] time is 468
[ Tue Aug 15 2017 16:26:54 GMT+0800 (CST) ] {"err":0,"msg":"JTLjuStaxAoyheiVKtPBYzxGLF1TWYpcFM"}
[ Tue Aug 15 2017 16:26:54 GMT+0800 (CST) ] time is 468
[ Tue Aug 15 2017 16:26:54 GMT+0800 (CST) ] {"err":0,"msg":"JRQqa1QR7L5LShixpYiffHSYnV4AZgRZAW"}
[ Tue Aug 15 2017 16:26:54 GMT+0800 (CST) ] time is 470
[ Tue Aug 15 2017 16:26:54 GMT+0800 (CST) ] {"err":0,"msg":"JLoD5nur5kcxWnkXNkEorYnzg192BiS1sS"}
[ Tue Aug 15 2017 16:26:54 GMT+0800 (CST) ] time is 469
[ Tue Aug 15 2017 16:26:54 GMT+0800 (CST) ] {"err":0,"msg":"JV8aSGD1CrxbRoRt25oMj44aKmfwEzaQSv"}
[ Tue Aug 15 2017 16:26:54 GMT+0800 (CST) ] time is 469
[ Tue Aug 15 2017 16:26:54 GMT+0800 (CST) ] {"err":0,"msg":"JbYukpP6uGJ9ABGfBrfbAxYLKPgwas3EVw"}
[ Tue Aug 15 2017 16:26:54 GMT+0800 (CST) ] time is 469
[ Tue Aug 15 2017 16:26:54 GMT+0800 (CST) ] {"err":0,"msg":"JVaRi48PKQjki7Sp2wyzxPNunDu8oqKSTC"}
[ Tue Aug 15 2017 16:26:54 GMT+0800 (CST) ] time is 471
[ Tue Aug 15 2017 16:26:54 GMT+0800 (CST) ] {"err":0,"msg":"JeXjPFtizcK49bgwWxyYxHWr23TZYnJKxE"}
[ Tue Aug 15 2017 16:26:54 GMT+0800 (CST) ] time is 470
[ Tue Aug 15 2017 16:26:54 GMT+0800 (CST) ] {"err":0,"msg":"JRjg46qkqYe1XyDtJYZhxmbHt3QQUYRKiw"}
[ Tue Aug 15 2017 16:26:54 GMT+0800 (CST) ] time is 470
[ Tue Aug 15 2017 16:26:54 GMT+0800 (CST) ] {"err":0,"msg":"JLVb3eKdyyYNuKW8edqQkNQ8B6RrSuxiB1"}
[ Tue Aug 15 2017 16:26:54 GMT+0800 (CST) ] time is 470
[ Tue Aug 15 2017 16:26:54 GMT+0800 (CST) ] {"err":0,"msg":"JfVn7e5zZquZNfwjv9GoxTkZvuK96h46yq"}
[ Tue Aug 15 2017 16:26:54 GMT+0800 (CST) ] time is 472
[ Tue Aug 15 2017 16:26:54 GMT+0800 (CST) ] {"err":0,"msg":"JboPs3SYTqavJUuo6WXHiM3avGxagJUvF9"}
[ Tue Aug 15 2017 16:26:54 GMT+0800 (CST) ] time is 471
[ Tue Aug 15 2017 16:26:54 GMT+0800 (CST) ] {"err":0,"msg":"JWiUBszhsoQCpY2Ds1jHhE7wSBU7Whgd9p"}
[ Tue Aug 15 2017 16:26:54 GMT+0800 (CST) ] time is 471
[ Tue Aug 15 2017 16:26:54 GMT+0800 (CST) ] {"err":0,"msg":"JbXJcCZ1j14ENAcmuYZBHHbGsWnCa6rHoB"}
[ Tue Aug 15 2017 16:26:54 GMT+0800 (CST) ] time is 471
[ Tue Aug 15 2017 16:26:54 GMT+0800 (CST) ] {"err":0,"msg":"JfMvyHnNNGnSgu67x2YxqjRo1oRX81PXT2"}
[ Tue Aug 15 2017 16:26:54 GMT+0800 (CST) ] time is 473
[ Tue Aug 15 2017 16:26:54 GMT+0800 (CST) ] {"err":0,"msg":"JQXvnDFwgFUun7AnjdW1r9SHwckJGQ16dd"}
[ Tue Aug 15 2017 16:26:54 GMT+0800 (CST) ] time is 472
[ Tue Aug 15 2017 16:26:54 GMT+0800 (CST) ] {"err":0,"msg":"JP82yx6R2wXGrSubeXRgbMLYNuBqqq6JPu"}
[ Tue Aug 15 2017 16:26:54 GMT+0800 (CST) ] time is 472
[ Tue Aug 15 2017 16:26:54 GMT+0800 (CST) ] {"err":0,"msg":"JKVGanrGv7WC8rdmMFUC5zT9qjL8sm84dq"}
[ Tue Aug 15 2017 16:26:54 GMT+0800 (CST) ] time is 472
[ Tue Aug 15 2017 16:26:54 GMT+0800 (CST) ] {"err":0,"msg":"JgEFGHZ2sTsfXQDYeukKeiRsZyC28QKppr"}
[ Tue Aug 15 2017 16:26:54 GMT+0800 (CST) ] time is 474
[ Tue Aug 15 2017 16:26:54 GMT+0800 (CST) ] {"err":0,"msg":"JRYx817m6t1b3f983rRVrUt1b68zAiUE2C"}
[ Tue Aug 15 2017 16:26:54 GMT+0800 (CST) ] time is 473
[ Tue Aug 15 2017 16:26:54 GMT+0800 (CST) ] {"err":0,"msg":"JPZJQhZ58FUBCEuVYAuPCq17eWX8cbgq7D"}
[ Tue Aug 15 2017 16:26:54 GMT+0800 (CST) ] time is 473
[ Tue Aug 15 2017 16:26:54 GMT+0800 (CST) ] {"err":0,"msg":"JUrS51TzH25Q8A8nDswwq2rx7pog8jSwhz"}
[ Tue Aug 15 2017 16:26:54 GMT+0800 (CST) ] time is 473
[ Tue Aug 15 2017 16:26:54 GMT+0800 (CST) ] {"err":0,"msg":"JTCbDQ8C7h6oyzdf2LjpZfCZqYbEuTEvat"}
[ Tue Aug 15 2017 16:26:54 GMT+0800 (CST) ] time is 475
[ Tue Aug 15 2017 16:26:54 GMT+0800 (CST) ] {"err":0,"msg":"JLqmcERcWZuKeqVm22nCWVRj5YZgL4bjHU"}
[ Tue Aug 15 2017 16:26:54 GMT+0800 (CST) ] time is 474
[ Tue Aug 15 2017 16:26:54 GMT+0800 (CST) ] {"err":0,"msg":"JdZxUBmDDWya8FT5EL1BvRCTSwi4LLjsYs"}
[ Tue Aug 15 2017 16:26:54 GMT+0800 (CST) ] time is 474
[ Tue Aug 15 2017 16:26:54 GMT+0800 (CST) ] {"err":0,"msg":"JZ1CZyq3rD1kLMyJe1KVWXyf2Mbif55WWQ"}
[ Tue Aug 15 2017 16:26:54 GMT+0800 (CST) ] time is 474
[ Tue Aug 15 2017 16:26:54 GMT+0800 (CST) ] {"err":0,"msg":"JTNzwkHmRwaraUSgenRV6GmYFtqm58wsTJ"}
[ Tue Aug 15 2017 16:26:54 GMT+0800 (CST) ] {"err":0,"msg":"JPWqHMTfYWkRv2k3qUVrXnyyuFjBscPryD"}
[ Tue Aug 15 2017 16:26:54 GMT+0800 (CST) ] time is 476
[ Tue Aug 15 2017 16:26:54 GMT+0800 (CST) ] time is 475
[ Tue Aug 15 2017 16:26:54 GMT+0800 (CST) ] {"err":0,"msg":"JdfiWusrPpcNQ2vrmK5KQsGRCyDVsmULd9"}
[ Tue Aug 15 2017 16:26:54 GMT+0800 (CST) ] time is 475
[ Tue Aug 15 2017 16:26:54 GMT+0800 (CST) ] {"err":0,"msg":"JYqycqNusG1ShxPT5naCh525V92zxGxmhU"}
[ Tue Aug 15 2017 16:26:54 GMT+0800 (CST) ] time is 475
[ Tue Aug 15 2017 16:26:54 GMT+0800 (CST) ] {"err":0,"msg":"JR8Tz6CNY31smQJ3LXcB1H2T8tbXAtGNxv"}
[ Tue Aug 15 2017 16:26:54 GMT+0800 (CST) ] time is 477
[ Tue Aug 15 2017 16:26:54 GMT+0800 (CST) ] {"err":0,"msg":"JbT9cRS5wGh2uyLKmMhMn3pihkFUqKTe5z"}
[ Tue Aug 15 2017 16:26:54 GMT+0800 (CST) ] time is 476
[ Tue Aug 15 2017 16:26:54 GMT+0800 (CST) ] {"err":0,"msg":"JKMNesNN5Go5j6Bw5UHJcaw8E9BHBTrP5u"}
[ Tue Aug 15 2017 16:26:54 GMT+0800 (CST) ] time is 476
[ Tue Aug 15 2017 16:26:54 GMT+0800 (CST) ] {"err":0,"msg":"JeJ51VAY6iSkoSBCxjEpD2BrmSMLSonDVT"}
[ Tue Aug 15 2017 16:26:54 GMT+0800 (CST) ] time is 476
[ Tue Aug 15 2017 16:26:54 GMT+0800 (CST) ] {"err":0,"msg":"JMFxdLqTwFEk3n9tZuFacbVtYdBNNmeRAQ"}
[ Tue Aug 15 2017 16:26:54 GMT+0800 (CST) ] time is 478
[ Tue Aug 15 2017 16:26:54 GMT+0800 (CST) ] {"err":0,"msg":"JWVEbdehFKhAeYdmVC9pG97Kqb3eUpTR7Y"}
[ Tue Aug 15 2017 16:26:54 GMT+0800 (CST) ] time is 477
[ Tue Aug 15 2017 16:26:54 GMT+0800 (CST) ] {"err":0,"msg":"JdXoZ4DcahpUUidM6YUR4RXBY5k6LvnJk9"}
[ Tue Aug 15 2017 16:26:54 GMT+0800 (CST) ] time is 477
[ Tue Aug 15 2017 16:26:54 GMT+0800 (CST) ] {"err":0,"msg":"JbkRhAddgKrXzqLXdVGYrB4otbub8VE9zQ"}
[ Tue Aug 15 2017 16:26:54 GMT+0800 (CST) ] time is 477
[ Tue Aug 15 2017 16:26:54 GMT+0800 (CST) ] {"err":0,"msg":"JZe4jRyiSUTeEAHsWHmceqq8dpAuR7pu6y"}
[ Tue Aug 15 2017 16:26:54 GMT+0800 (CST) ] time is 479
[ Tue Aug 15 2017 16:26:54 GMT+0800 (CST) ] {"err":0,"msg":"JUGNNi8xg6kC2PgcW2iUxF78msRt47VSUp"}
[ Tue Aug 15 2017 16:26:54 GMT+0800 (CST) ] time is 478
[ Tue Aug 15 2017 16:26:54 GMT+0800 (CST) ] {"err":0,"msg":"JcLnph5Mo1sMikfusgjfi8zfE2FefFCa56"}
[ Tue Aug 15 2017 16:26:54 GMT+0800 (CST) ] time is 478
[ Tue Aug 15 2017 16:26:54 GMT+0800 (CST) ] {"err":0,"msg":"JUMxV8ERX8Jr97ji7T86wc4E1NAVqWtxYk"}
[ Tue Aug 15 2017 16:26:54 GMT+0800 (CST) ] time is 478
[ Tue Aug 15 2017 16:26:54 GMT+0800 (CST) ] {"err":0,"msg":"Jfus37ikNNTrHf1aSryTzY8bVZeh5Nmcj6"}
[ Tue Aug 15 2017 16:26:54 GMT+0800 (CST) ] time is 480
[ Tue Aug 15 2017 16:26:54 GMT+0800 (CST) ] {"err":0,"msg":"JYiAAXdRcdbMrdJqvSi7jwn8ZNNf4e4u8s"}
[ Tue Aug 15 2017 16:26:54 GMT+0800 (CST) ] time is 479
[ Tue Aug 15 2017 16:26:54 GMT+0800 (CST) ] {"err":0,"msg":"JTucuFBRt2udf9nGqedWnSJZ6v2BMXPFDd"}
[ Tue Aug 15 2017 16:26:54 GMT+0800 (CST) ] time is 479
[ Tue Aug 15 2017 16:26:54 GMT+0800 (CST) ] {"err":0,"msg":"JcheFLz3cttbhmZCoY6UAi7dZbMQ4rumCF"}
[ Tue Aug 15 2017 16:26:54 GMT+0800 (CST) ] time is 479
[ Tue Aug 15 2017 16:26:54 GMT+0800 (CST) ] {"err":0,"msg":"JbF68vohjoYzbQH1UHDE7HvB82NbhdeVep"}
[ Tue Aug 15 2017 16:26:54 GMT+0800 (CST) ] time is 481
[ Tue Aug 15 2017 16:26:54 GMT+0800 (CST) ] {"err":0,"msg":"JUcNYz76HQBXRR7QSvM7k2TyjZsM9WkVQm"}
[ Tue Aug 15 2017 16:26:54 GMT+0800 (CST) ] time is 480
[ Tue Aug 15 2017 16:26:54 GMT+0800 (CST) ] {"err":0,"msg":"JUEMNykud7Yg7nuU5LsKLPxaEPHHAGNbk4"}
[ Tue Aug 15 2017 16:26:54 GMT+0800 (CST) ] time is 480
[ Tue Aug 15 2017 16:26:54 GMT+0800 (CST) ] {"err":0,"msg":"JVegijG6o9PShfGQ8J8sqzq11JsjswNXWV"}
[ Tue Aug 15 2017 16:26:54 GMT+0800 (CST) ] time is 480
[ Tue Aug 15 2017 16:26:54 GMT+0800 (CST) ] {"err":0,"msg":"JXu1tRr6oTrUJZUZtFyvLGFRcxBd5uSfqw"}
[ Tue Aug 15 2017 16:26:54 GMT+0800 (CST) ] time is 482
[ Tue Aug 15 2017 16:26:54 GMT+0800 (CST) ] {"err":0,"msg":"JgbH8SycaNjsBJUtbvZHVpJF4QXrykJZ8K"}
[ Tue Aug 15 2017 16:26:54 GMT+0800 (CST) ] time is 481
[ Tue Aug 15 2017 16:26:54 GMT+0800 (CST) ] {"err":0,"msg":"JbWYRx1NvdKtJUEc55q83cNtEi1mPYYiCw"}
[ Tue Aug 15 2017 16:26:54 GMT+0800 (CST) ] time is 481
[ Tue Aug 15 2017 16:26:54 GMT+0800 (CST) ] {"err":0,"msg":"JX2F44FErbHMuRidxiusHTqAodQnbU2C9c"}
[ Tue Aug 15 2017 16:26:54 GMT+0800 (CST) ] time is 481
[ Tue Aug 15 2017 16:26:54 GMT+0800 (CST) ] {"err":0,"msg":"JMNaeME97renS3pVBT1pJeSKKqbVXMPipJ"}
[ Tue Aug 15 2017 16:26:54 GMT+0800 (CST) ] time is 483
[ Tue Aug 15 2017 16:26:54 GMT+0800 (CST) ] {"err":0,"msg":"JJu6s79EHNVUsdyTRgbBLBNQuXstdMzRKM"}
[ Tue Aug 15 2017 16:26:54 GMT+0800 (CST) ] time is 482
[ Tue Aug 15 2017 16:26:54 GMT+0800 (CST) ] {"err":0,"msg":"JhAyxsYadY4k4P47WT8wtAfF7RXmXwK6AD"}
[ Tue Aug 15 2017 16:26:54 GMT+0800 (CST) ] time is 482
[ Tue Aug 15 2017 16:26:54 GMT+0800 (CST) ] {"err":0,"msg":"JhVnYg8uPMs1H415g8kPDu3xX1VdEbJhQS"}
[ Tue Aug 15 2017 16:26:54 GMT+0800 (CST) ] time is 482
[ Tue Aug 15 2017 16:26:54 GMT+0800 (CST) ] {"err":0,"msg":"JNn6xW4njqfYzGkWPfUqqm3BFsNp217fR4"}
[ Tue Aug 15 2017 16:26:54 GMT+0800 (CST) ] time is 484
[ Tue Aug 15 2017 16:26:54 GMT+0800 (CST) ] {"err":0,"msg":"JbZuszv5iV6bLUGpEgBK7rhaWZ36GLYNLJ"}
[ Tue Aug 15 2017 16:26:54 GMT+0800 (CST) ] time is 483
[ Tue Aug 15 2017 16:26:54 GMT+0800 (CST) ] {"err":0,"msg":"JXFoxbZEbdJ5NFFMf9NK2DGe8eX3J2FMMb"}
[ Tue Aug 15 2017 16:26:54 GMT+0800 (CST) ] time is 483
[ Tue Aug 15 2017 16:26:54 GMT+0800 (CST) ] {"err":0,"msg":"JZ6sVQkmp4FpN2qDqyjJEfcDpYqmSYfstk"}
[ Tue Aug 15 2017 16:26:54 GMT+0800 (CST) ] time is 483
[ Tue Aug 15 2017 16:26:54 GMT+0800 (CST) ] {"err":0,"msg":"JJwNZidh1z3w54KaJRMCr3NGWEkBXAGzAM"}
[ Tue Aug 15 2017 16:26:54 GMT+0800 (CST) ] time is 485
[ Tue Aug 15 2017 16:26:54 GMT+0800 (CST) ] {"err":0,"msg":"JYVG83a229x2eW9RnQHAKMpfhsKwQUcj52"}
[ Tue Aug 15 2017 16:26:55 GMT+0800 (CST) ] time is 484
[ Tue Aug 15 2017 16:26:55 GMT+0800 (CST) ] {"err":0,"msg":"JNv75kjLMjxcnXRu6rK3qvxpH2TJyHzn9z"}
[ Tue Aug 15 2017 16:26:55 GMT+0800 (CST) ] time is 484
[ Tue Aug 15 2017 16:26:55 GMT+0800 (CST) ] {"err":0,"msg":"JLU5ndYocF5bYK2f5JkE9YtKn4uR47Ndrp"}
[ Tue Aug 15 2017 16:26:55 GMT+0800 (CST) ] time is 484
[ Tue Aug 15 2017 16:26:55 GMT+0800 (CST) ] {"err":0,"msg":"JU2DPEfSa5n1r6ceRTf9qfrCj41EbUYQZC"}
[ Tue Aug 15 2017 16:26:55 GMT+0800 (CST) ] {"err":0,"msg":"JcrG4Pj7AqGwhVJQUEp3WPvp6B6JmdNV59"}
[ Tue Aug 15 2017 16:26:55 GMT+0800 (CST) ] time is 486
[ Tue Aug 15 2017 16:26:55 GMT+0800 (CST) ] time is 485
[ Tue Aug 15 2017 16:26:55 GMT+0800 (CST) ] {"err":0,"msg":"JXPbdh7vGhGbMTSpXPqjWhyXeX5pJs2XQW"}
[ Tue Aug 15 2017 16:26:55 GMT+0800 (CST) ] time is 485
[ Tue Aug 15 2017 16:26:55 GMT+0800 (CST) ] {"err":0,"msg":"JK1qM1FMJGibb7WvdBrVGeK7bpbipo83h1"}
[ Tue Aug 15 2017 16:26:55 GMT+0800 (CST) ] time is 485
[ Tue Aug 15 2017 16:26:55 GMT+0800 (CST) ] {"err":0,"msg":"JY2Hq6BsAJLbHDsCw5LDpsHN7W6cHN73eT"}
[ Tue Aug 15 2017 16:26:55 GMT+0800 (CST) ] {"err":0,"msg":"Jbhg6gtZDWxN3MF73u34TxsRK7fD7ywKS6"}
[ Tue Aug 15 2017 16:26:55 GMT+0800 (CST) ] time is 487
[ Tue Aug 15 2017 16:26:55 GMT+0800 (CST) ] time is 486
[ Tue Aug 15 2017 16:26:55 GMT+0800 (CST) ] {"err":0,"msg":"JNZYouMFfm2da3eZhkghNAoNhkzkxzk5mo"}
[ Tue Aug 15 2017 16:26:55 GMT+0800 (CST) ] time is 486
[ Tue Aug 15 2017 16:26:55 GMT+0800 (CST) ] {"err":0,"msg":"Jae3U1ca1etdGjCCvjHjN11sWQKVdKLVGD"}
[ Tue Aug 15 2017 16:26:55 GMT+0800 (CST) ] time is 486
[ Tue Aug 15 2017 16:26:55 GMT+0800 (CST) ] {"err":0,"msg":"JK5KPdEesDEc4k5PopyGUJuYhTfqYtzwSH"}
[ Tue Aug 15 2017 16:26:55 GMT+0800 (CST) ] time is 488
[ Tue Aug 15 2017 16:26:55 GMT+0800 (CST) ] {"err":0,"msg":"JVX9PB2e8dZzC2bN4YGQPfaa6QYnibyMGw"}
[ Tue Aug 15 2017 16:26:55 GMT+0800 (CST) ] time is 487
[ Tue Aug 15 2017 16:26:55 GMT+0800 (CST) ] {"err":0,"msg":"JRAVdiswkLMyrnWNqwnJ1sxc6efwUWTLFD"}
[ Tue Aug 15 2017 16:26:55 GMT+0800 (CST) ] time is 487
[ Tue Aug 15 2017 16:26:55 GMT+0800 (CST) ] {"err":0,"msg":"JeZo6e55g9ifcKFLJ8ctuPGt5qeJKyhz7G"}
[ Tue Aug 15 2017 16:26:55 GMT+0800 (CST) ] time is 487
[ Tue Aug 15 2017 16:26:55 GMT+0800 (CST) ] {"err":0,"msg":"JgByMpUdeGnfBU7kTDdHpKLMX5aE5ot9ND"}
[ Tue Aug 15 2017 16:26:55 GMT+0800 (CST) ] time is 489
[ Tue Aug 15 2017 16:26:55 GMT+0800 (CST) ] {"err":0,"msg":"JWoVxDeXvspyJxnxZqKoghv7ofY2tApqcL"}
[ Tue Aug 15 2017 16:26:55 GMT+0800 (CST) ] time is 488
[ Tue Aug 15 2017 16:26:55 GMT+0800 (CST) ] {"err":0,"msg":"JVGYoJZS9MCSjKtwjutSMHAiyRHkADYer6"}
[ Tue Aug 15 2017 16:26:55 GMT+0800 (CST) ] time is 488
[ Tue Aug 15 2017 16:26:55 GMT+0800 (CST) ] {"err":0,"msg":"JS8UjYfBBBCdqw4ebgQuyK5eZ2qKoocHip"}
[ Tue Aug 15 2017 16:26:55 GMT+0800 (CST) ] time is 488
[ Tue Aug 15 2017 16:26:55 GMT+0800 (CST) ] {"err":0,"msg":"JSSRSsgws6wqSqifEVt9NXsYkZy38QWQNi"}
[ Tue Aug 15 2017 16:26:55 GMT+0800 (CST) ] time is 490
[ Tue Aug 15 2017 16:26:55 GMT+0800 (CST) ] {"err":0,"msg":"JJYJkCjupaSHgRwxmy82vSgMBM7FCjkdzN"}
[ Tue Aug 15 2017 16:26:55 GMT+0800 (CST) ] time is 489
[ Tue Aug 15 2017 16:26:55 GMT+0800 (CST) ] {"err":0,"msg":"JcAxtJKUvzcXpgYGxytRBCHAcjr4vdGtC3"}
[ Tue Aug 15 2017 16:26:55 GMT+0800 (CST) ] time is 489
[ Tue Aug 15 2017 16:26:55 GMT+0800 (CST) ] {"err":0,"msg":"JXVNtLyrL1PyA31KPxKfw2wUEriqQUgkqp"}
[ Tue Aug 15 2017 16:26:55 GMT+0800 (CST) ] time is 489
[ Tue Aug 15 2017 16:26:55 GMT+0800 (CST) ] {"err":0,"msg":"JfUDU19CCtE7cjixGL25yCNXUnW6LJ9wvW"}
[ Tue Aug 15 2017 16:26:55 GMT+0800 (CST) ] time is 491
[ Tue Aug 15 2017 16:26:55 GMT+0800 (CST) ] {"err":0,"msg":"Jg6uRXVRxYyyDcKDaBjT5yFtSdcdfhgN4h"}
[ Tue Aug 15 2017 16:26:55 GMT+0800 (CST) ] time is 490
[ Tue Aug 15 2017 16:26:55 GMT+0800 (CST) ] {"err":0,"msg":"JXxJKxM84yzq6XuzF2xD3pDKyPuK3YwgJy"}
[ Tue Aug 15 2017 16:26:55 GMT+0800 (CST) ] time is 490
[ Tue Aug 15 2017 16:26:55 GMT+0800 (CST) ] {"err":0,"msg":"JNfMx8eEAgF5JiXwqUbBLjfyBLbxNyVDT9"}
[ Tue Aug 15 2017 16:26:55 GMT+0800 (CST) ] time is 490
[ Tue Aug 15 2017 16:26:55 GMT+0800 (CST) ] {"err":0,"msg":"JbtHLpQpX6avHcsLrT9EctqXPnxjcwoJ9j"}
[ Tue Aug 15 2017 16:26:55 GMT+0800 (CST) ] time is 492
[ Tue Aug 15 2017 16:26:55 GMT+0800 (CST) ] {"err":0,"msg":"JY1gP6FHhWkqEWEP5oecF3FQyBGmfBXFgx"}
[ Tue Aug 15 2017 16:26:55 GMT+0800 (CST) ] time is 491
[ Tue Aug 15 2017 16:26:55 GMT+0800 (CST) ] {"err":0,"msg":"JR39DAC4CUkdvJ3e1WFWL6XCHp3BGYHDsE"}
[ Tue Aug 15 2017 16:26:55 GMT+0800 (CST) ] time is 491
[ Tue Aug 15 2017 16:26:55 GMT+0800 (CST) ] {"err":0,"msg":"JVGMbdbRAtCeLBk8yNpdX7rDqyN6qvzuA8"}
[ Tue Aug 15 2017 16:26:55 GMT+0800 (CST) ] time is 491
[ Tue Aug 15 2017 16:26:55 GMT+0800 (CST) ] {"err":0,"msg":"JWhrJccA3RUQ8QyaU27vR5NnfhSUurpe1P"}
[ Tue Aug 15 2017 16:26:55 GMT+0800 (CST) ] time is 493
[ Tue Aug 15 2017 16:26:55 GMT+0800 (CST) ] {"err":0,"msg":"JNEJejNVJ7a2geETz6Z59yoPYJn1evVtot"}
[ Tue Aug 15 2017 16:26:55 GMT+0800 (CST) ] time is 492
[ Tue Aug 15 2017 16:26:55 GMT+0800 (CST) ] {"err":0,"msg":"JZeB9TenZq3v8bZDr93y25nQkdbRbuDuHc"}
[ Tue Aug 15 2017 16:26:55 GMT+0800 (CST) ] time is 492
[ Tue Aug 15 2017 16:26:55 GMT+0800 (CST) ] {"err":0,"msg":"JJjETSLjv1krPCfJPdrNprM5HtcKJDonGA"}
[ Tue Aug 15 2017 16:26:55 GMT+0800 (CST) ] time is 492
[ Tue Aug 15 2017 16:26:55 GMT+0800 (CST) ] {"err":0,"msg":"JfQXa37U4UEY2GKd5EMWEJGdWoD5FdbsiC"}
[ Tue Aug 15 2017 16:26:55 GMT+0800 (CST) ] time is 494
[ Tue Aug 15 2017 16:26:55 GMT+0800 (CST) ] {"err":0,"msg":"JR91e1pTANLCKMBQPGyttFW2HfejExg4eo"}
[ Tue Aug 15 2017 16:26:55 GMT+0800 (CST) ] time is 493
[ Tue Aug 15 2017 16:26:55 GMT+0800 (CST) ] {"err":0,"msg":"JfDecChPvYUFeGrWRQTjirhxau3T8XRYpH"}
[ Tue Aug 15 2017 16:26:55 GMT+0800 (CST) ] time is 493
[ Tue Aug 15 2017 16:26:55 GMT+0800 (CST) ] {"err":0,"msg":"JWUq6LGMNVwwV4uLJ7noeCXaFroSWBk52c"}
[ Tue Aug 15 2017 16:26:55 GMT+0800 (CST) ] time is 493
[ Tue Aug 15 2017 16:26:55 GMT+0800 (CST) ] {"err":0,"msg":"JNU1crSZjcGZ78wfEt7RzcCS696gbmjcWZ"}
[ Tue Aug 15 2017 16:26:55 GMT+0800 (CST) ] time is 495
[ Tue Aug 15 2017 16:26:55 GMT+0800 (CST) ] {"err":0,"msg":"Jb9Et7yBx9msVwG2hp5piXzeZDff4ESyzB"}
[ Tue Aug 15 2017 16:26:55 GMT+0800 (CST) ] time is 494
[ Tue Aug 15 2017 16:26:55 GMT+0800 (CST) ] {"err":0,"msg":"JSobL7YSoy5tmBaufFu9Dz6yU71zyakozs"}
[ Tue Aug 15 2017 16:26:55 GMT+0800 (CST) ] time is 494
[ Tue Aug 15 2017 16:26:55 GMT+0800 (CST) ] {"err":0,"msg":"JSYcxcBfxfPHdMYpFRy9ihYCGzD7nXJjd9"}
[ Tue Aug 15 2017 16:26:55 GMT+0800 (CST) ] time is 494
[ Tue Aug 15 2017 16:26:55 GMT+0800 (CST) ] {"err":0,"msg":"JTH4voRhSR6Lg7G7VzjBs7msXGEF5jDeyJ"}
[ Tue Aug 15 2017 16:26:55 GMT+0800 (CST) ] time is 496
[ Tue Aug 15 2017 16:26:55 GMT+0800 (CST) ] {"err":0,"msg":"JR4GmJ6ZzDEVT1iUdbRPLF2wvFWXoCSHSM"}
[ Tue Aug 15 2017 16:26:55 GMT+0800 (CST) ] time is 495
[ Tue Aug 15 2017 16:26:55 GMT+0800 (CST) ] {"err":0,"msg":"JT9kD5LMiSDE9NAs1aZPCnVSodfL2vChNN"}
[ Tue Aug 15 2017 16:26:55 GMT+0800 (CST) ] time is 495
[ Tue Aug 15 2017 16:26:55 GMT+0800 (CST) ] {"err":0,"msg":"JMoDXoX58JUzpwohjdpExa9hPQb9xG1ss3"}
[ Tue Aug 15 2017 16:26:55 GMT+0800 (CST) ] time is 495
[ Tue Aug 15 2017 16:26:55 GMT+0800 (CST) ] {"err":0,"msg":"JV3Ft9EiXN7MkuJpe7bB1tzXgNatN4ZPrA"}
[ Tue Aug 15 2017 16:26:55 GMT+0800 (CST) ] time is 497
[ Tue Aug 15 2017 16:26:55 GMT+0800 (CST) ] {"err":0,"msg":"JXT4Hgkxy8GPkyhdvUdmCKD93zQLv1FiSE"}
[ Tue Aug 15 2017 16:26:55 GMT+0800 (CST) ] time is 496
[ Tue Aug 15 2017 16:26:55 GMT+0800 (CST) ] {"err":0,"msg":"JYE18tTrih9w6oAropdd5VNJEdRgGehvH1"}
[ Tue Aug 15 2017 16:26:55 GMT+0800 (CST) ] time is 496
[ Tue Aug 15 2017 16:26:55 GMT+0800 (CST) ] {"err":0,"msg":"JeaFWE9xK95udwLxeGZMDGCWDbtkAH9NUH"}
[ Tue Aug 15 2017 16:26:55 GMT+0800 (CST) ] time is 496
[ Tue Aug 15 2017 16:26:55 GMT+0800 (CST) ] {"err":0,"msg":"Jcu9MPTqsu6tG2UK3HuF6mtkjsUMRi3nE6"}
[ Tue Aug 15 2017 16:26:55 GMT+0800 (CST) ] time is 498
[ Tue Aug 15 2017 16:26:55 GMT+0800 (CST) ] {"err":0,"msg":"JSHv8dj5qjaQaspAtvC13uJvjvXwcagCKK"}
[ Tue Aug 15 2017 16:26:55 GMT+0800 (CST) ] time is 497
[ Tue Aug 15 2017 16:26:55 GMT+0800 (CST) ] {"err":0,"msg":"JS5tjp7ZKnYXFf13b5bzMiQXZKqjNKWadj"}
[ Tue Aug 15 2017 16:26:55 GMT+0800 (CST) ] time is 497
[ Tue Aug 15 2017 16:26:55 GMT+0800 (CST) ] {"err":0,"msg":"JPBpnoRDAhahXMWo7TKHSqx8ukyXPoBv7g"}
[ Tue Aug 15 2017 16:26:55 GMT+0800 (CST) ] time is 497
[ Tue Aug 15 2017 16:26:55 GMT+0800 (CST) ] {"err":0,"msg":"Jcp6hmbH3RC7vWJ8vamFvND4EyR18PZzhv"}
[ Tue Aug 15 2017 16:26:55 GMT+0800 (CST) ] time is 499
[ Tue Aug 15 2017 16:26:55 GMT+0800 (CST) ] {"err":0,"msg":"JKM4vEaxtSxG2QeuZXWnimrscbkkqJ3TER"}
[ Tue Aug 15 2017 16:26:55 GMT+0800 (CST) ] {"err":0,"msg":"JVyuxXQUcfVpDkMVRshPAt74N8pxWXnpFK"}
[ Tue Aug 15 2017 16:26:55 GMT+0800 (CST) ] time is 498
[ Tue Aug 15 2017 16:26:55 GMT+0800 (CST) ] time is 498
[ Tue Aug 15 2017 16:26:55 GMT+0800 (CST) ] {"err":0,"msg":"JMDpu79gQ5NsiEv8qHT9We2dGhATmXjFGi"}
[ Tue Aug 15 2017 16:26:55 GMT+0800 (CST) ] time is 498
[ Tue Aug 15 2017 16:26:55 GMT+0800 (CST) ] {"err":0,"msg":"JLnmaYyXjCG7RvGob2EpFtagbKB6PWyfJK"}
[ Tue Aug 15 2017 16:26:55 GMT+0800 (CST) ] {"err":0,"msg":"JaaXQ1vfEwGW7QHmhtZjenYR7fnFZ2g8or"}
[ Tue Aug 15 2017 16:26:55 GMT+0800 (CST) ] time is 500
[ Tue Aug 15 2017 16:26:55 GMT+0800 (CST) ] {"err":0,"msg":"JUq9ezLrbncTEnLRFPPNq3x8r1wEjGvPMh"}
[ Tue Aug 15 2017 16:26:55 GMT+0800 (CST) ] time is 499
[ Tue Aug 15 2017 16:26:55 GMT+0800 (CST) ] time is 499
[ Tue Aug 15 2017 16:26:55 GMT+0800 (CST) ] {"err":0,"msg":"JJjvNgBwLMCzbY8j6Y2jqxDq2on3i239Hx"}
[ Tue Aug 15 2017 16:26:55 GMT+0800 (CST) ] time is 499
[ Tue Aug 15 2017 16:26:55 GMT+0800 (CST) ] {"err":0,"msg":"JZ83vjADd6tyq4avaxYKFdxvFr8FdNbJGv"}
[ Tue Aug 15 2017 16:26:55 GMT+0800 (CST) ] time is 501
[ Tue Aug 15 2017 16:26:55 GMT+0800 (CST) ] {"err":0,"msg":"JSZayHr3jCcWL8ZVycSdUQ1V58zpmdm64H"}
[ Tue Aug 15 2017 16:26:55 GMT+0800 (CST) ] time is 500
[ Tue Aug 15 2017 16:26:55 GMT+0800 (CST) ] {"err":0,"msg":"JYQYzmAuraRrjJ4HpTXDaZpSJJTnhnfvhS"}
[ Tue Aug 15 2017 16:26:55 GMT+0800 (CST) ] time is 500
[ Tue Aug 15 2017 16:26:55 GMT+0800 (CST) ] {"err":0,"msg":"JeQu5wTngX3Rv8P8AbKrSDAjaZih1EzdGz"}
[ Tue Aug 15 2017 16:26:55 GMT+0800 (CST) ] time is 500
[ Tue Aug 15 2017 16:26:55 GMT+0800 (CST) ] {"err":0,"msg":"JRMm1UnVzBjoPzPXVkNiBcHXBFfw48gUYW"}
[ Tue Aug 15 2017 16:26:55 GMT+0800 (CST) ] time is 502
[ Tue Aug 15 2017 16:26:55 GMT+0800 (CST) ] {"err":0,"msg":"JTESeLWSWeMuKrUWtEpB9XTDTfHDigsxZp"}
[ Tue Aug 15 2017 16:26:55 GMT+0800 (CST) ] time is 501
[ Tue Aug 15 2017 16:26:55 GMT+0800 (CST) ] {"err":0,"msg":"JdvrxoTvYRSbeEQTZfXu7pH9wPiGmkahbw"}
[ Tue Aug 15 2017 16:26:55 GMT+0800 (CST) ] time is 501
[ Tue Aug 15 2017 16:26:55 GMT+0800 (CST) ] {"err":0,"msg":"JWEGRyPPiAnhasqrGUS7rnbkgMyQ48R6Ng"}
[ Tue Aug 15 2017 16:26:55 GMT+0800 (CST) ] time is 501
[ Tue Aug 15 2017 16:26:55 GMT+0800 (CST) ] {"err":0,"msg":"JVJXTZs2bRGRjPKWdVevtcvu98HnPGHuvB"}
[ Tue Aug 15 2017 16:26:55 GMT+0800 (CST) ] time is 503
[ Tue Aug 15 2017 16:26:55 GMT+0800 (CST) ] {"err":0,"msg":"JbqsyLrHVia7JVpskSL2fzptShhwSqy3BA"}
[ Tue Aug 15 2017 16:26:55 GMT+0800 (CST) ] time is 502
[ Tue Aug 15 2017 16:26:55 GMT+0800 (CST) ] {"err":0,"msg":"JSiuCda6MDKQSYEoEV2bqvSX1QNhTSN6a2"}
[ Tue Aug 15 2017 16:26:55 GMT+0800 (CST) ] time is 502
[ Tue Aug 15 2017 16:26:55 GMT+0800 (CST) ] {"err":0,"msg":"JMpZvYpCufYEYKguxwgaBe7cnjbTzPXzah"}
[ Tue Aug 15 2017 16:26:55 GMT+0800 (CST) ] time is 502
[ Tue Aug 15 2017 16:26:55 GMT+0800 (CST) ] {"err":0,"msg":"JfBCAwYvFnffxqN4L4giz4iNiwasNuAHZ1"}
[ Tue Aug 15 2017 16:26:55 GMT+0800 (CST) ] time is 504
[ Tue Aug 15 2017 16:26:55 GMT+0800 (CST) ] {"err":0,"msg":"JNKzeFkPkRhixqz9ZyynjpWakfc1Ub1Qkh"}
[ Tue Aug 15 2017 16:26:55 GMT+0800 (CST) ] time is 503
[ Tue Aug 15 2017 16:26:55 GMT+0800 (CST) ] {"err":0,"msg":"JXrPmDk5dkwmBn8L5iBhEEVFrANQGUrTx4"}
[ Tue Aug 15 2017 16:26:56 GMT+0800 (CST) ] time is 503
[ Tue Aug 15 2017 16:26:56 GMT+0800 (CST) ] {"err":0,"msg":"JSUpVcEBuVeS8Qcr7Q8EzbH3S3YnCG41qW"}
[ Tue Aug 15 2017 16:26:56 GMT+0800 (CST) ] time is 503
[ Tue Aug 15 2017 16:26:56 GMT+0800 (CST) ] {"err":0,"msg":"Jh6j2xXQUY57oV7ZdoH9gpZM2doZKp7vxL"}
[ Tue Aug 15 2017 16:26:56 GMT+0800 (CST) ] time is 505
[ Tue Aug 15 2017 16:26:56 GMT+0800 (CST) ] {"err":0,"msg":"Jf3zGH3xofd7zU4wBLsusPXprb1pZdE5Dp"}
[ Tue Aug 15 2017 16:26:56 GMT+0800 (CST) ] time is 504
[ Tue Aug 15 2017 16:26:56 GMT+0800 (CST) ] {"err":0,"msg":"JR6gbaV77GEBUjfdQs7PByypG127BbXM3X"}
[ Tue Aug 15 2017 16:26:56 GMT+0800 (CST) ] time is 504
[ Tue Aug 15 2017 16:26:56 GMT+0800 (CST) ] {"err":0,"msg":"JWSqXpnqz2VRWfdaDmq8h9pLzwQ9JU4HYg"}
[ Tue Aug 15 2017 16:26:56 GMT+0800 (CST) ] time is 504
[ Tue Aug 15 2017 16:26:56 GMT+0800 (CST) ] {"err":0,"msg":"JhaHFvR6Wumg6ZyxU8ToKBURpRyYooNoB3"}
[ Tue Aug 15 2017 16:26:56 GMT+0800 (CST) ] time is 506
[ Tue Aug 15 2017 16:26:56 GMT+0800 (CST) ] {"err":0,"msg":"JSpMwon7SCU9SS8JdW96e7p1q1ft2tZq7H"}
[ Tue Aug 15 2017 16:26:56 GMT+0800 (CST) ] time is 505
[ Tue Aug 15 2017 16:26:56 GMT+0800 (CST) ] {"err":0,"msg":"JYMs1aWJ7PsLcBX2w98WbJ2DWVUYeQLzNa"}
[ Tue Aug 15 2017 16:26:56 GMT+0800 (CST) ] time is 505
[ Tue Aug 15 2017 16:26:56 GMT+0800 (CST) ] {"err":0,"msg":"Jf6AFstGosY6rsh9yiwzjtaSXnVXt2wWZF"}
[ Tue Aug 15 2017 16:26:56 GMT+0800 (CST) ] time is 505
[ Tue Aug 15 2017 16:26:56 GMT+0800 (CST) ] {"err":0,"msg":"JdPJRZsHDvvo79LmSwk8gQSCER6RTacfWM"}
[ Tue Aug 15 2017 16:26:56 GMT+0800 (CST) ] time is 507
[ Tue Aug 15 2017 16:26:56 GMT+0800 (CST) ] {"err":0,"msg":"JSQcSfBpdTYne5zLUJEKRCGAzA9vFXVK9G"}
[ Tue Aug 15 2017 16:26:56 GMT+0800 (CST) ] time is 506
[ Tue Aug 15 2017 16:26:56 GMT+0800 (CST) ] {"err":0,"msg":"JJw72gFdWVk6LbxkH8XR54GyT1omt3bCj8"}
[ Tue Aug 15 2017 16:26:56 GMT+0800 (CST) ] time is 506
[ Tue Aug 15 2017 16:26:56 GMT+0800 (CST) ] {"err":0,"msg":"JXtHseNmyD5kGPYg4HSREtenRYD5Tgavnp"}
[ Tue Aug 15 2017 16:26:56 GMT+0800 (CST) ] time is 506
[ Tue Aug 15 2017 16:26:56 GMT+0800 (CST) ] {"err":0,"msg":"JWrGKXvzshQfVL9yVEKSLEfJmm4aZxVSKy"}
[ Tue Aug 15 2017 16:26:56 GMT+0800 (CST) ] {"err":0,"msg":"JPuf2D1EFUL7h67Wjwj9ibC89qBTrHPZox"}
[ Tue Aug 15 2017 16:26:56 GMT+0800 (CST) ] time is 508
[ Tue Aug 15 2017 16:26:56 GMT+0800 (CST) ] time is 507
[ Tue Aug 15 2017 16:26:56 GMT+0800 (CST) ] {"err":0,"msg":"JcvaPjgHNZ65AZJt8oeD7aiLY8yEHcQG75"}
[ Tue Aug 15 2017 16:26:56 GMT+0800 (CST) ] {"err":0,"msg":"JTPb1BWMugNxNoYrPxxxKGyrvJDrZQ37fw"}
[ Tue Aug 15 2017 16:26:56 GMT+0800 (CST) ] time is 507
[ Tue Aug 15 2017 16:26:56 GMT+0800 (CST) ] time is 507
[ Tue Aug 15 2017 16:26:56 GMT+0800 (CST) ] {"err":0,"msg":"JUHmZd7xrHBU3LVHVZTZxW6EskHMpsitE9"}
[ Tue Aug 15 2017 16:26:56 GMT+0800 (CST) ] time is 509
[ Tue Aug 15 2017 16:26:56 GMT+0800 (CST) ] {"err":0,"msg":"JQ3RXSymq2PaYT6XsgqJEMHg6AoqMhFedC"}
[ Tue Aug 15 2017 16:26:56 GMT+0800 (CST) ] time is 508
[ Tue Aug 15 2017 16:26:56 GMT+0800 (CST) ] {"err":0,"msg":"JdpAuSkDwZ229pYNGLgxZysay1JWrmLED3"}
[ Tue Aug 15 2017 16:26:56 GMT+0800 (CST) ] time is 508
[ Tue Aug 15 2017 16:26:56 GMT+0800 (CST) ] {"err":0,"msg":"JXTssjJLkWhe1xSFtbALrcqixj8NCUDxnX"}
[ Tue Aug 15 2017 16:26:56 GMT+0800 (CST) ] time is 508
[ Tue Aug 15 2017 16:26:56 GMT+0800 (CST) ] {"err":0,"msg":"JXCYi5gkYPAWHbHk3JuL6CzwMQRea7TuB7"}
[ Tue Aug 15 2017 16:26:56 GMT+0800 (CST) ] time is 510
[ Tue Aug 15 2017 16:26:56 GMT+0800 (CST) ] {"err":0,"msg":"JTLnpKTuckFNuwkLipKefMJ9d8242HJ2ex"}
[ Tue Aug 15 2017 16:26:56 GMT+0800 (CST) ] time is 509
[ Tue Aug 15 2017 16:26:56 GMT+0800 (CST) ] {"err":0,"msg":"JWjx1GHFgcqMdYDvjtEHzS4kaMU2Wrzxuo"}
[ Tue Aug 15 2017 16:26:56 GMT+0800 (CST) ] time is 509
[ Tue Aug 15 2017 16:26:56 GMT+0800 (CST) ] {"err":0,"msg":"JLZefpnD4xdjbeufLyeXawebu945fs41GS"}
[ Tue Aug 15 2017 16:26:56 GMT+0800 (CST) ] time is 509
[ Tue Aug 15 2017 16:26:56 GMT+0800 (CST) ] {"err":0,"msg":"JVd2VCUDVycpULBzSG3aMqcdRTge2SWi9F"}
[ Tue Aug 15 2017 16:26:56 GMT+0800 (CST) ] time is 511
[ Tue Aug 15 2017 16:26:56 GMT+0800 (CST) ] {"err":0,"msg":"JRpp7DMS5YckP5ryivqDD4n1TxDbGJeHtM"}
[ Tue Aug 15 2017 16:26:56 GMT+0800 (CST) ] time is 510
[ Tue Aug 15 2017 16:26:56 GMT+0800 (CST) ] {"err":0,"msg":"Jc1fgEwPb7zkxtw1jZ1dkVYGq8XePV9SKa"}
[ Tue Aug 15 2017 16:26:56 GMT+0800 (CST) ] time is 510
[ Tue Aug 15 2017 16:26:56 GMT+0800 (CST) ] {"err":0,"msg":"JfSMxRFcb2KGfFdX4ymsZYjtsz9ZsMZGsA"}
[ Tue Aug 15 2017 16:26:56 GMT+0800 (CST) ] time is 510
[ Tue Aug 15 2017 16:26:56 GMT+0800 (CST) ] {"err":0,"msg":"JL4BjdyPQrj16wABAwtKTp4x95r3itanTe"}
[ Tue Aug 15 2017 16:26:56 GMT+0800 (CST) ] time is 512
[ Tue Aug 15 2017 16:26:56 GMT+0800 (CST) ] {"err":0,"msg":"JT4mskR3SX9tghJaSWfNsYC8ofGDN2jfV7"}
[ Tue Aug 15 2017 16:26:56 GMT+0800 (CST) ] time is 511
[ Tue Aug 15 2017 16:26:56 GMT+0800 (CST) ] {"err":0,"msg":"JU7Gxv73G6Wj8BL73usXbbJECCorqGMXoZ"}
[ Tue Aug 15 2017 16:26:56 GMT+0800 (CST) ] time is 511
[ Tue Aug 15 2017 16:26:56 GMT+0800 (CST) ] {"err":0,"msg":"JQoq5PKhyLApSjFbv4Fomw5ScQryavmc4v"}
[ Tue Aug 15 2017 16:26:56 GMT+0800 (CST) ] time is 511
[ Tue Aug 15 2017 16:26:56 GMT+0800 (CST) ] {"err":0,"msg":"JWXSi3crvb4HsjLMYJZ2syFp8EzHxyHY8b"}
[ Tue Aug 15 2017 16:26:56 GMT+0800 (CST) ] time is 513
[ Tue Aug 15 2017 16:26:56 GMT+0800 (CST) ] {"err":0,"msg":"JR8vTq3JeTBh1AEeqPgmZ4neTuRurrj7DV"}
[ Tue Aug 15 2017 16:26:56 GMT+0800 (CST) ] time is 512
[ Tue Aug 15 2017 16:26:56 GMT+0800 (CST) ] {"err":0,"msg":"JWGF6ytVsG8yxRdnpJs8riSorKNCkvFcBP"}
[ Tue Aug 15 2017 16:26:56 GMT+0800 (CST) ] time is 512
[ Tue Aug 15 2017 16:26:56 GMT+0800 (CST) ] {"err":0,"msg":"JcDoR8BFkBeNuBP9rwdyEWaYFvvMLaJXE7"}
[ Tue Aug 15 2017 16:26:56 GMT+0800 (CST) ] time is 512
[ Tue Aug 15 2017 16:26:56 GMT+0800 (CST) ] {"err":0,"msg":"JNUWrEL7GrTW6Eq2S4vdUbZz6STf6kkFqd"}
[ Tue Aug 15 2017 16:26:56 GMT+0800 (CST) ] time is 514
[ Tue Aug 15 2017 16:26:56 GMT+0800 (CST) ] {"err":0,"msg":"JZspQQSa56RpCbQjFQMubpQqBfo7LLY2ak"}
[ Tue Aug 15 2017 16:26:56 GMT+0800 (CST) ] {"err":0,"msg":"JR5KGTqUdY1r5NrMU7RM8eG3roUUihqGaT"}
[ Tue Aug 15 2017 16:26:56 GMT+0800 (CST) ] time is 513
[ Tue Aug 15 2017 16:26:56 GMT+0800 (CST) ] time is 513
[ Tue Aug 15 2017 16:26:56 GMT+0800 (CST) ] {"err":0,"msg":"JJv5854Q9QtEn6pEAtJkYHj1EUX8U26Yq9"}
[ Tue Aug 15 2017 16:26:56 GMT+0800 (CST) ] time is 513
[ Tue Aug 15 2017 16:26:56 GMT+0800 (CST) ] {"err":0,"msg":"JLkEveubcdX1QMSC6ddApQwY6dd1NTgg5F"}
[ Tue Aug 15 2017 16:26:56 GMT+0800 (CST) ] time is 515
[ Tue Aug 15 2017 16:26:56 GMT+0800 (CST) ] {"err":0,"msg":"JaVY6G7EK4XycLCvRhYA8XpyCJTnaiyYRE"}
[ Tue Aug 15 2017 16:26:56 GMT+0800 (CST) ] time is 514
[ Tue Aug 15 2017 16:26:56 GMT+0800 (CST) ] {"err":0,"msg":"JX4h4gVr9cmArNWPU1Qjns8GFj9oLWw2GP"}
[ Tue Aug 15 2017 16:26:56 GMT+0800 (CST) ] time is 514
[ Tue Aug 15 2017 16:26:56 GMT+0800 (CST) ] {"err":0,"msg":"JKvbhVYxrU7nMKshaLw9ViVcE7jX1ASpBJ"}
[ Tue Aug 15 2017 16:26:56 GMT+0800 (CST) ] time is 514
[ Tue Aug 15 2017 16:26:56 GMT+0800 (CST) ] {"err":0,"msg":"JUFfeLSEpomXXndEy6RuvSzjhmWysRJvTn"}
[ Tue Aug 15 2017 16:26:56 GMT+0800 (CST) ] time is 516
[ Tue Aug 15 2017 16:26:56 GMT+0800 (CST) ] {"err":0,"msg":"JL2oFDAt1yvYdPZYgMie1K22K4b7jVSTcT"}
[ Tue Aug 15 2017 16:26:56 GMT+0800 (CST) ] time is 515
[ Tue Aug 15 2017 16:26:56 GMT+0800 (CST) ] {"err":0,"msg":"JJeAHf3gM6wJdtf5yMtjKdKkGzm3kgpDTc"}
[ Tue Aug 15 2017 16:26:56 GMT+0800 (CST) ] time is 515
[ Tue Aug 15 2017 16:26:56 GMT+0800 (CST) ] {"err":0,"msg":"JTSxG963ay6bCjKBxsqcSv2aEemakdWTY7"}
[ Tue Aug 15 2017 16:26:56 GMT+0800 (CST) ] time is 515
[ Tue Aug 15 2017 16:26:56 GMT+0800 (CST) ] {"err":0,"msg":"JMstM36ZpQbbm3gozqdWmYELeZz2LmcUQ8"}
[ Tue Aug 15 2017 16:26:56 GMT+0800 (CST) ] time is 517
[ Tue Aug 15 2017 16:26:56 GMT+0800 (CST) ] {"err":0,"msg":"JhXLNu2mES1D4B1U8pdTg2PP3vxYKjLjgX"}
[ Tue Aug 15 2017 16:26:56 GMT+0800 (CST) ] time is 516
[ Tue Aug 15 2017 16:26:56 GMT+0800 (CST) ] {"err":0,"msg":"JPjjtPUhbMJrjuP4DTsTsbrB67pjg6us3h"}
[ Tue Aug 15 2017 16:26:56 GMT+0800 (CST) ] time is 516
[ Tue Aug 15 2017 16:26:56 GMT+0800 (CST) ] {"err":0,"msg":"JNho9a8zyU8v745UEYPArXRUNcUiQ9XrRr"}
[ Tue Aug 15 2017 16:26:56 GMT+0800 (CST) ] time is 516
[ Tue Aug 15 2017 16:26:56 GMT+0800 (CST) ] {"err":0,"msg":"JXrF6DSvykGmbXr28MiEJb66MKmrsrtqBE"}
[ Tue Aug 15 2017 16:26:56 GMT+0800 (CST) ] time is 518
[ Tue Aug 15 2017 16:26:56 GMT+0800 (CST) ] {"err":0,"msg":"JURzejWPu36Jr9wU9WDo4EhuMurft8cxw1"}
[ Tue Aug 15 2017 16:26:56 GMT+0800 (CST) ] time is 517
[ Tue Aug 15 2017 16:26:56 GMT+0800 (CST) ] {"err":0,"msg":"JPELHzH9L3MDHJHLX4W7dBDwFkNCLBgWaZ"}
[ Tue Aug 15 2017 16:26:56 GMT+0800 (CST) ] time is 517
[ Tue Aug 15 2017 16:26:56 GMT+0800 (CST) ] {"err":0,"msg":"JeVcjYwPA5vEWQWwr3ExKaRGKExgMiazS2"}
[ Tue Aug 15 2017 16:26:56 GMT+0800 (CST) ] {"err":0,"msg":"JR5WJYVSBLqstmf8NvstE3PrTChB89133g"}
[ Tue Aug 15 2017 16:26:56 GMT+0800 (CST) ] time is 517
[ Tue Aug 15 2017 16:26:56 GMT+0800 (CST) ] time is 519
[ Tue Aug 15 2017 16:26:56 GMT+0800 (CST) ] {"err":0,"msg":"JTp9PuKsmTYURxVfY7p65hNjBnipBo5yB7"}
[ Tue Aug 15 2017 16:26:56 GMT+0800 (CST) ] time is 518
[ Tue Aug 15 2017 16:26:56 GMT+0800 (CST) ] {"err":0,"msg":"JdJDMdzmk12gSeZ85Kpu9vr8sDxA9ziRRo"}
[ Tue Aug 15 2017 16:26:56 GMT+0800 (CST) ] time is 518
[ Tue Aug 15 2017 16:26:56 GMT+0800 (CST) ] {"err":0,"msg":"JUjFNgY5cmx7vU22KGrvhxrqtzj9z8xiMr"}
[ Tue Aug 15 2017 16:26:56 GMT+0800 (CST) ] time is 518
[ Tue Aug 15 2017 16:26:56 GMT+0800 (CST) ] {"err":0,"msg":"JTVSx9Z82MeFLyLsTa7TGbm6UnkaSJ9phS"}
[ Tue Aug 15 2017 16:26:56 GMT+0800 (CST) ] time is 520
[ Tue Aug 15 2017 16:26:56 GMT+0800 (CST) ] {"err":0,"msg":"JSwpnPQoEhLNTgPn7W9AMpX2Sm4DNZxqkK"}
[ Tue Aug 15 2017 16:26:56 GMT+0800 (CST) ] time is 519
[ Tue Aug 15 2017 16:26:56 GMT+0800 (CST) ] {"err":0,"msg":"JfDy3ZPF8eUVgot2RB4HPmMPuuqGp2oWG7"}
[ Tue Aug 15 2017 16:26:56 GMT+0800 (CST) ] time is 519
[ Tue Aug 15 2017 16:26:56 GMT+0800 (CST) ] {"err":0,"msg":"JTuuN8wX6yuKpkkQkUWXw1VdZAEyTypLXf"}
[ Tue Aug 15 2017 16:26:56 GMT+0800 (CST) ] time is 519
[ Tue Aug 15 2017 16:26:56 GMT+0800 (CST) ] {"err":0,"msg":"JNMdndjRHdNbmG2Ukszmd2eXFoGPfGUbXA"}
[ Tue Aug 15 2017 16:26:56 GMT+0800 (CST) ] time is 521
[ Tue Aug 15 2017 16:26:56 GMT+0800 (CST) ] {"err":0,"msg":"JKZDSjTgxSd3Vm1WTkk8W1nRtFHG9XG5Uu"}
[ Tue Aug 15 2017 16:26:56 GMT+0800 (CST) ] time is 520
[ Tue Aug 15 2017 16:26:56 GMT+0800 (CST) ] {"err":0,"msg":"Jdek1MFUPS8FeGmUthsVc4st8TZf5TSeZd"}
[ Tue Aug 15 2017 16:26:56 GMT+0800 (CST) ] time is 520
[ Tue Aug 15 2017 16:26:56 GMT+0800 (CST) ] {"err":0,"msg":"JeMgVHdHTD4bY3g3tZsLUwwgs7hoW9V4DE"}
[ Tue Aug 15 2017 16:26:56 GMT+0800 (CST) ] time is 520
[ Tue Aug 15 2017 16:26:56 GMT+0800 (CST) ] {"err":0,"msg":"JhSkxQdoESNTE1NBKyyp9YvQNsoJpFSKJS"}
[ Tue Aug 15 2017 16:26:56 GMT+0800 (CST) ] time is 522
[ Tue Aug 15 2017 16:26:56 GMT+0800 (CST) ] {"err":0,"msg":"JR5dUew3GEhUvqYCBdyCNXTLjpRwbbTFCw"}
[ Tue Aug 15 2017 16:26:56 GMT+0800 (CST) ] time is 521
[ Tue Aug 15 2017 16:26:56 GMT+0800 (CST) ] {"err":0,"msg":"Jb9f42pWCZcsFEE3RapEHNmxufyWniN1ag"}
[ Tue Aug 15 2017 16:26:56 GMT+0800 (CST) ] time is 521
[ Tue Aug 15 2017 16:26:56 GMT+0800 (CST) ] {"err":0,"msg":"JJuXwrCUH3eeXpysBN7eBWSbvj8WAt2pyX"}
[ Tue Aug 15 2017 16:26:56 GMT+0800 (CST) ] time is 521
[ Tue Aug 15 2017 16:26:56 GMT+0800 (CST) ] {"err":0,"msg":"JKrBy32SPw8sjXEbhhdzgoBuG7QagnkwDp"}
[ Tue Aug 15 2017 16:26:56 GMT+0800 (CST) ] time is 523
[ Tue Aug 15 2017 16:26:56 GMT+0800 (CST) ] {"err":0,"msg":"JdhwtZuGnFvXiyFUw29ctn5WoTrWwRCuyq"}
[ Tue Aug 15 2017 16:26:56 GMT+0800 (CST) ] time is 522
[ Tue Aug 15 2017 16:26:56 GMT+0800 (CST) ] {"err":0,"msg":"JR1YpmjCZZxnZ7tW6yG6EAQWUGkW7trMqM"}
[ Tue Aug 15 2017 16:26:56 GMT+0800 (CST) ] time is 522
[ Tue Aug 15 2017 16:26:56 GMT+0800 (CST) ] {"err":0,"msg":"JPXuF9xaUX79K6A2Mh7dGAgErPQqQ1CDAU"}
[ Tue Aug 15 2017 16:26:56 GMT+0800 (CST) ] time is 522
[ Tue Aug 15 2017 16:26:56 GMT+0800 (CST) ] {"err":0,"msg":"JaiwL3WjwRawW6j19XNC6F7Zw764zcW2a2"}
[ Tue Aug 15 2017 16:26:57 GMT+0800 (CST) ] time is 524
[ Tue Aug 15 2017 16:26:57 GMT+0800 (CST) ] {"err":0,"msg":"JdyYBwpmMXv3NAa3TqsuGBMJ1RmWQz3Snn"}
[ Tue Aug 15 2017 16:26:57 GMT+0800 (CST) ] time is 523
[ Tue Aug 15 2017 16:26:57 GMT+0800 (CST) ] {"err":0,"msg":"JUA9qw45sK7mHDW6PkppU4iZQBhgLER7uw"}
[ Tue Aug 15 2017 16:26:57 GMT+0800 (CST) ] time is 523
[ Tue Aug 15 2017 16:26:57 GMT+0800 (CST) ] {"err":0,"msg":"JQLtVpAa194Pga3Z3JGvF6tPsaEhXkgaWp"}
[ Tue Aug 15 2017 16:26:57 GMT+0800 (CST) ] time is 523
[ Tue Aug 15 2017 16:26:57 GMT+0800 (CST) ] {"err":0,"msg":"JftDnUenW8Zd4AFNtS86ia1ekKgVDvNZZA"}
[ Tue Aug 15 2017 16:26:57 GMT+0800 (CST) ] time is 525
[ Tue Aug 15 2017 16:26:57 GMT+0800 (CST) ] {"err":0,"msg":"JQ5ZtNiUq9qYATYZcUuFU1jkvotmgKRyP5"}
[ Tue Aug 15 2017 16:26:57 GMT+0800 (CST) ] {"err":0,"msg":"JMg4RcuuCxQLvjMhj6mMR9r1J4PybE4Xue"}
[ Tue Aug 15 2017 16:26:57 GMT+0800 (CST) ] time is 524
[ Tue Aug 15 2017 16:26:57 GMT+0800 (CST) ] time is 524
[ Tue Aug 15 2017 16:26:57 GMT+0800 (CST) ] {"err":0,"msg":"JdpXaEdtgHy59zxpnup8hNLPjbhFS1qWXo"}
[ Tue Aug 15 2017 16:26:57 GMT+0800 (CST) ] time is 524
[ Tue Aug 15 2017 16:26:57 GMT+0800 (CST) ] {"err":0,"msg":"JPRs3dEUtRU7sMe65iLkmdxCmeP5nUP1u4"}
[ Tue Aug 15 2017 16:26:57 GMT+0800 (CST) ] time is 526
[ Tue Aug 15 2017 16:26:57 GMT+0800 (CST) ] {"err":0,"msg":"JMmJRRpjvnUbKuUQDsd21T7HNVsfUhehwD"}
[ Tue Aug 15 2017 16:26:57 GMT+0800 (CST) ] time is 525
[ Tue Aug 15 2017 16:26:57 GMT+0800 (CST) ] {"err":0,"msg":"JMUeKFFCEEZfRvqwnsfB6R2iGqTG2hzcv6"}
[ Tue Aug 15 2017 16:26:57 GMT+0800 (CST) ] time is 525
[ Tue Aug 15 2017 16:26:57 GMT+0800 (CST) ] {"err":0,"msg":"JezCqRNcYu5AwLTkZiG116Hs5mayZu9U94"}
[ Tue Aug 15 2017 16:26:57 GMT+0800 (CST) ] time is 525
[ Tue Aug 15 2017 16:26:57 GMT+0800 (CST) ] {"err":0,"msg":"JX5wthzrZDvVpNeE1TJbmbGdsTEs3hKwPS"}
[ Tue Aug 15 2017 16:26:57 GMT+0800 (CST) ] time is 527
[ Tue Aug 15 2017 16:26:57 GMT+0800 (CST) ] {"err":0,"msg":"JXsupPmNhUaZ6HLnCjExSjXmrAo9NnnivE"}
[ Tue Aug 15 2017 16:26:57 GMT+0800 (CST) ] time is 526
[ Tue Aug 15 2017 16:26:57 GMT+0800 (CST) ] {"err":0,"msg":"JfE9dQZ7jyTLck1yb1Y4bNQgez7PKF42VR"}
[ Tue Aug 15 2017 16:26:57 GMT+0800 (CST) ] time is 526
[ Tue Aug 15 2017 16:26:57 GMT+0800 (CST) ] {"err":0,"msg":"JQomWmM9pVzDqPXH3ccAV3dZKooCB9qNtc"}
[ Tue Aug 15 2017 16:26:57 GMT+0800 (CST) ] time is 526
[ Tue Aug 15 2017 16:26:57 GMT+0800 (CST) ] {"err":0,"msg":"JNrU9U5y7rm8f6XwT2s3XyMMozZM2kqUJF"}
[ Tue Aug 15 2017 16:26:57 GMT+0800 (CST) ] time is 528
[ Tue Aug 15 2017 16:26:57 GMT+0800 (CST) ] {"err":0,"msg":"JZrPrMNMBV3zPbiWGTdthUZfwmCaMTM3qy"}
[ Tue Aug 15 2017 16:26:57 GMT+0800 (CST) ] time is 527
[ Tue Aug 15 2017 16:26:57 GMT+0800 (CST) ] {"err":0,"msg":"JW8CFwuVtrobRXEFKfyBT698in6gAzFnBx"}
[ Tue Aug 15 2017 16:26:57 GMT+0800 (CST) ] time is 527
[ Tue Aug 15 2017 16:26:57 GMT+0800 (CST) ] {"err":0,"msg":"JgVt1LNhvnVhtudL4Z8KMZGFFxSdaF7bUb"}
[ Tue Aug 15 2017 16:26:57 GMT+0800 (CST) ] time is 527
[ Tue Aug 15 2017 16:26:57 GMT+0800 (CST) ] {"err":0,"msg":"JSSyfJG8UYf5epZSTYQPPe9CUu9JLr3Cbb"}
[ Tue Aug 15 2017 16:26:57 GMT+0800 (CST) ] time is 529
[ Tue Aug 15 2017 16:26:57 GMT+0800 (CST) ] {"err":0,"msg":"JWi3CYDNQ8EDvCKFG1EXxbtoXLDVasVyUd"}
[ Tue Aug 15 2017 16:26:57 GMT+0800 (CST) ] time is 528
[ Tue Aug 15 2017 16:26:57 GMT+0800 (CST) ] {"err":0,"msg":"JJn8pdLWXNHkdRhq8YaSj3nXQWBD9vSm7B"}
[ Tue Aug 15 2017 16:26:57 GMT+0800 (CST) ] time is 528
[ Tue Aug 15 2017 16:26:57 GMT+0800 (CST) ] {"err":0,"msg":"JgmVCM4E9P9ezMZwbH5xyzNY77HBDsgej9"}
[ Tue Aug 15 2017 16:26:57 GMT+0800 (CST) ] time is 528
[ Tue Aug 15 2017 16:26:57 GMT+0800 (CST) ] {"err":0,"msg":"JMtwyzzotCDQQnuSZF9JcZ9Q2yPDam42VB"}
[ Tue Aug 15 2017 16:26:57 GMT+0800 (CST) ] time is 530
[ Tue Aug 15 2017 16:26:57 GMT+0800 (CST) ] {"err":0,"msg":"JXy9gdXaSj8iWD3Y48Ncgf5HKedQZyGmdV"}
[ Tue Aug 15 2017 16:26:57 GMT+0800 (CST) ] time is 529
[ Tue Aug 15 2017 16:26:57 GMT+0800 (CST) ] {"err":0,"msg":"JX8UxB5p6AG8ajH5dBVZVwh9xpiinCu4pQ"}
[ Tue Aug 15 2017 16:26:57 GMT+0800 (CST) ] time is 529
[ Tue Aug 15 2017 16:26:57 GMT+0800 (CST) ] {"err":0,"msg":"JK2AY6FGVcruTnRTokX1Hx3nmYMX1doUTz"}
[ Tue Aug 15 2017 16:26:57 GMT+0800 (CST) ] time is 529
[ Tue Aug 15 2017 16:26:57 GMT+0800 (CST) ] {"err":0,"msg":"JNffD6a7K1fVU5KHA34dZknmvQR87Br7HQ"}
[ Tue Aug 15 2017 16:26:57 GMT+0800 (CST) ] time is 531
[ Tue Aug 15 2017 16:26:57 GMT+0800 (CST) ] {"err":0,"msg":"JYZbL5DnFW3tmgu4bkrfoKDdscioqddMdV"}
[ Tue Aug 15 2017 16:26:57 GMT+0800 (CST) ] time is 530
[ Tue Aug 15 2017 16:26:57 GMT+0800 (CST) ] {"err":0,"msg":"JWmNnXhZ4aiGaKP4BDzks4hwe7qadpMXmh"}
[ Tue Aug 15 2017 16:26:57 GMT+0800 (CST) ] time is 530
[ Tue Aug 15 2017 16:26:57 GMT+0800 (CST) ] {"err":0,"msg":"Jc17b5ELd7DT2tocAbucmn4vBG8mXBWdAA"}
[ Tue Aug 15 2017 16:26:57 GMT+0800 (CST) ] time is 530
[ Tue Aug 15 2017 16:26:57 GMT+0800 (CST) ] {"err":0,"msg":"JTVJdDsV9RCrK3bSqcmCJbG7zDvK47Ehi6"}
[ Tue Aug 15 2017 16:26:57 GMT+0800 (CST) ] time is 532
[ Tue Aug 15 2017 16:26:57 GMT+0800 (CST) ] {"err":0,"msg":"Ja9Fp57rxknPkKyc7T8nRWFQeHmENhoxQU"}
[ Tue Aug 15 2017 16:26:57 GMT+0800 (CST) ] time is 531
[ Tue Aug 15 2017 16:26:57 GMT+0800 (CST) ] {"err":0,"msg":"JZiZrXohd3dSW7GgEAzUWYfZXcHiSMtNuY"}
[ Tue Aug 15 2017 16:26:57 GMT+0800 (CST) ] time is 531
[ Tue Aug 15 2017 16:26:57 GMT+0800 (CST) ] {"err":0,"msg":"JPrG6kcGPTYZnhfC5nRXHVPdnoc86kT9on"}
[ Tue Aug 15 2017 16:26:57 GMT+0800 (CST) ] time is 531
[ Tue Aug 15 2017 16:26:57 GMT+0800 (CST) ] {"err":0,"msg":"JYgpQvRNcLec9GrgHv1pbwqG3cQsqnEeZH"}
[ Tue Aug 15 2017 16:26:57 GMT+0800 (CST) ] time is 533
[ Tue Aug 15 2017 16:26:57 GMT+0800 (CST) ] {"err":0,"msg":"JKFyWLrKA6rX5DzbuKkHA34f3FT1PAS5pd"}
[ Tue Aug 15 2017 16:26:57 GMT+0800 (CST) ] time is 532
[ Tue Aug 15 2017 16:26:57 GMT+0800 (CST) ] {"err":0,"msg":"JPf3gAN9Nf7TySgziRKV4bWtB4qroExHeH"}
[ Tue Aug 15 2017 16:26:57 GMT+0800 (CST) ] time is 532
[ Tue Aug 15 2017 16:26:57 GMT+0800 (CST) ] {"err":0,"msg":"JNrAFymUYpcqg9c9DhmoqKnY6RXnvQUgdg"}
[ Tue Aug 15 2017 16:26:57 GMT+0800 (CST) ] time is 532
[ Tue Aug 15 2017 16:26:57 GMT+0800 (CST) ] {"err":0,"msg":"JN9HWPZWFc8xaVKW2SGP7LbUxjWpxPZXgT"}
[ Tue Aug 15 2017 16:26:57 GMT+0800 (CST) ] time is 534
[ Tue Aug 15 2017 16:26:57 GMT+0800 (CST) ] {"err":0,"msg":"JYLK8aPdn8pF34WUApEbJhQE2NWGZu6USw"}
[ Tue Aug 15 2017 16:26:57 GMT+0800 (CST) ] time is 533
[ Tue Aug 15 2017 16:26:57 GMT+0800 (CST) ] {"err":0,"msg":"JQHVJR68hJMnHhEVCuvCCH1beMgEtbx7gu"}
[ Tue Aug 15 2017 16:26:57 GMT+0800 (CST) ] time is 533
[ Tue Aug 15 2017 16:26:57 GMT+0800 (CST) ] {"err":0,"msg":"JarUHr45VoBxTNGy9aG5gJkpML95CAmGbG"}
[ Tue Aug 15 2017 16:26:57 GMT+0800 (CST) ] time is 533
[ Tue Aug 15 2017 16:26:57 GMT+0800 (CST) ] {"err":0,"msg":"JazZPPmc6XwSqYrXDfogPEc36UTcM2Vp6z"}
[ Tue Aug 15 2017 16:26:57 GMT+0800 (CST) ] time is 535
[ Tue Aug 15 2017 16:26:57 GMT+0800 (CST) ] {"err":0,"msg":"JXsc8VmzLeKyeENXjYqiRNFVcLUkrXMLdp"}
[ Tue Aug 15 2017 16:26:57 GMT+0800 (CST) ] time is 534
[ Tue Aug 15 2017 16:26:57 GMT+0800 (CST) ] {"err":0,"msg":"JgAeBFPvY5BRBPhVJPdm7HkMvSCvC4fGYN"}
[ Tue Aug 15 2017 16:26:57 GMT+0800 (CST) ] time is 534
[ Tue Aug 15 2017 16:26:57 GMT+0800 (CST) ] {"err":0,"msg":"Jde8WxgmzyT8hX5YXJwgUaJwdSsc9PLGXv"}
[ Tue Aug 15 2017 16:26:57 GMT+0800 (CST) ] time is 534
[ Tue Aug 15 2017 16:26:57 GMT+0800 (CST) ] {"err":0,"msg":"JgZkCxrYKyaEQXAivQrGBcyWrvRW4UBC9T"}
[ Tue Aug 15 2017 16:26:57 GMT+0800 (CST) ] time is 536
[ Tue Aug 15 2017 16:26:57 GMT+0800 (CST) ] {"err":0,"msg":"JRdAMGzX2oRuFg3h2Es83ffcw8TCQWCmj9"}
[ Tue Aug 15 2017 16:26:57 GMT+0800 (CST) ] time is 535
[ Tue Aug 15 2017 16:26:57 GMT+0800 (CST) ] {"err":0,"msg":"JMdfYwqwk3j9WhFGcQ6kD6kpGPhJ9MKtdQ"}
[ Tue Aug 15 2017 16:26:57 GMT+0800 (CST) ] time is 535
[ Tue Aug 15 2017 16:26:57 GMT+0800 (CST) ] {"err":0,"msg":"JYri2Q4XJ3BxjdAwM6c7f73TF6JRMst9vB"}
[ Tue Aug 15 2017 16:26:57 GMT+0800 (CST) ] time is 535
[ Tue Aug 15 2017 16:26:57 GMT+0800 (CST) ] {"err":0,"msg":"Jfk7jxPVZpMrpDyRq8rzh6PUGuG4Ea3SFr"}
[ Tue Aug 15 2017 16:26:57 GMT+0800 (CST) ] time is 537
[ Tue Aug 15 2017 16:26:57 GMT+0800 (CST) ] {"err":0,"msg":"JRXuhDcYifRaFdzk2nVmgE1BAQJT8dmJ9c"}
[ Tue Aug 15 2017 16:26:57 GMT+0800 (CST) ] time is 536
[ Tue Aug 15 2017 16:26:57 GMT+0800 (CST) ] {"err":0,"msg":"JfrtjvPrm5VEPnVxPwQtQMGfxVfLSUbBQr"}
[ Tue Aug 15 2017 16:26:57 GMT+0800 (CST) ] time is 536
[ Tue Aug 15 2017 16:26:57 GMT+0800 (CST) ] {"err":0,"msg":"JTbPX2MdBou5Mh7dcPXU9cEfRa9fbhqKkV"}
[ Tue Aug 15 2017 16:26:57 GMT+0800 (CST) ] time is 536
[ Tue Aug 15 2017 16:26:57 GMT+0800 (CST) ] {"err":0,"msg":"JUeKTa85Y9VibKkz1r6LYH5xS1CXCt5Epf"}
[ Tue Aug 15 2017 16:26:57 GMT+0800 (CST) ] time is 538
[ Tue Aug 15 2017 16:26:57 GMT+0800 (CST) ] {"err":0,"msg":"JSKDt8qmekydgzzTmUQi5yr9jBq7jYqF2B"}
[ Tue Aug 15 2017 16:26:57 GMT+0800 (CST) ] time is 537
[ Tue Aug 15 2017 16:26:57 GMT+0800 (CST) ] {"err":0,"msg":"JPEmphJ8WspRFgkpuJSjAu8bVQB8Zxj6Sk"}
[ Tue Aug 15 2017 16:26:57 GMT+0800 (CST) ] time is 537
[ Tue Aug 15 2017 16:26:57 GMT+0800 (CST) ] {"err":0,"msg":"JaVZJvncsbMWd7NJUz4rU2AnJRAePRMthj"}
[ Tue Aug 15 2017 16:26:57 GMT+0800 (CST) ] time is 537
[ Tue Aug 15 2017 16:26:57 GMT+0800 (CST) ] {"err":0,"msg":"JJw2VejnurdN71RTTDvHxorhfcZLNFk2Ny"}
[ Tue Aug 15 2017 16:26:57 GMT+0800 (CST) ] time is 539
[ Tue Aug 15 2017 16:26:57 GMT+0800 (CST) ] {"err":0,"msg":"JSdKDTmGaWdCwq2asywr3uWddjYYE5HiL7"}
[ Tue Aug 15 2017 16:26:57 GMT+0800 (CST) ] time is 538
[ Tue Aug 15 2017 16:26:57 GMT+0800 (CST) ] {"err":0,"msg":"JhS9dPyuVDG1gKZEjanMLdgTtLPpxntTcq"}
[ Tue Aug 15 2017 16:26:57 GMT+0800 (CST) ] time is 538
[ Tue Aug 15 2017 16:26:57 GMT+0800 (CST) ] {"err":0,"msg":"JWQhzrqq7DkSSEypWvGm4yMGry6TkKPWFR"}
[ Tue Aug 15 2017 16:26:57 GMT+0800 (CST) ] time is 538
[ Tue Aug 15 2017 16:26:57 GMT+0800 (CST) ] {"err":0,"msg":"JegCbsWwLk1wqeeX2f9LezwKW2UKSFx925"}
[ Tue Aug 15 2017 16:26:57 GMT+0800 (CST) ] time is 540
[ Tue Aug 15 2017 16:26:57 GMT+0800 (CST) ] {"err":0,"msg":"JNUDatYuRDVXjpAYx4HZATPv4kodT439GL"}
[ Tue Aug 15 2017 16:26:57 GMT+0800 (CST) ] time is 539
[ Tue Aug 15 2017 16:26:57 GMT+0800 (CST) ] {"err":0,"msg":"JPy6HR97zkv1HW1DbU2xXtfuKEDse1yfps"}
[ Tue Aug 15 2017 16:26:57 GMT+0800 (CST) ] time is 539
[ Tue Aug 15 2017 16:26:57 GMT+0800 (CST) ] {"err":0,"msg":"JXMsqJcHSy3DodMUyiLSckkvcgT4xYW5is"}
[ Tue Aug 15 2017 16:26:57 GMT+0800 (CST) ] time is 539
[ Tue Aug 15 2017 16:26:57 GMT+0800 (CST) ] {"err":0,"msg":"JKHzhF2LCXxVNYCCUBnYxvjgd46e54E55k"}
[ Tue Aug 15 2017 16:26:57 GMT+0800 (CST) ] time is 541
[ Tue Aug 15 2017 16:26:57 GMT+0800 (CST) ] {"err":0,"msg":"Jdz2KEGpu6BXuMf55z7D6ZgzXbzneYdoKr"}
[ Tue Aug 15 2017 16:26:57 GMT+0800 (CST) ] time is 540
[ Tue Aug 15 2017 16:26:57 GMT+0800 (CST) ] {"err":0,"msg":"JZu2BGcjkkBXDquWTKA9dUThmU531E3wnZ"}
[ Tue Aug 15 2017 16:26:57 GMT+0800 (CST) ] time is 540
[ Tue Aug 15 2017 16:26:57 GMT+0800 (CST) ] {"err":0,"msg":"Jf2faUAQDXKMFQA6rHaBk1Ku4TjPwVTRpz"}
[ Tue Aug 15 2017 16:26:57 GMT+0800 (CST) ] time is 540
[ Tue Aug 15 2017 16:26:57 GMT+0800 (CST) ] {"err":0,"msg":"JSozc2uZg1drLxRnPedMCqKXNcXKLqEtUr"}
[ Tue Aug 15 2017 16:26:57 GMT+0800 (CST) ] time is 542
[ Tue Aug 15 2017 16:26:57 GMT+0800 (CST) ] {"err":0,"msg":"JS6yM7e2of6EB9Q6swo8XDHSHM61U4ycxB"}
[ Tue Aug 15 2017 16:26:57 GMT+0800 (CST) ] time is 541
[ Tue Aug 15 2017 16:26:57 GMT+0800 (CST) ] {"err":0,"msg":"JUiAaTkgQkwT75MZPkN9VpLcgdkDsg2Nto"}
[ Tue Aug 15 2017 16:26:57 GMT+0800 (CST) ] time is 541
[ Tue Aug 15 2017 16:26:57 GMT+0800 (CST) ] {"err":0,"msg":"JhmpdWv9nCx3XKFMdPgrv7xiPzytAey6iJ"}
[ Tue Aug 15 2017 16:26:57 GMT+0800 (CST) ] time is 541
[ Tue Aug 15 2017 16:26:57 GMT+0800 (CST) ] {"err":0,"msg":"JeoM7DwTgok4siJYNptadKHnP9D9F9DYMZ"}
[ Tue Aug 15 2017 16:26:57 GMT+0800 (CST) ] time is 543
[ Tue Aug 15 2017 16:26:57 GMT+0800 (CST) ] {"err":0,"msg":"JW6wFfLFX3rGZogxtjoiYY4CvsZtNdtZEa"}
[ Tue Aug 15 2017 16:26:57 GMT+0800 (CST) ] time is 542
[ Tue Aug 15 2017 16:26:57 GMT+0800 (CST) ] {"err":0,"msg":"JYpeBdLPVNSmJTtPho8YM5RJkdgyvXrg47"}
[ Tue Aug 15 2017 16:26:57 GMT+0800 (CST) ] time is 542
[ Tue Aug 15 2017 16:26:57 GMT+0800 (CST) ] {"err":0,"msg":"JTXMGP1qCVyu9hMHJZvKg9Qa9PupHttNdd"}
[ Tue Aug 15 2017 16:26:57 GMT+0800 (CST) ] time is 542
[ Tue Aug 15 2017 16:26:57 GMT+0800 (CST) ] {"err":0,"msg":"JezKRTkVcpiDhHYJ4KGcvPje9SpFwh48P2"}
[ Tue Aug 15 2017 16:26:58 GMT+0800 (CST) ] time is 544
[ Tue Aug 15 2017 16:26:58 GMT+0800 (CST) ] {"err":0,"msg":"JKy7rCmweRXTG5rnuHv9FS9hj9Sc6dDq7b"}
[ Tue Aug 15 2017 16:26:58 GMT+0800 (CST) ] time is 543
[ Tue Aug 15 2017 16:26:58 GMT+0800 (CST) ] {"err":0,"msg":"JQNwQrgYF7fDZMvRQ2cUyVUBw9eXiSvePR"}
[ Tue Aug 15 2017 16:26:58 GMT+0800 (CST) ] time is 543
[ Tue Aug 15 2017 16:26:58 GMT+0800 (CST) ] {"err":0,"msg":"JMMhdDJba99CDRQxA5guBxMAqyhNnnmw5X"}
[ Tue Aug 15 2017 16:26:58 GMT+0800 (CST) ] time is 543
[ Tue Aug 15 2017 16:26:58 GMT+0800 (CST) ] {"err":0,"msg":"JdCQ2Vynet2T55yX4TRGpgsRZPrAGMCWTJ"}
[ Tue Aug 15 2017 16:26:58 GMT+0800 (CST) ] time is 545
[ Tue Aug 15 2017 16:26:58 GMT+0800 (CST) ] {"err":0,"msg":"Jexr5a2aGKWQbdTdj94hXheW732iy2cUmT"}
[ Tue Aug 15 2017 16:26:58 GMT+0800 (CST) ] time is 544
[ Tue Aug 15 2017 16:26:58 GMT+0800 (CST) ] {"err":0,"msg":"JJzTidsT97JkeeCrD7uPSkDWwTqyUgLtdM"}
[ Tue Aug 15 2017 16:26:58 GMT+0800 (CST) ] time is 544
[ Tue Aug 15 2017 16:26:58 GMT+0800 (CST) ] {"err":0,"msg":"JZeSpPTP54BoLbvJmgixpaYC5ireQEahu5"}
[ Tue Aug 15 2017 16:26:58 GMT+0800 (CST) ] time is 544
[ Tue Aug 15 2017 16:26:58 GMT+0800 (CST) ] {"err":0,"msg":"JedNYysTknqc3Z6khKR2YpdPTaFjPjc2Bd"}
[ Tue Aug 15 2017 16:26:58 GMT+0800 (CST) ] time is 546
[ Tue Aug 15 2017 16:26:58 GMT+0800 (CST) ] {"err":0,"msg":"JdfLrLqe8iVgCbBgcAJJavN2fXdWm48Hhu"}
[ Tue Aug 15 2017 16:26:58 GMT+0800 (CST) ] time is 545
[ Tue Aug 15 2017 16:26:58 GMT+0800 (CST) ] {"err":0,"msg":"JZJK2rcSBeCU9CQWxyciwj35VqP4yXS5eo"}
[ Tue Aug 15 2017 16:26:58 GMT+0800 (CST) ] time is 545
[ Tue Aug 15 2017 16:26:58 GMT+0800 (CST) ] {"err":0,"msg":"JMQ5bhkxF5zoHEe4feLbctzdXSaMMjUikd"}
[ Tue Aug 15 2017 16:26:58 GMT+0800 (CST) ] time is 545
[ Tue Aug 15 2017 16:26:58 GMT+0800 (CST) ] {"err":0,"msg":"JSin5hHADMMssW8qBXLqEYQ65svAF9uV63"}
[ Tue Aug 15 2017 16:26:58 GMT+0800 (CST) ] time is 547
[ Tue Aug 15 2017 16:26:58 GMT+0800 (CST) ] {"err":0,"msg":"JVn5cTz2gwrs9DkJM8vapFY9DKDLpUmjpW"}
[ Tue Aug 15 2017 16:26:58 GMT+0800 (CST) ] time is 546
[ Tue Aug 15 2017 16:26:58 GMT+0800 (CST) ] {"err":0,"msg":"JXoG7ATSZQNQSdLGFA7ynBKK5fmx82SijG"}
[ Tue Aug 15 2017 16:26:58 GMT+0800 (CST) ] time is 546
[ Tue Aug 15 2017 16:26:58 GMT+0800 (CST) ] {"err":0,"msg":"JZBCFYRZNozBjCag4UBVDitZ5yEJURUdnR"}
[ Tue Aug 15 2017 16:26:58 GMT+0800 (CST) ] time is 546
[ Tue Aug 15 2017 16:26:58 GMT+0800 (CST) ] {"err":0,"msg":"JLZ9aqNjc8qjiEBanL2Sm3k3HtwfqkFYrF"}
[ Tue Aug 15 2017 16:26:58 GMT+0800 (CST) ] time is 548
[ Tue Aug 15 2017 16:26:58 GMT+0800 (CST) ] {"err":0,"msg":"JLuTh9ya1mqBtbFiVNVc74whkJExLHsDkr"}
[ Tue Aug 15 2017 16:26:58 GMT+0800 (CST) ] time is 547
[ Tue Aug 15 2017 16:26:58 GMT+0800 (CST) ] {"err":0,"msg":"JZDSCPxC266nLdytd3QKzepvFDEo4Uo1p9"}
[ Tue Aug 15 2017 16:26:58 GMT+0800 (CST) ] time is 547
[ Tue Aug 15 2017 16:26:58 GMT+0800 (CST) ] {"err":0,"msg":"JhbsSd16h5xoERnSSDTVggpz5WVVfAH4Gs"}
[ Tue Aug 15 2017 16:26:58 GMT+0800 (CST) ] time is 547
[ Tue Aug 15 2017 16:26:58 GMT+0800 (CST) ] {"err":0,"msg":"JL3wjFyXZSC3AxcrPgsyLvdLWARKUTx83J"}
[ Tue Aug 15 2017 16:26:58 GMT+0800 (CST) ] time is 549
[ Tue Aug 15 2017 16:26:58 GMT+0800 (CST) ] {"err":0,"msg":"JeAqQsaGVcmDA7FEZFrHjyDRMjkLd4Ypsa"}
[ Tue Aug 15 2017 16:26:58 GMT+0800 (CST) ] time is 548
[ Tue Aug 15 2017 16:26:58 GMT+0800 (CST) ] {"err":0,"msg":"JPD6PS8atwSLQn4Pn9JSBPCMwyzBF88ABz"}
[ Tue Aug 15 2017 16:26:58 GMT+0800 (CST) ] time is 548
[ Tue Aug 15 2017 16:26:58 GMT+0800 (CST) ] {"err":0,"msg":"JdZk4nYwfDPcMtoWHYaZDKg6y5hTXNVQcz"}
[ Tue Aug 15 2017 16:26:58 GMT+0800 (CST) ] time is 548
[ Tue Aug 15 2017 16:26:58 GMT+0800 (CST) ] {"err":0,"msg":"JTE3CXMHXk5r4EAqAT3L14YA5ETY47dTPC"}
[ Tue Aug 15 2017 16:26:58 GMT+0800 (CST) ] time is 550
[ Tue Aug 15 2017 16:26:58 GMT+0800 (CST) ] {"err":0,"msg":"JRWzrw2qoioe4rehq9mkCyxFWG8KsoDimq"}
[ Tue Aug 15 2017 16:26:58 GMT+0800 (CST) ] time is 549
[ Tue Aug 15 2017 16:26:58 GMT+0800 (CST) ] {"err":0,"msg":"JMaDxzZVBbzjkgmMmteP8nNMNaDWVFPNys"}
[ Tue Aug 15 2017 16:26:58 GMT+0800 (CST) ] time is 549
[ Tue Aug 15 2017 16:26:58 GMT+0800 (CST) ] {"err":0,"msg":"JJid9MxxqRspTYAjZusrnQ2TrkJRbLKcmW"}
[ Tue Aug 15 2017 16:26:58 GMT+0800 (CST) ] time is 549
[ Tue Aug 15 2017 16:26:58 GMT+0800 (CST) ] {"err":0,"msg":"JTsaQGHtqsvSiLyqmvC7TVyk94eBQcq3gg"}
[ Tue Aug 15 2017 16:26:58 GMT+0800 (CST) ] time is 551
[ Tue Aug 15 2017 16:26:58 GMT+0800 (CST) ] {"err":0,"msg":"JeYMRKtz6hHWeMeRpk8qox8D7feJ27c6VS"}
[ Tue Aug 15 2017 16:26:58 GMT+0800 (CST) ] {"err":0,"msg":"JQxSBMPTU7iUd2J4ooY2ocbuAgaN1YV56M"}
[ Tue Aug 15 2017 16:26:58 GMT+0800 (CST) ] time is 550
[ Tue Aug 15 2017 16:26:58 GMT+0800 (CST) ] time is 550
[ Tue Aug 15 2017 16:26:58 GMT+0800 (CST) ] {"err":0,"msg":"JT3QiovjXTunv3sQ4eNnbVtH3pv1nQPZyG"}
[ Tue Aug 15 2017 16:26:58 GMT+0800 (CST) ] time is 550
[ Tue Aug 15 2017 16:26:58 GMT+0800 (CST) ] {"err":0,"msg":"JSYc3aFN6gE1pbD3ysjK1RJuPUEP4B9G2a"}
[ Tue Aug 15 2017 16:26:58 GMT+0800 (CST) ] time is 552
[ Tue Aug 15 2017 16:26:58 GMT+0800 (CST) ] {"err":0,"msg":"JNcWD2QQMxVzbAk8kFAeA9boU6KNpLoCdr"}
[ Tue Aug 15 2017 16:26:58 GMT+0800 (CST) ] time is 551
[ Tue Aug 15 2017 16:26:58 GMT+0800 (CST) ] {"err":0,"msg":"JPfbvsjG26ovti7VfsMHkeZoLzUZDgEZNb"}
[ Tue Aug 15 2017 16:26:58 GMT+0800 (CST) ] time is 551
[ Tue Aug 15 2017 16:26:58 GMT+0800 (CST) ] {"err":0,"msg":"JcXiTCjYrVLELbR9fycXZRxfWPwnak3Ptm"}
[ Tue Aug 15 2017 16:26:58 GMT+0800 (CST) ] time is 551
[ Tue Aug 15 2017 16:26:58 GMT+0800 (CST) ] {"err":0,"msg":"JhEJQu3113ApDKZpWo14oeLUDqCGMyedAJ"}
[ Tue Aug 15 2017 16:26:58 GMT+0800 (CST) ] time is 553
[ Tue Aug 15 2017 16:26:58 GMT+0800 (CST) ] {"err":0,"msg":"JLRoUKVLrgffgAMhqSiaH5hkdGA1fahDY1"}
[ Tue Aug 15 2017 16:26:58 GMT+0800 (CST) ] time is 552
[ Tue Aug 15 2017 16:26:58 GMT+0800 (CST) ] {"err":0,"msg":"JYfp12Uk5kz62cemS6F3fBSHCPGeSiLaXR"}
[ Tue Aug 15 2017 16:26:58 GMT+0800 (CST) ] time is 552
[ Tue Aug 15 2017 16:26:58 GMT+0800 (CST) ] {"err":0,"msg":"JN3Nhbwgh2gSSkNi4XxNbDQGauokVyqKxc"}
[ Tue Aug 15 2017 16:26:58 GMT+0800 (CST) ] time is 552
[ Tue Aug 15 2017 16:26:58 GMT+0800 (CST) ] {"err":0,"msg":"JRSXxUsYn1kEGLnFxFnaS4vGvdNgHDSpba"}
[ Tue Aug 15 2017 16:26:58 GMT+0800 (CST) ] time is 553
[ Tue Aug 15 2017 16:26:58 GMT+0800 (CST) ] {"err":0,"msg":"JYdRBjuvSTxBYfwrDeCT7P13NjbtQMULEo"}
[ Tue Aug 15 2017 16:26:58 GMT+0800 (CST) ] time is 554
[ Tue Aug 15 2017 16:26:58 GMT+0800 (CST) ] {"err":0,"msg":"JXtWT31eEbsTEYHn7sYEfTagdiqBxiz9tz"}
[ Tue Aug 15 2017 16:26:58 GMT+0800 (CST) ] time is 553
[ Tue Aug 15 2017 16:26:58 GMT+0800 (CST) ] {"err":0,"msg":"JgrSqNtB484r2ai4D4CZgP6Y9ERVynayUv"}
[ Tue Aug 15 2017 16:26:58 GMT+0800 (CST) ] time is 553
[ Tue Aug 15 2017 16:26:58 GMT+0800 (CST) ] {"err":0,"msg":"JbkrRLr4fdY6hGqSs9fDxEeUeJdZkcLiNL"}
[ Tue Aug 15 2017 16:26:58 GMT+0800 (CST) ] time is 554
[ Tue Aug 15 2017 16:26:58 GMT+0800 (CST) ] {"err":0,"msg":"JLQwHoLUEEj5LDqMc5e46uhLurxef8qcG1"}
[ Tue Aug 15 2017 16:26:58 GMT+0800 (CST) ] time is 555
[ Tue Aug 15 2017 16:26:58 GMT+0800 (CST) ] {"err":0,"msg":"JhrENvryXMXpux6AT6K4wBnc9Y7A4SZwqX"}
[ Tue Aug 15 2017 16:26:58 GMT+0800 (CST) ] time is 554
[ Tue Aug 15 2017 16:26:58 GMT+0800 (CST) ] {"err":0,"msg":"JJv7JRgLUPmUuPgeaVgxaQvi5SgFno4JwK"}
[ Tue Aug 15 2017 16:26:58 GMT+0800 (CST) ] time is 554
[ Tue Aug 15 2017 16:26:58 GMT+0800 (CST) ] {"err":0,"msg":"JXpwh6RMStvEYzLx6SnHpfoaxbrdJ16eZg"}
[ Tue Aug 15 2017 16:26:58 GMT+0800 (CST) ] time is 555
[ Tue Aug 15 2017 16:26:58 GMT+0800 (CST) ] {"err":0,"msg":"JeM6ZksGgQWp2LR5ebjyQyQDS3yQB9Spxg"}
[ Tue Aug 15 2017 16:26:58 GMT+0800 (CST) ] time is 556
[ Tue Aug 15 2017 16:26:58 GMT+0800 (CST) ] {"err":0,"msg":"JeUfvJfSAwWreiHLZo1oLQn47vtkvU42iW"}
[ Tue Aug 15 2017 16:26:58 GMT+0800 (CST) ] time is 555
[ Tue Aug 15 2017 16:26:58 GMT+0800 (CST) ] {"err":0,"msg":"JXrbNix9wSc3Kauy1EqUedMPx5ohfPPDDt"}
[ Tue Aug 15 2017 16:26:58 GMT+0800 (CST) ] time is 555
[ Tue Aug 15 2017 16:26:58 GMT+0800 (CST) ] {"err":0,"msg":"JfvAvtyVsCZL7gyMFV9FeBAjLFwsEXSqh3"}
[ Tue Aug 15 2017 16:26:58 GMT+0800 (CST) ] time is 556
[ Tue Aug 15 2017 16:26:58 GMT+0800 (CST) ] {"err":0,"msg":"JRoZqzGg5aUpaJCrm1DrfK9VKqHKgmT7ai"}
[ Tue Aug 15 2017 16:26:58 GMT+0800 (CST) ] time is 557
[ Tue Aug 15 2017 16:26:58 GMT+0800 (CST) ] {"err":0,"msg":"JZEYEcfW6bkTv9VFdAkrz1vLiVfC4pm6aK"}
[ Tue Aug 15 2017 16:26:58 GMT+0800 (CST) ] time is 556
[ Tue Aug 15 2017 16:26:58 GMT+0800 (CST) ] {"err":0,"msg":"JaSA3q9cVhu5ZTvfd48oovcYZ6vRxunhkf"}
[ Tue Aug 15 2017 16:26:58 GMT+0800 (CST) ] time is 556
[ Tue Aug 15 2017 16:26:58 GMT+0800 (CST) ] {"err":0,"msg":"Jd8mdrZJ4L1FGzMZcFLQWHSJDdHLEWyNdY"}
[ Tue Aug 15 2017 16:26:58 GMT+0800 (CST) ] time is 557
[ Tue Aug 15 2017 16:26:58 GMT+0800 (CST) ] {"err":0,"msg":"JMJ8cg3A4UQN6ZasgGeheXRGKRwR7H8u5k"}
[ Tue Aug 15 2017 16:26:58 GMT+0800 (CST) ] time is 558
[ Tue Aug 15 2017 16:26:58 GMT+0800 (CST) ] {"err":0,"msg":"JhauzzeYh5KFdJd8bgdDVYWqTfpXzQLCWW"}
[ Tue Aug 15 2017 16:26:58 GMT+0800 (CST) ] time is 557
[ Tue Aug 15 2017 16:26:58 GMT+0800 (CST) ] {"err":0,"msg":"JXnFXfhruRCPRX11yqRtSH32CKE2N8M678"}
[ Tue Aug 15 2017 16:26:58 GMT+0800 (CST) ] time is 557
[ Tue Aug 15 2017 16:26:58 GMT+0800 (CST) ] {"err":0,"msg":"JWzzRRjoTfzbMLcgvSKFC2McMLiVtTr3p1"}
[ Tue Aug 15 2017 16:26:58 GMT+0800 (CST) ] time is 558
[ Tue Aug 15 2017 16:26:58 GMT+0800 (CST) ] {"err":0,"msg":"JgbNzpxyDfeVmgw3yAXnhT6UYWFcMzLbgZ"}
[ Tue Aug 15 2017 16:26:58 GMT+0800 (CST) ] time is 559
[ Tue Aug 15 2017 16:26:58 GMT+0800 (CST) ] {"err":0,"msg":"JT93SW7PzSSzq7RCEHrik7v6Hhi3zDb3qA"}
[ Tue Aug 15 2017 16:26:58 GMT+0800 (CST) ] time is 558
[ Tue Aug 15 2017 16:26:58 GMT+0800 (CST) ] {"err":0,"msg":"JKNfP3yEkVHxbPHMyKXbBb8rKcb6hyEHu5"}
[ Tue Aug 15 2017 16:26:58 GMT+0800 (CST) ] time is 558
[ Tue Aug 15 2017 16:26:58 GMT+0800 (CST) ] {"err":0,"msg":"JWmBaZueRDhzcXoieHHGYTzVAvyMfq1yJQ"}
[ Tue Aug 15 2017 16:26:58 GMT+0800 (CST) ] time is 559
[ Tue Aug 15 2017 16:26:58 GMT+0800 (CST) ] {"err":0,"msg":"JeNToqwCTowmbVb3XgthmqcicLg7DYLU8s"}
[ Tue Aug 15 2017 16:26:58 GMT+0800 (CST) ] time is 560
[ Tue Aug 15 2017 16:26:58 GMT+0800 (CST) ] {"err":0,"msg":"JYgodCRXpfCKaDTTKYF9vVNncKbp9jRZTL"}
[ Tue Aug 15 2017 16:26:58 GMT+0800 (CST) ] time is 559
[ Tue Aug 15 2017 16:26:58 GMT+0800 (CST) ] {"err":0,"msg":"JMadx93md1AjfR1Ph5HkPZhEBrc3MwwE2h"}
[ Tue Aug 15 2017 16:26:58 GMT+0800 (CST) ] time is 559
[ Tue Aug 15 2017 16:26:58 GMT+0800 (CST) ] {"err":0,"msg":"JXQi9WfbEypuUZ98NEa6AF4KuFMUL1QvP9"}
[ Tue Aug 15 2017 16:26:58 GMT+0800 (CST) ] time is 560
[ Tue Aug 15 2017 16:26:58 GMT+0800 (CST) ] {"err":0,"msg":"JS9vvSdbcjeZm5sEizWSVcqF4SQvmxBCGd"}
[ Tue Aug 15 2017 16:26:58 GMT+0800 (CST) ] time is 561
[ Tue Aug 15 2017 16:26:58 GMT+0800 (CST) ] {"err":0,"msg":"JXPhqbC4f3ahfAtuhFiWLcX1nrKPAJBb9E"}
[ Tue Aug 15 2017 16:26:58 GMT+0800 (CST) ] time is 560
[ Tue Aug 15 2017 16:26:58 GMT+0800 (CST) ] {"err":0,"msg":"JhVpXiwDNxeuxD4weU9esLUEuE66ijQZCW"}
[ Tue Aug 15 2017 16:26:58 GMT+0800 (CST) ] time is 560
[ Tue Aug 15 2017 16:26:58 GMT+0800 (CST) ] {"err":0,"msg":"JRGDUcmGo1SRKBjDRVJ6vYLN5VUwy9KnhQ"}
[ Tue Aug 15 2017 16:26:58 GMT+0800 (CST) ] time is 561
[ Tue Aug 15 2017 16:26:58 GMT+0800 (CST) ] {"err":0,"msg":"JhBRZhGwN52Mu15TDLX1ZLZjWPh44hu6v8"}
[ Tue Aug 15 2017 16:26:58 GMT+0800 (CST) ] time is 562
[ Tue Aug 15 2017 16:26:58 GMT+0800 (CST) ] {"err":0,"msg":"JNrkN9dnFgaFy2BqxQAtd9rgnSbbEf6fYN"}
[ Tue Aug 15 2017 16:26:58 GMT+0800 (CST) ] time is 561
[ Tue Aug 15 2017 16:26:58 GMT+0800 (CST) ] {"err":0,"msg":"JLGo1E418bPzSEan5QMfcZaJ6fkkDrFibq"}
[ Tue Aug 15 2017 16:26:59 GMT+0800 (CST) ] time is 562
[ Tue Aug 15 2017 16:26:59 GMT+0800 (CST) ] {"err":0,"msg":"JVovMWoTQQ4s17SohFZ6NVPsbpSEkaAS1M"}
[ Tue Aug 15 2017 16:26:59 GMT+0800 (CST) ] time is 561
[ Tue Aug 15 2017 16:26:59 GMT+0800 (CST) ] {"err":0,"msg":"JQaPimr9Kh94t58q7axcJrxWzj51c5sYfs"}
[ Tue Aug 15 2017 16:26:59 GMT+0800 (CST) ] time is 563
[ Tue Aug 15 2017 16:26:59 GMT+0800 (CST) ] {"err":0,"msg":"JSkjeoSxQNPA7Nyyhjq2TPjdz97noTBpPM"}
[ Tue Aug 15 2017 16:26:59 GMT+0800 (CST) ] time is 562
[ Tue Aug 15 2017 16:26:59 GMT+0800 (CST) ] {"err":0,"msg":"JYUkEUCqaWuEobQYjKSGfedKwkbk5SCSVg"}
[ Tue Aug 15 2017 16:26:59 GMT+0800 (CST) ] time is 563
[ Tue Aug 15 2017 16:26:59 GMT+0800 (CST) ] {"err":0,"msg":"JcsesRdqhWChPbar5xTYzLiixdg3r9zAh9"}
[ Tue Aug 15 2017 16:26:59 GMT+0800 (CST) ] time is 562
[ Tue Aug 15 2017 16:26:59 GMT+0800 (CST) ] {"err":0,"msg":"JKwdfVM5W55hMC3XWE8XQsx5rhmmhzFVem"}
[ Tue Aug 15 2017 16:26:59 GMT+0800 (CST) ] time is 564
[ Tue Aug 15 2017 16:26:59 GMT+0800 (CST) ] {"err":0,"msg":"JNgy6hUyZyaytd5mTLjqNGLjX3a71V5B41"}
[ Tue Aug 15 2017 16:26:59 GMT+0800 (CST) ] time is 563
[ Tue Aug 15 2017 16:26:59 GMT+0800 (CST) ] {"err":0,"msg":"JP5D6kK5nQX85kZFWWAEL3DYXhpuNyjEAY"}
[ Tue Aug 15 2017 16:26:59 GMT+0800 (CST) ] time is 564
[ Tue Aug 15 2017 16:26:59 GMT+0800 (CST) ] {"err":0,"msg":"JfJ9A9aqsNDtHcZy2p5bSUdivJ46syJcCT"}
[ Tue Aug 15 2017 16:26:59 GMT+0800 (CST) ] time is 563
[ Tue Aug 15 2017 16:26:59 GMT+0800 (CST) ] {"err":0,"msg":"Jgairtgv8C15XSdqJFFxnynAih8esFFYuy"}
[ Tue Aug 15 2017 16:26:59 GMT+0800 (CST) ] time is 565
[ Tue Aug 15 2017 16:26:59 GMT+0800 (CST) ] {"err":0,"msg":"JT4o3aiH4ppPXyZqq9ZYpfVrAMm8Ei9coW"}
[ Tue Aug 15 2017 16:26:59 GMT+0800 (CST) ] time is 564
[ Tue Aug 15 2017 16:26:59 GMT+0800 (CST) ] {"err":0,"msg":"JPzQenjDi9gdaRxqtWnVnNYw3mN1C2FRK7"}
[ Tue Aug 15 2017 16:26:59 GMT+0800 (CST) ] time is 565
[ Tue Aug 15 2017 16:26:59 GMT+0800 (CST) ] {"err":0,"msg":"JLHATNtqnyduWDoRjS3dtkzDH1cpjxraZK"}
[ Tue Aug 15 2017 16:26:59 GMT+0800 (CST) ] time is 564
[ Tue Aug 15 2017 16:26:59 GMT+0800 (CST) ] {"err":0,"msg":"Jg3yudLhS1ENz43TSyGAMb452ozuSuuJ24"}
[ Tue Aug 15 2017 16:26:59 GMT+0800 (CST) ] time is 566
[ Tue Aug 15 2017 16:26:59 GMT+0800 (CST) ] {"err":0,"msg":"JeQnhDuXUKaEMoWbU3QNZsmasa8maM41Nw"}
[ Tue Aug 15 2017 16:26:59 GMT+0800 (CST) ] time is 565
[ Tue Aug 15 2017 16:26:59 GMT+0800 (CST) ] {"err":0,"msg":"JcsjJ2qC84cVw2d3P3JQ15zF3RfRYh5EG5"}
[ Tue Aug 15 2017 16:26:59 GMT+0800 (CST) ] time is 566
[ Tue Aug 15 2017 16:26:59 GMT+0800 (CST) ] {"err":0,"msg":"JZpQWLzYyQbRWDGsuWe2hjywhT2UDggdz7"}
[ Tue Aug 15 2017 16:26:59 GMT+0800 (CST) ] time is 565
[ Tue Aug 15 2017 16:26:59 GMT+0800 (CST) ] {"err":0,"msg":"JcCRz9TE3SVm1yiRjT4nR9gEZgutqUondq"}
[ Tue Aug 15 2017 16:26:59 GMT+0800 (CST) ] time is 567
[ Tue Aug 15 2017 16:26:59 GMT+0800 (CST) ] {"err":0,"msg":"JWQ2Z4XuvQ5NS87XHv3diViBkU3S1RtsAr"}
[ Tue Aug 15 2017 16:26:59 GMT+0800 (CST) ] time is 566
[ Tue Aug 15 2017 16:26:59 GMT+0800 (CST) ] {"err":0,"msg":"JRKHfCCHG7WU7tBBqAF5NhAqW69pqp3XbH"}
[ Tue Aug 15 2017 16:26:59 GMT+0800 (CST) ] time is 567
[ Tue Aug 15 2017 16:26:59 GMT+0800 (CST) ] {"err":0,"msg":"Jg1QWXmgbxLG2h6nYMG46MafpNQAdMhDub"}
[ Tue Aug 15 2017 16:26:59 GMT+0800 (CST) ] time is 566
[ Tue Aug 15 2017 16:26:59 GMT+0800 (CST) ] {"err":0,"msg":"JUwhK2vsK7gui38XnJRuteQ8VtzzPK4xFZ"}
[ Tue Aug 15 2017 16:26:59 GMT+0800 (CST) ] time is 568
[ Tue Aug 15 2017 16:26:59 GMT+0800 (CST) ] {"err":0,"msg":"JPMhsgJViMDBeP7dF58nSDJiXTAG8cwyyb"}
[ Tue Aug 15 2017 16:26:59 GMT+0800 (CST) ] time is 567
[ Tue Aug 15 2017 16:26:59 GMT+0800 (CST) ] {"err":0,"msg":"JgjBFEjtG9mMH54ZovQAebtYQSB9MfZZjX"}
[ Tue Aug 15 2017 16:26:59 GMT+0800 (CST) ] time is 568
[ Tue Aug 15 2017 16:26:59 GMT+0800 (CST) ] {"err":0,"msg":"JLLK93TTjiBBxSPsVNr8LysiRnChFUnLBN"}
[ Tue Aug 15 2017 16:26:59 GMT+0800 (CST) ] time is 567
[ Tue Aug 15 2017 16:26:59 GMT+0800 (CST) ] {"err":0,"msg":"JXMQdd1SQnBuHCvazEThy389WBQ5YdqFpY"}
[ Tue Aug 15 2017 16:26:59 GMT+0800 (CST) ] time is 569
[ Tue Aug 15 2017 16:26:59 GMT+0800 (CST) ] {"err":0,"msg":"JaAakhzXGJTMscWNfVRZ9Fmde8mG8FV5na"}
[ Tue Aug 15 2017 16:26:59 GMT+0800 (CST) ] time is 568
[ Tue Aug 15 2017 16:26:59 GMT+0800 (CST) ] {"err":0,"msg":"JVjwcv39yDg71ynvwGykv3yR3GDeieddhu"}
[ Tue Aug 15 2017 16:26:59 GMT+0800 (CST) ] time is 569
[ Tue Aug 15 2017 16:26:59 GMT+0800 (CST) ] {"err":0,"msg":"JLhN4EDx7hvKHQvMtyYSt3NuaDq3K1pvjD"}
[ Tue Aug 15 2017 16:26:59 GMT+0800 (CST) ] time is 568
[ Tue Aug 15 2017 16:26:59 GMT+0800 (CST) ] {"err":0,"msg":"JX8MssJFZCQCr81QBnT8VkSDmX3XYkZYYi"}
[ Tue Aug 15 2017 16:26:59 GMT+0800 (CST) ] time is 570
[ Tue Aug 15 2017 16:26:59 GMT+0800 (CST) ] {"err":0,"msg":"JP9b5VJ9WLbms25qxVPiELj6WRepD8by8b"}
[ Tue Aug 15 2017 16:26:59 GMT+0800 (CST) ] time is 569
[ Tue Aug 15 2017 16:26:59 GMT+0800 (CST) ] {"err":0,"msg":"JVUkqKQHXDt1d1CsS9UVDUggUnstHeHPgo"}
[ Tue Aug 15 2017 16:26:59 GMT+0800 (CST) ] time is 570
[ Tue Aug 15 2017 16:26:59 GMT+0800 (CST) ] {"err":0,"msg":"JZfya4n4x32UGM9NjV47prG4TSQaVPQTop"}
[ Tue Aug 15 2017 16:26:59 GMT+0800 (CST) ] time is 569
[ Tue Aug 15 2017 16:26:59 GMT+0800 (CST) ] {"err":0,"msg":"JJgEQHGj4WjREE4QyTzisXDQWGGNhuaXYe"}
[ Tue Aug 15 2017 16:26:59 GMT+0800 (CST) ] time is 571
[ Tue Aug 15 2017 16:26:59 GMT+0800 (CST) ] {"err":0,"msg":"JXABJ5oxggtNpZaGsFH7KZcXDLUbPdier2"}
[ Tue Aug 15 2017 16:26:59 GMT+0800 (CST) ] time is 570
[ Tue Aug 15 2017 16:26:59 GMT+0800 (CST) ] {"err":0,"msg":"JTfKjW7iSxzSoqLBoPqcRs5eUD2cVgGD1L"}
[ Tue Aug 15 2017 16:26:59 GMT+0800 (CST) ] time is 571
[ Tue Aug 15 2017 16:26:59 GMT+0800 (CST) ] {"err":0,"msg":"JLE3byNXys9wcPi3RLyoCaKg9y7nq71g8J"}
[ Tue Aug 15 2017 16:26:59 GMT+0800 (CST) ] time is 570
[ Tue Aug 15 2017 16:26:59 GMT+0800 (CST) ] {"err":0,"msg":"JUgJ3xcr1AEkwSX9fv5TeK3XfyT5SQ1cKQ"}
[ Tue Aug 15 2017 16:26:59 GMT+0800 (CST) ] time is 572
[ Tue Aug 15 2017 16:26:59 GMT+0800 (CST) ] {"err":0,"msg":"JLPpJQmbCdGL9bHY3oMxuVVgouVyBVMc8a"}
[ Tue Aug 15 2017 16:26:59 GMT+0800 (CST) ] time is 571
[ Tue Aug 15 2017 16:26:59 GMT+0800 (CST) ] {"err":0,"msg":"JWTCea7AQ1tsHJi84gXM3XwfiSU76SkrNA"}
[ Tue Aug 15 2017 16:26:59 GMT+0800 (CST) ] time is 572
[ Tue Aug 15 2017 16:26:59 GMT+0800 (CST) ] {"err":0,"msg":"JXY72mzEMHNLYRLCfmmSZ6xLFBMhxmGpUB"}
[ Tue Aug 15 2017 16:26:59 GMT+0800 (CST) ] time is 573
[ Tue Aug 15 2017 16:26:59 GMT+0800 (CST) ] {"err":0,"msg":"JZyvNtaTCoRbGrLACPTD9mKRj9FtYouZZq"}
[ Tue Aug 15 2017 16:26:59 GMT+0800 (CST) ] time is 571
[ Tue Aug 15 2017 16:26:59 GMT+0800 (CST) ] {"err":0,"msg":"JPZV8nGkJHcXMCkGS4gLnLFHL2QUWhLiHB"}
[ Tue Aug 15 2017 16:26:59 GMT+0800 (CST) ] time is 572
[ Tue Aug 15 2017 16:26:59 GMT+0800 (CST) ] {"err":0,"msg":"JPEFTpaMavtz2JCWVq6VVbeKSuucNAD2Dp"}
[ Tue Aug 15 2017 16:26:59 GMT+0800 (CST) ] time is 573
[ Tue Aug 15 2017 16:26:59 GMT+0800 (CST) ] {"err":0,"msg":"JKzSkd6V7kHgP6TCEXybig15yooPXVXAQ5"}
[ Tue Aug 15 2017 16:26:59 GMT+0800 (CST) ] time is 574
[ Tue Aug 15 2017 16:26:59 GMT+0800 (CST) ] {"err":0,"msg":"JSVxEUKiSTUaWmoHta127AFGFzRLHqBAvJ"}
[ Tue Aug 15 2017 16:26:59 GMT+0800 (CST) ] time is 572
[ Tue Aug 15 2017 16:26:59 GMT+0800 (CST) ] {"err":0,"msg":"Jbg3rXYbiJ199SXSRb1NNF8fHx7tLbCD26"}
[ Tue Aug 15 2017 16:26:59 GMT+0800 (CST) ] time is 573
[ Tue Aug 15 2017 16:26:59 GMT+0800 (CST) ] {"err":0,"msg":"JgaCha92UeSZnxigWRa86w2S1GNLMKHSgM"}
[ Tue Aug 15 2017 16:26:59 GMT+0800 (CST) ] time is 574
[ Tue Aug 15 2017 16:26:59 GMT+0800 (CST) ] {"err":0,"msg":"JbCpD3LcmQWKEgGH1yJms38LaQG4VaaZFV"}
[ Tue Aug 15 2017 16:26:59 GMT+0800 (CST) ] time is 575
[ Tue Aug 15 2017 16:26:59 GMT+0800 (CST) ] {"err":0,"msg":"JbtxsCHiKcMcuzFaBv3rBNZv6AHhFLjdft"}
[ Tue Aug 15 2017 16:26:59 GMT+0800 (CST) ] time is 573
[ Tue Aug 15 2017 16:26:59 GMT+0800 (CST) ] {"err":0,"msg":"JaGv6fRvQWcCiCevwQ4zeNH8tUcqdTPfb4"}
[ Tue Aug 15 2017 16:26:59 GMT+0800 (CST) ] time is 574
[ Tue Aug 15 2017 16:26:59 GMT+0800 (CST) ] {"err":0,"msg":"JKz6e1pbHXy743vTnF8VPETGrdABridti9"}
[ Tue Aug 15 2017 16:26:59 GMT+0800 (CST) ] time is 575
[ Tue Aug 15 2017 16:26:59 GMT+0800 (CST) ] {"err":0,"msg":"Jbqgfsowdp8D2rPeiVzhsoZ3gHBYBnzVXZ"}
[ Tue Aug 15 2017 16:26:59 GMT+0800 (CST) ] time is 576
[ Tue Aug 15 2017 16:26:59 GMT+0800 (CST) ] {"err":0,"msg":"JhaUiLhUSkQcRsYnkV8FE1Qfc2L7CyvSMH"}
[ Tue Aug 15 2017 16:26:59 GMT+0800 (CST) ] time is 574
[ Tue Aug 15 2017 16:26:59 GMT+0800 (CST) ] {"err":0,"msg":"JPxvjGFK12vh59rkSUm14FngcmD6Rmt6wQ"}
[ Tue Aug 15 2017 16:26:59 GMT+0800 (CST) ] time is 575
[ Tue Aug 15 2017 16:26:59 GMT+0800 (CST) ] {"err":0,"msg":"JLMqf6abY4vqav5i74H7PeJiMGrkEHv6sd"}
[ Tue Aug 15 2017 16:26:59 GMT+0800 (CST) ] time is 576
[ Tue Aug 15 2017 16:26:59 GMT+0800 (CST) ] {"err":0,"msg":"JLL8yerjuifK2kLDVs5UfGzfEBgipRZ6qz"}
[ Tue Aug 15 2017 16:26:59 GMT+0800 (CST) ] time is 577
[ Tue Aug 15 2017 16:26:59 GMT+0800 (CST) ] {"err":0,"msg":"JaBCBmrBgbN9tStmT2PDSYM1w5x9KBgQgc"}
[ Tue Aug 15 2017 16:26:59 GMT+0800 (CST) ] time is 575
[ Tue Aug 15 2017 16:26:59 GMT+0800 (CST) ] {"err":0,"msg":"JZB4bVNKBqs995MM5DzetBg9d2GHrKnT5e"}
[ Tue Aug 15 2017 16:26:59 GMT+0800 (CST) ] time is 576
[ Tue Aug 15 2017 16:26:59 GMT+0800 (CST) ] {"err":0,"msg":"JhXXXR8NnVsf1ydBtvrDFMHGVptXpSLjkE"}
[ Tue Aug 15 2017 16:26:59 GMT+0800 (CST) ] time is 577
[ Tue Aug 15 2017 16:26:59 GMT+0800 (CST) ] {"err":0,"msg":"JSctoWRXHwjSr1tiNys2gv3mu6jhWmBUK9"}
[ Tue Aug 15 2017 16:26:59 GMT+0800 (CST) ] time is 578
[ Tue Aug 15 2017 16:26:59 GMT+0800 (CST) ] {"err":0,"msg":"JNBE3aoVXJoeZZqMn9WNA6WVnE7Jm2nTPQ"}
[ Tue Aug 15 2017 16:26:59 GMT+0800 (CST) ] time is 576
[ Tue Aug 15 2017 16:26:59 GMT+0800 (CST) ] {"err":0,"msg":"JZa5a1AkX7ZhT1tvacZEmHJjrwJPQXbU6V"}
[ Tue Aug 15 2017 16:26:59 GMT+0800 (CST) ] time is 577
[ Tue Aug 15 2017 16:26:59 GMT+0800 (CST) ] {"err":0,"msg":"JVViLWMxjKMZpjYBRyaMVPbotq3Hp6KRQq"}
[ Tue Aug 15 2017 16:26:59 GMT+0800 (CST) ] time is 578
[ Tue Aug 15 2017 16:26:59 GMT+0800 (CST) ] {"err":0,"msg":"JZATF5XU3tzdM3jdhBtp4hH5t8qWACfYAo"}
[ Tue Aug 15 2017 16:26:59 GMT+0800 (CST) ] time is 579
[ Tue Aug 15 2017 16:26:59 GMT+0800 (CST) ] {"err":0,"msg":"JR71jo1ySCe7WnAWXt17kNokBy61EpsGTN"}
[ Tue Aug 15 2017 16:26:59 GMT+0800 (CST) ] time is 577
[ Tue Aug 15 2017 16:26:59 GMT+0800 (CST) ] {"err":0,"msg":"JTpRY9M6nTDUXjtMSgSF3nFtQecXaHVViN"}
[ Tue Aug 15 2017 16:26:59 GMT+0800 (CST) ] time is 578
[ Tue Aug 15 2017 16:26:59 GMT+0800 (CST) ] {"err":0,"msg":"Jcs6PBFPLhY5d6m9zzySop5ViV9jdx6RiE"}
[ Tue Aug 15 2017 16:26:59 GMT+0800 (CST) ] time is 579
[ Tue Aug 15 2017 16:26:59 GMT+0800 (CST) ] {"err":0,"msg":"JNKNHuoBankMZD2swpLi4WPh2WWJ3VCaPk"}
[ Tue Aug 15 2017 16:26:59 GMT+0800 (CST) ] time is 580
[ Tue Aug 15 2017 16:26:59 GMT+0800 (CST) ] {"err":0,"msg":"JQNBLLZA2Vzs56GEr7Wvr49C3sokjE2Umy"}
[ Tue Aug 15 2017 16:26:59 GMT+0800 (CST) ] time is 578
[ Tue Aug 15 2017 16:26:59 GMT+0800 (CST) ] {"err":0,"msg":"JTW2yhJT42acUCpjiWZsuk8hMRc6tka15U"}
[ Tue Aug 15 2017 16:26:59 GMT+0800 (CST) ] time is 579
[ Tue Aug 15 2017 16:26:59 GMT+0800 (CST) ] {"err":0,"msg":"JXVENtvVnbdHZaTfcvJYYNryhJ28TPMjm7"}
[ Tue Aug 15 2017 16:26:59 GMT+0800 (CST) ] time is 580
[ Tue Aug 15 2017 16:26:59 GMT+0800 (CST) ] {"err":0,"msg":"JVdZkpUoA1hrhKehhQqRn8or33jXzNtD6V"}
[ Tue Aug 15 2017 16:26:59 GMT+0800 (CST) ] time is 581
[ Tue Aug 15 2017 16:26:59 GMT+0800 (CST) ] {"err":0,"msg":"JWpnKzAq4uUcWaPidh6LrRx9C6Zha5Vvzt"}
[ Tue Aug 15 2017 16:26:59 GMT+0800 (CST) ] time is 579
[ Tue Aug 15 2017 16:26:59 GMT+0800 (CST) ] {"err":0,"msg":"JJjWDiww6Yg4SMQ9M5qzPVFNt9rXZWa2Go"}
[ Tue Aug 15 2017 16:26:59 GMT+0800 (CST) ] time is 580
[ Tue Aug 15 2017 16:26:59 GMT+0800 (CST) ] {"err":0,"msg":"JUojx2RV8fTAduriyhvUxviFeN1dcEZPKf"}
[ Tue Aug 15 2017 16:26:59 GMT+0800 (CST) ] time is 581
[ Tue Aug 15 2017 16:26:59 GMT+0800 (CST) ] {"err":0,"msg":"JKqrzNfJRZpsoByazpCCS4PgMQdkaPL7V7"}
[ Tue Aug 15 2017 16:26:59 GMT+0800 (CST) ] time is 582
[ Tue Aug 15 2017 16:26:59 GMT+0800 (CST) ] {"err":0,"msg":"JbP2Xq4AYkeyBsK55kBMnxkrvSWn1v4Jde"}
[ Tue Aug 15 2017 16:26:59 GMT+0800 (CST) ] time is 580
[ Tue Aug 15 2017 16:26:59 GMT+0800 (CST) ] {"err":0,"msg":"JZAA2zsXp6AUpkm7DToPbSjnkNrtrEoL1P"}
[ Tue Aug 15 2017 16:26:59 GMT+0800 (CST) ] time is 581
[ Tue Aug 15 2017 16:26:59 GMT+0800 (CST) ] {"err":0,"msg":"JhYKErmhNgiQPnJJpq3QwJVhX3KW59xYwu"}
[ Tue Aug 15 2017 16:27:00 GMT+0800 (CST) ] time is 582
[ Tue Aug 15 2017 16:27:00 GMT+0800 (CST) ] {"err":0,"msg":"JPGzENnUB7JCcUX2aCMByiK7aUVaYFfTdL"}
[ Tue Aug 15 2017 16:27:00 GMT+0800 (CST) ] time is 583
[ Tue Aug 15 2017 16:27:00 GMT+0800 (CST) ] {"err":0,"msg":"JXBnxahkYgiQoVVvnzAGzzq2Gb8XTb5KvZ"}
[ Tue Aug 15 2017 16:27:00 GMT+0800 (CST) ] time is 581
[ Tue Aug 15 2017 16:27:00 GMT+0800 (CST) ] {"err":0,"msg":"JXRDzC69d3gGqt84FCuSqhZXZsY3pXeH5T"}
[ Tue Aug 15 2017 16:27:00 GMT+0800 (CST) ] time is 582
[ Tue Aug 15 2017 16:27:00 GMT+0800 (CST) ] {"err":0,"msg":"JXtetzDKosbAG7B8Z7KcHi97iKzmzvsrvV"}
[ Tue Aug 15 2017 16:27:00 GMT+0800 (CST) ] time is 583
[ Tue Aug 15 2017 16:27:00 GMT+0800 (CST) ] {"err":0,"msg":"JZE3Ej6ThAgf7j2C9qyjzDmHYpjtvE3YbH"}
[ Tue Aug 15 2017 16:27:00 GMT+0800 (CST) ] time is 582
[ Tue Aug 15 2017 16:27:00 GMT+0800 (CST) ] {"err":0,"msg":"JeneAEjM6dimLZvLsVzHaEwMkmFmX76Bo3"}
[ Tue Aug 15 2017 16:27:00 GMT+0800 (CST) ] time is 584
[ Tue Aug 15 2017 16:27:00 GMT+0800 (CST) ] {"err":0,"msg":"JQAXjKb7Z6QFuFAnNFoWjwV4YW2RsVZqND"}
[ Tue Aug 15 2017 16:27:00 GMT+0800 (CST) ] time is 583
[ Tue Aug 15 2017 16:27:00 GMT+0800 (CST) ] {"err":0,"msg":"JYiBbDD7DaLMSQL39UQUwq3GF8USUrKpe7"}
[ Tue Aug 15 2017 16:27:00 GMT+0800 (CST) ] time is 584
[ Tue Aug 15 2017 16:27:00 GMT+0800 (CST) ] {"err":0,"msg":"JgxgEsUx3xNLR2YexXxhGETbix3SnfCRnA"}
[ Tue Aug 15 2017 16:27:00 GMT+0800 (CST) ] time is 583
[ Tue Aug 15 2017 16:27:00 GMT+0800 (CST) ] {"err":0,"msg":"JeMzxei1QNuPqMR53MpXACUqkzsvqjpnmv"}
[ Tue Aug 15 2017 16:27:00 GMT+0800 (CST) ] time is 585
[ Tue Aug 15 2017 16:27:00 GMT+0800 (CST) ] {"err":0,"msg":"JT8sn1veuitYGfzqPbTdaaLzKxaddG9zra"}
[ Tue Aug 15 2017 16:27:00 GMT+0800 (CST) ] time is 584
[ Tue Aug 15 2017 16:27:00 GMT+0800 (CST) ] {"err":0,"msg":"Jh1fesP1Yw2kvHyCMwF1bYMTuKYrEARdJY"}
[ Tue Aug 15 2017 16:27:00 GMT+0800 (CST) ] time is 585
[ Tue Aug 15 2017 16:27:00 GMT+0800 (CST) ] {"err":0,"msg":"JbB8ziwEpYtRNv9nrffugVoxoYJuffzNG5"}
[ Tue Aug 15 2017 16:27:00 GMT+0800 (CST) ] time is 584
[ Tue Aug 15 2017 16:27:00 GMT+0800 (CST) ] {"err":0,"msg":"JhXZFmQUnrecA8u23bRWMJYo3FXGQ3kiVJ"}
[ Tue Aug 15 2017 16:27:00 GMT+0800 (CST) ] time is 586
[ Tue Aug 15 2017 16:27:00 GMT+0800 (CST) ] {"err":0,"msg":"JVMF8G3eCEKqCYUpuYdg5Qo28VUwzqeQxV"}
[ Tue Aug 15 2017 16:27:00 GMT+0800 (CST) ] time is 585
[ Tue Aug 15 2017 16:27:00 GMT+0800 (CST) ] {"err":0,"msg":"JVmQ8AVRC9EWG6ajDoRDHc1eFaQctup1pR"}
[ Tue Aug 15 2017 16:27:00 GMT+0800 (CST) ] time is 586
[ Tue Aug 15 2017 16:27:00 GMT+0800 (CST) ] {"err":0,"msg":"JSUZgT7FAmZUXpZH4Avo8idj94ueh11TWz"}
[ Tue Aug 15 2017 16:27:00 GMT+0800 (CST) ] time is 585
[ Tue Aug 15 2017 16:27:00 GMT+0800 (CST) ] {"err":0,"msg":"Jdupup35tbLtkgp4NuP7tMUTR7TsvE2kY7"}
[ Tue Aug 15 2017 16:27:00 GMT+0800 (CST) ] time is 587
[ Tue Aug 15 2017 16:27:00 GMT+0800 (CST) ] {"err":0,"msg":"JdtKcCMFgizHfjfManYiGXwhyihY2XHmZL"}
[ Tue Aug 15 2017 16:27:00 GMT+0800 (CST) ] time is 586
[ Tue Aug 15 2017 16:27:00 GMT+0800 (CST) ] {"err":0,"msg":"Jc8iUahfRoEqzJyd77zXFGUB4oUTzx259V"}
[ Tue Aug 15 2017 16:27:00 GMT+0800 (CST) ] time is 587
[ Tue Aug 15 2017 16:27:00 GMT+0800 (CST) ] {"err":0,"msg":"JNFNwMRrQjCyEribmXKQeseSkq7CZV2isE"}
[ Tue Aug 15 2017 16:27:00 GMT+0800 (CST) ] time is 586
[ Tue Aug 15 2017 16:27:00 GMT+0800 (CST) ] {"err":0,"msg":"JSK8N5kKJJwJCJNFwqVdGPqopd5Hg55hFX"}
[ Tue Aug 15 2017 16:27:00 GMT+0800 (CST) ] time is 588
[ Tue Aug 15 2017 16:27:00 GMT+0800 (CST) ] {"err":0,"msg":"JVPcseN8FFgGaWnfcvCuVPG4kcXzKTRSJ5"}
[ Tue Aug 15 2017 16:27:00 GMT+0800 (CST) ] time is 587
[ Tue Aug 15 2017 16:27:00 GMT+0800 (CST) ] {"err":0,"msg":"JcY2CV68dywQ9kXm9bvw3KbSMmFLpT5pmR"}
[ Tue Aug 15 2017 16:27:00 GMT+0800 (CST) ] time is 588
[ Tue Aug 15 2017 16:27:00 GMT+0800 (CST) ] {"err":0,"msg":"Ja52ZVPKDyoLbguU2ESh9JQzMT2Uv6nne3"}
[ Tue Aug 15 2017 16:27:00 GMT+0800 (CST) ] time is 587
[ Tue Aug 15 2017 16:27:00 GMT+0800 (CST) ] {"err":0,"msg":"JhDegkmfT7fZmKLad9sGoht4mzRQn9bRVP"}
[ Tue Aug 15 2017 16:27:00 GMT+0800 (CST) ] time is 589
[ Tue Aug 15 2017 16:27:00 GMT+0800 (CST) ] {"err":0,"msg":"JaFiSTamgZUCR8AJz4BVWE3dYXp6f6Y3ao"}
[ Tue Aug 15 2017 16:27:00 GMT+0800 (CST) ] time is 588
[ Tue Aug 15 2017 16:27:00 GMT+0800 (CST) ] {"err":0,"msg":"JKjvXtKL7m3SVCo6ZzDJRrZRcGSWZ3dVh6"}
[ Tue Aug 15 2017 16:27:00 GMT+0800 (CST) ] time is 589
[ Tue Aug 15 2017 16:27:00 GMT+0800 (CST) ] {"err":0,"msg":"JMCTPnb356vGsdcWLsV344AXzLXX8Vd8Uz"}
[ Tue Aug 15 2017 16:27:00 GMT+0800 (CST) ] time is 588
[ Tue Aug 15 2017 16:27:00 GMT+0800 (CST) ] {"err":0,"msg":"Je4Zs3oTW8wjzpYNd1SuLapTqEcs4Xwoyi"}
[ Tue Aug 15 2017 16:27:00 GMT+0800 (CST) ] time is 590
[ Tue Aug 15 2017 16:27:00 GMT+0800 (CST) ] {"err":0,"msg":"JQaZaqhqFnPvTrV9QxJNqFgAZXh6YhfL9y"}
[ Tue Aug 15 2017 16:27:00 GMT+0800 (CST) ] time is 589
[ Tue Aug 15 2017 16:27:00 GMT+0800 (CST) ] {"err":0,"msg":"JNRG8oYMMDFQvHyy5kEjFqCAb8K9Wycye8"}
[ Tue Aug 15 2017 16:27:00 GMT+0800 (CST) ] time is 590
[ Tue Aug 15 2017 16:27:00 GMT+0800 (CST) ] {"err":0,"msg":"JgfeJCPhDD7ymieRZhNt585YGqhCpjsCY5"}
[ Tue Aug 15 2017 16:27:00 GMT+0800 (CST) ] time is 589
[ Tue Aug 15 2017 16:27:00 GMT+0800 (CST) ] {"err":0,"msg":"JehvYoAgp2ZybBUh6pwX9RVb9BYoz66B3v"}
[ Tue Aug 15 2017 16:27:00 GMT+0800 (CST) ] time is 591
[ Tue Aug 15 2017 16:27:00 GMT+0800 (CST) ] {"err":0,"msg":"Jf5dNgQoAV5eLwFxE6xQaQFT9bbuzXianm"}
[ Tue Aug 15 2017 16:27:00 GMT+0800 (CST) ] time is 590
[ Tue Aug 15 2017 16:27:00 GMT+0800 (CST) ] {"err":0,"msg":"JT57Dof1yrgk21o5tYKsV4FcNZtThBDtMb"}
[ Tue Aug 15 2017 16:27:00 GMT+0800 (CST) ] time is 591
[ Tue Aug 15 2017 16:27:00 GMT+0800 (CST) ] {"err":0,"msg":"JRcbmFCkBoqvQymfkPhNL3pysaJXLFgAvC"}
[ Tue Aug 15 2017 16:27:00 GMT+0800 (CST) ] time is 590
[ Tue Aug 15 2017 16:27:00 GMT+0800 (CST) ] {"err":0,"msg":"JQxbFnrF3RNdCUHJXSqe1nAsLGhKRxfops"}
[ Tue Aug 15 2017 16:27:00 GMT+0800 (CST) ] time is 592
[ Tue Aug 15 2017 16:27:00 GMT+0800 (CST) ] {"err":0,"msg":"Jf7wPoT45jNhQPDMWBKtWCPMAU6jjH2EJc"}
[ Tue Aug 15 2017 16:27:00 GMT+0800 (CST) ] time is 591
[ Tue Aug 15 2017 16:27:00 GMT+0800 (CST) ] {"err":0,"msg":"JbGG8UegghdLctTeLjzuykfNAQed8CZy22"}
[ Tue Aug 15 2017 16:27:00 GMT+0800 (CST) ] time is 592
[ Tue Aug 15 2017 16:27:00 GMT+0800 (CST) ] {"err":0,"msg":"JLybGm4Bzun4rRhtLXByGgdn6rXYUcuxSy"}
[ Tue Aug 15 2017 16:27:00 GMT+0800 (CST) ] time is 591
[ Tue Aug 15 2017 16:27:00 GMT+0800 (CST) ] {"err":0,"msg":"JhXek43UhVhJuWJHcSYCLp2Z9Wdwv6mm48"}
[ Tue Aug 15 2017 16:27:00 GMT+0800 (CST) ] time is 593
[ Tue Aug 15 2017 16:27:00 GMT+0800 (CST) ] {"err":0,"msg":"JcdQLU5k6aUFN9MCC7NZMTgSQjc9rKx6fT"}
[ Tue Aug 15 2017 16:27:00 GMT+0800 (CST) ] time is 592
[ Tue Aug 15 2017 16:27:00 GMT+0800 (CST) ] {"err":0,"msg":"Jh9m367531CTkeUFf7ptPHJxMNnjNz3HCr"}
[ Tue Aug 15 2017 16:27:00 GMT+0800 (CST) ] time is 593
[ Tue Aug 15 2017 16:27:00 GMT+0800 (CST) ] {"err":0,"msg":"Jhnxwh5UGB3gA5ArqcG1UZrxwgooUhgCbc"}
[ Tue Aug 15 2017 16:27:00 GMT+0800 (CST) ] time is 592
[ Tue Aug 15 2017 16:27:00 GMT+0800 (CST) ] {"err":0,"msg":"JLdEmVztqHuYB2HvbCZ6GzmoNFPJL8HixG"}
[ Tue Aug 15 2017 16:27:00 GMT+0800 (CST) ] time is 594
[ Tue Aug 15 2017 16:27:00 GMT+0800 (CST) ] {"err":0,"msg":"JRSmWgJPKHbJiBJjAbZFuPFRfvjSaXYa88"}
[ Tue Aug 15 2017 16:27:00 GMT+0800 (CST) ] time is 593
[ Tue Aug 15 2017 16:27:00 GMT+0800 (CST) ] {"err":0,"msg":"JSTAwUHb2mhBR3pgefYgPFKDEL483MBFq9"}
[ Tue Aug 15 2017 16:27:00 GMT+0800 (CST) ] time is 594
[ Tue Aug 15 2017 16:27:00 GMT+0800 (CST) ] {"err":0,"msg":"JRuREH6tnHEApfpHWr4TonH2ga59MZbYQi"}
[ Tue Aug 15 2017 16:27:00 GMT+0800 (CST) ] time is 593
[ Tue Aug 15 2017 16:27:00 GMT+0800 (CST) ] {"err":0,"msg":"JSHJ8sGe2xBvJGJJifuxduTv6cs4UaAmga"}
[ Tue Aug 15 2017 16:27:00 GMT+0800 (CST) ] time is 595
[ Tue Aug 15 2017 16:27:00 GMT+0800 (CST) ] {"err":0,"msg":"JNibQxo85Dd9QNraQcTJzdHkZ2xRJxFNAw"}
[ Tue Aug 15 2017 16:27:00 GMT+0800 (CST) ] time is 594
[ Tue Aug 15 2017 16:27:00 GMT+0800 (CST) ] {"err":0,"msg":"JSZWgkuLHh4v9x7dTFYrhTwt89dR4ft6Mv"}
[ Tue Aug 15 2017 16:27:00 GMT+0800 (CST) ] time is 595
[ Tue Aug 15 2017 16:27:00 GMT+0800 (CST) ] {"err":0,"msg":"JbCdqnKYF7ewtBo5sHzmsG66kCCDAUFcXH"}
[ Tue Aug 15 2017 16:27:00 GMT+0800 (CST) ] time is 594
[ Tue Aug 15 2017 16:27:00 GMT+0800 (CST) ] {"err":0,"msg":"JX6hQLZ852VV2oiVExtyAM1n3a5o6fZouC"}
[ Tue Aug 15 2017 16:27:00 GMT+0800 (CST) ] time is 596
[ Tue Aug 15 2017 16:27:00 GMT+0800 (CST) ] {"err":0,"msg":"JMovsfDZR6FPUkjM1zBfSWng4gnRsmuufR"}
[ Tue Aug 15 2017 16:27:00 GMT+0800 (CST) ] time is 595
[ Tue Aug 15 2017 16:27:00 GMT+0800 (CST) ] {"err":0,"msg":"JJt72LiJDJvTk3YPgneMjwcyfMAnnp4Gqq"}
[ Tue Aug 15 2017 16:27:00 GMT+0800 (CST) ] time is 596
[ Tue Aug 15 2017 16:27:00 GMT+0800 (CST) ] {"err":0,"msg":"JaSHhxr3NvpHSfTHEXfuVRXpi5z1fMYkCN"}
[ Tue Aug 15 2017 16:27:00 GMT+0800 (CST) ] time is 595
[ Tue Aug 15 2017 16:27:00 GMT+0800 (CST) ] {"err":0,"msg":"JTaqnEu9uY8xnzFBnB6QPnEyDY74ng1Qgt"}
[ Tue Aug 15 2017 16:27:00 GMT+0800 (CST) ] {"err":0,"msg":"JSgPrsKmYsF9qs4E2YKHZzmQGbb9jkh8S8"}
[ Tue Aug 15 2017 16:27:00 GMT+0800 (CST) ] time is 597
[ Tue Aug 15 2017 16:27:00 GMT+0800 (CST) ] time is 596
[ Tue Aug 15 2017 16:27:00 GMT+0800 (CST) ] {"err":0,"msg":"JUQ6FVrERovoZ4nD3XmwrP4mZj6m1MrQJZ"}
[ Tue Aug 15 2017 16:27:00 GMT+0800 (CST) ] time is 597
[ Tue Aug 15 2017 16:27:00 GMT+0800 (CST) ] {"err":0,"msg":"JYjmjG5g42VZ1fcWyqDNq4jYEHznfMQXw7"}
[ Tue Aug 15 2017 16:27:00 GMT+0800 (CST) ] time is 596
[ Tue Aug 15 2017 16:27:00 GMT+0800 (CST) ] {"err":0,"msg":"JNQY4f65QCJnfospufqacNtSD4Hde5HCtc"}
[ Tue Aug 15 2017 16:27:00 GMT+0800 (CST) ] time is 598
[ Tue Aug 15 2017 16:27:00 GMT+0800 (CST) ] {"err":0,"msg":"JWDfhvr3ukJLDbLwcgTYHHENQro8FeY4NN"}
[ Tue Aug 15 2017 16:27:00 GMT+0800 (CST) ] time is 597
[ Tue Aug 15 2017 16:27:00 GMT+0800 (CST) ] {"err":0,"msg":"JUoK4vW73f6ohHtaBWL1rgMcCBuSZXoX1p"}
[ Tue Aug 15 2017 16:27:00 GMT+0800 (CST) ] time is 598
[ Tue Aug 15 2017 16:27:00 GMT+0800 (CST) ] {"err":0,"msg":"JfP7fmyuzxAZruqfjAv4YNgZRbW5Sf9ptW"}
[ Tue Aug 15 2017 16:27:00 GMT+0800 (CST) ] time is 597
[ Tue Aug 15 2017 16:27:00 GMT+0800 (CST) ] {"err":0,"msg":"JKA4osbvxTD2R6mEfZBKdgEwN8kMyNNJhA"}
[ Tue Aug 15 2017 16:27:00 GMT+0800 (CST) ] time is 599
[ Tue Aug 15 2017 16:27:00 GMT+0800 (CST) ] {"err":0,"msg":"JTWEFWkidujvEu1q2LCARDKA8zsGmMKUwe"}
[ Tue Aug 15 2017 16:27:00 GMT+0800 (CST) ] time is 598
[ Tue Aug 15 2017 16:27:00 GMT+0800 (CST) ] {"err":0,"msg":"JXm849ixL6QEbAM3LdMsCFVoeM8u99TyQD"}
[ Tue Aug 15 2017 16:27:00 GMT+0800 (CST) ] time is 599
[ Tue Aug 15 2017 16:27:00 GMT+0800 (CST) ] {"err":0,"msg":"JQJ6gJLMss3uMsxJFvHeG4qWDeK1YLWvXY"}
[ Tue Aug 15 2017 16:27:00 GMT+0800 (CST) ] time is 598
[ Tue Aug 15 2017 16:27:00 GMT+0800 (CST) ] {"err":0,"msg":"JhKidXha9zwphMtGhM4eDFoEZobRvptSmw"}
[ Tue Aug 15 2017 16:27:00 GMT+0800 (CST) ] time is 600
[ Tue Aug 15 2017 16:27:00 GMT+0800 (CST) ] {"err":0,"msg":"JbVAHwMfrsbzQbXGhLmnhFpi2Hjn4K7qm6"}
[ Tue Aug 15 2017 16:27:00 GMT+0800 (CST) ] time is 599
[ Tue Aug 15 2017 16:27:00 GMT+0800 (CST) ] {"err":0,"msg":"JR3xUAGT2FyYcr6dx8NsefNTJW7rnyEjzs"}
[ Tue Aug 15 2017 16:27:00 GMT+0800 (CST) ] time is 600
[ Tue Aug 15 2017 16:27:00 GMT+0800 (CST) ] {"err":0,"msg":"JeuVCa2VNhr9bdhsTdiyePnefgGA9z2ZRg"}
[ Tue Aug 15 2017 16:27:00 GMT+0800 (CST) ] time is 599
[ Tue Aug 15 2017 16:27:00 GMT+0800 (CST) ] {"err":0,"msg":"JXjghPebU5rqH9zNmzN3WJs9pX7Vk5SAUc"}
[ Tue Aug 15 2017 16:27:00 GMT+0800 (CST) ] time is 601
[ Tue Aug 15 2017 16:27:00 GMT+0800 (CST) ] {"err":0,"msg":"JNyFE3CzjQNkHV4nNqpuS1wNnqNZ7jDveV"}
[ Tue Aug 15 2017 16:27:00 GMT+0800 (CST) ] time is 600
[ Tue Aug 15 2017 16:27:00 GMT+0800 (CST) ] {"err":0,"msg":"JcHnLhg8v3N5iYsnLkP16FgL468hGkKm4t"}
[ Tue Aug 15 2017 16:27:00 GMT+0800 (CST) ] time is 601
[ Tue Aug 15 2017 16:27:00 GMT+0800 (CST) ] {"err":0,"msg":"JfLoC4fkdBcSjq97k6LX9CUYLjFkHU2cp8"}
[ Tue Aug 15 2017 16:27:00 GMT+0800 (CST) ] time is 600
[ Tue Aug 15 2017 16:27:00 GMT+0800 (CST) ] {"err":0,"msg":"JfNP5QR5CuBAtAhtXgWHWYsYiYc4TWN3p4"}
[ Tue Aug 15 2017 16:27:01 GMT+0800 (CST) ] time is 602
[ Tue Aug 15 2017 16:27:01 GMT+0800 (CST) ] {"err":0,"msg":"Jc2n9dQwZi2BM6rGVYDGBZRnHNjWsrjjEa"}
[ Tue Aug 15 2017 16:27:01 GMT+0800 (CST) ] time is 601
[ Tue Aug 15 2017 16:27:01 GMT+0800 (CST) ] {"err":0,"msg":"JPzYSTzxPWMofpks6iDKjPKvUUwak3XFHe"}
[ Tue Aug 15 2017 16:27:01 GMT+0800 (CST) ] time is 602
[ Tue Aug 15 2017 16:27:01 GMT+0800 (CST) ] {"err":0,"msg":"JfUUL57NmJhVtFVTKAy2eMH8u5QnEArD5V"}
[ Tue Aug 15 2017 16:27:01 GMT+0800 (CST) ] time is 601
[ Tue Aug 15 2017 16:27:01 GMT+0800 (CST) ] {"err":0,"msg":"JLKsRBViGBmaKGL4agYPrVyF57WGHTUnRg"}
[ Tue Aug 15 2017 16:27:01 GMT+0800 (CST) ] time is 603
[ Tue Aug 15 2017 16:27:01 GMT+0800 (CST) ] {"err":0,"msg":"JeaeBh87fZDvqpnGcCfZhNYFs89fQ37ZED"}
[ Tue Aug 15 2017 16:27:01 GMT+0800 (CST) ] time is 602
[ Tue Aug 15 2017 16:27:01 GMT+0800 (CST) ] {"err":0,"msg":"JbWRj9QvjzszreTyoiAq4UjF1kdevJKJTo"}
[ Tue Aug 15 2017 16:27:01 GMT+0800 (CST) ] time is 603
[ Tue Aug 15 2017 16:27:01 GMT+0800 (CST) ] {"err":0,"msg":"JaR8pnofNAk6LmVsYLZ8952VC5AQ822KmW"}
[ Tue Aug 15 2017 16:27:01 GMT+0800 (CST) ] time is 602
[ Tue Aug 15 2017 16:27:01 GMT+0800 (CST) ] {"err":0,"msg":"JeQdK3AoeTEBxHQEjcLbh1JBiswMTizzoP"}
[ Tue Aug 15 2017 16:27:01 GMT+0800 (CST) ] time is 604
[ Tue Aug 15 2017 16:27:01 GMT+0800 (CST) ] {"err":0,"msg":"JVNWcThKmynjVqUgkk9CKr1Nh3cCLeSuTG"}
[ Tue Aug 15 2017 16:27:01 GMT+0800 (CST) ] time is 603
[ Tue Aug 15 2017 16:27:01 GMT+0800 (CST) ] {"err":0,"msg":"JJwk46vKANdg3PzVstS92GrtXtZENSa3FP"}
[ Tue Aug 15 2017 16:27:01 GMT+0800 (CST) ] time is 604
[ Tue Aug 15 2017 16:27:01 GMT+0800 (CST) ] {"err":0,"msg":"JdVfXi1h18P9nkDNzwWCyDoTq6y4oqZ3gi"}
[ Tue Aug 15 2017 16:27:01 GMT+0800 (CST) ] time is 603
[ Tue Aug 15 2017 16:27:01 GMT+0800 (CST) ] {"err":0,"msg":"JegKaMvcDoYKbAewZMk5CQPiZU466EK6rA"}
[ Tue Aug 15 2017 16:27:01 GMT+0800 (CST) ] time is 605
[ Tue Aug 15 2017 16:27:01 GMT+0800 (CST) ] {"err":0,"msg":"JZLLhcLe2JwZdfYE7fDy2yA772QCDK1LzX"}
[ Tue Aug 15 2017 16:27:01 GMT+0800 (CST) ] time is 604
[ Tue Aug 15 2017 16:27:01 GMT+0800 (CST) ] {"err":0,"msg":"JeH15oaWEPaXZgeUFckhKrt7SCukuQJN9d"}
[ Tue Aug 15 2017 16:27:01 GMT+0800 (CST) ] time is 605
[ Tue Aug 15 2017 16:27:01 GMT+0800 (CST) ] {"err":0,"msg":"JeMBQpXa4iTNjvLfRF9yFZjLT1PwnnC9tT"}
[ Tue Aug 15 2017 16:27:01 GMT+0800 (CST) ] time is 604
[ Tue Aug 15 2017 16:27:01 GMT+0800 (CST) ] {"err":0,"msg":"JcyWM7NAWnyfV2YiFywakoiBDZV1N47TLx"}
[ Tue Aug 15 2017 16:27:01 GMT+0800 (CST) ] time is 606
[ Tue Aug 15 2017 16:27:01 GMT+0800 (CST) ] {"err":0,"msg":"JSUkbZW48rTjLfArLmpiSfE1XGJxBXQYHG"}
[ Tue Aug 15 2017 16:27:01 GMT+0800 (CST) ] time is 605
[ Tue Aug 15 2017 16:27:01 GMT+0800 (CST) ] {"err":0,"msg":"Jfz7yQHUtYcWDw5EcMVLCXKMVa4rgk1p3V"}
[ Tue Aug 15 2017 16:27:01 GMT+0800 (CST) ] time is 606
[ Tue Aug 15 2017 16:27:01 GMT+0800 (CST) ] {"err":0,"msg":"JUA9JfzTmbGwmnhhCrwampx8DMKAhDHMNc"}
[ Tue Aug 15 2017 16:27:01 GMT+0800 (CST) ] time is 605
[ Tue Aug 15 2017 16:27:01 GMT+0800 (CST) ] {"err":0,"msg":"JWPXKEjTRfC94Fa1XdmeHYA9VRh6PRk7ap"}
[ Tue Aug 15 2017 16:27:01 GMT+0800 (CST) ] time is 607
[ Tue Aug 15 2017 16:27:01 GMT+0800 (CST) ] {"err":0,"msg":"JfCuTXJdoyuoMf9ydDPk4VhnAcYQoLhvih"}
[ Tue Aug 15 2017 16:27:01 GMT+0800 (CST) ] time is 606
[ Tue Aug 15 2017 16:27:01 GMT+0800 (CST) ] {"err":0,"msg":"JU5pAhVZRdG5uXgjYXdgKzVDmYCbFQ8yhj"}
[ Tue Aug 15 2017 16:27:01 GMT+0800 (CST) ] time is 607
[ Tue Aug 15 2017 16:27:01 GMT+0800 (CST) ] {"err":0,"msg":"JhZgDTYACwVcCouxzCRjg3ns183S8RmnoW"}
[ Tue Aug 15 2017 16:27:01 GMT+0800 (CST) ] time is 606
[ Tue Aug 15 2017 16:27:01 GMT+0800 (CST) ] {"err":0,"msg":"JLHaHFXqJapHku6S6qNyPcFxmcoBptLnCs"}
[ Tue Aug 15 2017 16:27:01 GMT+0800 (CST) ] time is 608
[ Tue Aug 15 2017 16:27:01 GMT+0800 (CST) ] {"err":0,"msg":"JbdjbsodwfTiS2YFMxfsmdoXW61sbXPhnj"}
[ Tue Aug 15 2017 16:27:01 GMT+0800 (CST) ] time is 607
[ Tue Aug 15 2017 16:27:01 GMT+0800 (CST) ] {"err":0,"msg":"JZi6d5eKfivd4vyvjYQVTzs1D4ngWHvvri"}
[ Tue Aug 15 2017 16:27:01 GMT+0800 (CST) ] time is 608
[ Tue Aug 15 2017 16:27:01 GMT+0800 (CST) ] {"err":0,"msg":"JfXPr4zxQvkGDLoEqbfGqGJTfiqVLmMZu2"}
[ Tue Aug 15 2017 16:27:01 GMT+0800 (CST) ] time is 607
[ Tue Aug 15 2017 16:27:01 GMT+0800 (CST) ] {"err":0,"msg":"JL77YEooMVKbS71zVaZ65cD9A2KGptkKPM"}
[ Tue Aug 15 2017 16:27:01 GMT+0800 (CST) ] time is 609
[ Tue Aug 15 2017 16:27:01 GMT+0800 (CST) ] {"err":0,"msg":"JbCfLo63GkFcJmAL65AbTSMCnbFFsQoQak"}
[ Tue Aug 15 2017 16:27:01 GMT+0800 (CST) ] time is 608
[ Tue Aug 15 2017 16:27:01 GMT+0800 (CST) ] {"err":0,"msg":"JRv8r2YNQeTPUJrYX2PLTZQiF9E3YY66Qb"}
[ Tue Aug 15 2017 16:27:01 GMT+0800 (CST) ] time is 609
[ Tue Aug 15 2017 16:27:01 GMT+0800 (CST) ] {"err":0,"msg":"Jaoj3MnYU3ABcnGsacX4aGPCvKVsTFycjf"}
[ Tue Aug 15 2017 16:27:01 GMT+0800 (CST) ] time is 608
[ Tue Aug 15 2017 16:27:01 GMT+0800 (CST) ] {"err":0,"msg":"JVRaiD9hBqHbY4w4hSRF4sy2Kt9q15jRT9"}
[ Tue Aug 15 2017 16:27:01 GMT+0800 (CST) ] time is 610
[ Tue Aug 15 2017 16:27:01 GMT+0800 (CST) ] {"err":0,"msg":"JZM8LpdbikbLCE22QMfyVHTg1C6Wc9Zox3"}
[ Tue Aug 15 2017 16:27:01 GMT+0800 (CST) ] time is 609
[ Tue Aug 15 2017 16:27:01 GMT+0800 (CST) ] {"err":0,"msg":"JSKp5ruZTMywyXvQxX15NgYswRPmQhyHRu"}
[ Tue Aug 15 2017 16:27:01 GMT+0800 (CST) ] time is 610
[ Tue Aug 15 2017 16:27:01 GMT+0800 (CST) ] {"err":0,"msg":"JbsV2Y7eUqT25UUsHUiJzyj8zJ9buEfT1J"}
[ Tue Aug 15 2017 16:27:01 GMT+0800 (CST) ] time is 609
[ Tue Aug 15 2017 16:27:01 GMT+0800 (CST) ] {"err":0,"msg":"JRsKoNdz5g6jT3zKg62ra4Qwt3eS24EpUg"}
[ Tue Aug 15 2017 16:27:01 GMT+0800 (CST) ] time is 611
[ Tue Aug 15 2017 16:27:01 GMT+0800 (CST) ] {"err":0,"msg":"JckwirTK4pxYmEz6h7MkWiyMU9wvcTV1jz"}
[ Tue Aug 15 2017 16:27:01 GMT+0800 (CST) ] time is 610
[ Tue Aug 15 2017 16:27:01 GMT+0800 (CST) ] {"err":0,"msg":"JM75CD8YaWNiPCnre9iE18FJZNK63TD1iV"}
[ Tue Aug 15 2017 16:27:01 GMT+0800 (CST) ] time is 611
[ Tue Aug 15 2017 16:27:01 GMT+0800 (CST) ] {"err":0,"msg":"JYeR63RF16KfwQSmtunRsmAmzdStQ5PqSH"}
[ Tue Aug 15 2017 16:27:01 GMT+0800 (CST) ] time is 610
[ Tue Aug 15 2017 16:27:01 GMT+0800 (CST) ] {"err":0,"msg":"JSnw7euMm2bVpYCNCyBoB18L7anSkp4ghj"}
[ Tue Aug 15 2017 16:27:01 GMT+0800 (CST) ] time is 612
[ Tue Aug 15 2017 16:27:01 GMT+0800 (CST) ] {"err":0,"msg":"JQNX7sHCqquQrUCKWcPGtx8fgErYW8fop2"}
[ Tue Aug 15 2017 16:27:01 GMT+0800 (CST) ] time is 611
[ Tue Aug 15 2017 16:27:01 GMT+0800 (CST) ] {"err":0,"msg":"JUWmqmhBcFy6e6by6HuHLB2o8g2k2XN9WG"}
[ Tue Aug 15 2017 16:27:01 GMT+0800 (CST) ] time is 612
[ Tue Aug 15 2017 16:27:01 GMT+0800 (CST) ] {"err":0,"msg":"JZUWbne3ptszhyBQ1WiHxQrW6cvLftiSWd"}
[ Tue Aug 15 2017 16:27:01 GMT+0800 (CST) ] time is 611
[ Tue Aug 15 2017 16:27:01 GMT+0800 (CST) ] {"err":0,"msg":"JRMTkuAFvXBbRxsTRr7hwAm4r4m5JmkDVz"}
[ Tue Aug 15 2017 16:27:01 GMT+0800 (CST) ] time is 613
[ Tue Aug 15 2017 16:27:01 GMT+0800 (CST) ] {"err":0,"msg":"JQwBjafBHR3Z1pxAbboTwPhc9tQeoxLLP3"}
[ Tue Aug 15 2017 16:27:01 GMT+0800 (CST) ] time is 612
[ Tue Aug 15 2017 16:27:01 GMT+0800 (CST) ] {"err":0,"msg":"JS5qeWS25H4w9YeVY1Rms2uqht1goYss9z"}
[ Tue Aug 15 2017 16:27:01 GMT+0800 (CST) ] time is 613
[ Tue Aug 15 2017 16:27:01 GMT+0800 (CST) ] {"err":0,"msg":"JRZxnkrwmYrQkESiLx8B5zSLuwQDXSp1bo"}
[ Tue Aug 15 2017 16:27:01 GMT+0800 (CST) ] time is 612
[ Tue Aug 15 2017 16:27:01 GMT+0800 (CST) ] {"err":0,"msg":"JPcWmBH2bo4JQFPQvo4nAHBeweJaz6ekXN"}
[ Tue Aug 15 2017 16:27:01 GMT+0800 (CST) ] time is 614
[ Tue Aug 15 2017 16:27:01 GMT+0800 (CST) ] {"err":0,"msg":"JMngYCaxm3kcaEdDXxzXb18zs9BbCKwZ3g"}
[ Tue Aug 15 2017 16:27:01 GMT+0800 (CST) ] time is 613
[ Tue Aug 15 2017 16:27:01 GMT+0800 (CST) ] {"err":0,"msg":"JTfwJWi8fYoVP2hXkiNAGJMuZCQVhdFn5r"}
[ Tue Aug 15 2017 16:27:01 GMT+0800 (CST) ] time is 614
[ Tue Aug 15 2017 16:27:01 GMT+0800 (CST) ] {"err":0,"msg":"JfTrNAHKNMEct2H9vLYG2A5FQMmkeMDSFb"}
[ Tue Aug 15 2017 16:27:01 GMT+0800 (CST) ] time is 613
[ Tue Aug 15 2017 16:27:01 GMT+0800 (CST) ] {"err":0,"msg":"JLWvc5gvXY6Ef9PMUm6i9qG9Ubq3HyBqdi"}
[ Tue Aug 15 2017 16:27:01 GMT+0800 (CST) ] time is 615
[ Tue Aug 15 2017 16:27:01 GMT+0800 (CST) ] {"err":0,"msg":"JhAauKn8c9pZJWMsoBnVs81gLBeAdtrSrW"}
[ Tue Aug 15 2017 16:27:01 GMT+0800 (CST) ] time is 614
[ Tue Aug 15 2017 16:27:01 GMT+0800 (CST) ] {"err":0,"msg":"JTzQYeGYJRuMDuF7b4HjEciaYAd2d6iKjd"}
[ Tue Aug 15 2017 16:27:01 GMT+0800 (CST) ] time is 615
[ Tue Aug 15 2017 16:27:01 GMT+0800 (CST) ] {"err":0,"msg":"JMd6rTSvV1bYjej5ZBs5Wc89soxaPN4xVW"}
[ Tue Aug 15 2017 16:27:01 GMT+0800 (CST) ] time is 614
[ Tue Aug 15 2017 16:27:01 GMT+0800 (CST) ] {"err":0,"msg":"JQDGPEQNASoyubdneue1WmRrWsiRiooPqv"}
[ Tue Aug 15 2017 16:27:01 GMT+0800 (CST) ] time is 616
[ Tue Aug 15 2017 16:27:01 GMT+0800 (CST) ] {"err":0,"msg":"JccfNmYVRG66HMhZwXttrD5XHrkq2g3djC"}
[ Tue Aug 15 2017 16:27:01 GMT+0800 (CST) ] time is 615
[ Tue Aug 15 2017 16:27:01 GMT+0800 (CST) ] {"err":0,"msg":"JdvdkqUYJUsRzoAefehemz2CTghtFfYFBB"}
[ Tue Aug 15 2017 16:27:01 GMT+0800 (CST) ] time is 616
[ Tue Aug 15 2017 16:27:01 GMT+0800 (CST) ] {"err":0,"msg":"JZWUqRSUvLH4GmzmppLnw2Dhb51iTCLc4R"}
[ Tue Aug 15 2017 16:27:01 GMT+0800 (CST) ] time is 615
[ Tue Aug 15 2017 16:27:01 GMT+0800 (CST) ] {"err":0,"msg":"JcUnbVQ1ucw1d5BcJh3MxDBjkVi2vYasmf"}
[ Tue Aug 15 2017 16:27:01 GMT+0800 (CST) ] time is 617
[ Tue Aug 15 2017 16:27:01 GMT+0800 (CST) ] {"err":0,"msg":"JUwHuJaxo7aMjK6FfRJvErJgcM7mby98vc"}
[ Tue Aug 15 2017 16:27:01 GMT+0800 (CST) ] time is 616
[ Tue Aug 15 2017 16:27:01 GMT+0800 (CST) ] {"err":0,"msg":"JM9vFvJTYxsmLGzzRk2qzy9B6dftsaWR89"}
[ Tue Aug 15 2017 16:27:01 GMT+0800 (CST) ] time is 617
[ Tue Aug 15 2017 16:27:01 GMT+0800 (CST) ] {"err":0,"msg":"Ja1Djy2DAreqKyinmu8CsFVBm6BnFqkLCv"}
[ Tue Aug 15 2017 16:27:01 GMT+0800 (CST) ] time is 616
[ Tue Aug 15 2017 16:27:01 GMT+0800 (CST) ] {"err":0,"msg":"Jav7zubYQ9SqNt5VMK2ZEmAp4wSEGvxW4e"}
[ Tue Aug 15 2017 16:27:01 GMT+0800 (CST) ] time is 618
[ Tue Aug 15 2017 16:27:01 GMT+0800 (CST) ] {"err":0,"msg":"JRHs8KcSf4JmtAUnvRCWSadn7m5EXN7hDS"}
[ Tue Aug 15 2017 16:27:01 GMT+0800 (CST) ] time is 617
[ Tue Aug 15 2017 16:27:01 GMT+0800 (CST) ] {"err":0,"msg":"JXVv57BdqhCwjw2EMGDKrm1YTznt59jw9D"}
[ Tue Aug 15 2017 16:27:01 GMT+0800 (CST) ] time is 618
[ Tue Aug 15 2017 16:27:01 GMT+0800 (CST) ] {"err":0,"msg":"JUfoKxpLCkBhZKLuhrNbLRL4MG3bGTB1Tn"}
[ Tue Aug 15 2017 16:27:01 GMT+0800 (CST) ] time is 617
[ Tue Aug 15 2017 16:27:01 GMT+0800 (CST) ] {"err":0,"msg":"JbrPhDYVBNXjSQkiBgZHiuQyxh4Bv6hSRt"}
[ Tue Aug 15 2017 16:27:01 GMT+0800 (CST) ] time is 619
[ Tue Aug 15 2017 16:27:01 GMT+0800 (CST) ] {"err":0,"msg":"JLwNbBsLy3hhbdjnZqcA6zNbD8GQxagXy7"}
[ Tue Aug 15 2017 16:27:01 GMT+0800 (CST) ] time is 618
[ Tue Aug 15 2017 16:27:01 GMT+0800 (CST) ] {"err":0,"msg":"JZJAx61A66eT4NXuuRhwvnDgkZAQxuC1YG"}
[ Tue Aug 15 2017 16:27:01 GMT+0800 (CST) ] time is 619
[ Tue Aug 15 2017 16:27:01 GMT+0800 (CST) ] {"err":0,"msg":"Jco53rY1ErqUiJyuMdG71ASZXmXVzv2Gxq"}
[ Tue Aug 15 2017 16:27:01 GMT+0800 (CST) ] time is 618
[ Tue Aug 15 2017 16:27:01 GMT+0800 (CST) ] {"err":0,"msg":"JVYVRdCAFNMfSmmFfPMC3GNTgbyMR9SHcw"}
[ Tue Aug 15 2017 16:27:01 GMT+0800 (CST) ] time is 620
[ Tue Aug 15 2017 16:27:01 GMT+0800 (CST) ] {"err":0,"msg":"JSrEcfs2q8CDnihQUnrRFsxFoLM5uictjx"}
[ Tue Aug 15 2017 16:27:02 GMT+0800 (CST) ] time is 619
[ Tue Aug 15 2017 16:27:02 GMT+0800 (CST) ] {"err":0,"msg":"JdngBRyQDJn5CXfVU6ugpWzsTRQM2gCeNN"}
[ Tue Aug 15 2017 16:27:02 GMT+0800 (CST) ] time is 620
[ Tue Aug 15 2017 16:27:02 GMT+0800 (CST) ] {"err":0,"msg":"JdNEoFuMzwye3Cvv2LaTUnArUiv6gsxRKD"}
[ Tue Aug 15 2017 16:27:02 GMT+0800 (CST) ] time is 619
[ Tue Aug 15 2017 16:27:02 GMT+0800 (CST) ] {"err":0,"msg":"JX3umKAwbnPrWB76mrZxVzACCs7nxr3b58"}
[ Tue Aug 15 2017 16:27:02 GMT+0800 (CST) ] {"err":0,"msg":"JX2p9tWxnb7qvscAZ2yaL66VNe7B1nPZbA"}
[ Tue Aug 15 2017 16:27:02 GMT+0800 (CST) ] time is 621
[ Tue Aug 15 2017 16:27:02 GMT+0800 (CST) ] time is 620
[ Tue Aug 15 2017 16:27:02 GMT+0800 (CST) ] {"err":0,"msg":"JRinW1CaA4iGqjCFxCF8rNuhk89zKEThxt"}
[ Tue Aug 15 2017 16:27:02 GMT+0800 (CST) ] time is 621
[ Tue Aug 15 2017 16:27:02 GMT+0800 (CST) ] {"err":0,"msg":"JV7c6Zmwp3SEfDukwFPEhrkk8Dmco24xUM"}
[ Tue Aug 15 2017 16:27:02 GMT+0800 (CST) ] time is 620
[ Tue Aug 15 2017 16:27:02 GMT+0800 (CST) ] {"err":0,"msg":"JVcJ7qeBG1SHHNNzbLDtQwgzQ8YnP2nAPQ"}
[ Tue Aug 15 2017 16:27:02 GMT+0800 (CST) ] time is 622
[ Tue Aug 15 2017 16:27:02 GMT+0800 (CST) ] {"err":0,"msg":"JTMfMvUpRQsFjDfWx9PB63uhJqKbtHqUBh"}
[ Tue Aug 15 2017 16:27:02 GMT+0800 (CST) ] time is 621
[ Tue Aug 15 2017 16:27:02 GMT+0800 (CST) ] {"err":0,"msg":"JRNkuVioiMmtGBVHZSNLgNaCGskkmU8SiA"}
[ Tue Aug 15 2017 16:27:02 GMT+0800 (CST) ] time is 622
[ Tue Aug 15 2017 16:27:02 GMT+0800 (CST) ] {"err":0,"msg":"JhHfTtmbDAsE1CtZSucGctiEt8Zpu9DEEj"}
[ Tue Aug 15 2017 16:27:02 GMT+0800 (CST) ] time is 621
[ Tue Aug 15 2017 16:27:02 GMT+0800 (CST) ] {"err":0,"msg":"JSV7nkwCbc4VUQDZNGEq5wBHgG18Y3mzxP"}
[ Tue Aug 15 2017 16:27:02 GMT+0800 (CST) ] time is 623
[ Tue Aug 15 2017 16:27:02 GMT+0800 (CST) ] {"err":0,"msg":"JVKm8F8ztXf835D8QdfsCXyDoNAuJ6znjD"}
[ Tue Aug 15 2017 16:27:02 GMT+0800 (CST) ] time is 622
[ Tue Aug 15 2017 16:27:02 GMT+0800 (CST) ] {"err":0,"msg":"JUfLtmGSg4exrPkyMRyGaRkruvovoasr5a"}
[ Tue Aug 15 2017 16:27:02 GMT+0800 (CST) ] time is 623
[ Tue Aug 15 2017 16:27:02 GMT+0800 (CST) ] {"err":0,"msg":"JVSygsFjTM3m8nAM7Rz5pZCPuZDZA6tKaN"}
[ Tue Aug 15 2017 16:27:02 GMT+0800 (CST) ] time is 622
[ Tue Aug 15 2017 16:27:02 GMT+0800 (CST) ] {"err":0,"msg":"JS3aLbV95eN6b5LnzxTvRHEfkm3MsAu1X3"}
[ Tue Aug 15 2017 16:27:02 GMT+0800 (CST) ] time is 624
[ Tue Aug 15 2017 16:27:02 GMT+0800 (CST) ] {"err":0,"msg":"JUasPiua8PW57JdkcdfR44XqeL9ukDXU6Z"}
[ Tue Aug 15 2017 16:27:02 GMT+0800 (CST) ] time is 623
[ Tue Aug 15 2017 16:27:02 GMT+0800 (CST) ] {"err":0,"msg":"JhUsmhX4MnxeLk4uWT3hrVtnv3Dhna9LH6"}
[ Tue Aug 15 2017 16:27:02 GMT+0800 (CST) ] time is 624
[ Tue Aug 15 2017 16:27:02 GMT+0800 (CST) ] {"err":0,"msg":"JN5NrFRRwdsGXDQ37DZm33nnxn5aoyyXmJ"}
[ Tue Aug 15 2017 16:27:02 GMT+0800 (CST) ] time is 623
[ Tue Aug 15 2017 16:27:02 GMT+0800 (CST) ] {"err":0,"msg":"JbEsGBY8c7cPxq6Qv4Y9pDpCbGgFKVhmRW"}
[ Tue Aug 15 2017 16:27:02 GMT+0800 (CST) ] time is 625
[ Tue Aug 15 2017 16:27:02 GMT+0800 (CST) ] {"err":0,"msg":"Jgtbc7u7m9iKDCyB7udAuyZSdRSwa8ba7A"}
[ Tue Aug 15 2017 16:27:02 GMT+0800 (CST) ] time is 624
[ Tue Aug 15 2017 16:27:02 GMT+0800 (CST) ] {"err":0,"msg":"JMXfwKYKM3HyXxSG9fVv3woi91TE6bYQtF"}
[ Tue Aug 15 2017 16:27:02 GMT+0800 (CST) ] time is 625
[ Tue Aug 15 2017 16:27:02 GMT+0800 (CST) ] {"err":0,"msg":"JNGzZJmLhW3bhXpSJLHncswBGzDNWjVkgt"}
[ Tue Aug 15 2017 16:27:02 GMT+0800 (CST) ] time is 624
[ Tue Aug 15 2017 16:27:02 GMT+0800 (CST) ] {"err":0,"msg":"JgKbBn7M7mVqA7xu93ao1zPMz7CEjQs13r"}
[ Tue Aug 15 2017 16:27:02 GMT+0800 (CST) ] time is 626
[ Tue Aug 15 2017 16:27:02 GMT+0800 (CST) ] {"err":0,"msg":"JNSXRH2U7JCdHPJsB2S5LiPPXKrARVpQYc"}
[ Tue Aug 15 2017 16:27:02 GMT+0800 (CST) ] time is 625
[ Tue Aug 15 2017 16:27:02 GMT+0800 (CST) ] {"err":0,"msg":"Ja85uCwn7mJ4QHyBmq4z7vrLHAhonNhWA1"}
[ Tue Aug 15 2017 16:27:02 GMT+0800 (CST) ] time is 626
[ Tue Aug 15 2017 16:27:02 GMT+0800 (CST) ] {"err":0,"msg":"JfoFjvzSo4M3uKCe4x3LCSHTJzAxjodUt3"}
[ Tue Aug 15 2017 16:27:02 GMT+0800 (CST) ] time is 625
[ Tue Aug 15 2017 16:27:02 GMT+0800 (CST) ] {"err":0,"msg":"JWj2hofJZ5neXBsxHqKv1bdGULBbriUfn8"}
[ Tue Aug 15 2017 16:27:02 GMT+0800 (CST) ] time is 627
[ Tue Aug 15 2017 16:27:02 GMT+0800 (CST) ] {"err":0,"msg":"JQyj7Lpo682bYcKShNcjQmkCFRNR6xwFyf"}
[ Tue Aug 15 2017 16:27:02 GMT+0800 (CST) ] time is 626
[ Tue Aug 15 2017 16:27:02 GMT+0800 (CST) ] {"err":0,"msg":"JMWe3pYQb4sqUQvXKh8hFXqqWJiJGuai7v"}
[ Tue Aug 15 2017 16:27:02 GMT+0800 (CST) ] time is 627
[ Tue Aug 15 2017 16:27:02 GMT+0800 (CST) ] {"err":0,"msg":"JczsfovkPw6GTbPdpGwrGuA2mumdcWKZBf"}
[ Tue Aug 15 2017 16:27:02 GMT+0800 (CST) ] time is 626
[ Tue Aug 15 2017 16:27:02 GMT+0800 (CST) ] {"err":0,"msg":"JTcmqsGmqt1coLsxAaPxw89cz4zMbJyYsM"}
[ Tue Aug 15 2017 16:27:02 GMT+0800 (CST) ] time is 628
[ Tue Aug 15 2017 16:27:02 GMT+0800 (CST) ] {"err":0,"msg":"JdD9vPdzvB7pPkENNXige4ekXTE5P4mtC5"}
[ Tue Aug 15 2017 16:27:02 GMT+0800 (CST) ] time is 627
[ Tue Aug 15 2017 16:27:02 GMT+0800 (CST) ] {"err":0,"msg":"JL3LnTXdxvWsmqzTFxFKGRuCzzzQgkvf4U"}
[ Tue Aug 15 2017 16:27:02 GMT+0800 (CST) ] time is 628
[ Tue Aug 15 2017 16:27:02 GMT+0800 (CST) ] {"err":0,"msg":"JYoziETJwH7PSrddbgG4xgHSTwaTT46C7F"}
[ Tue Aug 15 2017 16:27:02 GMT+0800 (CST) ] time is 627
[ Tue Aug 15 2017 16:27:02 GMT+0800 (CST) ] {"err":0,"msg":"JYs9WsDn4uSVayLLzfJECmhQUyE6hizXRd"}
[ Tue Aug 15 2017 16:27:02 GMT+0800 (CST) ] time is 629
[ Tue Aug 15 2017 16:27:02 GMT+0800 (CST) ] {"err":0,"msg":"JaX5VmwsMfbAMYSF1XjWWe1KGmx1phze1g"}
[ Tue Aug 15 2017 16:27:02 GMT+0800 (CST) ] {"err":0,"msg":"JS4mUGWRmpdnWfrmf6tkzkUEjoTN7Tjz4m"}
[ Tue Aug 15 2017 16:27:02 GMT+0800 (CST) ] time is 628
[ Tue Aug 15 2017 16:27:02 GMT+0800 (CST) ] time is 629
[ Tue Aug 15 2017 16:27:02 GMT+0800 (CST) ] {"err":0,"msg":"JMY5qxNmAo5yUWqxUYjJN1myy7rSfGAhTH"}
[ Tue Aug 15 2017 16:27:02 GMT+0800 (CST) ] {"err":0,"msg":"JaECZmvNAdJRED9QKU3jznHoDCenKCD8sq"}
[ Tue Aug 15 2017 16:27:02 GMT+0800 (CST) ] time is 628
[ Tue Aug 15 2017 16:27:02 GMT+0800 (CST) ] time is 630
[ Tue Aug 15 2017 16:27:02 GMT+0800 (CST) ] {"err":0,"msg":"JSFVjhQFx5RaNAoXTiQkt3o3kdtACf4uZ9"}
[ Tue Aug 15 2017 16:27:02 GMT+0800 (CST) ] time is 629
[ Tue Aug 15 2017 16:27:02 GMT+0800 (CST) ] {"err":0,"msg":"JTrz2tep4rew6ZMjEGEtqkpGY9eXBDv3k9"}
[ Tue Aug 15 2017 16:27:02 GMT+0800 (CST) ] time is 630
[ Tue Aug 15 2017 16:27:02 GMT+0800 (CST) ] {"err":0,"msg":"JNFMUDRqWXqXy6vj3TVYsk1Rzxwh5mwdEp"}
[ Tue Aug 15 2017 16:27:02 GMT+0800 (CST) ] time is 629
[ Tue Aug 15 2017 16:27:02 GMT+0800 (CST) ] {"err":0,"msg":"JSHWjUnXuGjHF86Eioa3jTZKNL3zZPogGk"}
[ Tue Aug 15 2017 16:27:02 GMT+0800 (CST) ] time is 630
[ Tue Aug 15 2017 16:27:02 GMT+0800 (CST) ] {"err":0,"msg":"JKUCfvf3VQCBdcNRGPD94r5hVgmXbht8yR"}
[ Tue Aug 15 2017 16:27:02 GMT+0800 (CST) ] {"err":0,"msg":"JLyDGDnoULcLiNCwf3yRCntHxQd1g6H1Xu"}
[ Tue Aug 15 2017 16:27:02 GMT+0800 (CST) ] time is 631
[ Tue Aug 15 2017 16:27:02 GMT+0800 (CST) ] time is 631
[ Tue Aug 15 2017 16:27:02 GMT+0800 (CST) ] {"err":0,"msg":"JREr7zQxyEWm28dAxfgz7rTyXcouWgRQ4S"}
[ Tue Aug 15 2017 16:27:02 GMT+0800 (CST) ] time is 630
[ Tue Aug 15 2017 16:27:02 GMT+0800 (CST) ] {"err":0,"msg":"Jh5W8mkXT6o45Djo61Xpw9mMCpJ9hdTG3r"}
[ Tue Aug 15 2017 16:27:02 GMT+0800 (CST) ] time is 631
[ Tue Aug 15 2017 16:27:02 GMT+0800 (CST) ] {"err":0,"msg":"JfPWXR9wFCe1woKLa5oWT5d8ahCGV6Q2vZ"}
[ Tue Aug 15 2017 16:27:02 GMT+0800 (CST) ] time is 632
[ Tue Aug 15 2017 16:27:02 GMT+0800 (CST) ] {"err":0,"msg":"JbR6v3K1a9g5sXNeScVcbfd687Rg2DdK8m"}
[ Tue Aug 15 2017 16:27:02 GMT+0800 (CST) ] time is 632
[ Tue Aug 15 2017 16:27:02 GMT+0800 (CST) ] {"err":0,"msg":"JQumzj1TawEw877pTETzbn8t3E2GNaArkr"}
[ Tue Aug 15 2017 16:27:02 GMT+0800 (CST) ] time is 631
[ Tue Aug 15 2017 16:27:02 GMT+0800 (CST) ] {"err":0,"msg":"JTnpnWCgkU6wDLJgAvgAEqS4VBbaSftQii"}
[ Tue Aug 15 2017 16:27:02 GMT+0800 (CST) ] time is 632
[ Tue Aug 15 2017 16:27:02 GMT+0800 (CST) ] {"err":0,"msg":"JPf1t5Bir697oV6p4U6E9yewEY97sfY7r6"}
[ Tue Aug 15 2017 16:27:02 GMT+0800 (CST) ] time is 633
[ Tue Aug 15 2017 16:27:02 GMT+0800 (CST) ] {"err":0,"msg":"Jh5SZyVLb63DoDNzNVnJMUqyLvBrVJV8Wz"}
[ Tue Aug 15 2017 16:27:02 GMT+0800 (CST) ] time is 633
[ Tue Aug 15 2017 16:27:02 GMT+0800 (CST) ] {"err":0,"msg":"JMR3J9PRFb9wSYMKMkosXutg9AA3Fb4ETa"}
[ Tue Aug 15 2017 16:27:02 GMT+0800 (CST) ] time is 632
[ Tue Aug 15 2017 16:27:02 GMT+0800 (CST) ] {"err":0,"msg":"JLGv5kVbC2wUG94d95EJpgWMnoS49j3tsW"}
[ Tue Aug 15 2017 16:27:02 GMT+0800 (CST) ] time is 633
[ Tue Aug 15 2017 16:27:02 GMT+0800 (CST) ] {"err":0,"msg":"JWwrjAXXLZ6CSeNrfojNyYU46GDGWhDMw9"}
[ Tue Aug 15 2017 16:27:02 GMT+0800 (CST) ] time is 634
[ Tue Aug 15 2017 16:27:02 GMT+0800 (CST) ] {"err":0,"msg":"JQueZDREBBrE73vS1xno8JU9fPfKJc5gAh"}
[ Tue Aug 15 2017 16:27:02 GMT+0800 (CST) ] time is 634
[ Tue Aug 15 2017 16:27:02 GMT+0800 (CST) ] {"err":0,"msg":"JKYswvpycNXBDA2fBzSwbcb7gkwsiTx94j"}
[ Tue Aug 15 2017 16:27:02 GMT+0800 (CST) ] time is 633
[ Tue Aug 15 2017 16:27:02 GMT+0800 (CST) ] {"err":0,"msg":"JSpwdiXfwrSg5ekkySZSjYxFwdg6nmu1a5"}
[ Tue Aug 15 2017 16:27:02 GMT+0800 (CST) ] {"err":0,"msg":"Ja2agbFYZHVgp3S6po9CDg8yDGdKZ5o7DV"}
[ Tue Aug 15 2017 16:27:02 GMT+0800 (CST) ] time is 634
[ Tue Aug 15 2017 16:27:02 GMT+0800 (CST) ] time is 635
[ Tue Aug 15 2017 16:27:02 GMT+0800 (CST) ] {"err":0,"msg":"JKRuJTHAcH4DfwUUCKmqBxPFhzwt7uq7fx"}
[ Tue Aug 15 2017 16:27:02 GMT+0800 (CST) ] time is 635
[ Tue Aug 15 2017 16:27:02 GMT+0800 (CST) ] {"err":0,"msg":"JV5UZP6XZL1R45t6HA89xkb2u5ZwVur4CV"}
[ Tue Aug 15 2017 16:27:02 GMT+0800 (CST) ] time is 636
[ Tue Aug 15 2017 16:27:02 GMT+0800 (CST) ] {"err":0,"msg":"JZwutbyUKFD3hDaWuPykgjMBK1P4wH5tCs"}
[ Tue Aug 15 2017 16:27:02 GMT+0800 (CST) ] time is 634
[ Tue Aug 15 2017 16:27:02 GMT+0800 (CST) ] {"err":0,"msg":"JNna4c3Ss3Tr541LQVsLMJD5TDvWVT8awo"}
[ Tue Aug 15 2017 16:27:02 GMT+0800 (CST) ] time is 635
[ Tue Aug 15 2017 16:27:02 GMT+0800 (CST) ] {"err":0,"msg":"Jd9r7jRD7YgSYm8fdJQc75ScxyGZ9g7VVa"}
[ Tue Aug 15 2017 16:27:02 GMT+0800 (CST) ] time is 636
[ Tue Aug 15 2017 16:27:02 GMT+0800 (CST) ] {"err":0,"msg":"JQdTDmcb1TM6N9raPvepDCWMzBqo3Q3ezk"}
[ Tue Aug 15 2017 16:27:02 GMT+0800 (CST) ] time is 637
[ Tue Aug 15 2017 16:27:02 GMT+0800 (CST) ] {"err":0,"msg":"JVTHWicRm7EQAR4tTHqNTU2QCGtZdKfVmN"}
[ Tue Aug 15 2017 16:27:02 GMT+0800 (CST) ] time is 635
[ Tue Aug 15 2017 16:27:02 GMT+0800 (CST) ] {"err":0,"msg":"JJfja4qUujj1vrChUonoxvbuYV6W1W75Lu"}
[ Tue Aug 15 2017 16:27:02 GMT+0800 (CST) ] time is 636
[ Tue Aug 15 2017 16:27:02 GMT+0800 (CST) ] {"err":0,"msg":"JdEJGn2uwxxV7X3AdP7E3kJxSJKWxhma75"}
[ Tue Aug 15 2017 16:27:02 GMT+0800 (CST) ] {"err":0,"msg":"JUUBrPB2DMhpECoHxnsNdaBPwaEGikxwFC"}
[ Tue Aug 15 2017 16:27:02 GMT+0800 (CST) ] time is 637
[ Tue Aug 15 2017 16:27:02 GMT+0800 (CST) ] time is 638
[ Tue Aug 15 2017 16:27:02 GMT+0800 (CST) ] {"err":0,"msg":"Jfg24iBk2t1z9f7GXCdGKKuHLuJCAniagn"}
[ Tue Aug 15 2017 16:27:02 GMT+0800 (CST) ] time is 636
[ Tue Aug 15 2017 16:27:02 GMT+0800 (CST) ] {"err":0,"msg":"JazictFShCjPxDXD9HL8zM3ii4GY7Zubh2"}
[ Tue Aug 15 2017 16:27:02 GMT+0800 (CST) ] time is 637
[ Tue Aug 15 2017 16:27:02 GMT+0800 (CST) ] {"err":0,"msg":"Jb7JUCYzbZjotwd2H7sqa1mHqzcA9L1kFX"}
[ Tue Aug 15 2017 16:27:02 GMT+0800 (CST) ] time is 638
[ Tue Aug 15 2017 16:27:02 GMT+0800 (CST) ] {"err":0,"msg":"JJuoDNdH8Kb7jUwsEmBRFLkYUaevtGqVrF"}
[ Tue Aug 15 2017 16:27:03 GMT+0800 (CST) ] time is 639
[ Tue Aug 15 2017 16:27:03 GMT+0800 (CST) ] {"err":0,"msg":"Jer7tL1HWwRu839FzcQELDZ46KonoZ4Dwb"}
[ Tue Aug 15 2017 16:27:03 GMT+0800 (CST) ] time is 637
[ Tue Aug 15 2017 16:27:03 GMT+0800 (CST) ] {"err":0,"msg":"JVfuXvP8e5QdpY4WiCY1Z4kzb281iS7HGA"}
[ Tue Aug 15 2017 16:27:03 GMT+0800 (CST) ] time is 638
[ Tue Aug 15 2017 16:27:03 GMT+0800 (CST) ] {"err":0,"msg":"Jg2derH6wqtgM6iP8zEhk3SdATdQaShqrA"}
[ Tue Aug 15 2017 16:27:03 GMT+0800 (CST) ] time is 639
[ Tue Aug 15 2017 16:27:03 GMT+0800 (CST) ] {"err":0,"msg":"JPy4xGpYRafiY2p4yHnkjUNrKb4Wr7ouo6"}
[ Tue Aug 15 2017 16:27:03 GMT+0800 (CST) ] time is 640
[ Tue Aug 15 2017 16:27:03 GMT+0800 (CST) ] {"err":0,"msg":"JdDDG3XKp5zCHvd5ewkc9786iKZsRHFtvZ"}
[ Tue Aug 15 2017 16:27:03 GMT+0800 (CST) ] time is 638
[ Tue Aug 15 2017 16:27:03 GMT+0800 (CST) ] {"err":0,"msg":"JS67sktihTANQCs1SVhyGBZRBCewZ3kUWs"}
[ Tue Aug 15 2017 16:27:03 GMT+0800 (CST) ] time is 639
[ Tue Aug 15 2017 16:27:03 GMT+0800 (CST) ] {"err":0,"msg":"Jh4Eub14d9yJT6HEbePG8quvhfL3fAdpqf"}
[ Tue Aug 15 2017 16:27:03 GMT+0800 (CST) ] time is 640
[ Tue Aug 15 2017 16:27:03 GMT+0800 (CST) ] {"err":0,"msg":"JRfApQkJxojqobcoZpQDe8JK7v76QT1j9J"}
[ Tue Aug 15 2017 16:27:03 GMT+0800 (CST) ] time is 641
[ Tue Aug 15 2017 16:27:03 GMT+0800 (CST) ] {"err":0,"msg":"JQ37TQtCy4mMApXr6wydseyhzDKdAeC5Yg"}
[ Tue Aug 15 2017 16:27:03 GMT+0800 (CST) ] time is 639
[ Tue Aug 15 2017 16:27:03 GMT+0800 (CST) ] {"err":0,"msg":"JR6UaHaLxYqp71k61Jy4EE1x2XUfag7Uxa"}
[ Tue Aug 15 2017 16:27:03 GMT+0800 (CST) ] time is 640
[ Tue Aug 15 2017 16:27:03 GMT+0800 (CST) ] {"err":0,"msg":"JVcyKEtwL5qBePCy5PqbiWhfiB7YzWdKHV"}
[ Tue Aug 15 2017 16:27:03 GMT+0800 (CST) ] time is 641
[ Tue Aug 15 2017 16:27:03 GMT+0800 (CST) ] {"err":0,"msg":"JQfB5x4KvshAmVA1bCEwUcMFg2FiZXJSFd"}
[ Tue Aug 15 2017 16:27:03 GMT+0800 (CST) ] time is 642
[ Tue Aug 15 2017 16:27:03 GMT+0800 (CST) ] {"err":0,"msg":"JdsbfxCBuhhC7M6JzqQ7e1xMUwx3sk6ZRd"}
[ Tue Aug 15 2017 16:27:03 GMT+0800 (CST) ] time is 640
[ Tue Aug 15 2017 16:27:03 GMT+0800 (CST) ] {"err":0,"msg":"Jfrtd2N8Jan6sW4ccqJBBXqjtD4vfYJdgm"}
[ Tue Aug 15 2017 16:27:03 GMT+0800 (CST) ] time is 641
[ Tue Aug 15 2017 16:27:03 GMT+0800 (CST) ] {"err":0,"msg":"JgWwLVEwwxCsvjE6PEajZX5h5M4HMUFh25"}
[ Tue Aug 15 2017 16:27:03 GMT+0800 (CST) ] time is 642
[ Tue Aug 15 2017 16:27:03 GMT+0800 (CST) ] {"err":0,"msg":"JKTrBYEBvUJiKUwjEwV3ZKarr8Q3nHHsNe"}
[ Tue Aug 15 2017 16:27:03 GMT+0800 (CST) ] time is 643
[ Tue Aug 15 2017 16:27:03 GMT+0800 (CST) ] {"err":0,"msg":"JM8Zjhykc3sg7JLFTjbKwzBh46fySWam5E"}
[ Tue Aug 15 2017 16:27:03 GMT+0800 (CST) ] time is 641
[ Tue Aug 15 2017 16:27:03 GMT+0800 (CST) ] {"err":0,"msg":"Je5VPYAKPfH7ySrPBQNj5g9xxVR5Veh8LM"}
[ Tue Aug 15 2017 16:27:03 GMT+0800 (CST) ] time is 642
[ Tue Aug 15 2017 16:27:03 GMT+0800 (CST) ] {"err":0,"msg":"Jg26qCsrdMLpbebQMH3mqJVybcypVxRjph"}
[ Tue Aug 15 2017 16:27:03 GMT+0800 (CST) ] time is 643
[ Tue Aug 15 2017 16:27:03 GMT+0800 (CST) ] {"err":0,"msg":"JboJNrsiYQRyZ99YfZSVXzEgjh5FAjJKht"}
[ Tue Aug 15 2017 16:27:03 GMT+0800 (CST) ] time is 644
[ Tue Aug 15 2017 16:27:03 GMT+0800 (CST) ] {"err":0,"msg":"JKqFXAzRs1Ej9C1EYAWjfpiCYS3c7MQoeL"}
[ Tue Aug 15 2017 16:27:03 GMT+0800 (CST) ] time is 642
[ Tue Aug 15 2017 16:27:03 GMT+0800 (CST) ] {"err":0,"msg":"JdTqTb6Y3XnpGsvFywqB8RD46fCD8xwonp"}
[ Tue Aug 15 2017 16:27:03 GMT+0800 (CST) ] time is 643
[ Tue Aug 15 2017 16:27:03 GMT+0800 (CST) ] {"err":0,"msg":"JYWKLroV4hNnmaqDwLX12T1oz24BeD19oX"}
[ Tue Aug 15 2017 16:27:03 GMT+0800 (CST) ] time is 644
[ Tue Aug 15 2017 16:27:03 GMT+0800 (CST) ] {"err":0,"msg":"JKk5YbPuE3apBT191b6EqPUtvz3hR3mEWL"}
[ Tue Aug 15 2017 16:27:03 GMT+0800 (CST) ] time is 645
[ Tue Aug 15 2017 16:27:03 GMT+0800 (CST) ] {"err":0,"msg":"JaHoZPstyVD2ZiHt78FMDHDjYVTbRY9GZ4"}
[ Tue Aug 15 2017 16:27:03 GMT+0800 (CST) ] time is 643
[ Tue Aug 15 2017 16:27:03 GMT+0800 (CST) ] {"err":0,"msg":"JVyDPnyXFp3twcFXYGF6n1AeX1hygr4CnY"}
[ Tue Aug 15 2017 16:27:03 GMT+0800 (CST) ] time is 644
[ Tue Aug 15 2017 16:27:03 GMT+0800 (CST) ] {"err":0,"msg":"JNUotB8p6YZbME4Ve8CYZLnKs2dgzwAoTb"}
[ Tue Aug 15 2017 16:27:03 GMT+0800 (CST) ] time is 645
[ Tue Aug 15 2017 16:27:03 GMT+0800 (CST) ] {"err":0,"msg":"JexS5ZDH5ufx9gMENnv9E2K3AyBBsGc5vX"}
[ Tue Aug 15 2017 16:27:03 GMT+0800 (CST) ] time is 646
[ Tue Aug 15 2017 16:27:03 GMT+0800 (CST) ] {"err":0,"msg":"JTZQJus82cngHjYTmupDFfdxqDXbdekn8m"}
[ Tue Aug 15 2017 16:27:03 GMT+0800 (CST) ] time is 644
[ Tue Aug 15 2017 16:27:03 GMT+0800 (CST) ] {"err":0,"msg":"JcUNKMPVrMgXZQLBGaU337wKhgQVnzuGXm"}
[ Tue Aug 15 2017 16:27:03 GMT+0800 (CST) ] time is 645
[ Tue Aug 15 2017 16:27:03 GMT+0800 (CST) ] {"err":0,"msg":"JXRUcReoGA6guqzCCpqrmmGqWaE4a427MU"}
[ Tue Aug 15 2017 16:27:03 GMT+0800 (CST) ] time is 646
[ Tue Aug 15 2017 16:27:03 GMT+0800 (CST) ] {"err":0,"msg":"JKnqWRBkwM5LRYpJZeBVDwrQ7Y2679efbP"}
[ Tue Aug 15 2017 16:27:03 GMT+0800 (CST) ] time is 647
[ Tue Aug 15 2017 16:27:03 GMT+0800 (CST) ] {"err":0,"msg":"Jc2H1yLeDLmig9dTebTXyK8r4ePpcSe1Nw"}
[ Tue Aug 15 2017 16:27:03 GMT+0800 (CST) ] time is 645
[ Tue Aug 15 2017 16:27:03 GMT+0800 (CST) ] {"err":0,"msg":"Jh1GMcs2VP2FeBJcWxfVaMjeBxHhCq8cRZ"}
[ Tue Aug 15 2017 16:27:03 GMT+0800 (CST) ] time is 646
[ Tue Aug 15 2017 16:27:03 GMT+0800 (CST) ] {"err":0,"msg":"JceDP85pE9GtnXJWxDxDKMGftmrS83Ko1n"}
[ Tue Aug 15 2017 16:27:03 GMT+0800 (CST) ] time is 647
[ Tue Aug 15 2017 16:27:03 GMT+0800 (CST) ] {"err":0,"msg":"JeRbcjFXht4oSYrZuzc3YjXL1RfntksPXw"}
[ Tue Aug 15 2017 16:27:03 GMT+0800 (CST) ] time is 648
[ Tue Aug 15 2017 16:27:03 GMT+0800 (CST) ] {"err":0,"msg":"JV5EvT2CYJukwadqnUkRuiTrdRAoWYp9ei"}
[ Tue Aug 15 2017 16:27:03 GMT+0800 (CST) ] time is 646
[ Tue Aug 15 2017 16:27:03 GMT+0800 (CST) ] {"err":0,"msg":"JL6fRHYUvDqTpj64HVb8zPko748XMbAfqM"}
[ Tue Aug 15 2017 16:27:03 GMT+0800 (CST) ] time is 647
[ Tue Aug 15 2017 16:27:03 GMT+0800 (CST) ] {"err":0,"msg":"JViJyf4j8LnYt1X5vz6wdGEfJa5fpF1QFX"}
[ Tue Aug 15 2017 16:27:03 GMT+0800 (CST) ] time is 648
[ Tue Aug 15 2017 16:27:03 GMT+0800 (CST) ] {"err":0,"msg":"JbEdA3fUN9xzeziN8CBhWttLBHp7zPz47o"}
[ Tue Aug 15 2017 16:27:03 GMT+0800 (CST) ] time is 649
[ Tue Aug 15 2017 16:27:03 GMT+0800 (CST) ] {"err":0,"msg":"Jdc8EEiK8QWppVaa2ZrehzfDMdM51NT7LE"}
[ Tue Aug 15 2017 16:27:03 GMT+0800 (CST) ] time is 647
[ Tue Aug 15 2017 16:27:03 GMT+0800 (CST) ] {"err":0,"msg":"JRNJkGQqhzwud4Ees7796y4jNuycXXBtof"}
[ Tue Aug 15 2017 16:27:03 GMT+0800 (CST) ] time is 648
[ Tue Aug 15 2017 16:27:03 GMT+0800 (CST) ] {"err":0,"msg":"JgEt2nmoBwRZutQsxjpgbrdUPoyXPcgyLc"}
[ Tue Aug 15 2017 16:27:03 GMT+0800 (CST) ] time is 649
[ Tue Aug 15 2017 16:27:03 GMT+0800 (CST) ] {"err":0,"msg":"JUmc3cK8SN6AFKce5Hvt9qqUG9NKE4T4YD"}
[ Tue Aug 15 2017 16:27:03 GMT+0800 (CST) ] time is 650
[ Tue Aug 15 2017 16:27:03 GMT+0800 (CST) ] {"err":0,"msg":"JbsAW7pM8gSJAGWY1Cdr7qoX1N4L3znf3E"}
[ Tue Aug 15 2017 16:27:03 GMT+0800 (CST) ] time is 648
[ Tue Aug 15 2017 16:27:03 GMT+0800 (CST) ] {"err":0,"msg":"JcxJv5zhcNfEpAzuiq3cpofU35twiQ9sxq"}
[ Tue Aug 15 2017 16:27:03 GMT+0800 (CST) ] time is 649
[ Tue Aug 15 2017 16:27:03 GMT+0800 (CST) ] {"err":0,"msg":"Jf29gfo3tZKPj5JspDK9h7o5LGKpAcrXyF"}
[ Tue Aug 15 2017 16:27:03 GMT+0800 (CST) ] time is 650
[ Tue Aug 15 2017 16:27:03 GMT+0800 (CST) ] {"err":0,"msg":"JbHZK8M52s7YiWwCXnHnEkt2UFn5CxFAFN"}
[ Tue Aug 15 2017 16:27:03 GMT+0800 (CST) ] time is 651
[ Tue Aug 15 2017 16:27:03 GMT+0800 (CST) ] {"err":0,"msg":"JV4VaEYw2EN1Dsta44f1TCN6dAYNcL4K2B"}
[ Tue Aug 15 2017 16:27:03 GMT+0800 (CST) ] time is 649
[ Tue Aug 15 2017 16:27:03 GMT+0800 (CST) ] {"err":0,"msg":"JVTmEnqpE3VRZHJVvT2EcvWeiJ9FDfG6jm"}
[ Tue Aug 15 2017 16:27:03 GMT+0800 (CST) ] time is 650
[ Tue Aug 15 2017 16:27:03 GMT+0800 (CST) ] {"err":0,"msg":"JNS39YoVqXGG9anQCi8UtSHDoQxA8Wpuht"}
[ Tue Aug 15 2017 16:27:03 GMT+0800 (CST) ] time is 651
[ Tue Aug 15 2017 16:27:03 GMT+0800 (CST) ] {"err":0,"msg":"JUoBrCuZfmCfcYJL63vKKAzicpq2Zsy29y"}
[ Tue Aug 15 2017 16:27:03 GMT+0800 (CST) ] time is 652
[ Tue Aug 15 2017 16:27:03 GMT+0800 (CST) ] {"err":0,"msg":"JQm14z83x2n2Tq7g7PU1oKWjZCDMSLcWPV"}
[ Tue Aug 15 2017 16:27:03 GMT+0800 (CST) ] time is 650
[ Tue Aug 15 2017 16:27:03 GMT+0800 (CST) ] {"err":0,"msg":"JPRx13csUiCWur7b3vM9X5t7s1BCJ8wuUo"}
[ Tue Aug 15 2017 16:27:03 GMT+0800 (CST) ] time is 651
[ Tue Aug 15 2017 16:27:03 GMT+0800 (CST) ] {"err":0,"msg":"JVFLJDqqsFFVd6rjhyfouE2wefTvbuP5tA"}
[ Tue Aug 15 2017 16:27:03 GMT+0800 (CST) ] time is 652
[ Tue Aug 15 2017 16:27:03 GMT+0800 (CST) ] {"err":0,"msg":"JaQ28gZrpabRpMucEZ99nsUTo1WY3MR15f"}
[ Tue Aug 15 2017 16:27:03 GMT+0800 (CST) ] time is 653
[ Tue Aug 15 2017 16:27:03 GMT+0800 (CST) ] {"err":0,"msg":"JK8YCjx9x5ipp2s4WJAgArCRp8fsYpVKKS"}
[ Tue Aug 15 2017 16:27:03 GMT+0800 (CST) ] time is 651
[ Tue Aug 15 2017 16:27:03 GMT+0800 (CST) ] {"err":0,"msg":"JLs8qit8HeFs5AbXxoXsXyGRCNYq6hXW1v"}
[ Tue Aug 15 2017 16:27:03 GMT+0800 (CST) ] time is 652
[ Tue Aug 15 2017 16:27:03 GMT+0800 (CST) ] {"err":0,"msg":"JdGB2wmAwrzXJK1hYckRPjokZAuMg8Dv2H"}
[ Tue Aug 15 2017 16:27:03 GMT+0800 (CST) ] time is 653
[ Tue Aug 15 2017 16:27:03 GMT+0800 (CST) ] {"err":0,"msg":"JNJkL6LgwoJ4XYVZbyLrxkabD8hYHiZFAT"}
[ Tue Aug 15 2017 16:27:03 GMT+0800 (CST) ] time is 654
[ Tue Aug 15 2017 16:27:03 GMT+0800 (CST) ] {"err":0,"msg":"JQhXxmeyDVEGNMijo8XfG9MSiC2x6pLfD2"}
[ Tue Aug 15 2017 16:27:03 GMT+0800 (CST) ] time is 652
[ Tue Aug 15 2017 16:27:03 GMT+0800 (CST) ] {"err":0,"msg":"JMDFoVxA2wrj6Jaaew8Nv1dJbUdFuNNffE"}
[ Tue Aug 15 2017 16:27:03 GMT+0800 (CST) ] time is 653
[ Tue Aug 15 2017 16:27:03 GMT+0800 (CST) ] {"err":0,"msg":"JL3nzf5Tmo7VAdvnoGQirkfwideR4MymC6"}
[ Tue Aug 15 2017 16:27:03 GMT+0800 (CST) ] time is 654
[ Tue Aug 15 2017 16:27:03 GMT+0800 (CST) ] {"err":0,"msg":"Je4DZT7Cp6CucKaj6RWU9dpVqH818Prxxk"}
[ Tue Aug 15 2017 16:27:03 GMT+0800 (CST) ] time is 655
[ Tue Aug 15 2017 16:27:03 GMT+0800 (CST) ] {"err":0,"msg":"Ja7PDhDochzGEeUydGKE9en9pwKn634TbC"}
[ Tue Aug 15 2017 16:27:03 GMT+0800 (CST) ] time is 653
[ Tue Aug 15 2017 16:27:03 GMT+0800 (CST) ] {"err":0,"msg":"JXg9MFWMyEZ3w7C7Vd7RAzJVypk4PxZG7j"}
[ Tue Aug 15 2017 16:27:03 GMT+0800 (CST) ] time is 654
[ Tue Aug 15 2017 16:27:03 GMT+0800 (CST) ] {"err":0,"msg":"JVKNXx5piYg85o4WaTorrR7WEUwJo2qTZN"}
[ Tue Aug 15 2017 16:27:03 GMT+0800 (CST) ] time is 655
[ Tue Aug 15 2017 16:27:03 GMT+0800 (CST) ] {"err":0,"msg":"JK6HpP2mF7JXbbDtARxtqzvE2x1zdVgoYo"}
[ Tue Aug 15 2017 16:27:03 GMT+0800 (CST) ] time is 656
[ Tue Aug 15 2017 16:27:03 GMT+0800 (CST) ] {"err":0,"msg":"JPq7U9TNNzWZpiNRB6FJLTpYGgynASRm5Y"}
[ Tue Aug 15 2017 16:27:03 GMT+0800 (CST) ] time is 654
[ Tue Aug 15 2017 16:27:03 GMT+0800 (CST) ] {"err":0,"msg":"JTDK9hq8SLuWVT3cdzsoZe4RL6XusyxM6P"}
[ Tue Aug 15 2017 16:27:03 GMT+0800 (CST) ] time is 655
[ Tue Aug 15 2017 16:27:03 GMT+0800 (CST) ] {"err":0,"msg":"JTqFtgCCxvT398WjBCTr9LPVkSPZ7UenjS"}
[ Tue Aug 15 2017 16:27:03 GMT+0800 (CST) ] time is 656
[ Tue Aug 15 2017 16:27:03 GMT+0800 (CST) ] {"err":0,"msg":"JbuHpwwHpMGGPGqT8G4Hsx6gMQQ2Nxt8Ex"}
[ Tue Aug 15 2017 16:27:03 GMT+0800 (CST) ] time is 657
[ Tue Aug 15 2017 16:27:03 GMT+0800 (CST) ] {"err":0,"msg":"Jex6CpNXMwY91S5z7d3pu1Ur1gZKjGgajV"}
[ Tue Aug 15 2017 16:27:04 GMT+0800 (CST) ] time is 655
[ Tue Aug 15 2017 16:27:04 GMT+0800 (CST) ] {"err":0,"msg":"JYMwnpTnVNPreZxFQSEucP8vCYpNPyB6gV"}
[ Tue Aug 15 2017 16:27:04 GMT+0800 (CST) ] time is 656
[ Tue Aug 15 2017 16:27:04 GMT+0800 (CST) ] {"err":0,"msg":"JPQgRFqyjHKCBFgrTsr9DCLbQKggKecxEG"}
[ Tue Aug 15 2017 16:27:04 GMT+0800 (CST) ] time is 657
[ Tue Aug 15 2017 16:27:04 GMT+0800 (CST) ] {"err":0,"msg":"JZHUxcZUKx7KXPEEwZDE93ExEq7h1xRUu7"}
[ Tue Aug 15 2017 16:27:04 GMT+0800 (CST) ] time is 658
[ Tue Aug 15 2017 16:27:04 GMT+0800 (CST) ] {"err":0,"msg":"JW4NKRVXoEUgDm5TPkX285WzuuzNaJLtQr"}
[ Tue Aug 15 2017 16:27:04 GMT+0800 (CST) ] time is 656
[ Tue Aug 15 2017 16:27:04 GMT+0800 (CST) ] {"err":0,"msg":"Ja4369HycKQRkSuzsDGtrk1ZXmxmCnNTc9"}
[ Tue Aug 15 2017 16:27:04 GMT+0800 (CST) ] time is 657
[ Tue Aug 15 2017 16:27:04 GMT+0800 (CST) ] {"err":0,"msg":"JgSR2LCYJ1zJEYU7Q5f4FjiiJ9zTqZJKHo"}
[ Tue Aug 15 2017 16:27:04 GMT+0800 (CST) ] time is 658
[ Tue Aug 15 2017 16:27:04 GMT+0800 (CST) ] {"err":0,"msg":"JQxdsGzEmfX8dPdhkbpUmk5bTbjiwn7zA4"}
[ Tue Aug 15 2017 16:27:04 GMT+0800 (CST) ] time is 659
[ Tue Aug 15 2017 16:27:04 GMT+0800 (CST) ] {"err":0,"msg":"JQj8ptf4s2HQyYdWdHoNAHg1PghMqn51pY"}
[ Tue Aug 15 2017 16:27:04 GMT+0800 (CST) ] time is 657
[ Tue Aug 15 2017 16:27:04 GMT+0800 (CST) ] {"err":0,"msg":"JPMNjSCo5TenYdpwBFCZk8EtuVsbCz4Gzb"}
[ Tue Aug 15 2017 16:27:04 GMT+0800 (CST) ] time is 658
[ Tue Aug 15 2017 16:27:04 GMT+0800 (CST) ] {"err":0,"msg":"JNq5c1UDixZFwkYb689VN1fFMvEsu1vbqx"}
[ Tue Aug 15 2017 16:27:04 GMT+0800 (CST) ] time is 659
[ Tue Aug 15 2017 16:27:04 GMT+0800 (CST) ] {"err":0,"msg":"JbuFA9eBeHKw24aBmRDMRrxH6phejBRUpB"}
[ Tue Aug 15 2017 16:27:04 GMT+0800 (CST) ] time is 660
[ Tue Aug 15 2017 16:27:04 GMT+0800 (CST) ] {"err":0,"msg":"JUWYaRK3jGZ8X6sPPtTM7TAmNmKpDNPMH1"}
[ Tue Aug 15 2017 16:27:04 GMT+0800 (CST) ] time is 658
[ Tue Aug 15 2017 16:27:04 GMT+0800 (CST) ] {"err":0,"msg":"Jb2wWD3XrUYrVK6DjVjgzUz1UBc79LSzHT"}
[ Tue Aug 15 2017 16:27:04 GMT+0800 (CST) ] time is 659
[ Tue Aug 15 2017 16:27:04 GMT+0800 (CST) ] {"err":0,"msg":"JUAkEEcaGrBCzQeAouvM24iJYG1cjRgCzn"}
[ Tue Aug 15 2017 16:27:04 GMT+0800 (CST) ] time is 660
[ Tue Aug 15 2017 16:27:04 GMT+0800 (CST) ] {"err":0,"msg":"JKpd4CAZ39e9FPYMzia6gRxKnHm4cKvdxH"}
[ Tue Aug 15 2017 16:27:04 GMT+0800 (CST) ] time is 661
[ Tue Aug 15 2017 16:27:04 GMT+0800 (CST) ] {"err":0,"msg":"JQU9u1GpfSUksF2WhsYB2d7QHtmiCCWwuJ"}
[ Tue Aug 15 2017 16:27:04 GMT+0800 (CST) ] time is 659
[ Tue Aug 15 2017 16:27:04 GMT+0800 (CST) ] {"err":0,"msg":"JTE5yQUwDaEx5J4m5AaEVEtPoLSvu6TZ1u"}
[ Tue Aug 15 2017 16:27:04 GMT+0800 (CST) ] time is 660
[ Tue Aug 15 2017 16:27:04 GMT+0800 (CST) ] {"err":0,"msg":"JU3WrjQ1dBnQkbJyqsauUD26wReaAwSpnK"}
[ Tue Aug 15 2017 16:27:04 GMT+0800 (CST) ] time is 661
[ Tue Aug 15 2017 16:27:04 GMT+0800 (CST) ] {"err":0,"msg":"JfzgPp3NbY19jKqb6UefsxpiU53AVxWvJN"}
[ Tue Aug 15 2017 16:27:04 GMT+0800 (CST) ] time is 662
[ Tue Aug 15 2017 16:27:04 GMT+0800 (CST) ] {"err":0,"msg":"JPjtgn7CuiWgaRihyGf4oNVbpxUAPB99ZW"}
[ Tue Aug 15 2017 16:27:04 GMT+0800 (CST) ] time is 660
[ Tue Aug 15 2017 16:27:04 GMT+0800 (CST) ] {"err":0,"msg":"JfQgX8QKzJu6YZcMkKhp97N6avATzMdJCu"}
[ Tue Aug 15 2017 16:27:04 GMT+0800 (CST) ] time is 661
[ Tue Aug 15 2017 16:27:04 GMT+0800 (CST) ] {"err":0,"msg":"JKq6isyDiBoAMU1z91dxBi122CtK6a3qti"}
[ Tue Aug 15 2017 16:27:04 GMT+0800 (CST) ] time is 662
[ Tue Aug 15 2017 16:27:04 GMT+0800 (CST) ] {"err":0,"msg":"JYpmEmhq18gqat38briYewkidZNBpjtTKT"}
[ Tue Aug 15 2017 16:27:04 GMT+0800 (CST) ] time is 663
[ Tue Aug 15 2017 16:27:04 GMT+0800 (CST) ] {"err":0,"msg":"JWKQAwwCi66oJqsNRobTcec7Ez3vq1mgGr"}
[ Tue Aug 15 2017 16:27:04 GMT+0800 (CST) ] time is 661
[ Tue Aug 15 2017 16:27:04 GMT+0800 (CST) ] {"err":0,"msg":"JWREJXLuj2HpA1KZuGz1CkcjAQ5bJYsSqF"}
[ Tue Aug 15 2017 16:27:04 GMT+0800 (CST) ] time is 662
[ Tue Aug 15 2017 16:27:04 GMT+0800 (CST) ] {"err":0,"msg":"JSxAdgiytDzZbUTGJJ5zGnb7aKhuEd4eK4"}
[ Tue Aug 15 2017 16:27:04 GMT+0800 (CST) ] time is 663
[ Tue Aug 15 2017 16:27:04 GMT+0800 (CST) ] {"err":0,"msg":"JdnY7NbbQ9HnQ4LDKzkoxg7Km2xMUGbJxb"}
[ Tue Aug 15 2017 16:27:04 GMT+0800 (CST) ] time is 664
[ Tue Aug 15 2017 16:27:04 GMT+0800 (CST) ] {"err":0,"msg":"JMV1q2nwei5J2k9K5St7vystxn5VxiCgpE"}
[ Tue Aug 15 2017 16:27:04 GMT+0800 (CST) ] time is 662
[ Tue Aug 15 2017 16:27:04 GMT+0800 (CST) ] {"err":0,"msg":"JYiU9GAS7fmWasWNGqdh6yayWB1DY9fK12"}
[ Tue Aug 15 2017 16:27:04 GMT+0800 (CST) ] time is 663
[ Tue Aug 15 2017 16:27:04 GMT+0800 (CST) ] {"err":0,"msg":"JbVj8oKfQYGPLUrGzQ52ZF8tyTCjPzjQuh"}
[ Tue Aug 15 2017 16:27:04 GMT+0800 (CST) ] time is 664
[ Tue Aug 15 2017 16:27:04 GMT+0800 (CST) ] {"err":0,"msg":"JXW4kYHRuJMcNqhhZQ2QznBsD7pzKfPm4Q"}
[ Tue Aug 15 2017 16:27:04 GMT+0800 (CST) ] time is 665
[ Tue Aug 15 2017 16:27:04 GMT+0800 (CST) ] {"err":0,"msg":"JRKUK5SX3CFZKfmHsrGEFR12xp9DZ46NbV"}
[ Tue Aug 15 2017 16:27:04 GMT+0800 (CST) ] time is 663
[ Tue Aug 15 2017 16:27:04 GMT+0800 (CST) ] {"err":0,"msg":"Jeit7VoW5EJzTabKw727YsAYqtxbPpnMJw"}
[ Tue Aug 15 2017 16:27:04 GMT+0800 (CST) ] time is 664
[ Tue Aug 15 2017 16:27:04 GMT+0800 (CST) ] {"err":0,"msg":"JNh9KXXU3cXttNaW8SHSz3bwjCoC14gafE"}
[ Tue Aug 15 2017 16:27:04 GMT+0800 (CST) ] time is 665
[ Tue Aug 15 2017 16:27:04 GMT+0800 (CST) ] {"err":0,"msg":"JaGXoeupcfffAPpBbkLggPLC1kei6bNzso"}
[ Tue Aug 15 2017 16:27:04 GMT+0800 (CST) ] time is 666
[ Tue Aug 15 2017 16:27:04 GMT+0800 (CST) ] {"err":0,"msg":"Je6cifHoPAypebvUDfi7DfW5Q161ZHBRU9"}
[ Tue Aug 15 2017 16:27:04 GMT+0800 (CST) ] time is 664
[ Tue Aug 15 2017 16:27:04 GMT+0800 (CST) ] {"err":0,"msg":"JhffDcGr49UYjx2pKfrxMYG2rpbxyeedMo"}
[ Tue Aug 15 2017 16:27:04 GMT+0800 (CST) ] time is 665
[ Tue Aug 15 2017 16:27:04 GMT+0800 (CST) ] {"err":0,"msg":"Jeqev63AAt9vfCw2tBVW5ZkSME1RsxzCKL"}
[ Tue Aug 15 2017 16:27:04 GMT+0800 (CST) ] time is 666
[ Tue Aug 15 2017 16:27:04 GMT+0800 (CST) ] {"err":0,"msg":"JddMAbfTPJGWqPZE7jGLdaHBx3mr7Wiu4B"}
[ Tue Aug 15 2017 16:27:04 GMT+0800 (CST) ] time is 667
[ Tue Aug 15 2017 16:27:04 GMT+0800 (CST) ] {"err":0,"msg":"JWWyx1MfGYUeZfqJXsdtgaTSmbteiTkw7X"}
[ Tue Aug 15 2017 16:27:04 GMT+0800 (CST) ] time is 665
[ Tue Aug 15 2017 16:27:04 GMT+0800 (CST) ] {"err":0,"msg":"JehmWxGAsGXL8a548K5nuPsfkYafCZtngF"}
[ Tue Aug 15 2017 16:27:04 GMT+0800 (CST) ] time is 666
[ Tue Aug 15 2017 16:27:04 GMT+0800 (CST) ] {"err":0,"msg":"Jh6HQeJePhCa3LAAsh7sdJ1UZn9kSbWDQ3"}
[ Tue Aug 15 2017 16:27:04 GMT+0800 (CST) ] time is 667
[ Tue Aug 15 2017 16:27:04 GMT+0800 (CST) ] {"err":0,"msg":"Jb1y6Vai9k2UFJpkipHr9w3EC6X83YZFvw"}
[ Tue Aug 15 2017 16:27:04 GMT+0800 (CST) ] time is 668
[ Tue Aug 15 2017 16:27:04 GMT+0800 (CST) ] {"err":0,"msg":"JeE167gDBN5pWCgNpGFTJNgXKTZc3EY358"}
[ Tue Aug 15 2017 16:27:04 GMT+0800 (CST) ] time is 666
[ Tue Aug 15 2017 16:27:04 GMT+0800 (CST) ] {"err":0,"msg":"JcKoNStwXvyiGdToCp8URxPM5nBV67L92X"}
[ Tue Aug 15 2017 16:27:04 GMT+0800 (CST) ] time is 667
[ Tue Aug 15 2017 16:27:04 GMT+0800 (CST) ] {"err":0,"msg":"JNff2svvSw9Bt2V9Cov1zMgrfAS3UtwPDE"}
[ Tue Aug 15 2017 16:27:04 GMT+0800 (CST) ] time is 668
[ Tue Aug 15 2017 16:27:04 GMT+0800 (CST) ] {"err":0,"msg":"JSnyXrDxufnPxowVj1u9N1mFcEUQj6P4Pn"}
[ Tue Aug 15 2017 16:27:04 GMT+0800 (CST) ] time is 669
[ Tue Aug 15 2017 16:27:04 GMT+0800 (CST) ] {"err":0,"msg":"Ja6Cma7NR24yRqrQHRsRXABPeb1DdPHhqP"}
[ Tue Aug 15 2017 16:27:04 GMT+0800 (CST) ] time is 667
[ Tue Aug 15 2017 16:27:04 GMT+0800 (CST) ] {"err":0,"msg":"JcYNgbUuTrpZGKj8jdPTmWemMzLik3R34r"}
[ Tue Aug 15 2017 16:27:04 GMT+0800 (CST) ] time is 668
[ Tue Aug 15 2017 16:27:04 GMT+0800 (CST) ] {"err":0,"msg":"JgzpozwUgYNW3GvYuqvWGSEf8zrizNBcAz"}
[ Tue Aug 15 2017 16:27:04 GMT+0800 (CST) ] time is 669
[ Tue Aug 15 2017 16:27:04 GMT+0800 (CST) ] {"err":0,"msg":"JbdMqjPnrLBHg3vNLZRcjTxbFpbaVE1qHP"}
[ Tue Aug 15 2017 16:27:04 GMT+0800 (CST) ] time is 668
[ Tue Aug 15 2017 16:27:04 GMT+0800 (CST) ] {"err":0,"msg":"JMwDzbGWYQBn7nN1LRSkjQmw7s2CBavgvb"}
[ Tue Aug 15 2017 16:27:04 GMT+0800 (CST) ] time is 670
[ Tue Aug 15 2017 16:27:04 GMT+0800 (CST) ] {"err":0,"msg":"JUZB9TQoDeGKuRkJzTRC8gXoKNXuoBnWFX"}
[ Tue Aug 15 2017 16:27:04 GMT+0800 (CST) ] time is 669
[ Tue Aug 15 2017 16:27:04 GMT+0800 (CST) ] {"err":0,"msg":"JYEXToyqTT9UAFJMBwHC2qa57PFbh2R32v"}
[ Tue Aug 15 2017 16:27:04 GMT+0800 (CST) ] time is 670
[ Tue Aug 15 2017 16:27:04 GMT+0800 (CST) ] {"err":0,"msg":"JfNpH4Brt1MrG7RpuZrFDRMqvJws67mEYY"}
[ Tue Aug 15 2017 16:27:04 GMT+0800 (CST) ] time is 669
[ Tue Aug 15 2017 16:27:04 GMT+0800 (CST) ] {"err":0,"msg":"JdCLrE8Hgu1nCiTiNcev5XV7ToTYUtnKCw"}
[ Tue Aug 15 2017 16:27:04 GMT+0800 (CST) ] time is 671
[ Tue Aug 15 2017 16:27:04 GMT+0800 (CST) ] {"err":0,"msg":"JgGc5BvxxFzw51vm8Mg3QDHqTWiCz7wjcg"}
[ Tue Aug 15 2017 16:27:04 GMT+0800 (CST) ] time is 670
[ Tue Aug 15 2017 16:27:04 GMT+0800 (CST) ] {"err":0,"msg":"JUByVkyMYZyBWnL3bbKYLG8JvgBA1REeUE"}
[ Tue Aug 15 2017 16:27:04 GMT+0800 (CST) ] time is 671
[ Tue Aug 15 2017 16:27:04 GMT+0800 (CST) ] {"err":0,"msg":"JLX2ynqZ1kimpbaMaFM7WJiqPwRumjxS2H"}
[ Tue Aug 15 2017 16:27:04 GMT+0800 (CST) ] time is 670
[ Tue Aug 15 2017 16:27:04 GMT+0800 (CST) ] {"err":0,"msg":"JLPsyHUqWWaznzsGCJ6a2gCrxRyXeYX45P"}
[ Tue Aug 15 2017 16:27:04 GMT+0800 (CST) ] time is 672
[ Tue Aug 15 2017 16:27:04 GMT+0800 (CST) ] {"err":0,"msg":"JhDVmAw1tt2WGoH9qgJ2wk9KFKWK8duVab"}
[ Tue Aug 15 2017 16:27:04 GMT+0800 (CST) ] time is 671
[ Tue Aug 15 2017 16:27:04 GMT+0800 (CST) ] {"err":0,"msg":"JPZrKAngM3QgFmTQSWUnq9gwXDC44QYCD8"}
[ Tue Aug 15 2017 16:27:04 GMT+0800 (CST) ] time is 672
[ Tue Aug 15 2017 16:27:04 GMT+0800 (CST) ] {"err":0,"msg":"Jap7oZvtAKsAqxNzYRkRupTZ7ic26y79gQ"}
[ Tue Aug 15 2017 16:27:04 GMT+0800 (CST) ] time is 671
[ Tue Aug 15 2017 16:27:04 GMT+0800 (CST) ] {"err":0,"msg":"JP7qb2aSgXMJh7ZzhNWgeGgzMPPWsBfV3s"}
[ Tue Aug 15 2017 16:27:04 GMT+0800 (CST) ] time is 673
[ Tue Aug 15 2017 16:27:04 GMT+0800 (CST) ] {"err":0,"msg":"JgCVh17y1zM5iodgStH82p3ZAvXwFxm7sT"}
[ Tue Aug 15 2017 16:27:04 GMT+0800 (CST) ] time is 672
[ Tue Aug 15 2017 16:27:04 GMT+0800 (CST) ] {"err":0,"msg":"JX7n1i46xSz2GLCJoANyr9RR98qxo2M163"}
[ Tue Aug 15 2017 16:27:04 GMT+0800 (CST) ] time is 673
[ Tue Aug 15 2017 16:27:04 GMT+0800 (CST) ] {"err":0,"msg":"JSiNvjoTjjBWrwoFZ3CdKf8JCbM3Mjmz4F"}
[ Tue Aug 15 2017 16:27:04 GMT+0800 (CST) ] time is 672
[ Tue Aug 15 2017 16:27:04 GMT+0800 (CST) ] {"err":0,"msg":"JYFzwS3ChkMewieUjwM7xAZSVWCDRaNaFk"}
[ Tue Aug 15 2017 16:27:04 GMT+0800 (CST) ] time is 674
[ Tue Aug 15 2017 16:27:04 GMT+0800 (CST) ] {"err":0,"msg":"JfAXVAxFmtdCZqxqbXFg7fLmSRYgnTeZ1J"}
[ Tue Aug 15 2017 16:27:04 GMT+0800 (CST) ] time is 673
[ Tue Aug 15 2017 16:27:04 GMT+0800 (CST) ] {"err":0,"msg":"JP9MW3G6r5ofxTqmPXoScRFGu5am7JWrPC"}
[ Tue Aug 15 2017 16:27:04 GMT+0800 (CST) ] time is 674
[ Tue Aug 15 2017 16:27:04 GMT+0800 (CST) ] {"err":0,"msg":"JTP2Nf9hMfvRH3R1xnU3QSvUrmiDavkRM3"}
[ Tue Aug 15 2017 16:27:04 GMT+0800 (CST) ] time is 673
[ Tue Aug 15 2017 16:27:04 GMT+0800 (CST) ] {"err":0,"msg":"JUqmJKd3UWdsUj3Ji5V4vYYnPTBotNwwuN"}
[ Tue Aug 15 2017 16:27:04 GMT+0800 (CST) ] time is 675
[ Tue Aug 15 2017 16:27:04 GMT+0800 (CST) ] {"err":0,"msg":"JbTpaVX94WXDAdWmmHop5TpLU3PsZ8GPTJ"}
[ Tue Aug 15 2017 16:27:05 GMT+0800 (CST) ] time is 674
[ Tue Aug 15 2017 16:27:05 GMT+0800 (CST) ] {"err":0,"msg":"JZs1daDsjHkV1SU5otrEBVg8Nv4xyMD7Qk"}
[ Tue Aug 15 2017 16:27:05 GMT+0800 (CST) ] time is 675
[ Tue Aug 15 2017 16:27:05 GMT+0800 (CST) ] {"err":0,"msg":"JRFmQCk7Px3s41LxSxtz33xkuCdJYn6skh"}
[ Tue Aug 15 2017 16:27:05 GMT+0800 (CST) ] time is 674
[ Tue Aug 15 2017 16:27:05 GMT+0800 (CST) ] {"err":0,"msg":"JYGERCSXx2HzXYUv456PARpPBniLSVNgEy"}
[ Tue Aug 15 2017 16:27:05 GMT+0800 (CST) ] time is 676
[ Tue Aug 15 2017 16:27:05 GMT+0800 (CST) ] {"err":0,"msg":"JbLugo9xNjwRHkVLWZBBsJ3BA6aNT9ugzQ"}
[ Tue Aug 15 2017 16:27:05 GMT+0800 (CST) ] time is 675
[ Tue Aug 15 2017 16:27:05 GMT+0800 (CST) ] {"err":0,"msg":"JfJK19sbmSaFzTYZcWtkyC17etU6V5mDWt"}
[ Tue Aug 15 2017 16:27:05 GMT+0800 (CST) ] time is 676
[ Tue Aug 15 2017 16:27:05 GMT+0800 (CST) ] {"err":0,"msg":"JcisEurnz4ENpJ8qEqXWdUudTQXBWoVEbE"}
[ Tue Aug 15 2017 16:27:05 GMT+0800 (CST) ] time is 675
[ Tue Aug 15 2017 16:27:05 GMT+0800 (CST) ] {"err":0,"msg":"JdHm8qWn7pxDG3ttefDRkim1KHatF2sjVU"}
[ Tue Aug 15 2017 16:27:05 GMT+0800 (CST) ] time is 677
[ Tue Aug 15 2017 16:27:05 GMT+0800 (CST) ] {"err":0,"msg":"Jha6ZFDVCpcXMSExMTKe74NyeMycc6Z4PY"}
[ Tue Aug 15 2017 16:27:05 GMT+0800 (CST) ] time is 676
[ Tue Aug 15 2017 16:27:05 GMT+0800 (CST) ] {"err":0,"msg":"JdAHL9UXzVbzbynkEzFum1BNZNNE8JdkuP"}
[ Tue Aug 15 2017 16:27:05 GMT+0800 (CST) ] time is 677
[ Tue Aug 15 2017 16:27:05 GMT+0800 (CST) ] {"err":0,"msg":"Je2VWyAcXS74fHjq77nLNLZnkWZ7bJ8AYD"}
[ Tue Aug 15 2017 16:27:05 GMT+0800 (CST) ] time is 676
[ Tue Aug 15 2017 16:27:05 GMT+0800 (CST) ] {"err":0,"msg":"Jg1MaeGLJU2SK1nrYbjoeWNLKTA2Uu1D76"}
[ Tue Aug 15 2017 16:27:05 GMT+0800 (CST) ] time is 678
[ Tue Aug 15 2017 16:27:05 GMT+0800 (CST) ] {"err":0,"msg":"JSoVcFLuBoFjMo25BBDHXnzyQMKaRpbAWZ"}
[ Tue Aug 15 2017 16:27:05 GMT+0800 (CST) ] time is 677
[ Tue Aug 15 2017 16:27:05 GMT+0800 (CST) ] {"err":0,"msg":"JQmUrq72jqmtgBStjHFeKHtPspdsZ9kXWu"}
[ Tue Aug 15 2017 16:27:05 GMT+0800 (CST) ] time is 678
[ Tue Aug 15 2017 16:27:05 GMT+0800 (CST) ] {"err":0,"msg":"JSUcvJ4JJ2pMyzw1jHzKwxZy8s3BvQXVCV"}
[ Tue Aug 15 2017 16:27:05 GMT+0800 (CST) ] time is 677
[ Tue Aug 15 2017 16:27:05 GMT+0800 (CST) ] {"err":0,"msg":"JYR6tyyKSWjdTWnZEtSgtUjiapn7mAT6PA"}
[ Tue Aug 15 2017 16:27:05 GMT+0800 (CST) ] time is 679
[ Tue Aug 15 2017 16:27:05 GMT+0800 (CST) ] {"err":0,"msg":"JNXwJYnjfKvAAwuBT5xH3b3MmijRk8AsWn"}
[ Tue Aug 15 2017 16:27:05 GMT+0800 (CST) ] time is 678
[ Tue Aug 15 2017 16:27:05 GMT+0800 (CST) ] {"err":0,"msg":"JRDCCu4LzHbtjyQUvAbqTXY7JoC6hwAJQP"}
[ Tue Aug 15 2017 16:27:05 GMT+0800 (CST) ] time is 679
[ Tue Aug 15 2017 16:27:05 GMT+0800 (CST) ] {"err":0,"msg":"Jdf5BPGBFo3DPR5KsDBXGHLtmm8fnaXSMe"}
[ Tue Aug 15 2017 16:27:05 GMT+0800 (CST) ] time is 678
[ Tue Aug 15 2017 16:27:05 GMT+0800 (CST) ] {"err":0,"msg":"JdtoLRSMG1KY5HqQdaqwiAjK6HQ2xJksjr"}
[ Tue Aug 15 2017 16:27:05 GMT+0800 (CST) ] time is 680
[ Tue Aug 15 2017 16:27:05 GMT+0800 (CST) ] {"err":0,"msg":"JYRg9fsEe5QVGLkVDuuCJuguDCXXCczFxj"}
[ Tue Aug 15 2017 16:27:05 GMT+0800 (CST) ] time is 679
[ Tue Aug 15 2017 16:27:05 GMT+0800 (CST) ] {"err":0,"msg":"JbGyqcmCrFmTtw54UxFdtY2vjRZR6S3brB"}
[ Tue Aug 15 2017 16:27:05 GMT+0800 (CST) ] time is 680
[ Tue Aug 15 2017 16:27:05 GMT+0800 (CST) ] {"err":0,"msg":"JNqta7nevnJSDPx1ayuokWaaUnkxHwFWED"}
[ Tue Aug 15 2017 16:27:05 GMT+0800 (CST) ] time is 679
[ Tue Aug 15 2017 16:27:05 GMT+0800 (CST) ] {"err":0,"msg":"JVujfLasehv98ipHsucCvZx8SyxmULsGtW"}
[ Tue Aug 15 2017 16:27:05 GMT+0800 (CST) ] time is 681
[ Tue Aug 15 2017 16:27:05 GMT+0800 (CST) ] {"err":0,"msg":"JdTrq2e5Z8qe5mGNUrPdGFwLaNyebeSTQs"}
[ Tue Aug 15 2017 16:27:05 GMT+0800 (CST) ] time is 680
[ Tue Aug 15 2017 16:27:05 GMT+0800 (CST) ] {"err":0,"msg":"Jc4zfrUyJVgwGZ8QEPJEJEaaRthKJYHVWF"}
[ Tue Aug 15 2017 16:27:05 GMT+0800 (CST) ] time is 680
[ Tue Aug 15 2017 16:27:05 GMT+0800 (CST) ] {"err":0,"msg":"JfbAyeKsPnm8EKmDJci4XCkaMzAMstXFrd"}
[ Tue Aug 15 2017 16:27:05 GMT+0800 (CST) ] time is 682
[ Tue Aug 15 2017 16:27:05 GMT+0800 (CST) ] {"err":0,"msg":"JczugzbX7iKvaCbpkawvCh6n9Fmk6sB7sw"}
[ Tue Aug 15 2017 16:27:05 GMT+0800 (CST) ] time is 681
[ Tue Aug 15 2017 16:27:05 GMT+0800 (CST) ] {"err":0,"msg":"JYqvdaGpddKaiHAiCKrfcvURQRcxzBKwKD"}
[ Tue Aug 15 2017 16:27:05 GMT+0800 (CST) ] time is 681
[ Tue Aug 15 2017 16:27:05 GMT+0800 (CST) ] {"err":0,"msg":"JKkpzrDDRs2bYGi4Jv7XNhok7F1w7hmcji"}
[ Tue Aug 15 2017 16:27:05 GMT+0800 (CST) ] time is 681
[ Tue Aug 15 2017 16:27:05 GMT+0800 (CST) ] {"err":0,"msg":"JNjQDPLTStWTMNJ52vEByGB8wv5tb5Tjxf"}
[ Tue Aug 15 2017 16:27:05 GMT+0800 (CST) ] time is 683
[ Tue Aug 15 2017 16:27:05 GMT+0800 (CST) ] {"err":0,"msg":"JSq2Sz9kwNGVLFUnEY9mf3tq4f3PiEorW1"}
[ Tue Aug 15 2017 16:27:05 GMT+0800 (CST) ] time is 682
[ Tue Aug 15 2017 16:27:05 GMT+0800 (CST) ] {"err":0,"msg":"JdebdaCa5EZTJx9dbkmG52DXRD2SxtLe4y"}
[ Tue Aug 15 2017 16:27:05 GMT+0800 (CST) ] time is 682
[ Tue Aug 15 2017 16:27:05 GMT+0800 (CST) ] {"err":0,"msg":"JZSJZKN9XceAg9Si6WbmuCSfR6mnGfnYu2"}
[ Tue Aug 15 2017 16:27:05 GMT+0800 (CST) ] time is 682
[ Tue Aug 15 2017 16:27:05 GMT+0800 (CST) ] {"err":0,"msg":"JbyGNRPGuJUxfwP6cpBWCSHPfEb4vKqjqW"}
[ Tue Aug 15 2017 16:27:05 GMT+0800 (CST) ] time is 684
[ Tue Aug 15 2017 16:27:05 GMT+0800 (CST) ] {"err":0,"msg":"JVbcbjTNBbSugeqQwAeFtU7s15iKKPBsXi"}
[ Tue Aug 15 2017 16:27:05 GMT+0800 (CST) ] time is 683
[ Tue Aug 15 2017 16:27:05 GMT+0800 (CST) ] {"err":0,"msg":"JMWPnA5Jb1vMaLNRWzgS4dAoA3z3yqkkTk"}
[ Tue Aug 15 2017 16:27:05 GMT+0800 (CST) ] time is 683
[ Tue Aug 15 2017 16:27:05 GMT+0800 (CST) ] {"err":0,"msg":"JSQyJpSopqzckxPENG942pW3xtQVydD7ni"}
[ Tue Aug 15 2017 16:27:05 GMT+0800 (CST) ] time is 683
[ Tue Aug 15 2017 16:27:05 GMT+0800 (CST) ] {"err":0,"msg":"JaYKntiBpHYs7tGHqnunuG8XURStX8DTVu"}
[ Tue Aug 15 2017 16:27:05 GMT+0800 (CST) ] time is 685
[ Tue Aug 15 2017 16:27:05 GMT+0800 (CST) ] {"err":0,"msg":"JQVMF6QcuoxmhrzxXYbJtjmxVsX8Zqnrht"}
[ Tue Aug 15 2017 16:27:05 GMT+0800 (CST) ] time is 684
[ Tue Aug 15 2017 16:27:05 GMT+0800 (CST) ] {"err":0,"msg":"JUG9bd1pCMJiqjt5YSnJKa3TatDyZTsASZ"}
[ Tue Aug 15 2017 16:27:05 GMT+0800 (CST) ] time is 684
[ Tue Aug 15 2017 16:27:05 GMT+0800 (CST) ] {"err":0,"msg":"JanmQxwmJUASpZEjr56jRr5UTyUt9n5PZR"}
[ Tue Aug 15 2017 16:27:05 GMT+0800 (CST) ] time is 684
[ Tue Aug 15 2017 16:27:05 GMT+0800 (CST) ] {"err":0,"msg":"JetH3z87VyxDLan51REzEQt9ak7eqygmkR"}
[ Tue Aug 15 2017 16:27:05 GMT+0800 (CST) ] time is 686
[ Tue Aug 15 2017 16:27:05 GMT+0800 (CST) ] {"err":0,"msg":"JKQXz6Zu7Azew3hrcmgiGfu973Q49MgWJ6"}
[ Tue Aug 15 2017 16:27:05 GMT+0800 (CST) ] time is 685
[ Tue Aug 15 2017 16:27:05 GMT+0800 (CST) ] {"err":0,"msg":"JMC68WutRuyBq2wk7jbFeSr1jH4sE6Nxm5"}
[ Tue Aug 15 2017 16:27:05 GMT+0800 (CST) ] time is 685
[ Tue Aug 15 2017 16:27:05 GMT+0800 (CST) ] {"err":0,"msg":"JQkNc6BkiB8GMxwehmRJ8cE95XwUXhFx9x"}
[ Tue Aug 15 2017 16:27:05 GMT+0800 (CST) ] time is 685
[ Tue Aug 15 2017 16:27:05 GMT+0800 (CST) ] {"err":0,"msg":"JhErTpJwrPTyjRUYVL879PK5aZ43UoFssg"}
[ Tue Aug 15 2017 16:27:05 GMT+0800 (CST) ] time is 687
[ Tue Aug 15 2017 16:27:05 GMT+0800 (CST) ] {"err":0,"msg":"JZbBhF7RaE2CU91k7HHiD3ASYXdHuyRRbh"}
[ Tue Aug 15 2017 16:27:05 GMT+0800 (CST) ] time is 686
[ Tue Aug 15 2017 16:27:05 GMT+0800 (CST) ] {"err":0,"msg":"JZ8RR4TSU3scAzPgbZVUL8UnE7nTKEJ224"}
[ Tue Aug 15 2017 16:27:05 GMT+0800 (CST) ] time is 686
[ Tue Aug 15 2017 16:27:05 GMT+0800 (CST) ] {"err":0,"msg":"JfkwZbkZLyBMvhT2VLmdybkBJgfbbxzyqL"}
[ Tue Aug 15 2017 16:27:05 GMT+0800 (CST) ] time is 686
[ Tue Aug 15 2017 16:27:05 GMT+0800 (CST) ] {"err":0,"msg":"JPpDBGrYXdG3QmTvU91WsDYviJdcDbFdZM"}
[ Tue Aug 15 2017 16:27:05 GMT+0800 (CST) ] time is 688
[ Tue Aug 15 2017 16:27:05 GMT+0800 (CST) ] {"err":0,"msg":"JXtvt9NbeKhdyACtAkjLmy9HYnYr2ies6E"}
[ Tue Aug 15 2017 16:27:05 GMT+0800 (CST) ] time is 687
[ Tue Aug 15 2017 16:27:05 GMT+0800 (CST) ] {"err":0,"msg":"Jb4Rg6uRazDPLwJ4pTUZsLNMsMsQdQ8XUb"}
[ Tue Aug 15 2017 16:27:05 GMT+0800 (CST) ] time is 687
[ Tue Aug 15 2017 16:27:05 GMT+0800 (CST) ] {"err":0,"msg":"JYEAeREhQzYPqnpjzxX7V7KFDwj6n8MBqr"}
[ Tue Aug 15 2017 16:27:05 GMT+0800 (CST) ] time is 687
[ Tue Aug 15 2017 16:27:05 GMT+0800 (CST) ] {"err":0,"msg":"Je7cNXdQcCUuvGoWFcMYKExn6oErt2HXmB"}
[ Tue Aug 15 2017 16:27:05 GMT+0800 (CST) ] time is 689
[ Tue Aug 15 2017 16:27:05 GMT+0800 (CST) ] {"err":0,"msg":"JS6EHPbfkNRirNkFwMTDHo58chpnipTrJ2"}
[ Tue Aug 15 2017 16:27:05 GMT+0800 (CST) ] time is 688
[ Tue Aug 15 2017 16:27:05 GMT+0800 (CST) ] {"err":0,"msg":"JK2PAyP1zqoRZ39jxTcitUA7tzVX3wWtn3"}
[ Tue Aug 15 2017 16:27:05 GMT+0800 (CST) ] time is 688
[ Tue Aug 15 2017 16:27:05 GMT+0800 (CST) ] {"err":0,"msg":"JKJ2J7bYWoJvVRW2ERxNCbMgJZa5GUpYZt"}
[ Tue Aug 15 2017 16:27:05 GMT+0800 (CST) ] time is 688
[ Tue Aug 15 2017 16:27:05 GMT+0800 (CST) ] {"err":0,"msg":"JNfUVN669AJVqpcKEt44JHCUXjdypYAGVX"}
[ Tue Aug 15 2017 16:27:05 GMT+0800 (CST) ] time is 690
[ Tue Aug 15 2017 16:27:05 GMT+0800 (CST) ] {"err":0,"msg":"JRDyYijnkeNLAzyKfRRqi7esJ956nDeDEZ"}
[ Tue Aug 15 2017 16:27:05 GMT+0800 (CST) ] time is 689
[ Tue Aug 15 2017 16:27:05 GMT+0800 (CST) ] {"err":0,"msg":"JcsJ9ZwbHWQJjM9ZXFADeM7cBmo5cq19rd"}
[ Tue Aug 15 2017 16:27:05 GMT+0800 (CST) ] time is 689
[ Tue Aug 15 2017 16:27:05 GMT+0800 (CST) ] {"err":0,"msg":"JPorwmwuj8HFEdnjpvuYH1mCANRyxjkkSu"}
[ Tue Aug 15 2017 16:27:05 GMT+0800 (CST) ] time is 689
[ Tue Aug 15 2017 16:27:05 GMT+0800 (CST) ] {"err":0,"msg":"JTsXiriqqLLM5XSisaoaXzfeTj8RYXNtjq"}
[ Tue Aug 15 2017 16:27:05 GMT+0800 (CST) ] time is 691
[ Tue Aug 15 2017 16:27:05 GMT+0800 (CST) ] {"err":0,"msg":"JKA9pfE5kuikJBLqQUfm8A1u7BD842YKZs"}
[ Tue Aug 15 2017 16:27:05 GMT+0800 (CST) ] time is 690
[ Tue Aug 15 2017 16:27:05 GMT+0800 (CST) ] {"err":0,"msg":"JNRsEbe7dFSXoeH8oPvCWHMB5rJvPt4jdx"}
[ Tue Aug 15 2017 16:27:05 GMT+0800 (CST) ] time is 690
[ Tue Aug 15 2017 16:27:05 GMT+0800 (CST) ] {"err":0,"msg":"JRJ2GRRBgydQG89Mw5uSELe9mB7zW1un9L"}
[ Tue Aug 15 2017 16:27:05 GMT+0800 (CST) ] time is 690
[ Tue Aug 15 2017 16:27:05 GMT+0800 (CST) ] {"err":0,"msg":"Jf32awTNSKLgMNBw4rDy6YaYPvjGNScnL6"}
[ Tue Aug 15 2017 16:27:05 GMT+0800 (CST) ] time is 692
[ Tue Aug 15 2017 16:27:05 GMT+0800 (CST) ] {"err":0,"msg":"JJxufMDRoZXjkme6hKttRsKJrFnGwwxsu2"}
[ Tue Aug 15 2017 16:27:05 GMT+0800 (CST) ] time is 691
[ Tue Aug 15 2017 16:27:05 GMT+0800 (CST) ] {"err":0,"msg":"JQj1RTgZgbxZ86hawAjxe3oe2Q3oE2jKCe"}
[ Tue Aug 15 2017 16:27:05 GMT+0800 (CST) ] time is 691
[ Tue Aug 15 2017 16:27:05 GMT+0800 (CST) ] {"err":0,"msg":"JcEJiTYN32pKu5TGy26VSXZPtK6atGVDJv"}
[ Tue Aug 15 2017 16:27:05 GMT+0800 (CST) ] time is 691
[ Tue Aug 15 2017 16:27:05 GMT+0800 (CST) ] {"err":0,"msg":"JUZh7xy6ri9MNzEW5qokdPcuACJHAFzXiZ"}
[ Tue Aug 15 2017 16:27:05 GMT+0800 (CST) ] time is 693
[ Tue Aug 15 2017 16:27:05 GMT+0800 (CST) ] {"err":0,"msg":"JSvuWvmLnkKpvfUK4jz4bYbJrxn6Nhs9hg"}
[ Tue Aug 15 2017 16:27:05 GMT+0800 (CST) ] time is 692
[ Tue Aug 15 2017 16:27:05 GMT+0800 (CST) ] {"err":0,"msg":"JgA3ky23WYnDR2jBmkyoXbxYXhFrEuL9rq"}
[ Tue Aug 15 2017 16:27:06 GMT+0800 (CST) ] time is 692
[ Tue Aug 15 2017 16:27:06 GMT+0800 (CST) ] {"err":0,"msg":"JVdpMyW2sJ3hFYuCpSfrUBktFTpFviPRtC"}
[ Tue Aug 15 2017 16:27:06 GMT+0800 (CST) ] time is 692
[ Tue Aug 15 2017 16:27:06 GMT+0800 (CST) ] {"err":0,"msg":"JSzUhkkYSp1qB5jGwQFyQQEWyfopYDWxaS"}
[ Tue Aug 15 2017 16:27:06 GMT+0800 (CST) ] time is 694
[ Tue Aug 15 2017 16:27:06 GMT+0800 (CST) ] {"err":0,"msg":"Jc5Kimm1XtjGGn6CNhdWNgnXXnUxqCFqoH"}
[ Tue Aug 15 2017 16:27:06 GMT+0800 (CST) ] time is 693
[ Tue Aug 15 2017 16:27:06 GMT+0800 (CST) ] {"err":0,"msg":"JR8JVjJF8xmoanMXnJnELwiNgJHmqtCemP"}
[ Tue Aug 15 2017 16:27:06 GMT+0800 (CST) ] time is 693
[ Tue Aug 15 2017 16:27:06 GMT+0800 (CST) ] {"err":0,"msg":"JMeCKfyKKCLHKt332FAQUJfSDc33LYCkzy"}
[ Tue Aug 15 2017 16:27:06 GMT+0800 (CST) ] time is 693
[ Tue Aug 15 2017 16:27:06 GMT+0800 (CST) ] {"err":0,"msg":"JWxCDCMzbj97sSCCjJnUwpRCi3DjZgTEfz"}
[ Tue Aug 15 2017 16:27:06 GMT+0800 (CST) ] time is 695
[ Tue Aug 15 2017 16:27:06 GMT+0800 (CST) ] {"err":0,"msg":"JgKTUqpMERSP8M9qpZoqCk3AwqbYKyb9gN"}
[ Tue Aug 15 2017 16:27:06 GMT+0800 (CST) ] time is 694
[ Tue Aug 15 2017 16:27:06 GMT+0800 (CST) ] {"err":0,"msg":"JXcM1XpRxYE6CnXi8iGyEta1Cx4xMwYj9i"}
[ Tue Aug 15 2017 16:27:06 GMT+0800 (CST) ] time is 694
[ Tue Aug 15 2017 16:27:06 GMT+0800 (CST) ] {"err":0,"msg":"JagovAYu3Tf1wKs6RuLDF4TWRRLLe56qv2"}
[ Tue Aug 15 2017 16:27:06 GMT+0800 (CST) ] time is 694
[ Tue Aug 15 2017 16:27:06 GMT+0800 (CST) ] {"err":0,"msg":"JbWhkpHN9sDpTvddEEbncSHQ87Xobcf9wS"}
[ Tue Aug 15 2017 16:27:06 GMT+0800 (CST) ] time is 696
[ Tue Aug 15 2017 16:27:06 GMT+0800 (CST) ] {"err":0,"msg":"JbPsMirVdB7qXLrk847ZCexmdQ5WmRwuv4"}
[ Tue Aug 15 2017 16:27:06 GMT+0800 (CST) ] {"err":0,"msg":"JgdDA12XehU9kBEi8nkidmQn57U8jye2H7"}
[ Tue Aug 15 2017 16:27:06 GMT+0800 (CST) ] time is 695
[ Tue Aug 15 2017 16:27:06 GMT+0800 (CST) ] time is 695
[ Tue Aug 15 2017 16:27:06 GMT+0800 (CST) ] {"err":0,"msg":"JaK6GFBYSvNCveZ8V5qCUapa85zUd7RRdt"}
[ Tue Aug 15 2017 16:27:06 GMT+0800 (CST) ] time is 695
[ Tue Aug 15 2017 16:27:06 GMT+0800 (CST) ] {"err":0,"msg":"JWiGgXtfmaN8PACjsoYXeu4aub4hLYq1eo"}
[ Tue Aug 15 2017 16:27:06 GMT+0800 (CST) ] time is 697
[ Tue Aug 15 2017 16:27:06 GMT+0800 (CST) ] {"err":0,"msg":"JVwWhbJzxq5z5Ej8PCcPQSeJm5cg8JJXLV"}
[ Tue Aug 15 2017 16:27:06 GMT+0800 (CST) ] time is 696
[ Tue Aug 15 2017 16:27:06 GMT+0800 (CST) ] {"err":0,"msg":"JMscM2dJizCyygRdJbCXukZFVR1ZMYtDUC"}
[ Tue Aug 15 2017 16:27:06 GMT+0800 (CST) ] time is 696
[ Tue Aug 15 2017 16:27:06 GMT+0800 (CST) ] {"err":0,"msg":"JK3xpk3dE3iG8rvVPAEe1zgDJ481pzewK1"}
[ Tue Aug 15 2017 16:27:06 GMT+0800 (CST) ] time is 696
[ Tue Aug 15 2017 16:27:06 GMT+0800 (CST) ] {"err":0,"msg":"JNhNdfJRHYD5Fwo7nNN1VbHSJFabCKRzQo"}
[ Tue Aug 15 2017 16:27:06 GMT+0800 (CST) ] time is 698
[ Tue Aug 15 2017 16:27:06 GMT+0800 (CST) ] {"err":0,"msg":"JWqAq3xWQYy3QmKnbUmbARjfY3ndNwqGwp"}
[ Tue Aug 15 2017 16:27:06 GMT+0800 (CST) ] time is 697
[ Tue Aug 15 2017 16:27:06 GMT+0800 (CST) ] {"err":0,"msg":"JbkgQ6r4ag9bcatGDbva5BuP9B7RHH2UWw"}
[ Tue Aug 15 2017 16:27:06 GMT+0800 (CST) ] time is 697
[ Tue Aug 15 2017 16:27:06 GMT+0800 (CST) ] {"err":0,"msg":"JKsnEx8ZDY7b4Buk2GTjgCkYvk3gyju2KB"}
[ Tue Aug 15 2017 16:27:06 GMT+0800 (CST) ] time is 697
[ Tue Aug 15 2017 16:27:06 GMT+0800 (CST) ] {"err":0,"msg":"JTWv4B7eaZ6pm1u2oTPbGJkbsbwv24YT3W"}
[ Tue Aug 15 2017 16:27:06 GMT+0800 (CST) ] time is 699
[ Tue Aug 15 2017 16:27:06 GMT+0800 (CST) ] {"err":0,"msg":"Jg9oT6qRiL4D7xFfbbW73QTSt9Sdn1XAHF"}
[ Tue Aug 15 2017 16:27:06 GMT+0800 (CST) ] time is 698
[ Tue Aug 15 2017 16:27:06 GMT+0800 (CST) ] {"err":0,"msg":"JZamgwxRvMw9friyv44MNVDeceTYz8H6mV"}
[ Tue Aug 15 2017 16:27:06 GMT+0800 (CST) ] time is 698
[ Tue Aug 15 2017 16:27:06 GMT+0800 (CST) ] {"err":0,"msg":"JcQNF62hjYvdxdaAU8PSmEMw9GCF9KvZQM"}
[ Tue Aug 15 2017 16:27:06 GMT+0800 (CST) ] {"err":0,"msg":"Jf64SYpie7R4SHt3EsehesN5KMNtzKDQyH"}
[ Tue Aug 15 2017 16:27:06 GMT+0800 (CST) ] time is 698
[ Tue Aug 15 2017 16:27:06 GMT+0800 (CST) ] {"err":0,"msg":"JhahJWMRhyPdtufWMY8aWSwPotfH2gdaQu"}
[ Tue Aug 15 2017 16:27:06 GMT+0800 (CST) ] time is 700
[ Tue Aug 15 2017 16:27:06 GMT+0800 (CST) ] time is 699
[ Tue Aug 15 2017 16:27:06 GMT+0800 (CST) ] {"err":0,"msg":"JSVChHytzqFv49VVHrqgZT4tpWeN6qSrUM"}
[ Tue Aug 15 2017 16:27:06 GMT+0800 (CST) ] time is 699
[ Tue Aug 15 2017 16:27:06 GMT+0800 (CST) ] {"err":0,"msg":"JMUKf3cuJERRAr2vZ4bUVqjsTQJWU4XdzZ"}
[ Tue Aug 15 2017 16:27:06 GMT+0800 (CST) ] time is 699
[ Tue Aug 15 2017 16:27:06 GMT+0800 (CST) ] {"err":0,"msg":"JKux4J1h1cUcpLiNwzAAMa9BuySp12koME"}
[ Tue Aug 15 2017 16:27:06 GMT+0800 (CST) ] time is 701
[ Tue Aug 15 2017 16:27:06 GMT+0800 (CST) ] {"err":0,"msg":"JNQu4dRebu5yYA8w8Ywhkk8GPMokCMCwiR"}
[ Tue Aug 15 2017 16:27:06 GMT+0800 (CST) ] time is 700
[ Tue Aug 15 2017 16:27:06 GMT+0800 (CST) ] {"err":0,"msg":"JfcEKjxmGTPfg7d1br9CDs98KBohVN5aAk"}
[ Tue Aug 15 2017 16:27:06 GMT+0800 (CST) ] time is 700
[ Tue Aug 15 2017 16:27:06 GMT+0800 (CST) ] {"err":0,"msg":"JZSn2meDMEL3SWYNyXtXXnrY8erj2kFniU"}
[ Tue Aug 15 2017 16:27:06 GMT+0800 (CST) ] time is 700
[ Tue Aug 15 2017 16:27:06 GMT+0800 (CST) ] {"err":0,"msg":"JX63WBwsDhn6ZpnCWrpWbGFJSwLjJQf58S"}
[ Tue Aug 15 2017 16:27:06 GMT+0800 (CST) ] time is 702
[ Tue Aug 15 2017 16:27:06 GMT+0800 (CST) ] {"err":0,"msg":"JVeUfV9ffuNU1oHkqWLjH6WS4okvbDpDBM"}
[ Tue Aug 15 2017 16:27:06 GMT+0800 (CST) ] time is 701
[ Tue Aug 15 2017 16:27:06 GMT+0800 (CST) ] {"err":0,"msg":"JJbNFgcXf4ReHbbHFwtueQMX6xtypx3V7g"}
[ Tue Aug 15 2017 16:27:06 GMT+0800 (CST) ] time is 701
[ Tue Aug 15 2017 16:27:06 GMT+0800 (CST) ] {"err":0,"msg":"JULAw9viZj5Y3FwWmM9vRFX7RHBEez8Z75"}
[ Tue Aug 15 2017 16:27:06 GMT+0800 (CST) ] time is 701
[ Tue Aug 15 2017 16:27:06 GMT+0800 (CST) ] {"err":0,"msg":"Jggi9bqBw6KeQ3Mue7YyijitkmUPGHm1Y3"}
[ Tue Aug 15 2017 16:27:06 GMT+0800 (CST) ] time is 703
[ Tue Aug 15 2017 16:27:06 GMT+0800 (CST) ] {"err":0,"msg":"JNpUXc4d4kf5rAuDqAAe3pwptmHrF1Jzf8"}
[ Tue Aug 15 2017 16:27:06 GMT+0800 (CST) ] time is 702
[ Tue Aug 15 2017 16:27:06 GMT+0800 (CST) ] {"err":0,"msg":"JTE6RVzQpXVHzykoURAP3658fv8ixAkXky"}
[ Tue Aug 15 2017 16:27:06 GMT+0800 (CST) ] time is 702
[ Tue Aug 15 2017 16:27:06 GMT+0800 (CST) ] {"err":0,"msg":"JK3H9KfgHWepnEr91uKrFpkmtwxPjrB5Nb"}
[ Tue Aug 15 2017 16:27:06 GMT+0800 (CST) ] time is 702
[ Tue Aug 15 2017 16:27:06 GMT+0800 (CST) ] {"err":0,"msg":"JcJzt7s56s5M5zLSvPzQPrHJM8thre2zgS"}
[ Tue Aug 15 2017 16:27:06 GMT+0800 (CST) ] time is 704
[ Tue Aug 15 2017 16:27:06 GMT+0800 (CST) ] {"err":0,"msg":"JUFXkcUgeMGpivdRZQF3WVXYLXGGGCqrDL"}
[ Tue Aug 15 2017 16:27:06 GMT+0800 (CST) ] time is 703
[ Tue Aug 15 2017 16:27:06 GMT+0800 (CST) ] {"err":0,"msg":"JdR88FSo13tUuuXV9aESGM9QTbBqitoKw1"}
[ Tue Aug 15 2017 16:27:06 GMT+0800 (CST) ] time is 703
[ Tue Aug 15 2017 16:27:06 GMT+0800 (CST) ] {"err":0,"msg":"JWNGpg8LYbLuSA8Giim4WyBo8WqMjRG8UY"}
[ Tue Aug 15 2017 16:27:06 GMT+0800 (CST) ] time is 703
[ Tue Aug 15 2017 16:27:06 GMT+0800 (CST) ] {"err":0,"msg":"JRCnqJPZAqTpVqnfhaRUjPphZ1CuEndEAK"}
[ Tue Aug 15 2017 16:27:06 GMT+0800 (CST) ] time is 705
[ Tue Aug 15 2017 16:27:06 GMT+0800 (CST) ] {"err":0,"msg":"JMWAmCQJ3DPcSkqkYqnpiY2F1jPvTGPYuq"}
[ Tue Aug 15 2017 16:27:06 GMT+0800 (CST) ] time is 704
[ Tue Aug 15 2017 16:27:06 GMT+0800 (CST) ] {"err":0,"msg":"JXBF7kozpNS8HQTzuXsRh5uEEN5h2DkWJA"}
[ Tue Aug 15 2017 16:27:06 GMT+0800 (CST) ] time is 704
[ Tue Aug 15 2017 16:27:06 GMT+0800 (CST) ] {"err":0,"msg":"JUdubDdhqLKqcwm9ZboqF65wGyuVuz7tya"}
[ Tue Aug 15 2017 16:27:06 GMT+0800 (CST) ] time is 704
[ Tue Aug 15 2017 16:27:06 GMT+0800 (CST) ] {"err":0,"msg":"JLGTrv5n9EucySkFCywygcu82CvorHYhV4"}
[ Tue Aug 15 2017 16:27:06 GMT+0800 (CST) ] time is 706
[ Tue Aug 15 2017 16:27:06 GMT+0800 (CST) ] {"err":0,"msg":"JLbaSgqSzttsogybhzgaYDo8zUyDpLJBvp"}
[ Tue Aug 15 2017 16:27:06 GMT+0800 (CST) ] time is 705
[ Tue Aug 15 2017 16:27:06 GMT+0800 (CST) ] {"err":0,"msg":"JMYMch8m3pdsTP6EnQY1esiTMXiUSNjqYV"}
[ Tue Aug 15 2017 16:27:06 GMT+0800 (CST) ] time is 705
[ Tue Aug 15 2017 16:27:06 GMT+0800 (CST) ] {"err":0,"msg":"JdXvSXZYcQEXNgvyYqXEsCVLU9z3jG4uTd"}
[ Tue Aug 15 2017 16:27:06 GMT+0800 (CST) ] time is 705
[ Tue Aug 15 2017 16:27:06 GMT+0800 (CST) ] {"err":0,"msg":"JSzdSX5uzdYXNxdPgA2eeENz7Vwnq3w7uk"}
[ Tue Aug 15 2017 16:27:06 GMT+0800 (CST) ] time is 707
[ Tue Aug 15 2017 16:27:06 GMT+0800 (CST) ] {"err":0,"msg":"JcifEJtn8SwGLF3RriXJK4SVszVjVFHggr"}
[ Tue Aug 15 2017 16:27:06 GMT+0800 (CST) ] time is 706
[ Tue Aug 15 2017 16:27:06 GMT+0800 (CST) ] {"err":0,"msg":"JUvAJ3KMBhUTcvLLtPjNjNHXUWokbMUxAW"}
[ Tue Aug 15 2017 16:27:06 GMT+0800 (CST) ] time is 706
[ Tue Aug 15 2017 16:27:06 GMT+0800 (CST) ] {"err":0,"msg":"JNeLPKYcanrorbcuQJ2ZZ9BDf5jk75Y66j"}
[ Tue Aug 15 2017 16:27:06 GMT+0800 (CST) ] time is 706
[ Tue Aug 15 2017 16:27:06 GMT+0800 (CST) ] {"err":0,"msg":"JWnAWUS2fjxJykJy2yaBDLm4opF3H36HGw"}
[ Tue Aug 15 2017 16:27:06 GMT+0800 (CST) ] time is 708
[ Tue Aug 15 2017 16:27:06 GMT+0800 (CST) ] {"err":0,"msg":"Jcg5F4k7jUz2cyAvijAD6HpNvYi77G2sVQ"}
[ Tue Aug 15 2017 16:27:06 GMT+0800 (CST) ] time is 707
[ Tue Aug 15 2017 16:27:06 GMT+0800 (CST) ] {"err":0,"msg":"JcgQpbN61hmjtxn9fMKs8G5oWS7NRgUKqV"}
[ Tue Aug 15 2017 16:27:06 GMT+0800 (CST) ] time is 707
[ Tue Aug 15 2017 16:27:06 GMT+0800 (CST) ] {"err":0,"msg":"JNEFG2cW44NwFco7LiokEXzZYZ5xvRo89f"}
[ Tue Aug 15 2017 16:27:06 GMT+0800 (CST) ] time is 707
[ Tue Aug 15 2017 16:27:06 GMT+0800 (CST) ] {"err":0,"msg":"JVwXHkd7CuffKoZ2EGr1rroRyVEabqmmGN"}
[ Tue Aug 15 2017 16:27:06 GMT+0800 (CST) ] time is 709
[ Tue Aug 15 2017 16:27:06 GMT+0800 (CST) ] {"err":0,"msg":"JTVzXQaVuA8iW4bCdFNv2KKFDzyKSXjZMp"}
[ Tue Aug 15 2017 16:27:06 GMT+0800 (CST) ] time is 708
[ Tue Aug 15 2017 16:27:06 GMT+0800 (CST) ] {"err":0,"msg":"JXo36oU4NpNLJFWUVu16RNCU3iEmXAY5SZ"}
[ Tue Aug 15 2017 16:27:06 GMT+0800 (CST) ] time is 708
[ Tue Aug 15 2017 16:27:06 GMT+0800 (CST) ] {"err":0,"msg":"JZTQezCTWqctgRdMfZE5DZeAxhaZtDvWND"}
[ Tue Aug 15 2017 16:27:06 GMT+0800 (CST) ] time is 708
[ Tue Aug 15 2017 16:27:06 GMT+0800 (CST) ] {"err":0,"msg":"JgJcthX4YdYHizXaNYVBZbcseFxr6xa6Va"}
[ Tue Aug 15 2017 16:27:06 GMT+0800 (CST) ] time is 710
[ Tue Aug 15 2017 16:27:06 GMT+0800 (CST) ] {"err":0,"msg":"JhkKkf97edvqLZQR3NqsM3nHG5eGUeSKbD"}
[ Tue Aug 15 2017 16:27:06 GMT+0800 (CST) ] time is 709
[ Tue Aug 15 2017 16:27:06 GMT+0800 (CST) ] {"err":0,"msg":"JSMKoTjsKC7dkA8aoo4mpMWE5Pae4xBhtd"}
[ Tue Aug 15 2017 16:27:06 GMT+0800 (CST) ] time is 709
[ Tue Aug 15 2017 16:27:06 GMT+0800 (CST) ] {"err":0,"msg":"JZLpwjZr4YWvgNXCfysQQgSHmYXWqmjxcA"}
[ Tue Aug 15 2017 16:27:06 GMT+0800 (CST) ] time is 709
[ Tue Aug 15 2017 16:27:06 GMT+0800 (CST) ] {"err":0,"msg":"JTbX3kqe65JuguKTm2zVGZC63EKrUGwhED"}
[ Tue Aug 15 2017 16:27:06 GMT+0800 (CST) ] time is 711
[ Tue Aug 15 2017 16:27:06 GMT+0800 (CST) ] {"err":0,"msg":"JhpkCRPXQFdD8o8pELvMNCDBTzamfdrpgq"}
[ Tue Aug 15 2017 16:27:06 GMT+0800 (CST) ] time is 710
[ Tue Aug 15 2017 16:27:06 GMT+0800 (CST) ] {"err":0,"msg":"JSuHjzFSvnR1nuNoE6CCzCQNQYcqFSTNEa"}
[ Tue Aug 15 2017 16:27:06 GMT+0800 (CST) ] time is 710
[ Tue Aug 15 2017 16:27:06 GMT+0800 (CST) ] {"err":0,"msg":"JeKhXANJGLayy6nhAAC52FV59W18csFzM7"}
[ Tue Aug 15 2017 16:27:06 GMT+0800 (CST) ] time is 710
[ Tue Aug 15 2017 16:27:06 GMT+0800 (CST) ] {"err":0,"msg":"JQVhXXKc8rbFSd2HhjfUPKtS82CMm8fuDs"}
[ Tue Aug 15 2017 16:27:06 GMT+0800 (CST) ] time is 712
[ Tue Aug 15 2017 16:27:06 GMT+0800 (CST) ] {"err":0,"msg":"JcRXhbgBQPQnocMpmg7fjjQnVdb6SYcQAx"}
[ Tue Aug 15 2017 16:27:06 GMT+0800 (CST) ] time is 711
[ Tue Aug 15 2017 16:27:06 GMT+0800 (CST) ] {"err":0,"msg":"JUR2P81aZqWZ1k8hEjh22c4T7fo3YdnYQP"}
[ Tue Aug 15 2017 16:27:06 GMT+0800 (CST) ] time is 711
[ Tue Aug 15 2017 16:27:06 GMT+0800 (CST) ] {"err":0,"msg":"JfSB9cxKZVQMyNsSZPHs4bCdmYrUojyik2"}
[ Tue Aug 15 2017 16:27:07 GMT+0800 (CST) ] time is 711
[ Tue Aug 15 2017 16:27:07 GMT+0800 (CST) ] {"err":0,"msg":"JRx6R9NopsaBCk89BHuGXj54UDAnkRmAYy"}
[ Tue Aug 15 2017 16:27:07 GMT+0800 (CST) ] time is 713
[ Tue Aug 15 2017 16:27:07 GMT+0800 (CST) ] {"err":0,"msg":"JdAM4Z5u2xH7V8yEjD6RVjRYh4cW9wRSH6"}
[ Tue Aug 15 2017 16:27:07 GMT+0800 (CST) ] time is 712
[ Tue Aug 15 2017 16:27:07 GMT+0800 (CST) ] {"err":0,"msg":"JUseRKju8DWVo5NrkAUEpHrdJEF6WTpXzw"}
[ Tue Aug 15 2017 16:27:07 GMT+0800 (CST) ] time is 712
[ Tue Aug 15 2017 16:27:07 GMT+0800 (CST) ] {"err":0,"msg":"JgxA2zn2a1KFk5oZcv4cjexKW93Mip3qFn"}
[ Tue Aug 15 2017 16:27:07 GMT+0800 (CST) ] time is 712
[ Tue Aug 15 2017 16:27:07 GMT+0800 (CST) ] {"err":0,"msg":"JYFD1iphM4Qp7guup9kSz8GS4Yt1DkCpMv"}
[ Tue Aug 15 2017 16:27:07 GMT+0800 (CST) ] time is 714
[ Tue Aug 15 2017 16:27:07 GMT+0800 (CST) ] {"err":0,"msg":"JacnyDMRMYVPQEm9c7QMb7YLnyTQfgbb1N"}
[ Tue Aug 15 2017 16:27:07 GMT+0800 (CST) ] time is 713
[ Tue Aug 15 2017 16:27:07 GMT+0800 (CST) ] {"err":0,"msg":"JR2VrabhGjKgrJv585f5Dsf6prhJx3kUjj"}
[ Tue Aug 15 2017 16:27:07 GMT+0800 (CST) ] time is 713
[ Tue Aug 15 2017 16:27:07 GMT+0800 (CST) ] {"err":0,"msg":"JVAdPxDbnRbnp9USwtHhck83QYJWEKUen4"}
[ Tue Aug 15 2017 16:27:07 GMT+0800 (CST) ] {"err":0,"msg":"JWTppvsRsxZbJ8XdHATYMyeXCJvZKr8ESA"}
[ Tue Aug 15 2017 16:27:07 GMT+0800 (CST) ] time is 713
[ Tue Aug 15 2017 16:27:07 GMT+0800 (CST) ] time is 715
[ Tue Aug 15 2017 16:27:07 GMT+0800 (CST) ] {"err":0,"msg":"JgJmfNfjRA9iwTU4buKkk875mmQj1ZcbBf"}
[ Tue Aug 15 2017 16:27:07 GMT+0800 (CST) ] time is 714
[ Tue Aug 15 2017 16:27:07 GMT+0800 (CST) ] {"err":0,"msg":"JLGAoh8t4tVQtM72kZzDtBNgu3HgrSxazC"}
[ Tue Aug 15 2017 16:27:07 GMT+0800 (CST) ] time is 714
[ Tue Aug 15 2017 16:27:07 GMT+0800 (CST) ] {"err":0,"msg":"JeVMbMQaKjdrP7SbNTmQcnDsqs68x5zbsJ"}
[ Tue Aug 15 2017 16:27:07 GMT+0800 (CST) ] time is 716
[ Tue Aug 15 2017 16:27:07 GMT+0800 (CST) ] {"err":0,"msg":"JLLy34wAFcAZaFgpPZyixNnzR1yFYdLX6P"}
[ Tue Aug 15 2017 16:27:07 GMT+0800 (CST) ] {"err":0,"msg":"JY9kbV2YYAPQck5tFbicyjexfBGrqeMPnr"}
[ Tue Aug 15 2017 16:27:07 GMT+0800 (CST) ] time is 714
[ Tue Aug 15 2017 16:27:07 GMT+0800 (CST) ] time is 715
[ Tue Aug 15 2017 16:27:07 GMT+0800 (CST) ] {"err":0,"msg":"JP8de3qgoPRT5Fe9BkgcAoWGnv7V2ctsVt"}
[ Tue Aug 15 2017 16:27:07 GMT+0800 (CST) ] time is 715
[ Tue Aug 15 2017 16:27:07 GMT+0800 (CST) ] {"err":0,"msg":"JUicTMxxb7c3J3PNJ8M1GcCaGse6L2S2fi"}
[ Tue Aug 15 2017 16:27:07 GMT+0800 (CST) ] time is 717
[ Tue Aug 15 2017 16:27:07 GMT+0800 (CST) ] {"err":0,"msg":"JbdsXpQbLQDcxr3WojNYZTvGLzLWgRP4Z2"}
[ Tue Aug 15 2017 16:27:07 GMT+0800 (CST) ] time is 715
[ Tue Aug 15 2017 16:27:07 GMT+0800 (CST) ] {"err":0,"msg":"JQCfpYfkgpKiGDZJuPNXLAADoJFKgJXD2g"}
[ Tue Aug 15 2017 16:27:07 GMT+0800 (CST) ] time is 716
[ Tue Aug 15 2017 16:27:07 GMT+0800 (CST) ] {"err":0,"msg":"JcsvgmNC7HGYJ5XgwhkjJAHgVopkGzrsDp"}
[ Tue Aug 15 2017 16:27:07 GMT+0800 (CST) ] time is 716
[ Tue Aug 15 2017 16:27:07 GMT+0800 (CST) ] {"err":0,"msg":"JUuMijtH2e1bCgDKksxz1WcKGDEWXfyTub"}
[ Tue Aug 15 2017 16:27:07 GMT+0800 (CST) ] time is 718
[ Tue Aug 15 2017 16:27:07 GMT+0800 (CST) ] {"err":0,"msg":"JLJ9f6Ky44CizdjPsombafs8iptgKsi5rN"}
[ Tue Aug 15 2017 16:27:07 GMT+0800 (CST) ] time is 716
[ Tue Aug 15 2017 16:27:07 GMT+0800 (CST) ] {"err":0,"msg":"JXhf19FLaukr6Zk3uVd9HtaUNoHJCJQ5ZA"}
[ Tue Aug 15 2017 16:27:07 GMT+0800 (CST) ] time is 717
[ Tue Aug 15 2017 16:27:07 GMT+0800 (CST) ] {"err":0,"msg":"JTbspnRuDZkJRp64YvoYnu58RiwTj6d2or"}
[ Tue Aug 15 2017 16:27:07 GMT+0800 (CST) ] time is 717
[ Tue Aug 15 2017 16:27:07 GMT+0800 (CST) ] {"err":0,"msg":"JP65tKC1hgWx4qdMPHDjKJdxPFnZrQepvr"}
[ Tue Aug 15 2017 16:27:07 GMT+0800 (CST) ] time is 719
[ Tue Aug 15 2017 16:27:07 GMT+0800 (CST) ] {"err":0,"msg":"JJXz1nJXKCchFAR5tx4V4vf3xi9KpVJdhR"}
[ Tue Aug 15 2017 16:27:07 GMT+0800 (CST) ] time is 717
[ Tue Aug 15 2017 16:27:07 GMT+0800 (CST) ] {"err":0,"msg":"JhJVfm8MX9kUnu9K2dpFdrXkLXB8ddL9ep"}
[ Tue Aug 15 2017 16:27:07 GMT+0800 (CST) ] time is 718
[ Tue Aug 15 2017 16:27:07 GMT+0800 (CST) ] {"err":0,"msg":"JNdztwVRGWVaYwSXiGM874VcHjdj9a7VjS"}
[ Tue Aug 15 2017 16:27:07 GMT+0800 (CST) ] time is 718
[ Tue Aug 15 2017 16:27:07 GMT+0800 (CST) ] {"err":0,"msg":"JMcgEsDriun9X8rzSd6XaPwzk2LFaJHL6X"}
[ Tue Aug 15 2017 16:27:07 GMT+0800 (CST) ] time is 720
[ Tue Aug 15 2017 16:27:07 GMT+0800 (CST) ] {"err":0,"msg":"JMEntoBR2kJzFAHVbbqQLvwMve9PAcWTNq"}
[ Tue Aug 15 2017 16:27:07 GMT+0800 (CST) ] time is 718
[ Tue Aug 15 2017 16:27:07 GMT+0800 (CST) ] {"err":0,"msg":"JKCXwwYzoxg2kWaQqBCg6rAFgQ25dfB7Ge"}
[ Tue Aug 15 2017 16:27:07 GMT+0800 (CST) ] time is 719
[ Tue Aug 15 2017 16:27:07 GMT+0800 (CST) ] {"err":0,"msg":"Jcw8qhzK7K9grgiGsDTSj2YndAgJ5ipQkh"}
[ Tue Aug 15 2017 16:27:07 GMT+0800 (CST) ] time is 719
[ Tue Aug 15 2017 16:27:07 GMT+0800 (CST) ] {"err":0,"msg":"JTjUSBPp4bnJD3zx9D3skenbDV8sAhQ88N"}
[ Tue Aug 15 2017 16:27:07 GMT+0800 (CST) ] time is 721
[ Tue Aug 15 2017 16:27:07 GMT+0800 (CST) ] {"err":0,"msg":"JWFXmsVz73xEKuFUJd4Wzb4PCw2gzkDGmX"}
[ Tue Aug 15 2017 16:27:07 GMT+0800 (CST) ] time is 719
[ Tue Aug 15 2017 16:27:07 GMT+0800 (CST) ] {"err":0,"msg":"JVRiv6tFf62gzRuiqEvgua5gZ6XvvftK2R"}
[ Tue Aug 15 2017 16:27:07 GMT+0800 (CST) ] time is 720
[ Tue Aug 15 2017 16:27:07 GMT+0800 (CST) ] {"err":0,"msg":"JKswZk4aud9kmjh9dYfPF1AR3xx1zuJXpy"}
[ Tue Aug 15 2017 16:27:07 GMT+0800 (CST) ] time is 720
[ Tue Aug 15 2017 16:27:07 GMT+0800 (CST) ] {"err":0,"msg":"JPWsBDAGxoJ6h8PPhJ92QX3SFEyToMNtt3"}
[ Tue Aug 15 2017 16:27:07 GMT+0800 (CST) ] time is 722
[ Tue Aug 15 2017 16:27:07 GMT+0800 (CST) ] {"err":0,"msg":"JhbmMNgZhce9PNtWLQioYwJ6AX9nmFKvYf"}
[ Tue Aug 15 2017 16:27:07 GMT+0800 (CST) ] time is 720
[ Tue Aug 15 2017 16:27:07 GMT+0800 (CST) ] {"err":0,"msg":"JPhevVREW6hcxWCAPxxNykk643LnmtAUs7"}
[ Tue Aug 15 2017 16:27:07 GMT+0800 (CST) ] time is 721
[ Tue Aug 15 2017 16:27:07 GMT+0800 (CST) ] {"err":0,"msg":"JcnkePp9f1jo6xkWPh5vdYtyQwPLRFEzgt"}
[ Tue Aug 15 2017 16:27:07 GMT+0800 (CST) ] time is 721
[ Tue Aug 15 2017 16:27:07 GMT+0800 (CST) ] {"err":0,"msg":"JMwbcgU9Q3yFUqTUTgkagUNEUmmxXVcKm7"}
[ Tue Aug 15 2017 16:27:07 GMT+0800 (CST) ] time is 723
[ Tue Aug 15 2017 16:27:07 GMT+0800 (CST) ] {"err":0,"msg":"JM9AQu7mrN1pwmwfjMmsCuWZwQEDF8Ff6c"}
[ Tue Aug 15 2017 16:27:07 GMT+0800 (CST) ] time is 721
[ Tue Aug 15 2017 16:27:07 GMT+0800 (CST) ] {"err":0,"msg":"JT9mSLfJYfaQWJyZBtQqrDyDvUSZy5pEAG"}
[ Tue Aug 15 2017 16:27:07 GMT+0800 (CST) ] time is 722
[ Tue Aug 15 2017 16:27:07 GMT+0800 (CST) ] {"err":0,"msg":"Jf2vNcS1SQ1V4XUJppztpGgoSDsnXT57kC"}
[ Tue Aug 15 2017 16:27:07 GMT+0800 (CST) ] time is 722
[ Tue Aug 15 2017 16:27:07 GMT+0800 (CST) ] {"err":0,"msg":"JR3tLDSjJyUK4iZzcQDPYuteDc9YHfV7ZW"}
[ Tue Aug 15 2017 16:27:07 GMT+0800 (CST) ] time is 724
[ Tue Aug 15 2017 16:27:07 GMT+0800 (CST) ] {"err":0,"msg":"Je5P3TjYavkCowDnGAaPi6mQ5iM74CmyNx"}
[ Tue Aug 15 2017 16:27:07 GMT+0800 (CST) ] time is 722
[ Tue Aug 15 2017 16:27:07 GMT+0800 (CST) ] {"err":0,"msg":"JfwC2i1v6smxyN2hibULxVzPNqkhGxR134"}
[ Tue Aug 15 2017 16:27:07 GMT+0800 (CST) ] time is 723
[ Tue Aug 15 2017 16:27:07 GMT+0800 (CST) ] {"err":0,"msg":"JSbXu4A33QzhP8DHHkPS68dHcVMNQ51SWA"}
[ Tue Aug 15 2017 16:27:07 GMT+0800 (CST) ] time is 723
[ Tue Aug 15 2017 16:27:07 GMT+0800 (CST) ] {"err":0,"msg":"JT2nyTHHzougvyKLHduLi7Mvtzeor5xG83"}
[ Tue Aug 15 2017 16:27:07 GMT+0800 (CST) ] time is 725
[ Tue Aug 15 2017 16:27:07 GMT+0800 (CST) ] {"err":0,"msg":"JSjGVYQ5aScUEELDE6pCs66vgfTPimNgtq"}
[ Tue Aug 15 2017 16:27:07 GMT+0800 (CST) ] time is 723
[ Tue Aug 15 2017 16:27:07 GMT+0800 (CST) ] {"err":0,"msg":"JUF9bD7YEsvA6B8GLaByxgVWzRyfMNrfRE"}
[ Tue Aug 15 2017 16:27:07 GMT+0800 (CST) ] time is 724
[ Tue Aug 15 2017 16:27:07 GMT+0800 (CST) ] {"err":0,"msg":"JYTeumhxzUtSb25p2cUQHzEqJLMg9as9WZ"}
[ Tue Aug 15 2017 16:27:07 GMT+0800 (CST) ] time is 724
[ Tue Aug 15 2017 16:27:07 GMT+0800 (CST) ] {"err":0,"msg":"JVZfVYs7L7PL87E7rdUm1kAdjMEZUALy3Y"}
[ Tue Aug 15 2017 16:27:07 GMT+0800 (CST) ] time is 726
[ Tue Aug 15 2017 16:27:07 GMT+0800 (CST) ] {"err":0,"msg":"JZoT34twcS61XZcUJRFNVKTPNWkSpc2tRe"}
[ Tue Aug 15 2017 16:27:07 GMT+0800 (CST) ] time is 724
[ Tue Aug 15 2017 16:27:07 GMT+0800 (CST) ] {"err":0,"msg":"JRvcLPs3sxg4q9GpHVYS3jfeZWaML8oygL"}
[ Tue Aug 15 2017 16:27:07 GMT+0800 (CST) ] time is 725
[ Tue Aug 15 2017 16:27:07 GMT+0800 (CST) ] {"err":0,"msg":"JJik9xyBGvec9U6ZWCMohghF97UCpd8g8q"}
[ Tue Aug 15 2017 16:27:07 GMT+0800 (CST) ] time is 725
[ Tue Aug 15 2017 16:27:07 GMT+0800 (CST) ] {"err":0,"msg":"JMgwHS3NYajaZdRvAwEtPk1EGcrkCKK5Q6"}
[ Tue Aug 15 2017 16:27:07 GMT+0800 (CST) ] time is 727
[ Tue Aug 15 2017 16:27:07 GMT+0800 (CST) ] {"err":0,"msg":"JhcGzxEUXCAqa17nVXT5GQLejNMTebZpgb"}
[ Tue Aug 15 2017 16:27:07 GMT+0800 (CST) ] time is 725
[ Tue Aug 15 2017 16:27:07 GMT+0800 (CST) ] {"err":0,"msg":"JXbBwtw5WrH1zBrjYuJ8QE9kr1FLVpPjC1"}
[ Tue Aug 15 2017 16:27:07 GMT+0800 (CST) ] time is 726
[ Tue Aug 15 2017 16:27:07 GMT+0800 (CST) ] {"err":0,"msg":"JX7E6E2TeY2px22bj3Tv8eHCkD2eRfcqwo"}
[ Tue Aug 15 2017 16:27:07 GMT+0800 (CST) ] time is 726
[ Tue Aug 15 2017 16:27:07 GMT+0800 (CST) ] {"err":0,"msg":"JaVdkVweGvWpnmbMaHvv6qnr2X8T6NP885"}
[ Tue Aug 15 2017 16:27:07 GMT+0800 (CST) ] time is 728
[ Tue Aug 15 2017 16:27:07 GMT+0800 (CST) ] {"err":0,"msg":"JLirh1kbdZvwVcaqwUjqYbvn53Ut2HszrY"}
[ Tue Aug 15 2017 16:27:07 GMT+0800 (CST) ] time is 726
[ Tue Aug 15 2017 16:27:07 GMT+0800 (CST) ] {"err":0,"msg":"JQmAorKb2tYbDsi4zUYNxfCnWyvj9EaVgV"}
[ Tue Aug 15 2017 16:27:07 GMT+0800 (CST) ] time is 727
[ Tue Aug 15 2017 16:27:07 GMT+0800 (CST) ] {"err":0,"msg":"JW6vc4tWP9UY8G8ggYryrA8hca9uvNnvoh"}
[ Tue Aug 15 2017 16:27:07 GMT+0800 (CST) ] time is 727
[ Tue Aug 15 2017 16:27:07 GMT+0800 (CST) ] {"err":0,"msg":"JT3r5XTsKZkhEcRVSf6nyRppSkyebpMvL9"}
[ Tue Aug 15 2017 16:27:07 GMT+0800 (CST) ] time is 729
[ Tue Aug 15 2017 16:27:07 GMT+0800 (CST) ] {"err":0,"msg":"JUBnmizUkY9LEEV8BsZ4xKrMRokLjzmYPE"}
[ Tue Aug 15 2017 16:27:07 GMT+0800 (CST) ] time is 727
[ Tue Aug 15 2017 16:27:07 GMT+0800 (CST) ] {"err":0,"msg":"JdyxvR8rrEf5d3CJ3xW1645gCQMXYLCqKq"}
[ Tue Aug 15 2017 16:27:07 GMT+0800 (CST) ] time is 728
[ Tue Aug 15 2017 16:27:07 GMT+0800 (CST) ] {"err":0,"msg":"JUKckKgcPA5fsDGPKtsHku3cD7YyF9xqSR"}
[ Tue Aug 15 2017 16:27:07 GMT+0800 (CST) ] time is 728
[ Tue Aug 15 2017 16:27:07 GMT+0800 (CST) ] {"err":0,"msg":"JNEb2ADGrS7bPS3HwrZ6rcsmCaxkq8qKx1"}
[ Tue Aug 15 2017 16:27:07 GMT+0800 (CST) ] time is 730
[ Tue Aug 15 2017 16:27:07 GMT+0800 (CST) ] {"err":0,"msg":"JbGdzvNLTfV3HntQNMVT2UHdv5eK8v6BLW"}
[ Tue Aug 15 2017 16:27:07 GMT+0800 (CST) ] time is 728
[ Tue Aug 15 2017 16:27:07 GMT+0800 (CST) ] {"err":0,"msg":"JckewGoBWivQY4beijceoG1V7rGfTuBvWT"}
[ Tue Aug 15 2017 16:27:07 GMT+0800 (CST) ] time is 729
[ Tue Aug 15 2017 16:27:07 GMT+0800 (CST) ] {"err":0,"msg":"JQtBRMfooHgyPDE4KEUqFm8UR94nar2Jre"}
[ Tue Aug 15 2017 16:27:07 GMT+0800 (CST) ] time is 729
[ Tue Aug 15 2017 16:27:07 GMT+0800 (CST) ] {"err":0,"msg":"JMfJ39AsX6JB9UWnWVVpcCyK82rWSYusPR"}
[ Tue Aug 15 2017 16:27:07 GMT+0800 (CST) ] time is 729
[ Tue Aug 15 2017 16:27:07 GMT+0800 (CST) ] {"err":0,"msg":"JceQSDyWLSMAS6itbYgqLZNMF266oJDzru"}
[ Tue Aug 15 2017 16:27:07 GMT+0800 (CST) ] time is 731
[ Tue Aug 15 2017 16:27:07 GMT+0800 (CST) ] {"err":0,"msg":"JeeRKVer9pRgoj37q67fhSUPBVKkiJVHLf"}
[ Tue Aug 15 2017 16:27:07 GMT+0800 (CST) ] time is 730
[ Tue Aug 15 2017 16:27:07 GMT+0800 (CST) ] {"err":0,"msg":"JWyAg6Z1KFT8z3L26PbdMMT8Rap57CAbBJ"}
[ Tue Aug 15 2017 16:27:07 GMT+0800 (CST) ] time is 730
[ Tue Aug 15 2017 16:27:07 GMT+0800 (CST) ] {"err":0,"msg":"JggS6oGG8JEYmGycL6Cis3mKufQAru6yT3"}
[ Tue Aug 15 2017 16:27:07 GMT+0800 (CST) ] time is 730
[ Tue Aug 15 2017 16:27:07 GMT+0800 (CST) ] {"err":0,"msg":"JXZVLP6F3AZA3cSioJCjGvN7zrCfh2bTvD"}
[ Tue Aug 15 2017 16:27:07 GMT+0800 (CST) ] time is 732
[ Tue Aug 15 2017 16:27:07 GMT+0800 (CST) ] {"err":0,"msg":"JfYqMUkjPTmqmj1RP9WFqxf8D2jtPT3SWf"}
[ Tue Aug 15 2017 16:27:08 GMT+0800 (CST) ] time is 731
[ Tue Aug 15 2017 16:27:08 GMT+0800 (CST) ] {"err":0,"msg":"JVYnQyHuXFytNwvqNKCF6A2eNfdJVB1tv3"}
[ Tue Aug 15 2017 16:27:08 GMT+0800 (CST) ] time is 731
[ Tue Aug 15 2017 16:27:08 GMT+0800 (CST) ] {"err":0,"msg":"JSDfLba5GjwcaqpG3LWiWPtsrXt2yDGv5a"}
[ Tue Aug 15 2017 16:27:08 GMT+0800 (CST) ] time is 731
[ Tue Aug 15 2017 16:27:08 GMT+0800 (CST) ] {"err":0,"msg":"JPMa1qcuWZ7trfCzWvxYqiVkEUxj9nuVKV"}
[ Tue Aug 15 2017 16:27:08 GMT+0800 (CST) ] time is 732
[ Tue Aug 15 2017 16:27:08 GMT+0800 (CST) ] {"err":0,"msg":"Jc3bvjaRHs3s9r4XMLnBMSvhrY6oeaxHKc"}
[ Tue Aug 15 2017 16:27:08 GMT+0800 (CST) ] time is 733
[ Tue Aug 15 2017 16:27:08 GMT+0800 (CST) ] {"err":0,"msg":"JaU4WVh7mMkDGSyriBnrqD2b1xQ2QypK8J"}
[ Tue Aug 15 2017 16:27:08 GMT+0800 (CST) ] time is 732
[ Tue Aug 15 2017 16:27:08 GMT+0800 (CST) ] {"err":0,"msg":"JSXZEFpbpBFHwCKGFGroFyWx4ySkug2QjA"}
[ Tue Aug 15 2017 16:27:08 GMT+0800 (CST) ] time is 732
[ Tue Aug 15 2017 16:27:08 GMT+0800 (CST) ] {"err":0,"msg":"JenRMZ2Pimpf6LAFJ9ydT67d18hqJmczEN"}
[ Tue Aug 15 2017 16:27:08 GMT+0800 (CST) ] time is 733
[ Tue Aug 15 2017 16:27:08 GMT+0800 (CST) ] {"err":0,"msg":"JhocYW2JymLMQmtxS2zeE9Wqc6iorZxEr4"}
[ Tue Aug 15 2017 16:27:08 GMT+0800 (CST) ] time is 734
[ Tue Aug 15 2017 16:27:08 GMT+0800 (CST) ] {"err":0,"msg":"JV3kfHQ93BbhxrCj9G1EbuKCW26YNFZbtH"}
[ Tue Aug 15 2017 16:27:08 GMT+0800 (CST) ] time is 733
[ Tue Aug 15 2017 16:27:08 GMT+0800 (CST) ] {"err":0,"msg":"JVCntfrm4R96DKspywUGLHd1qSCZWPtmgj"}
[ Tue Aug 15 2017 16:27:08 GMT+0800 (CST) ] time is 733
[ Tue Aug 15 2017 16:27:08 GMT+0800 (CST) ] {"err":0,"msg":"JJa6rbEvYpi7PfehTvon9wU9e4LrnM6bKP"}
[ Tue Aug 15 2017 16:27:08 GMT+0800 (CST) ] time is 734
[ Tue Aug 15 2017 16:27:08 GMT+0800 (CST) ] {"err":0,"msg":"JhfcsHA2PHotb1iGagro52bERwxMB5hzoW"}
[ Tue Aug 15 2017 16:27:08 GMT+0800 (CST) ] time is 735
[ Tue Aug 15 2017 16:27:08 GMT+0800 (CST) ] {"err":0,"msg":"JXvXBrZyGzYeDhfQt2YcXJpNAXHaEy84zz"}
[ Tue Aug 15 2017 16:27:08 GMT+0800 (CST) ] time is 734
[ Tue Aug 15 2017 16:27:08 GMT+0800 (CST) ] {"err":0,"msg":"JZD4qTcCcYKu2DGugSMw1puYAj7LDcS5hi"}
[ Tue Aug 15 2017 16:27:08 GMT+0800 (CST) ] time is 734
[ Tue Aug 15 2017 16:27:08 GMT+0800 (CST) ] {"err":0,"msg":"JWvSTqKkzucBXzvGAr1cxC16zLUNwE4SVL"}
[ Tue Aug 15 2017 16:27:08 GMT+0800 (CST) ] time is 735
[ Tue Aug 15 2017 16:27:08 GMT+0800 (CST) ] {"err":0,"msg":"JZP1iC5VGST3ghAhMBG5owJBkYZMGhzWHA"}
[ Tue Aug 15 2017 16:27:08 GMT+0800 (CST) ] time is 736
[ Tue Aug 15 2017 16:27:08 GMT+0800 (CST) ] {"err":0,"msg":"JNpTdx1MmSTfUPV8Rjb1n9M3rx7s7DvcGZ"}
[ Tue Aug 15 2017 16:27:08 GMT+0800 (CST) ] time is 735
[ Tue Aug 15 2017 16:27:08 GMT+0800 (CST) ] {"err":0,"msg":"JLsH28VjobqrEibhL2Nr7CRiwc97ZhYivs"}
[ Tue Aug 15 2017 16:27:08 GMT+0800 (CST) ] time is 735
[ Tue Aug 15 2017 16:27:08 GMT+0800 (CST) ] {"err":0,"msg":"JLDNAuWj4t9cWgRbxe8e6mt5KrCPVBPEKq"}
[ Tue Aug 15 2017 16:27:08 GMT+0800 (CST) ] time is 736
[ Tue Aug 15 2017 16:27:08 GMT+0800 (CST) ] {"err":0,"msg":"JX9cxusXwYsrni5sV2Q11j6GfsNsQ3K6Wc"}
[ Tue Aug 15 2017 16:27:08 GMT+0800 (CST) ] time is 737
[ Tue Aug 15 2017 16:27:08 GMT+0800 (CST) ] {"err":0,"msg":"JcDUDb8HadaRV136WvVDoVQE6oovchuS1o"}
[ Tue Aug 15 2017 16:27:08 GMT+0800 (CST) ] time is 736
[ Tue Aug 15 2017 16:27:08 GMT+0800 (CST) ] {"err":0,"msg":"JSujfNUngsuNaciX4gQ87dLKvGG7e5X3NF"}
[ Tue Aug 15 2017 16:27:08 GMT+0800 (CST) ] time is 736
[ Tue Aug 15 2017 16:27:08 GMT+0800 (CST) ] {"err":0,"msg":"JUx9LoLwTS6RFMYCMsh8LdYVfmbK9ZVQed"}
[ Tue Aug 15 2017 16:27:08 GMT+0800 (CST) ] time is 737
[ Tue Aug 15 2017 16:27:08 GMT+0800 (CST) ] {"err":0,"msg":"JUGw4TEuKczZs7VwkU8sxgGxmqvCdfnBnq"}
[ Tue Aug 15 2017 16:27:08 GMT+0800 (CST) ] time is 737
[ Tue Aug 15 2017 16:27:08 GMT+0800 (CST) ] {"err":0,"msg":"JhMQ1yEBBEjjRM3WsAVdTVnQQVdKaHnahL"}
[ Tue Aug 15 2017 16:27:08 GMT+0800 (CST) ] time is 738
[ Tue Aug 15 2017 16:27:08 GMT+0800 (CST) ] {"err":0,"msg":"JTJRMqGQVmSQRpgFLPoaapCENa4Suu8unb"}
[ Tue Aug 15 2017 16:27:08 GMT+0800 (CST) ] time is 737
[ Tue Aug 15 2017 16:27:08 GMT+0800 (CST) ] {"err":0,"msg":"JVMBMWHrTTvyeWBc9rjX9Zt9nN5prybGxm"}
[ Tue Aug 15 2017 16:27:08 GMT+0800 (CST) ] time is 738
[ Tue Aug 15 2017 16:27:08 GMT+0800 (CST) ] {"err":0,"msg":"JM1ShAyp1SVU85N8f2UU3K94tW2AkWSQXT"}
[ Tue Aug 15 2017 16:27:08 GMT+0800 (CST) ] time is 738
[ Tue Aug 15 2017 16:27:08 GMT+0800 (CST) ] {"err":0,"msg":"JTYSMcFPNwinMRB8L1AtoUKQQPVxT9sMDf"}
[ Tue Aug 15 2017 16:27:08 GMT+0800 (CST) ] time is 739
[ Tue Aug 15 2017 16:27:08 GMT+0800 (CST) ] {"err":0,"msg":"JgAqYFCkT3kXov5w26vGUrCoiTFSYWxDRJ"}
[ Tue Aug 15 2017 16:27:08 GMT+0800 (CST) ] time is 738
[ Tue Aug 15 2017 16:27:08 GMT+0800 (CST) ] {"err":0,"msg":"JdGSPZt2qfWm8sqAnAFKdNgPMZAi3eLp6s"}
[ Tue Aug 15 2017 16:27:08 GMT+0800 (CST) ] time is 739
[ Tue Aug 15 2017 16:27:08 GMT+0800 (CST) ] {"err":0,"msg":"JKJaN7KF1ojrfEzPnzzVDZqQubWw7Vvipz"}
[ Tue Aug 15 2017 16:27:08 GMT+0800 (CST) ] time is 739
[ Tue Aug 15 2017 16:27:08 GMT+0800 (CST) ] {"err":0,"msg":"JSN1RtKmEMwe4FPrVFG3orcC7RPeoV6FWb"}
[ Tue Aug 15 2017 16:27:08 GMT+0800 (CST) ] time is 740
[ Tue Aug 15 2017 16:27:08 GMT+0800 (CST) ] {"err":0,"msg":"Jgge9mWpKNFxeovy9V6o3dNp12H5yjsk3w"}
[ Tue Aug 15 2017 16:27:08 GMT+0800 (CST) ] time is 739
[ Tue Aug 15 2017 16:27:08 GMT+0800 (CST) ] {"err":0,"msg":"JMRExXV3mWF7eAXTjkAG1heR7Zx5o3UyUg"}
[ Tue Aug 15 2017 16:27:08 GMT+0800 (CST) ] time is 740
[ Tue Aug 15 2017 16:27:08 GMT+0800 (CST) ] {"err":0,"msg":"JLujLWTvFdZnPHL9eBi1Bv9J6MTwrEqCkL"}
[ Tue Aug 15 2017 16:27:08 GMT+0800 (CST) ] time is 740
[ Tue Aug 15 2017 16:27:08 GMT+0800 (CST) ] {"err":0,"msg":"JgwCGxBMts9TqEPn5GQv4kRRce21uJPT5i"}
[ Tue Aug 15 2017 16:27:08 GMT+0800 (CST) ] time is 741
[ Tue Aug 15 2017 16:27:08 GMT+0800 (CST) ] {"err":0,"msg":"JRYsvSSsK4EfFhYqQ3AjgvJYUAYwTN5ooD"}
[ Tue Aug 15 2017 16:27:08 GMT+0800 (CST) ] time is 740
[ Tue Aug 15 2017 16:27:08 GMT+0800 (CST) ] {"err":0,"msg":"JKowH7TqT8baxmfGmyANptJdaV61nShpsF"}
[ Tue Aug 15 2017 16:27:08 GMT+0800 (CST) ] time is 741
[ Tue Aug 15 2017 16:27:08 GMT+0800 (CST) ] {"err":0,"msg":"JMZCiW6AUHwdGXvCtHtAMAWE63DJBgk5NL"}
[ Tue Aug 15 2017 16:27:08 GMT+0800 (CST) ] time is 741
[ Tue Aug 15 2017 16:27:08 GMT+0800 (CST) ] {"err":0,"msg":"JTeiNGMHXvzzouX1DWg5bB6WQ1g27rYA8i"}
[ Tue Aug 15 2017 16:27:08 GMT+0800 (CST) ] {"err":0,"msg":"JSHbPSck2Z43CnqGMTyWPfgwoVJSYc5Ro5"}
[ Tue Aug 15 2017 16:27:08 GMT+0800 (CST) ] time is 741
[ Tue Aug 15 2017 16:27:08 GMT+0800 (CST) ] time is 742
[ Tue Aug 15 2017 16:27:08 GMT+0800 (CST) ] {"err":0,"msg":"JeGGMUHvAvAmWP9J3s8Ytqj9FMPMhi9DtS"}
[ Tue Aug 15 2017 16:27:08 GMT+0800 (CST) ] time is 742
[ Tue Aug 15 2017 16:27:08 GMT+0800 (CST) ] {"err":0,"msg":"JNpCLhrJdAKyuNvTatxQj35QfwYi2DtNUu"}
[ Tue Aug 15 2017 16:27:08 GMT+0800 (CST) ] time is 742
[ Tue Aug 15 2017 16:27:08 GMT+0800 (CST) ] {"err":0,"msg":"JfkoDgFBPuv1WMNqjJ9KJGL2qKiKCnitiA"}
[ Tue Aug 15 2017 16:27:08 GMT+0800 (CST) ] time is 742
[ Tue Aug 15 2017 16:27:08 GMT+0800 (CST) ] {"err":0,"msg":"Jcun2zkcPbkyMRNsYK2yauhop7FWh1kDd9"}
[ Tue Aug 15 2017 16:27:08 GMT+0800 (CST) ] time is 743
[ Tue Aug 15 2017 16:27:08 GMT+0800 (CST) ] {"err":0,"msg":"JPc3CUcdPn8YKb6KA77pczbNLWSYDnnb6B"}
[ Tue Aug 15 2017 16:27:08 GMT+0800 (CST) ] time is 743
[ Tue Aug 15 2017 16:27:08 GMT+0800 (CST) ] {"err":0,"msg":"JKmQVXLy8EhMQULraxxw6RfYm6f3HDL9u1"}
[ Tue Aug 15 2017 16:27:08 GMT+0800 (CST) ] time is 743
[ Tue Aug 15 2017 16:27:08 GMT+0800 (CST) ] {"err":0,"msg":"JYLVM6Wd6PmgDojhbwC5VY8qXAmrNoJm6v"}
[ Tue Aug 15 2017 16:27:08 GMT+0800 (CST) ] time is 743
[ Tue Aug 15 2017 16:27:08 GMT+0800 (CST) ] {"err":0,"msg":"JVRzBYwPtrttYwZRBfYLixJV5RiFphxGNc"}
[ Tue Aug 15 2017 16:27:08 GMT+0800 (CST) ] time is 744
[ Tue Aug 15 2017 16:27:08 GMT+0800 (CST) ] {"err":0,"msg":"JTCPWBWKjdf3uA7Gkn3k78cvEgPTUj71ji"}
[ Tue Aug 15 2017 16:27:08 GMT+0800 (CST) ] time is 744
[ Tue Aug 15 2017 16:27:08 GMT+0800 (CST) ] {"err":0,"msg":"JTVkHoZAtaeCDa2gbcSrpC1ySrGFzAPHnQ"}
[ Tue Aug 15 2017 16:27:08 GMT+0800 (CST) ] time is 744
[ Tue Aug 15 2017 16:27:08 GMT+0800 (CST) ] {"err":0,"msg":"JUyCWSs1vzceYM7Tnf2iRQCNoazSi39gNE"}
[ Tue Aug 15 2017 16:27:08 GMT+0800 (CST) ] time is 744
[ Tue Aug 15 2017 16:27:08 GMT+0800 (CST) ] {"err":0,"msg":"Jhd7pszMusTfuKEjbCmDWQVpy1uz3ptqAe"}
[ Tue Aug 15 2017 16:27:08 GMT+0800 (CST) ] time is 745
[ Tue Aug 15 2017 16:27:08 GMT+0800 (CST) ] {"err":0,"msg":"JgBvJ3qd5GXn7RFC2bJGVw7Rs2m3JH9m9v"}
[ Tue Aug 15 2017 16:27:08 GMT+0800 (CST) ] time is 745
[ Tue Aug 15 2017 16:27:08 GMT+0800 (CST) ] {"err":0,"msg":"JZJ3nmzkPrfkbJ6ws5f9wj5uWxN541VWDX"}
[ Tue Aug 15 2017 16:27:08 GMT+0800 (CST) ] time is 745
[ Tue Aug 15 2017 16:27:08 GMT+0800 (CST) ] {"err":0,"msg":"JcvMENrJBn7exhjH3xeD2vJXfcEAmiNgEh"}
[ Tue Aug 15 2017 16:27:08 GMT+0800 (CST) ] time is 746
[ Tue Aug 15 2017 16:27:08 GMT+0800 (CST) ] {"err":0,"msg":"JQPR7f3BQjFS6uTTYB2sEQ8ed6uDQvBdFb"}
[ Tue Aug 15 2017 16:27:08 GMT+0800 (CST) ] time is 745
[ Tue Aug 15 2017 16:27:08 GMT+0800 (CST) ] {"err":0,"msg":"JRhoeuVJdskaBGqGeh9zw9d2HEYbNUDz2d"}
[ Tue Aug 15 2017 16:27:08 GMT+0800 (CST) ] time is 746
[ Tue Aug 15 2017 16:27:08 GMT+0800 (CST) ] {"err":0,"msg":"JJhmYRsuEs2qCaJCjZ7qm2jGD5y1brQxYP"}
[ Tue Aug 15 2017 16:27:08 GMT+0800 (CST) ] time is 746
[ Tue Aug 15 2017 16:27:08 GMT+0800 (CST) ] {"err":0,"msg":"JgDMqKDt4kXXabgy5V9TPFWp31BV9yoXi4"}
[ Tue Aug 15 2017 16:27:08 GMT+0800 (CST) ] time is 747
[ Tue Aug 15 2017 16:27:08 GMT+0800 (CST) ] {"err":0,"msg":"JgQWsm7NEvJmwvwxwjqBFJMbhtsbPpYAYD"}
[ Tue Aug 15 2017 16:27:08 GMT+0800 (CST) ] time is 746
[ Tue Aug 15 2017 16:27:08 GMT+0800 (CST) ] {"err":0,"msg":"JPZ41i7zmSNVzv7qgP6shMwdxYTw61wUAn"}
[ Tue Aug 15 2017 16:27:08 GMT+0800 (CST) ] time is 747
[ Tue Aug 15 2017 16:27:08 GMT+0800 (CST) ] {"err":0,"msg":"JNvTypxe4Q2bLMRwPUmXxf7BQKx17pjw5d"}
[ Tue Aug 15 2017 16:27:08 GMT+0800 (CST) ] time is 747
[ Tue Aug 15 2017 16:27:08 GMT+0800 (CST) ] {"err":0,"msg":"JYPT1Mzb4f8WkVGUqcBbb8To33vHHa1den"}
[ Tue Aug 15 2017 16:27:08 GMT+0800 (CST) ] time is 748
[ Tue Aug 15 2017 16:27:08 GMT+0800 (CST) ] {"err":0,"msg":"JMRDEHwQhCrANJ6gxVCnyHzkyXYe88KXhG"}
[ Tue Aug 15 2017 16:27:08 GMT+0800 (CST) ] time is 747
[ Tue Aug 15 2017 16:27:08 GMT+0800 (CST) ] {"err":0,"msg":"Jd6e1ggb1PzvLh168pRLnZMpym9X23snmj"}
[ Tue Aug 15 2017 16:27:08 GMT+0800 (CST) ] time is 748
[ Tue Aug 15 2017 16:27:08 GMT+0800 (CST) ] {"err":0,"msg":"JKFByexdptL1kGRfYLS5QLqUacGHxRfbJa"}
[ Tue Aug 15 2017 16:27:08 GMT+0800 (CST) ] time is 748
[ Tue Aug 15 2017 16:27:08 GMT+0800 (CST) ] {"err":0,"msg":"JL42BfxG1nmrbMVm6PTYrLRJcA3ZsKsuEM"}
[ Tue Aug 15 2017 16:27:08 GMT+0800 (CST) ] time is 749
[ Tue Aug 15 2017 16:27:08 GMT+0800 (CST) ] {"err":0,"msg":"JeUFVUtzQZTry7Q1mdNFZqWwzfrxrWTu9K"}
[ Tue Aug 15 2017 16:27:08 GMT+0800 (CST) ] time is 748
[ Tue Aug 15 2017 16:27:08 GMT+0800 (CST) ] {"err":0,"msg":"Je2qWZqFbgizar8vNpWgcqUm9Pc7UyChmi"}
[ Tue Aug 15 2017 16:27:08 GMT+0800 (CST) ] time is 749
[ Tue Aug 15 2017 16:27:08 GMT+0800 (CST) ] {"err":0,"msg":"JbVhoPDj8tDxSagVd3tjJAqpfJLrthazpM"}
[ Tue Aug 15 2017 16:27:08 GMT+0800 (CST) ] time is 749
[ Tue Aug 15 2017 16:27:08 GMT+0800 (CST) ] {"err":0,"msg":"JgtjbN24RHRh1hErEFTEwyGAEWwbt6JL8C"}
[ Tue Aug 15 2017 16:27:08 GMT+0800 (CST) ] time is 750
[ Tue Aug 15 2017 16:27:08 GMT+0800 (CST) ] {"err":0,"msg":"JYyyMrhiy2bNGsr6bgUHEX65YgnMQiUL2G"}
[ Tue Aug 15 2017 16:27:08 GMT+0800 (CST) ] time is 749
[ Tue Aug 15 2017 16:27:08 GMT+0800 (CST) ] {"err":0,"msg":"JhfzJ7DJGz9xKHcoFw199FHzrgA1DLVjkc"}
[ Tue Aug 15 2017 16:27:09 GMT+0800 (CST) ] time is 750
[ Tue Aug 15 2017 16:27:09 GMT+0800 (CST) ] {"err":0,"msg":"JNNdb3oTEUoKBoZddHepfeqi33V3FdcmEn"}
[ Tue Aug 15 2017 16:27:09 GMT+0800 (CST) ] time is 750
[ Tue Aug 15 2017 16:27:09 GMT+0800 (CST) ] {"err":0,"msg":"JMiGdrV6doJGxRrRQJRe5aiZyHKXxMKNpa"}
[ Tue Aug 15 2017 16:27:09 GMT+0800 (CST) ] time is 751
[ Tue Aug 15 2017 16:27:09 GMT+0800 (CST) ] {"err":0,"msg":"JVD23fKcReafyx5EVQzrz3otLfTBsWgEER"}
[ Tue Aug 15 2017 16:27:09 GMT+0800 (CST) ] time is 750
[ Tue Aug 15 2017 16:27:09 GMT+0800 (CST) ] {"err":0,"msg":"JcjNDKMWSkJN6WCjgVn8Tgu1VVm4io648i"}
[ Tue Aug 15 2017 16:27:09 GMT+0800 (CST) ] time is 751
[ Tue Aug 15 2017 16:27:09 GMT+0800 (CST) ] {"err":0,"msg":"JQbp1LgFHxdBBv38xXcTfEQBmC9JwriqvW"}
[ Tue Aug 15 2017 16:27:09 GMT+0800 (CST) ] time is 751
[ Tue Aug 15 2017 16:27:09 GMT+0800 (CST) ] {"err":0,"msg":"JKfRDjhtez7LgHGS9UjWtKnRnih7kian4E"}
[ Tue Aug 15 2017 16:27:09 GMT+0800 (CST) ] time is 752
[ Tue Aug 15 2017 16:27:09 GMT+0800 (CST) ] {"err":0,"msg":"JU9Y63mWPJTwn6wmuC5L9SRcmq6AUFyRGd"}
[ Tue Aug 15 2017 16:27:09 GMT+0800 (CST) ] time is 751
[ Tue Aug 15 2017 16:27:09 GMT+0800 (CST) ] {"err":0,"msg":"JZmYEwKWEgjf5ngn8XZaQ2uLs5y6B8PfQS"}
[ Tue Aug 15 2017 16:27:09 GMT+0800 (CST) ] time is 752
[ Tue Aug 15 2017 16:27:09 GMT+0800 (CST) ] {"err":0,"msg":"JVmw9hnSFWoNyLz1hphuz2tkVnvbnqbrwe"}
[ Tue Aug 15 2017 16:27:09 GMT+0800 (CST) ] time is 752
[ Tue Aug 15 2017 16:27:09 GMT+0800 (CST) ] {"err":0,"msg":"JYpuQqxZJPUiGPpa6Hr8URJUUjzRQY49yd"}
[ Tue Aug 15 2017 16:27:09 GMT+0800 (CST) ] time is 753
[ Tue Aug 15 2017 16:27:09 GMT+0800 (CST) ] {"err":0,"msg":"JXR6NFaghiVT9hhsLM513H8TPCwzmVvsBE"}
[ Tue Aug 15 2017 16:27:09 GMT+0800 (CST) ] time is 752
[ Tue Aug 15 2017 16:27:09 GMT+0800 (CST) ] {"err":0,"msg":"JVCiUxcdNXefDA27Vw4EPM535h4z3VqXSk"}
[ Tue Aug 15 2017 16:27:09 GMT+0800 (CST) ] time is 753
[ Tue Aug 15 2017 16:27:09 GMT+0800 (CST) ] {"err":0,"msg":"JREy4ae6shSQmMXpFQuQmgy2sEwm7RKtsz"}
[ Tue Aug 15 2017 16:27:09 GMT+0800 (CST) ] time is 753
[ Tue Aug 15 2017 16:27:09 GMT+0800 (CST) ] {"err":0,"msg":"JWd25vgL6cnxAkErjieNShTz4MYxP6EXHY"}
[ Tue Aug 15 2017 16:27:09 GMT+0800 (CST) ] time is 754
[ Tue Aug 15 2017 16:27:09 GMT+0800 (CST) ] {"err":0,"msg":"JawY12t67JoeDxDoj8UfCcRqcLfBk3ZV5u"}
[ Tue Aug 15 2017 16:27:09 GMT+0800 (CST) ] time is 753
[ Tue Aug 15 2017 16:27:09 GMT+0800 (CST) ] {"err":0,"msg":"JcgkhpZtHw6PL7KVPMYRCCzr6yZw81nAJj"}
[ Tue Aug 15 2017 16:27:09 GMT+0800 (CST) ] time is 754
[ Tue Aug 15 2017 16:27:09 GMT+0800 (CST) ] {"err":0,"msg":"JYGYZot2HyaHLbc9WgUgTYvz6amGi1tpQV"}
[ Tue Aug 15 2017 16:27:09 GMT+0800 (CST) ] time is 754
[ Tue Aug 15 2017 16:27:09 GMT+0800 (CST) ] {"err":0,"msg":"JP7zsmKkAX7ThQGMVHNB3rinRXt95FRFgi"}
[ Tue Aug 15 2017 16:27:09 GMT+0800 (CST) ] time is 755
[ Tue Aug 15 2017 16:27:09 GMT+0800 (CST) ] {"err":0,"msg":"JNoBs9ApXVxDx45mC5JbSdED4uBwvdQBnn"}
[ Tue Aug 15 2017 16:27:09 GMT+0800 (CST) ] time is 754
[ Tue Aug 15 2017 16:27:09 GMT+0800 (CST) ] {"err":0,"msg":"JejrvJGewjhEAQkd5WFaw9ShGH8KWytkRe"}
[ Tue Aug 15 2017 16:27:09 GMT+0800 (CST) ] time is 755
[ Tue Aug 15 2017 16:27:09 GMT+0800 (CST) ] {"err":0,"msg":"JcLtSWudBpEy5ASFo1rXqkL8aAFrd12uNi"}
[ Tue Aug 15 2017 16:27:09 GMT+0800 (CST) ] time is 755
[ Tue Aug 15 2017 16:27:09 GMT+0800 (CST) ] {"err":0,"msg":"JWgHLFXf7gaxDDixZjnugu7uAvEmQwFUia"}
[ Tue Aug 15 2017 16:27:09 GMT+0800 (CST) ] time is 756
[ Tue Aug 15 2017 16:27:09 GMT+0800 (CST) ] {"err":0,"msg":"JQ6ihPYWQJVroPhHdS59cHAmt3jVgfLtpt"}
[ Tue Aug 15 2017 16:27:09 GMT+0800 (CST) ] time is 755
[ Tue Aug 15 2017 16:27:09 GMT+0800 (CST) ] {"err":0,"msg":"JWkWxFHWvAYgCPBiGRvZJgh9YUozxdsDBA"}
[ Tue Aug 15 2017 16:27:09 GMT+0800 (CST) ] time is 756
[ Tue Aug 15 2017 16:27:09 GMT+0800 (CST) ] {"err":0,"msg":"JP7Kime3KR7YW4Mr5M85aeWp8pvzezYe92"}
[ Tue Aug 15 2017 16:27:09 GMT+0800 (CST) ] time is 756
[ Tue Aug 15 2017 16:27:09 GMT+0800 (CST) ] {"err":0,"msg":"JcCvDeNp48JGobJV6Bi1NxtUWKw247zYD7"}
[ Tue Aug 15 2017 16:27:09 GMT+0800 (CST) ] time is 757
[ Tue Aug 15 2017 16:27:09 GMT+0800 (CST) ] {"err":0,"msg":"JYoF6PRFoGntLdiE8z4kSVkp3zTxvEKf6W"}
[ Tue Aug 15 2017 16:27:09 GMT+0800 (CST) ] {"err":0,"msg":"Ja5M6H2smkTiej54iVnxctSBVVpUdqwpd3"}
[ Tue Aug 15 2017 16:27:09 GMT+0800 (CST) ] time is 756
[ Tue Aug 15 2017 16:27:09 GMT+0800 (CST) ] time is 757
[ Tue Aug 15 2017 16:27:09 GMT+0800 (CST) ] {"err":0,"msg":"JdC3QLdnSH6rFXt3Mv6dWzCRZLPwUiSu2f"}
[ Tue Aug 15 2017 16:27:09 GMT+0800 (CST) ] time is 757
[ Tue Aug 15 2017 16:27:09 GMT+0800 (CST) ] {"err":0,"msg":"JPxUU8HvASpzBigjcyHo3aXcc6Mg17Etfa"}
[ Tue Aug 15 2017 16:27:09 GMT+0800 (CST) ] {"err":0,"msg":"JRqBS8AcoVL5wnUGVgh3RLt2prtAzydWLb"}
[ Tue Aug 15 2017 16:27:09 GMT+0800 (CST) ] time is 758
[ Tue Aug 15 2017 16:27:09 GMT+0800 (CST) ] time is 757
[ Tue Aug 15 2017 16:27:09 GMT+0800 (CST) ] {"err":0,"msg":"JPoqZbj6ZaWRPKPDt9vTsG644UW4fYGQqw"}
[ Tue Aug 15 2017 16:27:09 GMT+0800 (CST) ] time is 758
[ Tue Aug 15 2017 16:27:09 GMT+0800 (CST) ] {"err":0,"msg":"JSewFBvFuTC3NLNddaCXvEXPrZDXgdkQ15"}
[ Tue Aug 15 2017 16:27:09 GMT+0800 (CST) ] time is 758
[ Tue Aug 15 2017 16:27:09 GMT+0800 (CST) ] {"err":0,"msg":"JSL7K6ZdJ2wv2JceWCYUSi9ZjuTwL8Nc3Q"}
[ Tue Aug 15 2017 16:27:09 GMT+0800 (CST) ] time is 759
[ Tue Aug 15 2017 16:27:09 GMT+0800 (CST) ] {"err":0,"msg":"JMUohiwcAg8Q4oFhHPi3cAqK6HNkrxUmTw"}
[ Tue Aug 15 2017 16:27:09 GMT+0800 (CST) ] time is 758
[ Tue Aug 15 2017 16:27:09 GMT+0800 (CST) ] {"err":0,"msg":"JdFtFWnUZGiSvHX7efypKQ7CsgBjTKPN1M"}
[ Tue Aug 15 2017 16:27:09 GMT+0800 (CST) ] time is 759
[ Tue Aug 15 2017 16:27:09 GMT+0800 (CST) ] {"err":0,"msg":"JaCLpQecmcMDpQZidrp6qBYyKmT4nYu511"}
[ Tue Aug 15 2017 16:27:09 GMT+0800 (CST) ] time is 759
[ Tue Aug 15 2017 16:27:09 GMT+0800 (CST) ] {"err":0,"msg":"JSNuHtVkRUnmUeLqvDityFZds4s3g12Run"}
[ Tue Aug 15 2017 16:27:09 GMT+0800 (CST) ] time is 760
[ Tue Aug 15 2017 16:27:09 GMT+0800 (CST) ] {"err":0,"msg":"JMJiBNYQU6jzQud8ZaGvwmgG8i7aNtfgP7"}
[ Tue Aug 15 2017 16:27:09 GMT+0800 (CST) ] time is 759
[ Tue Aug 15 2017 16:27:09 GMT+0800 (CST) ] {"err":0,"msg":"Jdr6E3A7xw2RaJyiyt51xnB1Lc2CRaQwyy"}
[ Tue Aug 15 2017 16:27:09 GMT+0800 (CST) ] time is 760
[ Tue Aug 15 2017 16:27:09 GMT+0800 (CST) ] {"err":0,"msg":"JfNJKSAqwSmjP8r65NaPgWPdFE4n2zuG7y"}
[ Tue Aug 15 2017 16:27:09 GMT+0800 (CST) ] time is 760
[ Tue Aug 15 2017 16:27:09 GMT+0800 (CST) ] {"err":0,"msg":"JPN86ff5qTaH8AeQrq7hsDXR5tR9hdfsoL"}
[ Tue Aug 15 2017 16:27:09 GMT+0800 (CST) ] time is 761
[ Tue Aug 15 2017 16:27:09 GMT+0800 (CST) ] {"err":0,"msg":"JKxaNMJYcvq571cZjTPd6xkYW9MyVroj49"}
[ Tue Aug 15 2017 16:27:09 GMT+0800 (CST) ] time is 760
[ Tue Aug 15 2017 16:27:09 GMT+0800 (CST) ] {"err":0,"msg":"JSnoX1kUhySqxaGfycVhmUX3MqQrPmnufL"}
[ Tue Aug 15 2017 16:27:09 GMT+0800 (CST) ] time is 761
[ Tue Aug 15 2017 16:27:09 GMT+0800 (CST) ] {"err":0,"msg":"JLwjoQ3N767zZSGmCjqrqHNisqyWzoaaWR"}
[ Tue Aug 15 2017 16:27:09 GMT+0800 (CST) ] time is 761
[ Tue Aug 15 2017 16:27:09 GMT+0800 (CST) ] {"err":0,"msg":"JSC7mpQBuat5JjtL4oYQX4aDN82m6mMNRx"}
[ Tue Aug 15 2017 16:27:09 GMT+0800 (CST) ] time is 762
[ Tue Aug 15 2017 16:27:09 GMT+0800 (CST) ] {"err":0,"msg":"JfjEGfLQFe1ZBqxZmqzsRYA48vMnhtBKz9"}
[ Tue Aug 15 2017 16:27:09 GMT+0800 (CST) ] time is 761
[ Tue Aug 15 2017 16:27:09 GMT+0800 (CST) ] {"err":0,"msg":"JP7TsBpfifQo87D9pbSycNbKhcdd6y5XKG"}
[ Tue Aug 15 2017 16:27:09 GMT+0800 (CST) ] time is 762
[ Tue Aug 15 2017 16:27:09 GMT+0800 (CST) ] {"err":0,"msg":"JdpDgQYjim9DRTcAtHqDr3aTPNN9w7W4az"}
[ Tue Aug 15 2017 16:27:09 GMT+0800 (CST) ] time is 762
[ Tue Aug 15 2017 16:27:09 GMT+0800 (CST) ] {"err":0,"msg":"JV2eNNcz2djANLc1CGUmkKMXHTm3KUrygk"}
[ Tue Aug 15 2017 16:27:09 GMT+0800 (CST) ] time is 763
[ Tue Aug 15 2017 16:27:09 GMT+0800 (CST) ] {"err":0,"msg":"JQH9hauzE2HqVjVbmLAjLysMXrjAGE7rzb"}
[ Tue Aug 15 2017 16:27:09 GMT+0800 (CST) ] time is 762
[ Tue Aug 15 2017 16:27:09 GMT+0800 (CST) ] {"err":0,"msg":"JKLGeqdMYuHhNUR4roed6LQXe9WjdfrrGo"}
[ Tue Aug 15 2017 16:27:09 GMT+0800 (CST) ] time is 763
[ Tue Aug 15 2017 16:27:09 GMT+0800 (CST) ] {"err":0,"msg":"JZz7wSTAznud91HKQR71jqSxtXg2cpKJa5"}
[ Tue Aug 15 2017 16:27:09 GMT+0800 (CST) ] time is 763
[ Tue Aug 15 2017 16:27:09 GMT+0800 (CST) ] {"err":0,"msg":"JdwWGWnxH6ZchzCqpED49115pTNnEigfgT"}
[ Tue Aug 15 2017 16:27:09 GMT+0800 (CST) ] time is 764
[ Tue Aug 15 2017 16:27:09 GMT+0800 (CST) ] {"err":0,"msg":"JNAFhyY9RL1pYErxLP6xEMewwSf1Gd64ZA"}
[ Tue Aug 15 2017 16:27:09 GMT+0800 (CST) ] time is 763
[ Tue Aug 15 2017 16:27:09 GMT+0800 (CST) ] {"err":0,"msg":"JaPpkgmf9M3cf9fU9tFM482HCsC4YrJ6cN"}
[ Tue Aug 15 2017 16:27:09 GMT+0800 (CST) ] time is 764
[ Tue Aug 15 2017 16:27:09 GMT+0800 (CST) ] {"err":0,"msg":"Ja4tKsGnag2UpT4qQwx5gJY32ctn8RVXvU"}
[ Tue Aug 15 2017 16:27:09 GMT+0800 (CST) ] time is 765
[ Tue Aug 15 2017 16:27:09 GMT+0800 (CST) ] {"err":0,"msg":"JRzjmuZxQifcsvsVwmyGN21tMEoVpf6Run"}
[ Tue Aug 15 2017 16:27:09 GMT+0800 (CST) ] time is 764
[ Tue Aug 15 2017 16:27:09 GMT+0800 (CST) ] {"err":0,"msg":"JdhqV78eN8e6x2z7k8R98RqV3MqLvAQ972"}
[ Tue Aug 15 2017 16:27:09 GMT+0800 (CST) ] time is 764
[ Tue Aug 15 2017 16:27:09 GMT+0800 (CST) ] {"err":0,"msg":"JM5ozh45vDkBrV4XE9Zz53veZq8pCEQcee"}
[ Tue Aug 15 2017 16:27:09 GMT+0800 (CST) ] time is 765
[ Tue Aug 15 2017 16:27:09 GMT+0800 (CST) ] {"err":0,"msg":"Jcf6U1vrY9cWALaVtySkj4cekj2BdB7dUz"}
[ Tue Aug 15 2017 16:27:09 GMT+0800 (CST) ] time is 766
[ Tue Aug 15 2017 16:27:09 GMT+0800 (CST) ] {"err":0,"msg":"JVfAQAw4hp9PeELBWu8BmETDz3CbrchWmt"}
[ Tue Aug 15 2017 16:27:09 GMT+0800 (CST) ] time is 765
[ Tue Aug 15 2017 16:27:09 GMT+0800 (CST) ] {"err":0,"msg":"JdppNtJqhJa4oGkMcYB31SsZt6JtV2Uuuj"}
[ Tue Aug 15 2017 16:27:09 GMT+0800 (CST) ] time is 765
[ Tue Aug 15 2017 16:27:09 GMT+0800 (CST) ] {"err":0,"msg":"JUfFuFSggnF5jGF8Wiuz7bwKmEPp8mhwRL"}
[ Tue Aug 15 2017 16:27:09 GMT+0800 (CST) ] time is 766
[ Tue Aug 15 2017 16:27:09 GMT+0800 (CST) ] {"err":0,"msg":"JYLQpprQn7q8sWsDf1o12Umf6n2KQEgtPw"}
[ Tue Aug 15 2017 16:27:09 GMT+0800 (CST) ] time is 767
[ Tue Aug 15 2017 16:27:09 GMT+0800 (CST) ] {"err":0,"msg":"JKo2wi1JTLBMDi6wTsTN55QuH34xye8Rr6"}
[ Tue Aug 15 2017 16:27:09 GMT+0800 (CST) ] time is 766
[ Tue Aug 15 2017 16:27:09 GMT+0800 (CST) ] {"err":0,"msg":"JR2foBrKCTjym9EXW96oenznbrSyoT3GFw"}
[ Tue Aug 15 2017 16:27:09 GMT+0800 (CST) ] time is 766
[ Tue Aug 15 2017 16:27:09 GMT+0800 (CST) ] {"err":0,"msg":"JScFcGBQm9S1L6HxCP2CqeKCLGL415c7A6"}
[ Tue Aug 15 2017 16:27:09 GMT+0800 (CST) ] time is 767
[ Tue Aug 15 2017 16:27:09 GMT+0800 (CST) ] {"err":0,"msg":"JdSukyhhmcPTFbXhaYtghXQicoBZamxN6m"}
[ Tue Aug 15 2017 16:27:09 GMT+0800 (CST) ] time is 768
[ Tue Aug 15 2017 16:27:09 GMT+0800 (CST) ] {"err":0,"msg":"JKv7SGGr2mNfGkzzXzS9TsKnxENuJf5mwV"}
[ Tue Aug 15 2017 16:27:09 GMT+0800 (CST) ] time is 767
[ Tue Aug 15 2017 16:27:09 GMT+0800 (CST) ] {"err":0,"msg":"Jf4W1KEP5TZzpXopATp15yoatWznTDL2HG"}
[ Tue Aug 15 2017 16:27:09 GMT+0800 (CST) ] time is 767
[ Tue Aug 15 2017 16:27:09 GMT+0800 (CST) ] {"err":0,"msg":"JMbkLmwJxVu7VEosJEswcAesKGLRdaaj9G"}
[ Tue Aug 15 2017 16:27:09 GMT+0800 (CST) ] time is 768
[ Tue Aug 15 2017 16:27:09 GMT+0800 (CST) ] {"err":0,"msg":"JfSXEiMtxcsjLFpEJ7T3LNU5BDWYFUJi9M"}
[ Tue Aug 15 2017 16:27:09 GMT+0800 (CST) ] time is 769
[ Tue Aug 15 2017 16:27:09 GMT+0800 (CST) ] {"err":0,"msg":"JZKd58SKFvhe3saaPx2yQnjdjv41R6VG56"}
[ Tue Aug 15 2017 16:27:09 GMT+0800 (CST) ] time is 768
[ Tue Aug 15 2017 16:27:09 GMT+0800 (CST) ] {"err":0,"msg":"JWC2dBjWA9FqejFNr2nr8CmEr5PtLarujN"}
[ Tue Aug 15 2017 16:27:09 GMT+0800 (CST) ] time is 768
[ Tue Aug 15 2017 16:27:09 GMT+0800 (CST) ] {"err":0,"msg":"JN4piz9m5rexw8NaYHd6K6REfAehJ95Jnb"}
[ Tue Aug 15 2017 16:27:09 GMT+0800 (CST) ] time is 769
[ Tue Aug 15 2017 16:27:09 GMT+0800 (CST) ] {"err":0,"msg":"JUgd1WnxaZmK6Zr4DKAJdGbaEaXXmj7t7V"}
[ Tue Aug 15 2017 16:27:10 GMT+0800 (CST) ] time is 770
[ Tue Aug 15 2017 16:27:10 GMT+0800 (CST) ] {"err":0,"msg":"JMNKTVWm3WjhUNtUPPRruhyMu7Bm1xU9Sc"}
[ Tue Aug 15 2017 16:27:10 GMT+0800 (CST) ] time is 769
[ Tue Aug 15 2017 16:27:10 GMT+0800 (CST) ] {"err":0,"msg":"JcYYjDP8KYVNf1QRD7rpMFwKUcvXbJFmkZ"}
[ Tue Aug 15 2017 16:27:10 GMT+0800 (CST) ] time is 769
[ Tue Aug 15 2017 16:27:10 GMT+0800 (CST) ] {"err":0,"msg":"JKrfMCCBc2eM4FqKALEDFVKrYbY68QbGBA"}
[ Tue Aug 15 2017 16:27:10 GMT+0800 (CST) ] time is 770
[ Tue Aug 15 2017 16:27:10 GMT+0800 (CST) ] {"err":0,"msg":"JdJMShM32tGqtnCBSTVgks6UCJvnukck6P"}
[ Tue Aug 15 2017 16:27:10 GMT+0800 (CST) ] time is 771
[ Tue Aug 15 2017 16:27:10 GMT+0800 (CST) ] {"err":0,"msg":"JRh7sHhckc36CtrgjW8JPqigneCTexukVM"}
[ Tue Aug 15 2017 16:27:10 GMT+0800 (CST) ] time is 770
[ Tue Aug 15 2017 16:27:10 GMT+0800 (CST) ] {"err":0,"msg":"JfpJPamxXtDcjBA5SgbqFtZ2Bi55KdPuQs"}
[ Tue Aug 15 2017 16:27:10 GMT+0800 (CST) ] time is 770
[ Tue Aug 15 2017 16:27:10 GMT+0800 (CST) ] {"err":0,"msg":"JapoCotN52CiN9dpAqEcQrABEEaeWDt9AG"}
[ Tue Aug 15 2017 16:27:10 GMT+0800 (CST) ] time is 771
[ Tue Aug 15 2017 16:27:10 GMT+0800 (CST) ] {"err":0,"msg":"JSfUH8zGRacE5zGmUafWPHubue3BdJHSCf"}
[ Tue Aug 15 2017 16:27:10 GMT+0800 (CST) ] time is 772
[ Tue Aug 15 2017 16:27:10 GMT+0800 (CST) ] {"err":0,"msg":"JVHn6CM8MEm49p288tJf4Uf6MEUkxnWqLe"}
[ Tue Aug 15 2017 16:27:10 GMT+0800 (CST) ] time is 771
[ Tue Aug 15 2017 16:27:10 GMT+0800 (CST) ] {"err":0,"msg":"JM5fov6QJbBMqdrd8XdjDXZ5xbcXkGHMXq"}
[ Tue Aug 15 2017 16:27:10 GMT+0800 (CST) ] time is 771
[ Tue Aug 15 2017 16:27:10 GMT+0800 (CST) ] {"err":0,"msg":"JeK9tpdw9CSSoozFYirR1uEwdLHggnivPe"}
[ Tue Aug 15 2017 16:27:10 GMT+0800 (CST) ] time is 772
[ Tue Aug 15 2017 16:27:10 GMT+0800 (CST) ] {"err":0,"msg":"JLyHPhtdTJVDWuka3QDJ3j66t3o8vUJ191"}
[ Tue Aug 15 2017 16:27:10 GMT+0800 (CST) ] time is 773
[ Tue Aug 15 2017 16:27:10 GMT+0800 (CST) ] {"err":0,"msg":"JV4NCWB2AenJ7GgqC77S3bs16vSjHmRP5Z"}
[ Tue Aug 15 2017 16:27:10 GMT+0800 (CST) ] time is 772
[ Tue Aug 15 2017 16:27:10 GMT+0800 (CST) ] {"err":0,"msg":"JYdVk4jSNZ7achst1PWmrYrCxq39C3u8yq"}
[ Tue Aug 15 2017 16:27:10 GMT+0800 (CST) ] time is 772
[ Tue Aug 15 2017 16:27:10 GMT+0800 (CST) ] {"err":0,"msg":"JcLjvLsfzUvDU9Y9n59eARNUADiQ4BGXUL"}
[ Tue Aug 15 2017 16:27:10 GMT+0800 (CST) ] time is 773
[ Tue Aug 15 2017 16:27:10 GMT+0800 (CST) ] {"err":0,"msg":"JKcKC8PMwkUfjxs7567pJXkuyDKujpXsc1"}
[ Tue Aug 15 2017 16:27:10 GMT+0800 (CST) ] time is 774
[ Tue Aug 15 2017 16:27:10 GMT+0800 (CST) ] {"err":0,"msg":"JPyH8H4ajC6xBMVbL3JkBH5uiumTwEdDSh"}
[ Tue Aug 15 2017 16:27:10 GMT+0800 (CST) ] time is 773
[ Tue Aug 15 2017 16:27:10 GMT+0800 (CST) ] {"err":0,"msg":"JT2mq3aCS7mYXdzhSHoCjLXmJcgLP4DuE6"}
[ Tue Aug 15 2017 16:27:10 GMT+0800 (CST) ] time is 773
[ Tue Aug 15 2017 16:27:10 GMT+0800 (CST) ] {"err":0,"msg":"JMCLu1Q8WHFRJ2w9Sba76qWKkbFzVa3akT"}
[ Tue Aug 15 2017 16:27:10 GMT+0800 (CST) ] time is 774
[ Tue Aug 15 2017 16:27:10 GMT+0800 (CST) ] {"err":0,"msg":"JTb5qRRSoiSAsWCG8UoNxSh5bkSqt9DwLs"}
[ Tue Aug 15 2017 16:27:10 GMT+0800 (CST) ] time is 775
[ Tue Aug 15 2017 16:27:10 GMT+0800 (CST) ] {"err":0,"msg":"JdkgxRcGckKLttVA88ERd8VmY9k2pWn83A"}
[ Tue Aug 15 2017 16:27:10 GMT+0800 (CST) ] time is 774
[ Tue Aug 15 2017 16:27:10 GMT+0800 (CST) ] {"err":0,"msg":"JUMmKzJsuUsj8TkcP92v4Ua1DHfw2EjMpy"}
[ Tue Aug 15 2017 16:27:10 GMT+0800 (CST) ] time is 774
[ Tue Aug 15 2017 16:27:10 GMT+0800 (CST) ] {"err":0,"msg":"JYEoGMqbF7p5yQhyU5kizEcEh6LbguUYQH"}
[ Tue Aug 15 2017 16:27:10 GMT+0800 (CST) ] time is 775
[ Tue Aug 15 2017 16:27:10 GMT+0800 (CST) ] {"err":0,"msg":"JQrVLmc4gPDCkngiRCNqriAoFe7rG4HqcG"}
[ Tue Aug 15 2017 16:27:10 GMT+0800 (CST) ] time is 776
[ Tue Aug 15 2017 16:27:10 GMT+0800 (CST) ] {"err":0,"msg":"JboWPaGt2S8dpgALRgpzz3JEAW3o3TZp6F"}
[ Tue Aug 15 2017 16:27:10 GMT+0800 (CST) ] time is 775
[ Tue Aug 15 2017 16:27:10 GMT+0800 (CST) ] {"err":0,"msg":"JbASb3jes1GQt1Yr3HBLX3atMhVbj49nuu"}
[ Tue Aug 15 2017 16:27:10 GMT+0800 (CST) ] time is 775
[ Tue Aug 15 2017 16:27:10 GMT+0800 (CST) ] {"err":0,"msg":"JaAYDUotxssGXbo11w2ABXcuB2VrrMzA5x"}
[ Tue Aug 15 2017 16:27:10 GMT+0800 (CST) ] time is 776
[ Tue Aug 15 2017 16:27:10 GMT+0800 (CST) ] {"err":0,"msg":"JNLu3AmUnpdo5cPgSqLzZEkxem7jVS7e39"}
[ Tue Aug 15 2017 16:27:10 GMT+0800 (CST) ] time is 777
[ Tue Aug 15 2017 16:27:10 GMT+0800 (CST) ] {"err":0,"msg":"JJc1H3F6xRg45aRph5jJGPy8osmEiRN28x"}
[ Tue Aug 15 2017 16:27:10 GMT+0800 (CST) ] time is 776
[ Tue Aug 15 2017 16:27:10 GMT+0800 (CST) ] {"err":0,"msg":"JQXhZkQbF9ruRFe77JBotiPKT8WvdaDzBg"}
[ Tue Aug 15 2017 16:27:10 GMT+0800 (CST) ] time is 776
[ Tue Aug 15 2017 16:27:10 GMT+0800 (CST) ] {"err":0,"msg":"JXCCJ3jeQA1y4wfB6a56ctvPKnUBZZe4qV"}
[ Tue Aug 15 2017 16:27:10 GMT+0800 (CST) ] time is 777
[ Tue Aug 15 2017 16:27:10 GMT+0800 (CST) ] {"err":0,"msg":"JUVd89DrMeu5F99JHJkZezjfS1222vLEUT"}
[ Tue Aug 15 2017 16:27:10 GMT+0800 (CST) ] time is 778
[ Tue Aug 15 2017 16:27:10 GMT+0800 (CST) ] {"err":0,"msg":"JdgpVKDVPDEN3cjK8GMASvE2XU7CLmuTdv"}
[ Tue Aug 15 2017 16:27:10 GMT+0800 (CST) ] time is 777
[ Tue Aug 15 2017 16:27:10 GMT+0800 (CST) ] {"err":0,"msg":"JN4T4gdGjzNuw18KT24cVThaXT4XqQWawQ"}
[ Tue Aug 15 2017 16:27:10 GMT+0800 (CST) ] time is 777
[ Tue Aug 15 2017 16:27:10 GMT+0800 (CST) ] {"err":0,"msg":"JeY9v5JCnKcoRgZxFeUhG23ksX3FRFtvxU"}
[ Tue Aug 15 2017 16:27:10 GMT+0800 (CST) ] time is 778
[ Tue Aug 15 2017 16:27:10 GMT+0800 (CST) ] {"err":0,"msg":"JN3Rcnz5vaJysua3q9aZwsnc6owiWyHdjc"}
[ Tue Aug 15 2017 16:27:10 GMT+0800 (CST) ] {"err":0,"msg":"JZbqwwfMuvrL3bLskEmcxgabc6Sfei592Z"}
[ Tue Aug 15 2017 16:27:10 GMT+0800 (CST) ] time is 779
[ Tue Aug 15 2017 16:27:10 GMT+0800 (CST) ] time is 778
[ Tue Aug 15 2017 16:27:10 GMT+0800 (CST) ] {"err":0,"msg":"JfMfKYCpXfijaqgeMvNUGjLnwrUMX8CmrT"}
[ Tue Aug 15 2017 16:27:10 GMT+0800 (CST) ] time is 778
[ Tue Aug 15 2017 16:27:10 GMT+0800 (CST) ] {"err":0,"msg":"Jf3xBQyUsQpqRKLGzv4A227QRZ6xNsDzmf"}
[ Tue Aug 15 2017 16:27:10 GMT+0800 (CST) ] time is 779
[ Tue Aug 15 2017 16:27:10 GMT+0800 (CST) ] {"err":0,"msg":"JL46YTpxAnCGTAR2e5Dswbs6g68ffvYBPt"}
[ Tue Aug 15 2017 16:27:10 GMT+0800 (CST) ] time is 780
[ Tue Aug 15 2017 16:27:10 GMT+0800 (CST) ] {"err":0,"msg":"JMrJjnqrikGjZqofbs6CUj69RpkGvUBXUE"}
[ Tue Aug 15 2017 16:27:10 GMT+0800 (CST) ] time is 779
[ Tue Aug 15 2017 16:27:10 GMT+0800 (CST) ] {"err":0,"msg":"JKk3UQPcfYwTnMs3ftaSF4D3oUxuWD7PM4"}
[ Tue Aug 15 2017 16:27:10 GMT+0800 (CST) ] time is 779
[ Tue Aug 15 2017 16:27:10 GMT+0800 (CST) ] {"err":0,"msg":"JXf1d2DsAuPJ25pcjbA3SeM7LPmV2Kd7ch"}
[ Tue Aug 15 2017 16:27:10 GMT+0800 (CST) ] time is 780
[ Tue Aug 15 2017 16:27:10 GMT+0800 (CST) ] {"err":0,"msg":"JfENcyxMhGHa3ekigACvTAYA9WqPqreQqt"}
[ Tue Aug 15 2017 16:27:10 GMT+0800 (CST) ] time is 781
[ Tue Aug 15 2017 16:27:10 GMT+0800 (CST) ] {"err":0,"msg":"JKSWvyukew8F3GsJkKCVVEtuUt9i3jiMfK"}
[ Tue Aug 15 2017 16:27:10 GMT+0800 (CST) ] time is 780
[ Tue Aug 15 2017 16:27:10 GMT+0800 (CST) ] {"err":0,"msg":"JaWoChpSHbPfH5wnDECc9Kz2UquEEmgWum"}
[ Tue Aug 15 2017 16:27:10 GMT+0800 (CST) ] time is 780
[ Tue Aug 15 2017 16:27:10 GMT+0800 (CST) ] {"err":0,"msg":"JSWo8anBiycZpXxQgq4io1sskNnPzD1cVK"}
[ Tue Aug 15 2017 16:27:10 GMT+0800 (CST) ] time is 781
[ Tue Aug 15 2017 16:27:10 GMT+0800 (CST) ] {"err":0,"msg":"JbZoobcdPEw74SZ1utkX5B3r6hoK5kKNqw"}
[ Tue Aug 15 2017 16:27:10 GMT+0800 (CST) ] time is 782
[ Tue Aug 15 2017 16:27:10 GMT+0800 (CST) ] {"err":0,"msg":"JMMv3ZGM84xgSdH9vDw6FWyaEZhUmiEwxB"}
[ Tue Aug 15 2017 16:27:10 GMT+0800 (CST) ] time is 781
[ Tue Aug 15 2017 16:27:10 GMT+0800 (CST) ] {"err":0,"msg":"JcCen6AFoYwShyhD8AiPtYEkfKoxGYsvAE"}
[ Tue Aug 15 2017 16:27:10 GMT+0800 (CST) ] time is 781
[ Tue Aug 15 2017 16:27:10 GMT+0800 (CST) ] {"err":0,"msg":"JN2FkL4KxbgGdMSyyPh6TX2Pxsz7MJjQEa"}
[ Tue Aug 15 2017 16:27:10 GMT+0800 (CST) ] time is 782
[ Tue Aug 15 2017 16:27:10 GMT+0800 (CST) ] {"err":0,"msg":"JPst4NZb4EoTMP54yLwnzLhixXM4kApWfa"}
[ Tue Aug 15 2017 16:27:10 GMT+0800 (CST) ] time is 783
[ Tue Aug 15 2017 16:27:10 GMT+0800 (CST) ] {"err":0,"msg":"JUGFVr8tVj7reLPWuP5zN4NY35VJNos18j"}
[ Tue Aug 15 2017 16:27:10 GMT+0800 (CST) ] time is 782
[ Tue Aug 15 2017 16:27:10 GMT+0800 (CST) ] {"err":0,"msg":"JhQiq3TzJD8XL6CuyY2RMxjUurKa4koDdD"}
[ Tue Aug 15 2017 16:27:10 GMT+0800 (CST) ] time is 782
[ Tue Aug 15 2017 16:27:10 GMT+0800 (CST) ] {"err":0,"msg":"JXyfYtsxv8bheZhGr9YG6CCdH9EZNimEr3"}
[ Tue Aug 15 2017 16:27:10 GMT+0800 (CST) ] time is 783
[ Tue Aug 15 2017 16:27:10 GMT+0800 (CST) ] {"err":0,"msg":"JQRkFRcwjfEKhs2DymoCs83Ng4tLjnwEQe"}
[ Tue Aug 15 2017 16:27:10 GMT+0800 (CST) ] time is 784
[ Tue Aug 15 2017 16:27:10 GMT+0800 (CST) ] {"err":0,"msg":"JefGRxdXj7oEw7Hg2bmcFLgCqbKEmhwEbw"}
[ Tue Aug 15 2017 16:27:10 GMT+0800 (CST) ] time is 783
[ Tue Aug 15 2017 16:27:10 GMT+0800 (CST) ] {"err":0,"msg":"JNU5KRVxyNpNypHgBxG1UuYqeZXaEipp4T"}
[ Tue Aug 15 2017 16:27:10 GMT+0800 (CST) ] time is 783
[ Tue Aug 15 2017 16:27:10 GMT+0800 (CST) ] {"err":0,"msg":"JZk2F1RCcAh5pkqLTfDV9x21TRCGvpwdC2"}
[ Tue Aug 15 2017 16:27:10 GMT+0800 (CST) ] time is 784
[ Tue Aug 15 2017 16:27:10 GMT+0800 (CST) ] {"err":0,"msg":"JJiL3BpMMDJg1gvp3bPbX7a9qjKCtbDjaK"}
[ Tue Aug 15 2017 16:27:10 GMT+0800 (CST) ] time is 785
[ Tue Aug 15 2017 16:27:10 GMT+0800 (CST) ] {"err":0,"msg":"Jatn3RJjkb2JngeP17tUQatx8zvvhsTpyi"}
[ Tue Aug 15 2017 16:27:10 GMT+0800 (CST) ] time is 784
[ Tue Aug 15 2017 16:27:10 GMT+0800 (CST) ] {"err":0,"msg":"JWjnyWiLndLXXYK8Cx6vFcrfxQSMsofZng"}
[ Tue Aug 15 2017 16:27:10 GMT+0800 (CST) ] time is 784
[ Tue Aug 15 2017 16:27:10 GMT+0800 (CST) ] {"err":0,"msg":"JNDuCV4QaNVZ9qYi8UwRzWANq3xr54yG66"}
[ Tue Aug 15 2017 16:27:10 GMT+0800 (CST) ] time is 785
[ Tue Aug 15 2017 16:27:10 GMT+0800 (CST) ] {"err":0,"msg":"JXK2b9BKEdy4sqVmPc6PAe9vcbwwcLUvsA"}
[ Tue Aug 15 2017 16:27:10 GMT+0800 (CST) ] time is 786
[ Tue Aug 15 2017 16:27:10 GMT+0800 (CST) ] {"err":0,"msg":"JbYcsAyZgNaDqZJkHusmrRfhaLs4D5RVx9"}
[ Tue Aug 15 2017 16:27:10 GMT+0800 (CST) ] time is 785
[ Tue Aug 15 2017 16:27:10 GMT+0800 (CST) ] {"err":0,"msg":"JQWhGwL3Zq68ZWLPCv91qtgQC1i9LFmeC9"}
[ Tue Aug 15 2017 16:27:10 GMT+0800 (CST) ] time is 785
[ Tue Aug 15 2017 16:27:10 GMT+0800 (CST) ] {"err":0,"msg":"JMJkxp7RUysFqMcXxokGGRZyuetxkdiHZa"}
[ Tue Aug 15 2017 16:27:10 GMT+0800 (CST) ] time is 786
[ Tue Aug 15 2017 16:27:10 GMT+0800 (CST) ] {"err":0,"msg":"JVi2hWPo52Mx4DQb6U4X6wueJtU1FntBRp"}
[ Tue Aug 15 2017 16:27:10 GMT+0800 (CST) ] time is 787
[ Tue Aug 15 2017 16:27:10 GMT+0800 (CST) ] {"err":0,"msg":"JgCickqcNLhsWsRquN7cEsL9EqfcG3RNgh"}
[ Tue Aug 15 2017 16:27:10 GMT+0800 (CST) ] time is 786
[ Tue Aug 15 2017 16:27:10 GMT+0800 (CST) ] {"err":0,"msg":"JfqAS9ERWT7rQWfNGzFhvzac7ySNPWz5zf"}
[ Tue Aug 15 2017 16:27:10 GMT+0800 (CST) ] time is 786
[ Tue Aug 15 2017 16:27:10 GMT+0800 (CST) ] {"err":0,"msg":"JUti7ryEqrLbqPX73HTqGte5Z7mHGqhmXh"}
[ Tue Aug 15 2017 16:27:10 GMT+0800 (CST) ] time is 787
[ Tue Aug 15 2017 16:27:10 GMT+0800 (CST) ] {"err":0,"msg":"Jb4pUm5VUtk2EUT6FPEUAGZm4oNs27v8PY"}
[ Tue Aug 15 2017 16:27:10 GMT+0800 (CST) ] time is 788
[ Tue Aug 15 2017 16:27:10 GMT+0800 (CST) ] {"err":0,"msg":"JYUtAGu3wWRfjsrQuXucgDqL72euqgQPJ2"}
[ Tue Aug 15 2017 16:27:10 GMT+0800 (CST) ] time is 787
[ Tue Aug 15 2017 16:27:10 GMT+0800 (CST) ] {"err":0,"msg":"Jb8327JkDrvPKZ8gy5V5huaqLiMCcQJNAE"}
[ Tue Aug 15 2017 16:27:10 GMT+0800 (CST) ] time is 787
[ Tue Aug 15 2017 16:27:10 GMT+0800 (CST) ] {"err":0,"msg":"Jhdu8ZUAnQYCFYL7tV7ZYErZa6gowLHG7g"}
[ Tue Aug 15 2017 16:27:10 GMT+0800 (CST) ] time is 788
[ Tue Aug 15 2017 16:27:10 GMT+0800 (CST) ] {"err":0,"msg":"JQfg8o3qMNTcBnhyXUTxxgjswj5JZXcYCy"}
[ Tue Aug 15 2017 16:27:11 GMT+0800 (CST) ] time is 789
[ Tue Aug 15 2017 16:27:11 GMT+0800 (CST) ] {"err":0,"msg":"JUdUTzHW6UMQwT8qLsQccH9oKJq1HsRxnB"}
[ Tue Aug 15 2017 16:27:11 GMT+0800 (CST) ] time is 788
[ Tue Aug 15 2017 16:27:11 GMT+0800 (CST) ] {"err":0,"msg":"JZCxCmUkoBCrKCpxD6rZBACkMCmrCWjxCX"}
[ Tue Aug 15 2017 16:27:11 GMT+0800 (CST) ] time is 788
[ Tue Aug 15 2017 16:27:11 GMT+0800 (CST) ] {"err":0,"msg":"Jebc79VeWVXTZytfdWfC5ERrjCcLNtizUM"}
[ Tue Aug 15 2017 16:27:11 GMT+0800 (CST) ] time is 789
[ Tue Aug 15 2017 16:27:11 GMT+0800 (CST) ] {"err":0,"msg":"JfPUs3HFQDktTDYkMXQMfuFLBbz6jfJz4o"}
[ Tue Aug 15 2017 16:27:11 GMT+0800 (CST) ] time is 790
[ Tue Aug 15 2017 16:27:11 GMT+0800 (CST) ] {"err":0,"msg":"JYFzqzWyFR2RtpD4swFr84fLKtuKkRwury"}
[ Tue Aug 15 2017 16:27:11 GMT+0800 (CST) ] time is 789
[ Tue Aug 15 2017 16:27:11 GMT+0800 (CST) ] {"err":0,"msg":"JReazGa68dos9PmeRQaF31CEZqnM9P6mPn"}
[ Tue Aug 15 2017 16:27:11 GMT+0800 (CST) ] time is 789
[ Tue Aug 15 2017 16:27:11 GMT+0800 (CST) ] {"err":0,"msg":"JQVAhSfWcKRaw8sW9kfMhdGaLRhzTXJnre"}
[ Tue Aug 15 2017 16:27:11 GMT+0800 (CST) ] time is 790
[ Tue Aug 15 2017 16:27:11 GMT+0800 (CST) ] {"err":0,"msg":"JKLCGvBvs16vLpuyMyiKAw8CxwzsGfegZf"}
[ Tue Aug 15 2017 16:27:11 GMT+0800 (CST) ] time is 791
[ Tue Aug 15 2017 16:27:11 GMT+0800 (CST) ] {"err":0,"msg":"JgWYuU4R96qCqytYue1obTFxLcYBvWS81s"}
[ Tue Aug 15 2017 16:27:11 GMT+0800 (CST) ] time is 790
[ Tue Aug 15 2017 16:27:11 GMT+0800 (CST) ] {"err":0,"msg":"JRmZnKyJioYQfwimkikU88UEnkRZ9s1d2s"}
[ Tue Aug 15 2017 16:27:11 GMT+0800 (CST) ] time is 790
[ Tue Aug 15 2017 16:27:11 GMT+0800 (CST) ] {"err":0,"msg":"JZo7yQJLFk2GmGGPirDzzHhePgug6TGr7d"}
[ Tue Aug 15 2017 16:27:11 GMT+0800 (CST) ] time is 791
[ Tue Aug 15 2017 16:27:11 GMT+0800 (CST) ] {"err":0,"msg":"JgaZnfuFPC2eJrbpzoZQW48auhxknTtyUg"}
[ Tue Aug 15 2017 16:27:11 GMT+0800 (CST) ] time is 791
[ Tue Aug 15 2017 16:27:11 GMT+0800 (CST) ] {"err":0,"msg":"JSsjRevfX8SBJPHLKbV3oggXmzEpYqFAth"}
[ Tue Aug 15 2017 16:27:11 GMT+0800 (CST) ] time is 792
[ Tue Aug 15 2017 16:27:11 GMT+0800 (CST) ] {"err":0,"msg":"JT3xnzDnuZaK5aTMDDkkFBEZkXJoSWGagJ"}
[ Tue Aug 15 2017 16:27:11 GMT+0800 (CST) ] time is 791
[ Tue Aug 15 2017 16:27:11 GMT+0800 (CST) ] {"err":0,"msg":"Jep3jGJSrY4YTdNPxtMz5sAn2WEvhV75QP"}
[ Tue Aug 15 2017 16:27:11 GMT+0800 (CST) ] time is 792
[ Tue Aug 15 2017 16:27:11 GMT+0800 (CST) ] {"err":0,"msg":"JSubJ5oSdhDoCQMCqzBc3Ri7ViA59SDFtB"}
[ Tue Aug 15 2017 16:27:11 GMT+0800 (CST) ] time is 792
[ Tue Aug 15 2017 16:27:11 GMT+0800 (CST) ] {"err":0,"msg":"JPFxPPJiuxeJhC23STu8o5NBZTE7NHaG6F"}
[ Tue Aug 15 2017 16:27:11 GMT+0800 (CST) ] time is 793
[ Tue Aug 15 2017 16:27:11 GMT+0800 (CST) ] {"err":0,"msg":"JaUyjs4fSqDyP3cmN66kWh6TufNZGzb8A5"}
[ Tue Aug 15 2017 16:27:11 GMT+0800 (CST) ] time is 792
[ Tue Aug 15 2017 16:27:11 GMT+0800 (CST) ] {"err":0,"msg":"JTi2a8g96S2F6gdCjnqpeSfaFbVHJNPpB2"}
[ Tue Aug 15 2017 16:27:11 GMT+0800 (CST) ] time is 793
[ Tue Aug 15 2017 16:27:11 GMT+0800 (CST) ] {"err":0,"msg":"JgzQDyKNEUE13ZHtyugoRyq4EPxDgRYbZ4"}
[ Tue Aug 15 2017 16:27:11 GMT+0800 (CST) ] time is 793
[ Tue Aug 15 2017 16:27:11 GMT+0800 (CST) ] {"err":0,"msg":"Jd4BBoXy4fs1DC94eAwiGfNpM35LsrP6mu"}
[ Tue Aug 15 2017 16:27:11 GMT+0800 (CST) ] time is 794
[ Tue Aug 15 2017 16:27:11 GMT+0800 (CST) ] {"err":0,"msg":"JNZS2h9QcjFj28H8E3MV9rPobZNTeHiTRh"}
[ Tue Aug 15 2017 16:27:11 GMT+0800 (CST) ] time is 793
[ Tue Aug 15 2017 16:27:11 GMT+0800 (CST) ] {"err":0,"msg":"JL96o1Brp1BPdJUAaLXN5LPiwjs8JWTC9m"}
[ Tue Aug 15 2017 16:27:11 GMT+0800 (CST) ] time is 794
[ Tue Aug 15 2017 16:27:11 GMT+0800 (CST) ] {"err":0,"msg":"JR9L6yavvaduCbUTMcAty8fCiCRS86Mjdb"}
[ Tue Aug 15 2017 16:27:11 GMT+0800 (CST) ] time is 794
[ Tue Aug 15 2017 16:27:11 GMT+0800 (CST) ] {"err":0,"msg":"JZbAi28AAZ8hJbRLnec3pB4v2vMViMUeJi"}
[ Tue Aug 15 2017 16:27:11 GMT+0800 (CST) ] time is 795
[ Tue Aug 15 2017 16:27:11 GMT+0800 (CST) ] {"err":0,"msg":"JL6KBjnTvZEQpdZL5wDPNzvAWAJWEjUjkr"}
[ Tue Aug 15 2017 16:27:11 GMT+0800 (CST) ] time is 794
[ Tue Aug 15 2017 16:27:11 GMT+0800 (CST) ] {"err":0,"msg":"JQdKPHufEhtEN2CLfN7tZ6Ko625VSzh29K"}
[ Tue Aug 15 2017 16:27:11 GMT+0800 (CST) ] time is 795
[ Tue Aug 15 2017 16:27:11 GMT+0800 (CST) ] {"err":0,"msg":"JYqoeBFEKGnKu8TREeL4vGwQY5TtBbyED6"}
[ Tue Aug 15 2017 16:27:11 GMT+0800 (CST) ] time is 795
[ Tue Aug 15 2017 16:27:11 GMT+0800 (CST) ] {"err":0,"msg":"JRWL9GAYrun2twVmX3kVqPnA8vnNxUjeNF"}
[ Tue Aug 15 2017 16:27:11 GMT+0800 (CST) ] time is 796
[ Tue Aug 15 2017 16:27:11 GMT+0800 (CST) ] {"err":0,"msg":"JgYRu1ie1vksC8JJoqqAzvwweXpc4TyCwk"}
[ Tue Aug 15 2017 16:27:11 GMT+0800 (CST) ] time is 795
[ Tue Aug 15 2017 16:27:11 GMT+0800 (CST) ] {"err":0,"msg":"JQkNXEaWT6drzPT8cj3cFVURVzkgnxPEeL"}
[ Tue Aug 15 2017 16:27:11 GMT+0800 (CST) ] time is 796
[ Tue Aug 15 2017 16:27:11 GMT+0800 (CST) ] {"err":0,"msg":"JThk2v9v5qvGVdGbCDLS1zRULD4fewEK1D"}
[ Tue Aug 15 2017 16:27:11 GMT+0800 (CST) ] time is 796
[ Tue Aug 15 2017 16:27:11 GMT+0800 (CST) ] {"err":0,"msg":"JgjnCv7RSfKXPswB5hoVE1WH5L86fw48Qi"}
[ Tue Aug 15 2017 16:27:11 GMT+0800 (CST) ] time is 797
[ Tue Aug 15 2017 16:27:11 GMT+0800 (CST) ] {"err":0,"msg":"JVTC2ZsvefN1jYkJDwLC6un5rFnwVESoiX"}
[ Tue Aug 15 2017 16:27:11 GMT+0800 (CST) ] time is 796
[ Tue Aug 15 2017 16:27:11 GMT+0800 (CST) ] {"err":0,"msg":"JTQicRGmrYVVqsTH5D7B74jB8jP5nUD93L"}
[ Tue Aug 15 2017 16:27:11 GMT+0800 (CST) ] time is 797
[ Tue Aug 15 2017 16:27:11 GMT+0800 (CST) ] {"err":0,"msg":"JKa3jVx8T9d57gzEqcQWSbefAGRTyfMkLV"}
[ Tue Aug 15 2017 16:27:11 GMT+0800 (CST) ] time is 797
[ Tue Aug 15 2017 16:27:11 GMT+0800 (CST) ] {"err":0,"msg":"JPMqYqp7vahjA6mbHNjbDtFfL4yyp24f2H"}
[ Tue Aug 15 2017 16:27:11 GMT+0800 (CST) ] time is 798
[ Tue Aug 15 2017 16:27:11 GMT+0800 (CST) ] {"err":0,"msg":"JaoKr5wafCTAqTwHq6xtCi83snDuHCn1zu"}
[ Tue Aug 15 2017 16:27:11 GMT+0800 (CST) ] time is 797
[ Tue Aug 15 2017 16:27:11 GMT+0800 (CST) ] {"err":0,"msg":"JTsXXBvAYkHn7dreTysUj5zYGP2uQk9ZFc"}
[ Tue Aug 15 2017 16:27:11 GMT+0800 (CST) ] time is 798
[ Tue Aug 15 2017 16:27:11 GMT+0800 (CST) ] {"err":0,"msg":"JaA7J7fow4DDmd7p9bQDZseM6WbZHBGcx6"}
[ Tue Aug 15 2017 16:27:11 GMT+0800 (CST) ] time is 798
[ Tue Aug 15 2017 16:27:11 GMT+0800 (CST) ] {"err":0,"msg":"JYSh38mY2QPTnXCBHw8ArmeNWHxa2x2o1u"}
[ Tue Aug 15 2017 16:27:11 GMT+0800 (CST) ] time is 799
[ Tue Aug 15 2017 16:27:11 GMT+0800 (CST) ] {"err":0,"msg":"Jgb5atxgqrhMBxruXtNTZiV6xSqAYZShxq"}
[ Tue Aug 15 2017 16:27:11 GMT+0800 (CST) ] time is 798
[ Tue Aug 15 2017 16:27:11 GMT+0800 (CST) ] {"err":0,"msg":"JPBCSSfrnwQtzJnz7XaP3ZwGVzFS7DzxGT"}
[ Tue Aug 15 2017 16:27:11 GMT+0800 (CST) ] time is 799
[ Tue Aug 15 2017 16:27:11 GMT+0800 (CST) ] {"err":0,"msg":"JQL77dA6h1vF5SJMEhmJ3PtfFbqttruUvd"}
[ Tue Aug 15 2017 16:27:11 GMT+0800 (CST) ] time is 799
[ Tue Aug 15 2017 16:27:11 GMT+0800 (CST) ] {"err":0,"msg":"JbzVH4GVrrXmGJ6pswv1iLW5hE644wsmCy"}
[ Tue Aug 15 2017 16:27:11 GMT+0800 (CST) ] time is 800
[ Tue Aug 15 2017 16:27:11 GMT+0800 (CST) ] {"err":0,"msg":"JPvMj9C9dgZ7bDeVefpNf8M7PqRGyjWhio"}
[ Tue Aug 15 2017 16:27:11 GMT+0800 (CST) ] time is 799
[ Tue Aug 15 2017 16:27:11 GMT+0800 (CST) ] {"err":0,"msg":"JWNwf2fUdfyrN2zHKf6Wr6LGQsdj6DCLqG"}
[ Tue Aug 15 2017 16:27:11 GMT+0800 (CST) ] time is 800
[ Tue Aug 15 2017 16:27:11 GMT+0800 (CST) ] {"err":0,"msg":"JTTNoXJyj23hTvim4xkpphXtcjRp1CrZwX"}
[ Tue Aug 15 2017 16:27:11 GMT+0800 (CST) ] time is 801
[ Tue Aug 15 2017 16:27:11 GMT+0800 (CST) ] {"err":0,"msg":"JLuYQAhYake64VBRu4cSawMDN1kdH6VPe7"}
[ Tue Aug 15 2017 16:27:11 GMT+0800 (CST) ] time is 800
[ Tue Aug 15 2017 16:27:11 GMT+0800 (CST) ] {"err":0,"msg":"JZRRQRFkH5txxLXBx1CLpFPTf34cPy1DbY"}
[ Tue Aug 15 2017 16:27:11 GMT+0800 (CST) ] time is 800
[ Tue Aug 15 2017 16:27:11 GMT+0800 (CST) ] {"err":0,"msg":"JaMNsRM6sEFJi3TJWf4tJxdWVm3gsrhzSH"}
[ Tue Aug 15 2017 16:27:11 GMT+0800 (CST) ] time is 801
[ Tue Aug 15 2017 16:27:11 GMT+0800 (CST) ] {"err":0,"msg":"JRn1MVa8CAFRih14KXUhEMKGW1kgwCk759"}
[ Tue Aug 15 2017 16:27:11 GMT+0800 (CST) ] time is 802
[ Tue Aug 15 2017 16:27:11 GMT+0800 (CST) ] {"err":0,"msg":"JJbqYDWke1XrpUK1fqanvDi5un4CgR8oCW"}
[ Tue Aug 15 2017 16:27:11 GMT+0800 (CST) ] time is 801
[ Tue Aug 15 2017 16:27:11 GMT+0800 (CST) ] {"err":0,"msg":"Jen6drnBceB1jwubHkBH3jf7Yv67hSUSsb"}
[ Tue Aug 15 2017 16:27:11 GMT+0800 (CST) ] time is 801
[ Tue Aug 15 2017 16:27:11 GMT+0800 (CST) ] {"err":0,"msg":"JKvMSirE4jrTzBS6RevFPuxv8f49Ya4zPR"}
[ Tue Aug 15 2017 16:27:11 GMT+0800 (CST) ] time is 802
[ Tue Aug 15 2017 16:27:11 GMT+0800 (CST) ] {"err":0,"msg":"Jc62wxyiGPaY8SfkL4b6bm3jLeEmDKduPz"}
[ Tue Aug 15 2017 16:27:11 GMT+0800 (CST) ] time is 803
[ Tue Aug 15 2017 16:27:11 GMT+0800 (CST) ] {"err":0,"msg":"JJhh95QtM9J4NpeHx7T3czveLtHrfchrnF"}
[ Tue Aug 15 2017 16:27:11 GMT+0800 (CST) ] time is 802
[ Tue Aug 15 2017 16:27:11 GMT+0800 (CST) ] {"err":0,"msg":"JTJJGAkXQtt2gB9Kw3SNHGGgJ96TXKTMDA"}
[ Tue Aug 15 2017 16:27:11 GMT+0800 (CST) ] time is 802
[ Tue Aug 15 2017 16:27:11 GMT+0800 (CST) ] {"err":0,"msg":"JNVcmpS5grQvBdjTbXfhAv6JLzvWBgZvpn"}
[ Tue Aug 15 2017 16:27:11 GMT+0800 (CST) ] time is 803
[ Tue Aug 15 2017 16:27:11 GMT+0800 (CST) ] {"err":0,"msg":"JShmWi4nXxMFoRADqSEeAp6zKbzYkACTkr"}
[ Tue Aug 15 2017 16:27:11 GMT+0800 (CST) ] time is 804
[ Tue Aug 15 2017 16:27:11 GMT+0800 (CST) ] {"err":0,"msg":"JQhjkrVZfKFM5CAvdqWS2APXktV2J9E1Xc"}
[ Tue Aug 15 2017 16:27:11 GMT+0800 (CST) ] time is 803
[ Tue Aug 15 2017 16:27:11 GMT+0800 (CST) ] {"err":0,"msg":"JQCcuPY1ZRyDRxcrwfgHT5RivvyiqckLLN"}
[ Tue Aug 15 2017 16:27:11 GMT+0800 (CST) ] time is 803
[ Tue Aug 15 2017 16:27:11 GMT+0800 (CST) ] {"err":0,"msg":"JVsR33NrGB6HicmyetG3UB7TWQrtgnWmSD"}
[ Tue Aug 15 2017 16:27:11 GMT+0800 (CST) ] time is 804
[ Tue Aug 15 2017 16:27:11 GMT+0800 (CST) ] {"err":0,"msg":"JbAGTK5ZeG1jxXbnDSJjFisHAtq4Zo7aeP"}
[ Tue Aug 15 2017 16:27:11 GMT+0800 (CST) ] time is 805
[ Tue Aug 15 2017 16:27:11 GMT+0800 (CST) ] {"err":0,"msg":"JK6G5uezdMyzotDUgYTexaAAp87zRB2Zcn"}
[ Tue Aug 15 2017 16:27:11 GMT+0800 (CST) ] time is 804
[ Tue Aug 15 2017 16:27:11 GMT+0800 (CST) ] {"err":0,"msg":"JLKjiTQX6oX9BEgLFuXLnYGekLcMMMcqki"}
[ Tue Aug 15 2017 16:27:11 GMT+0800 (CST) ] time is 804
[ Tue Aug 15 2017 16:27:11 GMT+0800 (CST) ] {"err":0,"msg":"JSfjJogWQ4pVRXmD6QFhUNXzZwNw3qyPNt"}
[ Tue Aug 15 2017 16:27:11 GMT+0800 (CST) ] time is 805
[ Tue Aug 15 2017 16:27:11 GMT+0800 (CST) ] {"err":0,"msg":"JJpRseFnU7KaF7RC1oxvFSpn9WbckKtFLo"}
[ Tue Aug 15 2017 16:27:11 GMT+0800 (CST) ] time is 806
[ Tue Aug 15 2017 16:27:11 GMT+0800 (CST) ] {"err":0,"msg":"JY5aUT3U9oJZZqsHsbm1hVS49qAqZi1Nje"}
[ Tue Aug 15 2017 16:27:11 GMT+0800 (CST) ] time is 805
[ Tue Aug 15 2017 16:27:11 GMT+0800 (CST) ] {"err":0,"msg":"JQVXyyKqrUZUvPtwifRGeLXnGr9DiiZQoF"}
[ Tue Aug 15 2017 16:27:11 GMT+0800 (CST) ] time is 805
[ Tue Aug 15 2017 16:27:11 GMT+0800 (CST) ] {"err":0,"msg":"JXf3KUkjWtYb9NCBda2koK5pdtAGbUVyKz"}
[ Tue Aug 15 2017 16:27:11 GMT+0800 (CST) ] time is 806
[ Tue Aug 15 2017 16:27:11 GMT+0800 (CST) ] {"err":0,"msg":"JcEXfWfBdZBXGtRff15rAqiseMufMLvHSs"}
[ Tue Aug 15 2017 16:27:11 GMT+0800 (CST) ] time is 807
[ Tue Aug 15 2017 16:27:11 GMT+0800 (CST) ] {"err":0,"msg":"JLQarpBmHqewbeJKvpC43zojba42yqkYoR"}
[ Tue Aug 15 2017 16:27:11 GMT+0800 (CST) ] time is 806
[ Tue Aug 15 2017 16:27:11 GMT+0800 (CST) ] {"err":0,"msg":"JRs4LricbmGtSxzQQHWXBc1CC5RFxnxg7g"}
[ Tue Aug 15 2017 16:27:11 GMT+0800 (CST) ] time is 806
[ Tue Aug 15 2017 16:27:11 GMT+0800 (CST) ] {"err":0,"msg":"JUPDnKAF4mPg7HRCNqkJzVt3btnB1tNTQX"}
[ Tue Aug 15 2017 16:27:12 GMT+0800 (CST) ] time is 807
[ Tue Aug 15 2017 16:27:12 GMT+0800 (CST) ] {"err":0,"msg":"JRUqtDB6gLf45qTsDPTT9gGsDd3GQzHCHc"}
[ Tue Aug 15 2017 16:27:12 GMT+0800 (CST) ] time is 807
[ Tue Aug 15 2017 16:27:12 GMT+0800 (CST) ] {"err":0,"msg":"JePRx9NSzBqpuMKGktKN3MridHVZTrna7F"}
[ Tue Aug 15 2017 16:27:12 GMT+0800 (CST) ] time is 808
[ Tue Aug 15 2017 16:27:12 GMT+0800 (CST) ] {"err":0,"msg":"JNAhESorPRd64137CM3jZMKZsJjKMjQjKr"}
[ Tue Aug 15 2017 16:27:12 GMT+0800 (CST) ] time is 807
[ Tue Aug 15 2017 16:27:12 GMT+0800 (CST) ] {"err":0,"msg":"JN5bHF6tWiPVjfCXcKEdHo7ijA9KsJ49Yp"}
[ Tue Aug 15 2017 16:27:12 GMT+0800 (CST) ] time is 808
[ Tue Aug 15 2017 16:27:12 GMT+0800 (CST) ] {"err":0,"msg":"JKkfot2EqiKCZ2CAVRMZ92WLRFYAQ8tvGj"}
[ Tue Aug 15 2017 16:27:12 GMT+0800 (CST) ] time is 808
[ Tue Aug 15 2017 16:27:12 GMT+0800 (CST) ] {"err":0,"msg":"JbjhLr4eZNjyBmJoxihYwz33ynyaAVfTpc"}
[ Tue Aug 15 2017 16:27:12 GMT+0800 (CST) ] time is 809
[ Tue Aug 15 2017 16:27:12 GMT+0800 (CST) ] {"err":0,"msg":"JWaWLwGSuNZpGWM5xYWkb18uyCtLi9hNZv"}
[ Tue Aug 15 2017 16:27:12 GMT+0800 (CST) ] time is 808
[ Tue Aug 15 2017 16:27:12 GMT+0800 (CST) ] {"err":0,"msg":"JXWKB9ka1MFLg4Pqi9cRTvD5UGbdRHGyrU"}
[ Tue Aug 15 2017 16:27:12 GMT+0800 (CST) ] time is 809
[ Tue Aug 15 2017 16:27:12 GMT+0800 (CST) ] {"err":0,"msg":"JVeuZhhmXTZo5TwY1A5MyzJtHiukKRfCD8"}
[ Tue Aug 15 2017 16:27:12 GMT+0800 (CST) ] time is 809
[ Tue Aug 15 2017 16:27:12 GMT+0800 (CST) ] {"err":0,"msg":"JRsPQC44nkehCnjKdnmhVszSF1auDiza8H"}
[ Tue Aug 15 2017 16:27:12 GMT+0800 (CST) ] time is 810
[ Tue Aug 15 2017 16:27:12 GMT+0800 (CST) ] {"err":0,"msg":"JY7Wuv891WKVZmTVCQrht7fJtwVbLQAfvV"}
[ Tue Aug 15 2017 16:27:12 GMT+0800 (CST) ] time is 809
[ Tue Aug 15 2017 16:27:12 GMT+0800 (CST) ] {"err":0,"msg":"JUgLsgdkCkHsqi1uT4EpHLXrVJYreh8zK1"}
[ Tue Aug 15 2017 16:27:12 GMT+0800 (CST) ] time is 810
[ Tue Aug 15 2017 16:27:12 GMT+0800 (CST) ] {"err":0,"msg":"JaVEsKcHR8268DziSaArszs1AUtxh1Lyjh"}
[ Tue Aug 15 2017 16:27:12 GMT+0800 (CST) ] time is 810
[ Tue Aug 15 2017 16:27:12 GMT+0800 (CST) ] {"err":0,"msg":"JhMoxQ2arXoG2jQQUpSQCUCEHJasrA8Rf8"}
[ Tue Aug 15 2017 16:27:12 GMT+0800 (CST) ] time is 811
[ Tue Aug 15 2017 16:27:12 GMT+0800 (CST) ] {"err":0,"msg":"JMaJMpQxUqfr9u86rMTfHD2becyenNrvLW"}
[ Tue Aug 15 2017 16:27:12 GMT+0800 (CST) ] time is 810
[ Tue Aug 15 2017 16:27:12 GMT+0800 (CST) ] {"err":0,"msg":"JeovXfT614ca8pdfBFDxEZihv44FuCtEWF"}
[ Tue Aug 15 2017 16:27:12 GMT+0800 (CST) ] time is 811
[ Tue Aug 15 2017 16:27:12 GMT+0800 (CST) ] {"err":0,"msg":"JVBWQixFPMa26vz36mRdFkCq6dXaU8tS7M"}
[ Tue Aug 15 2017 16:27:12 GMT+0800 (CST) ] time is 811
[ Tue Aug 15 2017 16:27:12 GMT+0800 (CST) ] {"err":0,"msg":"JTi2Mig9tkCDHzNGk4s6mMYi71UA4i9ADR"}
[ Tue Aug 15 2017 16:27:12 GMT+0800 (CST) ] time is 812
[ Tue Aug 15 2017 16:27:12 GMT+0800 (CST) ] {"err":0,"msg":"JSDEDKthJb8awANmM7tRZzd9x7VjgaknaW"}
[ Tue Aug 15 2017 16:27:12 GMT+0800 (CST) ] time is 811
[ Tue Aug 15 2017 16:27:12 GMT+0800 (CST) ] {"err":0,"msg":"JZWCmwwZERjUtixJp9VzoTH1UyFRtgNVDv"}
[ Tue Aug 15 2017 16:27:12 GMT+0800 (CST) ] time is 812
[ Tue Aug 15 2017 16:27:12 GMT+0800 (CST) ] {"err":0,"msg":"JcrBipaHnrdLg9YxugvRjnCb8gXmzigvNY"}
[ Tue Aug 15 2017 16:27:12 GMT+0800 (CST) ] time is 812
[ Tue Aug 15 2017 16:27:12 GMT+0800 (CST) ] {"err":0,"msg":"JVGnCh6GQRHibGEAYnfWCwPsE3aN138Dhg"}
[ Tue Aug 15 2017 16:27:12 GMT+0800 (CST) ] time is 813
[ Tue Aug 15 2017 16:27:12 GMT+0800 (CST) ] {"err":0,"msg":"JLLdRM4iZoFKQGmbK7AGZB24voU6cozciu"}
[ Tue Aug 15 2017 16:27:12 GMT+0800 (CST) ] time is 812
[ Tue Aug 15 2017 16:27:12 GMT+0800 (CST) ] {"err":0,"msg":"JaPkm2PEkYgpQrEr4YWBw2s1om6dULbHj1"}
[ Tue Aug 15 2017 16:27:12 GMT+0800 (CST) ] time is 813
[ Tue Aug 15 2017 16:27:12 GMT+0800 (CST) ] {"err":0,"msg":"JcZfppynN65DgX3sUzpTCDK6zFqaREj5KE"}
[ Tue Aug 15 2017 16:27:12 GMT+0800 (CST) ] time is 813
[ Tue Aug 15 2017 16:27:12 GMT+0800 (CST) ] {"err":0,"msg":"JhDT8XVmBciCdHZ5zpALSc2Qiw9NMRPS8X"}
[ Tue Aug 15 2017 16:27:12 GMT+0800 (CST) ] time is 814
[ Tue Aug 15 2017 16:27:12 GMT+0800 (CST) ] {"err":0,"msg":"JYRbzmyv5MvDU6eRBt6PJ4UqSEFmFpo6xT"}
[ Tue Aug 15 2017 16:27:12 GMT+0800 (CST) ] time is 813
[ Tue Aug 15 2017 16:27:12 GMT+0800 (CST) ] {"err":0,"msg":"JVT5e6mVNVaex9k9BNwGCh2Rg88hvroeQz"}
[ Tue Aug 15 2017 16:27:12 GMT+0800 (CST) ] time is 814
[ Tue Aug 15 2017 16:27:12 GMT+0800 (CST) ] {"err":0,"msg":"JcWRc71Z9LjjMq3ZNfSE5kRG3ADU4qAw82"}
[ Tue Aug 15 2017 16:27:12 GMT+0800 (CST) ] time is 814
[ Tue Aug 15 2017 16:27:12 GMT+0800 (CST) ] {"err":0,"msg":"JfKFuNAKmC1fxxEtUhKWescd1WN1kjfAWe"}
[ Tue Aug 15 2017 16:27:12 GMT+0800 (CST) ] time is 815
[ Tue Aug 15 2017 16:27:12 GMT+0800 (CST) ] {"err":0,"msg":"JdgkKb1mjxQi5Tma58ut1S9R22pUuYicqA"}
[ Tue Aug 15 2017 16:27:12 GMT+0800 (CST) ] time is 814
[ Tue Aug 15 2017 16:27:12 GMT+0800 (CST) ] {"err":0,"msg":"JMzoZJKD4ThPhhhgZrXYMBsQMDvt2a3rCA"}
[ Tue Aug 15 2017 16:27:12 GMT+0800 (CST) ] time is 815
[ Tue Aug 15 2017 16:27:12 GMT+0800 (CST) ] {"err":0,"msg":"JPAwFH7TxemT522N6qVYykrqHWHziFAKxb"}
[ Tue Aug 15 2017 16:27:12 GMT+0800 (CST) ] time is 815
[ Tue Aug 15 2017 16:27:12 GMT+0800 (CST) ] {"err":0,"msg":"JYunRdvFDbq54uZMCpeeUjp7oCztifq89s"}
[ Tue Aug 15 2017 16:27:12 GMT+0800 (CST) ] time is 816
[ Tue Aug 15 2017 16:27:12 GMT+0800 (CST) ] {"err":0,"msg":"Janpb7BPe9o7J6Z3i3CUfNBe6CNfkWuCi5"}
[ Tue Aug 15 2017 16:27:12 GMT+0800 (CST) ] time is 815
[ Tue Aug 15 2017 16:27:12 GMT+0800 (CST) ] {"err":0,"msg":"JU92AKtUw8YEGfkqbLMkqPksHxNNGMd4jx"}
[ Tue Aug 15 2017 16:27:12 GMT+0800 (CST) ] time is 816
[ Tue Aug 15 2017 16:27:12 GMT+0800 (CST) ] {"err":0,"msg":"JX8jeLtRiwQBdQnXkdhZyDknJQf3CCoC1P"}
[ Tue Aug 15 2017 16:27:12 GMT+0800 (CST) ] time is 816
[ Tue Aug 15 2017 16:27:12 GMT+0800 (CST) ] {"err":0,"msg":"JfBVeZJzFyhRHiU6fNDWfnxD6NWFtb3sRo"}
[ Tue Aug 15 2017 16:27:12 GMT+0800 (CST) ] time is 817
[ Tue Aug 15 2017 16:27:12 GMT+0800 (CST) ] {"err":0,"msg":"JVLXCTrC7Q7GhNqCEoEozBE4ydAdRVKfe7"}
[ Tue Aug 15 2017 16:27:12 GMT+0800 (CST) ] time is 816
[ Tue Aug 15 2017 16:27:12 GMT+0800 (CST) ] {"err":0,"msg":"JcnYpqqLQDvejLD4AV5pusdVL6MMpwKWqQ"}
[ Tue Aug 15 2017 16:27:12 GMT+0800 (CST) ] time is 817
[ Tue Aug 15 2017 16:27:12 GMT+0800 (CST) ] {"err":0,"msg":"JTBEpfVasM1VhSp24KoKMRFGmtQqzVqVtt"}
[ Tue Aug 15 2017 16:27:12 GMT+0800 (CST) ] time is 817
[ Tue Aug 15 2017 16:27:12 GMT+0800 (CST) ] {"err":0,"msg":"JhkkWgWwMLqNNQ22bnzvEDWVf2HDxpKPXV"}
[ Tue Aug 15 2017 16:27:12 GMT+0800 (CST) ] time is 818
[ Tue Aug 15 2017 16:27:12 GMT+0800 (CST) ] {"err":0,"msg":"JcD9EFuJGGftUZuKFaJrcacRQVdMVR8H7g"}
[ Tue Aug 15 2017 16:27:12 GMT+0800 (CST) ] time is 818
[ Tue Aug 15 2017 16:27:12 GMT+0800 (CST) ] {"err":0,"msg":"JbdoY18BYtXjELbtRcDrAis6ttxyNBx8rF"}
[ Tue Aug 15 2017 16:27:12 GMT+0800 (CST) ] time is 817
[ Tue Aug 15 2017 16:27:12 GMT+0800 (CST) ] {"err":0,"msg":"JTHsvDZweWowuucT2PYu72RLhaZZmz67EG"}
[ Tue Aug 15 2017 16:27:12 GMT+0800 (CST) ] time is 818
[ Tue Aug 15 2017 16:27:12 GMT+0800 (CST) ] {"err":0,"msg":"JZAzmiZxDwARqRVUQAGBSiD8ZrdNgTcvVA"}
[ Tue Aug 15 2017 16:27:12 GMT+0800 (CST) ] time is 819
[ Tue Aug 15 2017 16:27:12 GMT+0800 (CST) ] {"err":0,"msg":"JWwysz9AN18oVBBf4UYnb5PEtbidVSBiaQ"}
[ Tue Aug 15 2017 16:27:12 GMT+0800 (CST) ] time is 819
[ Tue Aug 15 2017 16:27:12 GMT+0800 (CST) ] {"err":0,"msg":"JfhrwDEKgQ7Wjy3u8m4p3T6SueryUY5DF3"}
[ Tue Aug 15 2017 16:27:12 GMT+0800 (CST) ] time is 819
[ Tue Aug 15 2017 16:27:12 GMT+0800 (CST) ] {"err":0,"msg":"JPcCk5ZWHB35Kq7LjT69bCpxRqPuntrftJ"}
[ Tue Aug 15 2017 16:27:12 GMT+0800 (CST) ] time is 818
[ Tue Aug 15 2017 16:27:12 GMT+0800 (CST) ] {"err":0,"msg":"JLYYPYp7ZvyNfPWyiPECefPdQFF8mmFYmk"}
[ Tue Aug 15 2017 16:27:12 GMT+0800 (CST) ] time is 820
[ Tue Aug 15 2017 16:27:12 GMT+0800 (CST) ] {"err":0,"msg":"JYFFXYf6ZzRw5Yr6CNRvmjUpq7feGKS85R"}
[ Tue Aug 15 2017 16:27:12 GMT+0800 (CST) ] {"err":0,"msg":"JMDK2veTfhniGEqFUnYAyTWqaTjHDe6kPg"}
[ Tue Aug 15 2017 16:27:12 GMT+0800 (CST) ] time is 820
[ Tue Aug 15 2017 16:27:12 GMT+0800 (CST) ] time is 820
[ Tue Aug 15 2017 16:27:12 GMT+0800 (CST) ] {"err":0,"msg":"Jakzir59EzRrdJokDGxg5a4g7n8C2fTXHz"}
[ Tue Aug 15 2017 16:27:12 GMT+0800 (CST) ] {"err":0,"msg":"JTv5FEG1E6uADqejGoWwodEZ3xiUv2D7Fb"}
[ Tue Aug 15 2017 16:27:12 GMT+0800 (CST) ] time is 819
[ Tue Aug 15 2017 16:27:12 GMT+0800 (CST) ] time is 821
[ Tue Aug 15 2017 16:27:12 GMT+0800 (CST) ] {"err":0,"msg":"JJZayLQ7B1bCir7GPb2iKk85Hi5PVPiuma"}
[ Tue Aug 15 2017 16:27:12 GMT+0800 (CST) ] time is 821
[ Tue Aug 15 2017 16:27:12 GMT+0800 (CST) ] {"err":0,"msg":"JM3PMeLtAkGnL4Uv4ywNGPVYvtMBC9HYP2"}
[ Tue Aug 15 2017 16:27:12 GMT+0800 (CST) ] time is 821
[ Tue Aug 15 2017 16:27:12 GMT+0800 (CST) ] {"err":0,"msg":"JYQhC1JVKxZon9DrVmPJfPTUHrMrJM3SUa"}
[ Tue Aug 15 2017 16:27:12 GMT+0800 (CST) ] time is 820
[ Tue Aug 15 2017 16:27:12 GMT+0800 (CST) ] {"err":0,"msg":"JVQPG7s4FNWV9JKqxZy9UUuJ7wNn2FuETP"}
[ Tue Aug 15 2017 16:27:12 GMT+0800 (CST) ] time is 822
[ Tue Aug 15 2017 16:27:12 GMT+0800 (CST) ] {"err":0,"msg":"Jf2twUfPD8VqNYZt6eSVPx9LqwUV4Atsfm"}
[ Tue Aug 15 2017 16:27:12 GMT+0800 (CST) ] time is 822
[ Tue Aug 15 2017 16:27:12 GMT+0800 (CST) ] {"err":0,"msg":"JaRxr26NKvAyGsDXS4GQ27UAgwFxBpcykj"}
[ Tue Aug 15 2017 16:27:12 GMT+0800 (CST) ] time is 822
[ Tue Aug 15 2017 16:27:12 GMT+0800 (CST) ] {"err":0,"msg":"JYeLB6G3ibanLSVNbaBnm9sKiMTRW2J897"}
[ Tue Aug 15 2017 16:27:12 GMT+0800 (CST) ] time is 821
[ Tue Aug 15 2017 16:27:12 GMT+0800 (CST) ] {"err":0,"msg":"JLBaWgUnGDhNtGMgSCJMUgLkgbgMLYHvM2"}
[ Tue Aug 15 2017 16:27:12 GMT+0800 (CST) ] time is 823
[ Tue Aug 15 2017 16:27:12 GMT+0800 (CST) ] {"err":0,"msg":"JPVmNt3ZGW4BidxTcS89NVhtm9SK1Eph2A"}
[ Tue Aug 15 2017 16:27:12 GMT+0800 (CST) ] time is 823
[ Tue Aug 15 2017 16:27:12 GMT+0800 (CST) ] {"err":0,"msg":"JZrw4h3NSZZsTs3CghVdVyEvkMToUwqqVX"}
[ Tue Aug 15 2017 16:27:12 GMT+0800 (CST) ] time is 823
[ Tue Aug 15 2017 16:27:12 GMT+0800 (CST) ] {"err":0,"msg":"JN6QcD5JtarVrGLdS6PdxBwE6kBpJbjxRb"}
[ Tue Aug 15 2017 16:27:12 GMT+0800 (CST) ] time is 822
[ Tue Aug 15 2017 16:27:12 GMT+0800 (CST) ] {"err":0,"msg":"Ja733gFBpFtmtccg4xAS1fxDpm28tV1gVK"}
[ Tue Aug 15 2017 16:27:12 GMT+0800 (CST) ] time is 824
[ Tue Aug 15 2017 16:27:12 GMT+0800 (CST) ] {"err":0,"msg":"JZfh4S3AeZKFCFUUVzb6DoV7MociSkDPnk"}
[ Tue Aug 15 2017 16:27:12 GMT+0800 (CST) ] time is 824
[ Tue Aug 15 2017 16:27:12 GMT+0800 (CST) ] {"err":0,"msg":"JWYUcvjNJJ5eMaD6QueWetpLtBUM7K2jee"}
[ Tue Aug 15 2017 16:27:12 GMT+0800 (CST) ] time is 824
[ Tue Aug 15 2017 16:27:12 GMT+0800 (CST) ] {"err":0,"msg":"JKGoeebrK4WbDp8bzTJX6dhFf7VBFZhsYF"}
[ Tue Aug 15 2017 16:27:12 GMT+0800 (CST) ] time is 823
[ Tue Aug 15 2017 16:27:12 GMT+0800 (CST) ] {"err":0,"msg":"Jb9Zted1CSitfQVxDQjzut4BJWYYF2qDvL"}
[ Tue Aug 15 2017 16:27:12 GMT+0800 (CST) ] time is 825
[ Tue Aug 15 2017 16:27:12 GMT+0800 (CST) ] {"err":0,"msg":"JTfsJnyp5KsHcDLifLL92MZnRyLpXipxop"}
[ Tue Aug 15 2017 16:27:12 GMT+0800 (CST) ] time is 825
[ Tue Aug 15 2017 16:27:12 GMT+0800 (CST) ] {"err":0,"msg":"JPMP8eQx1zECYQ34ZZkoXpCwh2mt4we3ch"}
[ Tue Aug 15 2017 16:27:12 GMT+0800 (CST) ] time is 825
[ Tue Aug 15 2017 16:27:12 GMT+0800 (CST) ] {"err":0,"msg":"JYemo5tE2VzvjUHLKXnb5zAAYPZhNTYRog"}
[ Tue Aug 15 2017 16:27:12 GMT+0800 (CST) ] time is 824
[ Tue Aug 15 2017 16:27:12 GMT+0800 (CST) ] {"err":0,"msg":"JKYcotJv3AZaoxYYdNSnaZPVSMKPrtw1GV"}
[ Tue Aug 15 2017 16:27:13 GMT+0800 (CST) ] time is 826
[ Tue Aug 15 2017 16:27:13 GMT+0800 (CST) ] {"err":0,"msg":"Jb94fMhF1NwSDSA5b5NBpYz9nZGfLdBvgA"}
[ Tue Aug 15 2017 16:27:13 GMT+0800 (CST) ] time is 826
[ Tue Aug 15 2017 16:27:13 GMT+0800 (CST) ] {"err":0,"msg":"JSWoeSmoA8LyoxA7hx5giNSDxMJqBS1FeW"}
[ Tue Aug 15 2017 16:27:13 GMT+0800 (CST) ] time is 826
[ Tue Aug 15 2017 16:27:13 GMT+0800 (CST) ] {"err":0,"msg":"JTNbdXFDfgCyBzWme1sbfW6XEfRUQ9Z1tW"}
[ Tue Aug 15 2017 16:27:13 GMT+0800 (CST) ] time is 825
[ Tue Aug 15 2017 16:27:13 GMT+0800 (CST) ] {"err":0,"msg":"JSh2vjsuudAh2ZNWd2R9k6MYsaA26L1irK"}
[ Tue Aug 15 2017 16:27:13 GMT+0800 (CST) ] time is 827
[ Tue Aug 15 2017 16:27:13 GMT+0800 (CST) ] {"err":0,"msg":"Jd9DnLLZEeNsRewZhsET2NQboR6PSDag71"}
[ Tue Aug 15 2017 16:27:13 GMT+0800 (CST) ] time is 827
[ Tue Aug 15 2017 16:27:13 GMT+0800 (CST) ] {"err":0,"msg":"JhKyX17bZZMHpyqcVdxMz5fKhyVrqvimQF"}
[ Tue Aug 15 2017 16:27:13 GMT+0800 (CST) ] time is 827
[ Tue Aug 15 2017 16:27:13 GMT+0800 (CST) ] {"err":0,"msg":"JSKtRhseETXv5ASkbN54xZ5KtroLeMnvWf"}
[ Tue Aug 15 2017 16:27:13 GMT+0800 (CST) ] time is 826
[ Tue Aug 15 2017 16:27:13 GMT+0800 (CST) ] {"err":0,"msg":"JT8NVMsfvNwUH4YydnMzoTVJ5mXMNLyTXP"}
[ Tue Aug 15 2017 16:27:13 GMT+0800 (CST) ] time is 828
[ Tue Aug 15 2017 16:27:13 GMT+0800 (CST) ] {"err":0,"msg":"JhN3wni2LHxiuQTWDvGWz3rVW68rN1cuMR"}
[ Tue Aug 15 2017 16:27:13 GMT+0800 (CST) ] time is 828
[ Tue Aug 15 2017 16:27:13 GMT+0800 (CST) ] {"err":0,"msg":"JUw4mBfNdrL56nFGvCZPUpf6U6CWDBD584"}
[ Tue Aug 15 2017 16:27:13 GMT+0800 (CST) ] time is 828
[ Tue Aug 15 2017 16:27:13 GMT+0800 (CST) ] {"err":0,"msg":"JNnMMaKeutQuUNvezV2cCRnJ1ErsAvoS9B"}
[ Tue Aug 15 2017 16:27:13 GMT+0800 (CST) ] time is 827
[ Tue Aug 15 2017 16:27:13 GMT+0800 (CST) ] {"err":0,"msg":"JfodpCAiHALDiT5terxumGgzzEVJPDE2KY"}
[ Tue Aug 15 2017 16:27:13 GMT+0800 (CST) ] time is 829
[ Tue Aug 15 2017 16:27:13 GMT+0800 (CST) ] {"err":0,"msg":"JPdsev5CEaBrXmjAAV3UJBRD32afPLSx7M"}
[ Tue Aug 15 2017 16:27:13 GMT+0800 (CST) ] time is 829
[ Tue Aug 15 2017 16:27:13 GMT+0800 (CST) ] {"err":0,"msg":"JNdmoyh2CHBsZpGkviFS4WkTFMaco2mr6k"}
[ Tue Aug 15 2017 16:27:13 GMT+0800 (CST) ] time is 829
[ Tue Aug 15 2017 16:27:13 GMT+0800 (CST) ] {"err":0,"msg":"JaVy2iWiEFQWUrJaohjLD5epd1PH1hVbnB"}
[ Tue Aug 15 2017 16:27:13 GMT+0800 (CST) ] time is 828
[ Tue Aug 15 2017 16:27:13 GMT+0800 (CST) ] {"err":0,"msg":"JUz5uqMdkzvtSVWTrxFBS6VGqM8KNj2iBz"}
[ Tue Aug 15 2017 16:27:13 GMT+0800 (CST) ] time is 830
[ Tue Aug 15 2017 16:27:13 GMT+0800 (CST) ] {"err":0,"msg":"JLxGHviVnLD5B3NFRbnyTwZrxvJQEBNpNA"}
[ Tue Aug 15 2017 16:27:13 GMT+0800 (CST) ] time is 830
[ Tue Aug 15 2017 16:27:13 GMT+0800 (CST) ] {"err":0,"msg":"JZK97id1qMha3DPYUpwBcQYTNj26R3WwSD"}
[ Tue Aug 15 2017 16:27:13 GMT+0800 (CST) ] time is 830
[ Tue Aug 15 2017 16:27:13 GMT+0800 (CST) ] {"err":0,"msg":"JcwRb45wKM6UyoKk2QnYvmNPwS5NWrJdqx"}
[ Tue Aug 15 2017 16:27:13 GMT+0800 (CST) ] {"err":0,"msg":"JZy1ZJ33LL6iqke4VkAqyVxtFWqorKCW8x"}
[ Tue Aug 15 2017 16:27:13 GMT+0800 (CST) ] time is 829
[ Tue Aug 15 2017 16:27:13 GMT+0800 (CST) ] time is 831
[ Tue Aug 15 2017 16:27:13 GMT+0800 (CST) ] {"err":0,"msg":"JWh6HwgB3PtAgGjo4DPXwW3D2UdcefEvjx"}
[ Tue Aug 15 2017 16:27:13 GMT+0800 (CST) ] time is 831
[ Tue Aug 15 2017 16:27:13 GMT+0800 (CST) ] {"err":0,"msg":"JXAWSVnEmDDrfds1JSk7PGUkJVNgDuhY44"}
[ Tue Aug 15 2017 16:27:13 GMT+0800 (CST) ] time is 831
[ Tue Aug 15 2017 16:27:13 GMT+0800 (CST) ] {"err":0,"msg":"JRnaQDJnRJ7hyE4EfrKX5ZPBSrSvvFysbX"}
[ Tue Aug 15 2017 16:27:13 GMT+0800 (CST) ] time is 830
[ Tue Aug 15 2017 16:27:13 GMT+0800 (CST) ] {"err":0,"msg":"JaKx2brSpfJDdjZ8qNSSMddDGVRKVhBK3T"}
[ Tue Aug 15 2017 16:27:13 GMT+0800 (CST) ] time is 832
[ Tue Aug 15 2017 16:27:13 GMT+0800 (CST) ] {"err":0,"msg":"Jf9L7groDHXEBe9szJVE52CzRqsVGy3eiJ"}
[ Tue Aug 15 2017 16:27:13 GMT+0800 (CST) ] time is 832
[ Tue Aug 15 2017 16:27:13 GMT+0800 (CST) ] {"err":0,"msg":"JPN79wotC33oXde12xqUmDLDr1PQQ5iJ4f"}
[ Tue Aug 15 2017 16:27:13 GMT+0800 (CST) ] time is 832
[ Tue Aug 15 2017 16:27:13 GMT+0800 (CST) ] {"err":0,"msg":"JYVDAdL7QgQ6Jbc3t13Wb9tAX2MkNq7Y9w"}
[ Tue Aug 15 2017 16:27:13 GMT+0800 (CST) ] time is 831
[ Tue Aug 15 2017 16:27:13 GMT+0800 (CST) ] {"err":0,"msg":"JRDQmevthGGCbRZ1wV6qEDLAUtQ3rdRLAP"}
[ Tue Aug 15 2017 16:27:13 GMT+0800 (CST) ] time is 833
[ Tue Aug 15 2017 16:27:13 GMT+0800 (CST) ] {"err":0,"msg":"JRxAmzAiMaPyNzHsESXNrb86x12W3vLbki"}
[ Tue Aug 15 2017 16:27:13 GMT+0800 (CST) ] time is 833
[ Tue Aug 15 2017 16:27:13 GMT+0800 (CST) ] {"err":0,"msg":"JhoXh2U56VUBwLoUcYUN8RbkBiuZBjicgb"}
[ Tue Aug 15 2017 16:27:13 GMT+0800 (CST) ] time is 833
[ Tue Aug 15 2017 16:27:13 GMT+0800 (CST) ] {"err":0,"msg":"JKefV8jBbd82NiRmShNXedZgAf5ekRLJmx"}
[ Tue Aug 15 2017 16:27:13 GMT+0800 (CST) ] time is 832
[ Tue Aug 15 2017 16:27:13 GMT+0800 (CST) ] {"err":0,"msg":"JbdKQJpND562TPk6h6cwTdjrDXpLGtLQCQ"}
[ Tue Aug 15 2017 16:27:13 GMT+0800 (CST) ] time is 834
[ Tue Aug 15 2017 16:27:13 GMT+0800 (CST) ] {"err":0,"msg":"JYsrj6ECWh4Ua5eYSJ8ipi8kv4YMyy5vgo"}
[ Tue Aug 15 2017 16:27:13 GMT+0800 (CST) ] time is 834
[ Tue Aug 15 2017 16:27:13 GMT+0800 (CST) ] {"err":0,"msg":"JRWYD9b7jj4MXsZgnx9PSdvG1NvTB4gGj8"}
[ Tue Aug 15 2017 16:27:13 GMT+0800 (CST) ] time is 834
[ Tue Aug 15 2017 16:27:13 GMT+0800 (CST) ] {"err":0,"msg":"JfqhQmsaYdAozWJh8A42aTk9Nj2Lv5izfJ"}
[ Tue Aug 15 2017 16:27:13 GMT+0800 (CST) ] time is 833
[ Tue Aug 15 2017 16:27:13 GMT+0800 (CST) ] {"err":0,"msg":"JQVqi6B1eeCkTRmzZfyzkMq8fRpHaZKLfb"}
[ Tue Aug 15 2017 16:27:13 GMT+0800 (CST) ] time is 835
[ Tue Aug 15 2017 16:27:13 GMT+0800 (CST) ] {"err":0,"msg":"JVE6n1oj1i2pCU9EjniSPPgqbZeRtkJ39F"}
[ Tue Aug 15 2017 16:27:13 GMT+0800 (CST) ] time is 835
[ Tue Aug 15 2017 16:27:13 GMT+0800 (CST) ] {"err":0,"msg":"JaY1EPetprTBygPGBVvpQNVdXY7SAzKpfD"}
[ Tue Aug 15 2017 16:27:13 GMT+0800 (CST) ] time is 835
[ Tue Aug 15 2017 16:27:13 GMT+0800 (CST) ] {"err":0,"msg":"JdrMhoNDvbsf9xpPrGsVwFF1vD4bREvvR7"}
[ Tue Aug 15 2017 16:27:13 GMT+0800 (CST) ] time is 834
[ Tue Aug 15 2017 16:27:13 GMT+0800 (CST) ] {"err":0,"msg":"JY1j6XzGMSdKgJdKzCD7ZvwXrEnUL2LDKs"}
[ Tue Aug 15 2017 16:27:13 GMT+0800 (CST) ] time is 836
[ Tue Aug 15 2017 16:27:13 GMT+0800 (CST) ] {"err":0,"msg":"JYkXrsTFmFU7JkWFP1sSNwiwWRNSzNqEck"}
[ Tue Aug 15 2017 16:27:13 GMT+0800 (CST) ] time is 836
[ Tue Aug 15 2017 16:27:13 GMT+0800 (CST) ] {"err":0,"msg":"JdyQXvvsCvey8qokAD4c5LhHUgXKyPo2ry"}
[ Tue Aug 15 2017 16:27:13 GMT+0800 (CST) ] time is 836
[ Tue Aug 15 2017 16:27:13 GMT+0800 (CST) ] {"err":0,"msg":"JYizDLyrLKemSDynZVpVdMzAG6qbStdauW"}
[ Tue Aug 15 2017 16:27:13 GMT+0800 (CST) ] time is 835
[ Tue Aug 15 2017 16:27:13 GMT+0800 (CST) ] {"err":0,"msg":"JUftmEoGA5Bd8APX11LFEJxu58vbkbx6xt"}
[ Tue Aug 15 2017 16:27:13 GMT+0800 (CST) ] time is 837
[ Tue Aug 15 2017 16:27:13 GMT+0800 (CST) ] {"err":0,"msg":"JQNRomAGqaaBkASBb2bwN5uWtmQAhL28tc"}
[ Tue Aug 15 2017 16:27:13 GMT+0800 (CST) ] time is 837
[ Tue Aug 15 2017 16:27:13 GMT+0800 (CST) ] {"err":0,"msg":"JLSdUjGJGcrksnEUNxg9Eymq9Yqt67Cgky"}
[ Tue Aug 15 2017 16:27:13 GMT+0800 (CST) ] time is 837
[ Tue Aug 15 2017 16:27:13 GMT+0800 (CST) ] {"err":0,"msg":"JbqDFUsYXkWHzWRSu4TynruKPFTpg2i2af"}
[ Tue Aug 15 2017 16:27:13 GMT+0800 (CST) ] time is 836
[ Tue Aug 15 2017 16:27:13 GMT+0800 (CST) ] {"err":0,"msg":"JVzhzGxe7rT3DRR3JxPr5kLpVN27YSKEhi"}
[ Tue Aug 15 2017 16:27:13 GMT+0800 (CST) ] time is 838
[ Tue Aug 15 2017 16:27:13 GMT+0800 (CST) ] {"err":0,"msg":"JZmnd5AcR1GZSPj6MmYL5XY3z1Efuor8g6"}
[ Tue Aug 15 2017 16:27:13 GMT+0800 (CST) ] time is 838
[ Tue Aug 15 2017 16:27:13 GMT+0800 (CST) ] {"err":0,"msg":"JKqUszrqghsNyzTJUYrQo8YBAZZhqnC5qP"}
[ Tue Aug 15 2017 16:27:13 GMT+0800 (CST) ] time is 838
[ Tue Aug 15 2017 16:27:13 GMT+0800 (CST) ] {"err":0,"msg":"JeUmEkoR5eESM4vfPkZXUCU9TXDYxDXSYk"}
[ Tue Aug 15 2017 16:27:13 GMT+0800 (CST) ] time is 837
[ Tue Aug 15 2017 16:27:13 GMT+0800 (CST) ] {"err":0,"msg":"JNezh5usoLYF3m8wQ4Xq9vjuT3u2vRewGW"}
[ Tue Aug 15 2017 16:27:13 GMT+0800 (CST) ] time is 839
[ Tue Aug 15 2017 16:27:13 GMT+0800 (CST) ] {"err":0,"msg":"JbD2tr8orRa2J7TsCgqkSa7gPZBD61wgLt"}
[ Tue Aug 15 2017 16:27:13 GMT+0800 (CST) ] time is 839
[ Tue Aug 15 2017 16:27:13 GMT+0800 (CST) ] {"err":0,"msg":"JgumrvRA4ENpEnseAiuxotuU6aADzJ9LY2"}
[ Tue Aug 15 2017 16:27:13 GMT+0800 (CST) ] time is 839
[ Tue Aug 15 2017 16:27:13 GMT+0800 (CST) ] {"err":0,"msg":"JhVFp5eWVbbY3U8y2ReAVSnRxP8rgcnpd5"}
[ Tue Aug 15 2017 16:27:13 GMT+0800 (CST) ] time is 838
[ Tue Aug 15 2017 16:27:13 GMT+0800 (CST) ] {"err":0,"msg":"JTh9zPCm5t1eNb8TJgdqSSRZ6Wk5Ab3fr3"}
[ Tue Aug 15 2017 16:27:13 GMT+0800 (CST) ] time is 840
[ Tue Aug 15 2017 16:27:13 GMT+0800 (CST) ] {"err":0,"msg":"JKoczKZjhBC34nkpoPZoFYN9D115kNtHk4"}
[ Tue Aug 15 2017 16:27:13 GMT+0800 (CST) ] time is 840
[ Tue Aug 15 2017 16:27:13 GMT+0800 (CST) ] {"err":0,"msg":"JMktKfycj77u6YLgF77fxrgdveFwP4Nqog"}
[ Tue Aug 15 2017 16:27:13 GMT+0800 (CST) ] time is 840
[ Tue Aug 15 2017 16:27:13 GMT+0800 (CST) ] {"err":0,"msg":"JKnM8FV3khiEp1p73XVRP1KGBbjk6GSSNz"}
[ Tue Aug 15 2017 16:27:13 GMT+0800 (CST) ] time is 839
[ Tue Aug 15 2017 16:27:13 GMT+0800 (CST) ] {"err":0,"msg":"JZUpAwzsqYWxLiRnbsg7xvWrG2SZR3YZg4"}
[ Tue Aug 15 2017 16:27:13 GMT+0800 (CST) ] time is 841
[ Tue Aug 15 2017 16:27:13 GMT+0800 (CST) ] {"err":0,"msg":"JgbCSd2qEk8o3aXxM7Ds38kGczRAMikUmz"}
[ Tue Aug 15 2017 16:27:13 GMT+0800 (CST) ] time is 841
[ Tue Aug 15 2017 16:27:13 GMT+0800 (CST) ] {"err":0,"msg":"JNiHuEQ26GTxBVpQ5Y99aMGpy2oebyf6WM"}
[ Tue Aug 15 2017 16:27:13 GMT+0800 (CST) ] time is 841
[ Tue Aug 15 2017 16:27:13 GMT+0800 (CST) ] {"err":0,"msg":"Jbu422cs6z5pzmZNQyuGgn2HmvLCikfVrp"}
[ Tue Aug 15 2017 16:27:13 GMT+0800 (CST) ] time is 840
[ Tue Aug 15 2017 16:27:13 GMT+0800 (CST) ] {"err":0,"msg":"JY8kVn6ii83u86aKSTx6PGhFuS9v2U6ut7"}
[ Tue Aug 15 2017 16:27:13 GMT+0800 (CST) ] time is 842
[ Tue Aug 15 2017 16:27:13 GMT+0800 (CST) ] {"err":0,"msg":"JRo321c4N4JKodnUqpR3WraE2qVxBzKq84"}
[ Tue Aug 15 2017 16:27:13 GMT+0800 (CST) ] time is 842
[ Tue Aug 15 2017 16:27:13 GMT+0800 (CST) ] {"err":0,"msg":"JLd44WpJV3piFSWkoui6qeimU1R6kjMcw6"}
[ Tue Aug 15 2017 16:27:13 GMT+0800 (CST) ] time is 842
[ Tue Aug 15 2017 16:27:13 GMT+0800 (CST) ] {"err":0,"msg":"JY4sAd19agLPUV3qPWRV5CQbfKZSKGGtTx"}
[ Tue Aug 15 2017 16:27:13 GMT+0800 (CST) ] time is 841
[ Tue Aug 15 2017 16:27:13 GMT+0800 (CST) ] {"err":0,"msg":"Jc1vCj47Wrc8p7uqVU1Dp3fT3pbtZVp6DY"}
[ Tue Aug 15 2017 16:27:13 GMT+0800 (CST) ] time is 843
[ Tue Aug 15 2017 16:27:13 GMT+0800 (CST) ] {"err":0,"msg":"JLjPsPAJeYkgZqhcSF9vvWzhDqEHgq6KmP"}
[ Tue Aug 15 2017 16:27:13 GMT+0800 (CST) ] time is 843
[ Tue Aug 15 2017 16:27:13 GMT+0800 (CST) ] {"err":0,"msg":"JWGSxMJGi27oNFs7CyuU5PY9sshVjKNWnN"}
[ Tue Aug 15 2017 16:27:13 GMT+0800 (CST) ] time is 843
[ Tue Aug 15 2017 16:27:13 GMT+0800 (CST) ] {"err":0,"msg":"JcJ9fyPM4feWwTQfdpXFaXPzraxHeP8qZN"}
[ Tue Aug 15 2017 16:27:13 GMT+0800 (CST) ] time is 842
[ Tue Aug 15 2017 16:27:13 GMT+0800 (CST) ] {"err":0,"msg":"JVvPbEu3kgT1rxrxD4C5L4jqjSyr3DXpvP"}
[ Tue Aug 15 2017 16:27:13 GMT+0800 (CST) ] time is 844
[ Tue Aug 15 2017 16:27:13 GMT+0800 (CST) ] {"err":0,"msg":"Jg3QTtfWcfygSd4wSy3yaosVBfoZsiy6y1"}
[ Tue Aug 15 2017 16:27:13 GMT+0800 (CST) ] time is 844
[ Tue Aug 15 2017 16:27:13 GMT+0800 (CST) ] {"err":0,"msg":"JPYvPDX3jJDKn6vrB9DZaPAjnuCts29L7C"}
[ Tue Aug 15 2017 16:27:13 GMT+0800 (CST) ] time is 844
[ Tue Aug 15 2017 16:27:13 GMT+0800 (CST) ] {"err":0,"msg":"JYQNAFMDr2TiF7U6vhK4mSjzWGu2wtAZS2"}
[ Tue Aug 15 2017 16:27:13 GMT+0800 (CST) ] time is 843
[ Tue Aug 15 2017 16:27:13 GMT+0800 (CST) ] {"err":0,"msg":"JRQTyNsbFmotjsSmxibzzTzouFYSMr9PDz"}
[ Tue Aug 15 2017 16:27:13 GMT+0800 (CST) ] time is 845
[ Tue Aug 15 2017 16:27:13 GMT+0800 (CST) ] {"err":0,"msg":"Jh9cLYBdHQehF1f1Z79YtQ9egcqo8UeawM"}
[ Tue Aug 15 2017 16:27:13 GMT+0800 (CST) ] time is 845
[ Tue Aug 15 2017 16:27:13 GMT+0800 (CST) ] {"err":0,"msg":"JJvd44WvtkDVFjoY3ELeYMHScQKueSaouA"}
[ Tue Aug 15 2017 16:27:14 GMT+0800 (CST) ] time is 845
[ Tue Aug 15 2017 16:27:14 GMT+0800 (CST) ] {"err":0,"msg":"JYAoMmnkURYeM4e6PfoT7HwrVLNX1YJgmi"}
[ Tue Aug 15 2017 16:27:14 GMT+0800 (CST) ] time is 844
[ Tue Aug 15 2017 16:27:14 GMT+0800 (CST) ] {"err":0,"msg":"JQ9qDVYu9hd5k5Yj9YxBYFXP7gbyQB2Ktt"}
[ Tue Aug 15 2017 16:27:14 GMT+0800 (CST) ] time is 846
[ Tue Aug 15 2017 16:27:14 GMT+0800 (CST) ] {"err":0,"msg":"JNYqohvukDPVRQi7D61LofBKCZdtfeyaS9"}
[ Tue Aug 15 2017 16:27:14 GMT+0800 (CST) ] time is 846
[ Tue Aug 15 2017 16:27:14 GMT+0800 (CST) ] {"err":0,"msg":"JhHQJeDtKRw5YFhpZ2A2c1DxBHSgraYsum"}
[ Tue Aug 15 2017 16:27:14 GMT+0800 (CST) ] time is 846
[ Tue Aug 15 2017 16:27:14 GMT+0800 (CST) ] {"err":0,"msg":"JRij5TH194wPNTxiUdWsmpVbkLXkvnJMHb"}
[ Tue Aug 15 2017 16:27:14 GMT+0800 (CST) ] time is 845
[ Tue Aug 15 2017 16:27:14 GMT+0800 (CST) ] {"err":0,"msg":"JW2NnGCXa62aPar9xjXr85C4JZHfvbLm59"}
[ Tue Aug 15 2017 16:27:14 GMT+0800 (CST) ] time is 847
[ Tue Aug 15 2017 16:27:14 GMT+0800 (CST) ] {"err":0,"msg":"JQ66E4HKgvhkhe7RYd97oRA5j1yuHTGmfz"}
[ Tue Aug 15 2017 16:27:14 GMT+0800 (CST) ] time is 847
[ Tue Aug 15 2017 16:27:14 GMT+0800 (CST) ] {"err":0,"msg":"JWsLUdP4nByxPraYqftLGFnxFwYRP7i4aR"}
[ Tue Aug 15 2017 16:27:14 GMT+0800 (CST) ] time is 847
[ Tue Aug 15 2017 16:27:14 GMT+0800 (CST) ] {"err":0,"msg":"JbdMnXZWXsfq2TM1WBB4WwyP8PAgAUKTyW"}
[ Tue Aug 15 2017 16:27:14 GMT+0800 (CST) ] time is 846
[ Tue Aug 15 2017 16:27:14 GMT+0800 (CST) ] {"err":0,"msg":"JWUSg4u2kws1SHXmQ8XEsL23hr4GfmZnJP"}
[ Tue Aug 15 2017 16:27:14 GMT+0800 (CST) ] time is 848
[ Tue Aug 15 2017 16:27:14 GMT+0800 (CST) ] {"err":0,"msg":"Jc2b2YvcvMCJRqdYVBtWRTcxpsAmB5DqY8"}
[ Tue Aug 15 2017 16:27:14 GMT+0800 (CST) ] time is 848
[ Tue Aug 15 2017 16:27:14 GMT+0800 (CST) ] {"err":0,"msg":"JRQQCSZ57LUD9jwavVXHqT67XTuvpxz8Jv"}
[ Tue Aug 15 2017 16:27:14 GMT+0800 (CST) ] {"err":0,"msg":"JQ8FEnw2rzZkwSeCMGeQ1yRP9isgbEsoup"}
[ Tue Aug 15 2017 16:27:14 GMT+0800 (CST) ] time is 848
[ Tue Aug 15 2017 16:27:14 GMT+0800 (CST) ] time is 847
[ Tue Aug 15 2017 16:27:14 GMT+0800 (CST) ] {"err":0,"msg":"JWzZFMnChMUaHnaofkqPb7xzw3bqfKdgpT"}
[ Tue Aug 15 2017 16:27:14 GMT+0800 (CST) ] time is 849
[ Tue Aug 15 2017 16:27:14 GMT+0800 (CST) ] {"err":0,"msg":"JLcfKz1VG7JQeLUBxXj45CH6KQ6HqnTVMf"}
[ Tue Aug 15 2017 16:27:14 GMT+0800 (CST) ] time is 849
[ Tue Aug 15 2017 16:27:14 GMT+0800 (CST) ] {"err":0,"msg":"Jbq8a4smFV3TzpDpo5ARCNp6pSr7WoaHgQ"}
[ Tue Aug 15 2017 16:27:14 GMT+0800 (CST) ] time is 849
[ Tue Aug 15 2017 16:27:14 GMT+0800 (CST) ] {"err":0,"msg":"JVYkjekcTecmfYgA6VSKk27RTQdmS3i4Sg"}
[ Tue Aug 15 2017 16:27:14 GMT+0800 (CST) ] time is 848
[ Tue Aug 15 2017 16:27:14 GMT+0800 (CST) ] {"err":0,"msg":"Jf5MZbQyVD8TPtuUTqoojN8BwX9ZBLtjXR"}
[ Tue Aug 15 2017 16:27:14 GMT+0800 (CST) ] time is 850
[ Tue Aug 15 2017 16:27:14 GMT+0800 (CST) ] {"err":0,"msg":"JfyWde7quBUVHALfRBAa5ekvHeVe4VzQ14"}
[ Tue Aug 15 2017 16:27:14 GMT+0800 (CST) ] time is 850
[ Tue Aug 15 2017 16:27:14 GMT+0800 (CST) ] {"err":0,"msg":"Jc5cf1X41V4BTLYcm9gcj8wSMjMXfPqt9z"}
[ Tue Aug 15 2017 16:27:14 GMT+0800 (CST) ] time is 850
[ Tue Aug 15 2017 16:27:14 GMT+0800 (CST) ] {"err":0,"msg":"JcR7cfzcoQCywGcWCGTFDMkttrmHgrbDV6"}
[ Tue Aug 15 2017 16:27:14 GMT+0800 (CST) ] time is 849
[ Tue Aug 15 2017 16:27:14 GMT+0800 (CST) ] {"err":0,"msg":"Jfx3rDwxHJLL3wAxS7sNuMSfybCRbyq2xT"}
[ Tue Aug 15 2017 16:27:14 GMT+0800 (CST) ] time is 851
[ Tue Aug 15 2017 16:27:14 GMT+0800 (CST) ] {"err":0,"msg":"JcfPeP8d7uP5FssqJA2ghgEtU4KaXGMf59"}
[ Tue Aug 15 2017 16:27:14 GMT+0800 (CST) ] time is 851
[ Tue Aug 15 2017 16:27:14 GMT+0800 (CST) ] {"err":0,"msg":"JSXAkFqF1nW1FmsYp6EoP2KNUXVnrpKVpp"}
[ Tue Aug 15 2017 16:27:14 GMT+0800 (CST) ] time is 851
[ Tue Aug 15 2017 16:27:14 GMT+0800 (CST) ] {"err":0,"msg":"JXRBmhQj7r6nnATfwwV5C65MZ2n13M4SfG"}
[ Tue Aug 15 2017 16:27:14 GMT+0800 (CST) ] time is 850
[ Tue Aug 15 2017 16:27:14 GMT+0800 (CST) ] {"err":0,"msg":"JYmGPFxgS9T4Cv14tcjzCGrGT72r5LxAa7"}
[ Tue Aug 15 2017 16:27:14 GMT+0800 (CST) ] time is 852
[ Tue Aug 15 2017 16:27:14 GMT+0800 (CST) ] {"err":0,"msg":"JRzdudsMMLDfgELnEMML4cVZgQDdXD4Dpr"}
[ Tue Aug 15 2017 16:27:14 GMT+0800 (CST) ] time is 852
[ Tue Aug 15 2017 16:27:14 GMT+0800 (CST) ] {"err":0,"msg":"JW2aPR3wdPZV2V4HuNnjX84FKytYdvXzaJ"}
[ Tue Aug 15 2017 16:27:14 GMT+0800 (CST) ] time is 852
[ Tue Aug 15 2017 16:27:14 GMT+0800 (CST) ] {"err":0,"msg":"JVoQiGB8W1Du5roP5Yq1Ct9md58xp9mzGT"}
[ Tue Aug 15 2017 16:27:14 GMT+0800 (CST) ] time is 851
[ Tue Aug 15 2017 16:27:14 GMT+0800 (CST) ] {"err":0,"msg":"JNcegw5SHXfX3RKtuV4pbr8qbJ516gmvSZ"}
[ Tue Aug 15 2017 16:27:14 GMT+0800 (CST) ] time is 853
[ Tue Aug 15 2017 16:27:14 GMT+0800 (CST) ] {"err":0,"msg":"JN4pCJP8oTuwgP1CyoGNAt5dmKKphV1EQg"}
[ Tue Aug 15 2017 16:27:14 GMT+0800 (CST) ] time is 853
[ Tue Aug 15 2017 16:27:14 GMT+0800 (CST) ] {"err":0,"msg":"JSZExYBKtGZBuwW1ZhMq1yYjbrpok8p3Hr"}
[ Tue Aug 15 2017 16:27:14 GMT+0800 (CST) ] time is 853
[ Tue Aug 15 2017 16:27:14 GMT+0800 (CST) ] {"err":0,"msg":"JKUjNcf9uHZNsURvrgxdrYXSb1uXULMdVA"}
[ Tue Aug 15 2017 16:27:14 GMT+0800 (CST) ] time is 854
[ Tue Aug 15 2017 16:27:14 GMT+0800 (CST) ] {"err":0,"msg":"Jbs9hFt7X4DfiXGNSxH3dg9HTUwCrwzrdm"}
[ Tue Aug 15 2017 16:27:14 GMT+0800 (CST) ] time is 852
[ Tue Aug 15 2017 16:27:14 GMT+0800 (CST) ] {"err":0,"msg":"JJdumyKqTt4dvsfY6dS96if3nR4GRqrLdS"}
[ Tue Aug 15 2017 16:27:14 GMT+0800 (CST) ] time is 854
[ Tue Aug 15 2017 16:27:14 GMT+0800 (CST) ] {"err":0,"msg":"JU8Dwm6JYrFPQaq16YuhkfLXPjdjjzDqfX"}
[ Tue Aug 15 2017 16:27:14 GMT+0800 (CST) ] time is 854
[ Tue Aug 15 2017 16:27:14 GMT+0800 (CST) ] {"err":0,"msg":"JUX3Edi5yzhmmkM18iS7vwNmVw1a4GRfjv"}
[ Tue Aug 15 2017 16:27:14 GMT+0800 (CST) ] time is 855
[ Tue Aug 15 2017 16:27:14 GMT+0800 (CST) ] {"err":0,"msg":"JPhMtgCHwXygSqn7BtzxgrKMaFagiC3VCT"}
[ Tue Aug 15 2017 16:27:14 GMT+0800 (CST) ] time is 855
[ Tue Aug 15 2017 16:27:14 GMT+0800 (CST) ] {"err":0,"msg":"JVBsCerGH3qQLJA1n2VzQ2Act5VHrq2FMj"}
[ Tue Aug 15 2017 16:27:14 GMT+0800 (CST) ] time is 853
[ Tue Aug 15 2017 16:27:14 GMT+0800 (CST) ] {"err":0,"msg":"JMAPPwRrFM3iqnimBqzKbfmETNaRGpjrS3"}
[ Tue Aug 15 2017 16:27:14 GMT+0800 (CST) ] time is 855
[ Tue Aug 15 2017 16:27:14 GMT+0800 (CST) ] {"err":0,"msg":"JYiu5R8rUHkqrDzp52VGyYU3Fi9aF3kvFS"}
[ Tue Aug 15 2017 16:27:14 GMT+0800 (CST) ] time is 856
[ Tue Aug 15 2017 16:27:14 GMT+0800 (CST) ] {"err":0,"msg":"JM2K2cb4n2avsbnNBwUd5Aee6E5prHXPHu"}
[ Tue Aug 15 2017 16:27:14 GMT+0800 (CST) ] time is 856
[ Tue Aug 15 2017 16:27:14 GMT+0800 (CST) ] {"err":0,"msg":"JLLmYDTGCaU2kBcoQsBTUkTE2kyJZLsvpp"}
[ Tue Aug 15 2017 16:27:14 GMT+0800 (CST) ] time is 854
[ Tue Aug 15 2017 16:27:14 GMT+0800 (CST) ] {"err":0,"msg":"Jf9iVoPBbJq8oofyPcb1htfqkP4EHm4XyN"}
[ Tue Aug 15 2017 16:27:14 GMT+0800 (CST) ] time is 856
[ Tue Aug 15 2017 16:27:14 GMT+0800 (CST) ] {"err":0,"msg":"JL3YcME8G3m9zHRSDHNkpsCyp2FNKaM2sx"}
[ Tue Aug 15 2017 16:27:14 GMT+0800 (CST) ] time is 857
[ Tue Aug 15 2017 16:27:14 GMT+0800 (CST) ] {"err":0,"msg":"JRLLjNei1B5phWrxoVCXyX5rMLSKnFE3pA"}
[ Tue Aug 15 2017 16:27:14 GMT+0800 (CST) ] time is 857
[ Tue Aug 15 2017 16:27:14 GMT+0800 (CST) ] {"err":0,"msg":"JKAHxYTkDyJWWqJkFLwAG45wvUD4VcWcnV"}
[ Tue Aug 15 2017 16:27:14 GMT+0800 (CST) ] time is 855
[ Tue Aug 15 2017 16:27:14 GMT+0800 (CST) ] {"err":0,"msg":"JaSgLUXQjL2DQcM1cMV81vNhaZ9oVhRHxE"}
[ Tue Aug 15 2017 16:27:14 GMT+0800 (CST) ] time is 857
[ Tue Aug 15 2017 16:27:14 GMT+0800 (CST) ] {"err":0,"msg":"JWoKPJ54Gc86PeqUJU6cs43Z2BrwBUDGg4"}
[ Tue Aug 15 2017 16:27:14 GMT+0800 (CST) ] time is 858
[ Tue Aug 15 2017 16:27:14 GMT+0800 (CST) ] {"err":0,"msg":"JN8zsMh9Y6bhJsv1QAxXVnSVv2Yva7MbmD"}
[ Tue Aug 15 2017 16:27:14 GMT+0800 (CST) ] time is 858
[ Tue Aug 15 2017 16:27:14 GMT+0800 (CST) ] {"err":0,"msg":"JNkViaPJFUya8p2PYhzEB2cB9wWYNLqsrt"}
[ Tue Aug 15 2017 16:27:14 GMT+0800 (CST) ] time is 856
[ Tue Aug 15 2017 16:27:14 GMT+0800 (CST) ] {"err":0,"msg":"JguAGewb53DxJ3GWxRxKpQ8ZXDyy81g1Ez"}
[ Tue Aug 15 2017 16:27:14 GMT+0800 (CST) ] time is 858
[ Tue Aug 15 2017 16:27:14 GMT+0800 (CST) ] {"err":0,"msg":"JcUArXiVZyhKWzGRr7tsf5CPcyyhmqqoe2"}
[ Tue Aug 15 2017 16:27:14 GMT+0800 (CST) ] time is 859
[ Tue Aug 15 2017 16:27:14 GMT+0800 (CST) ] {"err":0,"msg":"JMUn2bRrdsoXUJpvR7NWnHAD5dU7DePVEQ"}
[ Tue Aug 15 2017 16:27:14 GMT+0800 (CST) ] time is 859
[ Tue Aug 15 2017 16:27:14 GMT+0800 (CST) ] {"err":0,"msg":"JLpUvJud6j5brL4FHgwJtvGzAz38dy57xw"}
[ Tue Aug 15 2017 16:27:14 GMT+0800 (CST) ] time is 857
[ Tue Aug 15 2017 16:27:14 GMT+0800 (CST) ] {"err":0,"msg":"JMFNv57kRDrKtBg8ffMttkHb5ZT9a1h2KC"}
[ Tue Aug 15 2017 16:27:14 GMT+0800 (CST) ] time is 859
[ Tue Aug 15 2017 16:27:14 GMT+0800 (CST) ] {"err":0,"msg":"JYbTDc8GPG28XR12bLJHpiMRHrUJU16RZB"}
[ Tue Aug 15 2017 16:27:14 GMT+0800 (CST) ] time is 860
[ Tue Aug 15 2017 16:27:14 GMT+0800 (CST) ] {"err":0,"msg":"JN12BqUZfaq6BhCfjLE8sgTE1nNwNQ1HtX"}
[ Tue Aug 15 2017 16:27:14 GMT+0800 (CST) ] time is 860
[ Tue Aug 15 2017 16:27:14 GMT+0800 (CST) ] {"err":0,"msg":"JSD18jmTtdPnP3HiVNTLqzonSK8NB5b7FB"}
[ Tue Aug 15 2017 16:27:14 GMT+0800 (CST) ] time is 858
[ Tue Aug 15 2017 16:27:14 GMT+0800 (CST) ] {"err":0,"msg":"JY6vLPPCDnNwKM2jSmyGGZYxhofuhngz3P"}
[ Tue Aug 15 2017 16:27:14 GMT+0800 (CST) ] time is 860
[ Tue Aug 15 2017 16:27:14 GMT+0800 (CST) ] {"err":0,"msg":"JSTsuPcJu4VCj7xXMQAKunR69PYp3E8RT5"}
[ Tue Aug 15 2017 16:27:14 GMT+0800 (CST) ] time is 861
[ Tue Aug 15 2017 16:27:14 GMT+0800 (CST) ] {"err":0,"msg":"JdxtvUuVsooJdzB5Cqrvjd9RsVRtUdrXxf"}
[ Tue Aug 15 2017 16:27:14 GMT+0800 (CST) ] time is 861
[ Tue Aug 15 2017 16:27:14 GMT+0800 (CST) ] {"err":0,"msg":"Jh5Ru4MfQozMXKZxyTJQRW11N7DrHZmPEu"}
[ Tue Aug 15 2017 16:27:14 GMT+0800 (CST) ] time is 859
[ Tue Aug 15 2017 16:27:14 GMT+0800 (CST) ] {"err":0,"msg":"Jd3VeqfKdouf1LVhoBtChwK6xqh5Kd1mKt"}
[ Tue Aug 15 2017 16:27:14 GMT+0800 (CST) ] time is 862
[ Tue Aug 15 2017 16:27:14 GMT+0800 (CST) ] {"err":0,"msg":"JfGUNEmiheEBuStCpGU5AgmZgfriVLXKS9"}
[ Tue Aug 15 2017 16:27:14 GMT+0800 (CST) ] time is 861
[ Tue Aug 15 2017 16:27:14 GMT+0800 (CST) ] {"err":0,"msg":"JPDri5iK4pDpktMfAyEnkmKtSqnkZoRAGR"}
[ Tue Aug 15 2017 16:27:14 GMT+0800 (CST) ] time is 862
[ Tue Aug 15 2017 16:27:14 GMT+0800 (CST) ] {"err":0,"msg":"JYqrbZuLVzPBvozK3FELCRK3dXdsMPmWE8"}
[ Tue Aug 15 2017 16:27:14 GMT+0800 (CST) ] time is 860
[ Tue Aug 15 2017 16:27:14 GMT+0800 (CST) ] {"err":0,"msg":"JeMJMTFyzGttjk4L8D8AvaoxGX7dCtLko7"}
[ Tue Aug 15 2017 16:27:14 GMT+0800 (CST) ] time is 863
[ Tue Aug 15 2017 16:27:14 GMT+0800 (CST) ] {"err":0,"msg":"JWbRhZK12Yzpidr9dSCU11CrbmMtRmizhu"}
[ Tue Aug 15 2017 16:27:14 GMT+0800 (CST) ] time is 862
[ Tue Aug 15 2017 16:27:14 GMT+0800 (CST) ] {"err":0,"msg":"JSwvRnUuaDrXaYD4FpTHS4uKerF2vBmV8e"}
[ Tue Aug 15 2017 16:27:14 GMT+0800 (CST) ] time is 863
[ Tue Aug 15 2017 16:27:14 GMT+0800 (CST) ] {"err":0,"msg":"JSKVKezYvJzRbFpYatyxoxnKzgpsFC42Zx"}
[ Tue Aug 15 2017 16:27:14 GMT+0800 (CST) ] time is 861
[ Tue Aug 15 2017 16:27:14 GMT+0800 (CST) ] {"err":0,"msg":"JTNamyTnSLNNcNNCA72ap87uejhp98zbEF"}
[ Tue Aug 15 2017 16:27:15 GMT+0800 (CST) ] time is 864
[ Tue Aug 15 2017 16:27:15 GMT+0800 (CST) ] {"err":0,"msg":"JVA9DETf5cKqoT9v8gaZhbSgBZ1p8C5jpx"}
[ Tue Aug 15 2017 16:27:15 GMT+0800 (CST) ] time is 863
[ Tue Aug 15 2017 16:27:15 GMT+0800 (CST) ] {"err":0,"msg":"JWhmb9MbmDcaU3PWFrf3emtSBTbNU4tDxe"}
[ Tue Aug 15 2017 16:27:15 GMT+0800 (CST) ] time is 864
[ Tue Aug 15 2017 16:27:15 GMT+0800 (CST) ] {"err":0,"msg":"JfMhx8wQmJFVf9R7BHP37ZDNWYZQJztWR9"}
[ Tue Aug 15 2017 16:27:15 GMT+0800 (CST) ] time is 862
[ Tue Aug 15 2017 16:27:15 GMT+0800 (CST) ] {"err":0,"msg":"JhDHQANadzrHytwNQYmqpUdFc3Ufo7UNZb"}
[ Tue Aug 15 2017 16:27:15 GMT+0800 (CST) ] time is 864
[ Tue Aug 15 2017 16:27:15 GMT+0800 (CST) ] {"err":0,"msg":"JfFwCtwUUb76xJtbvrDXjsqQhNrQLqUyMW"}
[ Tue Aug 15 2017 16:27:15 GMT+0800 (CST) ] time is 865
[ Tue Aug 15 2017 16:27:15 GMT+0800 (CST) ] {"err":0,"msg":"JM1uZJX4omqdQPhYDz7zJz3wkrqwKahJA5"}
[ Tue Aug 15 2017 16:27:15 GMT+0800 (CST) ] time is 865
[ Tue Aug 15 2017 16:27:15 GMT+0800 (CST) ] {"err":0,"msg":"JKK4PMWzNcuc8PqtHzCMaE1VztFvGVvdSr"}
[ Tue Aug 15 2017 16:27:15 GMT+0800 (CST) ] time is 863
[ Tue Aug 15 2017 16:27:15 GMT+0800 (CST) ] {"err":0,"msg":"JgAJ8avUWG6q4omXcEL5KB1FY4naVBUbCV"}
[ Tue Aug 15 2017 16:27:15 GMT+0800 (CST) ] time is 866
[ Tue Aug 15 2017 16:27:15 GMT+0800 (CST) ] {"err":0,"msg":"JP2q6S3G2DUqY944AvGJfQVY17rwosGHJB"}
[ Tue Aug 15 2017 16:27:15 GMT+0800 (CST) ] time is 865
[ Tue Aug 15 2017 16:27:15 GMT+0800 (CST) ] {"err":0,"msg":"JY36MhPECLL8zv4FGMfF9fPmtN3KX75eoP"}
[ Tue Aug 15 2017 16:27:15 GMT+0800 (CST) ] time is 866
[ Tue Aug 15 2017 16:27:15 GMT+0800 (CST) ] {"err":0,"msg":"JSTfn7BxTMm3BvC4ojEL5NLimpXeAAUuXy"}
[ Tue Aug 15 2017 16:27:15 GMT+0800 (CST) ] time is 864
[ Tue Aug 15 2017 16:27:15 GMT+0800 (CST) ] {"err":0,"msg":"JMxZGLY7Wr3bjGtRvd7z7zzzNskY4a7wgz"}
[ Tue Aug 15 2017 16:27:15 GMT+0800 (CST) ] time is 867
[ Tue Aug 15 2017 16:27:15 GMT+0800 (CST) ] {"err":0,"msg":"JLPdPdwKhhSrsmTVhB2QYbGNsqQmkTucmg"}
[ Tue Aug 15 2017 16:27:15 GMT+0800 (CST) ] time is 866
[ Tue Aug 15 2017 16:27:15 GMT+0800 (CST) ] {"err":0,"msg":"JhW2Wtvj6nNaMH683LmnkARKHx9G84UBqi"}
[ Tue Aug 15 2017 16:27:15 GMT+0800 (CST) ] time is 867
[ Tue Aug 15 2017 16:27:15 GMT+0800 (CST) ] {"err":0,"msg":"JSSFEWAhsDXu2RMYEbRVd63VgzTE5jGRLw"}
[ Tue Aug 15 2017 16:27:15 GMT+0800 (CST) ] time is 865
[ Tue Aug 15 2017 16:27:15 GMT+0800 (CST) ] {"err":0,"msg":"JZDGX9nKzfHt2d8bcH6HxbKRNxUnQr45u7"}
[ Tue Aug 15 2017 16:27:15 GMT+0800 (CST) ] time is 868
[ Tue Aug 15 2017 16:27:15 GMT+0800 (CST) ] {"err":0,"msg":"JXV8eVPgrf3ywjRyf4MPYwqWGj8xq82Hmj"}
[ Tue Aug 15 2017 16:27:15 GMT+0800 (CST) ] time is 867
[ Tue Aug 15 2017 16:27:15 GMT+0800 (CST) ] {"err":0,"msg":"JRJiC1QsyssRvPPX7GoUiGvmVymZNFiHhN"}
[ Tue Aug 15 2017 16:27:15 GMT+0800 (CST) ] time is 868
[ Tue Aug 15 2017 16:27:15 GMT+0800 (CST) ] {"err":0,"msg":"JRrY9bb6mgN5V4x4S1GTdVu6rnJJPqXjDE"}
[ Tue Aug 15 2017 16:27:15 GMT+0800 (CST) ] time is 866
[ Tue Aug 15 2017 16:27:15 GMT+0800 (CST) ] {"err":0,"msg":"JgKrkXNr6Pn6keMKQ5FmkW8TrmmFVEHWtm"}
[ Tue Aug 15 2017 16:27:15 GMT+0800 (CST) ] time is 869
[ Tue Aug 15 2017 16:27:15 GMT+0800 (CST) ] {"err":0,"msg":"JYTVFjChDbuBXDfCaQQ5pkt93BLMsNLzeT"}
[ Tue Aug 15 2017 16:27:15 GMT+0800 (CST) ] time is 868
[ Tue Aug 15 2017 16:27:15 GMT+0800 (CST) ] {"err":0,"msg":"JKNsVdSu5qMQnP54At2yGDALHTuAQ4ofzf"}
[ Tue Aug 15 2017 16:27:15 GMT+0800 (CST) ] time is 869
[ Tue Aug 15 2017 16:27:15 GMT+0800 (CST) ] {"err":0,"msg":"JNkobKej2w2KfFuF8nooNv1PieM1oBG2UF"}
[ Tue Aug 15 2017 16:27:15 GMT+0800 (CST) ] time is 867
[ Tue Aug 15 2017 16:27:15 GMT+0800 (CST) ] {"err":0,"msg":"JVs5GgG9HbtzUH7A5SFwJaWCNzWrH8Cofw"}
[ Tue Aug 15 2017 16:27:15 GMT+0800 (CST) ] time is 870
[ Tue Aug 15 2017 16:27:15 GMT+0800 (CST) ] {"err":0,"msg":"JSDiJxPPawh6V6UmQhMgUo9DHCnK3RGCtP"}
[ Tue Aug 15 2017 16:27:15 GMT+0800 (CST) ] time is 869
[ Tue Aug 15 2017 16:27:15 GMT+0800 (CST) ] {"err":0,"msg":"JKK6UTacSh19ZNYqPXyjbf8YKGJpc2WH4q"}
[ Tue Aug 15 2017 16:27:15 GMT+0800 (CST) ] time is 870
[ Tue Aug 15 2017 16:27:15 GMT+0800 (CST) ] {"err":0,"msg":"JY4N3wE24rrDXySxcvC5uTrECDacNZGczH"}
[ Tue Aug 15 2017 16:27:15 GMT+0800 (CST) ] time is 868
[ Tue Aug 15 2017 16:27:15 GMT+0800 (CST) ] {"err":0,"msg":"JRNvGfuCYTZUxCPhUC51xGDxxuGwB3pfYK"}
[ Tue Aug 15 2017 16:27:15 GMT+0800 (CST) ] time is 871
[ Tue Aug 15 2017 16:27:15 GMT+0800 (CST) ] {"err":0,"msg":"JhHbTSxMbAbPDZLscXyn9Bn959Jmwy1Fk1"}
[ Tue Aug 15 2017 16:27:15 GMT+0800 (CST) ] time is 870
[ Tue Aug 15 2017 16:27:15 GMT+0800 (CST) ] {"err":0,"msg":"JYPftfHK9uJ2PBQV1vgj2M4wLUgvkwAyMX"}
[ Tue Aug 15 2017 16:27:15 GMT+0800 (CST) ] time is 871
[ Tue Aug 15 2017 16:27:15 GMT+0800 (CST) ] {"err":0,"msg":"JRsMMmr5wkcRL6knmMzKNEXGbiAdKFG4WM"}
[ Tue Aug 15 2017 16:27:15 GMT+0800 (CST) ] time is 869
[ Tue Aug 15 2017 16:27:15 GMT+0800 (CST) ] {"err":0,"msg":"JhYuwjvAzx6enBCG2DyUmfdVpHNXaJgnGJ"}
[ Tue Aug 15 2017 16:27:15 GMT+0800 (CST) ] time is 872
[ Tue Aug 15 2017 16:27:15 GMT+0800 (CST) ] {"err":0,"msg":"JXJz2C2pitP9d77dW9ibnzgp3pTaF6jggt"}
[ Tue Aug 15 2017 16:27:15 GMT+0800 (CST) ] time is 871
[ Tue Aug 15 2017 16:27:15 GMT+0800 (CST) ] {"err":0,"msg":"JZjBBgfRF2kjUEuuJqHbD2hFRNw32EBiwb"}
[ Tue Aug 15 2017 16:27:15 GMT+0800 (CST) ] time is 872
[ Tue Aug 15 2017 16:27:15 GMT+0800 (CST) ] {"err":0,"msg":"JRAvt4ihqd7d4obVhkZdjwftRk9nifmzGZ"}
[ Tue Aug 15 2017 16:27:15 GMT+0800 (CST) ] time is 870
[ Tue Aug 15 2017 16:27:15 GMT+0800 (CST) ] {"err":0,"msg":"JeCYJSSJvE8Z6BicohjveLfApQPnopZsA2"}
[ Tue Aug 15 2017 16:27:15 GMT+0800 (CST) ] time is 873
[ Tue Aug 15 2017 16:27:15 GMT+0800 (CST) ] {"err":0,"msg":"JVSnz4UCYHwvNbP23sTqs3MWUbYqBt4VH1"}
[ Tue Aug 15 2017 16:27:15 GMT+0800 (CST) ] time is 872
[ Tue Aug 15 2017 16:27:15 GMT+0800 (CST) ] {"err":0,"msg":"JdyvPQ8YVmt1Aq3ULUhF2anap7dL4QHyFQ"}
[ Tue Aug 15 2017 16:27:15 GMT+0800 (CST) ] time is 873
[ Tue Aug 15 2017 16:27:15 GMT+0800 (CST) ] {"err":0,"msg":"JJZL3kRxxmXz34Zj6e6Q9F8CtwY8Ew9uj8"}
[ Tue Aug 15 2017 16:27:15 GMT+0800 (CST) ] time is 871
[ Tue Aug 15 2017 16:27:15 GMT+0800 (CST) ] {"err":0,"msg":"JLFLnZvKyvD4DVZVzck8ux79bpHKtL7QQU"}
[ Tue Aug 15 2017 16:27:15 GMT+0800 (CST) ] time is 874
[ Tue Aug 15 2017 16:27:15 GMT+0800 (CST) ] {"err":0,"msg":"Jdj5RGPUZ9c6MNsDsYmXVrSYGKQkHCtFQW"}
[ Tue Aug 15 2017 16:27:15 GMT+0800 (CST) ] time is 873
[ Tue Aug 15 2017 16:27:15 GMT+0800 (CST) ] {"err":0,"msg":"JLSfgXm8i6xEvo4VEGXEBGXz3Yg5pJWLG7"}
[ Tue Aug 15 2017 16:27:15 GMT+0800 (CST) ] time is 874
[ Tue Aug 15 2017 16:27:15 GMT+0800 (CST) ] {"err":0,"msg":"JWNogchTCYwRiA4aKoSvWzRpwNH2E55vKV"}
[ Tue Aug 15 2017 16:27:15 GMT+0800 (CST) ] time is 872
[ Tue Aug 15 2017 16:27:15 GMT+0800 (CST) ] {"err":0,"msg":"JVosY8hghvfjNui6uQ55XV9NQjg7tKtMde"}
[ Tue Aug 15 2017 16:27:15 GMT+0800 (CST) ] time is 875
[ Tue Aug 15 2017 16:27:15 GMT+0800 (CST) ] {"err":0,"msg":"JWPnfNYF1UP6W4zgs8K8q2B66tS2Ebo6CB"}
[ Tue Aug 15 2017 16:27:15 GMT+0800 (CST) ] time is 874
[ Tue Aug 15 2017 16:27:15 GMT+0800 (CST) ] {"err":0,"msg":"JSbwd3XEZGvV5G1S4aTjEwvYMpGs6KwiuQ"}
[ Tue Aug 15 2017 16:27:15 GMT+0800 (CST) ] time is 875
[ Tue Aug 15 2017 16:27:15 GMT+0800 (CST) ] {"err":0,"msg":"JMsLrXkcoeC2fJ9ayAh7vxRxkGzUMYd1ZP"}
[ Tue Aug 15 2017 16:27:15 GMT+0800 (CST) ] time is 873
[ Tue Aug 15 2017 16:27:15 GMT+0800 (CST) ] {"err":0,"msg":"JMbd6rjrZfiDvSAXjJbHGDQPzpLyWYAyZv"}
[ Tue Aug 15 2017 16:27:15 GMT+0800 (CST) ] time is 876
[ Tue Aug 15 2017 16:27:15 GMT+0800 (CST) ] {"err":0,"msg":"JghgZNPNx7yQ7tcNW8fttE65QmiuZJQv6o"}
[ Tue Aug 15 2017 16:27:15 GMT+0800 (CST) ] time is 875
[ Tue Aug 15 2017 16:27:15 GMT+0800 (CST) ] {"err":0,"msg":"JPt5xNiWKShutVtd4ctGi1FidkJyT7iYmU"}
[ Tue Aug 15 2017 16:27:15 GMT+0800 (CST) ] time is 876
[ Tue Aug 15 2017 16:27:15 GMT+0800 (CST) ] {"err":0,"msg":"JQtJv2NMmkpCXBPkXtKAAQsvy6xVw29Tn5"}
[ Tue Aug 15 2017 16:27:15 GMT+0800 (CST) ] time is 874
[ Tue Aug 15 2017 16:27:15 GMT+0800 (CST) ] {"err":0,"msg":"JZtpb8c9wonayHAdeCmAErtGQT2PYLeGGa"}
[ Tue Aug 15 2017 16:27:15 GMT+0800 (CST) ] time is 877
[ Tue Aug 15 2017 16:27:15 GMT+0800 (CST) ] {"err":0,"msg":"JUkCMJkF9XRBBwmfCgFGV8Kx1qbQK4qcTb"}
[ Tue Aug 15 2017 16:27:15 GMT+0800 (CST) ] time is 876
[ Tue Aug 15 2017 16:27:15 GMT+0800 (CST) ] {"err":0,"msg":"JKy6G6Vv84wY4bjMAvRt4B9GBphhKZ29ho"}
[ Tue Aug 15 2017 16:27:15 GMT+0800 (CST) ] time is 877
[ Tue Aug 15 2017 16:27:15 GMT+0800 (CST) ] {"err":0,"msg":"JVLdVxBK81oNKUeCWTWg4Ei1FAthacBC1e"}
[ Tue Aug 15 2017 16:27:15 GMT+0800 (CST) ] time is 875
[ Tue Aug 15 2017 16:27:15 GMT+0800 (CST) ] {"err":0,"msg":"JbwzHajRvjhpxbRf5n44aBjMyXA7XxS9UF"}
[ Tue Aug 15 2017 16:27:15 GMT+0800 (CST) ] time is 878
[ Tue Aug 15 2017 16:27:15 GMT+0800 (CST) ] {"err":0,"msg":"JWLi5oQpbzjEmTQqGRDhc2bAZW2i9nAJbr"}
[ Tue Aug 15 2017 16:27:15 GMT+0800 (CST) ] time is 877
[ Tue Aug 15 2017 16:27:15 GMT+0800 (CST) ] {"err":0,"msg":"JhjvEFqTigdUxm2N3D6B1Soag4DAuFAAyB"}
[ Tue Aug 15 2017 16:27:15 GMT+0800 (CST) ] time is 878
[ Tue Aug 15 2017 16:27:15 GMT+0800 (CST) ] {"err":0,"msg":"Jhd7AR1ZX9EBYnMs19XXtqDXrBaMpad4tU"}
[ Tue Aug 15 2017 16:27:15 GMT+0800 (CST) ] time is 876
[ Tue Aug 15 2017 16:27:15 GMT+0800 (CST) ] {"err":0,"msg":"JQxYJfEvxuc8JeyGJm2zzsDcef8ZnRgNdG"}
[ Tue Aug 15 2017 16:27:15 GMT+0800 (CST) ] time is 879
[ Tue Aug 15 2017 16:27:15 GMT+0800 (CST) ] {"err":0,"msg":"JVtuXsnFwfsrh9xkZQdMEm8AqqjyLGaJgh"}
[ Tue Aug 15 2017 16:27:15 GMT+0800 (CST) ] time is 878
[ Tue Aug 15 2017 16:27:15 GMT+0800 (CST) ] {"err":0,"msg":"JSbXfy3Ww86tnrbCztJb8m732WotAjGL18"}
[ Tue Aug 15 2017 16:27:15 GMT+0800 (CST) ] time is 879
[ Tue Aug 15 2017 16:27:15 GMT+0800 (CST) ] {"err":0,"msg":"JSnUTs8GGJciS6w9cdCz5Z3J8yabACXnRp"}
[ Tue Aug 15 2017 16:27:15 GMT+0800 (CST) ] time is 877
[ Tue Aug 15 2017 16:27:15 GMT+0800 (CST) ] {"err":0,"msg":"JerRyEsvxFtnDgLZDhXaVKPBBfMQBcP43Z"}
[ Tue Aug 15 2017 16:27:15 GMT+0800 (CST) ] time is 880
[ Tue Aug 15 2017 16:27:15 GMT+0800 (CST) ] {"err":0,"msg":"JNCye52wxm4LS5pn2mx9LstEY8bSZ7tJYu"}
[ Tue Aug 15 2017 16:27:15 GMT+0800 (CST) ] time is 879
[ Tue Aug 15 2017 16:27:15 GMT+0800 (CST) ] {"err":0,"msg":"JfeppKd3CxduxVjiKt3p61kroBNTSiz9EM"}
[ Tue Aug 15 2017 16:27:15 GMT+0800 (CST) ] time is 880
[ Tue Aug 15 2017 16:27:15 GMT+0800 (CST) ] {"err":0,"msg":"JS6RwGnZn57aWm4WpBZi2g5x311Z5TEhc6"}
[ Tue Aug 15 2017 16:27:15 GMT+0800 (CST) ] time is 878
[ Tue Aug 15 2017 16:27:15 GMT+0800 (CST) ] {"err":0,"msg":"JM28MG7Avc6KXKpGcdRXhpW699owQS8uWf"}
[ Tue Aug 15 2017 16:27:15 GMT+0800 (CST) ] time is 881
[ Tue Aug 15 2017 16:27:15 GMT+0800 (CST) ] {"err":0,"msg":"JSc8SZwbzwEb3ZfT6Uo8oBt2FdDAVGPBCU"}
[ Tue Aug 15 2017 16:27:15 GMT+0800 (CST) ] time is 880
[ Tue Aug 15 2017 16:27:15 GMT+0800 (CST) ] {"err":0,"msg":"JX4PkkRnpkDAB74S3tprNCJPyTgaR4qWND"}
[ Tue Aug 15 2017 16:27:15 GMT+0800 (CST) ] time is 881
[ Tue Aug 15 2017 16:27:15 GMT+0800 (CST) ] {"err":0,"msg":"JY3WGA5TzPiC24ySzAowi7fWdXy3WuUuuA"}
[ Tue Aug 15 2017 16:27:15 GMT+0800 (CST) ] time is 879
[ Tue Aug 15 2017 16:27:15 GMT+0800 (CST) ] {"err":0,"msg":"JgVL13EtxqmFMoN77P1kRiUUL3vLq4Aj64"}
[ Tue Aug 15 2017 16:27:15 GMT+0800 (CST) ] time is 882
[ Tue Aug 15 2017 16:27:15 GMT+0800 (CST) ] {"err":0,"msg":"Jdym16uerQyk5o7AMVaATZqHHaNkFezNGk"}
[ Tue Aug 15 2017 16:27:15 GMT+0800 (CST) ] time is 881
[ Tue Aug 15 2017 16:27:15 GMT+0800 (CST) ] {"err":0,"msg":"JbUm9xaymYiKyuk6XVBa4rB31FbvVeLnZK"}
[ Tue Aug 15 2017 16:27:15 GMT+0800 (CST) ] time is 882
[ Tue Aug 15 2017 16:27:15 GMT+0800 (CST) ] {"err":0,"msg":"JXuAvwsha4qEX1VKgxdSZ2wZSf8VmYvUpP"}
[ Tue Aug 15 2017 16:27:16 GMT+0800 (CST) ] time is 880
[ Tue Aug 15 2017 16:27:16 GMT+0800 (CST) ] {"err":0,"msg":"Jag7MgnvCNdjGFYspQFm72YQnbt9d2FQkw"}
[ Tue Aug 15 2017 16:27:16 GMT+0800 (CST) ] time is 883
[ Tue Aug 15 2017 16:27:16 GMT+0800 (CST) ] {"err":0,"msg":"JgpcdnDBVLCSck4hqrc6MCskH8TcvLcfH2"}
[ Tue Aug 15 2017 16:27:16 GMT+0800 (CST) ] time is 882
[ Tue Aug 15 2017 16:27:16 GMT+0800 (CST) ] {"err":0,"msg":"Jb83uUfZQEsNiGHHisHJzq9chd4vaby8GS"}
[ Tue Aug 15 2017 16:27:16 GMT+0800 (CST) ] time is 883
[ Tue Aug 15 2017 16:27:16 GMT+0800 (CST) ] {"err":0,"msg":"JSvEMhXGE4bTADYfoQWapoDrvyQjRQ9YHw"}
[ Tue Aug 15 2017 16:27:16 GMT+0800 (CST) ] time is 881
[ Tue Aug 15 2017 16:27:16 GMT+0800 (CST) ] {"err":0,"msg":"JdqK2ii6WeYXSirsCuaGeXoNAAEFxtAz1p"}
[ Tue Aug 15 2017 16:27:16 GMT+0800 (CST) ] time is 884
[ Tue Aug 15 2017 16:27:16 GMT+0800 (CST) ] {"err":0,"msg":"JUVr4L4UER1aGwCeGTp2KybAdcifAiksoW"}
[ Tue Aug 15 2017 16:27:16 GMT+0800 (CST) ] time is 883
[ Tue Aug 15 2017 16:27:16 GMT+0800 (CST) ] {"err":0,"msg":"JUrjvvvKLaNK1WH1jMgcxRhNnFsVjVncuw"}
[ Tue Aug 15 2017 16:27:16 GMT+0800 (CST) ] time is 884
[ Tue Aug 15 2017 16:27:16 GMT+0800 (CST) ] {"err":0,"msg":"JYMUjfL6ibiMKQexaLaPkXkni4g3CUXG9o"}
[ Tue Aug 15 2017 16:27:16 GMT+0800 (CST) ] time is 882
[ Tue Aug 15 2017 16:27:16 GMT+0800 (CST) ] {"err":0,"msg":"JZmFBijJkXu4BvGAqpeWGdg6bFF6T3dH9y"}
[ Tue Aug 15 2017 16:27:16 GMT+0800 (CST) ] time is 885
[ Tue Aug 15 2017 16:27:16 GMT+0800 (CST) ] {"err":0,"msg":"JbcYXGFFQHZEPwvL58L1wJg8ZeUgJLdTtr"}
[ Tue Aug 15 2017 16:27:16 GMT+0800 (CST) ] time is 884
[ Tue Aug 15 2017 16:27:16 GMT+0800 (CST) ] {"err":0,"msg":"JZNbbJPJ28sFJs8jUqEFDUBJaN2uB7NiWr"}
[ Tue Aug 15 2017 16:27:16 GMT+0800 (CST) ] time is 885
[ Tue Aug 15 2017 16:27:16 GMT+0800 (CST) ] {"err":0,"msg":"JLib8DJ9KVaZbzM3wsT5xz2V6WMgGuD9He"}
[ Tue Aug 15 2017 16:27:16 GMT+0800 (CST) ] time is 883
[ Tue Aug 15 2017 16:27:16 GMT+0800 (CST) ] {"err":0,"msg":"JXU7oLsZC6tHMXQP4UM67i7jcuwG2foPYG"}
[ Tue Aug 15 2017 16:27:16 GMT+0800 (CST) ] time is 886
[ Tue Aug 15 2017 16:27:16 GMT+0800 (CST) ] {"err":0,"msg":"JW5GP8NUwFm685Yxf1bHtTdrRUG3bkoE4w"}
[ Tue Aug 15 2017 16:27:16 GMT+0800 (CST) ] time is 885
[ Tue Aug 15 2017 16:27:16 GMT+0800 (CST) ] {"err":0,"msg":"JW3ZEapyFT8hnaQkjTqgwTCLCqEd6HLnfy"}
[ Tue Aug 15 2017 16:27:16 GMT+0800 (CST) ] time is 886
[ Tue Aug 15 2017 16:27:16 GMT+0800 (CST) ] {"err":0,"msg":"JSPJDLovyCo5Hqqtky51YCdCL3RAvjx7i6"}
[ Tue Aug 15 2017 16:27:16 GMT+0800 (CST) ] time is 884
[ Tue Aug 15 2017 16:27:16 GMT+0800 (CST) ] {"err":0,"msg":"JS1pJzN4if4ksT3Tb2cH3rtqUwjx7wVDgL"}
[ Tue Aug 15 2017 16:27:16 GMT+0800 (CST) ] time is 886
[ Tue Aug 15 2017 16:27:16 GMT+0800 (CST) ] {"err":0,"msg":"JbEKDtciHRx3pfWGHk4kcVioGvMkS9a5Ev"}
[ Tue Aug 15 2017 16:27:16 GMT+0800 (CST) ] time is 887
[ Tue Aug 15 2017 16:27:16 GMT+0800 (CST) ] {"err":0,"msg":"JL4sNR2uciwLWmt7JjhmJ9bQNsxXQWR47k"}
[ Tue Aug 15 2017 16:27:16 GMT+0800 (CST) ] time is 887
[ Tue Aug 15 2017 16:27:16 GMT+0800 (CST) ] {"err":0,"msg":"JbbA23K5FVjBL3eqq3eEf2Yk1x4uvLvVDh"}
[ Tue Aug 15 2017 16:27:16 GMT+0800 (CST) ] time is 885
[ Tue Aug 15 2017 16:27:16 GMT+0800 (CST) ] {"err":0,"msg":"JWsG5ApzMzRkMHEqFU96shDSq19i6gJ7BW"}
[ Tue Aug 15 2017 16:27:16 GMT+0800 (CST) ] time is 887
[ Tue Aug 15 2017 16:27:16 GMT+0800 (CST) ] {"err":0,"msg":"JaL3WaL4YoAneQXSsQAkfEFZUnJ67sHstC"}
[ Tue Aug 15 2017 16:27:16 GMT+0800 (CST) ] time is 888
[ Tue Aug 15 2017 16:27:16 GMT+0800 (CST) ] {"err":0,"msg":"Jc8iBkQbLj7XUSwGaci4X2joi4CeArXbAc"}
[ Tue Aug 15 2017 16:27:16 GMT+0800 (CST) ] time is 888
[ Tue Aug 15 2017 16:27:16 GMT+0800 (CST) ] {"err":0,"msg":"JWsiYDdk7q2EJo1SYDZC6HTYBerbyhEZXk"}
[ Tue Aug 15 2017 16:27:16 GMT+0800 (CST) ] time is 886
[ Tue Aug 15 2017 16:27:16 GMT+0800 (CST) ] {"err":0,"msg":"JMeMDQzx7yc19wXzLHNAENTbkR8iLrgnkN"}
[ Tue Aug 15 2017 16:27:16 GMT+0800 (CST) ] time is 888
[ Tue Aug 15 2017 16:27:16 GMT+0800 (CST) ] {"err":0,"msg":"JSMBo1htQHJK9mXfQ9herWYzBfqP4rpu5h"}
[ Tue Aug 15 2017 16:27:16 GMT+0800 (CST) ] time is 889
[ Tue Aug 15 2017 16:27:16 GMT+0800 (CST) ] {"err":0,"msg":"JSfj3GzuX8sKNuhwiMrDggBuYdLeZkjvqj"}
[ Tue Aug 15 2017 16:27:16 GMT+0800 (CST) ] time is 889
[ Tue Aug 15 2017 16:27:16 GMT+0800 (CST) ] {"err":0,"msg":"JZ5ozo5FKur6NDEQNbwfBHVc3GoV3EFcb3"}
[ Tue Aug 15 2017 16:27:16 GMT+0800 (CST) ] time is 887
[ Tue Aug 15 2017 16:27:16 GMT+0800 (CST) ] {"err":0,"msg":"JJveedD2P2pGzcgYqDzvUfke8ikBYymepe"}
[ Tue Aug 15 2017 16:27:16 GMT+0800 (CST) ] time is 889
[ Tue Aug 15 2017 16:27:16 GMT+0800 (CST) ] {"err":0,"msg":"Jam7SuQcFY7vjjkR42FEmSeSQavg1ea7Nv"}
[ Tue Aug 15 2017 16:27:16 GMT+0800 (CST) ] time is 890
[ Tue Aug 15 2017 16:27:16 GMT+0800 (CST) ] {"err":0,"msg":"JZcPEcBJ1jy3eGqBeacmDVU1AdNXC9PzDz"}
[ Tue Aug 15 2017 16:27:16 GMT+0800 (CST) ] time is 890
[ Tue Aug 15 2017 16:27:16 GMT+0800 (CST) ] {"err":0,"msg":"JLyaHbffL8mwiQd5jQjCXqxpjMof16bkGc"}
[ Tue Aug 15 2017 16:27:16 GMT+0800 (CST) ] time is 888
[ Tue Aug 15 2017 16:27:16 GMT+0800 (CST) ] {"err":0,"msg":"JdKtVTkKaUBezLRike3nxgzUjyyAfixXH7"}
[ Tue Aug 15 2017 16:27:16 GMT+0800 (CST) ] time is 890
[ Tue Aug 15 2017 16:27:16 GMT+0800 (CST) ] {"err":0,"msg":"JdZaiDmDoYZAoXzCW5cQkXt2zb3ujMxNxx"}
[ Tue Aug 15 2017 16:27:16 GMT+0800 (CST) ] time is 889
[ Tue Aug 15 2017 16:27:16 GMT+0800 (CST) ] {"err":0,"msg":"JfPB1wxyk4mR7Jq8Bno3YvoDNfBSm2tdUG"}
[ Tue Aug 15 2017 16:27:16 GMT+0800 (CST) ] time is 891
[ Tue Aug 15 2017 16:27:16 GMT+0800 (CST) ] {"err":0,"msg":"JazMpMjkuYEgiGF989pDNZLP97rfBLoGeV"}
[ Tue Aug 15 2017 16:27:16 GMT+0800 (CST) ] time is 891
[ Tue Aug 15 2017 16:27:16 GMT+0800 (CST) ] {"err":0,"msg":"JN7gx9zJsGJrQVNSYjfvQ4gPWMBS4vKjze"}
[ Tue Aug 15 2017 16:27:16 GMT+0800 (CST) ] time is 891
[ Tue Aug 15 2017 16:27:16 GMT+0800 (CST) ] {"err":0,"msg":"Jf4w1VoUbXfd9wbUEagFSkabwnheeYigCH"}
[ Tue Aug 15 2017 16:27:16 GMT+0800 (CST) ] time is 890
[ Tue Aug 15 2017 16:27:16 GMT+0800 (CST) ] {"err":0,"msg":"JSscqjvFX4Hgb6LgiJdeMtq4RiVVgAxFq4"}
[ Tue Aug 15 2017 16:27:16 GMT+0800 (CST) ] time is 892
[ Tue Aug 15 2017 16:27:16 GMT+0800 (CST) ] {"err":0,"msg":"JY13F3zuNqmxB9UJJApGN9FM1qCxMFbAeb"}
[ Tue Aug 15 2017 16:27:16 GMT+0800 (CST) ] time is 892
[ Tue Aug 15 2017 16:27:16 GMT+0800 (CST) ] {"err":0,"msg":"JMLTCNaxwfBgw5WyBh2Mm83wuL22kxcX99"}
[ Tue Aug 15 2017 16:27:16 GMT+0800 (CST) ] time is 892
[ Tue Aug 15 2017 16:27:16 GMT+0800 (CST) ] {"err":0,"msg":"JLsFsAKMTSJxk1Q9xsooVyLtcXyuWTKqrS"}
[ Tue Aug 15 2017 16:27:16 GMT+0800 (CST) ] time is 891
[ Tue Aug 15 2017 16:27:16 GMT+0800 (CST) ] {"err":0,"msg":"JZWY1UiKrDVazijnQSib2zVa5qNbv3U86j"}
[ Tue Aug 15 2017 16:27:16 GMT+0800 (CST) ] time is 893
[ Tue Aug 15 2017 16:27:16 GMT+0800 (CST) ] {"err":0,"msg":"JbHvev3AE7fNC5QHoAeCCXL3vKCyT7eTB2"}
[ Tue Aug 15 2017 16:27:16 GMT+0800 (CST) ] time is 893
[ Tue Aug 15 2017 16:27:16 GMT+0800 (CST) ] {"err":0,"msg":"JQjhjR3sXeob1eX5EoN9uYT54BZgkktf37"}
[ Tue Aug 15 2017 16:27:16 GMT+0800 (CST) ] time is 893
[ Tue Aug 15 2017 16:27:16 GMT+0800 (CST) ] {"err":0,"msg":"JRV7sVrVzLC1kvCG9mqWg57QAPRX8jbq4s"}
[ Tue Aug 15 2017 16:27:16 GMT+0800 (CST) ] time is 892
[ Tue Aug 15 2017 16:27:16 GMT+0800 (CST) ] {"err":0,"msg":"JQNQWuPkBU6J973qoVSCE2V4uBocyLsNY7"}
[ Tue Aug 15 2017 16:27:16 GMT+0800 (CST) ] time is 894
[ Tue Aug 15 2017 16:27:16 GMT+0800 (CST) ] {"err":0,"msg":"JgVoGYqKc8J8D64MKNKpGmc2Q3hD6ZNhEF"}
[ Tue Aug 15 2017 16:27:16 GMT+0800 (CST) ] time is 894
[ Tue Aug 15 2017 16:27:16 GMT+0800 (CST) ] {"err":0,"msg":"JQ5FMane2yE2wv1ozAAx1XMrcXNzWMnuA7"}
[ Tue Aug 15 2017 16:27:16 GMT+0800 (CST) ] time is 894
[ Tue Aug 15 2017 16:27:16 GMT+0800 (CST) ] {"err":0,"msg":"JQWgZxQEJE2vE3K9beyCnEqQ5JjqTTdvi2"}
[ Tue Aug 15 2017 16:27:16 GMT+0800 (CST) ] time is 893
[ Tue Aug 15 2017 16:27:16 GMT+0800 (CST) ] {"err":0,"msg":"JVpkACr8QThdJJR3yiUTsnhftSrPPiaaa8"}
[ Tue Aug 15 2017 16:27:16 GMT+0800 (CST) ] time is 895
[ Tue Aug 15 2017 16:27:16 GMT+0800 (CST) ] {"err":0,"msg":"JZgVepocdmuFQQxAiqD4cf2SqWCTN5JPyu"}
[ Tue Aug 15 2017 16:27:16 GMT+0800 (CST) ] time is 895
[ Tue Aug 15 2017 16:27:16 GMT+0800 (CST) ] {"err":0,"msg":"JUGTfj8AJX7rvfup97eNzfHHfmf8nuW8f8"}
[ Tue Aug 15 2017 16:27:16 GMT+0800 (CST) ] time is 895
[ Tue Aug 15 2017 16:27:16 GMT+0800 (CST) ] {"err":0,"msg":"Jgx7mr5Pi5fsaNyg15uisDEwNZVKBHp2TR"}
[ Tue Aug 15 2017 16:27:16 GMT+0800 (CST) ] time is 894
[ Tue Aug 15 2017 16:27:16 GMT+0800 (CST) ] {"err":0,"msg":"JTMGcipV3zNQwkd1oDw5h4xZ276uR8VXHx"}
[ Tue Aug 15 2017 16:27:16 GMT+0800 (CST) ] time is 896
[ Tue Aug 15 2017 16:27:16 GMT+0800 (CST) ] {"err":0,"msg":"JL3sV21mb5Dqvk2B1nmLpiZU8qxUbRp43P"}
[ Tue Aug 15 2017 16:27:16 GMT+0800 (CST) ] time is 896
[ Tue Aug 15 2017 16:27:16 GMT+0800 (CST) ] {"err":0,"msg":"JU22EaDTJnRYcw6sFCTxpVaxyakALMVm5U"}
[ Tue Aug 15 2017 16:27:16 GMT+0800 (CST) ] time is 896
[ Tue Aug 15 2017 16:27:16 GMT+0800 (CST) ] {"err":0,"msg":"JgwpLJjveSpWDF4dciXUxmVR1VSR2fCSrJ"}
[ Tue Aug 15 2017 16:27:16 GMT+0800 (CST) ] time is 895
[ Tue Aug 15 2017 16:27:16 GMT+0800 (CST) ] {"err":0,"msg":"JfzrpDccRmJhP4mYSkv3yerjL9RBUSvnq1"}
[ Tue Aug 15 2017 16:27:16 GMT+0800 (CST) ] time is 897
[ Tue Aug 15 2017 16:27:16 GMT+0800 (CST) ] {"err":0,"msg":"JcxCvS29iU9VHk7hdmeo1Cq9daf26rQJRq"}
[ Tue Aug 15 2017 16:27:16 GMT+0800 (CST) ] time is 897
[ Tue Aug 15 2017 16:27:16 GMT+0800 (CST) ] {"err":0,"msg":"JbxBL8CinrUpvdjowr2pynsJQoY5rb1P2W"}
[ Tue Aug 15 2017 16:27:16 GMT+0800 (CST) ] time is 896
[ Tue Aug 15 2017 16:27:16 GMT+0800 (CST) ] {"err":0,"msg":"JffSVFUQgzNg9gcpL91AMHePJQPZJL1fXy"}
[ Tue Aug 15 2017 16:27:16 GMT+0800 (CST) ] time is 897
[ Tue Aug 15 2017 16:27:16 GMT+0800 (CST) ] {"err":0,"msg":"JVE1RU2d5Cs1K8ZRSSoTgARVrBYwWkaQvr"}
[ Tue Aug 15 2017 16:27:16 GMT+0800 (CST) ] time is 898
[ Tue Aug 15 2017 16:27:16 GMT+0800 (CST) ] {"err":0,"msg":"Jfo1prn5ZJG591tqZR49gTr7pEqNsN74Rr"}
[ Tue Aug 15 2017 16:27:16 GMT+0800 (CST) ] time is 898
[ Tue Aug 15 2017 16:27:16 GMT+0800 (CST) ] {"err":0,"msg":"JhZXD4x7ztwZ6xhbpg6iBVXnhnemwT88pb"}
[ Tue Aug 15 2017 16:27:16 GMT+0800 (CST) ] time is 897
[ Tue Aug 15 2017 16:27:16 GMT+0800 (CST) ] {"err":0,"msg":"JNtaoE9DP7gH6d9mNpUvcUuCnu1gYEb6vB"}
[ Tue Aug 15 2017 16:27:16 GMT+0800 (CST) ] time is 898
[ Tue Aug 15 2017 16:27:16 GMT+0800 (CST) ] {"err":0,"msg":"JPvbFkaraUya3gu38WKxnjhWFAMcxsH4zV"}
[ Tue Aug 15 2017 16:27:16 GMT+0800 (CST) ] time is 899
[ Tue Aug 15 2017 16:27:16 GMT+0800 (CST) ] {"err":0,"msg":"JcWyUS4rhYoz9JeZU95K8NYTDuPXi3PLCv"}
[ Tue Aug 15 2017 16:27:16 GMT+0800 (CST) ] time is 899
[ Tue Aug 15 2017 16:27:16 GMT+0800 (CST) ] {"err":0,"msg":"JZd8Yyor7UeBnBXhUFwrKwoGRUm7ufdGyD"}
[ Tue Aug 15 2017 16:27:16 GMT+0800 (CST) ] time is 898
[ Tue Aug 15 2017 16:27:16 GMT+0800 (CST) ] {"err":0,"msg":"JPW72aCBG8ug5T2JSwjoanMbRL42suZJHZ"}
[ Tue Aug 15 2017 16:27:16 GMT+0800 (CST) ] time is 899
[ Tue Aug 15 2017 16:27:16 GMT+0800 (CST) ] {"err":0,"msg":"JhXT6HUToWSYr7pUZU8GRvXmkQjxZKXcPj"}
[ Tue Aug 15 2017 16:27:16 GMT+0800 (CST) ] time is 900
[ Tue Aug 15 2017 16:27:16 GMT+0800 (CST) ] {"err":0,"msg":"JaVAizwFMkwEMy3AfP6FZvdPZSVayYxp4S"}
[ Tue Aug 15 2017 16:27:16 GMT+0800 (CST) ] time is 900
[ Tue Aug 15 2017 16:27:16 GMT+0800 (CST) ] {"err":0,"msg":"JLB8pjdsS9Re5VN5WP2nxgnh571CZ8AdLw"}
[ Tue Aug 15 2017 16:27:17 GMT+0800 (CST) ] time is 899
[ Tue Aug 15 2017 16:27:17 GMT+0800 (CST) ] {"err":0,"msg":"JWz62cuCXRDV2BcMUFuBLQvrcdd796UN72"}
[ Tue Aug 15 2017 16:27:17 GMT+0800 (CST) ] time is 900
[ Tue Aug 15 2017 16:27:17 GMT+0800 (CST) ] {"err":0,"msg":"JcGYwKBmUtvBHQxLWjGNdcEMjoz2X44GGr"}
[ Tue Aug 15 2017 16:27:17 GMT+0800 (CST) ] time is 901
[ Tue Aug 15 2017 16:27:17 GMT+0800 (CST) ] {"err":0,"msg":"JRebABQAfEvqBmeKhCHsM3J4hVZFD6qEbC"}
[ Tue Aug 15 2017 16:27:17 GMT+0800 (CST) ] time is 901
[ Tue Aug 15 2017 16:27:17 GMT+0800 (CST) ] {"err":0,"msg":"JdfHsLP5jffLCiX4bpqWyZZurjqoREfLS5"}
[ Tue Aug 15 2017 16:27:17 GMT+0800 (CST) ] time is 900
[ Tue Aug 15 2017 16:27:17 GMT+0800 (CST) ] {"err":0,"msg":"JUHQih7DQ4J78YskQXyx4oybQ1iefjTF8g"}
[ Tue Aug 15 2017 16:27:17 GMT+0800 (CST) ] time is 901
[ Tue Aug 15 2017 16:27:17 GMT+0800 (CST) ] {"err":0,"msg":"JRvRfMd6QgGxqVuowdrEys9BTJn39FmoR5"}
[ Tue Aug 15 2017 16:27:17 GMT+0800 (CST) ] time is 902
[ Tue Aug 15 2017 16:27:17 GMT+0800 (CST) ] {"err":0,"msg":"JUFG8Tun8MH1Pp8UZ3FMNiKstkfmppDGHY"}
[ Tue Aug 15 2017 16:27:17 GMT+0800 (CST) ] time is 902
[ Tue Aug 15 2017 16:27:17 GMT+0800 (CST) ] {"err":0,"msg":"JZHfbi8G1dZkLSvWbgfGgL9BToPFF546Gr"}
[ Tue Aug 15 2017 16:27:17 GMT+0800 (CST) ] time is 901
[ Tue Aug 15 2017 16:27:17 GMT+0800 (CST) ] {"err":0,"msg":"JUU56PXDG2hvDLyuFp26r77toCp77QKmYE"}
[ Tue Aug 15 2017 16:27:17 GMT+0800 (CST) ] time is 903
[ Tue Aug 15 2017 16:27:17 GMT+0800 (CST) ] {"err":0,"msg":"JfaoTZF4u4jdxC6qgCx3dX1bepU2ufXH7J"}
[ Tue Aug 15 2017 16:27:17 GMT+0800 (CST) ] time is 902
[ Tue Aug 15 2017 16:27:17 GMT+0800 (CST) ] {"err":0,"msg":"JPeG7jwZmiY3aV2KsVHcoLnCK935XharV7"}
[ Tue Aug 15 2017 16:27:17 GMT+0800 (CST) ] time is 903
[ Tue Aug 15 2017 16:27:17 GMT+0800 (CST) ] {"err":0,"msg":"JKw7SWD7qod59j6bfujrjchwoqMzw2QmmV"}
[ Tue Aug 15 2017 16:27:17 GMT+0800 (CST) ] time is 902
[ Tue Aug 15 2017 16:27:17 GMT+0800 (CST) ] {"err":0,"msg":"JfZqv6RoLp5b88b2Y9ZsEECQW9PSPmdQLX"}
[ Tue Aug 15 2017 16:27:17 GMT+0800 (CST) ] time is 904
[ Tue Aug 15 2017 16:27:17 GMT+0800 (CST) ] {"err":0,"msg":"JTodEPUoyfxqK2QtJcmTKxhXbr9bcdXnn6"}
[ Tue Aug 15 2017 16:27:17 GMT+0800 (CST) ] time is 903
[ Tue Aug 15 2017 16:27:17 GMT+0800 (CST) ] {"err":0,"msg":"JZwd6mpMEgpkYUqkDSbARHjDUN9uYkALVf"}
[ Tue Aug 15 2017 16:27:17 GMT+0800 (CST) ] time is 904
[ Tue Aug 15 2017 16:27:17 GMT+0800 (CST) ] {"err":0,"msg":"JQuyjMFdihQAvnPT39Msp35uLLpGDtAJ7a"}
[ Tue Aug 15 2017 16:27:17 GMT+0800 (CST) ] time is 903
[ Tue Aug 15 2017 16:27:17 GMT+0800 (CST) ] {"err":0,"msg":"JdaJFtxjcFKTpmUK452CrAtEgqAdSqm6FP"}
[ Tue Aug 15 2017 16:27:17 GMT+0800 (CST) ] time is 905
[ Tue Aug 15 2017 16:27:17 GMT+0800 (CST) ] {"err":0,"msg":"JTYLQoSxrTqmzZj9wcHT8HQj9Ep5uikmCk"}
[ Tue Aug 15 2017 16:27:17 GMT+0800 (CST) ] time is 904
[ Tue Aug 15 2017 16:27:17 GMT+0800 (CST) ] {"err":0,"msg":"JUQB5T68oS6Y89Q9NyfGDpD6KNMFcK2on6"}
[ Tue Aug 15 2017 16:27:17 GMT+0800 (CST) ] time is 905
[ Tue Aug 15 2017 16:27:17 GMT+0800 (CST) ] {"err":0,"msg":"JRzVQabN7qhzLcmBteNuRvsAMcGQbXPc4z"}
[ Tue Aug 15 2017 16:27:17 GMT+0800 (CST) ] time is 904
[ Tue Aug 15 2017 16:27:17 GMT+0800 (CST) ] {"err":0,"msg":"JcLZQuG58PyDyQqGsYuhBu5VR6zQVTGcRf"}
[ Tue Aug 15 2017 16:27:17 GMT+0800 (CST) ] time is 906
[ Tue Aug 15 2017 16:27:17 GMT+0800 (CST) ] {"err":0,"msg":"JL3sj8pdoiCwFX7ZpyvxtJg6KXb7FMMLEA"}
[ Tue Aug 15 2017 16:27:17 GMT+0800 (CST) ] time is 905
[ Tue Aug 15 2017 16:27:17 GMT+0800 (CST) ] {"err":0,"msg":"Jbi9rZKpDYjNQYw12YUGVjE1G67bxG6765"}
[ Tue Aug 15 2017 16:27:17 GMT+0800 (CST) ] time is 906
[ Tue Aug 15 2017 16:27:17 GMT+0800 (CST) ] {"err":0,"msg":"JRmaNShrAfMWihzJV856FKPLFzz8weajxz"}
[ Tue Aug 15 2017 16:27:17 GMT+0800 (CST) ] time is 905
[ Tue Aug 15 2017 16:27:17 GMT+0800 (CST) ] {"err":0,"msg":"JgrBqjJ1LeSidQxkR8rwb2d21HyNGsbzpc"}
[ Tue Aug 15 2017 16:27:17 GMT+0800 (CST) ] time is 907
[ Tue Aug 15 2017 16:27:17 GMT+0800 (CST) ] {"err":0,"msg":"JUN1DY5wrdHNLZ66xTnuYB7ift64A84CVs"}
[ Tue Aug 15 2017 16:27:17 GMT+0800 (CST) ] time is 906
[ Tue Aug 15 2017 16:27:17 GMT+0800 (CST) ] {"err":0,"msg":"JNsBaoR2dpQHChKScwR4STRGUoJQohVU8C"}
[ Tue Aug 15 2017 16:27:17 GMT+0800 (CST) ] time is 907
[ Tue Aug 15 2017 16:27:17 GMT+0800 (CST) ] {"err":0,"msg":"JdfkNwhMtb9Y7xNrCh9Y4bdR53GRh2oqYm"}
[ Tue Aug 15 2017 16:27:17 GMT+0800 (CST) ] time is 906
[ Tue Aug 15 2017 16:27:17 GMT+0800 (CST) ] {"err":0,"msg":"JSgW6Gh3mqWHf2F421PVJ7ym6RSGQJTwaN"}
[ Tue Aug 15 2017 16:27:17 GMT+0800 (CST) ] time is 908
[ Tue Aug 15 2017 16:27:17 GMT+0800 (CST) ] {"err":0,"msg":"JQSrQCjSPJwhEzXkk8XvD5nUm2knyZtf5e"}
[ Tue Aug 15 2017 16:27:17 GMT+0800 (CST) ] time is 907
[ Tue Aug 15 2017 16:27:17 GMT+0800 (CST) ] {"err":0,"msg":"Jcn227s5Wa5SV1TkpU2BugbiyF5DGiXGbi"}
[ Tue Aug 15 2017 16:27:17 GMT+0800 (CST) ] time is 908
[ Tue Aug 15 2017 16:27:17 GMT+0800 (CST) ] {"err":0,"msg":"JeRSjRHHVwd92YL4YH2NDump7Yz74eMn8B"}
[ Tue Aug 15 2017 16:27:17 GMT+0800 (CST) ] time is 907
[ Tue Aug 15 2017 16:27:17 GMT+0800 (CST) ] {"err":0,"msg":"JMte85zDwdChKdRTJNnWHETADS3URc1HzY"}
[ Tue Aug 15 2017 16:27:17 GMT+0800 (CST) ] time is 909
[ Tue Aug 15 2017 16:27:17 GMT+0800 (CST) ] {"err":0,"msg":"Jemawkeq5dFpYr19CdP1Tbh8fm4Pv62jBD"}
[ Tue Aug 15 2017 16:27:17 GMT+0800 (CST) ] time is 908
[ Tue Aug 15 2017 16:27:17 GMT+0800 (CST) ] {"err":0,"msg":"JSsbpiL37i9t2bvTQddRGbpZLTB3zsapua"}
[ Tue Aug 15 2017 16:27:17 GMT+0800 (CST) ] time is 909
[ Tue Aug 15 2017 16:27:17 GMT+0800 (CST) ] {"err":0,"msg":"JYC7dDmjGvwHT7SwnwGyXD7o9PfEdCKs72"}
[ Tue Aug 15 2017 16:27:17 GMT+0800 (CST) ] time is 908
[ Tue Aug 15 2017 16:27:17 GMT+0800 (CST) ] {"err":0,"msg":"Jac6fkg4ESbSeSKsHYpsfmPRQD5sZQkZHu"}
[ Tue Aug 15 2017 16:27:17 GMT+0800 (CST) ] time is 910
[ Tue Aug 15 2017 16:27:17 GMT+0800 (CST) ] {"err":0,"msg":"JSvbux1tDt5btrpy5815eAQigig8ZXmqYE"}
[ Tue Aug 15 2017 16:27:17 GMT+0800 (CST) ] {"err":0,"msg":"JZPRBXUuKneRpuhmKm4NSTTW774FHdTTyD"}
[ Tue Aug 15 2017 16:27:17 GMT+0800 (CST) ] time is 909
[ Tue Aug 15 2017 16:27:17 GMT+0800 (CST) ] time is 910
[ Tue Aug 15 2017 16:27:17 GMT+0800 (CST) ] {"err":0,"msg":"JgZtfvcErp7VAmvGJWqFFZf4zsggF67SER"}
[ Tue Aug 15 2017 16:27:17 GMT+0800 (CST) ] time is 909
[ Tue Aug 15 2017 16:27:17 GMT+0800 (CST) ] {"err":0,"msg":"JLq4QnAht33v3HCXJUbheiK8Utq9UE2KMJ"}
[ Tue Aug 15 2017 16:27:17 GMT+0800 (CST) ] time is 911
[ Tue Aug 15 2017 16:27:17 GMT+0800 (CST) ] {"err":0,"msg":"JWCAoHaBdB11sbzn2KJeT1EX8p8FnsfxDP"}
[ Tue Aug 15 2017 16:27:17 GMT+0800 (CST) ] time is 910
[ Tue Aug 15 2017 16:27:17 GMT+0800 (CST) ] {"err":0,"msg":"JYgU2S5XctpSyBR7hkTCdNAEcKPazcPpkX"}
[ Tue Aug 15 2017 16:27:17 GMT+0800 (CST) ] time is 911
[ Tue Aug 15 2017 16:27:17 GMT+0800 (CST) ] {"err":0,"msg":"Jf6eGGCG1xvdfa8CMfTfvW4pzbqYdYewQR"}
[ Tue Aug 15 2017 16:27:17 GMT+0800 (CST) ] time is 910
[ Tue Aug 15 2017 16:27:17 GMT+0800 (CST) ] {"err":0,"msg":"JRr34ZogdUP81AzyxeYwstoYimGS5nJDcW"}
[ Tue Aug 15 2017 16:27:17 GMT+0800 (CST) ] time is 912
[ Tue Aug 15 2017 16:27:17 GMT+0800 (CST) ] {"err":0,"msg":"JZW1ofqDXc1v4JJyotDVyte3hrQbcTnnXQ"}
[ Tue Aug 15 2017 16:27:17 GMT+0800 (CST) ] time is 912
[ Tue Aug 15 2017 16:27:17 GMT+0800 (CST) ] {"err":0,"msg":"JNfQjEYyNtB7nJVKsSFFUhNBv95Qwbu1Pk"}
[ Tue Aug 15 2017 16:27:17 GMT+0800 (CST) ] time is 911
[ Tue Aug 15 2017 16:27:17 GMT+0800 (CST) ] {"err":0,"msg":"JdVabf8VDw3Z8gh4UKrWSe75VmEJFqfjpv"}
[ Tue Aug 15 2017 16:27:17 GMT+0800 (CST) ] time is 911
[ Tue Aug 15 2017 16:27:17 GMT+0800 (CST) ] {"err":0,"msg":"JNfQVheaXdJ7b6YpJWVS8KgwEHqo4BNv33"}
[ Tue Aug 15 2017 16:27:17 GMT+0800 (CST) ] time is 913
[ Tue Aug 15 2017 16:27:17 GMT+0800 (CST) ] {"err":0,"msg":"JRvmRYLQhDis2EGwdhCFJSgGhAoyNZSLgm"}
[ Tue Aug 15 2017 16:27:17 GMT+0800 (CST) ] time is 913
[ Tue Aug 15 2017 16:27:17 GMT+0800 (CST) ] {"err":0,"msg":"JZzxCifrgs95QfvQ6VRGuVs3P3eupkECke"}
[ Tue Aug 15 2017 16:27:17 GMT+0800 (CST) ] time is 912
[ Tue Aug 15 2017 16:27:17 GMT+0800 (CST) ] {"err":0,"msg":"JWNFLiMCQXfrgncLEZJyamvkbn1hGYufTg"}
[ Tue Aug 15 2017 16:27:17 GMT+0800 (CST) ] time is 912
[ Tue Aug 15 2017 16:27:17 GMT+0800 (CST) ] {"err":0,"msg":"JR9MTKm1bgeYpGYg6u4qkGSQZn1N25wtEt"}
[ Tue Aug 15 2017 16:27:17 GMT+0800 (CST) ] time is 914
[ Tue Aug 15 2017 16:27:17 GMT+0800 (CST) ] {"err":0,"msg":"JNMeTSGSMcDL7VgrKHiuet4LFZnYHuyBXN"}
[ Tue Aug 15 2017 16:27:17 GMT+0800 (CST) ] {"err":0,"msg":"Jh97CYMURp63y68d8kPcFpzZopTjnprd7x"}
[ Tue Aug 15 2017 16:27:17 GMT+0800 (CST) ] time is 914
[ Tue Aug 15 2017 16:27:17 GMT+0800 (CST) ] time is 913
[ Tue Aug 15 2017 16:27:17 GMT+0800 (CST) ] {"err":0,"msg":"JfNkFM87MpAWA4ZWjB5yEZ43Bdo7oS18Ms"}
[ Tue Aug 15 2017 16:27:17 GMT+0800 (CST) ] time is 913
[ Tue Aug 15 2017 16:27:17 GMT+0800 (CST) ] {"err":0,"msg":"Jbv8Ee8GwyWa2KmbH5PKSSsSphb2bNHewd"}
[ Tue Aug 15 2017 16:27:17 GMT+0800 (CST) ] time is 915
[ Tue Aug 15 2017 16:27:17 GMT+0800 (CST) ] {"err":0,"msg":"JLpvSxSBsJBU2thzRhPxj9tegjoYnNpMDB"}
[ Tue Aug 15 2017 16:27:17 GMT+0800 (CST) ] time is 915
[ Tue Aug 15 2017 16:27:17 GMT+0800 (CST) ] {"err":0,"msg":"JQ1A5sPBe6EmkGpq5yHWEZDJsmYL3mZNer"}
[ Tue Aug 15 2017 16:27:17 GMT+0800 (CST) ] time is 914
[ Tue Aug 15 2017 16:27:17 GMT+0800 (CST) ] {"err":0,"msg":"JMD4V2QFfp2Zz81NszU6W4SfZX2x3Jej8W"}
[ Tue Aug 15 2017 16:27:17 GMT+0800 (CST) ] time is 914
[ Tue Aug 15 2017 16:27:17 GMT+0800 (CST) ] {"err":0,"msg":"JM3dCAceiKNS4rKtM8phohakyunZ8Tw9yj"}
[ Tue Aug 15 2017 16:27:17 GMT+0800 (CST) ] time is 916
[ Tue Aug 15 2017 16:27:17 GMT+0800 (CST) ] {"err":0,"msg":"JaRRsgQ1q4Hdk63tM6E5nmxqhWepUKkk9v"}
[ Tue Aug 15 2017 16:27:17 GMT+0800 (CST) ] time is 916
[ Tue Aug 15 2017 16:27:17 GMT+0800 (CST) ] {"err":0,"msg":"JXoJsGpDfMgH7n4wTSu5FGJoyR9kjoEnq2"}
[ Tue Aug 15 2017 16:27:17 GMT+0800 (CST) ] time is 915
[ Tue Aug 15 2017 16:27:17 GMT+0800 (CST) ] {"err":0,"msg":"Jf2FfX7ae5rxcq1e1Va7GFLMVVVQigNbVW"}
[ Tue Aug 15 2017 16:27:17 GMT+0800 (CST) ] time is 915
[ Tue Aug 15 2017 16:27:17 GMT+0800 (CST) ] {"err":0,"msg":"JcN7Jc3LujjLoe1WN5xRZFG8RY42FhVLqh"}
[ Tue Aug 15 2017 16:27:17 GMT+0800 (CST) ] time is 917
[ Tue Aug 15 2017 16:27:17 GMT+0800 (CST) ] {"err":0,"msg":"JdiNfb3v1EVTiRgrogdq8gApmhCK1M6FUn"}
[ Tue Aug 15 2017 16:27:17 GMT+0800 (CST) ] time is 917
[ Tue Aug 15 2017 16:27:17 GMT+0800 (CST) ] {"err":0,"msg":"JXtfWxvrk4KCp56rZJWKR9hLku9rZDke3j"}
[ Tue Aug 15 2017 16:27:17 GMT+0800 (CST) ] time is 916
[ Tue Aug 15 2017 16:27:17 GMT+0800 (CST) ] {"err":0,"msg":"JagGbLJSTAg7HXJxM2qpK75Zpknr8FiPTd"}
[ Tue Aug 15 2017 16:27:17 GMT+0800 (CST) ] time is 916
[ Tue Aug 15 2017 16:27:17 GMT+0800 (CST) ] {"err":0,"msg":"JbENTjZnYgatodAbzbANt2iMdguaZV3FQV"}
[ Tue Aug 15 2017 16:27:17 GMT+0800 (CST) ] time is 918
[ Tue Aug 15 2017 16:27:17 GMT+0800 (CST) ] {"err":0,"msg":"JNAzihjNvV2qemJgS4WdHSpHtfp29C5ZAQ"}
[ Tue Aug 15 2017 16:27:17 GMT+0800 (CST) ] time is 918
[ Tue Aug 15 2017 16:27:17 GMT+0800 (CST) ] {"err":0,"msg":"JUxfHCudQLNrTvY8hDTLJXNyNreSGV3Lye"}
[ Tue Aug 15 2017 16:27:17 GMT+0800 (CST) ] time is 917
[ Tue Aug 15 2017 16:27:17 GMT+0800 (CST) ] {"err":0,"msg":"JgRPcsUrzjePe15LMXYmpDCkhoija7QqD4"}
[ Tue Aug 15 2017 16:27:17 GMT+0800 (CST) ] time is 917
[ Tue Aug 15 2017 16:27:17 GMT+0800 (CST) ] {"err":0,"msg":"JUSiFcfWSq9frphkKGnvkpwMoeDaBLtncD"}
[ Tue Aug 15 2017 16:27:18 GMT+0800 (CST) ] time is 919
[ Tue Aug 15 2017 16:27:18 GMT+0800 (CST) ] {"err":0,"msg":"JXh9LpzFTfT6AoFscE3wNUTiiAivfUs8PX"}
[ Tue Aug 15 2017 16:27:18 GMT+0800 (CST) ] time is 918
[ Tue Aug 15 2017 16:27:18 GMT+0800 (CST) ] {"err":0,"msg":"JKPHmxh8W3Lypc1UyGTB7rxCv1ZVYGtvoH"}
[ Tue Aug 15 2017 16:27:18 GMT+0800 (CST) ] time is 919
[ Tue Aug 15 2017 16:27:18 GMT+0800 (CST) ] {"err":0,"msg":"JePMxDgYiSnRe7qibEJ4S2ZiuPt1iyAVN6"}
[ Tue Aug 15 2017 16:27:18 GMT+0800 (CST) ] time is 918
[ Tue Aug 15 2017 16:27:18 GMT+0800 (CST) ] {"err":0,"msg":"JXH5anUGkZ1JGRzUdQSmE1ByxmTpfmaT3F"}
[ Tue Aug 15 2017 16:27:18 GMT+0800 (CST) ] time is 920
[ Tue Aug 15 2017 16:27:18 GMT+0800 (CST) ] {"err":0,"msg":"JL3sUqUKk2TUJwNuEXWJMcwYin2LWsVKEE"}
[ Tue Aug 15 2017 16:27:18 GMT+0800 (CST) ] time is 920
[ Tue Aug 15 2017 16:27:18 GMT+0800 (CST) ] {"err":0,"msg":"JgmSEQC5euTfE7EAjiuoTzH4XAr9B5qers"}
[ Tue Aug 15 2017 16:27:18 GMT+0800 (CST) ] time is 919
[ Tue Aug 15 2017 16:27:18 GMT+0800 (CST) ] {"err":0,"msg":"JMVYg6tdJAExZWfFQ4U2AEjPoYet5vMda3"}
[ Tue Aug 15 2017 16:27:18 GMT+0800 (CST) ] time is 919
[ Tue Aug 15 2017 16:27:18 GMT+0800 (CST) ] {"err":0,"msg":"JVEjySPvmN8aKhB2XhVooG37vhqcDX4vBz"}
[ Tue Aug 15 2017 16:27:18 GMT+0800 (CST) ] time is 921
[ Tue Aug 15 2017 16:27:18 GMT+0800 (CST) ] {"err":0,"msg":"JUgE2eA7MHGSvYYVa3Hpqsk644z6cFZ1Yw"}
[ Tue Aug 15 2017 16:27:18 GMT+0800 (CST) ] time is 921
[ Tue Aug 15 2017 16:27:18 GMT+0800 (CST) ] {"err":0,"msg":"JfzDjup45vfCqf4bFa4MvhUAveH2KshSrn"}
[ Tue Aug 15 2017 16:27:18 GMT+0800 (CST) ] time is 920
[ Tue Aug 15 2017 16:27:18 GMT+0800 (CST) ] {"err":0,"msg":"JN6xEtubsbZKY59zZCLy9hpnjYJ2JkSKP5"}
[ Tue Aug 15 2017 16:27:18 GMT+0800 (CST) ] time is 920
[ Tue Aug 15 2017 16:27:18 GMT+0800 (CST) ] {"err":0,"msg":"JTUTPtfkidHqYDbMXMy32w6cPW3ytmY5Rv"}
[ Tue Aug 15 2017 16:27:18 GMT+0800 (CST) ] time is 922
[ Tue Aug 15 2017 16:27:18 GMT+0800 (CST) ] {"err":0,"msg":"JXhrnMrpTXa8go1jnpgDzBqchkWmiYBQbE"}
[ Tue Aug 15 2017 16:27:18 GMT+0800 (CST) ] time is 922
[ Tue Aug 15 2017 16:27:18 GMT+0800 (CST) ] {"err":0,"msg":"JR3BPf9ZsQe2yAPrwTeThTQEUwpNrNMc2R"}
[ Tue Aug 15 2017 16:27:18 GMT+0800 (CST) ] time is 921
[ Tue Aug 15 2017 16:27:18 GMT+0800 (CST) ] {"err":0,"msg":"JNkGjHuU9RgY8iQnWpjWBaq8kRb2Lde9ta"}
[ Tue Aug 15 2017 16:27:18 GMT+0800 (CST) ] time is 921
[ Tue Aug 15 2017 16:27:18 GMT+0800 (CST) ] {"err":0,"msg":"JUxfNm4eZWfru7jH4Cskf4FayKT2PjGCv8"}
[ Tue Aug 15 2017 16:27:18 GMT+0800 (CST) ] time is 923
[ Tue Aug 15 2017 16:27:18 GMT+0800 (CST) ] {"err":0,"msg":"JKfmg4Pbdn4DVh5J98pWmLAYx26mDoY37q"}
[ Tue Aug 15 2017 16:27:18 GMT+0800 (CST) ] time is 923
[ Tue Aug 15 2017 16:27:18 GMT+0800 (CST) ] {"err":0,"msg":"JXMhnFEpQMpaH1VRPxujCmidzsfpBPxPE8"}
[ Tue Aug 15 2017 16:27:18 GMT+0800 (CST) ] time is 922
[ Tue Aug 15 2017 16:27:18 GMT+0800 (CST) ] {"err":0,"msg":"JcnVY8NHikCttrxnQtFz8atoJQgdftxk9B"}
[ Tue Aug 15 2017 16:27:18 GMT+0800 (CST) ] time is 922
[ Tue Aug 15 2017 16:27:18 GMT+0800 (CST) ] {"err":0,"msg":"JMrfLEnwZwRCgXjxsvfcxwv7gP4DtbfkA9"}
[ Tue Aug 15 2017 16:27:18 GMT+0800 (CST) ] time is 924
[ Tue Aug 15 2017 16:27:18 GMT+0800 (CST) ] {"err":0,"msg":"JKz6rBMnZfmNJWr5zFAjLTY17RL5wVdTpG"}
[ Tue Aug 15 2017 16:27:18 GMT+0800 (CST) ] time is 924
[ Tue Aug 15 2017 16:27:18 GMT+0800 (CST) ] {"err":0,"msg":"JZLaSVHfkKaW5qd3F4UZ3WgmN3WgXnM2qU"}
[ Tue Aug 15 2017 16:27:18 GMT+0800 (CST) ] time is 923
[ Tue Aug 15 2017 16:27:18 GMT+0800 (CST) ] {"err":0,"msg":"JLZdRdrivyiF29YHXDqN9VjWArq4TsrvYv"}
[ Tue Aug 15 2017 16:27:18 GMT+0800 (CST) ] time is 923
[ Tue Aug 15 2017 16:27:18 GMT+0800 (CST) ] {"err":0,"msg":"JTm1fTD3tjnMfmaGbTMgurV8g7QG9vmJoh"}
[ Tue Aug 15 2017 16:27:18 GMT+0800 (CST) ] time is 925
[ Tue Aug 15 2017 16:27:18 GMT+0800 (CST) ] {"err":0,"msg":"JeYDeQxo9i5d7aTpbtSDP9mScAJ2qoRkjM"}
[ Tue Aug 15 2017 16:27:18 GMT+0800 (CST) ] time is 925
[ Tue Aug 15 2017 16:27:18 GMT+0800 (CST) ] {"err":0,"msg":"JgtVoJeN11Rtc2rG7QxXGzQks7hfcwBoPU"}
[ Tue Aug 15 2017 16:27:18 GMT+0800 (CST) ] time is 924
[ Tue Aug 15 2017 16:27:18 GMT+0800 (CST) ] {"err":0,"msg":"Jgov4gYQSXTkLJ9YyqrvpMjAf6yGe9ewNd"}
[ Tue Aug 15 2017 16:27:18 GMT+0800 (CST) ] time is 924
[ Tue Aug 15 2017 16:27:18 GMT+0800 (CST) ] {"err":0,"msg":"JfCqtNQ48P2BRC2qnTHuqyjFkEPrzGzDod"}
[ Tue Aug 15 2017 16:27:18 GMT+0800 (CST) ] time is 926
[ Tue Aug 15 2017 16:27:18 GMT+0800 (CST) ] {"err":0,"msg":"JcwzXPZr6qjxoe9pEDpy3KXQ9BPSC57d3a"}
[ Tue Aug 15 2017 16:27:18 GMT+0800 (CST) ] time is 926
[ Tue Aug 15 2017 16:27:18 GMT+0800 (CST) ] {"err":0,"msg":"JbQnGcZdFvNquDfprH7cTrfN8p4zgjudmY"}
[ Tue Aug 15 2017 16:27:18 GMT+0800 (CST) ] time is 925
[ Tue Aug 15 2017 16:27:18 GMT+0800 (CST) ] {"err":0,"msg":"Jc9FDm3hk4bWmRMzAxinbbtpgkQFvSzPyh"}
[ Tue Aug 15 2017 16:27:18 GMT+0800 (CST) ] time is 925
[ Tue Aug 15 2017 16:27:18 GMT+0800 (CST) ] {"err":0,"msg":"Ja1WGqUMPnWqYayzEne9bKHR9Ew1t9bfAB"}
[ Tue Aug 15 2017 16:27:18 GMT+0800 (CST) ] time is 927
[ Tue Aug 15 2017 16:27:18 GMT+0800 (CST) ] {"err":0,"msg":"JPcsPud944XreiXdb28FM7DZVSdJUvL1Nz"}
[ Tue Aug 15 2017 16:27:18 GMT+0800 (CST) ] time is 927
[ Tue Aug 15 2017 16:27:18 GMT+0800 (CST) ] {"err":0,"msg":"JaczbnReiQeHFDPLzN6UCaUVuDJ8a9TU1r"}
[ Tue Aug 15 2017 16:27:18 GMT+0800 (CST) ] time is 926
[ Tue Aug 15 2017 16:27:18 GMT+0800 (CST) ] {"err":0,"msg":"JWCcxhxMVmHNKzjpt11H9T5DDWyqVzj183"}
[ Tue Aug 15 2017 16:27:18 GMT+0800 (CST) ] time is 926
[ Tue Aug 15 2017 16:27:18 GMT+0800 (CST) ] {"err":0,"msg":"JYGG7vAe3Zn4w2Mavbff6hgnATdSYaVguG"}
[ Tue Aug 15 2017 16:27:18 GMT+0800 (CST) ] time is 928
[ Tue Aug 15 2017 16:27:18 GMT+0800 (CST) ] {"err":0,"msg":"JThXnvdYSVH3XPL3eLasysQwdeCC5uU8ct"}
[ Tue Aug 15 2017 16:27:18 GMT+0800 (CST) ] time is 928
[ Tue Aug 15 2017 16:27:18 GMT+0800 (CST) ] {"err":0,"msg":"JPV4ua9NFsZmjvjkdckacdfM9wJhHYPAri"}
[ Tue Aug 15 2017 16:27:18 GMT+0800 (CST) ] time is 927
[ Tue Aug 15 2017 16:27:18 GMT+0800 (CST) ] {"err":0,"msg":"JKKCUTNrHULGRLE8k3aELGtNedZtKJxqEk"}
[ Tue Aug 15 2017 16:27:18 GMT+0800 (CST) ] time is 927
[ Tue Aug 15 2017 16:27:18 GMT+0800 (CST) ] {"err":0,"msg":"JP8CfHSkPMvW4yU5nFg8zVjt2iBbEvAMkw"}
[ Tue Aug 15 2017 16:27:18 GMT+0800 (CST) ] time is 929
[ Tue Aug 15 2017 16:27:18 GMT+0800 (CST) ] {"err":0,"msg":"JVmAE6CiAqgNP7koajxkYaMfnyHoPGKFew"}
[ Tue Aug 15 2017 16:27:18 GMT+0800 (CST) ] time is 929
[ Tue Aug 15 2017 16:27:18 GMT+0800 (CST) ] {"err":0,"msg":"JWnxgzF2zuZhsXByWzEHfaiKhACiTdYzj1"}
[ Tue Aug 15 2017 16:27:18 GMT+0800 (CST) ] time is 928
[ Tue Aug 15 2017 16:27:18 GMT+0800 (CST) ] {"err":0,"msg":"JPR6yYmM9v15b17e6w2gsBbMB96iZQ3geb"}
[ Tue Aug 15 2017 16:27:18 GMT+0800 (CST) ] time is 928
[ Tue Aug 15 2017 16:27:18 GMT+0800 (CST) ] {"err":0,"msg":"JSY3Sc79iPs8e5WPeuHHrC8nLvHFTJspkh"}
[ Tue Aug 15 2017 16:27:18 GMT+0800 (CST) ] time is 930
[ Tue Aug 15 2017 16:27:18 GMT+0800 (CST) ] {"err":0,"msg":"JKe1vroJ9o6jvfLKmsGzhXPLUQjGvqdYZr"}
[ Tue Aug 15 2017 16:27:18 GMT+0800 (CST) ] time is 930
[ Tue Aug 15 2017 16:27:18 GMT+0800 (CST) ] {"err":0,"msg":"JTxAESqkdEfaF4RsaKUeMvk1Dztee2yBtg"}
[ Tue Aug 15 2017 16:27:18 GMT+0800 (CST) ] time is 929
[ Tue Aug 15 2017 16:27:18 GMT+0800 (CST) ] {"err":0,"msg":"JexQsGNsLthtes6et12mtwVyKTx19G3WC2"}
[ Tue Aug 15 2017 16:27:18 GMT+0800 (CST) ] time is 929
[ Tue Aug 15 2017 16:27:18 GMT+0800 (CST) ] {"err":0,"msg":"JcW1WJzMTGnhdkr4yNu7vAjwXoKMCUGc91"}
[ Tue Aug 15 2017 16:27:18 GMT+0800 (CST) ] time is 931
[ Tue Aug 15 2017 16:27:18 GMT+0800 (CST) ] {"err":0,"msg":"JceCTA6Huffy9UR1yVTTJa5zQSDb6bcTDz"}
[ Tue Aug 15 2017 16:27:18 GMT+0800 (CST) ] time is 931
[ Tue Aug 15 2017 16:27:18 GMT+0800 (CST) ] {"err":0,"msg":"Jd8YVVfhygAvKDPS8SCTwxSoB9HhKZ5tia"}
[ Tue Aug 15 2017 16:27:18 GMT+0800 (CST) ] time is 930
[ Tue Aug 15 2017 16:27:18 GMT+0800 (CST) ] {"err":0,"msg":"JeyHnz8mMJQbL6r5j4DjRBt44j2dzuhwmg"}
[ Tue Aug 15 2017 16:27:18 GMT+0800 (CST) ] time is 930
[ Tue Aug 15 2017 16:27:18 GMT+0800 (CST) ] {"err":0,"msg":"JMf7JTRUeTztch3ZdCp8uQifLL2Nv7e16q"}
[ Tue Aug 15 2017 16:27:18 GMT+0800 (CST) ] {"err":0,"msg":"JdRXkPQQbEBYUdg8rgjmdofU3KkBaPvTnh"}
[ Tue Aug 15 2017 16:27:18 GMT+0800 (CST) ] time is 932
[ Tue Aug 15 2017 16:27:18 GMT+0800 (CST) ] time is 932
[ Tue Aug 15 2017 16:27:18 GMT+0800 (CST) ] {"err":0,"msg":"JPNk8Tzczs4VhqLfyGk8iYPriFA9tg5oTY"}
[ Tue Aug 15 2017 16:27:18 GMT+0800 (CST) ] time is 931
[ Tue Aug 15 2017 16:27:18 GMT+0800 (CST) ] {"err":0,"msg":"JcQWgKx3YfaNY8j4ZLVKvNKWPh4Qit3E5p"}
[ Tue Aug 15 2017 16:27:18 GMT+0800 (CST) ] time is 931
[ Tue Aug 15 2017 16:27:18 GMT+0800 (CST) ] {"err":0,"msg":"JYtjgwLtbqmDKQw1oNXViyBYFPW6mduNdR"}
[ Tue Aug 15 2017 16:27:18 GMT+0800 (CST) ] time is 933
[ Tue Aug 15 2017 16:27:18 GMT+0800 (CST) ] {"err":0,"msg":"JJhh25rvHSRR8HFQHfTcXdXQF2Zf8gmzEJ"}
[ Tue Aug 15 2017 16:27:18 GMT+0800 (CST) ] time is 933
[ Tue Aug 15 2017 16:27:18 GMT+0800 (CST) ] {"err":0,"msg":"JV62v2MgSwmPk6wqhgFtAZPLt7QMwvCSXv"}
[ Tue Aug 15 2017 16:27:18 GMT+0800 (CST) ] time is 932
[ Tue Aug 15 2017 16:27:18 GMT+0800 (CST) ] {"err":0,"msg":"Je5SrK5hi4pz2L6rLWdhJ4QQJPaPz8zdt2"}
[ Tue Aug 15 2017 16:27:18 GMT+0800 (CST) ] time is 932
[ Tue Aug 15 2017 16:27:18 GMT+0800 (CST) ] {"err":0,"msg":"JK9zUx8TAd2af4uKDDYJ8Hu8UT4pyc8TRe"}
[ Tue Aug 15 2017 16:27:18 GMT+0800 (CST) ] time is 934
[ Tue Aug 15 2017 16:27:18 GMT+0800 (CST) ] {"err":0,"msg":"JJkVA3xgLCKrWX1ioGhiJxftscRv4hkcEm"}
[ Tue Aug 15 2017 16:27:18 GMT+0800 (CST) ] time is 934
[ Tue Aug 15 2017 16:27:18 GMT+0800 (CST) ] {"err":0,"msg":"JQUAx7bFx91DSuuXnDsuAvX1PUdjpHAATT"}
[ Tue Aug 15 2017 16:27:18 GMT+0800 (CST) ] time is 933
[ Tue Aug 15 2017 16:27:18 GMT+0800 (CST) ] {"err":0,"msg":"JVjcSwfB5WsrgQsQPPAZaQreVU2ZD6c8oS"}
[ Tue Aug 15 2017 16:27:18 GMT+0800 (CST) ] time is 933
[ Tue Aug 15 2017 16:27:18 GMT+0800 (CST) ] {"err":0,"msg":"JP8uHaecDbFrY7V4GWCAwqZbDyVDGxH5gk"}
[ Tue Aug 15 2017 16:27:18 GMT+0800 (CST) ] time is 935
[ Tue Aug 15 2017 16:27:18 GMT+0800 (CST) ] {"err":0,"msg":"JMTeTDELwp61GX8x9FYvJWFDZLt3WHUWeH"}
[ Tue Aug 15 2017 16:27:18 GMT+0800 (CST) ] time is 935
[ Tue Aug 15 2017 16:27:18 GMT+0800 (CST) ] {"err":0,"msg":"JeHNTRz63k2y73ZXhtsss7CeHsbdJB3L3r"}
[ Tue Aug 15 2017 16:27:18 GMT+0800 (CST) ] time is 934
[ Tue Aug 15 2017 16:27:18 GMT+0800 (CST) ] {"err":0,"msg":"JeSviTjUFaSRiN1HKohbfKmPz4HpjYyZEC"}
[ Tue Aug 15 2017 16:27:18 GMT+0800 (CST) ] time is 934
[ Tue Aug 15 2017 16:27:18 GMT+0800 (CST) ] {"err":0,"msg":"JhmY4W5P2wGjC81ESMxZWtmp4dCPUV35ne"}
[ Tue Aug 15 2017 16:27:18 GMT+0800 (CST) ] time is 936
[ Tue Aug 15 2017 16:27:18 GMT+0800 (CST) ] {"err":0,"msg":"JWnGnwTocCofLykxKf7TCMZFjQM4TqnCqn"}
[ Tue Aug 15 2017 16:27:18 GMT+0800 (CST) ] time is 936
[ Tue Aug 15 2017 16:27:18 GMT+0800 (CST) ] {"err":0,"msg":"JNx835E5Krza5yQF4S6S146CmKxWNjB2bj"}
[ Tue Aug 15 2017 16:27:18 GMT+0800 (CST) ] time is 935
[ Tue Aug 15 2017 16:27:18 GMT+0800 (CST) ] {"err":0,"msg":"JdPfQPoppUWmFUoQqgK8RCKyuR3h2upqbU"}
[ Tue Aug 15 2017 16:27:18 GMT+0800 (CST) ] time is 935
[ Tue Aug 15 2017 16:27:18 GMT+0800 (CST) ] {"err":0,"msg":"JeQkvFCwqRAcPZNCSHiBpB4q3y86ZkccPp"}
[ Tue Aug 15 2017 16:27:18 GMT+0800 (CST) ] time is 937
[ Tue Aug 15 2017 16:27:18 GMT+0800 (CST) ] {"err":0,"msg":"JZPhkAukQD5TiLvBDAjZZJ1excP3far4vz"}
[ Tue Aug 15 2017 16:27:18 GMT+0800 (CST) ] time is 937
[ Tue Aug 15 2017 16:27:18 GMT+0800 (CST) ] {"err":0,"msg":"JTxowKFaccv8LUnFzgc2cAi8UqKz35jv9P"}
[ Tue Aug 15 2017 16:27:19 GMT+0800 (CST) ] time is 936
[ Tue Aug 15 2017 16:27:19 GMT+0800 (CST) ] {"err":0,"msg":"JhPUoi4HQQxoYGK9TwiLwQjPoEKGrHXYfR"}
[ Tue Aug 15 2017 16:27:19 GMT+0800 (CST) ] time is 936
[ Tue Aug 15 2017 16:27:19 GMT+0800 (CST) ] {"err":0,"msg":"JUhk5M3eTf2HmY5UhbYgVbNT9hdqTAgwzr"}
[ Tue Aug 15 2017 16:27:19 GMT+0800 (CST) ] time is 938
[ Tue Aug 15 2017 16:27:19 GMT+0800 (CST) ] {"err":0,"msg":"JVae2hXoukeSGggEQtbJPTAzUukFZeHmoK"}
[ Tue Aug 15 2017 16:27:19 GMT+0800 (CST) ] time is 938
[ Tue Aug 15 2017 16:27:19 GMT+0800 (CST) ] {"err":0,"msg":"JYVDwyFgEWgxQa55jmcEd75aTw4kW8ez2u"}
[ Tue Aug 15 2017 16:27:19 GMT+0800 (CST) ] time is 937
[ Tue Aug 15 2017 16:27:19 GMT+0800 (CST) ] {"err":0,"msg":"JQifzXrupvDT6Ki7oXG525Lo3x2p1uvzwK"}
[ Tue Aug 15 2017 16:27:19 GMT+0800 (CST) ] time is 937
[ Tue Aug 15 2017 16:27:19 GMT+0800 (CST) ] {"err":0,"msg":"JVvvYcTAEtMBy6tPzaqeWRXAf2rCZixpp5"}
[ Tue Aug 15 2017 16:27:19 GMT+0800 (CST) ] time is 939
[ Tue Aug 15 2017 16:27:19 GMT+0800 (CST) ] {"err":0,"msg":"JSvjdMk6cMiCBUeitqjgjGQ6n25UoGuQUj"}
[ Tue Aug 15 2017 16:27:19 GMT+0800 (CST) ] time is 939
[ Tue Aug 15 2017 16:27:19 GMT+0800 (CST) ] {"err":0,"msg":"JX2UgdTZfVb8Ud5YUQZfVQxT9yWLdMD5af"}
[ Tue Aug 15 2017 16:27:19 GMT+0800 (CST) ] time is 938
[ Tue Aug 15 2017 16:27:19 GMT+0800 (CST) ] {"err":0,"msg":"JUDSdpVx3tAw71kwcv61QRA2DRr4ENb2Fk"}
[ Tue Aug 15 2017 16:27:19 GMT+0800 (CST) ] time is 938
[ Tue Aug 15 2017 16:27:19 GMT+0800 (CST) ] {"err":0,"msg":"JR1hCqgA31Cbf7CR9RyY4c7zPbmqhNYH7G"}
[ Tue Aug 15 2017 16:27:19 GMT+0800 (CST) ] time is 940
[ Tue Aug 15 2017 16:27:19 GMT+0800 (CST) ] {"err":0,"msg":"JezJK8N6BBYLfzteF55aouwqyCjv6PA7nk"}
[ Tue Aug 15 2017 16:27:19 GMT+0800 (CST) ] time is 940
[ Tue Aug 15 2017 16:27:19 GMT+0800 (CST) ] {"err":0,"msg":"JLwqchH6s1ZQvkCWKWDdQHyvrCrRo2zahz"}
[ Tue Aug 15 2017 16:27:19 GMT+0800 (CST) ] time is 939
[ Tue Aug 15 2017 16:27:19 GMT+0800 (CST) ] {"err":0,"msg":"Jb4ukdVPuwHQtXhtMPjsYqsci7Q78yLvPn"}
[ Tue Aug 15 2017 16:27:19 GMT+0800 (CST) ] time is 939
[ Tue Aug 15 2017 16:27:19 GMT+0800 (CST) ] {"err":0,"msg":"JSWszAEY2q27hqYXiS3ke6jaE2T4tBmnXo"}
[ Tue Aug 15 2017 16:27:19 GMT+0800 (CST) ] time is 941
[ Tue Aug 15 2017 16:27:19 GMT+0800 (CST) ] {"err":0,"msg":"JSihUfDPTwKvoowGcuppoD7iN9EmWQ7Rhj"}
[ Tue Aug 15 2017 16:27:19 GMT+0800 (CST) ] time is 941
[ Tue Aug 15 2017 16:27:19 GMT+0800 (CST) ] {"err":0,"msg":"JWMz6v1UCm2pEEtNr5BkxNa2dWQFeBuipw"}
[ Tue Aug 15 2017 16:27:19 GMT+0800 (CST) ] time is 940
[ Tue Aug 15 2017 16:27:19 GMT+0800 (CST) ] {"err":0,"msg":"JX1mamxsGx5PJNm9Qpp4Ej8szgDYb3kSZZ"}
[ Tue Aug 15 2017 16:27:19 GMT+0800 (CST) ] time is 940
[ Tue Aug 15 2017 16:27:19 GMT+0800 (CST) ] {"err":0,"msg":"JWEKWYUVWzU7Fspak5v63boCcuju5TnauF"}
[ Tue Aug 15 2017 16:27:19 GMT+0800 (CST) ] time is 942
[ Tue Aug 15 2017 16:27:19 GMT+0800 (CST) ] {"err":0,"msg":"JSpvqqYVSnZEQuwfqqxDXgUMHVKunPuG17"}
[ Tue Aug 15 2017 16:27:19 GMT+0800 (CST) ] time is 942
[ Tue Aug 15 2017 16:27:19 GMT+0800 (CST) ] {"err":0,"msg":"JhaqW6ct3YGM2w93d3XAoTBkknw6rNNusX"}
[ Tue Aug 15 2017 16:27:19 GMT+0800 (CST) ] time is 941
[ Tue Aug 15 2017 16:27:19 GMT+0800 (CST) ] {"err":0,"msg":"JMhrsmJJkz2pKXhYaxdhMMGXfrk27MSp84"}
[ Tue Aug 15 2017 16:27:19 GMT+0800 (CST) ] time is 941
[ Tue Aug 15 2017 16:27:19 GMT+0800 (CST) ] {"err":0,"msg":"JWHEbQwPZmL4LHQ4Lbm4a2cq5LgfvHrXah"}
[ Tue Aug 15 2017 16:27:19 GMT+0800 (CST) ] time is 943
[ Tue Aug 15 2017 16:27:19 GMT+0800 (CST) ] {"err":0,"msg":"JKSKLe67TJ3PGfbyZwVeiijQoQSyBDXmxd"}
[ Tue Aug 15 2017 16:27:19 GMT+0800 (CST) ] time is 943
[ Tue Aug 15 2017 16:27:19 GMT+0800 (CST) ] {"err":0,"msg":"JaAUZftNWJwcRWty2JpQ7x8MUevRuT37tY"}
[ Tue Aug 15 2017 16:27:19 GMT+0800 (CST) ] time is 942
[ Tue Aug 15 2017 16:27:19 GMT+0800 (CST) ] {"err":0,"msg":"JUnHUkT4R3Zyf7uu26JifqnVwUJCzcdrMz"}
[ Tue Aug 15 2017 16:27:19 GMT+0800 (CST) ] time is 942
[ Tue Aug 15 2017 16:27:19 GMT+0800 (CST) ] {"err":0,"msg":"Jg9Pqz3JVobQZV9qsRWFu3FLN58AGVK1C8"}
[ Tue Aug 15 2017 16:27:19 GMT+0800 (CST) ] time is 944
[ Tue Aug 15 2017 16:27:19 GMT+0800 (CST) ] {"err":0,"msg":"JUHJS8vmtQbosY1ocRJbeE2nL9tfxFzQQS"}
[ Tue Aug 15 2017 16:27:19 GMT+0800 (CST) ] time is 944
[ Tue Aug 15 2017 16:27:19 GMT+0800 (CST) ] {"err":0,"msg":"JgxrCh9dM5i2XWwUDUsJMZR6LRbK51oaA5"}
[ Tue Aug 15 2017 16:27:19 GMT+0800 (CST) ] time is 943
[ Tue Aug 15 2017 16:27:19 GMT+0800 (CST) ] {"err":0,"msg":"JYZkDxhJj569jfbXFADdCRZHukfJCL5hwz"}
[ Tue Aug 15 2017 16:27:19 GMT+0800 (CST) ] time is 943
[ Tue Aug 15 2017 16:27:19 GMT+0800 (CST) ] {"err":0,"msg":"JMPHmDQ4soTJ4YAYiFiMkNPhpEdwA3TCwo"}
[ Tue Aug 15 2017 16:27:19 GMT+0800 (CST) ] time is 945
[ Tue Aug 15 2017 16:27:19 GMT+0800 (CST) ] {"err":0,"msg":"Jb3Bb5k7sPWTckEPpmNGQgGuvNPZJu7SHJ"}
[ Tue Aug 15 2017 16:27:19 GMT+0800 (CST) ] time is 945
[ Tue Aug 15 2017 16:27:19 GMT+0800 (CST) ] {"err":0,"msg":"JPKLnoch5sXZ9nLk9RAU9DzCq1ydjXZZmd"}
[ Tue Aug 15 2017 16:27:19 GMT+0800 (CST) ] time is 944
[ Tue Aug 15 2017 16:27:19 GMT+0800 (CST) ] {"err":0,"msg":"JZHDCsuL1NT1hzLzgzpKzafDQNnYZDJNdE"}
[ Tue Aug 15 2017 16:27:19 GMT+0800 (CST) ] time is 944
[ Tue Aug 15 2017 16:27:19 GMT+0800 (CST) ] {"err":0,"msg":"JWGrF1NojrD1hdSFE4gRvnygnhGAa3M4AL"}
[ Tue Aug 15 2017 16:27:19 GMT+0800 (CST) ] time is 946
[ Tue Aug 15 2017 16:27:19 GMT+0800 (CST) ] {"err":0,"msg":"JKrg5TpJzhBCDkJ6m2MT7YXFPv1fessP6f"}
[ Tue Aug 15 2017 16:27:19 GMT+0800 (CST) ] time is 946
[ Tue Aug 15 2017 16:27:19 GMT+0800 (CST) ] {"err":0,"msg":"JawpaiZR4QXMPfHhh5D5QpetfC1gu5gdPq"}
[ Tue Aug 15 2017 16:27:19 GMT+0800 (CST) ] time is 945
[ Tue Aug 15 2017 16:27:19 GMT+0800 (CST) ] {"err":0,"msg":"Ja7cJSyBdcwiKo3xEM192ECyJzDMzhwpq1"}
[ Tue Aug 15 2017 16:27:19 GMT+0800 (CST) ] time is 945
[ Tue Aug 15 2017 16:27:19 GMT+0800 (CST) ] {"err":0,"msg":"JNW16Nw4Avn2qZ3GokYmgHqEcam2boxLgH"}
[ Tue Aug 15 2017 16:27:19 GMT+0800 (CST) ] time is 947
[ Tue Aug 15 2017 16:27:19 GMT+0800 (CST) ] {"err":0,"msg":"JQdexdwKDsQPXiojKf8FU43RaSbzvhhRJm"}
[ Tue Aug 15 2017 16:27:19 GMT+0800 (CST) ] time is 947
[ Tue Aug 15 2017 16:27:19 GMT+0800 (CST) ] {"err":0,"msg":"JeSYhY7Fo68AxT3KxkS7ehc6JXvGQ4qm7c"}
[ Tue Aug 15 2017 16:27:19 GMT+0800 (CST) ] time is 946
[ Tue Aug 15 2017 16:27:19 GMT+0800 (CST) ] {"err":0,"msg":"JPyFH3uFC7qazcAgh8NyuHspg1d2zyVtbB"}
[ Tue Aug 15 2017 16:27:19 GMT+0800 (CST) ] time is 946
[ Tue Aug 15 2017 16:27:19 GMT+0800 (CST) ] {"err":0,"msg":"JZXzMc49rXivqXnuRXohioW9cGJTETjmcw"}
[ Tue Aug 15 2017 16:27:19 GMT+0800 (CST) ] time is 948
[ Tue Aug 15 2017 16:27:19 GMT+0800 (CST) ] {"err":0,"msg":"JKpELN1hfrRaNytGXGSNqWq2EqQ6L7vkdi"}
[ Tue Aug 15 2017 16:27:19 GMT+0800 (CST) ] time is 948
[ Tue Aug 15 2017 16:27:19 GMT+0800 (CST) ] {"err":0,"msg":"JKYhNti7RZTGtXcLVbEo5WE7VSwVrhcpSt"}
[ Tue Aug 15 2017 16:27:19 GMT+0800 (CST) ] time is 947
[ Tue Aug 15 2017 16:27:19 GMT+0800 (CST) ] {"err":0,"msg":"JKf9QL2tu3tNEiYYuz6DveUm46z2Y8V7sA"}
[ Tue Aug 15 2017 16:27:19 GMT+0800 (CST) ] time is 947
[ Tue Aug 15 2017 16:27:19 GMT+0800 (CST) ] {"err":0,"msg":"JWycnQhAhbNS227TbHmxTjT4hZpyQQCoUe"}
[ Tue Aug 15 2017 16:27:19 GMT+0800 (CST) ] time is 949
[ Tue Aug 15 2017 16:27:19 GMT+0800 (CST) ] {"err":0,"msg":"JRkosJMFZBLrgWw3D3dPXPjX94MVFBJt1T"}
[ Tue Aug 15 2017 16:27:19 GMT+0800 (CST) ] time is 949
[ Tue Aug 15 2017 16:27:19 GMT+0800 (CST) ] {"err":0,"msg":"JYju99BaRyyj2ZCYrtYDAVe3iYygs6v3Nn"}
[ Tue Aug 15 2017 16:27:19 GMT+0800 (CST) ] time is 948
[ Tue Aug 15 2017 16:27:19 GMT+0800 (CST) ] {"err":0,"msg":"JKADGxezu97dDEXh26SAGxBZ9SkPyH7wvh"}
[ Tue Aug 15 2017 16:27:19 GMT+0800 (CST) ] time is 948
[ Tue Aug 15 2017 16:27:19 GMT+0800 (CST) ] {"err":0,"msg":"JgEUMhLkgfRhCxop8zh9oBJLbixGs9YdTy"}
[ Tue Aug 15 2017 16:27:19 GMT+0800 (CST) ] time is 950
[ Tue Aug 15 2017 16:27:19 GMT+0800 (CST) ] {"err":0,"msg":"JfKKbXHxjSXS7M9KytqDQcXZX8TkKqVjDb"}
[ Tue Aug 15 2017 16:27:19 GMT+0800 (CST) ] time is 950
[ Tue Aug 15 2017 16:27:19 GMT+0800 (CST) ] {"err":0,"msg":"JaD4nUh4cBveZ61mbetjmtt6a3JeoJ2ojn"}
[ Tue Aug 15 2017 16:27:19 GMT+0800 (CST) ] time is 949
[ Tue Aug 15 2017 16:27:19 GMT+0800 (CST) ] {"err":0,"msg":"JPrV1FF1bccfaesKMfE5otWNgimwkboLUe"}
[ Tue Aug 15 2017 16:27:19 GMT+0800 (CST) ] time is 949
[ Tue Aug 15 2017 16:27:19 GMT+0800 (CST) ] {"err":0,"msg":"JdcNvLxHWnJHFdZnUrbkWeDvBte3CbYDve"}
[ Tue Aug 15 2017 16:27:19 GMT+0800 (CST) ] time is 951
[ Tue Aug 15 2017 16:27:19 GMT+0800 (CST) ] {"err":0,"msg":"JWTdgMUtQxwHt5nw2nu6DKYSf3FUWNVrts"}
[ Tue Aug 15 2017 16:27:19 GMT+0800 (CST) ] time is 951
[ Tue Aug 15 2017 16:27:19 GMT+0800 (CST) ] {"err":0,"msg":"JVfFMdP69EBzz7ddrDuz3T8BGsQtCjhP4f"}
[ Tue Aug 15 2017 16:27:19 GMT+0800 (CST) ] time is 950
[ Tue Aug 15 2017 16:27:19 GMT+0800 (CST) ] {"err":0,"msg":"JRSNfPfiprM967pVirCWkzE2TqynpPwjy9"}
[ Tue Aug 15 2017 16:27:19 GMT+0800 (CST) ] time is 950
[ Tue Aug 15 2017 16:27:19 GMT+0800 (CST) ] {"err":0,"msg":"Jb1XmJ2N85Djsr9dvYU5hoCKRkPX4K9ga4"}
[ Tue Aug 15 2017 16:27:19 GMT+0800 (CST) ] time is 952
[ Tue Aug 15 2017 16:27:19 GMT+0800 (CST) ] {"err":0,"msg":"JYjmUDSgtWGHixSQ5xtvKL9Zx5yyiDFyE9"}
[ Tue Aug 15 2017 16:27:19 GMT+0800 (CST) ] time is 952
[ Tue Aug 15 2017 16:27:19 GMT+0800 (CST) ] {"err":0,"msg":"JcEQczo6tALevsdNhphtvC5T6KBNhEGYFm"}
[ Tue Aug 15 2017 16:27:19 GMT+0800 (CST) ] time is 951
[ Tue Aug 15 2017 16:27:19 GMT+0800 (CST) ] {"err":0,"msg":"JM1Tout6AahTqQf33o2H2kPGeKFqZx8mBh"}
[ Tue Aug 15 2017 16:27:19 GMT+0800 (CST) ] time is 951
[ Tue Aug 15 2017 16:27:19 GMT+0800 (CST) ] {"err":0,"msg":"JPS8J1shj986bwmgPx9aeQJNCSrMYxPyHR"}
[ Tue Aug 15 2017 16:27:19 GMT+0800 (CST) ] time is 953
[ Tue Aug 15 2017 16:27:19 GMT+0800 (CST) ] {"err":0,"msg":"JYjMawDUM7wp1LAcDAfaKef3nNRBhKqZF6"}
[ Tue Aug 15 2017 16:27:19 GMT+0800 (CST) ] time is 953
[ Tue Aug 15 2017 16:27:19 GMT+0800 (CST) ] {"err":0,"msg":"JKNYJn6fytLzUu4BeoMki1sjej4R88arqD"}
[ Tue Aug 15 2017 16:27:19 GMT+0800 (CST) ] time is 952
[ Tue Aug 15 2017 16:27:19 GMT+0800 (CST) ] {"err":0,"msg":"JLL8PPadvhBgEqGhe1KQX71nfrxNzd4Gnc"}
[ Tue Aug 15 2017 16:27:19 GMT+0800 (CST) ] time is 952
[ Tue Aug 15 2017 16:27:19 GMT+0800 (CST) ] {"err":0,"msg":"JgxSEfiFTitLNzkeS6DaAXERSF1Wn2EJ9K"}
[ Tue Aug 15 2017 16:27:19 GMT+0800 (CST) ] time is 954
[ Tue Aug 15 2017 16:27:19 GMT+0800 (CST) ] {"err":0,"msg":"JK6jCj5dkkFbN7oQd6sRXHyosmenedFt4v"}
[ Tue Aug 15 2017 16:27:19 GMT+0800 (CST) ] time is 954
[ Tue Aug 15 2017 16:27:19 GMT+0800 (CST) ] {"err":0,"msg":"JX8b6A6YGLbgwT3UgpufXcvDH2EBedC3YY"}
[ Tue Aug 15 2017 16:27:19 GMT+0800 (CST) ] time is 953
[ Tue Aug 15 2017 16:27:19 GMT+0800 (CST) ] {"err":0,"msg":"JP6WcfcHZ54CZjrXdQeUq8mpmvt7cvaDgn"}
[ Tue Aug 15 2017 16:27:19 GMT+0800 (CST) ] time is 953
[ Tue Aug 15 2017 16:27:19 GMT+0800 (CST) ] {"err":0,"msg":"JZCKc2EEh9e6YY61zsUF2zJzcNKPAot1MG"}
[ Tue Aug 15 2017 16:27:19 GMT+0800 (CST) ] time is 955
[ Tue Aug 15 2017 16:27:19 GMT+0800 (CST) ] {"err":0,"msg":"JLD1nNuXWHCmeQv6nDHKFzeHZWFuRXV2Yx"}
[ Tue Aug 15 2017 16:27:19 GMT+0800 (CST) ] time is 955
[ Tue Aug 15 2017 16:27:19 GMT+0800 (CST) ] {"err":0,"msg":"JSYe2NHpgt2nutugXRzufq8UMSx3THVofo"}
[ Tue Aug 15 2017 16:27:19 GMT+0800 (CST) ] time is 954
[ Tue Aug 15 2017 16:27:19 GMT+0800 (CST) ] {"err":0,"msg":"JbTu8NFH9HaoyKKAtmAWotbgjHGvHs1ZZQ"}
[ Tue Aug 15 2017 16:27:19 GMT+0800 (CST) ] time is 954
[ Tue Aug 15 2017 16:27:19 GMT+0800 (CST) ] {"err":0,"msg":"JXs4VB4eVkGwVVyLUDwoH26pjLxotTWZGk"}
[ Tue Aug 15 2017 16:27:19 GMT+0800 (CST) ] {"err":0,"msg":"JRkB5ufjRRngRB2aiLZnzbWwJHyrn9cRZh"}
[ Tue Aug 15 2017 16:27:19 GMT+0800 (CST) ] time is 956
[ Tue Aug 15 2017 16:27:19 GMT+0800 (CST) ] time is 956
[ Tue Aug 15 2017 16:27:19 GMT+0800 (CST) ] {"err":0,"msg":"Jh6W3KMz8Us889cVMGC2LWVwS85qc3VLxb"}
[ Tue Aug 15 2017 16:27:19 GMT+0800 (CST) ] time is 955
[ Tue Aug 15 2017 16:27:19 GMT+0800 (CST) ] {"err":0,"msg":"JWYvaMiYXerCDXY4ry54qskodM3wCUdjdb"}
[ Tue Aug 15 2017 16:27:20 GMT+0800 (CST) ] time is 955
[ Tue Aug 15 2017 16:27:20 GMT+0800 (CST) ] {"err":0,"msg":"JhCtPBxF2V95PbbYGJRQVqTSuUuLYquJjD"}
[ Tue Aug 15 2017 16:27:20 GMT+0800 (CST) ] time is 957
[ Tue Aug 15 2017 16:27:20 GMT+0800 (CST) ] {"err":0,"msg":"JQeZn8tvVibzqnfaXmVxkKy6SHJZkPHAMr"}
[ Tue Aug 15 2017 16:27:20 GMT+0800 (CST) ] time is 957
[ Tue Aug 15 2017 16:27:20 GMT+0800 (CST) ] {"err":0,"msg":"JYpR6YFTQGJpYKDDcgg6aGTB8MK5cWd9W3"}
[ Tue Aug 15 2017 16:27:20 GMT+0800 (CST) ] {"err":0,"msg":"JU6YfdANgcfiiwamyyYGX7TLLvR6B5YgkW"}
[ Tue Aug 15 2017 16:27:20 GMT+0800 (CST) ] time is 956
[ Tue Aug 15 2017 16:27:20 GMT+0800 (CST) ] time is 956
[ Tue Aug 15 2017 16:27:20 GMT+0800 (CST) ] {"err":0,"msg":"JKH9dJetSrK4S6q9XeGrF3Hmosjd2fegoE"}
[ Tue Aug 15 2017 16:27:20 GMT+0800 (CST) ] time is 958
[ Tue Aug 15 2017 16:27:20 GMT+0800 (CST) ] {"err":0,"msg":"JTCFqYQAU7cqJvKtS6RGUTh7uLWB2hxxcP"}
[ Tue Aug 15 2017 16:27:20 GMT+0800 (CST) ] time is 958
[ Tue Aug 15 2017 16:27:20 GMT+0800 (CST) ] {"err":0,"msg":"JdvXKcyZG9oWnfhwHdKtyArMVaWoBipBnY"}
[ Tue Aug 15 2017 16:27:20 GMT+0800 (CST) ] time is 957
[ Tue Aug 15 2017 16:27:20 GMT+0800 (CST) ] {"err":0,"msg":"JKp1JeDYVn657pxKeQAM4xAHFXDto2Lvyb"}
[ Tue Aug 15 2017 16:27:20 GMT+0800 (CST) ] time is 957
[ Tue Aug 15 2017 16:27:20 GMT+0800 (CST) ] {"err":0,"msg":"JYFG3hT26oBTsRkkGBnKdLSGafutKMkW5e"}
[ Tue Aug 15 2017 16:27:20 GMT+0800 (CST) ] time is 959
[ Tue Aug 15 2017 16:27:20 GMT+0800 (CST) ] {"err":0,"msg":"JgHuymXmdEhwpyVA7pK24oRtwyvb6nGB3B"}
[ Tue Aug 15 2017 16:27:20 GMT+0800 (CST) ] time is 959
[ Tue Aug 15 2017 16:27:20 GMT+0800 (CST) ] {"err":0,"msg":"JKZTHbJFLFShV5JZBhYVLydbYrgSAxtq2P"}
[ Tue Aug 15 2017 16:27:20 GMT+0800 (CST) ] time is 958
[ Tue Aug 15 2017 16:27:20 GMT+0800 (CST) ] {"err":0,"msg":"JZaVPR7yiQkteX6eesGth4fyVwxy9GcPUX"}
[ Tue Aug 15 2017 16:27:20 GMT+0800 (CST) ] time is 958
[ Tue Aug 15 2017 16:27:20 GMT+0800 (CST) ] {"err":0,"msg":"JcyNrbpRoNFcVmpy2Mwdma89fTifMKmjUA"}
[ Tue Aug 15 2017 16:27:20 GMT+0800 (CST) ] time is 960
[ Tue Aug 15 2017 16:27:20 GMT+0800 (CST) ] {"err":0,"msg":"JguUZeNzyxQMYRE7HVdjvq4vdFNNdUChmH"}
[ Tue Aug 15 2017 16:27:20 GMT+0800 (CST) ] time is 960
[ Tue Aug 15 2017 16:27:20 GMT+0800 (CST) ] {"err":0,"msg":"JcYbtdLzmXYXVes5NA7nVec93XMwPnGwmd"}
[ Tue Aug 15 2017 16:27:20 GMT+0800 (CST) ] time is 959
[ Tue Aug 15 2017 16:27:20 GMT+0800 (CST) ] {"err":0,"msg":"JTbBUYMAWaJhySkDDtNjfwikLWs9x6vqZX"}
[ Tue Aug 15 2017 16:27:20 GMT+0800 (CST) ] {"err":0,"msg":"JTC7GB5dBsPAKvuLaXGN1hok6jkDbLcu8L"}
[ Tue Aug 15 2017 16:27:20 GMT+0800 (CST) ] time is 959
[ Tue Aug 15 2017 16:27:20 GMT+0800 (CST) ] time is 961
[ Tue Aug 15 2017 16:27:20 GMT+0800 (CST) ] {"err":0,"msg":"JLKazAfWKFXuvLF6uNEyE1wJ8MqKeLpLGq"}
[ Tue Aug 15 2017 16:27:20 GMT+0800 (CST) ] time is 961
[ Tue Aug 15 2017 16:27:20 GMT+0800 (CST) ] {"err":0,"msg":"JdSQ94pZD356SF1nDhLc4aH5CuVbm9hM7m"}
[ Tue Aug 15 2017 16:27:20 GMT+0800 (CST) ] time is 960
[ Tue Aug 15 2017 16:27:20 GMT+0800 (CST) ] {"err":0,"msg":"JhNaz9EN15o3dVB3KMETd9JUqXJZVNR16D"}
[ Tue Aug 15 2017 16:27:20 GMT+0800 (CST) ] time is 960
[ Tue Aug 15 2017 16:27:20 GMT+0800 (CST) ] {"err":0,"msg":"JazUNmW7BuykH6iCxnc8TuD7eoFF9Dviq3"}
[ Tue Aug 15 2017 16:27:20 GMT+0800 (CST) ] time is 962
[ Tue Aug 15 2017 16:27:20 GMT+0800 (CST) ] {"err":0,"msg":"JJymCCob8AHGJjojxsJyvo7VDy4Qodcszt"}
[ Tue Aug 15 2017 16:27:20 GMT+0800 (CST) ] time is 962
[ Tue Aug 15 2017 16:27:20 GMT+0800 (CST) ] {"err":0,"msg":"JgoU63myTvGp6pfFaB8E8WrQfYoErhH9bk"}
[ Tue Aug 15 2017 16:27:20 GMT+0800 (CST) ] time is 961
[ Tue Aug 15 2017 16:27:20 GMT+0800 (CST) ] {"err":0,"msg":"JN9cwkbfeVDpw9gKuts8NX819HWDfazmRH"}
[ Tue Aug 15 2017 16:27:20 GMT+0800 (CST) ] time is 961
[ Tue Aug 15 2017 16:27:20 GMT+0800 (CST) ] {"err":0,"msg":"JbZ76XCAY82fLMNssEctLqWjQiWxKJYZW5"}
[ Tue Aug 15 2017 16:27:20 GMT+0800 (CST) ] time is 963
[ Tue Aug 15 2017 16:27:20 GMT+0800 (CST) ] {"err":0,"msg":"JJZ3bePhQfKeaFr8V4xfM632d6BLQLJBJn"}
[ Tue Aug 15 2017 16:27:20 GMT+0800 (CST) ] time is 963
[ Tue Aug 15 2017 16:27:20 GMT+0800 (CST) ] {"err":0,"msg":"JPcufS1B61tgBxBW3TqX64kyLVhxvvxSEj"}
[ Tue Aug 15 2017 16:27:20 GMT+0800 (CST) ] time is 962
[ Tue Aug 15 2017 16:27:20 GMT+0800 (CST) ] {"err":0,"msg":"JaHnys4EgYAHYta8pSGSnN8Jfw8suRM3Hm"}
[ Tue Aug 15 2017 16:27:20 GMT+0800 (CST) ] time is 964
[ Tue Aug 15 2017 16:27:20 GMT+0800 (CST) ] {"err":0,"msg":"Jf8qtGDpWpEmGSuFwrxLu6c636x9NoDeuw"}
[ Tue Aug 15 2017 16:27:20 GMT+0800 (CST) ] time is 962
[ Tue Aug 15 2017 16:27:20 GMT+0800 (CST) ] {"err":0,"msg":"JXYZaMYUdcyExmUFPHnTMYJc88gz3iyVvU"}
[ Tue Aug 15 2017 16:27:20 GMT+0800 (CST) ] time is 964
[ Tue Aug 15 2017 16:27:20 GMT+0800 (CST) ] {"err":0,"msg":"JVJsDDkiQK4QyjJEkAirBq5qze4b7H8Do4"}
[ Tue Aug 15 2017 16:27:20 GMT+0800 (CST) ] time is 963
[ Tue Aug 15 2017 16:27:20 GMT+0800 (CST) ] {"err":0,"msg":"Jd8D281f53NvL8kCJCYvU4YtxhoAVsD8Qw"}
[ Tue Aug 15 2017 16:27:20 GMT+0800 (CST) ] time is 965
[ Tue Aug 15 2017 16:27:20 GMT+0800 (CST) ] {"err":0,"msg":"JbqaoZTyHX6vt8XMne4mSAS9p18PrB8KHT"}
[ Tue Aug 15 2017 16:27:20 GMT+0800 (CST) ] time is 963
[ Tue Aug 15 2017 16:27:20 GMT+0800 (CST) ] {"err":0,"msg":"JdASsnzLAsaEr1dw6eWBi7J8A5EXavAMtE"}
[ Tue Aug 15 2017 16:27:20 GMT+0800 (CST) ] time is 965
[ Tue Aug 15 2017 16:27:20 GMT+0800 (CST) ] {"err":0,"msg":"JSEwhEWYhziEoo5otrkjj58EnYKxQ35wrU"}
[ Tue Aug 15 2017 16:27:20 GMT+0800 (CST) ] time is 964
[ Tue Aug 15 2017 16:27:20 GMT+0800 (CST) ] {"err":0,"msg":"JLakHhMrsiAteP4JRqKyRvkv7uPKFRqbSZ"}
[ Tue Aug 15 2017 16:27:20 GMT+0800 (CST) ] time is 966
[ Tue Aug 15 2017 16:27:20 GMT+0800 (CST) ] {"err":0,"msg":"JVErneBb4nZ1jCd9MsPdZ9moWHSYYVk9gP"}
[ Tue Aug 15 2017 16:27:20 GMT+0800 (CST) ] time is 964
[ Tue Aug 15 2017 16:27:20 GMT+0800 (CST) ] {"err":0,"msg":"JgxLD4ygVAnmhkwWQXHjtCbBZdCzhbX2pn"}
[ Tue Aug 15 2017 16:27:20 GMT+0800 (CST) ] time is 966
[ Tue Aug 15 2017 16:27:20 GMT+0800 (CST) ] {"err":0,"msg":"Ja2Atg2r3rHAAzw9FncZcov3ebaNV7Eeoe"}
[ Tue Aug 15 2017 16:27:20 GMT+0800 (CST) ] time is 965
[ Tue Aug 15 2017 16:27:20 GMT+0800 (CST) ] {"err":0,"msg":"JdWqtNJ2FQvQo42XVaGiUVYES4H9pAD8kk"}
[ Tue Aug 15 2017 16:27:20 GMT+0800 (CST) ] time is 967
[ Tue Aug 15 2017 16:27:20 GMT+0800 (CST) ] {"err":0,"msg":"JLQbkdEbn7sM6mn6EozN8BaHpgbxNHJznp"}
[ Tue Aug 15 2017 16:27:20 GMT+0800 (CST) ] time is 965
[ Tue Aug 15 2017 16:27:20 GMT+0800 (CST) ] {"err":0,"msg":"JMVK29oCjXKYnc3xbWQYxvCLVBaWiWf6SA"}
[ Tue Aug 15 2017 16:27:20 GMT+0800 (CST) ] time is 967
[ Tue Aug 15 2017 16:27:20 GMT+0800 (CST) ] {"err":0,"msg":"JVpwXqvKMAitpQ8To9zsKeza6TWpvnkFck"}
[ Tue Aug 15 2017 16:27:20 GMT+0800 (CST) ] time is 966
[ Tue Aug 15 2017 16:27:20 GMT+0800 (CST) ] {"err":0,"msg":"JXgvVGtRKeMTzNdtF2ivhiw4WBQpzZTfbM"}
[ Tue Aug 15 2017 16:27:20 GMT+0800 (CST) ] time is 968
[ Tue Aug 15 2017 16:27:20 GMT+0800 (CST) ] {"err":0,"msg":"JZuHbK8ox6PkUdtDpUVysFwQ8YYqMMbdCh"}
[ Tue Aug 15 2017 16:27:20 GMT+0800 (CST) ] time is 966
[ Tue Aug 15 2017 16:27:20 GMT+0800 (CST) ] {"err":0,"msg":"JV3Uk51bhBfatwrkTo3dDzGju2kuWLZSXS"}
[ Tue Aug 15 2017 16:27:20 GMT+0800 (CST) ] time is 968
[ Tue Aug 15 2017 16:27:20 GMT+0800 (CST) ] {"err":0,"msg":"JPGMHtiUJgooakY77U3YvZWGaWvgCEPkvJ"}
[ Tue Aug 15 2017 16:27:20 GMT+0800 (CST) ] time is 967
[ Tue Aug 15 2017 16:27:20 GMT+0800 (CST) ] {"err":0,"msg":"JTYJmKcr9S6qYpEAXFvw7tx6VBPcDXvA9E"}
[ Tue Aug 15 2017 16:27:20 GMT+0800 (CST) ] time is 969
[ Tue Aug 15 2017 16:27:20 GMT+0800 (CST) ] {"err":0,"msg":"JfgwXvHik6dNLitvVnUoAWGddV5ihgaGtW"}
[ Tue Aug 15 2017 16:27:20 GMT+0800 (CST) ] time is 967
[ Tue Aug 15 2017 16:27:20 GMT+0800 (CST) ] {"err":0,"msg":"JTiYPxdPoWaKQ12uwQZaZQLLoYsRW7wFQq"}
[ Tue Aug 15 2017 16:27:20 GMT+0800 (CST) ] time is 969
[ Tue Aug 15 2017 16:27:20 GMT+0800 (CST) ] {"err":0,"msg":"JbJyGXavkN3NiTg49HyygzrbRy1sm15gyw"}
[ Tue Aug 15 2017 16:27:20 GMT+0800 (CST) ] time is 968
[ Tue Aug 15 2017 16:27:20 GMT+0800 (CST) ] {"err":0,"msg":"JMBJPGco9Lm9WVQLa8FqjaupTdhJFraWh7"}
[ Tue Aug 15 2017 16:27:20 GMT+0800 (CST) ] time is 970
[ Tue Aug 15 2017 16:27:20 GMT+0800 (CST) ] {"err":0,"msg":"JPKkEfJGzj52EgYskfSMLuQbaD6gAydMAM"}
[ Tue Aug 15 2017 16:27:20 GMT+0800 (CST) ] time is 968
[ Tue Aug 15 2017 16:27:20 GMT+0800 (CST) ] {"err":0,"msg":"JSikALZJpRTMMoEcVMtzrwLihZ3cAgH1XU"}
[ Tue Aug 15 2017 16:27:20 GMT+0800 (CST) ] time is 970
[ Tue Aug 15 2017 16:27:20 GMT+0800 (CST) ] {"err":0,"msg":"JXUFpeuFSnFuPz1feg1zbRTHqSEqkKNMez"}
[ Tue Aug 15 2017 16:27:20 GMT+0800 (CST) ] time is 969
[ Tue Aug 15 2017 16:27:20 GMT+0800 (CST) ] {"err":0,"msg":"JUkK1uCwgyXBin1HM6VayE2ckuWhVQGpee"}
[ Tue Aug 15 2017 16:27:20 GMT+0800 (CST) ] time is 971
[ Tue Aug 15 2017 16:27:20 GMT+0800 (CST) ] {"err":0,"msg":"JfLb6v3uqKbviPViujQUDdJgxFx9SBC2ex"}
[ Tue Aug 15 2017 16:27:20 GMT+0800 (CST) ] time is 969
[ Tue Aug 15 2017 16:27:20 GMT+0800 (CST) ] {"err":0,"msg":"JQFS8GzdSHbqETfKarFPCi8CMSqkt9ToHH"}
[ Tue Aug 15 2017 16:27:20 GMT+0800 (CST) ] time is 971
[ Tue Aug 15 2017 16:27:20 GMT+0800 (CST) ] {"err":0,"msg":"JZ9DtQpxg4v3bsGJbFFd1jQCTxpfDeRNpN"}
[ Tue Aug 15 2017 16:27:20 GMT+0800 (CST) ] time is 970
[ Tue Aug 15 2017 16:27:20 GMT+0800 (CST) ] {"err":0,"msg":"JZFLdtUHxKJkRMwS1TGe3gyVjDJ1ET8mFk"}
[ Tue Aug 15 2017 16:27:20 GMT+0800 (CST) ] time is 972
[ Tue Aug 15 2017 16:27:20 GMT+0800 (CST) ] {"err":0,"msg":"JbiaWzCsYCrkSwt62tHjozD5GHNMdDCpUB"}
[ Tue Aug 15 2017 16:27:20 GMT+0800 (CST) ] {"err":0,"msg":"JV4RGJWoD13je8SBMpZsbVQjmCjDc97beP"}
[ Tue Aug 15 2017 16:27:20 GMT+0800 (CST) ] time is 970
[ Tue Aug 15 2017 16:27:20 GMT+0800 (CST) ] time is 972
[ Tue Aug 15 2017 16:27:20 GMT+0800 (CST) ] {"err":0,"msg":"JWZ4BY5HkFF3sxnGPyfzJ9HsYwV87HJFJD"}
[ Tue Aug 15 2017 16:27:20 GMT+0800 (CST) ] time is 973
[ Tue Aug 15 2017 16:27:20 GMT+0800 (CST) ] {"err":0,"msg":"JdGGhcH4G8sNeGZMTAvdVeWvY4rctmt7Ef"}
[ Tue Aug 15 2017 16:27:20 GMT+0800 (CST) ] time is 971
[ Tue Aug 15 2017 16:27:20 GMT+0800 (CST) ] {"err":0,"msg":"JKbood8rpSgsPgf7SYL2b2xvMWbYc9aJc3"}
[ Tue Aug 15 2017 16:27:20 GMT+0800 (CST) ] time is 971
[ Tue Aug 15 2017 16:27:20 GMT+0800 (CST) ] {"err":0,"msg":"JfC79jR5ngymf53ewZ5nc5M7FPWeezEV7W"}
[ Tue Aug 15 2017 16:27:20 GMT+0800 (CST) ] time is 973
[ Tue Aug 15 2017 16:27:20 GMT+0800 (CST) ] {"err":0,"msg":"JM2yUT8uTvdsbGMYUxFE4pXDhaDjsuW8hf"}
[ Tue Aug 15 2017 16:27:20 GMT+0800 (CST) ] time is 974
[ Tue Aug 15 2017 16:27:20 GMT+0800 (CST) ] {"err":0,"msg":"JfzUkKoby5PWGCGG8kwATUVVNys8RBf7Wk"}
[ Tue Aug 15 2017 16:27:20 GMT+0800 (CST) ] time is 972
[ Tue Aug 15 2017 16:27:20 GMT+0800 (CST) ] {"err":0,"msg":"JcaP7qR7uvswUrKyjK44Kuk8ZFePtqdZ5s"}
[ Tue Aug 15 2017 16:27:20 GMT+0800 (CST) ] time is 972
[ Tue Aug 15 2017 16:27:20 GMT+0800 (CST) ] {"err":0,"msg":"JU6HwCwpsiSDpEXLvX9XCyZpC1GydWTfb4"}
[ Tue Aug 15 2017 16:27:20 GMT+0800 (CST) ] time is 974
[ Tue Aug 15 2017 16:27:20 GMT+0800 (CST) ] {"err":0,"msg":"JYqX5tmZfWASFEjFiinzH6342SuKENuBcK"}
[ Tue Aug 15 2017 16:27:20 GMT+0800 (CST) ] time is 975
[ Tue Aug 15 2017 16:27:20 GMT+0800 (CST) ] {"err":0,"msg":"JKz3yz5gzYdVFEawr3p96dKyFnzYj33Erk"}
[ Tue Aug 15 2017 16:27:20 GMT+0800 (CST) ] time is 973
[ Tue Aug 15 2017 16:27:20 GMT+0800 (CST) ] {"err":0,"msg":"JWDSykksgWpg91Q6qECgwJXPTQdzs75qhV"}
[ Tue Aug 15 2017 16:27:20 GMT+0800 (CST) ] time is 973
[ Tue Aug 15 2017 16:27:20 GMT+0800 (CST) ] {"err":0,"msg":"JdWFm9qfwVsyguYmx1KQSUFMx7fMFxpxjR"}
[ Tue Aug 15 2017 16:27:20 GMT+0800 (CST) ] time is 975
[ Tue Aug 15 2017 16:27:20 GMT+0800 (CST) ] {"err":0,"msg":"JKXN5jV99kGrzMrmizZwo685qj887NrCyb"}
[ Tue Aug 15 2017 16:27:20 GMT+0800 (CST) ] time is 976
[ Tue Aug 15 2017 16:27:20 GMT+0800 (CST) ] {"err":0,"msg":"JPG7igqfj8fNNckXGo5tsFUu6hwbVbZLhi"}
[ Tue Aug 15 2017 16:27:20 GMT+0800 (CST) ] time is 974
[ Tue Aug 15 2017 16:27:20 GMT+0800 (CST) ] {"err":0,"msg":"JMVhb3BgouXG7X47KrQ82itVWQLUwEXT8Y"}
[ Tue Aug 15 2017 16:27:20 GMT+0800 (CST) ] time is 974
[ Tue Aug 15 2017 16:27:20 GMT+0800 (CST) ] {"err":0,"msg":"JV6LWFHTzMZ98H8MgAxKkgyL6THUcop1cr"}
[ Tue Aug 15 2017 16:27:20 GMT+0800 (CST) ] time is 976
[ Tue Aug 15 2017 16:27:20 GMT+0800 (CST) ] {"err":0,"msg":"JYSWR5qxTPSVpf1r6R59XLkH5CJBPPXK4r"}
[ Tue Aug 15 2017 16:27:20 GMT+0800 (CST) ] time is 977
[ Tue Aug 15 2017 16:27:20 GMT+0800 (CST) ] {"err":0,"msg":"JckWa1SAryJm7KeFogoEBqjuEFd99EmCg2"}
[ Tue Aug 15 2017 16:27:20 GMT+0800 (CST) ] time is 975
[ Tue Aug 15 2017 16:27:20 GMT+0800 (CST) ] {"err":0,"msg":"JVs4WzRzFNusFcUnMpAJpaMshHRqVwHUuX"}
[ Tue Aug 15 2017 16:27:21 GMT+0800 (CST) ] time is 975
[ Tue Aug 15 2017 16:27:21 GMT+0800 (CST) ] {"err":0,"msg":"JcNqQUtqptvBJaWPnTtL22gF83hnw5ZKqG"}
[ Tue Aug 15 2017 16:27:21 GMT+0800 (CST) ] time is 977
[ Tue Aug 15 2017 16:27:21 GMT+0800 (CST) ] {"err":0,"msg":"JRHJDjNCyBmvegrZobjRzVTZ7U5Sz5WHLJ"}
[ Tue Aug 15 2017 16:27:21 GMT+0800 (CST) ] time is 976
[ Tue Aug 15 2017 16:27:21 GMT+0800 (CST) ] {"err":0,"msg":"JLaU6AyghKPVBGqEBrVeetnZTn2ZWeEuQd"}
[ Tue Aug 15 2017 16:27:21 GMT+0800 (CST) ] time is 978
[ Tue Aug 15 2017 16:27:21 GMT+0800 (CST) ] {"err":0,"msg":"JTGRDPF3Est67cgEGLeHx1b75DKqufJsJ5"}
[ Tue Aug 15 2017 16:27:21 GMT+0800 (CST) ] time is 976
[ Tue Aug 15 2017 16:27:21 GMT+0800 (CST) ] {"err":0,"msg":"JPFAU7B3ggkmxYFA2bqTiha24wX55g218r"}
[ Tue Aug 15 2017 16:27:21 GMT+0800 (CST) ] time is 978
[ Tue Aug 15 2017 16:27:21 GMT+0800 (CST) ] {"err":0,"msg":"JRgeSTcrUCMH3MmoB7T1LgEooFaBhd8qq5"}
[ Tue Aug 15 2017 16:27:21 GMT+0800 (CST) ] time is 979
[ Tue Aug 15 2017 16:27:21 GMT+0800 (CST) ] {"err":0,"msg":"JY8nPGM1bSSMbe5eqLqCwg1vEXURffSUhP"}
[ Tue Aug 15 2017 16:27:21 GMT+0800 (CST) ] time is 977
[ Tue Aug 15 2017 16:27:21 GMT+0800 (CST) ] {"err":0,"msg":"JR6juMqPqv6ZWZPrZrLiFrFPsAonRtYd7m"}
[ Tue Aug 15 2017 16:27:21 GMT+0800 (CST) ] time is 977
[ Tue Aug 15 2017 16:27:21 GMT+0800 (CST) ] {"err":0,"msg":"JZHyhD3DoW7R92p4bBq26wtoDP7JHTAuJi"}
[ Tue Aug 15 2017 16:27:21 GMT+0800 (CST) ] time is 979
[ Tue Aug 15 2017 16:27:21 GMT+0800 (CST) ] {"err":0,"msg":"JdtxmWY8dG2effiTn3iFxcNT2Ya5jf6i1V"}
[ Tue Aug 15 2017 16:27:21 GMT+0800 (CST) ] time is 980
[ Tue Aug 15 2017 16:27:21 GMT+0800 (CST) ] {"err":0,"msg":"JPVzrkt1ze17uddZogWHEMpbJxJ9FAfcqc"}
[ Tue Aug 15 2017 16:27:21 GMT+0800 (CST) ] time is 978
[ Tue Aug 15 2017 16:27:21 GMT+0800 (CST) ] {"err":0,"msg":"JgBmu5sPHB3LU6WCG9sJnnAAGi5gq3ZmYQ"}
[ Tue Aug 15 2017 16:27:21 GMT+0800 (CST) ] time is 978
[ Tue Aug 15 2017 16:27:21 GMT+0800 (CST) ] {"err":0,"msg":"JMrWUiy7ab4ApQ3FDbXRrP7wioip5RqNgn"}
[ Tue Aug 15 2017 16:27:21 GMT+0800 (CST) ] time is 980
[ Tue Aug 15 2017 16:27:21 GMT+0800 (CST) ] {"err":0,"msg":"JYgKeGnk5bNHeaacXA2jL4V4W8zFA4YSCm"}
[ Tue Aug 15 2017 16:27:21 GMT+0800 (CST) ] time is 981
[ Tue Aug 15 2017 16:27:21 GMT+0800 (CST) ] {"err":0,"msg":"JYPgnFTUbuqx2u9j947WDzh8gfqzkaS1m8"}
[ Tue Aug 15 2017 16:27:21 GMT+0800 (CST) ] time is 979
[ Tue Aug 15 2017 16:27:21 GMT+0800 (CST) ] {"err":0,"msg":"JP8tdT3HrjiWLnAB2dVh37pdZ2WPxp2c2i"}
[ Tue Aug 15 2017 16:27:21 GMT+0800 (CST) ] time is 979
[ Tue Aug 15 2017 16:27:21 GMT+0800 (CST) ] {"err":0,"msg":"JbN7pkQAWmJ3gRvT1WrkentLdJWUCcsiR6"}
[ Tue Aug 15 2017 16:27:21 GMT+0800 (CST) ] time is 981
[ Tue Aug 15 2017 16:27:21 GMT+0800 (CST) ] {"err":0,"msg":"JZ8zidMLvq8kTQBTQw2Xs4hSdLmXDBmYZb"}
[ Tue Aug 15 2017 16:27:21 GMT+0800 (CST) ] time is 982
[ Tue Aug 15 2017 16:27:21 GMT+0800 (CST) ] {"err":0,"msg":"JamPDiSRThw767J4zk11Ag3pNC4YtziBTs"}
[ Tue Aug 15 2017 16:27:21 GMT+0800 (CST) ] time is 980
[ Tue Aug 15 2017 16:27:21 GMT+0800 (CST) ] {"err":0,"msg":"JVDidpoUFAWN9D8UMAPbJKH6foBFG1K7Nm"}
[ Tue Aug 15 2017 16:27:21 GMT+0800 (CST) ] time is 980
[ Tue Aug 15 2017 16:27:21 GMT+0800 (CST) ] {"err":0,"msg":"Jgec1j5eQ8o3WTYQcEEoDc17dFvzto8nJX"}
[ Tue Aug 15 2017 16:27:21 GMT+0800 (CST) ] time is 982
[ Tue Aug 15 2017 16:27:21 GMT+0800 (CST) ] {"err":0,"msg":"JYTMVzPoLtQXRimVCM9tJ5DtRuwmdTy7Gn"}
[ Tue Aug 15 2017 16:27:21 GMT+0800 (CST) ] time is 983
[ Tue Aug 15 2017 16:27:21 GMT+0800 (CST) ] {"err":0,"msg":"JbpXCyRf4ugHYCVVNmX5N2P7Rj652yzQGy"}
[ Tue Aug 15 2017 16:27:21 GMT+0800 (CST) ] time is 981
[ Tue Aug 15 2017 16:27:21 GMT+0800 (CST) ] {"err":0,"msg":"JdHmsz64h4iqQPRmjRGDjeCj2cP4hUURhn"}
[ Tue Aug 15 2017 16:27:21 GMT+0800 (CST) ] time is 981
[ Tue Aug 15 2017 16:27:21 GMT+0800 (CST) ] {"err":0,"msg":"JeNzcFW274V4T3rtvtWszDV2A5nScdAbwF"}
[ Tue Aug 15 2017 16:27:21 GMT+0800 (CST) ] time is 983
[ Tue Aug 15 2017 16:27:21 GMT+0800 (CST) ] {"err":0,"msg":"JfmAGgo8Ln3Xa5nwUYV9LwaH3GsPB8ioCK"}
[ Tue Aug 15 2017 16:27:21 GMT+0800 (CST) ] time is 984
[ Tue Aug 15 2017 16:27:21 GMT+0800 (CST) ] {"err":0,"msg":"JViJytCSf8C1J9gm65VBHFEofGebWhCm6j"}
[ Tue Aug 15 2017 16:27:21 GMT+0800 (CST) ] time is 982
[ Tue Aug 15 2017 16:27:21 GMT+0800 (CST) ] {"err":0,"msg":"JYbdjZJGyhCEmShVAmPnqD2CGmBZX8W2Ci"}
[ Tue Aug 15 2017 16:27:21 GMT+0800 (CST) ] time is 982
[ Tue Aug 15 2017 16:27:21 GMT+0800 (CST) ] {"err":0,"msg":"JWyng4fKX6E3PAXCPAJuZP84L1cKKTsvpt"}
[ Tue Aug 15 2017 16:27:21 GMT+0800 (CST) ] time is 984
[ Tue Aug 15 2017 16:27:21 GMT+0800 (CST) ] {"err":0,"msg":"JQZwEdV89fL8Puo9Fprb1uJWfhRaG3MtTM"}
[ Tue Aug 15 2017 16:27:21 GMT+0800 (CST) ] time is 985
[ Tue Aug 15 2017 16:27:21 GMT+0800 (CST) ] {"err":0,"msg":"JSv3J1PhqPDb3GNhB6CYj6Po6yBdXWq9FU"}
[ Tue Aug 15 2017 16:27:21 GMT+0800 (CST) ] time is 983
[ Tue Aug 15 2017 16:27:21 GMT+0800 (CST) ] {"err":0,"msg":"Jg8uuRVUoF5HGNqBvFDNJEWSHMh47A3K82"}
[ Tue Aug 15 2017 16:27:21 GMT+0800 (CST) ] time is 983
[ Tue Aug 15 2017 16:27:21 GMT+0800 (CST) ] {"err":0,"msg":"JgmXL8CkoUnG6RBzD2wDdTpxvNmACCA1Ux"}
[ Tue Aug 15 2017 16:27:21 GMT+0800 (CST) ] time is 985
[ Tue Aug 15 2017 16:27:21 GMT+0800 (CST) ] {"err":0,"msg":"JYU7trjAuEBPFVfAEAoj3HoxiuMorLNKrc"}
[ Tue Aug 15 2017 16:27:21 GMT+0800 (CST) ] time is 986
[ Tue Aug 15 2017 16:27:21 GMT+0800 (CST) ] {"err":0,"msg":"JaUquehAurCFyGQLmNAvyU5pXcF3x2vAfc"}
[ Tue Aug 15 2017 16:27:21 GMT+0800 (CST) ] time is 984
[ Tue Aug 15 2017 16:27:21 GMT+0800 (CST) ] {"err":0,"msg":"JbbHHNi2PHy1iAVQtNi576JR1HcVDz5hrw"}
[ Tue Aug 15 2017 16:27:21 GMT+0800 (CST) ] time is 984
[ Tue Aug 15 2017 16:27:21 GMT+0800 (CST) ] {"err":0,"msg":"JYFAyXB5tMhgkU3HNPKqsdhE9NWBwudi1S"}
[ Tue Aug 15 2017 16:27:21 GMT+0800 (CST) ] time is 986
[ Tue Aug 15 2017 16:27:21 GMT+0800 (CST) ] {"err":0,"msg":"JNAaCkXSohHtcVV4aCzkb8tbA8SVFqn7GY"}
[ Tue Aug 15 2017 16:27:21 GMT+0800 (CST) ] time is 987
[ Tue Aug 15 2017 16:27:21 GMT+0800 (CST) ] {"err":0,"msg":"JguhZ3amaxW8qYRSYS7V7XyLZguYaVcL4H"}
[ Tue Aug 15 2017 16:27:21 GMT+0800 (CST) ] time is 985
[ Tue Aug 15 2017 16:27:21 GMT+0800 (CST) ] {"err":0,"msg":"JWSLeJ5yTPPEjLgHH16aLKE9ePR7s8ZNaA"}
[ Tue Aug 15 2017 16:27:21 GMT+0800 (CST) ] time is 985
[ Tue Aug 15 2017 16:27:21 GMT+0800 (CST) ] {"err":0,"msg":"JQACcmFKTUnzBCyWgY63a9YtzNWoNdMzMM"}
[ Tue Aug 15 2017 16:27:21 GMT+0800 (CST) ] time is 987
[ Tue Aug 15 2017 16:27:21 GMT+0800 (CST) ] {"err":0,"msg":"Jh3rf5DhqD9E4xoQFKuETAP5iJyQYKCaw3"}
[ Tue Aug 15 2017 16:27:21 GMT+0800 (CST) ] time is 988
[ Tue Aug 15 2017 16:27:21 GMT+0800 (CST) ] {"err":0,"msg":"JSDDhKpCkenYuSvygstJZrruHFbd2sHSKP"}
[ Tue Aug 15 2017 16:27:21 GMT+0800 (CST) ] time is 986
[ Tue Aug 15 2017 16:27:21 GMT+0800 (CST) ] {"err":0,"msg":"JfCjHCv9vPoWRZJJLFKZBaQoCJvAsbWsPB"}
[ Tue Aug 15 2017 16:27:21 GMT+0800 (CST) ] time is 986
[ Tue Aug 15 2017 16:27:21 GMT+0800 (CST) ] {"err":0,"msg":"JYY8xT9wu7h4LqyDMmVTsEWMkheCMkoRTJ"}
[ Tue Aug 15 2017 16:27:21 GMT+0800 (CST) ] time is 988
[ Tue Aug 15 2017 16:27:21 GMT+0800 (CST) ] {"err":0,"msg":"JRstiamJtZ6PDWLdG1khdqvrZ6gRheeHaz"}
[ Tue Aug 15 2017 16:27:21 GMT+0800 (CST) ] time is 989
[ Tue Aug 15 2017 16:27:21 GMT+0800 (CST) ] {"err":0,"msg":"JQaSJnmBfKyb3q4arCgWML3diiMADXaSMv"}
[ Tue Aug 15 2017 16:27:21 GMT+0800 (CST) ] time is 987
[ Tue Aug 15 2017 16:27:21 GMT+0800 (CST) ] {"err":0,"msg":"JN8MedX4tpm5u4qC8ymy4RDro9Dhg9mQdm"}
[ Tue Aug 15 2017 16:27:21 GMT+0800 (CST) ] time is 987
[ Tue Aug 15 2017 16:27:21 GMT+0800 (CST) ] {"err":0,"msg":"JJvimd5H7QLLUGtYTumMNRqfhvMenSrCri"}
[ Tue Aug 15 2017 16:27:21 GMT+0800 (CST) ] time is 989
[ Tue Aug 15 2017 16:27:21 GMT+0800 (CST) ] {"err":0,"msg":"JRNUP4BaaTAGPYcBBdrGP8phcBPPQ2TB2H"}
[ Tue Aug 15 2017 16:27:21 GMT+0800 (CST) ] time is 990
[ Tue Aug 15 2017 16:27:21 GMT+0800 (CST) ] {"err":0,"msg":"JL4rWkX4Z5F9eVRk9wxScWRzv94f2w7S31"}
[ Tue Aug 15 2017 16:27:21 GMT+0800 (CST) ] time is 988
[ Tue Aug 15 2017 16:27:21 GMT+0800 (CST) ] {"err":0,"msg":"JYSd67z2cmpE7VBo2ShHXTqu2cdPrCqSbi"}
[ Tue Aug 15 2017 16:27:21 GMT+0800 (CST) ] time is 990
[ Tue Aug 15 2017 16:27:21 GMT+0800 (CST) ] {"err":0,"msg":"JeAt3r4j9rCYhg87qzjHznfBKX6x8WWUVL"}
[ Tue Aug 15 2017 16:27:21 GMT+0800 (CST) ] time is 988
[ Tue Aug 15 2017 16:27:21 GMT+0800 (CST) ] {"err":0,"msg":"JQmxHvwpUTeqLyooosteAvsQHQ7BUAVUmi"}
[ Tue Aug 15 2017 16:27:21 GMT+0800 (CST) ] time is 991
[ Tue Aug 15 2017 16:27:21 GMT+0800 (CST) ] {"err":0,"msg":"JVFQ2q5RcmNquRsxo9botwZRUoPf2MABKN"}
[ Tue Aug 15 2017 16:27:21 GMT+0800 (CST) ] time is 989
[ Tue Aug 15 2017 16:27:21 GMT+0800 (CST) ] {"err":0,"msg":"JLXmJo4knT8ZxaMXRvzwQDy1p5CG1PaicR"}
[ Tue Aug 15 2017 16:27:21 GMT+0800 (CST) ] time is 991
[ Tue Aug 15 2017 16:27:21 GMT+0800 (CST) ] {"err":0,"msg":"JK8iQcBUsizYqrpqfHdLe22H6ZTxdjYiN6"}
[ Tue Aug 15 2017 16:27:21 GMT+0800 (CST) ] time is 989
[ Tue Aug 15 2017 16:27:21 GMT+0800 (CST) ] {"err":0,"msg":"JM9GUhgswz9UVu2yAZ5aQGhRtFEwEeKNGE"}
[ Tue Aug 15 2017 16:27:21 GMT+0800 (CST) ] time is 992
[ Tue Aug 15 2017 16:27:21 GMT+0800 (CST) ] {"err":0,"msg":"JYBicAYk39T1rNRt9RZnryFGgz8RuTQa2Y"}
[ Tue Aug 15 2017 16:27:21 GMT+0800 (CST) ] time is 990
[ Tue Aug 15 2017 16:27:21 GMT+0800 (CST) ] {"err":0,"msg":"JfuFtBbKEquib8LufgVCE5SaaGqY2SUeU9"}
[ Tue Aug 15 2017 16:27:21 GMT+0800 (CST) ] time is 992
[ Tue Aug 15 2017 16:27:21 GMT+0800 (CST) ] {"err":0,"msg":"JU7tF7ipp6m5LWVWVPxN3EZmwmk4bTGwhq"}
[ Tue Aug 15 2017 16:27:21 GMT+0800 (CST) ] time is 990
[ Tue Aug 15 2017 16:27:21 GMT+0800 (CST) ] {"err":0,"msg":"JTxMcBb1Pw67HSELDpo7fMsECkW9dNHB9W"}
[ Tue Aug 15 2017 16:27:21 GMT+0800 (CST) ] time is 993
[ Tue Aug 15 2017 16:27:21 GMT+0800 (CST) ] {"err":0,"msg":"JZEKH8FRpR3iKL14guo5sio8enjvTgGHsc"}
[ Tue Aug 15 2017 16:27:21 GMT+0800 (CST) ] time is 991
[ Tue Aug 15 2017 16:27:21 GMT+0800 (CST) ] {"err":0,"msg":"JTiZnWwVBg8g3288n93dyWfi9S3X2R4gax"}
[ Tue Aug 15 2017 16:27:21 GMT+0800 (CST) ] time is 993
[ Tue Aug 15 2017 16:27:21 GMT+0800 (CST) ] {"err":0,"msg":"JfK6MgMjYrwhjUg6Sri1RCceJEDH893qiP"}
[ Tue Aug 15 2017 16:27:21 GMT+0800 (CST) ] time is 991
[ Tue Aug 15 2017 16:27:21 GMT+0800 (CST) ] {"err":0,"msg":"JYgWBkVKwkYvNAD1q8kvCoPy4haENryncb"}
[ Tue Aug 15 2017 16:27:21 GMT+0800 (CST) ] time is 994
[ Tue Aug 15 2017 16:27:21 GMT+0800 (CST) ] {"err":0,"msg":"JeZ8cXSkeRNgicvTff67xshsga9XwwLpEY"}
[ Tue Aug 15 2017 16:27:21 GMT+0800 (CST) ] time is 992
[ Tue Aug 15 2017 16:27:21 GMT+0800 (CST) ] {"err":0,"msg":"JKq8rCh1pHuCkC98C7PnocsFvX4cYdd56i"}
[ Tue Aug 15 2017 16:27:21 GMT+0800 (CST) ] time is 994
[ Tue Aug 15 2017 16:27:21 GMT+0800 (CST) ] {"err":0,"msg":"Jb8zoo5DqX8duwBot3cpjxjjXkWi9BE8ME"}
[ Tue Aug 15 2017 16:27:21 GMT+0800 (CST) ] time is 992
[ Tue Aug 15 2017 16:27:21 GMT+0800 (CST) ] {"err":0,"msg":"JQzoWzbhmfLqw8bunvpGP69FFjwb6HdNCu"}
[ Tue Aug 15 2017 16:27:21 GMT+0800 (CST) ] time is 995
[ Tue Aug 15 2017 16:27:21 GMT+0800 (CST) ] {"err":0,"msg":"JPyU9oNsuJXgBSBvM1WS4MvbwusdB7LZk5"}
[ Tue Aug 15 2017 16:27:21 GMT+0800 (CST) ] time is 993
[ Tue Aug 15 2017 16:27:21 GMT+0800 (CST) ] {"err":0,"msg":"JXaCFNM4TF5dSpQy3URS3qDSMhsDWHN9se"}
[ Tue Aug 15 2017 16:27:21 GMT+0800 (CST) ] time is 995
[ Tue Aug 15 2017 16:27:21 GMT+0800 (CST) ] {"err":0,"msg":"JdGxi4MiHD3Tv7iNTomqTWRQKLs65mAweB"}
[ Tue Aug 15 2017 16:27:21 GMT+0800 (CST) ] time is 993
[ Tue Aug 15 2017 16:27:21 GMT+0800 (CST) ] {"err":0,"msg":"JRjsNz8afpb3FJMUtYW74dwNwrQZfmYWP7"}
[ Tue Aug 15 2017 16:27:21 GMT+0800 (CST) ] time is 996
[ Tue Aug 15 2017 16:27:21 GMT+0800 (CST) ] {"err":0,"msg":"JRB4d1Uko91GH1fkcrCGTR8SDpFr6PadX4"}
[ Tue Aug 15 2017 16:27:22 GMT+0800 (CST) ] time is 994
[ Tue Aug 15 2017 16:27:22 GMT+0800 (CST) ] {"err":0,"msg":"JVBiE9cbZJc9Lp8tAEcfNAqF8sVQXtC7P9"}
[ Tue Aug 15 2017 16:27:22 GMT+0800 (CST) ] time is 996
[ Tue Aug 15 2017 16:27:22 GMT+0800 (CST) ] {"err":0,"msg":"JWw6p7hUAik1jPNbDJVm5ky8JdmgXNNo9o"}
[ Tue Aug 15 2017 16:27:22 GMT+0800 (CST) ] time is 994
[ Tue Aug 15 2017 16:27:22 GMT+0800 (CST) ] {"err":0,"msg":"JSaUct5szFzAtfRJd5bSBr94s39nFkFzbk"}
[ Tue Aug 15 2017 16:27:22 GMT+0800 (CST) ] time is 997
[ Tue Aug 15 2017 16:27:22 GMT+0800 (CST) ] {"err":0,"msg":"Jd5NcWJYyuncgo7kaPBuwacoHrVHxf9dy4"}
[ Tue Aug 15 2017 16:27:22 GMT+0800 (CST) ] time is 995
[ Tue Aug 15 2017 16:27:22 GMT+0800 (CST) ] {"err":0,"msg":"JX8xZHDt9CHHGjebYTJKTH7UdiPZ1wp9dB"}
[ Tue Aug 15 2017 16:27:22 GMT+0800 (CST) ] time is 997
[ Tue Aug 15 2017 16:27:22 GMT+0800 (CST) ] {"err":0,"msg":"JekojDV5WWKCSGPch22HgySZEgDTM11MRt"}
[ Tue Aug 15 2017 16:27:22 GMT+0800 (CST) ] time is 995
[ Tue Aug 15 2017 16:27:22 GMT+0800 (CST) ] {"err":0,"msg":"Jezj6qJGPYPCjvtzvVJmQrKRSBkjN1m2PE"}
[ Tue Aug 15 2017 16:27:22 GMT+0800 (CST) ] time is 998
[ Tue Aug 15 2017 16:27:22 GMT+0800 (CST) ] {"err":0,"msg":"JUUcxRHUWbPYVCjV45L4HpE7RA1g1BLibE"}
[ Tue Aug 15 2017 16:27:22 GMT+0800 (CST) ] time is 996
[ Tue Aug 15 2017 16:27:22 GMT+0800 (CST) ] {"err":0,"msg":"JhNxaXo8CeZrZF4irVczD2PMyNwoDRJyB8"}
[ Tue Aug 15 2017 16:27:22 GMT+0800 (CST) ] time is 998
[ Tue Aug 15 2017 16:27:22 GMT+0800 (CST) ] {"err":0,"msg":"JcRnRXMFk7CMhEhYt4Uh111xMWFZnkFBzg"}
[ Tue Aug 15 2017 16:27:22 GMT+0800 (CST) ] time is 996
[ Tue Aug 15 2017 16:27:22 GMT+0800 (CST) ] {"err":0,"msg":"JhPTwbtJvxqoYG3SYEEehgQJFZk4urSXkT"}
[ Tue Aug 15 2017 16:27:22 GMT+0800 (CST) ] time is 999
[ Tue Aug 15 2017 16:27:22 GMT+0800 (CST) ] {"err":0,"msg":"JW4n9d9U4WuVoxC91ytSUaPpa1bi3jAiAC"}
[ Tue Aug 15 2017 16:27:22 GMT+0800 (CST) ] time is 997
[ Tue Aug 15 2017 16:27:22 GMT+0800 (CST) ] {"err":0,"msg":"JYYZ6c7ZM3LEZLpGwgYmJqKm79hCyf2N98"}
[ Tue Aug 15 2017 16:27:22 GMT+0800 (CST) ] time is 999
[ Tue Aug 15 2017 16:27:22 GMT+0800 (CST) ] {"err":0,"msg":"JbDowLg4aTnjwKUdiQq543wWMuN5LnEgJi"}
[ Tue Aug 15 2017 16:27:22 GMT+0800 (CST) ] time is 997
[ Tue Aug 15 2017 16:27:22 GMT+0800 (CST) ] {"err":0,"msg":"Jcr9YsbbUtX86vgWtfSkrSJSw5kANvJpv7"}
[ Tue Aug 15 2017 16:27:22 GMT+0800 (CST) ] time is 1000
[ Tue Aug 15 2017 16:27:22 GMT+0800 (CST) ] {"err":0,"msg":"JNHmVYsrUJVTZcRgMQMoY7pgNFQTNyahMW"}
[ Tue Aug 15 2017 16:27:22 GMT+0800 (CST) ] time is 998
[ Tue Aug 15 2017 16:27:22 GMT+0800 (CST) ] {"err":0,"msg":"JZtc7aYWP3o4KJ7voDRWpAcjbG98fKLeAa"}
[ Tue Aug 15 2017 16:27:22 GMT+0800 (CST) ] time is 1000
[ Tue Aug 15 2017 16:27:22 GMT+0800 (CST) ] {"err":0,"msg":"JYUr3JJLSkEUPtfVyzGxpBJTxPr1T4GFNL"}
[ Tue Aug 15 2017 16:27:22 GMT+0800 (CST) ] time is 998
[ Tue Aug 15 2017 16:27:22 GMT+0800 (CST) ] {"err":0,"msg":"JWUrpnh3nuE3CwUXfy1t5xsXiYyNpvPu7k"}
[ Tue Aug 15 2017 16:27:22 GMT+0800 (CST) ] time is 1001
[ Tue Aug 15 2017 16:27:22 GMT+0800 (CST) ] {"err":0,"msg":"JRAgHD9XQncKUXeCogBXQdVKFMTXmDVgWt"}
[ Tue Aug 15 2017 16:27:22 GMT+0800 (CST) ] time is 999
[ Tue Aug 15 2017 16:27:22 GMT+0800 (CST) ] {"err":0,"msg":"Ja9c5aEm34cBUHU98W6AzC7EWJpe72x4SS"}
[ Tue Aug 15 2017 16:27:22 GMT+0800 (CST) ] time is 1001
[ Tue Aug 15 2017 16:27:22 GMT+0800 (CST) ] {"err":0,"msg":"JbbSXxT1vonk1nffkxDmysWcqk5gpvcmWU"}
[ Tue Aug 15 2017 16:27:22 GMT+0800 (CST) ] time is 999
[ Tue Aug 15 2017 16:27:22 GMT+0800 (CST) ] {"err":0,"msg":"Jgu1j8H5SxNEPtf5XtMVVkeKhmNgQwfp8r"}
[ Tue Aug 15 2017 16:27:22 GMT+0800 (CST) ] time is 1000
[ Tue Aug 15 2017 16:27:22 GMT+0800 (CST) ] {"err":0,"msg":"Jewfi395ykL6Qru9LuZQL4XGg5URsa81bh"}
[ Tue Aug 15 2017 16:27:22 GMT+0800 (CST) ] time is 1002
[ Tue Aug 15 2017 16:27:22 GMT+0800 (CST) ] {"err":0,"msg":"JMkVPKjPNLYX1vSibTU5MPG8v2PGkq2ZMZ"}
[ Tue Aug 15 2017 16:27:22 GMT+0800 (CST) ] time is 1002
[ Tue Aug 15 2017 16:27:22 GMT+0800 (CST) ] {"err":0,"msg":"JRApyFWz7Z1xBiSzizp6bnLioM7YSeYj9P"}
[ Tue Aug 15 2017 16:27:22 GMT+0800 (CST) ] time is 1000
[ Tue Aug 15 2017 16:27:22 GMT+0800 (CST) ] {"err":0,"msg":"JgwYMLvJezgpP7nVfzb6oSnF8c6k3RxEpM"}
[ Tue Aug 15 2017 16:27:22 GMT+0800 (CST) ] time is 1001
[ Tue Aug 15 2017 16:27:22 GMT+0800 (CST) ] {"err":0,"msg":"JdhzpGhKurpQ8LbU2u8KoSCVrFtzVX1W2N"}
[ Tue Aug 15 2017 16:27:22 GMT+0800 (CST) ] time is 1003
[ Tue Aug 15 2017 16:27:22 GMT+0800 (CST) ] {"err":0,"msg":"JNST3Gn4cmmBqXEkSSMgW4WwpzV7z7bejc"}
[ Tue Aug 15 2017 16:27:22 GMT+0800 (CST) ] time is 1003
[ Tue Aug 15 2017 16:27:22 GMT+0800 (CST) ] {"err":0,"msg":"Jf6HsU2n7DT8rQDx896YoDBQXJBqBj2AiA"}
[ Tue Aug 15 2017 16:27:22 GMT+0800 (CST) ] time is 1001
[ Tue Aug 15 2017 16:27:22 GMT+0800 (CST) ] {"err":0,"msg":"JMCqwFmGok2eDHkqbZyJruGhQMMcFkn93S"}
[ Tue Aug 15 2017 16:27:22 GMT+0800 (CST) ] time is 1002
[ Tue Aug 15 2017 16:27:22 GMT+0800 (CST) ] {"err":0,"msg":"JcVGRaR7KmzV2AG5moRBZYHmBfvLDa9kXv"}
[ Tue Aug 15 2017 16:27:22 GMT+0800 (CST) ] time is 1004
[ Tue Aug 15 2017 16:27:22 GMT+0800 (CST) ] {"err":0,"msg":"JMdP9bQ7SwmDjMqPCoioCHtn2WSwCHD1Fi"}
[ Tue Aug 15 2017 16:27:22 GMT+0800 (CST) ] time is 1004
[ Tue Aug 15 2017 16:27:22 GMT+0800 (CST) ] {"err":0,"msg":"Jf1Xuox2S7obxZrYuxxqTz4WiHMbdp8dU3"}
[ Tue Aug 15 2017 16:27:22 GMT+0800 (CST) ] time is 1002
[ Tue Aug 15 2017 16:27:22 GMT+0800 (CST) ] {"err":0,"msg":"JgUPJkXvQztZ5T8nAfMESqLiSqjNtT9P9A"}
[ Tue Aug 15 2017 16:27:22 GMT+0800 (CST) ] time is 1003
[ Tue Aug 15 2017 16:27:22 GMT+0800 (CST) ] {"err":0,"msg":"JheVTxusuPiCjvghdsrstqgWu1HUqX9CWc"}
[ Tue Aug 15 2017 16:27:22 GMT+0800 (CST) ] time is 1005
[ Tue Aug 15 2017 16:27:22 GMT+0800 (CST) ] {"err":0,"msg":"JSsx4ijzPZvMUUNP4VTdtQacCc2A6dJ5Ho"}
[ Tue Aug 15 2017 16:27:22 GMT+0800 (CST) ] time is 1005
[ Tue Aug 15 2017 16:27:22 GMT+0800 (CST) ] {"err":0,"msg":"JdktFjJoYBRB8jBxtsx1RaQKFZo9Kd3Rcs"}
[ Tue Aug 15 2017 16:27:22 GMT+0800 (CST) ] time is 1003
[ Tue Aug 15 2017 16:27:22 GMT+0800 (CST) ] {"err":0,"msg":"JdPKzxdRRtH2D69129ftsWFLMkp7LhqnqX"}
[ Tue Aug 15 2017 16:27:22 GMT+0800 (CST) ] time is 1004
[ Tue Aug 15 2017 16:27:22 GMT+0800 (CST) ] {"err":0,"msg":"JaFFCN2858SmPuWm5Yto8soNZpbmZRd9zA"}
[ Tue Aug 15 2017 16:27:22 GMT+0800 (CST) ] time is 1006
[ Tue Aug 15 2017 16:27:22 GMT+0800 (CST) ] {"err":0,"msg":"JUGcVYBbyAebmuZLbxQtYepQie1qVE9jcT"}
[ Tue Aug 15 2017 16:27:22 GMT+0800 (CST) ] time is 1006
[ Tue Aug 15 2017 16:27:22 GMT+0800 (CST) ] {"err":0,"msg":"JbX8dkPcg5gXAAfR6at6iMHF4XMZt515uU"}
[ Tue Aug 15 2017 16:27:22 GMT+0800 (CST) ] time is 1004
[ Tue Aug 15 2017 16:27:22 GMT+0800 (CST) ] {"err":0,"msg":"JaoHa8GveWWtRaKKiKwGMCzAijvSAjcvpn"}
[ Tue Aug 15 2017 16:27:22 GMT+0800 (CST) ] time is 1005
[ Tue Aug 15 2017 16:27:22 GMT+0800 (CST) ] {"err":0,"msg":"JMRkJxnxbvfFCbRLBnyaddaEfzEBq5VKE9"}
[ Tue Aug 15 2017 16:27:22 GMT+0800 (CST) ] time is 1007
[ Tue Aug 15 2017 16:27:22 GMT+0800 (CST) ] {"err":0,"msg":"JUnnmb4UUACf7K5uNZHdrY6WQTEzQaNhJB"}
[ Tue Aug 15 2017 16:27:22 GMT+0800 (CST) ] {"err":0,"msg":"JQo1wkGeRRVVfgJjfvbYdMwuQPsxtZMiNP"}
[ Tue Aug 15 2017 16:27:22 GMT+0800 (CST) ] time is 1007
[ Tue Aug 15 2017 16:27:22 GMT+0800 (CST) ] time is 1005
[ Tue Aug 15 2017 16:27:22 GMT+0800 (CST) ] {"err":0,"msg":"Jeqa6UgMG8UwKf1vGingYrAFBzzGGb5nNV"}
[ Tue Aug 15 2017 16:27:22 GMT+0800 (CST) ] time is 1006
[ Tue Aug 15 2017 16:27:22 GMT+0800 (CST) ] {"err":0,"msg":"JZRe89oTG5N1TynPuGoUPYcgUMM5bwmBLe"}
[ Tue Aug 15 2017 16:27:22 GMT+0800 (CST) ] time is 1008
[ Tue Aug 15 2017 16:27:22 GMT+0800 (CST) ] {"err":0,"msg":"JXcYRXv5vK976sBqC5qAcGL8uRfxTjxB5b"}
[ Tue Aug 15 2017 16:27:22 GMT+0800 (CST) ] time is 1008
[ Tue Aug 15 2017 16:27:22 GMT+0800 (CST) ] {"err":0,"msg":"JhSYkrhyziHGkuC7TjcCsDhng8JcoDhLYn"}
[ Tue Aug 15 2017 16:27:22 GMT+0800 (CST) ] time is 1006
[ Tue Aug 15 2017 16:27:22 GMT+0800 (CST) ] {"err":0,"msg":"JSBg9fG6q91ZWHDAt1YaKNxLZDSUgBrN5c"}
[ Tue Aug 15 2017 16:27:22 GMT+0800 (CST) ] time is 1007
[ Tue Aug 15 2017 16:27:22 GMT+0800 (CST) ] {"err":0,"msg":"JSnHLYp3RN26BYeA3HF5yeGdtvpHvaqu8W"}
[ Tue Aug 15 2017 16:27:22 GMT+0800 (CST) ] time is 1009
[ Tue Aug 15 2017 16:27:22 GMT+0800 (CST) ] {"err":0,"msg":"JZjQTac3j9AgYuzH9yTaiZD7cxfjwU1WXS"}
[ Tue Aug 15 2017 16:27:22 GMT+0800 (CST) ] {"err":0,"msg":"JPPYMsQmgRVaYoh1tUy9iQg26t8sSPkaXs"}
[ Tue Aug 15 2017 16:27:22 GMT+0800 (CST) ] time is 1009
[ Tue Aug 15 2017 16:27:22 GMT+0800 (CST) ] time is 1007
[ Tue Aug 15 2017 16:27:22 GMT+0800 (CST) ] {"err":0,"msg":"Jgyd781h359FmboF6n8fU8wNaNLvkt66Se"}
[ Tue Aug 15 2017 16:27:22 GMT+0800 (CST) ] time is 1008
[ Tue Aug 15 2017 16:27:22 GMT+0800 (CST) ] {"err":0,"msg":"Jh6FnF6hsCGQGnrefAkiEAtmW5gZEaTdL9"}
[ Tue Aug 15 2017 16:27:22 GMT+0800 (CST) ] time is 1010
[ Tue Aug 15 2017 16:27:22 GMT+0800 (CST) ] {"err":0,"msg":"JfJYdezhP2gysvHiCKAPgAWnJRvnViJgrX"}
[ Tue Aug 15 2017 16:27:22 GMT+0800 (CST) ] time is 1010
[ Tue Aug 15 2017 16:27:22 GMT+0800 (CST) ] {"err":0,"msg":"JeCJMndyqSJRVve4mHxAHDKCHoGFX8sXQu"}
[ Tue Aug 15 2017 16:27:22 GMT+0800 (CST) ] time is 1009
[ Tue Aug 15 2017 16:27:22 GMT+0800 (CST) ] {"err":0,"msg":"Jdth3ADXRL19qzVq5vPS1cooFkuBDanPab"}
[ Tue Aug 15 2017 16:27:22 GMT+0800 (CST) ] time is 1008
[ Tue Aug 15 2017 16:27:22 GMT+0800 (CST) ] {"err":0,"msg":"JZVxUeT3CDZG9N8BGM2k1BWuJt9zudzj1w"}
[ Tue Aug 15 2017 16:27:22 GMT+0800 (CST) ] time is 1011
[ Tue Aug 15 2017 16:27:22 GMT+0800 (CST) ] {"err":0,"msg":"JRTauLpTULD6qY2T7o1whyBVKJG3AgxvEX"}
[ Tue Aug 15 2017 16:27:22 GMT+0800 (CST) ] time is 1011
[ Tue Aug 15 2017 16:27:22 GMT+0800 (CST) ] {"err":0,"msg":"JbFNZ1vDvxkXqz5y1y7tJraiHhiM1oR7Wr"}
[ Tue Aug 15 2017 16:27:22 GMT+0800 (CST) ] time is 1010
[ Tue Aug 15 2017 16:27:22 GMT+0800 (CST) ] {"err":0,"msg":"JXySYPRx63AcA73hvYyGNdCnuRXT8ABx3q"}
[ Tue Aug 15 2017 16:27:22 GMT+0800 (CST) ] time is 1009
[ Tue Aug 15 2017 16:27:22 GMT+0800 (CST) ] {"err":0,"msg":"JghcAzam3jXdBT4FkYicKPCHV2Z4FKH6xg"}
[ Tue Aug 15 2017 16:27:22 GMT+0800 (CST) ] time is 1012
[ Tue Aug 15 2017 16:27:22 GMT+0800 (CST) ] {"err":0,"msg":"Jf1iKKbMpyaVjM7cNTwbb1kGX7wmJZRJqN"}
[ Tue Aug 15 2017 16:27:22 GMT+0800 (CST) ] time is 1012
[ Tue Aug 15 2017 16:27:22 GMT+0800 (CST) ] {"err":0,"msg":"JhLvduiZQyaybiw87M95Z76gyEMoUbboDf"}
[ Tue Aug 15 2017 16:27:22 GMT+0800 (CST) ] time is 1011
[ Tue Aug 15 2017 16:27:22 GMT+0800 (CST) ] {"err":0,"msg":"JPhAGkpp7hxryR1sDrLUxTFg9zCtfUe6Bj"}
[ Tue Aug 15 2017 16:27:22 GMT+0800 (CST) ] time is 1010
[ Tue Aug 15 2017 16:27:22 GMT+0800 (CST) ] {"err":0,"msg":"JSdyA9mqgsxnW1js2PN1yLnBbZbvSQ56Uf"}
[ Tue Aug 15 2017 16:27:22 GMT+0800 (CST) ] time is 1013
[ Tue Aug 15 2017 16:27:22 GMT+0800 (CST) ] {"err":0,"msg":"JUXt9QGxUL2GwhwbKdmZA5wyZDCqQiKRjs"}
[ Tue Aug 15 2017 16:27:22 GMT+0800 (CST) ] time is 1013
[ Tue Aug 15 2017 16:27:22 GMT+0800 (CST) ] {"err":0,"msg":"JcVusmMsCawdW8BU4CecwB1w8JbEwFC7dE"}
[ Tue Aug 15 2017 16:27:22 GMT+0800 (CST) ] time is 1012
[ Tue Aug 15 2017 16:27:22 GMT+0800 (CST) ] {"err":0,"msg":"JSEawkGYea66KWCRq4699kTLZDbc5qrEQ5"}
[ Tue Aug 15 2017 16:27:22 GMT+0800 (CST) ] time is 1011
[ Tue Aug 15 2017 16:27:22 GMT+0800 (CST) ] {"err":0,"msg":"JaBG5tuyjAARoHU3cUPiV8fDtARAzZKLcX"}
[ Tue Aug 15 2017 16:27:22 GMT+0800 (CST) ] time is 1014
[ Tue Aug 15 2017 16:27:22 GMT+0800 (CST) ] {"err":0,"msg":"JZXfficRR6mLpHsXJPTLDeT1unhrS3SfKe"}
[ Tue Aug 15 2017 16:27:22 GMT+0800 (CST) ] time is 1014
[ Tue Aug 15 2017 16:27:22 GMT+0800 (CST) ] {"err":0,"msg":"JYWpWBTeELzFMubP5xQUTtH9udNs4JG1PS"}
[ Tue Aug 15 2017 16:27:22 GMT+0800 (CST) ] time is 1013
[ Tue Aug 15 2017 16:27:22 GMT+0800 (CST) ] {"err":0,"msg":"JSQka41J98Tf9XEPzagqkuGqncn7Rhxp3c"}
[ Tue Aug 15 2017 16:27:22 GMT+0800 (CST) ] time is 1012
[ Tue Aug 15 2017 16:27:22 GMT+0800 (CST) ] {"err":0,"msg":"JUaduUVEcT4Bk3Mi5S6sGmfxBswXnxPb1b"}
[ Tue Aug 15 2017 16:27:22 GMT+0800 (CST) ] time is 1015
[ Tue Aug 15 2017 16:27:22 GMT+0800 (CST) ] {"err":0,"msg":"JbgaAmdMMev1zYqKXXxBPcJ4G1bzBBWmLG"}
[ Tue Aug 15 2017 16:27:22 GMT+0800 (CST) ] time is 1015
[ Tue Aug 15 2017 16:27:22 GMT+0800 (CST) ] {"err":0,"msg":"JZr2jhkxmLtS3RWAAuW1833nYb8vLmNeSa"}
[ Tue Aug 15 2017 16:27:22 GMT+0800 (CST) ] time is 1014
[ Tue Aug 15 2017 16:27:22 GMT+0800 (CST) ] {"err":0,"msg":"JLuWESPUv1gYYX85DSsE5XzcvnCsK7KmZi"}
[ Tue Aug 15 2017 16:27:23 GMT+0800 (CST) ] time is 1013
[ Tue Aug 15 2017 16:27:23 GMT+0800 (CST) ] {"err":0,"msg":"JQ4eyC8dzWR6NxPXn4mc7U2hHckJdbxnJa"}
[ Tue Aug 15 2017 16:27:23 GMT+0800 (CST) ] time is 1016
[ Tue Aug 15 2017 16:27:23 GMT+0800 (CST) ] {"err":0,"msg":"JcaZPQqxowKiDAfsF82Fa3ZEQHg2zE9iXJ"}
[ Tue Aug 15 2017 16:27:23 GMT+0800 (CST) ] time is 1016
[ Tue Aug 15 2017 16:27:23 GMT+0800 (CST) ] {"err":0,"msg":"Jf4kb7HcecLPepMLJysVBHfNAY5MF5C5iY"}
[ Tue Aug 15 2017 16:27:23 GMT+0800 (CST) ] time is 1015
[ Tue Aug 15 2017 16:27:23 GMT+0800 (CST) ] {"err":0,"msg":"JZb5CdsBiMKwrp12nQZ4qpKwtLWs4gkS6p"}
[ Tue Aug 15 2017 16:27:23 GMT+0800 (CST) ] time is 1014
[ Tue Aug 15 2017 16:27:23 GMT+0800 (CST) ] {"err":0,"msg":"JQTGamNsvqEBT4cwCVYpnyUAqWjuWb1Vns"}
[ Tue Aug 15 2017 16:27:23 GMT+0800 (CST) ] time is 1017
[ Tue Aug 15 2017 16:27:23 GMT+0800 (CST) ] {"err":0,"msg":"JUD75KYKWtbEKn7x1pzTdzwLkkrTo2mHLy"}
[ Tue Aug 15 2017 16:27:23 GMT+0800 (CST) ] time is 1017
[ Tue Aug 15 2017 16:27:23 GMT+0800 (CST) ] {"err":0,"msg":"JRCJYBbegqKpLuwexF7Ni1My8prrN2GGdA"}
[ Tue Aug 15 2017 16:27:23 GMT+0800 (CST) ] time is 1016
[ Tue Aug 15 2017 16:27:23 GMT+0800 (CST) ] {"err":0,"msg":"JgHgCcmRtu7a9QwmyKNwy4b1Ni7yd8NgCd"}
[ Tue Aug 15 2017 16:27:23 GMT+0800 (CST) ] time is 1015
[ Tue Aug 15 2017 16:27:23 GMT+0800 (CST) ] {"err":0,"msg":"JPFERvHju9eFPe6NmeTfYXiKwnwJtCUwJm"}
[ Tue Aug 15 2017 16:27:23 GMT+0800 (CST) ] time is 1018
[ Tue Aug 15 2017 16:27:23 GMT+0800 (CST) ] {"err":0,"msg":"JJixAinY17VqzWe2RmpZNYUwtC5UQspS4S"}
[ Tue Aug 15 2017 16:27:23 GMT+0800 (CST) ] time is 1018
[ Tue Aug 15 2017 16:27:23 GMT+0800 (CST) ] {"err":0,"msg":"JeL4xwptGx4W6jPKShg22cafvPDWXDeD2U"}
[ Tue Aug 15 2017 16:27:23 GMT+0800 (CST) ] time is 1017
[ Tue Aug 15 2017 16:27:23 GMT+0800 (CST) ] {"err":0,"msg":"JWhSgrNtxDDgE86iyWoXZCBsFcw6PCPVCp"}
[ Tue Aug 15 2017 16:27:23 GMT+0800 (CST) ] time is 1016
[ Tue Aug 15 2017 16:27:23 GMT+0800 (CST) ] {"err":0,"msg":"JMPck95CrDyM7432BghFEdmkd8qPt14BVW"}
[ Tue Aug 15 2017 16:27:23 GMT+0800 (CST) ] time is 1019
[ Tue Aug 15 2017 16:27:23 GMT+0800 (CST) ] {"err":0,"msg":"JZJ8QxhZx3wCaruWVcE7YLdwQhWbGBcXnp"}
[ Tue Aug 15 2017 16:27:23 GMT+0800 (CST) ] time is 1019
[ Tue Aug 15 2017 16:27:23 GMT+0800 (CST) ] {"err":0,"msg":"JK1fS7ozoF3qo4Xcsn4hFhayyo6g1rDcCo"}
[ Tue Aug 15 2017 16:27:23 GMT+0800 (CST) ] time is 1018
[ Tue Aug 15 2017 16:27:23 GMT+0800 (CST) ] {"err":0,"msg":"JQijpA8W1naYYdjptaqYWZzrynJnC6DCz5"}
[ Tue Aug 15 2017 16:27:23 GMT+0800 (CST) ] time is 1017
[ Tue Aug 15 2017 16:27:23 GMT+0800 (CST) ] {"err":0,"msg":"JUZcNHjKyjZe8oXHAaEBF4uqSyEG6xqT4q"}
[ Tue Aug 15 2017 16:27:23 GMT+0800 (CST) ] time is 1020
[ Tue Aug 15 2017 16:27:23 GMT+0800 (CST) ] {"err":0,"msg":"JPDNXqf6GyzLTii5Qs1v7kR318e2mP1shu"}
[ Tue Aug 15 2017 16:27:23 GMT+0800 (CST) ] time is 1020
[ Tue Aug 15 2017 16:27:23 GMT+0800 (CST) ] {"err":0,"msg":"JVbBjHBoajmW7WokCJjHbWJJTN6kzpoEwX"}
[ Tue Aug 15 2017 16:27:23 GMT+0800 (CST) ] time is 1019
[ Tue Aug 15 2017 16:27:23 GMT+0800 (CST) ] {"err":0,"msg":"JbGhT5jLgXtFdAKtnGbRRVQRMEiZtsGWpy"}
[ Tue Aug 15 2017 16:27:23 GMT+0800 (CST) ] time is 1018
[ Tue Aug 15 2017 16:27:23 GMT+0800 (CST) ] {"err":0,"msg":"JLiDMdx6DRicfubuvt4Qj9N1JmHgJPbJdt"}
[ Tue Aug 15 2017 16:27:23 GMT+0800 (CST) ] time is 1021
[ Tue Aug 15 2017 16:27:23 GMT+0800 (CST) ] {"err":0,"msg":"JNQcsaqgkdn4kwwYiAKY1KqNkQMo5pudtW"}
[ Tue Aug 15 2017 16:27:23 GMT+0800 (CST) ] time is 1021
[ Tue Aug 15 2017 16:27:23 GMT+0800 (CST) ] {"err":0,"msg":"JMQ4VcMuLwGDM7yfyXCDcyyo4FtFFF6toi"}
[ Tue Aug 15 2017 16:27:23 GMT+0800 (CST) ] time is 1020
[ Tue Aug 15 2017 16:27:23 GMT+0800 (CST) ] {"err":0,"msg":"JVbMikB7z6vfbRLDhdjHsb4uj29kPD8Ydv"}
[ Tue Aug 15 2017 16:27:23 GMT+0800 (CST) ] {"err":0,"msg":"JJfJWVVtLZzGDYvuZSjpToJiSpowZAiU9B"}
[ Tue Aug 15 2017 16:27:23 GMT+0800 (CST) ] time is 1019
[ Tue Aug 15 2017 16:27:23 GMT+0800 (CST) ] time is 1022
[ Tue Aug 15 2017 16:27:23 GMT+0800 (CST) ] {"err":0,"msg":"Jgj48qQd75VWzCsS2mm64DFQrW2V2p5wYF"}
[ Tue Aug 15 2017 16:27:23 GMT+0800 (CST) ] time is 1022
[ Tue Aug 15 2017 16:27:23 GMT+0800 (CST) ] {"err":0,"msg":"JTkJmMjfghJpZ5Zk8S1QLh9RQTLzu69pa3"}
[ Tue Aug 15 2017 16:27:23 GMT+0800 (CST) ] time is 1021
[ Tue Aug 15 2017 16:27:23 GMT+0800 (CST) ] {"err":0,"msg":"JeHMtN8yei9xsVmio4fxjtpT9He3p3TdKQ"}
[ Tue Aug 15 2017 16:27:23 GMT+0800 (CST) ] time is 1023
[ Tue Aug 15 2017 16:27:23 GMT+0800 (CST) ] {"err":0,"msg":"JftjiLDqGkaUyoiVd6yj8Z766GaKJkiJ1s"}
[ Tue Aug 15 2017 16:27:23 GMT+0800 (CST) ] {"err":0,"msg":"JfeGrWPLGiktxLDcQ8wyjoLfFQ7h4hM6Gf"}
[ Tue Aug 15 2017 16:27:23 GMT+0800 (CST) ] time is 1020
[ Tue Aug 15 2017 16:27:23 GMT+0800 (CST) ] time is 1023
[ Tue Aug 15 2017 16:27:23 GMT+0800 (CST) ] {"err":0,"msg":"JUGnH1m35TW5enmUrWhBNFfBFcWobtT7Kq"}
[ Tue Aug 15 2017 16:27:23 GMT+0800 (CST) ] time is 1022
[ Tue Aug 15 2017 16:27:23 GMT+0800 (CST) ] {"err":0,"msg":"JNyShfFkZTvjSDE1BrbbYdTHu34TRhEbxr"}
[ Tue Aug 15 2017 16:27:23 GMT+0800 (CST) ] time is 1024
[ Tue Aug 15 2017 16:27:23 GMT+0800 (CST) ] {"err":0,"msg":"JZk5dgZBSxG22FZnLrMcBzTXFXDRdNxoCp"}
[ Tue Aug 15 2017 16:27:23 GMT+0800 (CST) ] time is 1021
[ Tue Aug 15 2017 16:27:23 GMT+0800 (CST) ] {"err":0,"msg":"Jgu8hfPC4iGpXHZEiFUTBAh822yZVH3xfK"}
[ Tue Aug 15 2017 16:27:23 GMT+0800 (CST) ] time is 1024
[ Tue Aug 15 2017 16:27:23 GMT+0800 (CST) ] {"err":0,"msg":"JQwqShM2QeoUYrtz8kWzF8LBXTXf9Y6RtJ"}
[ Tue Aug 15 2017 16:27:23 GMT+0800 (CST) ] time is 1023
[ Tue Aug 15 2017 16:27:23 GMT+0800 (CST) ] {"err":0,"msg":"JVaQg8tz99we1SwffrT8pvPsqds5ymSsEu"}
[ Tue Aug 15 2017 16:27:23 GMT+0800 (CST) ] time is 1025
[ Tue Aug 15 2017 16:27:23 GMT+0800 (CST) ] {"err":0,"msg":"Jcu7EN7fNjim72scptMSPc3HoS337NpWap"}
[ Tue Aug 15 2017 16:27:23 GMT+0800 (CST) ] time is 1025
[ Tue Aug 15 2017 16:27:23 GMT+0800 (CST) ] {"err":0,"msg":"JNPCCSUF5bz3tNH1RjSFw9F2UNv1ycws99"}
[ Tue Aug 15 2017 16:27:23 GMT+0800 (CST) ] time is 1022
[ Tue Aug 15 2017 16:27:23 GMT+0800 (CST) ] {"err":0,"msg":"JcT41wMjZNCFUQ2C1rHrWkzr6JSZngq1eS"}
[ Tue Aug 15 2017 16:27:23 GMT+0800 (CST) ] time is 1024
[ Tue Aug 15 2017 16:27:23 GMT+0800 (CST) ] {"err":0,"msg":"JQSkhuN9z5cdnoHd1ZkkbbyKeA5rRcwdiF"}
[ Tue Aug 15 2017 16:27:23 GMT+0800 (CST) ] time is 1026
[ Tue Aug 15 2017 16:27:23 GMT+0800 (CST) ] {"err":0,"msg":"JWn7zS9puhVo7URiFQ7HrUFMbjhrQHtUCx"}
[ Tue Aug 15 2017 16:27:23 GMT+0800 (CST) ] time is 1026
[ Tue Aug 15 2017 16:27:23 GMT+0800 (CST) ] {"err":0,"msg":"JNh7StqfUMtfvMVsuUM8Lh4NCyAYbZYsgr"}
[ Tue Aug 15 2017 16:27:23 GMT+0800 (CST) ] time is 1023
[ Tue Aug 15 2017 16:27:23 GMT+0800 (CST) ] {"err":0,"msg":"Jcb8GZosV37Kc2LjfQsXRFTZ1ggjzRKh3N"}
[ Tue Aug 15 2017 16:27:23 GMT+0800 (CST) ] time is 1025
[ Tue Aug 15 2017 16:27:23 GMT+0800 (CST) ] {"err":0,"msg":"JcRqMdw9nvsNAyyRhbsEhavcjbLpQfgho4"}
[ Tue Aug 15 2017 16:27:23 GMT+0800 (CST) ] time is 1027
[ Tue Aug 15 2017 16:27:23 GMT+0800 (CST) ] {"err":0,"msg":"JQXN1azxPz5NLcEQZXMeMjGpd3jaSWqL6R"}
[ Tue Aug 15 2017 16:27:23 GMT+0800 (CST) ] time is 1027
[ Tue Aug 15 2017 16:27:23 GMT+0800 (CST) ] {"err":0,"msg":"JMdV7XqRskKyCN3c3nY7kLb5SmNCJsotGn"}
[ Tue Aug 15 2017 16:27:23 GMT+0800 (CST) ] time is 1024
[ Tue Aug 15 2017 16:27:23 GMT+0800 (CST) ] {"err":0,"msg":"JdRhqbgG215x1UTMmv6apuUa6qyHjoFMNz"}
[ Tue Aug 15 2017 16:27:23 GMT+0800 (CST) ] time is 1026
[ Tue Aug 15 2017 16:27:23 GMT+0800 (CST) ] {"err":0,"msg":"JRHuZ3mTyXfxZhhg4MXR8ZFTHggx35UXQJ"}
[ Tue Aug 15 2017 16:27:23 GMT+0800 (CST) ] time is 1028
[ Tue Aug 15 2017 16:27:23 GMT+0800 (CST) ] {"err":0,"msg":"Jak8A8CM2sSTEHY8bCH2Z7vgbviiwwn4n1"}
[ Tue Aug 15 2017 16:27:23 GMT+0800 (CST) ] time is 1028
[ Tue Aug 15 2017 16:27:23 GMT+0800 (CST) ] {"err":0,"msg":"JfbdHR8Q5CoqM34uozuSo2SevZtJQJDFRi"}
[ Tue Aug 15 2017 16:27:23 GMT+0800 (CST) ] time is 1025
[ Tue Aug 15 2017 16:27:23 GMT+0800 (CST) ] {"err":0,"msg":"JLy3bBpaxDGGQHvHoTNrLSHrMade654eXQ"}
[ Tue Aug 15 2017 16:27:23 GMT+0800 (CST) ] time is 1027
[ Tue Aug 15 2017 16:27:23 GMT+0800 (CST) ] {"err":0,"msg":"JTsKogmKToDj67EF5weZGu4AkSTT98LtwX"}
[ Tue Aug 15 2017 16:27:23 GMT+0800 (CST) ] time is 1029
[ Tue Aug 15 2017 16:27:23 GMT+0800 (CST) ] {"err":0,"msg":"JRxwHf8bgqkzPx8FbnxFsrPTzN91AwjEwS"}
[ Tue Aug 15 2017 16:27:23 GMT+0800 (CST) ] time is 1029
[ Tue Aug 15 2017 16:27:23 GMT+0800 (CST) ] {"err":0,"msg":"JLTwfWoStwfa3b1o7xJjbJ6MX1RhVMfU3T"}
[ Tue Aug 15 2017 16:27:23 GMT+0800 (CST) ] time is 1026
[ Tue Aug 15 2017 16:27:23 GMT+0800 (CST) ] {"err":0,"msg":"JccZeFNJgJnHSX7pZHxeVyKCcj7gYMeQMR"}
[ Tue Aug 15 2017 16:27:23 GMT+0800 (CST) ] time is 1028
[ Tue Aug 15 2017 16:27:23 GMT+0800 (CST) ] {"err":0,"msg":"JPvvqbaAuwMn9aA1VUTy8AooQpwYEGZPHE"}
[ Tue Aug 15 2017 16:27:23 GMT+0800 (CST) ] time is 1030
[ Tue Aug 15 2017 16:27:23 GMT+0800 (CST) ] {"err":0,"msg":"JXk5A4aSnGvwHpVWFGKGSC8EX6R3SgJtyx"}
[ Tue Aug 15 2017 16:27:23 GMT+0800 (CST) ] time is 1030
[ Tue Aug 15 2017 16:27:23 GMT+0800 (CST) ] {"err":0,"msg":"JPJ5K6WGCXcwWkVJj2f7uFoAUx5ccHyXun"}
[ Tue Aug 15 2017 16:27:23 GMT+0800 (CST) ] time is 1027
[ Tue Aug 15 2017 16:27:23 GMT+0800 (CST) ] {"err":0,"msg":"JWhK7yEzJHTmz8Xk4sK9tHRsE2YNKTvpe7"}
[ Tue Aug 15 2017 16:27:23 GMT+0800 (CST) ] time is 1029
[ Tue Aug 15 2017 16:27:23 GMT+0800 (CST) ] {"err":0,"msg":"JMTqWyN4kiFB5FBoEnaGcUmencAqU4cAD2"}
[ Tue Aug 15 2017 16:27:23 GMT+0800 (CST) ] time is 1031
[ Tue Aug 15 2017 16:27:23 GMT+0800 (CST) ] {"err":0,"msg":"JXCLTinqBpMZjYQAL5Uz4DqRbtZSVc33Jc"}
[ Tue Aug 15 2017 16:27:23 GMT+0800 (CST) ] time is 1031
[ Tue Aug 15 2017 16:27:23 GMT+0800 (CST) ] {"err":0,"msg":"JLbz5p7X9EN8qdHNHHQzSee9jaY5CCv8XM"}
[ Tue Aug 15 2017 16:27:23 GMT+0800 (CST) ] time is 1028
[ Tue Aug 15 2017 16:27:23 GMT+0800 (CST) ] {"err":0,"msg":"Ja7uLnBMTgRtoTHqoHyB7G8T8iQzRkagHz"}
[ Tue Aug 15 2017 16:27:23 GMT+0800 (CST) ] time is 1030
[ Tue Aug 15 2017 16:27:23 GMT+0800 (CST) ] {"err":0,"msg":"JJYmQuynwGFEdxnK5uaSQLA28ut5j2Y8Kw"}
[ Tue Aug 15 2017 16:27:23 GMT+0800 (CST) ] time is 1032
[ Tue Aug 15 2017 16:27:23 GMT+0800 (CST) ] {"err":0,"msg":"JQMuyLg83cf7aC8Aer9GT3ara5TvUQXVb2"}
[ Tue Aug 15 2017 16:27:23 GMT+0800 (CST) ] time is 1032
[ Tue Aug 15 2017 16:27:23 GMT+0800 (CST) ] {"err":0,"msg":"JduE7TKoSTzAKKvwm2GExVeRZfgRhHKvna"}
[ Tue Aug 15 2017 16:27:23 GMT+0800 (CST) ] time is 1029
[ Tue Aug 15 2017 16:27:23 GMT+0800 (CST) ] {"err":0,"msg":"JQKLZr4r8Z8so1WKyvmHwtPmRVhz1YhBus"}
[ Tue Aug 15 2017 16:27:23 GMT+0800 (CST) ] time is 1031
[ Tue Aug 15 2017 16:27:23 GMT+0800 (CST) ] {"err":0,"msg":"JhebnGZBUV9KyDJ7yScvrWvwY29cvbKGCs"}
[ Tue Aug 15 2017 16:27:23 GMT+0800 (CST) ] time is 1033
[ Tue Aug 15 2017 16:27:23 GMT+0800 (CST) ] {"err":0,"msg":"JLS2EqCmZMTKz8pYyyXPFPmu36HCNUDV4u"}
[ Tue Aug 15 2017 16:27:23 GMT+0800 (CST) ] time is 1033
[ Tue Aug 15 2017 16:27:23 GMT+0800 (CST) ] {"err":0,"msg":"JcCbLvLps1jgZxWCQAS79bHuX8HR5ubfys"}
[ Tue Aug 15 2017 16:27:23 GMT+0800 (CST) ] time is 1030
[ Tue Aug 15 2017 16:27:23 GMT+0800 (CST) ] {"err":0,"msg":"JdpSKuXNVkojkLKfUWrwh3viPzRFPuK64Z"}
[ Tue Aug 15 2017 16:27:23 GMT+0800 (CST) ] time is 1032
[ Tue Aug 15 2017 16:27:23 GMT+0800 (CST) ] {"err":0,"msg":"JXf1g82WGPXoPZm9yWbjV2sxVyffsTNQ6V"}
[ Tue Aug 15 2017 16:27:23 GMT+0800 (CST) ] time is 1034
[ Tue Aug 15 2017 16:27:23 GMT+0800 (CST) ] {"err":0,"msg":"JLwG4GDLAofjLr4sKUSmUoYuCfkRGQxpoR"}
[ Tue Aug 15 2017 16:27:23 GMT+0800 (CST) ] time is 1034
[ Tue Aug 15 2017 16:27:23 GMT+0800 (CST) ] {"err":0,"msg":"JbrZBT483ymiYfXm9VfqppKh5wqbBTM2Kx"}
[ Tue Aug 15 2017 16:27:23 GMT+0800 (CST) ] time is 1031
[ Tue Aug 15 2017 16:27:23 GMT+0800 (CST) ] {"err":0,"msg":"JLj24PFYfQwHNudxMe7QLhvVWgKizmz77K"}
[ Tue Aug 15 2017 16:27:23 GMT+0800 (CST) ] time is 1033
[ Tue Aug 15 2017 16:27:23 GMT+0800 (CST) ] {"err":0,"msg":"JY1rG2S9nipVbV3egaUh1C7KMBL8RLShqP"}
[ Tue Aug 15 2017 16:27:24 GMT+0800 (CST) ] time is 1035
[ Tue Aug 15 2017 16:27:24 GMT+0800 (CST) ] {"err":0,"msg":"JRdQb554c76Tuo3vEpa8VaNHek8eNBYbPq"}
[ Tue Aug 15 2017 16:27:24 GMT+0800 (CST) ] time is 1035
[ Tue Aug 15 2017 16:27:24 GMT+0800 (CST) ] {"err":0,"msg":"JXRfnhYnd9KptT523JYrgchxe2TM7MPzby"}
[ Tue Aug 15 2017 16:27:24 GMT+0800 (CST) ] time is 1032
[ Tue Aug 15 2017 16:27:24 GMT+0800 (CST) ] {"err":0,"msg":"Jc6SXYGzsuiDX77b7TByeYBv7kp6GxHPyP"}
[ Tue Aug 15 2017 16:27:24 GMT+0800 (CST) ] time is 1034
[ Tue Aug 15 2017 16:27:24 GMT+0800 (CST) ] {"err":0,"msg":"JQx3y3mkFtRLiVuFvB4HKEFjqSuFWLjoMY"}
[ Tue Aug 15 2017 16:27:24 GMT+0800 (CST) ] time is 1036
[ Tue Aug 15 2017 16:27:24 GMT+0800 (CST) ] {"err":0,"msg":"JZPXCb3AtNGKHoxWQ44PRdATUz4P9rAYdE"}
[ Tue Aug 15 2017 16:27:24 GMT+0800 (CST) ] time is 1036
[ Tue Aug 15 2017 16:27:24 GMT+0800 (CST) ] {"err":0,"msg":"Ja8N1eRrRV1muaNy59ktzuKKaYvXRpr5sz"}
[ Tue Aug 15 2017 16:27:24 GMT+0800 (CST) ] time is 1033
[ Tue Aug 15 2017 16:27:24 GMT+0800 (CST) ] {"err":0,"msg":"JZzudJireA6As5jBgeSgGw4QC2gVtnZaGW"}
[ Tue Aug 15 2017 16:27:24 GMT+0800 (CST) ] time is 1035
[ Tue Aug 15 2017 16:27:24 GMT+0800 (CST) ] {"err":0,"msg":"JVzAUwniahjWm17PA3NMYzjqwUM2qEh7Px"}
[ Tue Aug 15 2017 16:27:24 GMT+0800 (CST) ] time is 1037
[ Tue Aug 15 2017 16:27:24 GMT+0800 (CST) ] {"err":0,"msg":"JT4KE1ghvmsdRCFn9M1txivMp2fdp4if5j"}
[ Tue Aug 15 2017 16:27:24 GMT+0800 (CST) ] time is 1037
[ Tue Aug 15 2017 16:27:24 GMT+0800 (CST) ] {"err":0,"msg":"JTTSuy8NKE4PYo64VuVRJ93t1u83KzShMj"}
[ Tue Aug 15 2017 16:27:24 GMT+0800 (CST) ] time is 1036
[ Tue Aug 15 2017 16:27:24 GMT+0800 (CST) ] {"err":0,"msg":"JKRkjQQmXKfGisPssBaHJDBN4SZk7pJ2mJ"}
[ Tue Aug 15 2017 16:27:24 GMT+0800 (CST) ] time is 1034
[ Tue Aug 15 2017 16:27:24 GMT+0800 (CST) ] {"err":0,"msg":"JWFo8H3hpmbHsVBTK9SPGEVhT2xiHWyry6"}
[ Tue Aug 15 2017 16:27:24 GMT+0800 (CST) ] time is 1038
[ Tue Aug 15 2017 16:27:24 GMT+0800 (CST) ] {"err":0,"msg":"JcS84VzcDocZgE3raVZjCdTvrYUPoZeFgf"}
[ Tue Aug 15 2017 16:27:24 GMT+0800 (CST) ] time is 1037
[ Tue Aug 15 2017 16:27:24 GMT+0800 (CST) ] {"err":0,"msg":"JYq4Hk4rC1jxEwhUQwghPmhKz7yTinzPfE"}
[ Tue Aug 15 2017 16:27:24 GMT+0800 (CST) ] {"err":0,"msg":"JcADMSSFN9ho9xsQzoFQqgeYkyrBqtxKLV"}
[ Tue Aug 15 2017 16:27:24 GMT+0800 (CST) ] time is 1038
[ Tue Aug 15 2017 16:27:24 GMT+0800 (CST) ] time is 1035
[ Tue Aug 15 2017 16:27:24 GMT+0800 (CST) ] {"err":0,"msg":"JYheZhuZLamLAfYUraDBECTHHeJnzGhy6P"}
[ Tue Aug 15 2017 16:27:24 GMT+0800 (CST) ] time is 1039
[ Tue Aug 15 2017 16:27:24 GMT+0800 (CST) ] {"err":0,"msg":"Jcwg8TbmRB49K2C2x5oUM6SjWy6q8Uc2SD"}
[ Tue Aug 15 2017 16:27:24 GMT+0800 (CST) ] time is 1038
[ Tue Aug 15 2017 16:27:24 GMT+0800 (CST) ] {"err":0,"msg":"JamgUCvLCuKYLxqVDXvPs621RMbSYtwzRT"}
[ Tue Aug 15 2017 16:27:24 GMT+0800 (CST) ] time is 1039
[ Tue Aug 15 2017 16:27:24 GMT+0800 (CST) ] {"err":0,"msg":"JUUppPsJXCGQ6XMXmyDWtmyUT7XT6Y6wpd"}
[ Tue Aug 15 2017 16:27:24 GMT+0800 (CST) ] time is 1036
[ Tue Aug 15 2017 16:27:24 GMT+0800 (CST) ] {"err":0,"msg":"Jfcwx9dZsjmetLJxMwriSogyYr3uq3k9Eo"}
[ Tue Aug 15 2017 16:27:24 GMT+0800 (CST) ] time is 1040
[ Tue Aug 15 2017 16:27:24 GMT+0800 (CST) ] {"err":0,"msg":"JLtjJv7iLiwYrZxVrXiJeMH68KbDraZbsC"}
[ Tue Aug 15 2017 16:27:24 GMT+0800 (CST) ] time is 1039
[ Tue Aug 15 2017 16:27:24 GMT+0800 (CST) ] {"err":0,"msg":"JS9pD3Gbeqen7WAf5w9CxCkvVNFwhxiyyU"}
[ Tue Aug 15 2017 16:27:24 GMT+0800 (CST) ] time is 1037
[ Tue Aug 15 2017 16:27:24 GMT+0800 (CST) ] {"err":0,"msg":"JNfzGPRVYskKSb4dZ2FnLpBhoXmqhPDyAV"}
[ Tue Aug 15 2017 16:27:24 GMT+0800 (CST) ] time is 1040
[ Tue Aug 15 2017 16:27:24 GMT+0800 (CST) ] {"err":0,"msg":"Je69Kz5RbzRdbVBEoh9a3MgMtn4QRheFbQ"}
[ Tue Aug 15 2017 16:27:24 GMT+0800 (CST) ] time is 1041
[ Tue Aug 15 2017 16:27:24 GMT+0800 (CST) ] {"err":0,"msg":"JXCxiPRLZXWcFbCenq1x4QGxgpqRfNUcKs"}
[ Tue Aug 15 2017 16:27:24 GMT+0800 (CST) ] time is 1040
[ Tue Aug 15 2017 16:27:24 GMT+0800 (CST) ] {"err":0,"msg":"JbYfocVMBw9LdoQ84aeJc7TbfEC4ad39ye"}
[ Tue Aug 15 2017 16:27:24 GMT+0800 (CST) ] time is 1038
[ Tue Aug 15 2017 16:27:24 GMT+0800 (CST) ] {"err":0,"msg":"JNYmkZTFN8AVmBZ6MicJ3EV5x1C81KDgEo"}
[ Tue Aug 15 2017 16:27:24 GMT+0800 (CST) ] time is 1041
[ Tue Aug 15 2017 16:27:24 GMT+0800 (CST) ] {"err":0,"msg":"JJZLmrKghgfPdyMV2XzohwLP3hr7sxhdjg"}
[ Tue Aug 15 2017 16:27:24 GMT+0800 (CST) ] time is 1042
[ Tue Aug 15 2017 16:27:24 GMT+0800 (CST) ] {"err":0,"msg":"JZYiDMrifbcnpQoF8vM8G6LFS89fde7AF2"}
[ Tue Aug 15 2017 16:27:24 GMT+0800 (CST) ] {"err":0,"msg":"JUP2PA4TCeTidAESRGVb9pYVbJakQ2TJpk"}
[ Tue Aug 15 2017 16:27:24 GMT+0800 (CST) ] time is 1041
[ Tue Aug 15 2017 16:27:24 GMT+0800 (CST) ] time is 1039
[ Tue Aug 15 2017 16:27:24 GMT+0800 (CST) ] {"err":0,"msg":"JSChQCgaim8rjWGZHLnnrnN4NM8qKf9eN3"}
[ Tue Aug 15 2017 16:27:24 GMT+0800 (CST) ] time is 1042
[ Tue Aug 15 2017 16:27:24 GMT+0800 (CST) ] {"err":0,"msg":"JRtx15oRt8PPqrw5dCUG4swCwejSdD9SP5"}
[ Tue Aug 15 2017 16:27:24 GMT+0800 (CST) ] time is 1043
[ Tue Aug 15 2017 16:27:24 GMT+0800 (CST) ] {"err":0,"msg":"JatqS3kVCqFh5JJ3Ls3sxohrD7T1mvNx46"}
[ Tue Aug 15 2017 16:27:24 GMT+0800 (CST) ] time is 1042
[ Tue Aug 15 2017 16:27:24 GMT+0800 (CST) ] {"err":0,"msg":"JNmjBc4cRwK8HwSC8nof8f1NErSzVkwfY4"}
[ Tue Aug 15 2017 16:27:24 GMT+0800 (CST) ] time is 1040
[ Tue Aug 15 2017 16:27:24 GMT+0800 (CST) ] {"err":0,"msg":"JTPtBsDuLsUeykVD9nWogZc5c8LZAjE82g"}
[ Tue Aug 15 2017 16:27:24 GMT+0800 (CST) ] time is 1043
[ Tue Aug 15 2017 16:27:24 GMT+0800 (CST) ] {"err":0,"msg":"JhNkqh35icxZpQC7NobNyQKzAKJYKohLcd"}
[ Tue Aug 15 2017 16:27:24 GMT+0800 (CST) ] time is 1044
[ Tue Aug 15 2017 16:27:24 GMT+0800 (CST) ] {"err":0,"msg":"JQjGTarbVR4s8BXPU7MidvZktsWvPpXTGz"}
[ Tue Aug 15 2017 16:27:24 GMT+0800 (CST) ] time is 1043
[ Tue Aug 15 2017 16:27:24 GMT+0800 (CST) ] {"err":0,"msg":"JQR6254y3cKmToThgXKY6oW4kHk3YT9jit"}
[ Tue Aug 15 2017 16:27:24 GMT+0800 (CST) ] time is 1041
[ Tue Aug 15 2017 16:27:24 GMT+0800 (CST) ] {"err":0,"msg":"JZNB9ND3vVWSYxhCnpSNry4zfLWN9r8MJo"}
[ Tue Aug 15 2017 16:27:24 GMT+0800 (CST) ] time is 1044
[ Tue Aug 15 2017 16:27:24 GMT+0800 (CST) ] {"err":0,"msg":"JcR2eC9AsoS5GSkqSaRARoXLvDtJkqYGF8"}
[ Tue Aug 15 2017 16:27:24 GMT+0800 (CST) ] time is 1045
[ Tue Aug 15 2017 16:27:24 GMT+0800 (CST) ] {"err":0,"msg":"JQTqQ4drgWgd3ckbq7YHhxHhQdPg2sG6WZ"}
[ Tue Aug 15 2017 16:27:24 GMT+0800 (CST) ] time is 1044
[ Tue Aug 15 2017 16:27:24 GMT+0800 (CST) ] {"err":0,"msg":"JMQdpupTWAHH3T6Pq1wFdKiZnxnMwpgA8a"}
[ Tue Aug 15 2017 16:27:24 GMT+0800 (CST) ] time is 1042
[ Tue Aug 15 2017 16:27:24 GMT+0800 (CST) ] {"err":0,"msg":"JVQkwCfUcAAiTLGfnjRoYHVs1jEe44AnYk"}
[ Tue Aug 15 2017 16:27:24 GMT+0800 (CST) ] time is 1045
[ Tue Aug 15 2017 16:27:24 GMT+0800 (CST) ] {"err":0,"msg":"JgDCMGfpr2upLfTGbAQNBFJSjm7bUkHAHo"}
[ Tue Aug 15 2017 16:27:24 GMT+0800 (CST) ] time is 1046
[ Tue Aug 15 2017 16:27:24 GMT+0800 (CST) ] {"err":0,"msg":"JSA2p82YXkDwgN6snbo1yM57dJ4TVBCN8n"}
[ Tue Aug 15 2017 16:27:24 GMT+0800 (CST) ] time is 1045
[ Tue Aug 15 2017 16:27:24 GMT+0800 (CST) ] {"err":0,"msg":"Jh532oDeSz8cfZTov2EYYChmzpwrpF2t7e"}
[ Tue Aug 15 2017 16:27:24 GMT+0800 (CST) ] time is 1046
[ Tue Aug 15 2017 16:27:24 GMT+0800 (CST) ] {"err":0,"msg":"JcNaBuNfXvDDn7hBpmYWiPtzwKNMespksG"}
[ Tue Aug 15 2017 16:27:24 GMT+0800 (CST) ] time is 1043
[ Tue Aug 15 2017 16:27:24 GMT+0800 (CST) ] {"err":0,"msg":"JPkJwP8xw3vAMjGQwjPtQRJyYFXjryAGPP"}
[ Tue Aug 15 2017 16:27:24 GMT+0800 (CST) ] time is 1047
[ Tue Aug 15 2017 16:27:24 GMT+0800 (CST) ] {"err":0,"msg":"JNMcomx1kpkw4wA4aXwqP5JVaT66oqkFUK"}
[ Tue Aug 15 2017 16:27:24 GMT+0800 (CST) ] time is 1046
[ Tue Aug 15 2017 16:27:24 GMT+0800 (CST) ] {"err":0,"msg":"JKynXiSjgyup9zPaSHH54dtr4SkSjv5L6f"}
[ Tue Aug 15 2017 16:27:24 GMT+0800 (CST) ] time is 1047
[ Tue Aug 15 2017 16:27:24 GMT+0800 (CST) ] {"err":0,"msg":"JLUxWU6VS9Nsjsb9sbT4yHSPzvsdnhVQzX"}
[ Tue Aug 15 2017 16:27:24 GMT+0800 (CST) ] time is 1048
[ Tue Aug 15 2017 16:27:24 GMT+0800 (CST) ] {"err":0,"msg":"JPrXdjJjS9AfGTGAvkZSTUCsuvYkQZH9s8"}
[ Tue Aug 15 2017 16:27:24 GMT+0800 (CST) ] time is 1044
[ Tue Aug 15 2017 16:27:24 GMT+0800 (CST) ] {"err":0,"msg":"JUPcEiFr7vs9yj4kVaP8WPg9BWEd11YGT1"}
[ Tue Aug 15 2017 16:27:24 GMT+0800 (CST) ] time is 1047
[ Tue Aug 15 2017 16:27:24 GMT+0800 (CST) ] {"err":0,"msg":"JTmHJ7rvSbMgcULGPo4kzD3fW34dd9K3AL"}
[ Tue Aug 15 2017 16:27:24 GMT+0800 (CST) ] time is 1048
[ Tue Aug 15 2017 16:27:24 GMT+0800 (CST) ] {"err":0,"msg":"JP6TNkt1TRFBc8nmYjvH63pLea15hbSbGu"}
[ Tue Aug 15 2017 16:27:24 GMT+0800 (CST) ] time is 1049
[ Tue Aug 15 2017 16:27:24 GMT+0800 (CST) ] {"err":0,"msg":"JSssPWdGWzLioALmCSgBvSmjBiT58xZEUw"}
[ Tue Aug 15 2017 16:27:24 GMT+0800 (CST) ] time is 1048
[ Tue Aug 15 2017 16:27:24 GMT+0800 (CST) ] {"err":0,"msg":"JMhgkePqStnkCtEgxPYKYk9Tk8X6y5418p"}
[ Tue Aug 15 2017 16:27:24 GMT+0800 (CST) ] time is 1045
[ Tue Aug 15 2017 16:27:24 GMT+0800 (CST) ] {"err":0,"msg":"JhbWaK5VM4FhgHfDjdMnr6EZKhdQQnJb36"}
[ Tue Aug 15 2017 16:27:24 GMT+0800 (CST) ] time is 1049
[ Tue Aug 15 2017 16:27:24 GMT+0800 (CST) ] {"err":0,"msg":"JL1Y563MuJKQifaRyT4qv6WghNPCKuYMg6"}
[ Tue Aug 15 2017 16:27:24 GMT+0800 (CST) ] time is 1050
[ Tue Aug 15 2017 16:27:24 GMT+0800 (CST) ] {"err":0,"msg":"JJgqJsVyGNJspPoJ2zejDz9JRmU34nPfgS"}
[ Tue Aug 15 2017 16:27:24 GMT+0800 (CST) ] time is 1049
[ Tue Aug 15 2017 16:27:24 GMT+0800 (CST) ] {"err":0,"msg":"Jg8bwBLzw6twuJiuh1bEZPBQrfH8xfXR6y"}
[ Tue Aug 15 2017 16:27:24 GMT+0800 (CST) ] time is 1046
[ Tue Aug 15 2017 16:27:24 GMT+0800 (CST) ] {"err":0,"msg":"JQYAogowAXxnrq7RSAizzRwfCCf5u12mm6"}
[ Tue Aug 15 2017 16:27:24 GMT+0800 (CST) ] time is 1050
[ Tue Aug 15 2017 16:27:24 GMT+0800 (CST) ] {"err":0,"msg":"JSUwzzkamP5DLZp4Tc8W3dQUdvz7B9H46r"}
[ Tue Aug 15 2017 16:27:24 GMT+0800 (CST) ] time is 1051
[ Tue Aug 15 2017 16:27:24 GMT+0800 (CST) ] {"err":0,"msg":"JLbPuckiqeri5ySB9ufxvg8C8BBG76fNDA"}
[ Tue Aug 15 2017 16:27:24 GMT+0800 (CST) ] time is 1050
[ Tue Aug 15 2017 16:27:24 GMT+0800 (CST) ] {"err":0,"msg":"JKgSx5tVjc95XW5ANCGgHj7efuDyJigicm"}
[ Tue Aug 15 2017 16:27:24 GMT+0800 (CST) ] time is 1047
[ Tue Aug 15 2017 16:27:24 GMT+0800 (CST) ] {"err":0,"msg":"JYaiQoDShr3JGz631QSp7gqdBBphxBkWNm"}
[ Tue Aug 15 2017 16:27:24 GMT+0800 (CST) ] time is 1051
[ Tue Aug 15 2017 16:27:24 GMT+0800 (CST) ] {"err":0,"msg":"JUCgL2WAYYqT4Z5A4Wsqv9DdcHV78bQbmD"}
[ Tue Aug 15 2017 16:27:24 GMT+0800 (CST) ] time is 1052
[ Tue Aug 15 2017 16:27:24 GMT+0800 (CST) ] {"err":0,"msg":"JMSu5UnR6Tn1xghHo1rVxZcKtKtfTAtMuq"}
[ Tue Aug 15 2017 16:27:24 GMT+0800 (CST) ] time is 1051
[ Tue Aug 15 2017 16:27:24 GMT+0800 (CST) ] {"err":0,"msg":"JXr5KBjLUYGeLicQw4HyjoSGAmA6P8Mgne"}
[ Tue Aug 15 2017 16:27:25 GMT+0800 (CST) ] time is 1048
[ Tue Aug 15 2017 16:27:25 GMT+0800 (CST) ] {"err":0,"msg":"JZyCU7vLb9hqwn1hA9ruVFKGmThBe4o4Ff"}
[ Tue Aug 15 2017 16:27:25 GMT+0800 (CST) ] time is 1052
[ Tue Aug 15 2017 16:27:25 GMT+0800 (CST) ] {"err":0,"msg":"JhZQk4bMDNkw1UExLxQWe8BGGVifRt9stp"}
[ Tue Aug 15 2017 16:27:25 GMT+0800 (CST) ] time is 1053
[ Tue Aug 15 2017 16:27:25 GMT+0800 (CST) ] {"err":0,"msg":"JckGSCkHzgVH8jC2ThgmARq1qGpxARZQgL"}
[ Tue Aug 15 2017 16:27:25 GMT+0800 (CST) ] time is 1052
[ Tue Aug 15 2017 16:27:25 GMT+0800 (CST) ] {"err":0,"msg":"JKWDtdAPm8xnMr43By1SRURLHEzRuRMeqp"}
[ Tue Aug 15 2017 16:27:25 GMT+0800 (CST) ] time is 1049
[ Tue Aug 15 2017 16:27:25 GMT+0800 (CST) ] {"err":0,"msg":"JfpMQDg6bzqVeuZjFMCa6fuEs62cM2j27f"}
[ Tue Aug 15 2017 16:27:25 GMT+0800 (CST) ] time is 1054
[ Tue Aug 15 2017 16:27:25 GMT+0800 (CST) ] {"err":0,"msg":"JLuL5jGYYF83izspBC2oiyhYiad1tMkdwy"}
[ Tue Aug 15 2017 16:27:25 GMT+0800 (CST) ] time is 1053
[ Tue Aug 15 2017 16:27:25 GMT+0800 (CST) ] {"err":0,"msg":"JKQZhxD5jE4aw8dsDAYF32qYhRb74opawC"}
[ Tue Aug 15 2017 16:27:25 GMT+0800 (CST) ] time is 1053
[ Tue Aug 15 2017 16:27:25 GMT+0800 (CST) ] {"err":0,"msg":"JdV4F7ZZmX5DNQURzvgDmip4WU3GqU3KC5"}
[ Tue Aug 15 2017 16:27:25 GMT+0800 (CST) ] time is 1050
[ Tue Aug 15 2017 16:27:25 GMT+0800 (CST) ] {"err":0,"msg":"JQZosqpj8SxGFnps8LiLji2UVZMxDNoFih"}
[ Tue Aug 15 2017 16:27:25 GMT+0800 (CST) ] time is 1055
[ Tue Aug 15 2017 16:27:25 GMT+0800 (CST) ] {"err":0,"msg":"JTmpzXFi67AyWirk98kReRg5jtLhs2fqbt"}
[ Tue Aug 15 2017 16:27:25 GMT+0800 (CST) ] time is 1054
[ Tue Aug 15 2017 16:27:25 GMT+0800 (CST) ] {"err":0,"msg":"JcVvGJbZ7X1wUqdLxqHUFuG9Feg5ACMKpx"}
[ Tue Aug 15 2017 16:27:25 GMT+0800 (CST) ] time is 1054
[ Tue Aug 15 2017 16:27:25 GMT+0800 (CST) ] {"err":0,"msg":"JbsCYfjyXwoMBFsVgMFDQ1hpkusMmtVT5K"}
[ Tue Aug 15 2017 16:27:25 GMT+0800 (CST) ] time is 1051
[ Tue Aug 15 2017 16:27:25 GMT+0800 (CST) ] {"err":0,"msg":"JSW5Psh4GnoC8Y4oZtLkPARqwi1mXiezrH"}
[ Tue Aug 15 2017 16:27:25 GMT+0800 (CST) ] time is 1056
[ Tue Aug 15 2017 16:27:25 GMT+0800 (CST) ] {"err":0,"msg":"JSfA5iVF5wunPbitEzf7P8SeuWnwkZ1dnz"}
[ Tue Aug 15 2017 16:27:25 GMT+0800 (CST) ] time is 1055
[ Tue Aug 15 2017 16:27:25 GMT+0800 (CST) ] {"err":0,"msg":"JZK6Gq68rDmP4d7gKN4GSsKEBYujAdefCd"}
[ Tue Aug 15 2017 16:27:25 GMT+0800 (CST) ] time is 1055
[ Tue Aug 15 2017 16:27:25 GMT+0800 (CST) ] {"err":0,"msg":"Je74BVSKWwTkqkuTYKALcuHEC86hhkbXcL"}
[ Tue Aug 15 2017 16:27:25 GMT+0800 (CST) ] time is 1052
[ Tue Aug 15 2017 16:27:25 GMT+0800 (CST) ] {"err":0,"msg":"JL1g8RunoDoekir6HiRAFTbwPxxmxhNdNT"}
[ Tue Aug 15 2017 16:27:25 GMT+0800 (CST) ] time is 1057
[ Tue Aug 15 2017 16:27:25 GMT+0800 (CST) ] {"err":0,"msg":"JLpMBoh8V9wCvcwijN2BATQN1PYDttA2mE"}
[ Tue Aug 15 2017 16:27:25 GMT+0800 (CST) ] time is 1056
[ Tue Aug 15 2017 16:27:25 GMT+0800 (CST) ] {"err":0,"msg":"Jchhqv4iTMydQWr4rCN6KFSRHVKBxc7fdb"}
[ Tue Aug 15 2017 16:27:25 GMT+0800 (CST) ] time is 1056
[ Tue Aug 15 2017 16:27:25 GMT+0800 (CST) ] {"err":0,"msg":"JTzDZHWSr8DULn39iDWTdDpBpGAYSAHTWM"}
[ Tue Aug 15 2017 16:27:25 GMT+0800 (CST) ] time is 1053
[ Tue Aug 15 2017 16:27:25 GMT+0800 (CST) ] {"err":0,"msg":"JfGfA66DofnUSiaqL6puZuwRyTYpC4FW13"}
[ Tue Aug 15 2017 16:27:25 GMT+0800 (CST) ] time is 1058
[ Tue Aug 15 2017 16:27:25 GMT+0800 (CST) ] {"err":0,"msg":"JhEAdoFduAfE6GKVxBKs67bFygZiBfaxEZ"}
[ Tue Aug 15 2017 16:27:25 GMT+0800 (CST) ] time is 1057
[ Tue Aug 15 2017 16:27:25 GMT+0800 (CST) ] {"err":0,"msg":"JLrHDNqKhVNhXWZjurnHchX55vF17pFX2j"}
[ Tue Aug 15 2017 16:27:25 GMT+0800 (CST) ] time is 1057
[ Tue Aug 15 2017 16:27:25 GMT+0800 (CST) ] {"err":0,"msg":"JVGGyrkx29CJKURbQCMtDhoSp24B5kqXeD"}
[ Tue Aug 15 2017 16:27:25 GMT+0800 (CST) ] time is 1054
[ Tue Aug 15 2017 16:27:25 GMT+0800 (CST) ] {"err":0,"msg":"JK5FQQVw5aatWTAm5wkRjM7CytKi3VK1cd"}
[ Tue Aug 15 2017 16:27:25 GMT+0800 (CST) ] time is 1059
[ Tue Aug 15 2017 16:27:25 GMT+0800 (CST) ] {"err":0,"msg":"JT9eCevDiM5HGSVBmB1nZ6yssxH7efHY9Z"}
[ Tue Aug 15 2017 16:27:25 GMT+0800 (CST) ] time is 1058
[ Tue Aug 15 2017 16:27:25 GMT+0800 (CST) ] {"err":0,"msg":"JMzYQARQzjWY9EgfJWMESxRRmZ48kMfWSu"}
[ Tue Aug 15 2017 16:27:25 GMT+0800 (CST) ] time is 1058
[ Tue Aug 15 2017 16:27:25 GMT+0800 (CST) ] {"err":0,"msg":"JcJAAHRB4mXWC2U7hbJEvShpaYABApCWgL"}
[ Tue Aug 15 2017 16:27:25 GMT+0800 (CST) ] time is 1060
[ Tue Aug 15 2017 16:27:25 GMT+0800 (CST) ] {"err":0,"msg":"JVLyMx1RtK3zpUiU1bwervB6fgWv3CAK7w"}
[ Tue Aug 15 2017 16:27:25 GMT+0800 (CST) ] time is 1055
[ Tue Aug 15 2017 16:27:25 GMT+0800 (CST) ] {"err":0,"msg":"JdZZVe7WV2Tu5ZKCTUMAQScppyGoZwz4Rr"}
[ Tue Aug 15 2017 16:27:25 GMT+0800 (CST) ] time is 1059
[ Tue Aug 15 2017 16:27:25 GMT+0800 (CST) ] {"err":0,"msg":"JfzcsjqDwpn9TB8Fph38wo5VeAwELkT7Mu"}
[ Tue Aug 15 2017 16:27:25 GMT+0800 (CST) ] time is 1059
[ Tue Aug 15 2017 16:27:25 GMT+0800 (CST) ] {"err":0,"msg":"JPNx1uYUz4cRB4hcHoHFh1DkVNyo3CVvU8"}
[ Tue Aug 15 2017 16:27:25 GMT+0800 (CST) ] time is 1061
[ Tue Aug 15 2017 16:27:25 GMT+0800 (CST) ] {"err":0,"msg":"JZfWLfwuYMAh1KHMEMhUhCW1yDF1ei4Uf2"}
[ Tue Aug 15 2017 16:27:25 GMT+0800 (CST) ] time is 1056
[ Tue Aug 15 2017 16:27:25 GMT+0800 (CST) ] {"err":0,"msg":"JbCcfRHtp2kjzfXJBbj8BUz2WbELxHu7dK"}
[ Tue Aug 15 2017 16:27:25 GMT+0800 (CST) ] time is 1060
[ Tue Aug 15 2017 16:27:25 GMT+0800 (CST) ] {"err":0,"msg":"JQaBCuCxshY3q3f4c8aoDvT6kCkn99pjZa"}
[ Tue Aug 15 2017 16:27:25 GMT+0800 (CST) ] time is 1060
[ Tue Aug 15 2017 16:27:25 GMT+0800 (CST) ] {"err":0,"msg":"Ja38zXQLhzWJhSDcFADPwYwLcJ8ixdkv3u"}
[ Tue Aug 15 2017 16:27:25 GMT+0800 (CST) ] time is 1062
[ Tue Aug 15 2017 16:27:25 GMT+0800 (CST) ] {"err":0,"msg":"JgTqd4m88L2qmG95DegLkhsYzjUohJKNZa"}
[ Tue Aug 15 2017 16:27:25 GMT+0800 (CST) ] time is 1057
[ Tue Aug 15 2017 16:27:25 GMT+0800 (CST) ] {"err":0,"msg":"JNQvRHyFxtBc9Bq7hhKrxufuqmfsB2fPjr"}
[ Tue Aug 15 2017 16:27:25 GMT+0800 (CST) ] time is 1061
[ Tue Aug 15 2017 16:27:25 GMT+0800 (CST) ] {"err":0,"msg":"JfWZLQ7Q99Hby1jTB8QJ4FCBNqhxc3zWai"}
[ Tue Aug 15 2017 16:27:25 GMT+0800 (CST) ] time is 1061
[ Tue Aug 15 2017 16:27:25 GMT+0800 (CST) ] {"err":0,"msg":"JdtEHDXQSqbrLrbworzvrjprXB8ACEgWyN"}
[ Tue Aug 15 2017 16:27:25 GMT+0800 (CST) ] time is 1063
[ Tue Aug 15 2017 16:27:25 GMT+0800 (CST) ] {"err":0,"msg":"JVY2rwuuLAoskMUfNCLBffkuuctis49oyy"}
[ Tue Aug 15 2017 16:27:25 GMT+0800 (CST) ] time is 1058
[ Tue Aug 15 2017 16:27:25 GMT+0800 (CST) ] {"err":0,"msg":"JYcTKJnjYkGRPSrHzth1PPE96vq5v98WNA"}
[ Tue Aug 15 2017 16:27:25 GMT+0800 (CST) ] time is 1062
[ Tue Aug 15 2017 16:27:25 GMT+0800 (CST) ] {"err":0,"msg":"JbNhTM36sbK3iAab1RvsFzEz2ZW6FWJY3E"}
[ Tue Aug 15 2017 16:27:25 GMT+0800 (CST) ] time is 1062
[ Tue Aug 15 2017 16:27:25 GMT+0800 (CST) ] {"err":0,"msg":"JZtspyu9GFeRefoxHg8LMT4aiRSzA2Si2U"}
[ Tue Aug 15 2017 16:27:25 GMT+0800 (CST) ] time is 1064
[ Tue Aug 15 2017 16:27:25 GMT+0800 (CST) ] {"err":0,"msg":"JhVK41AcQev5vKfVQfccXW4pewVtBRA9Qu"}
[ Tue Aug 15 2017 16:27:25 GMT+0800 (CST) ] time is 1059
[ Tue Aug 15 2017 16:27:25 GMT+0800 (CST) ] {"err":0,"msg":"JUfoshHYSJg5qry2cbAMHH2ARBvy7tCBNY"}
[ Tue Aug 15 2017 16:27:25 GMT+0800 (CST) ] time is 1063
[ Tue Aug 15 2017 16:27:25 GMT+0800 (CST) ] {"err":0,"msg":"JRGE7pcTD5njG1iMZ6oymc5Gfqc7itHzJi"}
[ Tue Aug 15 2017 16:27:25 GMT+0800 (CST) ] time is 1063
[ Tue Aug 15 2017 16:27:25 GMT+0800 (CST) ] {"err":0,"msg":"JJvwMF2DJCnocJsF38GJYzX6XgKjHpXYuP"}
[ Tue Aug 15 2017 16:27:25 GMT+0800 (CST) ] time is 1065
[ Tue Aug 15 2017 16:27:25 GMT+0800 (CST) ] {"err":0,"msg":"JS4UqvKLRqh8Q8RcpYVUnjpp7HtmR7Eo2L"}
[ Tue Aug 15 2017 16:27:25 GMT+0800 (CST) ] time is 1060
[ Tue Aug 15 2017 16:27:25 GMT+0800 (CST) ] {"err":0,"msg":"JfJvAxaEt6i49he1ErY9BEdHdzwWsToSRN"}
[ Tue Aug 15 2017 16:27:25 GMT+0800 (CST) ] time is 1064
[ Tue Aug 15 2017 16:27:25 GMT+0800 (CST) ] {"err":0,"msg":"JZUfaPvwdVm9g2tDbGhmVBjUDs6WBbkrc9"}
[ Tue Aug 15 2017 16:27:25 GMT+0800 (CST) ] time is 1064
[ Tue Aug 15 2017 16:27:25 GMT+0800 (CST) ] {"err":0,"msg":"JQpS6mkW1mmvk6H8oSULFnAvF4mYxmNeXQ"}
[ Tue Aug 15 2017 16:27:25 GMT+0800 (CST) ] time is 1066
[ Tue Aug 15 2017 16:27:25 GMT+0800 (CST) ] {"err":0,"msg":"JQgUVigYVWNpmFbd59WBe78PKdznswsz6W"}
[ Tue Aug 15 2017 16:27:25 GMT+0800 (CST) ] time is 1061
[ Tue Aug 15 2017 16:27:25 GMT+0800 (CST) ] {"err":0,"msg":"JRy9Y4AZ5HFHFKtyUGfVgMeJFp8QeHgVVj"}
[ Tue Aug 15 2017 16:27:25 GMT+0800 (CST) ] time is 1065
[ Tue Aug 15 2017 16:27:25 GMT+0800 (CST) ] {"err":0,"msg":"JVvZmUGt6iviKBqsS4UxP11teor3zkT36L"}
[ Tue Aug 15 2017 16:27:25 GMT+0800 (CST) ] time is 1065
[ Tue Aug 15 2017 16:27:25 GMT+0800 (CST) ] {"err":0,"msg":"JVSZAcjyikb3QyQHoJmhxz5YAhGywJZFFp"}
[ Tue Aug 15 2017 16:27:25 GMT+0800 (CST) ] time is 1067
[ Tue Aug 15 2017 16:27:25 GMT+0800 (CST) ] {"err":0,"msg":"JXb9DFrWLmx1wk3VbXLWyDuxbjxHuCiwCG"}
[ Tue Aug 15 2017 16:27:25 GMT+0800 (CST) ] time is 1062
[ Tue Aug 15 2017 16:27:25 GMT+0800 (CST) ] {"err":0,"msg":"JZkZKTpoGz8MMdcJmL5yRX2TiDhzCsjSAf"}
[ Tue Aug 15 2017 16:27:25 GMT+0800 (CST) ] time is 1066
[ Tue Aug 15 2017 16:27:25 GMT+0800 (CST) ] {"err":0,"msg":"JWELiwVhfhb5nv8Re9UDcxoQw3MWGCXL4n"}
[ Tue Aug 15 2017 16:27:25 GMT+0800 (CST) ] time is 1066
[ Tue Aug 15 2017 16:27:25 GMT+0800 (CST) ] {"err":0,"msg":"JYfRZTZyjpHX5ZDGGkHUy4ewhJuDPqFqLY"}
[ Tue Aug 15 2017 16:27:25 GMT+0800 (CST) ] time is 1068
[ Tue Aug 15 2017 16:27:25 GMT+0800 (CST) ] {"err":0,"msg":"JYMm3gL7Mdrn3f46ejg7ZLgFj8wHQfZV4s"}
[ Tue Aug 15 2017 16:27:25 GMT+0800 (CST) ] time is 1063
[ Tue Aug 15 2017 16:27:25 GMT+0800 (CST) ] {"err":0,"msg":"JLJELVTYdEdV3VHiDWV9yXKoVJ1WHWnrbX"}
[ Tue Aug 15 2017 16:27:25 GMT+0800 (CST) ] time is 1067
[ Tue Aug 15 2017 16:27:25 GMT+0800 (CST) ] {"err":0,"msg":"JSJqsYFascC7a3mAMQwA1vNLxfEVtdkhLQ"}
[ Tue Aug 15 2017 16:27:25 GMT+0800 (CST) ] time is 1067
[ Tue Aug 15 2017 16:27:25 GMT+0800 (CST) ] {"err":0,"msg":"JUMt3nZargiTpHu9pWnW9rk8Cz7AhxZqfT"}
[ Tue Aug 15 2017 16:27:25 GMT+0800 (CST) ] time is 1069
[ Tue Aug 15 2017 16:27:25 GMT+0800 (CST) ] {"err":0,"msg":"JUTBCDxZkkRDrKQ3JVTsAJvRa9CP8jBBYh"}
[ Tue Aug 15 2017 16:27:25 GMT+0800 (CST) ] time is 1064
[ Tue Aug 15 2017 16:27:25 GMT+0800 (CST) ] {"err":0,"msg":"JMQYi4V939vAiHTpjhbxpxdLPdgj6FEyd6"}
[ Tue Aug 15 2017 16:27:25 GMT+0800 (CST) ] time is 1068
[ Tue Aug 15 2017 16:27:25 GMT+0800 (CST) ] {"err":0,"msg":"JfspbtF7KWqhv3gVGoMfh43nDd9E5tn9LH"}
[ Tue Aug 15 2017 16:27:25 GMT+0800 (CST) ] time is 1068
[ Tue Aug 15 2017 16:27:25 GMT+0800 (CST) ] {"err":0,"msg":"JZk3qN9AH1ZsMPyC1S4Pbok8JPBQV2uDRg"}
[ Tue Aug 15 2017 16:27:25 GMT+0800 (CST) ] time is 1070
[ Tue Aug 15 2017 16:27:25 GMT+0800 (CST) ] {"err":0,"msg":"JSuN8jjXFxWc9kJDp3XdqWZJVAAKYDT46k"}
[ Tue Aug 15 2017 16:27:25 GMT+0800 (CST) ] time is 1065
[ Tue Aug 15 2017 16:27:25 GMT+0800 (CST) ] {"err":0,"msg":"JViwuYSwrrz1nznXC3fkxRfQoCWoSfUzcG"}
[ Tue Aug 15 2017 16:27:25 GMT+0800 (CST) ] time is 1069
[ Tue Aug 15 2017 16:27:25 GMT+0800 (CST) ] {"err":0,"msg":"JPB4uHd1EeLTa8P64GCnh5Pd8pABDjNrVA"}
[ Tue Aug 15 2017 16:27:25 GMT+0800 (CST) ] time is 1071
[ Tue Aug 15 2017 16:27:25 GMT+0800 (CST) ] {"err":0,"msg":"JfSDpTL4Yynj79nDCzZjWm9S1CqGayRhjs"}
[ Tue Aug 15 2017 16:27:26 GMT+0800 (CST) ] time is 1069
[ Tue Aug 15 2017 16:27:26 GMT+0800 (CST) ] {"err":0,"msg":"JgiKE96jjxuGypmxbkTN7AULjiKWNaSP3d"}
[ Tue Aug 15 2017 16:27:26 GMT+0800 (CST) ] time is 1066
[ Tue Aug 15 2017 16:27:26 GMT+0800 (CST) ] {"err":0,"msg":"JWWhid41aRRELbNb73B7SMyHS3wsE7BmDL"}
[ Tue Aug 15 2017 16:27:26 GMT+0800 (CST) ] time is 1070
[ Tue Aug 15 2017 16:27:26 GMT+0800 (CST) ] {"err":0,"msg":"JMvZ4VWiYuASNyEPT5YhCWu7qiXXy3mdQ8"}
[ Tue Aug 15 2017 16:27:26 GMT+0800 (CST) ] time is 1072
[ Tue Aug 15 2017 16:27:26 GMT+0800 (CST) ] {"err":0,"msg":"JVSCPwXBvU3aKAicZM4Ldt43KWRDUoMCs5"}
[ Tue Aug 15 2017 16:27:26 GMT+0800 (CST) ] time is 1070
[ Tue Aug 15 2017 16:27:26 GMT+0800 (CST) ] {"err":0,"msg":"JXzPuTyhUQMHLJ9YQqNcREYj4KrqFkSMHF"}
[ Tue Aug 15 2017 16:27:26 GMT+0800 (CST) ] time is 1067
[ Tue Aug 15 2017 16:27:26 GMT+0800 (CST) ] {"err":0,"msg":"JPLLa3tYkbAT8eH2WozdHkZ2YXwPx4GJTx"}
[ Tue Aug 15 2017 16:27:26 GMT+0800 (CST) ] time is 1071
[ Tue Aug 15 2017 16:27:26 GMT+0800 (CST) ] {"err":0,"msg":"JYgv1Tu6RPY7DzRQvJfY2HbWzEkaLJECtf"}
[ Tue Aug 15 2017 16:27:26 GMT+0800 (CST) ] time is 1073
[ Tue Aug 15 2017 16:27:26 GMT+0800 (CST) ] {"err":0,"msg":"JMeS8d6fZYMkVd3tUuWFdW44UP9fVEASJH"}
[ Tue Aug 15 2017 16:27:26 GMT+0800 (CST) ] time is 1071
[ Tue Aug 15 2017 16:27:26 GMT+0800 (CST) ] {"err":0,"msg":"JYaPmvbuodrsjS1cLsikAm9YoJiNhAqBws"}
[ Tue Aug 15 2017 16:27:26 GMT+0800 (CST) ] time is 1068
[ Tue Aug 15 2017 16:27:26 GMT+0800 (CST) ] {"err":0,"msg":"JcrSRqrXnyjSCcsyY9VC9UM1wR9JURkwrC"}
[ Tue Aug 15 2017 16:27:26 GMT+0800 (CST) ] time is 1072
[ Tue Aug 15 2017 16:27:26 GMT+0800 (CST) ] {"err":0,"msg":"JgRnFVE1mh5EpJ46uA6MTgvtFagVqPimyu"}
[ Tue Aug 15 2017 16:27:26 GMT+0800 (CST) ] time is 1074
[ Tue Aug 15 2017 16:27:26 GMT+0800 (CST) ] {"err":0,"msg":"JVRDNxtUjKGptEjHBePEJzhDRj5kFh6DVZ"}
[ Tue Aug 15 2017 16:27:26 GMT+0800 (CST) ] time is 1072
[ Tue Aug 15 2017 16:27:26 GMT+0800 (CST) ] {"err":0,"msg":"JXqY5xxh2iEKq6HXEJLdt47pp5tucjWX8S"}
[ Tue Aug 15 2017 16:27:26 GMT+0800 (CST) ] time is 1069
[ Tue Aug 15 2017 16:27:26 GMT+0800 (CST) ] {"err":0,"msg":"JdeQD4PKGvpL8m8ejaD2zDHmqEvnC1ui9N"}
[ Tue Aug 15 2017 16:27:26 GMT+0800 (CST) ] time is 1073
[ Tue Aug 15 2017 16:27:26 GMT+0800 (CST) ] {"err":0,"msg":"JYWGDEMRyF9bV6Pg6yyRUQ1rgTTXXAucbR"}
[ Tue Aug 15 2017 16:27:26 GMT+0800 (CST) ] time is 1075
[ Tue Aug 15 2017 16:27:26 GMT+0800 (CST) ] {"err":0,"msg":"JcjvmvoZnCLNtros2XxKxdgGb4YjsfaWUT"}
[ Tue Aug 15 2017 16:27:26 GMT+0800 (CST) ] time is 1073
[ Tue Aug 15 2017 16:27:26 GMT+0800 (CST) ] {"err":0,"msg":"JeSxmddRWWwMFS4kRU1tZQ3cSWkv5dErLL"}
[ Tue Aug 15 2017 16:27:26 GMT+0800 (CST) ] time is 1070
[ Tue Aug 15 2017 16:27:26 GMT+0800 (CST) ] {"err":0,"msg":"JPKVNJTvSSLPuXEWTSakpmpkegq8Xe8LVh"}
[ Tue Aug 15 2017 16:27:26 GMT+0800 (CST) ] time is 1074
[ Tue Aug 15 2017 16:27:26 GMT+0800 (CST) ] {"err":0,"msg":"JVa5vNr8xptgJh2365PXcFX4MPJdi26vkx"}
[ Tue Aug 15 2017 16:27:26 GMT+0800 (CST) ] time is 1076
[ Tue Aug 15 2017 16:27:26 GMT+0800 (CST) ] {"err":0,"msg":"JPnJTViJiDbGRJik3Q7R3mT1aHnmC6K3Uz"}
[ Tue Aug 15 2017 16:27:26 GMT+0800 (CST) ] time is 1074
[ Tue Aug 15 2017 16:27:26 GMT+0800 (CST) ] {"err":0,"msg":"JS8gUnTigbMdHBZ24166ksm1DjJP2MeLtL"}
[ Tue Aug 15 2017 16:27:26 GMT+0800 (CST) ] time is 1071
[ Tue Aug 15 2017 16:27:26 GMT+0800 (CST) ] {"err":0,"msg":"JbkBXgJyjUGGxi9whMY1cHjS8c9UoRwo7t"}
[ Tue Aug 15 2017 16:27:26 GMT+0800 (CST) ] time is 1075
[ Tue Aug 15 2017 16:27:26 GMT+0800 (CST) ] {"err":0,"msg":"JYRrhK6iZeAzQpP32NCU1d7MLLUs7tsDZi"}
[ Tue Aug 15 2017 16:27:26 GMT+0800 (CST) ] time is 1077
[ Tue Aug 15 2017 16:27:26 GMT+0800 (CST) ] {"err":0,"msg":"JQLEiQdUyDTgtyRgYdDbdv5RG3Qem8sKD1"}
[ Tue Aug 15 2017 16:27:26 GMT+0800 (CST) ] time is 1075
[ Tue Aug 15 2017 16:27:26 GMT+0800 (CST) ] {"err":0,"msg":"JP1NTvu9nP4yhqf6Pwx5ersds3VJJWNv5c"}
[ Tue Aug 15 2017 16:27:26 GMT+0800 (CST) ] time is 1072
[ Tue Aug 15 2017 16:27:26 GMT+0800 (CST) ] {"err":0,"msg":"JhYMQ5FTBiXH5ZSTX3FwX8q2ZXNjSRPGrB"}
[ Tue Aug 15 2017 16:27:26 GMT+0800 (CST) ] time is 1076
[ Tue Aug 15 2017 16:27:26 GMT+0800 (CST) ] {"err":0,"msg":"JUQzsGPfyvZB3afEfk8fpHquwiCbQkjHxH"}
[ Tue Aug 15 2017 16:27:26 GMT+0800 (CST) ] time is 1078
[ Tue Aug 15 2017 16:27:26 GMT+0800 (CST) ] {"err":0,"msg":"JQ5yWAbD9YtiqQE4y4BLjAGK8PZf192rns"}
[ Tue Aug 15 2017 16:27:26 GMT+0800 (CST) ] time is 1076
[ Tue Aug 15 2017 16:27:26 GMT+0800 (CST) ] {"err":0,"msg":"JUpfDaB2SJKKZZqxZRqtyVRpqn8RFexD69"}
[ Tue Aug 15 2017 16:27:26 GMT+0800 (CST) ] time is 1073
[ Tue Aug 15 2017 16:27:26 GMT+0800 (CST) ] {"err":0,"msg":"JLow6215Tv1Kyves7pH7Hf3gSYKg23DkFu"}
[ Tue Aug 15 2017 16:27:26 GMT+0800 (CST) ] time is 1077
[ Tue Aug 15 2017 16:27:26 GMT+0800 (CST) ] {"err":0,"msg":"JbTesNMiR43PdTCYShA8VRQSrH2BZmgyTj"}
[ Tue Aug 15 2017 16:27:26 GMT+0800 (CST) ] time is 1079
[ Tue Aug 15 2017 16:27:26 GMT+0800 (CST) ] {"err":0,"msg":"JacE8Y2HNnQtWC1NT5JmtiVngp1rjVYa6z"}
[ Tue Aug 15 2017 16:27:26 GMT+0800 (CST) ] time is 1077
[ Tue Aug 15 2017 16:27:26 GMT+0800 (CST) ] {"err":0,"msg":"JSxVTZ2V8SVhP4KJsQhyijhRjWuUwwHe3i"}
[ Tue Aug 15 2017 16:27:26 GMT+0800 (CST) ] time is 1074
[ Tue Aug 15 2017 16:27:26 GMT+0800 (CST) ] {"err":0,"msg":"JKjRPcdZ3dScJRojb8B41i31HWhSukCVd4"}
[ Tue Aug 15 2017 16:27:26 GMT+0800 (CST) ] time is 1078
[ Tue Aug 15 2017 16:27:26 GMT+0800 (CST) ] {"err":0,"msg":"JbpZbmhvjSAvwGeKoZg9riAtWqPMNP719Z"}
[ Tue Aug 15 2017 16:27:26 GMT+0800 (CST) ] time is 1080
[ Tue Aug 15 2017 16:27:26 GMT+0800 (CST) ] {"err":0,"msg":"JWL2LxgnhzEBTggnNKu3xcxi2cffPvWWe5"}
[ Tue Aug 15 2017 16:27:26 GMT+0800 (CST) ] time is 1078
[ Tue Aug 15 2017 16:27:26 GMT+0800 (CST) ] {"err":0,"msg":"Ja5do15kAvM1EZmZYkUk3e61XwBkSUXFw9"}
[ Tue Aug 15 2017 16:27:26 GMT+0800 (CST) ] time is 1075
[ Tue Aug 15 2017 16:27:26 GMT+0800 (CST) ] {"err":0,"msg":"JQwQB8LP573zKQWbrYtcuAXAwvnEb1z7LD"}
[ Tue Aug 15 2017 16:27:26 GMT+0800 (CST) ] time is 1079
[ Tue Aug 15 2017 16:27:26 GMT+0800 (CST) ] {"err":0,"msg":"JTKozd3t7EDMAv7NnENeQrP6MFqDpxpDLF"}
[ Tue Aug 15 2017 16:27:26 GMT+0800 (CST) ] time is 1081
[ Tue Aug 15 2017 16:27:26 GMT+0800 (CST) ] {"err":0,"msg":"Jhoh6wk3snu8te26nYD73DmqC1xNTVHnWa"}
[ Tue Aug 15 2017 16:27:26 GMT+0800 (CST) ] time is 1079
[ Tue Aug 15 2017 16:27:26 GMT+0800 (CST) ] {"err":0,"msg":"JU9F753pa3SQwHL7iVomvRcv8V6hjA4PQp"}
[ Tue Aug 15 2017 16:27:26 GMT+0800 (CST) ] time is 1076
[ Tue Aug 15 2017 16:27:26 GMT+0800 (CST) ] {"err":0,"msg":"JREmkCfMfjQB3ZEYKUAghYZohNUa3c8kKy"}
[ Tue Aug 15 2017 16:27:26 GMT+0800 (CST) ] time is 1080
[ Tue Aug 15 2017 16:27:26 GMT+0800 (CST) ] {"err":0,"msg":"JhbkyD5za6cysBdQ2qSFZCroHrnR3Ehjt5"}
[ Tue Aug 15 2017 16:27:26 GMT+0800 (CST) ] time is 1082
[ Tue Aug 15 2017 16:27:26 GMT+0800 (CST) ] {"err":0,"msg":"JVyyEpmBXcZmqvf5hqZmSAAeVXbvbii1mD"}
[ Tue Aug 15 2017 16:27:26 GMT+0800 (CST) ] time is 1080
[ Tue Aug 15 2017 16:27:26 GMT+0800 (CST) ] {"err":0,"msg":"Je5NXkfYsdNUACYvVqExRNRQ43oyeUETZn"}
[ Tue Aug 15 2017 16:27:26 GMT+0800 (CST) ] time is 1077
[ Tue Aug 15 2017 16:27:26 GMT+0800 (CST) ] {"err":0,"msg":"JTCpeU1EoPSMqxFaS61xDTSgaT6VeNV99b"}
[ Tue Aug 15 2017 16:27:26 GMT+0800 (CST) ] time is 1081
[ Tue Aug 15 2017 16:27:26 GMT+0800 (CST) ] {"err":0,"msg":"JbzcTmZBX7MuqZC7WK3uWnRGQAb15PPaBh"}
[ Tue Aug 15 2017 16:27:26 GMT+0800 (CST) ] time is 1083
[ Tue Aug 15 2017 16:27:26 GMT+0800 (CST) ] {"err":0,"msg":"JShVsnMPP1kdwbe2u5ZnFhFkHLuLnmGgXj"}
[ Tue Aug 15 2017 16:27:26 GMT+0800 (CST) ] time is 1081
[ Tue Aug 15 2017 16:27:26 GMT+0800 (CST) ] {"err":0,"msg":"JNaAH9oDppAzfFu7doyUy6LwiDX77JYfFZ"}
[ Tue Aug 15 2017 16:27:26 GMT+0800 (CST) ] time is 1078
[ Tue Aug 15 2017 16:27:26 GMT+0800 (CST) ] {"err":0,"msg":"Jedkq4U9qd59N8mdLyEwG9hTzQvdTnm8dm"}
[ Tue Aug 15 2017 16:27:26 GMT+0800 (CST) ] time is 1082
[ Tue Aug 15 2017 16:27:26 GMT+0800 (CST) ] {"err":0,"msg":"JTaTkR5KV9vNNTHwkeEv5WQGj8MAVpudqo"}
[ Tue Aug 15 2017 16:27:26 GMT+0800 (CST) ] time is 1084
[ Tue Aug 15 2017 16:27:26 GMT+0800 (CST) ] {"err":0,"msg":"JTa9jnXx2rTa9U1UAtESPkSCV6oam6ZWJE"}
[ Tue Aug 15 2017 16:27:26 GMT+0800 (CST) ] time is 1082
[ Tue Aug 15 2017 16:27:26 GMT+0800 (CST) ] {"err":0,"msg":"Jb1gtsohvQv7YbnKnXx8kfgeM3fBeoXsq8"}
[ Tue Aug 15 2017 16:27:26 GMT+0800 (CST) ] time is 1079
[ Tue Aug 15 2017 16:27:26 GMT+0800 (CST) ] {"err":0,"msg":"JVj79UD2DySzoxBPiW8cFkozBUP6RqF82m"}
[ Tue Aug 15 2017 16:27:26 GMT+0800 (CST) ] time is 1083
[ Tue Aug 15 2017 16:27:26 GMT+0800 (CST) ] {"err":0,"msg":"JSyTnpUZpNJxxMAxqiyGagw2KkzvR8CEK7"}
[ Tue Aug 15 2017 16:27:26 GMT+0800 (CST) ] time is 1085
[ Tue Aug 15 2017 16:27:26 GMT+0800 (CST) ] {"err":0,"msg":"JdvFJRxbNTZYEYF6CJCzKoiwzHZVbSj4Av"}
[ Tue Aug 15 2017 16:27:26 GMT+0800 (CST) ] time is 1083
[ Tue Aug 15 2017 16:27:26 GMT+0800 (CST) ] {"err":0,"msg":"JVw3ja5BVfUZmRTfBougrpFeFmn9fPgBrP"}
[ Tue Aug 15 2017 16:27:26 GMT+0800 (CST) ] time is 1080
[ Tue Aug 15 2017 16:27:26 GMT+0800 (CST) ] {"err":0,"msg":"JcfkR4E52J8XxwKZ4jPooTTdnAhYGkcyXo"}
[ Tue Aug 15 2017 16:27:26 GMT+0800 (CST) ] time is 1084
[ Tue Aug 15 2017 16:27:26 GMT+0800 (CST) ] {"err":0,"msg":"JW3skyHmHCf2eEG8LQp2hNAiDWGxcz7V8X"}
[ Tue Aug 15 2017 16:27:26 GMT+0800 (CST) ] time is 1086
[ Tue Aug 15 2017 16:27:26 GMT+0800 (CST) ] {"err":0,"msg":"JgWLekn9xvgxuJxh1sRy7ut2QMXGcdVmHr"}
[ Tue Aug 15 2017 16:27:26 GMT+0800 (CST) ] time is 1084
[ Tue Aug 15 2017 16:27:26 GMT+0800 (CST) ] {"err":0,"msg":"JXwcmfevQgxnts1wQd7J64RChmsVyCRfnJ"}
[ Tue Aug 15 2017 16:27:26 GMT+0800 (CST) ] time is 1081
[ Tue Aug 15 2017 16:27:26 GMT+0800 (CST) ] {"err":0,"msg":"JMoxSAXKx9oYD8xf3EKbV4JMJSeDKsdar6"}
[ Tue Aug 15 2017 16:27:26 GMT+0800 (CST) ] time is 1085
[ Tue Aug 15 2017 16:27:26 GMT+0800 (CST) ] {"err":0,"msg":"JarJd3LdfrTMDQ5p5iPk5orye3Wy9UnnhJ"}
[ Tue Aug 15 2017 16:27:26 GMT+0800 (CST) ] time is 1087
[ Tue Aug 15 2017 16:27:26 GMT+0800 (CST) ] {"err":0,"msg":"Jb9QwYn74GkEaPc4X9fog2VgC8HHaCsLoY"}
[ Tue Aug 15 2017 16:27:26 GMT+0800 (CST) ] time is 1085
[ Tue Aug 15 2017 16:27:26 GMT+0800 (CST) ] {"err":0,"msg":"JUTHGzxsvYFVV59EQeN8fphANnmymnh9tN"}
[ Tue Aug 15 2017 16:27:26 GMT+0800 (CST) ] time is 1082
[ Tue Aug 15 2017 16:27:26 GMT+0800 (CST) ] {"err":0,"msg":"JZEDsFjsR1AteFNXRjZAZJTmE4e3LAiPVq"}
[ Tue Aug 15 2017 16:27:26 GMT+0800 (CST) ] time is 1086
[ Tue Aug 15 2017 16:27:26 GMT+0800 (CST) ] {"err":0,"msg":"Jeq5HQUhePg6oBqdH82eUa3RC99aFaKPWz"}
[ Tue Aug 15 2017 16:27:26 GMT+0800 (CST) ] time is 1088
[ Tue Aug 15 2017 16:27:26 GMT+0800 (CST) ] {"err":0,"msg":"JfgMG4sPSmrtVKVvE6666rmJsLF8a2nkA5"}
[ Tue Aug 15 2017 16:27:26 GMT+0800 (CST) ] time is 1087
[ Tue Aug 15 2017 16:27:26 GMT+0800 (CST) ] {"err":0,"msg":"JVHSVz4R2SQpwzUyKdmU36yhF9XpyZ7cnW"}
[ Tue Aug 15 2017 16:27:26 GMT+0800 (CST) ] time is 1086
[ Tue Aug 15 2017 16:27:26 GMT+0800 (CST) ] {"err":0,"msg":"JZdf3J2ALV3bzAv8QS4LNNxGoyS4JJnyn5"}
[ Tue Aug 15 2017 16:27:26 GMT+0800 (CST) ] time is 1083
[ Tue Aug 15 2017 16:27:26 GMT+0800 (CST) ] {"err":0,"msg":"JNMEm1sFLAuq3cQgmwP1vHcDXVmTyfTAPU"}
[ Tue Aug 15 2017 16:27:27 GMT+0800 (CST) ] time is 1089
[ Tue Aug 15 2017 16:27:27 GMT+0800 (CST) ] time is 1088
[ Tue Aug 15 2017 16:27:27 GMT+0800 (CST) ] {"err":0,"msg":"JKdnBrBybgQd4BTtD1ANyLvBQhbxPmuuQc"}
[ Tue Aug 15 2017 16:27:27 GMT+0800 (CST) ] {"err":0,"msg":"JNitDtUtgwSxWExWLh73C3KSwBnfTP1Yhv"}
[ Tue Aug 15 2017 16:27:27 GMT+0800 (CST) ] time is 1087
[ Tue Aug 15 2017 16:27:27 GMT+0800 (CST) ] {"err":0,"msg":"JMa55BUx9jZnVGBtB2LnVCuHMN3o3J9BX5"}
[ Tue Aug 15 2017 16:27:27 GMT+0800 (CST) ] time is 1090
[ Tue Aug 15 2017 16:27:27 GMT+0800 (CST) ] {"err":0,"msg":"JU7vg4zzDSCFq8jX3WJnFA7P1MCdo4ZBSW"}
[ Tue Aug 15 2017 16:27:27 GMT+0800 (CST) ] time is 1084
[ Tue Aug 15 2017 16:27:27 GMT+0800 (CST) ] {"err":0,"msg":"JVpEMx6kQgKweMkcizeBEXjTHA5XqzAbGv"}
[ Tue Aug 15 2017 16:27:27 GMT+0800 (CST) ] {"err":0,"msg":"JV3rf5gpGLP8WcheNmVsyA3CWM4ZHRkxi4"}
[ Tue Aug 15 2017 16:27:27 GMT+0800 (CST) ] time is 1089
[ Tue Aug 15 2017 16:27:27 GMT+0800 (CST) ] time is 1088
[ Tue Aug 15 2017 16:27:27 GMT+0800 (CST) ] {"err":0,"msg":"JNanb6XL1LFqeebTpcPPhHvQQW1Xi5njT3"}
[ Tue Aug 15 2017 16:27:27 GMT+0800 (CST) ] time is 1091
[ Tue Aug 15 2017 16:27:27 GMT+0800 (CST) ] {"err":0,"msg":"JUPJDYrmpsmCrEqKSduZck4TdZLTd79qHa"}
[ Tue Aug 15 2017 16:27:27 GMT+0800 (CST) ] time is 1085
[ Tue Aug 15 2017 16:27:27 GMT+0800 (CST) ] {"err":0,"msg":"JMtio73iEGpA4qHNBkvxHxpbJpEPu6JdD9"}
[ Tue Aug 15 2017 16:27:27 GMT+0800 (CST) ] time is 1090
[ Tue Aug 15 2017 16:27:27 GMT+0800 (CST) ] {"err":0,"msg":"JRCrdFem5AFMDzb3TFB5BJzPDig1fEmzLg"}
[ Tue Aug 15 2017 16:27:27 GMT+0800 (CST) ] time is 1089
[ Tue Aug 15 2017 16:27:27 GMT+0800 (CST) ] {"err":0,"msg":"Jehdwani5nwSaZiiG8boiN8ZZMy8KwSvu9"}
[ Tue Aug 15 2017 16:27:27 GMT+0800 (CST) ] time is 1092
[ Tue Aug 15 2017 16:27:27 GMT+0800 (CST) ] {"err":0,"msg":"JXMtgiuxTMBahAb92Lb9k19vweBfJBhawR"}
[ Tue Aug 15 2017 16:27:27 GMT+0800 (CST) ] time is 1086
[ Tue Aug 15 2017 16:27:27 GMT+0800 (CST) ] {"err":0,"msg":"JNcms73dRnJfbPgj6dPnCRR8hS3yAJnKFb"}
[ Tue Aug 15 2017 16:27:27 GMT+0800 (CST) ] time is 1091
[ Tue Aug 15 2017 16:27:27 GMT+0800 (CST) ] {"err":0,"msg":"JT2w244194twPgE7XzxqB6FfrBwAWV57zv"}
[ Tue Aug 15 2017 16:27:27 GMT+0800 (CST) ] time is 1090
[ Tue Aug 15 2017 16:27:27 GMT+0800 (CST) ] {"err":0,"msg":"JUBQLLHAmaeF4ix2xav5TXCH2s1cvqvMgV"}
[ Tue Aug 15 2017 16:27:27 GMT+0800 (CST) ] time is 1093
[ Tue Aug 15 2017 16:27:27 GMT+0800 (CST) ] {"err":0,"msg":"JaBJfArEQ6WuyK83kCUr4MGQffWE1N1Vbq"}
[ Tue Aug 15 2017 16:27:27 GMT+0800 (CST) ] time is 1087
[ Tue Aug 15 2017 16:27:27 GMT+0800 (CST) ] {"err":0,"msg":"JQRrtZcqz31qvYLVmhbYEybyQLSBtc8uoB"}
[ Tue Aug 15 2017 16:27:27 GMT+0800 (CST) ] time is 1092
[ Tue Aug 15 2017 16:27:27 GMT+0800 (CST) ] {"err":0,"msg":"JaQsJYvnPV6dXbyF4X7DWwVoF4Me53nDea"}
[ Tue Aug 15 2017 16:27:27 GMT+0800 (CST) ] time is 1091
[ Tue Aug 15 2017 16:27:27 GMT+0800 (CST) ] {"err":0,"msg":"JND3Kr3mxGwc5jF8qzSnZ38fGktn87yWR2"}
[ Tue Aug 15 2017 16:27:27 GMT+0800 (CST) ] time is 1094
[ Tue Aug 15 2017 16:27:27 GMT+0800 (CST) ] {"err":0,"msg":"JgrY1qCMbKmdgpVEo8W1Vyk7LX75agCJwE"}
[ Tue Aug 15 2017 16:27:27 GMT+0800 (CST) ] time is 1088
[ Tue Aug 15 2017 16:27:27 GMT+0800 (CST) ] {"err":0,"msg":"JcDpTaD5Y1dapv5QNUT7tZLJQp2PKxtjag"}
[ Tue Aug 15 2017 16:27:27 GMT+0800 (CST) ] time is 1093
[ Tue Aug 15 2017 16:27:27 GMT+0800 (CST) ] {"err":0,"msg":"JZXsLpsHupRGNH4fqw8zqQvn4uavR4PZYs"}
[ Tue Aug 15 2017 16:27:27 GMT+0800 (CST) ] time is 1092
[ Tue Aug 15 2017 16:27:27 GMT+0800 (CST) ] {"err":0,"msg":"JSc1FqySNbRD6Hk3ZrpsXUa9t32cQxU9PW"}
[ Tue Aug 15 2017 16:27:27 GMT+0800 (CST) ] time is 1095
[ Tue Aug 15 2017 16:27:27 GMT+0800 (CST) ] {"err":0,"msg":"Je713fCVFvzjF7eRrXQsZMq78vaAmzPem5"}
[ Tue Aug 15 2017 16:27:27 GMT+0800 (CST) ] time is 1089
[ Tue Aug 15 2017 16:27:27 GMT+0800 (CST) ] {"err":0,"msg":"JbUnCGHY8XrHj6PE4siRdaJ9XbveEWRyBY"}
[ Tue Aug 15 2017 16:27:27 GMT+0800 (CST) ] time is 1094
[ Tue Aug 15 2017 16:27:27 GMT+0800 (CST) ] {"err":0,"msg":"JLMVWEdFKced4sdruVTpZABW6txGVP7USu"}
[ Tue Aug 15 2017 16:27:27 GMT+0800 (CST) ] time is 1093
[ Tue Aug 15 2017 16:27:27 GMT+0800 (CST) ] {"err":0,"msg":"JWxMrV1VsREcjNGSDuCUx4GVdo893hjwvE"}
[ Tue Aug 15 2017 16:27:27 GMT+0800 (CST) ] time is 1096
[ Tue Aug 15 2017 16:27:27 GMT+0800 (CST) ] {"err":0,"msg":"JPk6A55nKhaeEsG2NHgMXyMHaUgrWSEyVJ"}
[ Tue Aug 15 2017 16:27:27 GMT+0800 (CST) ] time is 1090
[ Tue Aug 15 2017 16:27:27 GMT+0800 (CST) ] {"err":0,"msg":"JZajUTF6LDJWTiBVjcRyBf5LEz7uHMxWMz"}
[ Tue Aug 15 2017 16:27:27 GMT+0800 (CST) ] time is 1095
[ Tue Aug 15 2017 16:27:27 GMT+0800 (CST) ] {"err":0,"msg":"JWbuXEja54w7W4vxqPeFQbGiDWEazYdyU2"}
[ Tue Aug 15 2017 16:27:27 GMT+0800 (CST) ] time is 1094
[ Tue Aug 15 2017 16:27:27 GMT+0800 (CST) ] {"err":0,"msg":"JeoXVcLpzGAtNDRLwGdquk2NZzQAkeEY1G"}
[ Tue Aug 15 2017 16:27:27 GMT+0800 (CST) ] time is 1097
[ Tue Aug 15 2017 16:27:27 GMT+0800 (CST) ] {"err":0,"msg":"JUHNvAtFsitwPditDMmUDnWQoNZss5xdEp"}
[ Tue Aug 15 2017 16:27:27 GMT+0800 (CST) ] time is 1091
[ Tue Aug 15 2017 16:27:27 GMT+0800 (CST) ] {"err":0,"msg":"JQUQ96s4wi6hKPybP29VNemyKXAe2RWGj4"}
[ Tue Aug 15 2017 16:27:27 GMT+0800 (CST) ] time is 1096
[ Tue Aug 15 2017 16:27:27 GMT+0800 (CST) ] {"err":0,"msg":"JhchM2yoMHy4feBjTq7dkp77W8b1tixEkX"}
[ Tue Aug 15 2017 16:27:27 GMT+0800 (CST) ] time is 1095
[ Tue Aug 15 2017 16:27:27 GMT+0800 (CST) ] {"err":0,"msg":"JezWKJ1hiSEkvs499jeqH1Lk8P9Bh1VJdX"}
[ Tue Aug 15 2017 16:27:27 GMT+0800 (CST) ] time is 1098
[ Tue Aug 15 2017 16:27:27 GMT+0800 (CST) ] {"err":0,"msg":"Jf1D1rDSjhFtNjpm6kBWNAo8dNZLFzAJGH"}
[ Tue Aug 15 2017 16:27:27 GMT+0800 (CST) ] time is 1092
[ Tue Aug 15 2017 16:27:27 GMT+0800 (CST) ] {"err":0,"msg":"JM13qrX1mLiGobgzNWeZW2VFc1Wo54SFWB"}
[ Tue Aug 15 2017 16:27:27 GMT+0800 (CST) ] time is 1099
[ Tue Aug 15 2017 16:27:27 GMT+0800 (CST) ] {"err":0,"msg":"JMBZxwHPC317iujbDhVDAaGzgDiqLH1QAW"}
[ Tue Aug 15 2017 16:27:27 GMT+0800 (CST) ] time is 1097
[ Tue Aug 15 2017 16:27:27 GMT+0800 (CST) ] {"err":0,"msg":"Jhc2uZJArh9wcDpjpC6w6UE1VBsjWz56uJ"}
[ Tue Aug 15 2017 16:27:27 GMT+0800 (CST) ] time is 1096
[ Tue Aug 15 2017 16:27:27 GMT+0800 (CST) ] {"err":0,"msg":"Ja8Ad9FHcuES2i4ifqF7JE6BSw3K3SbCyq"}
[ Tue Aug 15 2017 16:27:27 GMT+0800 (CST) ] time is 1093
[ Tue Aug 15 2017 16:27:27 GMT+0800 (CST) ] {"err":0,"msg":"JNsRbC8ir16dsTguooaAL1oqj5oYxrqigu"}
[ Tue Aug 15 2017 16:27:27 GMT+0800 (CST) ] time is 1100
[ Tue Aug 15 2017 16:27:27 GMT+0800 (CST) ] {"err":0,"msg":"JY7ZJBv8J1jFfvDyCpqgAjjdgh6ePjg61o"}
[ Tue Aug 15 2017 16:27:27 GMT+0800 (CST) ] time is 1098
[ Tue Aug 15 2017 16:27:27 GMT+0800 (CST) ] {"err":0,"msg":"JWSZvW1ZHp4juxTzZxtmxh8C3HSJvAgR25"}
[ Tue Aug 15 2017 16:27:27 GMT+0800 (CST) ] time is 1097
[ Tue Aug 15 2017 16:27:27 GMT+0800 (CST) ] {"err":0,"msg":"JP4Nsihk2DXtyAJeLz8K3RCuVbKVpDLRdh"}
[ Tue Aug 15 2017 16:27:27 GMT+0800 (CST) ] time is 1094
[ Tue Aug 15 2017 16:27:27 GMT+0800 (CST) ] {"err":0,"msg":"JPo1VvjEf4ZeTkkdYzMXAiaY46yv6QQToC"}
[ Tue Aug 15 2017 16:27:27 GMT+0800 (CST) ] time is 1101
[ Tue Aug 15 2017 16:27:27 GMT+0800 (CST) ] {"err":0,"msg":"JcVKzFUAiYEAs9CukHPAwXqWXQKpnwoXVf"}
[ Tue Aug 15 2017 16:27:27 GMT+0800 (CST) ] time is 1099
[ Tue Aug 15 2017 16:27:27 GMT+0800 (CST) ] {"err":0,"msg":"JZX2Kwg5rbqRZvHyhLhYFydzepFucA1phb"}
[ Tue Aug 15 2017 16:27:27 GMT+0800 (CST) ] time is 1098
[ Tue Aug 15 2017 16:27:27 GMT+0800 (CST) ] {"err":0,"msg":"JMfUuTcD7PhMH8oU82A9soFtZQDK1u46pt"}
[ Tue Aug 15 2017 16:27:27 GMT+0800 (CST) ] time is 1095
[ Tue Aug 15 2017 16:27:27 GMT+0800 (CST) ] {"err":0,"msg":"JQZZGCghGHgzc9r4MS9XcGmazSY7oKA5As"}
[ Tue Aug 15 2017 16:27:27 GMT+0800 (CST) ] time is 1102
[ Tue Aug 15 2017 16:27:27 GMT+0800 (CST) ] {"err":0,"msg":"Jb1UHHG5pKwS3weGmSHZz7LpLn3WFicbbU"}
[ Tue Aug 15 2017 16:27:27 GMT+0800 (CST) ] time is 1100
[ Tue Aug 15 2017 16:27:27 GMT+0800 (CST) ] {"err":0,"msg":"JhTYBMXA4bUX1V1ur1Y9964ztozsZ2bHkE"}
[ Tue Aug 15 2017 16:27:27 GMT+0800 (CST) ] time is 1099
[ Tue Aug 15 2017 16:27:27 GMT+0800 (CST) ] {"err":0,"msg":"JT9KYnTxQ69BjejNQg32PGhpUcvzvwxgUh"}
[ Tue Aug 15 2017 16:27:27 GMT+0800 (CST) ] time is 1096
[ Tue Aug 15 2017 16:27:27 GMT+0800 (CST) ] {"err":0,"msg":"JdGe99SHRHXKNJj1ahLPKGRFqaoD3XwvFm"}
[ Tue Aug 15 2017 16:27:27 GMT+0800 (CST) ] time is 1103
[ Tue Aug 15 2017 16:27:27 GMT+0800 (CST) ] {"err":0,"msg":"JPhHm61hnXrkJgzY9YsgGFqNqpcmsepHCg"}
[ Tue Aug 15 2017 16:27:27 GMT+0800 (CST) ] time is 1101
[ Tue Aug 15 2017 16:27:27 GMT+0800 (CST) ] {"err":0,"msg":"JfbaoLKhbScwDfDsj1ZDUfSjtopincqch5"}
[ Tue Aug 15 2017 16:27:27 GMT+0800 (CST) ] time is 1100
[ Tue Aug 15 2017 16:27:27 GMT+0800 (CST) ] {"err":0,"msg":"JLhHBkNk5xwYQdZ9nfPwnrM63jqbYm869u"}
[ Tue Aug 15 2017 16:27:27 GMT+0800 (CST) ] time is 1097
[ Tue Aug 15 2017 16:27:27 GMT+0800 (CST) ] {"err":0,"msg":"JLoPeL1sfnN8qq8fXzEnRV3rRkVDSsitFJ"}
[ Tue Aug 15 2017 16:27:27 GMT+0800 (CST) ] time is 1104
[ Tue Aug 15 2017 16:27:27 GMT+0800 (CST) ] {"err":0,"msg":"JKyCcBnFHnLJM2WmJC6hkF6i6utXxfETD9"}
[ Tue Aug 15 2017 16:27:27 GMT+0800 (CST) ] time is 1102
[ Tue Aug 15 2017 16:27:27 GMT+0800 (CST) ] {"err":0,"msg":"JMhQBf5GTyhKcu1LSu2eNb6V2nkg2PasDW"}
[ Tue Aug 15 2017 16:27:27 GMT+0800 (CST) ] time is 1101
[ Tue Aug 15 2017 16:27:27 GMT+0800 (CST) ] {"err":0,"msg":"JNZV2Fy5eJetGwGsTzDE11Z6EdGs4fqLBJ"}
[ Tue Aug 15 2017 16:27:27 GMT+0800 (CST) ] time is 1105
[ Tue Aug 15 2017 16:27:27 GMT+0800 (CST) ] {"err":0,"msg":"JhPxo5iBDr2hhX13zfpVxj4VgPnACLQmvM"}
[ Tue Aug 15 2017 16:27:27 GMT+0800 (CST) ] time is 1098
[ Tue Aug 15 2017 16:27:27 GMT+0800 (CST) ] {"err":0,"msg":"JVDSGX62DqED5aCDR7qzw66iRSGFxT7Fid"}
[ Tue Aug 15 2017 16:27:27 GMT+0800 (CST) ] time is 1103
[ Tue Aug 15 2017 16:27:27 GMT+0800 (CST) ] {"err":0,"msg":"Jb4TT2LBc3F2GVgSp2mtv7cbQWGaoYuKac"}
[ Tue Aug 15 2017 16:27:27 GMT+0800 (CST) ] time is 1102
[ Tue Aug 15 2017 16:27:27 GMT+0800 (CST) ] {"err":0,"msg":"JMGsM4FnYyE1ZEV4EdS8mC7eb1vD57a5W5"}
[ Tue Aug 15 2017 16:27:27 GMT+0800 (CST) ] time is 1106
[ Tue Aug 15 2017 16:27:27 GMT+0800 (CST) ] {"err":0,"msg":"JTvhbbk9KXtJSy6X7HVjFMiwLbQAbWPuy6"}
[ Tue Aug 15 2017 16:27:27 GMT+0800 (CST) ] time is 1099
[ Tue Aug 15 2017 16:27:27 GMT+0800 (CST) ] {"err":0,"msg":"JMWjhztf7SCcMHP9e4R4rEPQhKYt86HxHN"}
[ Tue Aug 15 2017 16:27:27 GMT+0800 (CST) ] time is 1104
[ Tue Aug 15 2017 16:27:27 GMT+0800 (CST) ] {"err":0,"msg":"JdyhxmKvUkjuFUcPqALkuYkUMwWb7dgY3t"}
[ Tue Aug 15 2017 16:27:27 GMT+0800 (CST) ] time is 1103
[ Tue Aug 15 2017 16:27:27 GMT+0800 (CST) ] {"err":0,"msg":"JavX1fXEkrN95sB1noKQTE81uLC8RogcBT"}
[ Tue Aug 15 2017 16:27:27 GMT+0800 (CST) ] time is 1107
[ Tue Aug 15 2017 16:27:27 GMT+0800 (CST) ] {"err":0,"msg":"JTtHiiqHUbKN1q8EXZ13ePsG6G1GAcruei"}
[ Tue Aug 15 2017 16:27:27 GMT+0800 (CST) ] time is 1100
[ Tue Aug 15 2017 16:27:27 GMT+0800 (CST) ] {"err":0,"msg":"JbTEHuYeZkzikGobpUGnmEJ7bBaBRC3r6D"}
[ Tue Aug 15 2017 16:27:27 GMT+0800 (CST) ] time is 1105
[ Tue Aug 15 2017 16:27:27 GMT+0800 (CST) ] {"err":0,"msg":"JbYgzaXnFyfYyVuygugPsgZyY5tdMuGHtS"}
[ Tue Aug 15 2017 16:27:27 GMT+0800 (CST) ] time is 1104
[ Tue Aug 15 2017 16:27:27 GMT+0800 (CST) ] {"err":0,"msg":"JbKpHMDM2oSQXAcHHdzpS1FxC3p39jguUB"}
[ Tue Aug 15 2017 16:27:27 GMT+0800 (CST) ] time is 1108
[ Tue Aug 15 2017 16:27:27 GMT+0800 (CST) ] {"err":0,"msg":"JJwcUqEBD2Xy6oz6hexjo2nL25KyeuP18g"}
[ Tue Aug 15 2017 16:27:27 GMT+0800 (CST) ] time is 1101
[ Tue Aug 15 2017 16:27:27 GMT+0800 (CST) ] {"err":0,"msg":"JhCw4Z2ZWyKrtxqRRpzx7UZCxwrsmP23he"}
[ Tue Aug 15 2017 16:27:27 GMT+0800 (CST) ] time is 1106
[ Tue Aug 15 2017 16:27:27 GMT+0800 (CST) ] {"err":0,"msg":"JV5BzdsURnN1V1evNdUD73SrfQKctiVuCo"}
[ Tue Aug 15 2017 16:27:28 GMT+0800 (CST) ] time is 1105
[ Tue Aug 15 2017 16:27:28 GMT+0800 (CST) ] {"err":0,"msg":"JYo1XSA4VgykG4QvW8GVTWm22s4bjh7uka"}
[ Tue Aug 15 2017 16:27:28 GMT+0800 (CST) ] time is 1109
[ Tue Aug 15 2017 16:27:28 GMT+0800 (CST) ] {"err":0,"msg":"Jf3qtXvSWAdAEjspivbXGqB1G6FWVvuJb9"}
[ Tue Aug 15 2017 16:27:28 GMT+0800 (CST) ] time is 1102
[ Tue Aug 15 2017 16:27:28 GMT+0800 (CST) ] {"err":0,"msg":"JKJBwcXp1XeAdTbzGf4kASCSwwcGZfvpCa"}
[ Tue Aug 15 2017 16:27:28 GMT+0800 (CST) ] time is 1106
[ Tue Aug 15 2017 16:27:28 GMT+0800 (CST) ] {"err":0,"msg":"JK6x6qeoaKbJrfYfynmjYwHGxCnXj8FHWr"}
[ Tue Aug 15 2017 16:27:28 GMT+0800 (CST) ] time is 1107
[ Tue Aug 15 2017 16:27:28 GMT+0800 (CST) ] {"err":0,"msg":"JV2EmZMqxPZNKZCdXMxa1qJSuczguY63Dr"}
[ Tue Aug 15 2017 16:27:28 GMT+0800 (CST) ] time is 1110
[ Tue Aug 15 2017 16:27:28 GMT+0800 (CST) ] {"err":0,"msg":"JMJM6snRrSmk9WSbwvczghaufSXnhm3FNw"}
[ Tue Aug 15 2017 16:27:28 GMT+0800 (CST) ] {"err":0,"msg":"JPSYhZJuJdsFzSCT4VFHrZSxprJmRyauPV"}
[ Tue Aug 15 2017 16:27:28 GMT+0800 (CST) ] time is 1103
[ Tue Aug 15 2017 16:27:28 GMT+0800 (CST) ] time is 1107
[ Tue Aug 15 2017 16:27:28 GMT+0800 (CST) ] {"err":0,"msg":"JMwfE7H4K4UhX7XTwiv7HTpdJsPcneZQ4x"}
[ Tue Aug 15 2017 16:27:28 GMT+0800 (CST) ] time is 1108
[ Tue Aug 15 2017 16:27:28 GMT+0800 (CST) ] {"err":0,"msg":"JcBnaoizNwmh8eot8LDCDjvxk89BQmUyrT"}
[ Tue Aug 15 2017 16:27:28 GMT+0800 (CST) ] time is 1111
[ Tue Aug 15 2017 16:27:28 GMT+0800 (CST) ] {"err":0,"msg":"JcHoA2ngaRj4eQaTT1A3fcxPHNviKJ2ReG"}
[ Tue Aug 15 2017 16:27:28 GMT+0800 (CST) ] time is 1104
[ Tue Aug 15 2017 16:27:28 GMT+0800 (CST) ] {"err":0,"msg":"JWaDpyaWrsyrDZuspsEVxHjyNxyNioZnC1"}
[ Tue Aug 15 2017 16:27:28 GMT+0800 (CST) ] time is 1108
[ Tue Aug 15 2017 16:27:28 GMT+0800 (CST) ] {"err":0,"msg":"JbPJSpr6fbJ4qCiQTeLR35F2vGnufx2The"}
[ Tue Aug 15 2017 16:27:28 GMT+0800 (CST) ] time is 1109
[ Tue Aug 15 2017 16:27:28 GMT+0800 (CST) ] {"err":0,"msg":"JQukvotUt8V6pbNiGKVYVKsvX1z2cfZuWP"}
[ Tue Aug 15 2017 16:27:28 GMT+0800 (CST) ] time is 1112
[ Tue Aug 15 2017 16:27:28 GMT+0800 (CST) ] {"err":0,"msg":"JQgH2MR89mZRV21yrUdQtHzGq99nzsjBTd"}
[ Tue Aug 15 2017 16:27:28 GMT+0800 (CST) ] time is 1105
[ Tue Aug 15 2017 16:27:28 GMT+0800 (CST) ] {"err":0,"msg":"JMoyQQ5f47Q56MxgebJ6yQUFn81Lo2R26Q"}
[ Tue Aug 15 2017 16:27:28 GMT+0800 (CST) ] time is 1109
[ Tue Aug 15 2017 16:27:28 GMT+0800 (CST) ] {"err":0,"msg":"JeE4veydYfQnMLY5NSppY1enjuoXLQLXya"}
[ Tue Aug 15 2017 16:27:28 GMT+0800 (CST) ] time is 1110
[ Tue Aug 15 2017 16:27:28 GMT+0800 (CST) ] {"err":0,"msg":"JSPdEewUgVgj1nxM8xEsDPAJVJcdBy3nR7"}
[ Tue Aug 15 2017 16:27:28 GMT+0800 (CST) ] time is 1113
[ Tue Aug 15 2017 16:27:28 GMT+0800 (CST) ] {"err":0,"msg":"JXkZmCdiPHHXUJRVKBJVjq63qR11yqEoJL"}
[ Tue Aug 15 2017 16:27:28 GMT+0800 (CST) ] time is 1106
[ Tue Aug 15 2017 16:27:28 GMT+0800 (CST) ] {"err":0,"msg":"JdiqpQNP7qAjxceFnkBxiCKoyqicmpwh2T"}
[ Tue Aug 15 2017 16:27:28 GMT+0800 (CST) ] time is 1110
[ Tue Aug 15 2017 16:27:28 GMT+0800 (CST) ] {"err":0,"msg":"JNmQhVdvdqDkL6a5peaxzjDxEVhXrkDjYA"}
[ Tue Aug 15 2017 16:27:28 GMT+0800 (CST) ] time is 1111
[ Tue Aug 15 2017 16:27:28 GMT+0800 (CST) ] {"err":0,"msg":"JRau4BhJEU2KBpAcg7dYpchmgjSJc5P5Af"}
[ Tue Aug 15 2017 16:27:28 GMT+0800 (CST) ] time is 1114
[ Tue Aug 15 2017 16:27:28 GMT+0800 (CST) ] {"err":0,"msg":"JT6mXK5q7iXp6KEpbNGGj9RB6ba2hwzhbV"}
[ Tue Aug 15 2017 16:27:28 GMT+0800 (CST) ] time is 1107
[ Tue Aug 15 2017 16:27:28 GMT+0800 (CST) ] {"err":0,"msg":"JLdYxaq1CVMar1ckztaWYuubSoHU6CEMrt"}
[ Tue Aug 15 2017 16:27:28 GMT+0800 (CST) ] time is 1111
[ Tue Aug 15 2017 16:27:28 GMT+0800 (CST) ] {"err":0,"msg":"JKNwtBDi3oV44DCmjuLd5v8Cv4TNDyDa1i"}
[ Tue Aug 15 2017 16:27:28 GMT+0800 (CST) ] {"err":0,"msg":"JexE4PdeTo1Vq28dNMghkighFWf3jR3jXw"}
[ Tue Aug 15 2017 16:27:28 GMT+0800 (CST) ] time is 1112
[ Tue Aug 15 2017 16:27:28 GMT+0800 (CST) ] time is 1115
[ Tue Aug 15 2017 16:27:28 GMT+0800 (CST) ] {"err":0,"msg":"JX6wTUWX7FxSQt59cCviDkHKr96nyw656P"}
[ Tue Aug 15 2017 16:27:28 GMT+0800 (CST) ] time is 1108
[ Tue Aug 15 2017 16:27:28 GMT+0800 (CST) ] {"err":0,"msg":"JV2EvCNuRkFNheL8yQCb5uSspUHAHkeSXq"}
[ Tue Aug 15 2017 16:27:28 GMT+0800 (CST) ] time is 1112
[ Tue Aug 15 2017 16:27:28 GMT+0800 (CST) ] {"err":0,"msg":"JU2fDjfMqgouGBC344XU2akyT3Cv1PYweX"}
[ Tue Aug 15 2017 16:27:28 GMT+0800 (CST) ] time is 1113
[ Tue Aug 15 2017 16:27:28 GMT+0800 (CST) ] {"err":0,"msg":"JWbyZ73at3YTmSuKAc9nrCVrrej3zDLigE"}
[ Tue Aug 15 2017 16:27:28 GMT+0800 (CST) ] time is 1116
[ Tue Aug 15 2017 16:27:28 GMT+0800 (CST) ] {"err":0,"msg":"JUbGmp4mRtB5dgHDoUwoM2Ciy4HNrkm1pR"}
[ Tue Aug 15 2017 16:27:28 GMT+0800 (CST) ] time is 1109
[ Tue Aug 15 2017 16:27:28 GMT+0800 (CST) ] {"err":0,"msg":"Jf1QspjvcQBegCfuzeddTWekmPQ56fxwMg"}
[ Tue Aug 15 2017 16:27:28 GMT+0800 (CST) ] time is 1113
[ Tue Aug 15 2017 16:27:28 GMT+0800 (CST) ] {"err":0,"msg":"JQEYETKXyz7hwGA7wwumQqj8XkVkHfidY8"}
[ Tue Aug 15 2017 16:27:28 GMT+0800 (CST) ] time is 1114
[ Tue Aug 15 2017 16:27:28 GMT+0800 (CST) ] {"err":0,"msg":"JWJtnKzrHMXYZEgtThUvLNRu62mRWzkHv2"}
[ Tue Aug 15 2017 16:27:28 GMT+0800 (CST) ] time is 1117
[ Tue Aug 15 2017 16:27:28 GMT+0800 (CST) ] {"err":0,"msg":"JQKmTyCJRSQLHZ2ZQDVEwpqjZVhzUXX8Nd"}
[ Tue Aug 15 2017 16:27:28 GMT+0800 (CST) ] time is 1110
[ Tue Aug 15 2017 16:27:28 GMT+0800 (CST) ] {"err":0,"msg":"JWXqPSqndULpUc6qytUPpuMjt3r4uBL4u9"}
[ Tue Aug 15 2017 16:27:28 GMT+0800 (CST) ] time is 1114
[ Tue Aug 15 2017 16:27:28 GMT+0800 (CST) ] {"err":0,"msg":"JbEjQQMvJnKqRkmd24HmvK8HQr8TNCogMP"}
[ Tue Aug 15 2017 16:27:28 GMT+0800 (CST) ] time is 1115
[ Tue Aug 15 2017 16:27:28 GMT+0800 (CST) ] {"err":0,"msg":"JfGNG1vsjHgHzEy8QUBqDEpyU5r6pjL8AR"}
[ Tue Aug 15 2017 16:27:28 GMT+0800 (CST) ] time is 1118
[ Tue Aug 15 2017 16:27:28 GMT+0800 (CST) ] {"err":0,"msg":"JVEyncRhrL9R5hEJUUzSHVm8vzjYTtngrM"}
[ Tue Aug 15 2017 16:27:28 GMT+0800 (CST) ] time is 1111
[ Tue Aug 15 2017 16:27:28 GMT+0800 (CST) ] {"err":0,"msg":"JPNPKjXdKgr5SSET93dnKifZKuJs29BrZu"}
[ Tue Aug 15 2017 16:27:28 GMT+0800 (CST) ] time is 1115
[ Tue Aug 15 2017 16:27:28 GMT+0800 (CST) ] {"err":0,"msg":"Jb9ZKxNq6d18QwebUUZHnqxeyo6Sop1xua"}
[ Tue Aug 15 2017 16:27:28 GMT+0800 (CST) ] time is 1116
[ Tue Aug 15 2017 16:27:28 GMT+0800 (CST) ] {"err":0,"msg":"JNHtSQgEBZiDFR95dwUYPZyFyTWX56iwxZ"}
[ Tue Aug 15 2017 16:27:28 GMT+0800 (CST) ] time is 1119
[ Tue Aug 15 2017 16:27:28 GMT+0800 (CST) ] {"err":0,"msg":"JQbVqoVN3NDUjRATNUTqQPf3pKfXAtQzCH"}
[ Tue Aug 15 2017 16:27:28 GMT+0800 (CST) ] time is 1112
[ Tue Aug 15 2017 16:27:28 GMT+0800 (CST) ] {"err":0,"msg":"JRXBran8J7mHiFZuFzeJPwwtfg5xvVtYB9"}
[ Tue Aug 15 2017 16:27:28 GMT+0800 (CST) ] time is 1116
[ Tue Aug 15 2017 16:27:28 GMT+0800 (CST) ] {"err":0,"msg":"JY441LMdGDnWN67mkgyYqECnQNgDMWr3HL"}
[ Tue Aug 15 2017 16:27:28 GMT+0800 (CST) ] time is 1117
[ Tue Aug 15 2017 16:27:28 GMT+0800 (CST) ] {"err":0,"msg":"JfqFVWAyHVxdedMw7KAB8nwzooYqHKUVhw"}
[ Tue Aug 15 2017 16:27:28 GMT+0800 (CST) ] time is 1120
[ Tue Aug 15 2017 16:27:28 GMT+0800 (CST) ] {"err":0,"msg":"JMCfe455NBqdQrYLfiJ3Zb4kmXW19C88dx"}
[ Tue Aug 15 2017 16:27:28 GMT+0800 (CST) ] time is 1113
[ Tue Aug 15 2017 16:27:28 GMT+0800 (CST) ] {"err":0,"msg":"JcadbyP9SHrVt4SusGmeoEbC9X9Bq2PV4h"}
[ Tue Aug 15 2017 16:27:28 GMT+0800 (CST) ] time is 1117
[ Tue Aug 15 2017 16:27:28 GMT+0800 (CST) ] {"err":0,"msg":"JNRW7BbYff4HvE6R6rrngwxwxFQtjBiuH5"}
[ Tue Aug 15 2017 16:27:28 GMT+0800 (CST) ] time is 1118
[ Tue Aug 15 2017 16:27:28 GMT+0800 (CST) ] {"err":0,"msg":"JSKFAjieZS3wZ1B4yMsZh5m8qSFwpFByFp"}
[ Tue Aug 15 2017 16:27:28 GMT+0800 (CST) ] time is 1121
[ Tue Aug 15 2017 16:27:28 GMT+0800 (CST) ] {"err":0,"msg":"JXhFZtbiHx2VKc3FUPU4zXZEchwg7CMjQo"}
[ Tue Aug 15 2017 16:27:28 GMT+0800 (CST) ] time is 1114
[ Tue Aug 15 2017 16:27:28 GMT+0800 (CST) ] {"err":0,"msg":"JVJkFduXwpwTzUzF16bhBNsj8eBjii3oVw"}
[ Tue Aug 15 2017 16:27:28 GMT+0800 (CST) ] time is 1118
[ Tue Aug 15 2017 16:27:28 GMT+0800 (CST) ] {"err":0,"msg":"JRNHSHnTwKZaj6wadMsge7b6WGdH4mj183"}
[ Tue Aug 15 2017 16:27:28 GMT+0800 (CST) ] time is 1119
[ Tue Aug 15 2017 16:27:28 GMT+0800 (CST) ] {"err":0,"msg":"JTLeqfg6iZ8NULsxMTnWSxsED7bjg9oGd2"}
[ Tue Aug 15 2017 16:27:28 GMT+0800 (CST) ] time is 1122
[ Tue Aug 15 2017 16:27:28 GMT+0800 (CST) ] {"err":0,"msg":"Jebhgc2vN1e1iANMnFFxmnFe5cq6Ghxmt8"}
[ Tue Aug 15 2017 16:27:28 GMT+0800 (CST) ] time is 1115
[ Tue Aug 15 2017 16:27:28 GMT+0800 (CST) ] {"err":0,"msg":"JbEDgB5hNcHGzo19NiVC3hdpvLizg495ee"}
[ Tue Aug 15 2017 16:27:28 GMT+0800 (CST) ] time is 1119
[ Tue Aug 15 2017 16:27:28 GMT+0800 (CST) ] {"err":0,"msg":"Jcw2asB9KBKjQpA768WZ89m1V9Bu3pUvMY"}
[ Tue Aug 15 2017 16:27:28 GMT+0800 (CST) ] time is 1120
[ Tue Aug 15 2017 16:27:28 GMT+0800 (CST) ] {"err":0,"msg":"JTcLSgNdST4hpFPFQVueXc1K1szYwzTxGj"}
[ Tue Aug 15 2017 16:27:28 GMT+0800 (CST) ] time is 1123
[ Tue Aug 15 2017 16:27:28 GMT+0800 (CST) ] {"err":0,"msg":"JM2oqiVUhhAaYFrR8LNgGAe6f6jETB6TLu"}
[ Tue Aug 15 2017 16:27:28 GMT+0800 (CST) ] time is 1116
[ Tue Aug 15 2017 16:27:28 GMT+0800 (CST) ] {"err":0,"msg":"JUDutzjTvjVFRUEcmfUEXB1psQjtyc3mQJ"}
[ Tue Aug 15 2017 16:27:28 GMT+0800 (CST) ] time is 1120
[ Tue Aug 15 2017 16:27:28 GMT+0800 (CST) ] {"err":0,"msg":"JcXCTL4wCnFvBpQjNwo6Tp4diWrUA3tq1a"}
[ Tue Aug 15 2017 16:27:28 GMT+0800 (CST) ] time is 1121
[ Tue Aug 15 2017 16:27:28 GMT+0800 (CST) ] {"err":0,"msg":"JJo7vE9MgwyRY5UHVJXyrgYdE31P7jHHwF"}
[ Tue Aug 15 2017 16:27:28 GMT+0800 (CST) ] time is 1117
[ Tue Aug 15 2017 16:27:28 GMT+0800 (CST) ] {"err":0,"msg":"JbbkQwQD3rvXewLgsVtWm1KCqCpQfkVQ9x"}
[ Tue Aug 15 2017 16:27:28 GMT+0800 (CST) ] time is 1124
[ Tue Aug 15 2017 16:27:28 GMT+0800 (CST) ] {"err":0,"msg":"JZU41HJs7y3xM6hif9Syg5aELVtfZxsyKi"}
[ Tue Aug 15 2017 16:27:28 GMT+0800 (CST) ] time is 1121
[ Tue Aug 15 2017 16:27:28 GMT+0800 (CST) ] {"err":0,"msg":"JPTYbTTvbm12RX3yAUdkRYaQnYqZgWmvuQ"}
[ Tue Aug 15 2017 16:27:28 GMT+0800 (CST) ] time is 1122
[ Tue Aug 15 2017 16:27:28 GMT+0800 (CST) ] {"err":0,"msg":"JWgytnEj8myL8XCwQb5RpPeKdouD4RWbKF"}
[ Tue Aug 15 2017 16:27:28 GMT+0800 (CST) ] time is 1118
[ Tue Aug 15 2017 16:27:28 GMT+0800 (CST) ] {"err":0,"msg":"JXLvbyQRCj2ixZ9mmm3MPJ33FpoLd1uTwy"}
[ Tue Aug 15 2017 16:27:28 GMT+0800 (CST) ] time is 1125
[ Tue Aug 15 2017 16:27:28 GMT+0800 (CST) ] {"err":0,"msg":"Jer3oh3CEFhHN5fpte5dqrKa2X9kLYnUR8"}
[ Tue Aug 15 2017 16:27:28 GMT+0800 (CST) ] time is 1122
[ Tue Aug 15 2017 16:27:28 GMT+0800 (CST) ] {"err":0,"msg":"JZeQBfw2QdUZbhSJLLD9AQqrQyGBZN7u2v"}
[ Tue Aug 15 2017 16:27:28 GMT+0800 (CST) ] time is 1123
[ Tue Aug 15 2017 16:27:28 GMT+0800 (CST) ] {"err":0,"msg":"JVobjXoSSqAxzynbJbvq92T3hsbKbTn6Bc"}
[ Tue Aug 15 2017 16:27:28 GMT+0800 (CST) ] time is 1119
[ Tue Aug 15 2017 16:27:28 GMT+0800 (CST) ] {"err":0,"msg":"Jdg6gJF3MeD7NqTm2wA8qEAvJvitZ8KGwc"}
[ Tue Aug 15 2017 16:27:28 GMT+0800 (CST) ] time is 1126
[ Tue Aug 15 2017 16:27:28 GMT+0800 (CST) ] {"err":0,"msg":"JWsQy7kntDzbkVndd54bsHe5qq985Raupq"}
[ Tue Aug 15 2017 16:27:28 GMT+0800 (CST) ] time is 1123
[ Tue Aug 15 2017 16:27:28 GMT+0800 (CST) ] {"err":0,"msg":"JLw1SdaQp3bSc1GHbPpKcLY1upjX3gpKHR"}
[ Tue Aug 15 2017 16:27:28 GMT+0800 (CST) ] time is 1124
[ Tue Aug 15 2017 16:27:28 GMT+0800 (CST) ] {"err":0,"msg":"JVFjyRRS3Jqpf6YxiPhze49yaHqpyVjmp3"}
[ Tue Aug 15 2017 16:27:29 GMT+0800 (CST) ] time is 1120
[ Tue Aug 15 2017 16:27:29 GMT+0800 (CST) ] {"err":0,"msg":"JWuxUfQVXFmodfEkcpXjjg7ky1JuqR81nB"}
[ Tue Aug 15 2017 16:27:29 GMT+0800 (CST) ] time is 1127
[ Tue Aug 15 2017 16:27:29 GMT+0800 (CST) ] {"err":0,"msg":"JTjDf4T1KWTgdnycDXob8tPeor6MG71sK1"}
[ Tue Aug 15 2017 16:27:29 GMT+0800 (CST) ] time is 1124
[ Tue Aug 15 2017 16:27:29 GMT+0800 (CST) ] {"err":0,"msg":"JZ9y4wGU25kobDNUSSzEPZaPiDiv7e44xt"}
[ Tue Aug 15 2017 16:27:29 GMT+0800 (CST) ] time is 1125
[ Tue Aug 15 2017 16:27:29 GMT+0800 (CST) ] {"err":0,"msg":"JUJt75syfbjtVsec3Z2A4RJmWnWiQUmVpJ"}
[ Tue Aug 15 2017 16:27:29 GMT+0800 (CST) ] time is 1121
[ Tue Aug 15 2017 16:27:29 GMT+0800 (CST) ] {"err":0,"msg":"JKvTsxprpZZyFj6iPTSabk23ntoPHvxLPL"}
[ Tue Aug 15 2017 16:27:29 GMT+0800 (CST) ] time is 1128
[ Tue Aug 15 2017 16:27:29 GMT+0800 (CST) ] {"err":0,"msg":"JWd1yVXud2657Jjw1dJyiQnnZwrs9dKUw5"}
[ Tue Aug 15 2017 16:27:29 GMT+0800 (CST) ] time is 1125
[ Tue Aug 15 2017 16:27:29 GMT+0800 (CST) ] {"err":0,"msg":"JMVnLXAGrF2o3xDia3Lh9T3NczS4dxj8yf"}
[ Tue Aug 15 2017 16:27:29 GMT+0800 (CST) ] time is 1126
[ Tue Aug 15 2017 16:27:29 GMT+0800 (CST) ] {"err":0,"msg":"JWjf5WySoJ9TZJqgkkdySnYXtpFAGdx7pa"}
[ Tue Aug 15 2017 16:27:29 GMT+0800 (CST) ] time is 1122
[ Tue Aug 15 2017 16:27:29 GMT+0800 (CST) ] {"err":0,"msg":"JPKWr2spkqfcLasDG8TmmKbMVyL6QYo9iJ"}
[ Tue Aug 15 2017 16:27:29 GMT+0800 (CST) ] time is 1129
[ Tue Aug 15 2017 16:27:29 GMT+0800 (CST) ] {"err":0,"msg":"JRLfEH5VHUSqLiyNFjU3UjoZquzWHnvJZi"}
[ Tue Aug 15 2017 16:27:29 GMT+0800 (CST) ] time is 1126
[ Tue Aug 15 2017 16:27:29 GMT+0800 (CST) ] {"err":0,"msg":"JNGPNNSvRGVSBAKSv1D6n9WeqSsVYyjybU"}
[ Tue Aug 15 2017 16:27:29 GMT+0800 (CST) ] time is 1127
[ Tue Aug 15 2017 16:27:29 GMT+0800 (CST) ] {"err":0,"msg":"JN65LkPVwZFUER8Wc4fGyzER4rxaRBFnjn"}
[ Tue Aug 15 2017 16:27:29 GMT+0800 (CST) ] time is 1123
[ Tue Aug 15 2017 16:27:29 GMT+0800 (CST) ] {"err":0,"msg":"JLRatzYQpCXLv2S2X1digpqFFR3xuThhC7"}
[ Tue Aug 15 2017 16:27:29 GMT+0800 (CST) ] time is 1130
[ Tue Aug 15 2017 16:27:29 GMT+0800 (CST) ] {"err":0,"msg":"JJxQezaWFF7Uw1Y3yoQjFzVp1bMYH2NEzn"}
[ Tue Aug 15 2017 16:27:29 GMT+0800 (CST) ] time is 1127
[ Tue Aug 15 2017 16:27:29 GMT+0800 (CST) ] {"err":0,"msg":"JKdpmW2cUV85ZRaRnJ1ERFeghioS4Dnq68"}
[ Tue Aug 15 2017 16:27:29 GMT+0800 (CST) ] time is 1128
[ Tue Aug 15 2017 16:27:29 GMT+0800 (CST) ] {"err":0,"msg":"JTDFdkCVa27sjzjCrPrgRPYb4A8t4iccoM"}
[ Tue Aug 15 2017 16:27:29 GMT+0800 (CST) ] time is 1124
[ Tue Aug 15 2017 16:27:29 GMT+0800 (CST) ] {"err":0,"msg":"JLAX92HE6TUcNGYmtyL5gvB7mAWD9H7DkB"}
[ Tue Aug 15 2017 16:27:29 GMT+0800 (CST) ] time is 1131
[ Tue Aug 15 2017 16:27:29 GMT+0800 (CST) ] {"err":0,"msg":"JM1YMtuuXn5NJxwEAAjV6gezXwircsV5gS"}
[ Tue Aug 15 2017 16:27:29 GMT+0800 (CST) ] time is 1128
[ Tue Aug 15 2017 16:27:29 GMT+0800 (CST) ] {"err":0,"msg":"JPBSgasEceFhTD9wCycA8wZz64uV21pajd"}
[ Tue Aug 15 2017 16:27:29 GMT+0800 (CST) ] time is 1129
[ Tue Aug 15 2017 16:27:29 GMT+0800 (CST) ] {"err":0,"msg":"JNqoqfj7hMsqeChShXNFdSQj9BnZzAnfaw"}
[ Tue Aug 15 2017 16:27:29 GMT+0800 (CST) ] time is 1125
[ Tue Aug 15 2017 16:27:29 GMT+0800 (CST) ] {"err":0,"msg":"JhbsKmA6thqshPpdn4D4EjkEEHkPfrkWXD"}
[ Tue Aug 15 2017 16:27:29 GMT+0800 (CST) ] time is 1132
[ Tue Aug 15 2017 16:27:29 GMT+0800 (CST) ] {"err":0,"msg":"JPc9jdRBxUgQdo4Te1KGH4UQf5p7FswqUL"}
[ Tue Aug 15 2017 16:27:29 GMT+0800 (CST) ] time is 1129
[ Tue Aug 15 2017 16:27:29 GMT+0800 (CST) ] {"err":0,"msg":"JcL1JLBKXZwfHxi6ZVHZsvEfmJkLGzi4GS"}
[ Tue Aug 15 2017 16:27:29 GMT+0800 (CST) ] time is 1130
[ Tue Aug 15 2017 16:27:29 GMT+0800 (CST) ] {"err":0,"msg":"JSBNaEaCfNsR3qRbiXW53cnBrEA3L9SEqh"}
[ Tue Aug 15 2017 16:27:29 GMT+0800 (CST) ] time is 1126
[ Tue Aug 15 2017 16:27:29 GMT+0800 (CST) ] {"err":0,"msg":"JXNoKiVAtUHYDVFamhjodyBvnPX3sXWiTJ"}
[ Tue Aug 15 2017 16:27:29 GMT+0800 (CST) ] time is 1133
[ Tue Aug 15 2017 16:27:29 GMT+0800 (CST) ] {"err":0,"msg":"JYko7KW5tTsAqCrfmDksfQ3n4kPTe4trvZ"}
[ Tue Aug 15 2017 16:27:29 GMT+0800 (CST) ] time is 1130
[ Tue Aug 15 2017 16:27:29 GMT+0800 (CST) ] {"err":0,"msg":"JcD7ffwDwj5uadYsnEA1pcxfY2Dnob9PJD"}
[ Tue Aug 15 2017 16:27:29 GMT+0800 (CST) ] time is 1131
[ Tue Aug 15 2017 16:27:29 GMT+0800 (CST) ] {"err":0,"msg":"JNmxrW3EKyxMjbBqXyvzhfmTFYp31M3mki"}
[ Tue Aug 15 2017 16:27:29 GMT+0800 (CST) ] time is 1127
[ Tue Aug 15 2017 16:27:29 GMT+0800 (CST) ] {"err":0,"msg":"JVzLUKRsga9xHwGQPD2GtwdVrwAo5psuvy"}
[ Tue Aug 15 2017 16:27:29 GMT+0800 (CST) ] time is 1134
[ Tue Aug 15 2017 16:27:29 GMT+0800 (CST) ] {"err":0,"msg":"JLYiaay1GxcZdnKcbw6MPHNXgwLjmgS524"}
[ Tue Aug 15 2017 16:27:29 GMT+0800 (CST) ] time is 1131
[ Tue Aug 15 2017 16:27:29 GMT+0800 (CST) ] {"err":0,"msg":"JJhtXqhSqthZ3GgjcG5obrED4ekLktYfxh"}
[ Tue Aug 15 2017 16:27:29 GMT+0800 (CST) ] time is 1132
[ Tue Aug 15 2017 16:27:29 GMT+0800 (CST) ] {"err":0,"msg":"JctvFGKefWqbmR2LAGNspQFrK9pUb8Qgrm"}
[ Tue Aug 15 2017 16:27:29 GMT+0800 (CST) ] time is 1128
[ Tue Aug 15 2017 16:27:29 GMT+0800 (CST) ] {"err":0,"msg":"JWfJpbxHZhbgNrK96aZ51V3hre1onobz48"}
[ Tue Aug 15 2017 16:27:29 GMT+0800 (CST) ] time is 1135
[ Tue Aug 15 2017 16:27:29 GMT+0800 (CST) ] {"err":0,"msg":"JTvJftUFfaPfn8jHTaXhxzPt82pf3HieXZ"}
[ Tue Aug 15 2017 16:27:29 GMT+0800 (CST) ] time is 1132
[ Tue Aug 15 2017 16:27:29 GMT+0800 (CST) ] {"err":0,"msg":"JhbpsE8e3zM4Q1CjVggCTMAJQLkuDKYN2q"}
[ Tue Aug 15 2017 16:27:29 GMT+0800 (CST) ] time is 1133
[ Tue Aug 15 2017 16:27:29 GMT+0800 (CST) ] {"err":0,"msg":"JcmUY4tmP9wj8HNGmKanZADJrc2h6ytWug"}
[ Tue Aug 15 2017 16:27:29 GMT+0800 (CST) ] time is 1129
[ Tue Aug 15 2017 16:27:29 GMT+0800 (CST) ] {"err":0,"msg":"JaKoLhUExVrcaJwWZoDcfvjaYUbLYMndcn"}
[ Tue Aug 15 2017 16:27:29 GMT+0800 (CST) ] time is 1136
[ Tue Aug 15 2017 16:27:29 GMT+0800 (CST) ] {"err":0,"msg":"JPAcmnaTzGNmtQrATUzABRfNMYYdeMi4Ji"}
[ Tue Aug 15 2017 16:27:29 GMT+0800 (CST) ] time is 1133
[ Tue Aug 15 2017 16:27:29 GMT+0800 (CST) ] {"err":0,"msg":"JWvntZdGtu4tQ9cy8Sb63NrNHcgiXEmtfs"}
[ Tue Aug 15 2017 16:27:29 GMT+0800 (CST) ] time is 1134
[ Tue Aug 15 2017 16:27:29 GMT+0800 (CST) ] {"err":0,"msg":"Jf7r6LQ7BLYsDEmzSnLtUbHcjW22noU8p1"}
[ Tue Aug 15 2017 16:27:29 GMT+0800 (CST) ] time is 1130
[ Tue Aug 15 2017 16:27:29 GMT+0800 (CST) ] {"err":0,"msg":"Jh4HcAyjdSMozwBj7qozZW93mLGRS1Sruh"}
[ Tue Aug 15 2017 16:27:29 GMT+0800 (CST) ] time is 1137
[ Tue Aug 15 2017 16:27:29 GMT+0800 (CST) ] {"err":0,"msg":"JLLVuYrFuvq4WK3qe9z6NST1szxT76BW3a"}
[ Tue Aug 15 2017 16:27:29 GMT+0800 (CST) ] time is 1134
[ Tue Aug 15 2017 16:27:29 GMT+0800 (CST) ] {"err":0,"msg":"Jg84yXHv7GqTjEKihit9TSisRGx1UXb4Mb"}
[ Tue Aug 15 2017 16:27:29 GMT+0800 (CST) ] time is 1135
[ Tue Aug 15 2017 16:27:29 GMT+0800 (CST) ] {"err":0,"msg":"JNbAhDRN6bM7iPX6NgcZKxwY74r8mPfDAq"}
[ Tue Aug 15 2017 16:27:29 GMT+0800 (CST) ] time is 1131
[ Tue Aug 15 2017 16:27:29 GMT+0800 (CST) ] {"err":0,"msg":"Jh89JA1yqZf5R21gQ3XKGvkdg2GgoDr9QD"}
[ Tue Aug 15 2017 16:27:29 GMT+0800 (CST) ] time is 1138
[ Tue Aug 15 2017 16:27:29 GMT+0800 (CST) ] {"err":0,"msg":"JQg7eGir8sQvM6DeLiuQvEC53xQxj2BL2b"}
[ Tue Aug 15 2017 16:27:29 GMT+0800 (CST) ] time is 1135
[ Tue Aug 15 2017 16:27:29 GMT+0800 (CST) ] {"err":0,"msg":"JZpHxPE9P9zA8DfuafaxzqwYFko9Vi5moL"}
[ Tue Aug 15 2017 16:27:29 GMT+0800 (CST) ] time is 1136
[ Tue Aug 15 2017 16:27:29 GMT+0800 (CST) ] {"err":0,"msg":"JLpFdsyy1nJUtUt78474BRA6T8RyvnAdYc"}
[ Tue Aug 15 2017 16:27:29 GMT+0800 (CST) ] time is 1132
[ Tue Aug 15 2017 16:27:29 GMT+0800 (CST) ] {"err":0,"msg":"JaojCLsTu9UMBfMfKutE9Zs5JmTEsW2nW1"}
[ Tue Aug 15 2017 16:27:29 GMT+0800 (CST) ] time is 1139
[ Tue Aug 15 2017 16:27:29 GMT+0800 (CST) ] {"err":0,"msg":"JYhLCL7XDtkVVksVHQt4nGAboau9fo1TB9"}
[ Tue Aug 15 2017 16:27:29 GMT+0800 (CST) ] time is 1136
[ Tue Aug 15 2017 16:27:29 GMT+0800 (CST) ] {"err":0,"msg":"Jaok2TLXuEUFyeX5HFmEbMLg1JJcBaz6Un"}
[ Tue Aug 15 2017 16:27:29 GMT+0800 (CST) ] time is 1137
[ Tue Aug 15 2017 16:27:29 GMT+0800 (CST) ] {"err":0,"msg":"JdpWSbm5ffg5yGRYwbidg2K9c533vpvZ9V"}
[ Tue Aug 15 2017 16:27:29 GMT+0800 (CST) ] time is 1133
[ Tue Aug 15 2017 16:27:29 GMT+0800 (CST) ] {"err":0,"msg":"JZRnY5J8hESUdAPt4nf3jBJYPTgscWs3Va"}
[ Tue Aug 15 2017 16:27:29 GMT+0800 (CST) ] time is 1140
[ Tue Aug 15 2017 16:27:29 GMT+0800 (CST) ] {"err":0,"msg":"JfQ9zQLiJ2TBCv33ZGbK7YzdtSpvfXTKzU"}
[ Tue Aug 15 2017 16:27:29 GMT+0800 (CST) ] time is 1137
[ Tue Aug 15 2017 16:27:29 GMT+0800 (CST) ] {"err":0,"msg":"JWcjj4fhkpRVUW8w6gA169Gmo1r7HPMcdZ"}
[ Tue Aug 15 2017 16:27:29 GMT+0800 (CST) ] time is 1138
[ Tue Aug 15 2017 16:27:29 GMT+0800 (CST) ] {"err":0,"msg":"JfXsh7f2DqsXzjEZAf6bRBgJtz7NGSHAS9"}
[ Tue Aug 15 2017 16:27:29 GMT+0800 (CST) ] time is 1134
[ Tue Aug 15 2017 16:27:29 GMT+0800 (CST) ] {"err":0,"msg":"JKrTfhtgedYhibQZJVpBaeajY69GoSNpbo"}
[ Tue Aug 15 2017 16:27:29 GMT+0800 (CST) ] time is 1141
[ Tue Aug 15 2017 16:27:29 GMT+0800 (CST) ] {"err":0,"msg":"JMTW88DdTU5rUFaVCBJj6nRCdvYZf6e15v"}
[ Tue Aug 15 2017 16:27:29 GMT+0800 (CST) ] time is 1138
[ Tue Aug 15 2017 16:27:29 GMT+0800 (CST) ] {"err":0,"msg":"JRYCyP1wfaxTyyg2Cpg3hTHE4M8J9ZMd5w"}
[ Tue Aug 15 2017 16:27:29 GMT+0800 (CST) ] time is 1139
[ Tue Aug 15 2017 16:27:29 GMT+0800 (CST) ] {"err":0,"msg":"JYDq7EPRTZkptK5RG6PypLEMAFF9MKsHdN"}
[ Tue Aug 15 2017 16:27:29 GMT+0800 (CST) ] time is 1135
[ Tue Aug 15 2017 16:27:29 GMT+0800 (CST) ] {"err":0,"msg":"JVeyVVJR1eocWwnsh5B7QrRmg4RboSEfk6"}
[ Tue Aug 15 2017 16:27:29 GMT+0800 (CST) ] time is 1142
[ Tue Aug 15 2017 16:27:29 GMT+0800 (CST) ] {"err":0,"msg":"JR8Qc2FaoHwD5oWSZhQgb2RHew8mBPee14"}
[ Tue Aug 15 2017 16:27:29 GMT+0800 (CST) ] time is 1139
[ Tue Aug 15 2017 16:27:29 GMT+0800 (CST) ] {"err":0,"msg":"JK9pksc37Wm8nq2aG7B9paxbGwboESYCba"}
[ Tue Aug 15 2017 16:27:29 GMT+0800 (CST) ] time is 1140
[ Tue Aug 15 2017 16:27:29 GMT+0800 (CST) ] {"err":0,"msg":"JgrbKC4CFWjCPscuKGfDbAxdDhnCLds53p"}
[ Tue Aug 15 2017 16:27:29 GMT+0800 (CST) ] time is 1136
[ Tue Aug 15 2017 16:27:29 GMT+0800 (CST) ] {"err":0,"msg":"Jdc1ETiyU9jgZAc2UAUMrJWVxkRnoPD99s"}
[ Tue Aug 15 2017 16:27:29 GMT+0800 (CST) ] time is 1143
[ Tue Aug 15 2017 16:27:29 GMT+0800 (CST) ] {"err":0,"msg":"JRdQqLr4LbRnY44niHUQnzx57qzuSuQhte"}
[ Tue Aug 15 2017 16:27:29 GMT+0800 (CST) ] time is 1140
[ Tue Aug 15 2017 16:27:29 GMT+0800 (CST) ] {"err":0,"msg":"JUBWpeyuXtcRTpbn9sQjWxXwfLvdHJDVuW"}
[ Tue Aug 15 2017 16:27:29 GMT+0800 (CST) ] time is 1141
[ Tue Aug 15 2017 16:27:29 GMT+0800 (CST) ] {"err":0,"msg":"JWAtN8qGPP4R3pvGpai6tBDDNEuNBYxNms"}
[ Tue Aug 15 2017 16:27:29 GMT+0800 (CST) ] time is 1137
[ Tue Aug 15 2017 16:27:29 GMT+0800 (CST) ] {"err":0,"msg":"JYZru9tV7SbXAWN96UXJqE2wvEFjNp9M6P"}
[ Tue Aug 15 2017 16:27:29 GMT+0800 (CST) ] time is 1144
[ Tue Aug 15 2017 16:27:29 GMT+0800 (CST) ] {"err":0,"msg":"JX1EmVukVe1Cjj6eFCuTpa1E4FrsMz2h28"}
[ Tue Aug 15 2017 16:27:29 GMT+0800 (CST) ] time is 1141
[ Tue Aug 15 2017 16:27:29 GMT+0800 (CST) ] {"err":0,"msg":"JWB157JuDNXYWs4m3Vj5Bj3RqCwzVsY5ov"}
[ Tue Aug 15 2017 16:27:29 GMT+0800 (CST) ] time is 1142
[ Tue Aug 15 2017 16:27:29 GMT+0800 (CST) ] {"err":0,"msg":"JbJCR2ZNTNczJZZuXQn6c8NjHMT6e5NrxE"}
[ Tue Aug 15 2017 16:27:30 GMT+0800 (CST) ] time is 1138
[ Tue Aug 15 2017 16:27:30 GMT+0800 (CST) ] {"err":0,"msg":"JSYC9Y97DntFQgYejkuNwsER46H7vciyCQ"}
[ Tue Aug 15 2017 16:27:30 GMT+0800 (CST) ] time is 1145
[ Tue Aug 15 2017 16:27:30 GMT+0800 (CST) ] {"err":0,"msg":"JVm5Wr6cTXmvDjnajWDrFex3HSnSJsnSyz"}
[ Tue Aug 15 2017 16:27:30 GMT+0800 (CST) ] time is 1142
[ Tue Aug 15 2017 16:27:30 GMT+0800 (CST) ] {"err":0,"msg":"JR3BkpNrE8xfp3tHKLdnCz8jGVSBT7FEsp"}
[ Tue Aug 15 2017 16:27:30 GMT+0800 (CST) ] time is 1143
[ Tue Aug 15 2017 16:27:30 GMT+0800 (CST) ] {"err":0,"msg":"JMFE7sf4uJ1KN1wRgnNCqv2nJBdCjX1JjU"}
[ Tue Aug 15 2017 16:27:30 GMT+0800 (CST) ] time is 1139
[ Tue Aug 15 2017 16:27:30 GMT+0800 (CST) ] {"err":0,"msg":"JSAjf7NhnkLbMzS6XHoB6jTAiXvDBXhkT5"}
[ Tue Aug 15 2017 16:27:30 GMT+0800 (CST) ] time is 1146
[ Tue Aug 15 2017 16:27:30 GMT+0800 (CST) ] {"err":0,"msg":"JLJg6CX6X3irGzpiYnWoGxVRF2fuWRhygt"}
[ Tue Aug 15 2017 16:27:30 GMT+0800 (CST) ] time is 1143
[ Tue Aug 15 2017 16:27:30 GMT+0800 (CST) ] {"err":0,"msg":"JNJ3p3ob7Cg3RVF5Gm2JFMT3QpwnP8qQo2"}
[ Tue Aug 15 2017 16:27:30 GMT+0800 (CST) ] time is 1144
[ Tue Aug 15 2017 16:27:30 GMT+0800 (CST) ] {"err":0,"msg":"JcoETHt6VpQFFKrVSgtpgwsqGjmPUf1VGB"}
[ Tue Aug 15 2017 16:27:30 GMT+0800 (CST) ] time is 1140
[ Tue Aug 15 2017 16:27:30 GMT+0800 (CST) ] {"err":0,"msg":"JM78UGPonnegoAKgwKDsNBbbkuy5p4zY2h"}
[ Tue Aug 15 2017 16:27:30 GMT+0800 (CST) ] time is 1147
[ Tue Aug 15 2017 16:27:30 GMT+0800 (CST) ] {"err":0,"msg":"JcRMk1zDHeQ6ZH6UAmEQT9J6yJopmtLSEo"}
[ Tue Aug 15 2017 16:27:30 GMT+0800 (CST) ] time is 1144
[ Tue Aug 15 2017 16:27:30 GMT+0800 (CST) ] {"err":0,"msg":"JdcrmP5DewH5U2qsvBzBGri2Zh9YJ3Y22i"}
[ Tue Aug 15 2017 16:27:30 GMT+0800 (CST) ] time is 1145
[ Tue Aug 15 2017 16:27:30 GMT+0800 (CST) ] {"err":0,"msg":"JRoKZd1dTN15JASNpTjWpphHR2JDPW9rYi"}
[ Tue Aug 15 2017 16:27:30 GMT+0800 (CST) ] time is 1141
[ Tue Aug 15 2017 16:27:30 GMT+0800 (CST) ] {"err":0,"msg":"JXpQP3KC3aKfcSEeVAj3kVMo78DrJNrr2Y"}
[ Tue Aug 15 2017 16:27:30 GMT+0800 (CST) ] time is 1148
[ Tue Aug 15 2017 16:27:30 GMT+0800 (CST) ] {"err":0,"msg":"JaGz2XJ88r3PMCgrV2W2zFMrx67smXQGu9"}
[ Tue Aug 15 2017 16:27:30 GMT+0800 (CST) ] time is 1145
[ Tue Aug 15 2017 16:27:30 GMT+0800 (CST) ] {"err":0,"msg":"JQ6kXMKem4yH1YrBxmJd1qv7GW3ZHTo9mJ"}
[ Tue Aug 15 2017 16:27:30 GMT+0800 (CST) ] time is 1146
[ Tue Aug 15 2017 16:27:30 GMT+0800 (CST) ] {"err":0,"msg":"JVNM744qE5TjnXXo84syiidbWm7NNs3MGv"}
[ Tue Aug 15 2017 16:27:30 GMT+0800 (CST) ] time is 1142
[ Tue Aug 15 2017 16:27:30 GMT+0800 (CST) ] {"err":0,"msg":"JV3qeYiSyT3BPsRGLs8u9F5scnuv91899H"}
[ Tue Aug 15 2017 16:27:30 GMT+0800 (CST) ] time is 1149
[ Tue Aug 15 2017 16:27:30 GMT+0800 (CST) ] {"err":0,"msg":"JTeY1weMFkSfCd9TzwbiPgqE6KMpqG6YwX"}
[ Tue Aug 15 2017 16:27:30 GMT+0800 (CST) ] time is 1146
[ Tue Aug 15 2017 16:27:30 GMT+0800 (CST) ] {"err":0,"msg":"JMsdy58BAzQZmkn71SQeNa2rG7Lv9xWWJ4"}
[ Tue Aug 15 2017 16:27:30 GMT+0800 (CST) ] time is 1147
[ Tue Aug 15 2017 16:27:30 GMT+0800 (CST) ] {"err":0,"msg":"JaZy9wtvJYacuuVzxTTW9jVsPP9MW6YH5v"}
[ Tue Aug 15 2017 16:27:30 GMT+0800 (CST) ] time is 1143
[ Tue Aug 15 2017 16:27:30 GMT+0800 (CST) ] {"err":0,"msg":"Jg5PzfznCkZJSsS7JrMZnWoDfc5nPsXRKH"}
[ Tue Aug 15 2017 16:27:30 GMT+0800 (CST) ] time is 1150
[ Tue Aug 15 2017 16:27:30 GMT+0800 (CST) ] {"err":0,"msg":"JbmMy59LpNRrjUXhMP3XjZzC8rosyh8jmA"}
[ Tue Aug 15 2017 16:27:30 GMT+0800 (CST) ] time is 1147
[ Tue Aug 15 2017 16:27:30 GMT+0800 (CST) ] {"err":0,"msg":"JTmmFm9uXc1Fo27ssENeMqYhYzVYYoYpKK"}
[ Tue Aug 15 2017 16:27:30 GMT+0800 (CST) ] time is 1148
[ Tue Aug 15 2017 16:27:30 GMT+0800 (CST) ] {"err":0,"msg":"JWfaeTKq6cJMaLGXkfNcGcMELXxwCmsiPJ"}
[ Tue Aug 15 2017 16:27:30 GMT+0800 (CST) ] time is 1144
[ Tue Aug 15 2017 16:27:30 GMT+0800 (CST) ] {"err":0,"msg":"JTBrfPLYGPSjZMdDVvyqew2twAMhuMyxhx"}
[ Tue Aug 15 2017 16:27:30 GMT+0800 (CST) ] time is 1151
[ Tue Aug 15 2017 16:27:30 GMT+0800 (CST) ] {"err":0,"msg":"JgYY5mRAgVS34drP8ENbAEx43ndV5gjafq"}
[ Tue Aug 15 2017 16:27:30 GMT+0800 (CST) ] time is 1148
[ Tue Aug 15 2017 16:27:30 GMT+0800 (CST) ] {"err":0,"msg":"JeJjHty5cDbw5M7ph2rBLCH5Jn96tktJNr"}
[ Tue Aug 15 2017 16:27:30 GMT+0800 (CST) ] time is 1149
[ Tue Aug 15 2017 16:27:30 GMT+0800 (CST) ] {"err":0,"msg":"JaBNQiUQdc1mKuxR4GRPxwdoAnU5uBtG9u"}
[ Tue Aug 15 2017 16:27:30 GMT+0800 (CST) ] time is 1152
[ Tue Aug 15 2017 16:27:30 GMT+0800 (CST) ] {"err":0,"msg":"JfwbGggcizk1XwLWpHvJQW7755BLqjum3a"}
[ Tue Aug 15 2017 16:27:30 GMT+0800 (CST) ] time is 1145
[ Tue Aug 15 2017 16:27:30 GMT+0800 (CST) ] {"err":0,"msg":"JewoXMWVsBG2yaGHdSXtsppJJSi8APUnSJ"}
[ Tue Aug 15 2017 16:27:30 GMT+0800 (CST) ] time is 1149
[ Tue Aug 15 2017 16:27:30 GMT+0800 (CST) ] {"err":0,"msg":"JQbDZYg7kqPuZpg5hqZUqSAmHk2wh3qnou"}
[ Tue Aug 15 2017 16:27:30 GMT+0800 (CST) ] time is 1150
[ Tue Aug 15 2017 16:27:30 GMT+0800 (CST) ] {"err":0,"msg":"JYfvWVtsybA3Y6myiTjqyNnyMfu33KGq8H"}
[ Tue Aug 15 2017 16:27:30 GMT+0800 (CST) ] time is 1153
[ Tue Aug 15 2017 16:27:30 GMT+0800 (CST) ] {"err":0,"msg":"JRhpFFBUPZyb41u4WePhDWsDKojWnWCvr5"}
[ Tue Aug 15 2017 16:27:30 GMT+0800 (CST) ] time is 1146
[ Tue Aug 15 2017 16:27:30 GMT+0800 (CST) ] {"err":0,"msg":"JUs2pSyFQ7MohkzTuF3k54PufowSkADfYK"}
[ Tue Aug 15 2017 16:27:30 GMT+0800 (CST) ] time is 1150
[ Tue Aug 15 2017 16:27:30 GMT+0800 (CST) ] {"err":0,"msg":"JapnYXKFryXby9yYCgub77Tw32doBUERJT"}
[ Tue Aug 15 2017 16:27:30 GMT+0800 (CST) ] time is 1151
[ Tue Aug 15 2017 16:27:30 GMT+0800 (CST) ] {"err":0,"msg":"JZwsXEsVD5xgFYvfbSsJ8YAuHrLhdi5dzP"}
[ Tue Aug 15 2017 16:27:30 GMT+0800 (CST) ] time is 1154
[ Tue Aug 15 2017 16:27:30 GMT+0800 (CST) ] {"err":0,"msg":"JeTbXudBWuNw1EhQE4WRVDCGEjstks36Lu"}
[ Tue Aug 15 2017 16:27:30 GMT+0800 (CST) ] time is 1147
[ Tue Aug 15 2017 16:27:30 GMT+0800 (CST) ] {"err":0,"msg":"JfrdssoJrbhEVj7QDcbH1mbZ41XWFDjyQw"}
[ Tue Aug 15 2017 16:27:30 GMT+0800 (CST) ] time is 1151
[ Tue Aug 15 2017 16:27:30 GMT+0800 (CST) ] {"err":0,"msg":"JXZLeT5teeJocMkppVDeae3HTqaYoXkdrc"}
[ Tue Aug 15 2017 16:27:30 GMT+0800 (CST) ] time is 1152
[ Tue Aug 15 2017 16:27:30 GMT+0800 (CST) ] {"err":0,"msg":"JQrQ1dTBLBkFijNwiHTsrSoN6u42maEPDa"}
[ Tue Aug 15 2017 16:27:30 GMT+0800 (CST) ] time is 1155
[ Tue Aug 15 2017 16:27:30 GMT+0800 (CST) ] {"err":0,"msg":"JYb8oAH7sN72dPF3UH3f2BoUu6kgjJn5ZL"}
[ Tue Aug 15 2017 16:27:30 GMT+0800 (CST) ] time is 1148
[ Tue Aug 15 2017 16:27:30 GMT+0800 (CST) ] {"err":0,"msg":"JhjXiMG1goXfTRBoxJN18j5yaDpSPoeEgP"}
[ Tue Aug 15 2017 16:27:30 GMT+0800 (CST) ] time is 1152
[ Tue Aug 15 2017 16:27:30 GMT+0800 (CST) ] {"err":0,"msg":"JKw5fjbU5ZkGgSMTrbrWsP6nmmU4dFVjaM"}
[ Tue Aug 15 2017 16:27:30 GMT+0800 (CST) ] time is 1153
[ Tue Aug 15 2017 16:27:30 GMT+0800 (CST) ] {"err":0,"msg":"JcF4uWVdBsRZvSZLhpBncKwBKWn8MiNGBw"}
[ Tue Aug 15 2017 16:27:30 GMT+0800 (CST) ] time is 1156
[ Tue Aug 15 2017 16:27:30 GMT+0800 (CST) ] {"err":0,"msg":"JVnZ2ZNaEbtTezGyqPwMGU9pYMNToZVVsG"}
[ Tue Aug 15 2017 16:27:30 GMT+0800 (CST) ] time is 1149
[ Tue Aug 15 2017 16:27:30 GMT+0800 (CST) ] {"err":0,"msg":"Jf6Yq8Rbi75Ey3zY7UhtQGK6ac5cGjrmao"}
[ Tue Aug 15 2017 16:27:30 GMT+0800 (CST) ] time is 1153
[ Tue Aug 15 2017 16:27:30 GMT+0800 (CST) ] {"err":0,"msg":"JLk1BjEpWwyxGqAyKj1KeGtceusTfu4TZ9"}
[ Tue Aug 15 2017 16:27:30 GMT+0800 (CST) ] time is 1154
[ Tue Aug 15 2017 16:27:30 GMT+0800 (CST) ] {"err":0,"msg":"JTWSjPuU2qnQHPaQLFhe5qWQgmVtFjwG29"}
[ Tue Aug 15 2017 16:27:30 GMT+0800 (CST) ] time is 1157
[ Tue Aug 15 2017 16:27:30 GMT+0800 (CST) ] {"err":0,"msg":"JPZrZDW97wyWUFAu8zkycF2hwqgoh5AacF"}
[ Tue Aug 15 2017 16:27:30 GMT+0800 (CST) ] time is 1150
[ Tue Aug 15 2017 16:27:30 GMT+0800 (CST) ] {"err":0,"msg":"JKqn8opG8h1R6cmmPfkjXCX2adehHsZoGj"}
[ Tue Aug 15 2017 16:27:30 GMT+0800 (CST) ] time is 1155
[ Tue Aug 15 2017 16:27:30 GMT+0800 (CST) ] {"err":0,"msg":"JMcb3Z6eLK898iQFdXz8hDkRcaHyz7XTGn"}
[ Tue Aug 15 2017 16:27:30 GMT+0800 (CST) ] time is 1154
[ Tue Aug 15 2017 16:27:30 GMT+0800 (CST) ] {"err":0,"msg":"Jd77GuHJ38qU8QSidxAKcAX4z8U98tDAmv"}
[ Tue Aug 15 2017 16:27:30 GMT+0800 (CST) ] time is 1158
[ Tue Aug 15 2017 16:27:30 GMT+0800 (CST) ] {"err":0,"msg":"JLw6dPUzsvoQXUrATAw1ZfhzGcmFqhofqn"}
[ Tue Aug 15 2017 16:27:30 GMT+0800 (CST) ] time is 1151
[ Tue Aug 15 2017 16:27:30 GMT+0800 (CST) ] {"err":0,"msg":"JWJKTvTv4SkYweJ7Tishcvmbr6A6zrT1xm"}
[ Tue Aug 15 2017 16:27:30 GMT+0800 (CST) ] {"err":0,"msg":"JgMGCV7h3sdXp6X2YV8hx2kd1Rvw5ZYSCT"}
[ Tue Aug 15 2017 16:27:30 GMT+0800 (CST) ] time is 1155
[ Tue Aug 15 2017 16:27:30 GMT+0800 (CST) ] time is 1156
[ Tue Aug 15 2017 16:27:30 GMT+0800 (CST) ] {"err":0,"msg":"JezEeuik8yBjFGqAwz4AnQjsx2Bmi69K64"}
[ Tue Aug 15 2017 16:27:30 GMT+0800 (CST) ] time is 1159
[ Tue Aug 15 2017 16:27:30 GMT+0800 (CST) ] {"err":0,"msg":"JRxj525VcyCZNGjhAfK5TcmcbLBzNpdPJz"}
[ Tue Aug 15 2017 16:27:30 GMT+0800 (CST) ] {"err":0,"msg":"JcYDAMvsRkGmZtVuWFwC5ZnJBjo1i9soDc"}
[ Tue Aug 15 2017 16:27:30 GMT+0800 (CST) ] time is 1152
[ Tue Aug 15 2017 16:27:30 GMT+0800 (CST) ] time is 1156
[ Tue Aug 15 2017 16:27:30 GMT+0800 (CST) ] {"err":0,"msg":"JWvcoiJCAsYgj957QGGERmzF15cUfueDNB"}
[ Tue Aug 15 2017 16:27:30 GMT+0800 (CST) ] time is 1157
[ Tue Aug 15 2017 16:27:30 GMT+0800 (CST) ] {"err":0,"msg":"JYEgWameeYHvA4R3p99WfgoUPCgiaFXx8Y"}
[ Tue Aug 15 2017 16:27:30 GMT+0800 (CST) ] time is 1160
[ Tue Aug 15 2017 16:27:30 GMT+0800 (CST) ] {"err":0,"msg":"JJfZkQjzbDAXt7VLo2ewBL7ejjTewe1YdX"}
[ Tue Aug 15 2017 16:27:30 GMT+0800 (CST) ] time is 1153
[ Tue Aug 15 2017 16:27:30 GMT+0800 (CST) ] {"err":0,"msg":"JXYvMvoJuMQpzAEarnDKyTM7HmqJXN5WqV"}
[ Tue Aug 15 2017 16:27:30 GMT+0800 (CST) ] {"err":0,"msg":"JTsYbdPyt41EDtcVRn7TRQ4yq5vZ3JY7Ev"}
[ Tue Aug 15 2017 16:27:30 GMT+0800 (CST) ] time is 1157
[ Tue Aug 15 2017 16:27:30 GMT+0800 (CST) ] time is 1158
[ Tue Aug 15 2017 16:27:30 GMT+0800 (CST) ] {"err":0,"msg":"JgyVgpmecqbUjiG7y7JUqir1hDnruRMs6v"}
[ Tue Aug 15 2017 16:27:30 GMT+0800 (CST) ] time is 1161
[ Tue Aug 15 2017 16:27:30 GMT+0800 (CST) ] {"err":0,"msg":"JJboySXL4ETD25vXvyNxYdFoevX2vfbQ97"}
[ Tue Aug 15 2017 16:27:30 GMT+0800 (CST) ] time is 1154
[ Tue Aug 15 2017 16:27:30 GMT+0800 (CST) ] {"err":0,"msg":"JW9MZ8163EDFDSjUeLV32rNWrbEmGJK8sm"}
[ Tue Aug 15 2017 16:27:30 GMT+0800 (CST) ] time is 1159
[ Tue Aug 15 2017 16:27:30 GMT+0800 (CST) ] {"err":0,"msg":"Jf6q39jXuvzfB4eUy4f4HXmiVPgyq91MAL"}
[ Tue Aug 15 2017 16:27:30 GMT+0800 (CST) ] time is 1158
[ Tue Aug 15 2017 16:27:30 GMT+0800 (CST) ] {"err":0,"msg":"JVYD66z4JVW3ixPinQdSXakSnFjQi1a21U"}
[ Tue Aug 15 2017 16:27:31 GMT+0800 (CST) ] time is 1162
[ Tue Aug 15 2017 16:27:31 GMT+0800 (CST) ] {"err":0,"msg":"JZJVMW1ysJSXsLbyEJWjtxwpRQ4uVKbBHp"}
[ Tue Aug 15 2017 16:27:31 GMT+0800 (CST) ] time is 1155
[ Tue Aug 15 2017 16:27:31 GMT+0800 (CST) ] {"err":0,"msg":"JMwsotHE4rUur5C2Lgkam3ZUBZ6YsprCPo"}
[ Tue Aug 15 2017 16:27:31 GMT+0800 (CST) ] time is 1160
[ Tue Aug 15 2017 16:27:31 GMT+0800 (CST) ] {"err":0,"msg":"JSGT8wUsrQMgL9WWanhbhnnerHBa3MM7sw"}
[ Tue Aug 15 2017 16:27:31 GMT+0800 (CST) ] time is 1159
[ Tue Aug 15 2017 16:27:31 GMT+0800 (CST) ] {"err":0,"msg":"JMG3urceDeV2LeyseXrEkQ4VNBnX8aZhwf"}
[ Tue Aug 15 2017 16:27:31 GMT+0800 (CST) ] time is 1163
[ Tue Aug 15 2017 16:27:31 GMT+0800 (CST) ] {"err":0,"msg":"Jc2WRu8urtJeL6tTHPQdFL5FTGmFMKx3h4"}
[ Tue Aug 15 2017 16:27:31 GMT+0800 (CST) ] time is 1156
[ Tue Aug 15 2017 16:27:31 GMT+0800 (CST) ] {"err":0,"msg":"JMveenZJ3228QSuvcqrSqgSyZxT567PkpR"}
[ Tue Aug 15 2017 16:27:31 GMT+0800 (CST) ] time is 1161
[ Tue Aug 15 2017 16:27:31 GMT+0800 (CST) ] {"err":0,"msg":"JKxnXYZmMZxJAHjAKLvREsDPJjmKooSLBb"}
[ Tue Aug 15 2017 16:27:31 GMT+0800 (CST) ] time is 1160
[ Tue Aug 15 2017 16:27:31 GMT+0800 (CST) ] {"err":0,"msg":"JPiSVpYM9YB8r1euyramgagbB8oD4ctRwB"}
[ Tue Aug 15 2017 16:27:31 GMT+0800 (CST) ] time is 1164
[ Tue Aug 15 2017 16:27:31 GMT+0800 (CST) ] {"err":0,"msg":"JWiSYiGdv63Dm98v9yYKvMd8JuALSR91xK"}
[ Tue Aug 15 2017 16:27:31 GMT+0800 (CST) ] time is 1157
[ Tue Aug 15 2017 16:27:31 GMT+0800 (CST) ] {"err":0,"msg":"JMsKn7uLVAZ2mwuCEvrzAufuzhMXDtHkVk"}
[ Tue Aug 15 2017 16:27:31 GMT+0800 (CST) ] time is 1162
[ Tue Aug 15 2017 16:27:31 GMT+0800 (CST) ] {"err":0,"msg":"JYLfPZTePgMDzseYH8tupPk1kcVdv9FW86"}
[ Tue Aug 15 2017 16:27:31 GMT+0800 (CST) ] time is 1161
[ Tue Aug 15 2017 16:27:31 GMT+0800 (CST) ] {"err":0,"msg":"JZ6ATTzweayhw9JsnpyozGqupy471DuskP"}
[ Tue Aug 15 2017 16:27:31 GMT+0800 (CST) ] time is 1165
[ Tue Aug 15 2017 16:27:31 GMT+0800 (CST) ] {"err":0,"msg":"JTiJ8yq1sCKQB6Vmj373XRFFNHu8UeeQY8"}
[ Tue Aug 15 2017 16:27:31 GMT+0800 (CST) ] {"err":0,"msg":"JWoGPN7dcUQysDH6rVqm2bLPziDhQX4vef"}
[ Tue Aug 15 2017 16:27:31 GMT+0800 (CST) ] time is 1158
[ Tue Aug 15 2017 16:27:31 GMT+0800 (CST) ] time is 1163
[ Tue Aug 15 2017 16:27:31 GMT+0800 (CST) ] {"err":0,"msg":"JQDmHsgvdqU66dN6CLjods8awnUnKL2CXT"}
[ Tue Aug 15 2017 16:27:31 GMT+0800 (CST) ] time is 1162
[ Tue Aug 15 2017 16:27:31 GMT+0800 (CST) ] {"err":0,"msg":"JWGFEeVcKAkyTvDpMz1qDyYxrXoR1FkDFC"}
[ Tue Aug 15 2017 16:27:31 GMT+0800 (CST) ] time is 1166
[ Tue Aug 15 2017 16:27:31 GMT+0800 (CST) ] {"err":0,"msg":"JWcLJ5FxmmusbDry7ALPyvEZLfYwqZ316W"}
[ Tue Aug 15 2017 16:27:31 GMT+0800 (CST) ] time is 1159
[ Tue Aug 15 2017 16:27:31 GMT+0800 (CST) ] {"err":0,"msg":"JX68Hic8xurFoeZw96RV81WH3qeZBZaHtp"}
[ Tue Aug 15 2017 16:27:31 GMT+0800 (CST) ] time is 1164
[ Tue Aug 15 2017 16:27:31 GMT+0800 (CST) ] {"err":0,"msg":"JQfgZFDRyp1JrJGdMrUqR8NkV2oh8UgsYi"}
[ Tue Aug 15 2017 16:27:31 GMT+0800 (CST) ] time is 1167
[ Tue Aug 15 2017 16:27:31 GMT+0800 (CST) ] {"err":0,"msg":"Jeay4te1XEmuqUEGDsrwkP51ZrpRR3gocw"}
[ Tue Aug 15 2017 16:27:31 GMT+0800 (CST) ] time is 1163
[ Tue Aug 15 2017 16:27:31 GMT+0800 (CST) ] {"err":0,"msg":"Jhn6odwwmw6VvB1ZypFbSow1dbhCCb91cc"}
[ Tue Aug 15 2017 16:27:31 GMT+0800 (CST) ] time is 1160
[ Tue Aug 15 2017 16:27:31 GMT+0800 (CST) ] {"err":0,"msg":"JaEzbrMVgNfpbKa1eP522GkFZm4CiENtgN"}
[ Tue Aug 15 2017 16:27:31 GMT+0800 (CST) ] time is 1165
[ Tue Aug 15 2017 16:27:31 GMT+0800 (CST) ] {"err":0,"msg":"JX1gtrW2DNQoGvhGJK8smDYqAj52hfLdMS"}
[ Tue Aug 15 2017 16:27:31 GMT+0800 (CST) ] time is 1168
[ Tue Aug 15 2017 16:27:31 GMT+0800 (CST) ] {"err":0,"msg":"JLVvyjGnUtMJNFyG3nqi44eUgiJxx25iUL"}
[ Tue Aug 15 2017 16:27:31 GMT+0800 (CST) ] time is 1164
[ Tue Aug 15 2017 16:27:31 GMT+0800 (CST) ] {"err":0,"msg":"JJkEVYCyY7P3NkAmrB7yM8yGJAYhGeLC7T"}
[ Tue Aug 15 2017 16:27:31 GMT+0800 (CST) ] time is 1161
[ Tue Aug 15 2017 16:27:31 GMT+0800 (CST) ] {"err":0,"msg":"JXirUM9jczE7tG6sghpEW7v47mTcBYuKy2"}
[ Tue Aug 15 2017 16:27:31 GMT+0800 (CST) ] time is 1166
[ Tue Aug 15 2017 16:27:31 GMT+0800 (CST) ] {"err":0,"msg":"Je7v7d7hy7RMCxoLFXmDWydGPUEqRfcjfV"}
[ Tue Aug 15 2017 16:27:31 GMT+0800 (CST) ] time is 1169
[ Tue Aug 15 2017 16:27:31 GMT+0800 (CST) ] {"err":0,"msg":"JgYDYsHReyp6V1ZafLp7T5YKy6wxeJoXxD"}
[ Tue Aug 15 2017 16:27:31 GMT+0800 (CST) ] time is 1165
[ Tue Aug 15 2017 16:27:31 GMT+0800 (CST) ] {"err":0,"msg":"JfH6M5DM7ZhVLbphkEBa4mXcC4cLtJPr7p"}
[ Tue Aug 15 2017 16:27:31 GMT+0800 (CST) ] time is 1162
[ Tue Aug 15 2017 16:27:31 GMT+0800 (CST) ] {"err":0,"msg":"JUaSjDSSsZ1U4GaNeQG2HAjzhkcw7o8Kmz"}
[ Tue Aug 15 2017 16:27:31 GMT+0800 (CST) ] time is 1167
[ Tue Aug 15 2017 16:27:31 GMT+0800 (CST) ] {"err":0,"msg":"JNHDDL86C192SvdSE7Wq2LX4TN9WeErdvQ"}
[ Tue Aug 15 2017 16:27:31 GMT+0800 (CST) ] time is 1170
[ Tue Aug 15 2017 16:27:31 GMT+0800 (CST) ] {"err":0,"msg":"JfTjtW9cBZjNJxuQBtVB3ZXzAWk3vavXck"}
[ Tue Aug 15 2017 16:27:31 GMT+0800 (CST) ] time is 1166
[ Tue Aug 15 2017 16:27:31 GMT+0800 (CST) ] {"err":0,"msg":"JPuN3RaySrnModqi7o9JWcymoMHPU6UxaX"}
[ Tue Aug 15 2017 16:27:31 GMT+0800 (CST) ] time is 1163
[ Tue Aug 15 2017 16:27:31 GMT+0800 (CST) ] {"err":0,"msg":"JZYz5zMnaexQ6CNaZgPT7hYac6Rx6PJEGz"}
[ Tue Aug 15 2017 16:27:31 GMT+0800 (CST) ] time is 1168
[ Tue Aug 15 2017 16:27:31 GMT+0800 (CST) ] {"err":0,"msg":"JSsEgbpubufMQkHTPgPR5wdfYHTisY2Z5r"}
[ Tue Aug 15 2017 16:27:31 GMT+0800 (CST) ] time is 1171
[ Tue Aug 15 2017 16:27:31 GMT+0800 (CST) ] {"err":0,"msg":"JVKusMeBafFf3egoi83Dt9yuHTdB8hjqUQ"}
[ Tue Aug 15 2017 16:27:31 GMT+0800 (CST) ] time is 1167
[ Tue Aug 15 2017 16:27:31 GMT+0800 (CST) ] {"err":0,"msg":"JVZzRQiY9oAvviZ8xaNeXA5W6miEua3mAf"}
[ Tue Aug 15 2017 16:27:31 GMT+0800 (CST) ] time is 1164
[ Tue Aug 15 2017 16:27:31 GMT+0800 (CST) ] {"err":0,"msg":"Janbsa9XJGZiPH4VXFHQvyvtvRU8eYW1EA"}
[ Tue Aug 15 2017 16:27:31 GMT+0800 (CST) ] time is 1169
[ Tue Aug 15 2017 16:27:31 GMT+0800 (CST) ] {"err":0,"msg":"JZGzreyMRBSvTj37YqddK6Ug2ABg6kk5RZ"}
[ Tue Aug 15 2017 16:27:31 GMT+0800 (CST) ] time is 1172
[ Tue Aug 15 2017 16:27:31 GMT+0800 (CST) ] {"err":0,"msg":"JQcTVi4XKCYLRgdLpnjn6SSDjev68QRtF1"}
[ Tue Aug 15 2017 16:27:31 GMT+0800 (CST) ] time is 1168
[ Tue Aug 15 2017 16:27:31 GMT+0800 (CST) ] {"err":0,"msg":"JVFNQcgDpfhYpv96eSQkXfeitTW5SQSKgv"}
[ Tue Aug 15 2017 16:27:31 GMT+0800 (CST) ] time is 1165
[ Tue Aug 15 2017 16:27:31 GMT+0800 (CST) ] {"err":0,"msg":"JbqeqHbD6c7NE7fhEJAJd5QGbCGgSb1PEg"}
[ Tue Aug 15 2017 16:27:31 GMT+0800 (CST) ] time is 1170
[ Tue Aug 15 2017 16:27:31 GMT+0800 (CST) ] {"err":0,"msg":"JWeC2Z2cvsAkXE7kS42HZxncn6FZCT6nNm"}
[ Tue Aug 15 2017 16:27:31 GMT+0800 (CST) ] time is 1173
[ Tue Aug 15 2017 16:27:31 GMT+0800 (CST) ] {"err":0,"msg":"Jh4G3QMUUb5ZHxJ1wGW1jwTB599XmRcVkX"}
[ Tue Aug 15 2017 16:27:31 GMT+0800 (CST) ] time is 1169
[ Tue Aug 15 2017 16:27:31 GMT+0800 (CST) ] {"err":0,"msg":"JQfL5i9PUUbBKNeUUoi2g74wPotrxbBV3e"}
[ Tue Aug 15 2017 16:27:31 GMT+0800 (CST) ] time is 1166
[ Tue Aug 15 2017 16:27:31 GMT+0800 (CST) ] {"err":0,"msg":"JawtE7vZi9SRnFykJb5nUYHgEgtSweu4aM"}
[ Tue Aug 15 2017 16:27:31 GMT+0800 (CST) ] time is 1174
[ Tue Aug 15 2017 16:27:31 GMT+0800 (CST) ] {"err":0,"msg":"JWtyvRP36MbKApG2HbD7bxtR1HSU5rTTvM"}
[ Tue Aug 15 2017 16:27:31 GMT+0800 (CST) ] time is 1171
[ Tue Aug 15 2017 16:27:31 GMT+0800 (CST) ] {"err":0,"msg":"Jd11nv1BLUD1GzUck7XoZaW8oNnztHEgN9"}
[ Tue Aug 15 2017 16:27:31 GMT+0800 (CST) ] time is 1170
[ Tue Aug 15 2017 16:27:31 GMT+0800 (CST) ] {"err":0,"msg":"JaXsQupUo6bYrYBHX7Qeauqosz4pdvVSG3"}
[ Tue Aug 15 2017 16:27:31 GMT+0800 (CST) ] time is 1167
[ Tue Aug 15 2017 16:27:31 GMT+0800 (CST) ] {"err":0,"msg":"JZyW5fq76HsU8mcMFpoUUBfFzLvXrLzb3M"}
[ Tue Aug 15 2017 16:27:31 GMT+0800 (CST) ] time is 1175
[ Tue Aug 15 2017 16:27:31 GMT+0800 (CST) ] {"err":0,"msg":"JZFTd3scjptTAnyzc2LLx9qvCVhK6gDqiT"}
[ Tue Aug 15 2017 16:27:31 GMT+0800 (CST) ] time is 1172
[ Tue Aug 15 2017 16:27:31 GMT+0800 (CST) ] {"err":0,"msg":"JZsd7nRNFnMXhai3JwR3PmR8HxjwNaEdeg"}
[ Tue Aug 15 2017 16:27:31 GMT+0800 (CST) ] time is 1171
[ Tue Aug 15 2017 16:27:31 GMT+0800 (CST) ] {"err":0,"msg":"JQrmbEWktprZmKNCYSoyBqAsKN4zL2Gbs8"}
[ Tue Aug 15 2017 16:27:31 GMT+0800 (CST) ] time is 1168
[ Tue Aug 15 2017 16:27:31 GMT+0800 (CST) ] {"err":0,"msg":"JaesAKkvXNUSM3ucm1z3Sm8D4eGfW9YYpo"}
[ Tue Aug 15 2017 16:27:31 GMT+0800 (CST) ] time is 1176
[ Tue Aug 15 2017 16:27:31 GMT+0800 (CST) ] {"err":0,"msg":"JU4ba6SiD1vgMGdEugx9Dh7XXdjUdFckPE"}
[ Tue Aug 15 2017 16:27:31 GMT+0800 (CST) ] time is 1173
[ Tue Aug 15 2017 16:27:31 GMT+0800 (CST) ] {"err":0,"msg":"Jd5AnjGxN6urf1a8khHMjxBjQxvEGmUzBm"}
[ Tue Aug 15 2017 16:27:31 GMT+0800 (CST) ] time is 1172
[ Tue Aug 15 2017 16:27:31 GMT+0800 (CST) ] {"err":0,"msg":"JgzmTjh94P8JQ2hmipQ7AxmvQeJ5KUgjHY"}
[ Tue Aug 15 2017 16:27:31 GMT+0800 (CST) ] time is 1177
[ Tue Aug 15 2017 16:27:31 GMT+0800 (CST) ] {"err":0,"msg":"JhA7K8jGhoTFVNpRNWPuZbtiVaFKwNM86G"}
[ Tue Aug 15 2017 16:27:31 GMT+0800 (CST) ] time is 1169
[ Tue Aug 15 2017 16:27:31 GMT+0800 (CST) ] {"err":0,"msg":"JctzHgzFmGWegiRDsgWgdFQfLtY9G4efV5"}
[ Tue Aug 15 2017 16:27:31 GMT+0800 (CST) ] time is 1174
[ Tue Aug 15 2017 16:27:31 GMT+0800 (CST) ] {"err":0,"msg":"JTfKEDEiCQd3K2cLE9jNhHyUbTSfZJB6ae"}
[ Tue Aug 15 2017 16:27:31 GMT+0800 (CST) ] time is 1173
[ Tue Aug 15 2017 16:27:31 GMT+0800 (CST) ] {"err":0,"msg":"JaXonvt3DfpLb44q4ngHsKHZH1eBz4iB65"}
[ Tue Aug 15 2017 16:27:31 GMT+0800 (CST) ] time is 1178
[ Tue Aug 15 2017 16:27:31 GMT+0800 (CST) ] {"err":0,"msg":"JdLkgpQLt9S6QnDbnBrbe3RNcLmxDqFx1P"}
[ Tue Aug 15 2017 16:27:31 GMT+0800 (CST) ] time is 1170
[ Tue Aug 15 2017 16:27:31 GMT+0800 (CST) ] {"err":0,"msg":"JeXDTavv8QFLc4WeGTuXCPx8mnBvgdGcy5"}
[ Tue Aug 15 2017 16:27:31 GMT+0800 (CST) ] time is 1175
[ Tue Aug 15 2017 16:27:31 GMT+0800 (CST) ] {"err":0,"msg":"JaporCKvoDNnvgCFxYuUQY1JUKdSvjYd48"}
[ Tue Aug 15 2017 16:27:31 GMT+0800 (CST) ] time is 1174
[ Tue Aug 15 2017 16:27:31 GMT+0800 (CST) ] {"err":0,"msg":"JLYY3H3zhe6KxXARxcj91DbohJHM837dYW"}
[ Tue Aug 15 2017 16:27:31 GMT+0800 (CST) ] time is 1179
[ Tue Aug 15 2017 16:27:31 GMT+0800 (CST) ] {"err":0,"msg":"JPa7LZHgtqSZV7mmZPSwB18C5a9UDexQf2"}
[ Tue Aug 15 2017 16:27:31 GMT+0800 (CST) ] time is 1171
[ Tue Aug 15 2017 16:27:31 GMT+0800 (CST) ] {"err":0,"msg":"JM24ept81Aqarf9EkUBDEMGqrG9oNJtWWN"}
[ Tue Aug 15 2017 16:27:31 GMT+0800 (CST) ] time is 1176
[ Tue Aug 15 2017 16:27:31 GMT+0800 (CST) ] {"err":0,"msg":"JW7GAMY65xutr6yU5BfUhw973qX67XBQ6y"}
[ Tue Aug 15 2017 16:27:31 GMT+0800 (CST) ] time is 1175
[ Tue Aug 15 2017 16:27:31 GMT+0800 (CST) ] {"err":0,"msg":"JXTE78bGBvHWd3L95fME7ZPM5i1HiawttR"}
[ Tue Aug 15 2017 16:27:31 GMT+0800 (CST) ] time is 1180
[ Tue Aug 15 2017 16:27:31 GMT+0800 (CST) ] {"err":0,"msg":"JdtbttCjujL6P44EYPk8MRFuKtPy4E9ZEx"}
[ Tue Aug 15 2017 16:27:31 GMT+0800 (CST) ] time is 1172
[ Tue Aug 15 2017 16:27:31 GMT+0800 (CST) ] {"err":0,"msg":"JUtFy3NEXdnY85uVTKifcQwVh9LSSoVS6M"}
[ Tue Aug 15 2017 16:27:32 GMT+0800 (CST) ] time is 1177
[ Tue Aug 15 2017 16:27:32 GMT+0800 (CST) ] {"err":0,"msg":"JJoHNfhFf1qNzh8ECNRjbF7GFe67twrLEb"}
[ Tue Aug 15 2017 16:27:32 GMT+0800 (CST) ] time is 1176
[ Tue Aug 15 2017 16:27:32 GMT+0800 (CST) ] {"err":0,"msg":"JaFTXo3gZayTJc7Sgjoq79U898iywszVqK"}
[ Tue Aug 15 2017 16:27:32 GMT+0800 (CST) ] time is 1181
[ Tue Aug 15 2017 16:27:32 GMT+0800 (CST) ] {"err":0,"msg":"JXjPzsS8XhyhVRTsmc5ywZnAmACQ4NbZ1R"}
[ Tue Aug 15 2017 16:27:32 GMT+0800 (CST) ] time is 1173
[ Tue Aug 15 2017 16:27:32 GMT+0800 (CST) ] {"err":0,"msg":"JJoL1qc57ky2TN4UXPG8hXFwzfLEQd6P3j"}
[ Tue Aug 15 2017 16:27:32 GMT+0800 (CST) ] time is 1178
[ Tue Aug 15 2017 16:27:32 GMT+0800 (CST) ] {"err":0,"msg":"JUx6CU9nrFRLuAY1xFpg4AUENBENSxMUMj"}
[ Tue Aug 15 2017 16:27:32 GMT+0800 (CST) ] time is 1177
[ Tue Aug 15 2017 16:27:32 GMT+0800 (CST) ] {"err":0,"msg":"JYTiUTBetYFjKbjvJcR6ybnzLJuD5bp5EP"}
[ Tue Aug 15 2017 16:27:32 GMT+0800 (CST) ] time is 1182
[ Tue Aug 15 2017 16:27:32 GMT+0800 (CST) ] {"err":0,"msg":"JdMPG5e9DB4VnoqS1h9MRfGoyPwnaY2khM"}
[ Tue Aug 15 2017 16:27:32 GMT+0800 (CST) ] time is 1174
[ Tue Aug 15 2017 16:27:32 GMT+0800 (CST) ] {"err":0,"msg":"JQ6jStYvUD99CoCcFAd8eP4RGsL2k3cErU"}
[ Tue Aug 15 2017 16:27:32 GMT+0800 (CST) ] time is 1179
[ Tue Aug 15 2017 16:27:32 GMT+0800 (CST) ] {"err":0,"msg":"JKVoqF4QSSvVxByTcnfB6WfJxwrx9arhCf"}
[ Tue Aug 15 2017 16:27:32 GMT+0800 (CST) ] time is 1178
[ Tue Aug 15 2017 16:27:32 GMT+0800 (CST) ] {"err":0,"msg":"JZ94h3NTG8AfmS8PqDN23SpsyvPUw4vfSa"}
[ Tue Aug 15 2017 16:27:32 GMT+0800 (CST) ] time is 1183
[ Tue Aug 15 2017 16:27:32 GMT+0800 (CST) ] {"err":0,"msg":"JejkwrpGmekKeHpEcdXjUAoBGz1KccgnWB"}
[ Tue Aug 15 2017 16:27:32 GMT+0800 (CST) ] time is 1175
[ Tue Aug 15 2017 16:27:32 GMT+0800 (CST) ] {"err":0,"msg":"JSKhjfUwavCDTmkSBt4ujruMwhni3frS1z"}
[ Tue Aug 15 2017 16:27:32 GMT+0800 (CST) ] time is 1180
[ Tue Aug 15 2017 16:27:32 GMT+0800 (CST) ] {"err":0,"msg":"JUa3QNYwdFv6ZDwAKMiVxJZFYDxLpL3C7e"}
[ Tue Aug 15 2017 16:27:32 GMT+0800 (CST) ] time is 1179
[ Tue Aug 15 2017 16:27:32 GMT+0800 (CST) ] {"err":0,"msg":"Jd3z6eEZW9PjR1Gzehdt6ajgRmMkFXMtJo"}
[ Tue Aug 15 2017 16:27:32 GMT+0800 (CST) ] time is 1184
[ Tue Aug 15 2017 16:27:32 GMT+0800 (CST) ] {"err":0,"msg":"JZHzCg725uo2mbCDncoHJ91bJkpA4zEsWP"}
[ Tue Aug 15 2017 16:27:32 GMT+0800 (CST) ] time is 1176
[ Tue Aug 15 2017 16:27:32 GMT+0800 (CST) ] {"err":0,"msg":"JgtTSiz3nf1joJcQircX9Jvq3u7btPMg69"}
[ Tue Aug 15 2017 16:27:32 GMT+0800 (CST) ] time is 1181
[ Tue Aug 15 2017 16:27:32 GMT+0800 (CST) ] {"err":0,"msg":"JWUau2xwW7MWbATYd6QqhwAAHwr777StjM"}
[ Tue Aug 15 2017 16:27:32 GMT+0800 (CST) ] time is 1180
[ Tue Aug 15 2017 16:27:32 GMT+0800 (CST) ] {"err":0,"msg":"JeBcQFRoVq3EzXy7S52HPMFQErsPTCpKP3"}
[ Tue Aug 15 2017 16:27:32 GMT+0800 (CST) ] time is 1185
[ Tue Aug 15 2017 16:27:32 GMT+0800 (CST) ] {"err":0,"msg":"JSU32Lr47Zxog7Eq5GgkZ9XPW4jYBekNdw"}
[ Tue Aug 15 2017 16:27:32 GMT+0800 (CST) ] time is 1177
[ Tue Aug 15 2017 16:27:32 GMT+0800 (CST) ] {"err":0,"msg":"JaH8G4u2P32nF5RH441YmbJrycAGguY8vQ"}
[ Tue Aug 15 2017 16:27:32 GMT+0800 (CST) ] time is 1182
[ Tue Aug 15 2017 16:27:32 GMT+0800 (CST) ] {"err":0,"msg":"JZGZtCMNFA43RRQe4yhncx2QYYKz57AGc2"}
[ Tue Aug 15 2017 16:27:32 GMT+0800 (CST) ] time is 1181
[ Tue Aug 15 2017 16:27:32 GMT+0800 (CST) ] {"err":0,"msg":"JLdfrEjfmZwGxxyFTuRaykfnRNBUKyCo5j"}
[ Tue Aug 15 2017 16:27:32 GMT+0800 (CST) ] time is 1186
[ Tue Aug 15 2017 16:27:32 GMT+0800 (CST) ] {"err":0,"msg":"JLLyi9T9gXzdoXXzrBjQDZDGXLn1upzatJ"}
[ Tue Aug 15 2017 16:27:32 GMT+0800 (CST) ] time is 1178
[ Tue Aug 15 2017 16:27:32 GMT+0800 (CST) ] {"err":0,"msg":"JSk5zZWaa78BWXXufh9RfzrY3C5FZUWjM5"}
[ Tue Aug 15 2017 16:27:32 GMT+0800 (CST) ] time is 1183
[ Tue Aug 15 2017 16:27:32 GMT+0800 (CST) ] {"err":0,"msg":"JeYXA6LKLVvzrbKPjEvQQjCTbmyKp2ZgZg"}
[ Tue Aug 15 2017 16:27:32 GMT+0800 (CST) ] time is 1182
[ Tue Aug 15 2017 16:27:32 GMT+0800 (CST) ] {"err":0,"msg":"JPK74d1sBENuqZJstTWvyeCMUbmFg3PWp9"}
[ Tue Aug 15 2017 16:27:32 GMT+0800 (CST) ] time is 1187
[ Tue Aug 15 2017 16:27:32 GMT+0800 (CST) ] {"err":0,"msg":"JZKrS3gpRPAKTvvTCjKTfGdfTvvK7dc4nG"}
[ Tue Aug 15 2017 16:27:32 GMT+0800 (CST) ] time is 1179
[ Tue Aug 15 2017 16:27:32 GMT+0800 (CST) ] {"err":0,"msg":"JXa9LwQ59ode9kMTJ2XMgrKNjzsYybGQzo"}
[ Tue Aug 15 2017 16:27:32 GMT+0800 (CST) ] time is 1184
[ Tue Aug 15 2017 16:27:32 GMT+0800 (CST) ] {"err":0,"msg":"JaMJWcFvoLU1MonYpuzJP2pVAbebQ4HKGZ"}
[ Tue Aug 15 2017 16:27:32 GMT+0800 (CST) ] time is 1183
[ Tue Aug 15 2017 16:27:32 GMT+0800 (CST) ] {"err":0,"msg":"JQUXaYMQxXbfKGnctccY4rHrQvPhdp5BM2"}
[ Tue Aug 15 2017 16:27:32 GMT+0800 (CST) ] time is 1188
[ Tue Aug 15 2017 16:27:32 GMT+0800 (CST) ] {"err":0,"msg":"JWhLopYdvZSk2mkbxaUgVG7NKcWvxs5X1X"}
[ Tue Aug 15 2017 16:27:32 GMT+0800 (CST) ] time is 1180
[ Tue Aug 15 2017 16:27:32 GMT+0800 (CST) ] {"err":0,"msg":"JeMrBz1N3Pa5Jw1p67BvaVcUqdQRm79H3e"}
[ Tue Aug 15 2017 16:27:32 GMT+0800 (CST) ] time is 1185
[ Tue Aug 15 2017 16:27:32 GMT+0800 (CST) ] {"err":0,"msg":"JSpX8KV8N4vagaBpTsS6cTDCxCi7AYpeLu"}
[ Tue Aug 15 2017 16:27:32 GMT+0800 (CST) ] time is 1184
[ Tue Aug 15 2017 16:27:32 GMT+0800 (CST) ] {"err":0,"msg":"JUdeWsfvdF5EBMiFAtyCR9PRxKZ28EZpZx"}
[ Tue Aug 15 2017 16:27:32 GMT+0800 (CST) ] time is 1181
[ Tue Aug 15 2017 16:27:32 GMT+0800 (CST) ] {"err":0,"msg":"JYSUKdVADQU28jytiFxrhdLudSsfyoSkht"}
[ Tue Aug 15 2017 16:27:32 GMT+0800 (CST) ] time is 1189
[ Tue Aug 15 2017 16:27:32 GMT+0800 (CST) ] {"err":0,"msg":"JgZTcGLFg9KBsSKT4MBySj7gAL9kpPZ6Sy"}
[ Tue Aug 15 2017 16:27:32 GMT+0800 (CST) ] time is 1186
[ Tue Aug 15 2017 16:27:32 GMT+0800 (CST) ] {"err":0,"msg":"JawyzvHVuVkYGuFuozACd3HPLvYXt6jYg8"}
[ Tue Aug 15 2017 16:27:32 GMT+0800 (CST) ] time is 1185
[ Tue Aug 15 2017 16:27:32 GMT+0800 (CST) ] {"err":0,"msg":"JYKUH2fvXEqEGog1dg1cLamHV17685DPsA"}
[ Tue Aug 15 2017 16:27:32 GMT+0800 (CST) ] time is 1182
[ Tue Aug 15 2017 16:27:32 GMT+0800 (CST) ] {"err":0,"msg":"JNgeMx8LSmAd7FYexLrocNi8uwfapejSAH"}
[ Tue Aug 15 2017 16:27:32 GMT+0800 (CST) ] time is 1190
[ Tue Aug 15 2017 16:27:32 GMT+0800 (CST) ] {"err":0,"msg":"Jbpu5JWfWdFNJQ5VREs9D2xapUnbDPCWMR"}
[ Tue Aug 15 2017 16:27:32 GMT+0800 (CST) ] time is 1187
[ Tue Aug 15 2017 16:27:32 GMT+0800 (CST) ] {"err":0,"msg":"JgjK5UfxE9QZq3rW75xmKUhtShS3tCvpV9"}
[ Tue Aug 15 2017 16:27:32 GMT+0800 (CST) ] time is 1186
[ Tue Aug 15 2017 16:27:32 GMT+0800 (CST) ] {"err":0,"msg":"JWBThPuYsVjREJNq6WPK9VUC3LXScjei4E"}
[ Tue Aug 15 2017 16:27:32 GMT+0800 (CST) ] time is 1183
[ Tue Aug 15 2017 16:27:32 GMT+0800 (CST) ] {"err":0,"msg":"JYZxCh38L3nHYSXinq5k1rfi8AHnsg2oNK"}
[ Tue Aug 15 2017 16:27:32 GMT+0800 (CST) ] time is 1191
[ Tue Aug 15 2017 16:27:32 GMT+0800 (CST) ] {"err":0,"msg":"JWTo4Jds2ckdmZZ1oWSJ1f1BnTw3n4VFqR"}
[ Tue Aug 15 2017 16:27:32 GMT+0800 (CST) ] time is 1188
[ Tue Aug 15 2017 16:27:32 GMT+0800 (CST) ] {"err":0,"msg":"JK19MY8JuKimR24nPtcGsUFactX8WfNtd2"}
[ Tue Aug 15 2017 16:27:32 GMT+0800 (CST) ] time is 1187
[ Tue Aug 15 2017 16:27:32 GMT+0800 (CST) ] {"err":0,"msg":"JVLM8KHutqXXZQ2xQ3voT4TNKvFjifSkxs"}
[ Tue Aug 15 2017 16:27:32 GMT+0800 (CST) ] time is 1184
[ Tue Aug 15 2017 16:27:32 GMT+0800 (CST) ] {"err":0,"msg":"JPu5HcchB9q9QWkvFC86cKxFJKXJuFT4xH"}
[ Tue Aug 15 2017 16:27:32 GMT+0800 (CST) ] time is 1192
[ Tue Aug 15 2017 16:27:32 GMT+0800 (CST) ] {"err":0,"msg":"Jf9RWTpD617vXkpBb64Gm4qeu1sQtiqJhj"}
[ Tue Aug 15 2017 16:27:32 GMT+0800 (CST) ] time is 1189
[ Tue Aug 15 2017 16:27:32 GMT+0800 (CST) ] {"err":0,"msg":"JbAyi1HQFAy699MDKczc8TmjkWKjnc1EJ9"}
[ Tue Aug 15 2017 16:27:32 GMT+0800 (CST) ] time is 1188
[ Tue Aug 15 2017 16:27:32 GMT+0800 (CST) ] {"err":0,"msg":"JQQCpxQQW6himfc3X8yevnrfbBnNzQP8Rn"}
[ Tue Aug 15 2017 16:27:32 GMT+0800 (CST) ] time is 1185
[ Tue Aug 15 2017 16:27:32 GMT+0800 (CST) ] {"err":0,"msg":"JbV2Bu7JzB18HHkoQvMWx2haA9gGjVLDbL"}
[ Tue Aug 15 2017 16:27:32 GMT+0800 (CST) ] time is 1193
[ Tue Aug 15 2017 16:27:32 GMT+0800 (CST) ] {"err":0,"msg":"JKAZ43aY2ZbY9mDgNwnsnfoXrZQFz6M7ex"}
[ Tue Aug 15 2017 16:27:32 GMT+0800 (CST) ] time is 1190
[ Tue Aug 15 2017 16:27:32 GMT+0800 (CST) ] {"err":0,"msg":"JhEeQWBc8EBLXYaSDE2ea8fMoJQHqwmdp5"}
[ Tue Aug 15 2017 16:27:32 GMT+0800 (CST) ] time is 1194
[ Tue Aug 15 2017 16:27:32 GMT+0800 (CST) ] {"err":0,"msg":"JgTb7qJS36DS8xMBs6Gi1Wof4xQN6W3X2Y"}
[ Tue Aug 15 2017 16:27:32 GMT+0800 (CST) ] time is 1189
[ Tue Aug 15 2017 16:27:32 GMT+0800 (CST) ] {"err":0,"msg":"JL8LBwZeUdPuxHQYirDQYeP6zE6asAVpxT"}
[ Tue Aug 15 2017 16:27:32 GMT+0800 (CST) ] time is 1186
[ Tue Aug 15 2017 16:27:32 GMT+0800 (CST) ] {"err":0,"msg":"JhcGE1pVVj2RYs6sWRGWwrtLFjTZF6j5gr"}
[ Tue Aug 15 2017 16:27:32 GMT+0800 (CST) ] time is 1191
[ Tue Aug 15 2017 16:27:32 GMT+0800 (CST) ] {"err":0,"msg":"JLCXYANJb2xPHFWdBG2FocKCxLdrw7h4Jz"}
[ Tue Aug 15 2017 16:27:32 GMT+0800 (CST) ] time is 1195
[ Tue Aug 15 2017 16:27:32 GMT+0800 (CST) ] {"err":0,"msg":"JJsWVFRqNiHMRyeJ77p824y3uknJtefxQ2"}
[ Tue Aug 15 2017 16:27:32 GMT+0800 (CST) ] time is 1190
[ Tue Aug 15 2017 16:27:32 GMT+0800 (CST) ] {"err":0,"msg":"JTcTyjLUgy7iDxGGQXy8DzTSMNMML6X3Yi"}
[ Tue Aug 15 2017 16:27:32 GMT+0800 (CST) ] time is 1187
[ Tue Aug 15 2017 16:27:32 GMT+0800 (CST) ] {"err":0,"msg":"JJdmGefvQzyfUzfN3nwszf5UdeJsWUVP1L"}
[ Tue Aug 15 2017 16:27:32 GMT+0800 (CST) ] time is 1192
[ Tue Aug 15 2017 16:27:32 GMT+0800 (CST) ] {"err":0,"msg":"JS3tH3xmPzocwFiwcWGwe7ncuoMPTitJi3"}
[ Tue Aug 15 2017 16:27:32 GMT+0800 (CST) ] time is 1196
[ Tue Aug 15 2017 16:27:32 GMT+0800 (CST) ] {"err":0,"msg":"JNhYLQNV4oALrBeMV2sZVtMp85PiZX6L1D"}
[ Tue Aug 15 2017 16:27:32 GMT+0800 (CST) ] time is 1191
[ Tue Aug 15 2017 16:27:32 GMT+0800 (CST) ] {"err":0,"msg":"JN3sLmZaMm5hYB6gKH12Ah8g66BsVfYgGY"}
[ Tue Aug 15 2017 16:27:32 GMT+0800 (CST) ] time is 1188
[ Tue Aug 15 2017 16:27:32 GMT+0800 (CST) ] {"err":0,"msg":"JZ6Cvsi121sMRZ5ibqmE2v4ArzZzKrioTs"}
[ Tue Aug 15 2017 16:27:32 GMT+0800 (CST) ] time is 1193
[ Tue Aug 15 2017 16:27:32 GMT+0800 (CST) ] {"err":0,"msg":"JZ5P7d9Vau6yw7uQqWdJVyhwDiqRQVWA4m"}
[ Tue Aug 15 2017 16:27:32 GMT+0800 (CST) ] time is 1197
[ Tue Aug 15 2017 16:27:32 GMT+0800 (CST) ] {"err":0,"msg":"JdR9mUnuQ2hQpJWBKkhzrTQCiFbJm5cHK2"}
[ Tue Aug 15 2017 16:27:32 GMT+0800 (CST) ] time is 1192
[ Tue Aug 15 2017 16:27:32 GMT+0800 (CST) ] {"err":0,"msg":"JNuf68ph5sjddTP4QLDsRg9BcnVnC7ZxFM"}
[ Tue Aug 15 2017 16:27:32 GMT+0800 (CST) ] time is 1189
[ Tue Aug 15 2017 16:27:32 GMT+0800 (CST) ] {"err":0,"msg":"JQFN2JFFXbckxyn5vLQ5ezYppybwQXjjQG"}
[ Tue Aug 15 2017 16:27:32 GMT+0800 (CST) ] time is 1194
[ Tue Aug 15 2017 16:27:32 GMT+0800 (CST) ] {"err":0,"msg":"JbfyLADzZEiAbjz5MnVBNrhD5SDp3XUcYu"}
[ Tue Aug 15 2017 16:27:32 GMT+0800 (CST) ] time is 1198
[ Tue Aug 15 2017 16:27:32 GMT+0800 (CST) ] {"err":0,"msg":"JVBzPPG1wL423H5vACMxvY9WoCXcsp8eyV"}
[ Tue Aug 15 2017 16:27:32 GMT+0800 (CST) ] time is 1193
[ Tue Aug 15 2017 16:27:32 GMT+0800 (CST) ] {"err":0,"msg":"JZPmPWc5CG1ens4b4hFuqBEm7yeS328HoB"}
[ Tue Aug 15 2017 16:27:32 GMT+0800 (CST) ] time is 1190
[ Tue Aug 15 2017 16:27:32 GMT+0800 (CST) ] {"err":0,"msg":"JdjsRMdG3o4t2mYQQZoFu7UDRAXPS4GefJ"}
[ Tue Aug 15 2017 16:27:32 GMT+0800 (CST) ] time is 1195
[ Tue Aug 15 2017 16:27:32 GMT+0800 (CST) ] {"err":0,"msg":"JNBBPCyG9WskmmrK1AmzoAjHWLXGxx7Fch"}
[ Tue Aug 15 2017 16:27:32 GMT+0800 (CST) ] time is 1199
[ Tue Aug 15 2017 16:27:32 GMT+0800 (CST) ] {"err":0,"msg":"JYcqsoZ2pfAjH922pALq4MeJtUpz922Fqy"}
[ Tue Aug 15 2017 16:27:32 GMT+0800 (CST) ] time is 1194
[ Tue Aug 15 2017 16:27:32 GMT+0800 (CST) ] {"err":0,"msg":"JTuujR2yGQEo5mJhtAGtHW6GxSFaDoVq5j"}
[ Tue Aug 15 2017 16:27:32 GMT+0800 (CST) ] time is 1191
[ Tue Aug 15 2017 16:27:32 GMT+0800 (CST) ] {"err":0,"msg":"JJiy4yhazx99K264KToNJYoNsVPSGyqjsj"}
[ Tue Aug 15 2017 16:27:32 GMT+0800 (CST) ] time is 1196
[ Tue Aug 15 2017 16:27:32 GMT+0800 (CST) ] {"err":0,"msg":"JQbGcVBZ35Gf8BFYvUuMwLvj7Mmvtb4bxG"}
[ Tue Aug 15 2017 16:27:32 GMT+0800 (CST) ] time is 1200
[ Tue Aug 15 2017 16:27:32 GMT+0800 (CST) ] {"err":0,"msg":"JgJ4njPxW6fdoDQw2FWydonHge88k2i4L6"}
[ Tue Aug 15 2017 16:27:32 GMT+0800 (CST) ] time is 1195
[ Tue Aug 15 2017 16:27:32 GMT+0800 (CST) ] {"err":0,"msg":"JamfQR9VJKdSXgYrRe1SsG9iVCDPC6DrhT"}
[ Tue Aug 15 2017 16:27:33 GMT+0800 (CST) ] time is 1192
[ Tue Aug 15 2017 16:27:33 GMT+0800 (CST) ] {"err":0,"msg":"JVdvFTpBZW31EuJjkEUNPSoPqXMbaymzSe"}
[ Tue Aug 15 2017 16:27:33 GMT+0800 (CST) ] time is 1197
[ Tue Aug 15 2017 16:27:33 GMT+0800 (CST) ] {"err":0,"msg":"JUftS6RpkRunMiP5s8SXA5QUfBz7i8iTHH"}
[ Tue Aug 15 2017 16:27:33 GMT+0800 (CST) ] time is 1201
[ Tue Aug 15 2017 16:27:33 GMT+0800 (CST) ] {"err":0,"msg":"JRD3VPpT42oLA9hR2SmzYkybfFuKgoA8qn"}
[ Tue Aug 15 2017 16:27:33 GMT+0800 (CST) ] time is 1196
[ Tue Aug 15 2017 16:27:33 GMT+0800 (CST) ] {"err":0,"msg":"JQFryZqoS2kxhxyy8MHa4kwn64vzXCr1j7"}
[ Tue Aug 15 2017 16:27:33 GMT+0800 (CST) ] time is 1193
[ Tue Aug 15 2017 16:27:33 GMT+0800 (CST) ] {"err":0,"msg":"JJahxJKpYTRCrvjND2aVuSHwTU4goLDwd3"}
[ Tue Aug 15 2017 16:27:33 GMT+0800 (CST) ] time is 1198
[ Tue Aug 15 2017 16:27:33 GMT+0800 (CST) ] {"err":0,"msg":"JakF1gJUmnanZVSHtJiosUjmXRKYMssGpo"}
[ Tue Aug 15 2017 16:27:33 GMT+0800 (CST) ] time is 1202
[ Tue Aug 15 2017 16:27:33 GMT+0800 (CST) ] {"err":0,"msg":"JZYuzbSiFsDnSUPyypZ1nidRTjkKu5hMbo"}
[ Tue Aug 15 2017 16:27:33 GMT+0800 (CST) ] time is 1197
[ Tue Aug 15 2017 16:27:33 GMT+0800 (CST) ] {"err":0,"msg":"JMjrA1SLZF5tgiL9T58MFZEWwm5sYm72MN"}
[ Tue Aug 15 2017 16:27:33 GMT+0800 (CST) ] time is 1194
[ Tue Aug 15 2017 16:27:33 GMT+0800 (CST) ] {"err":0,"msg":"JN61SYKVNmcSPc1vMvJPHrMjykX9Q8saE1"}
[ Tue Aug 15 2017 16:27:33 GMT+0800 (CST) ] time is 1199
[ Tue Aug 15 2017 16:27:33 GMT+0800 (CST) ] {"err":0,"msg":"JXaG3gz55esvJcn7yzXQxwLB3Sr7YYVPGR"}
[ Tue Aug 15 2017 16:27:33 GMT+0800 (CST) ] time is 1203
[ Tue Aug 15 2017 16:27:33 GMT+0800 (CST) ] {"err":0,"msg":"JUGTKz9CumiQpZ18D87LT244LSTFjqjMkR"}
[ Tue Aug 15 2017 16:27:33 GMT+0800 (CST) ] time is 1198
[ Tue Aug 15 2017 16:27:33 GMT+0800 (CST) ] {"err":0,"msg":"JcuhwCSviyVjuXWk8BDz7qSibkqXVpuv3y"}
[ Tue Aug 15 2017 16:27:33 GMT+0800 (CST) ] time is 1195
[ Tue Aug 15 2017 16:27:33 GMT+0800 (CST) ] {"err":0,"msg":"JLv3qgJpS7GfR6cbVxXpFRfr6nQF35TJMG"}
[ Tue Aug 15 2017 16:27:33 GMT+0800 (CST) ] time is 1200
[ Tue Aug 15 2017 16:27:33 GMT+0800 (CST) ] {"err":0,"msg":"JMGmdCNdyFANYeBmgEsstL4MqeUD6CZ3m4"}
[ Tue Aug 15 2017 16:27:33 GMT+0800 (CST) ] time is 1204
[ Tue Aug 15 2017 16:27:33 GMT+0800 (CST) ] {"err":0,"msg":"JfFeN98C9nMZ3c1BNP7VktsqfwUV3nTvmp"}
[ Tue Aug 15 2017 16:27:33 GMT+0800 (CST) ] time is 1199
[ Tue Aug 15 2017 16:27:33 GMT+0800 (CST) ] {"err":0,"msg":"JXAkDtyx8xQHZCRM93zLkhLqzdjoaAC9xW"}
[ Tue Aug 15 2017 16:27:33 GMT+0800 (CST) ] time is 1196
[ Tue Aug 15 2017 16:27:33 GMT+0800 (CST) ] {"err":0,"msg":"JYE8RTMrggDur668JnCuVRN6QSu7bZemBQ"}
[ Tue Aug 15 2017 16:27:33 GMT+0800 (CST) ] time is 1201
[ Tue Aug 15 2017 16:27:33 GMT+0800 (CST) ] {"err":0,"msg":"JK3fC9Ub5PpL5jbwAYnpfEB5XgGgQuC4pP"}
[ Tue Aug 15 2017 16:27:33 GMT+0800 (CST) ] time is 1205
[ Tue Aug 15 2017 16:27:33 GMT+0800 (CST) ] {"err":0,"msg":"JT5FzKWUx2j7zYLHSchXdWKA8hBABWw3ku"}
[ Tue Aug 15 2017 16:27:33 GMT+0800 (CST) ] time is 1200
[ Tue Aug 15 2017 16:27:33 GMT+0800 (CST) ] {"err":0,"msg":"JXL2jceBJ3wfRb9d1LLww2d7JaqX2QoXps"}
[ Tue Aug 15 2017 16:27:33 GMT+0800 (CST) ] time is 1197
[ Tue Aug 15 2017 16:27:33 GMT+0800 (CST) ] {"err":0,"msg":"JXSJrCzwAwSQ8q3vtWGRfMNuDikZvMt2LD"}
[ Tue Aug 15 2017 16:27:33 GMT+0800 (CST) ] time is 1202
[ Tue Aug 15 2017 16:27:33 GMT+0800 (CST) ] {"err":0,"msg":"JWcM1SXgHnrzbjBNoETwZxF2ayn18BLaQ7"}
[ Tue Aug 15 2017 16:27:33 GMT+0800 (CST) ] time is 1206
[ Tue Aug 15 2017 16:27:33 GMT+0800 (CST) ] {"err":0,"msg":"JZeADbE1RonrFaQ97jAc97mQAacmwRDJai"}
[ Tue Aug 15 2017 16:27:33 GMT+0800 (CST) ] time is 1201
[ Tue Aug 15 2017 16:27:33 GMT+0800 (CST) ] {"err":0,"msg":"JX7ff5uVhrJcyrTywk24s732jwxHgrVN9x"}
[ Tue Aug 15 2017 16:27:33 GMT+0800 (CST) ] time is 1198
[ Tue Aug 15 2017 16:27:33 GMT+0800 (CST) ] {"err":0,"msg":"JQPogJagWcY7mrfiW4ZsVzZ2JoFWKyELbe"}
[ Tue Aug 15 2017 16:27:33 GMT+0800 (CST) ] time is 1203
[ Tue Aug 15 2017 16:27:33 GMT+0800 (CST) ] {"err":0,"msg":"JZsPZx1JsscgKEcJBtiPY8yH7f6czPhfzc"}
[ Tue Aug 15 2017 16:27:33 GMT+0800 (CST) ] time is 1207
[ Tue Aug 15 2017 16:27:33 GMT+0800 (CST) ] {"err":0,"msg":"JfQ4uJpw1jYXk5rYDnTaFRgLS5Ft2YuhiP"}
[ Tue Aug 15 2017 16:27:33 GMT+0800 (CST) ] time is 1202
[ Tue Aug 15 2017 16:27:33 GMT+0800 (CST) ] {"err":0,"msg":"JdTtpEvp4kW8pnnkZg2JhCebxTvozSTY9W"}
[ Tue Aug 15 2017 16:27:33 GMT+0800 (CST) ] time is 1199
[ Tue Aug 15 2017 16:27:33 GMT+0800 (CST) ] {"err":0,"msg":"JKEbzWsRe4uQ5Ri9ZyusfBBVahKq1h1dA8"}
[ Tue Aug 15 2017 16:27:33 GMT+0800 (CST) ] time is 1204
[ Tue Aug 15 2017 16:27:33 GMT+0800 (CST) ] {"err":0,"msg":"JM7z2bhoTP5tBPPheRAD2uqhesGtiqMmAz"}
[ Tue Aug 15 2017 16:27:33 GMT+0800 (CST) ] time is 1208
[ Tue Aug 15 2017 16:27:33 GMT+0800 (CST) ] {"err":0,"msg":"JPVEkuMxMGRQw7JC4n62BZAHJtrpyHLqRc"}
[ Tue Aug 15 2017 16:27:33 GMT+0800 (CST) ] time is 1203
[ Tue Aug 15 2017 16:27:33 GMT+0800 (CST) ] {"err":0,"msg":"JRVoqtAdkmZT5KMyKKCjXv19SzutLRsTFa"}
[ Tue Aug 15 2017 16:27:33 GMT+0800 (CST) ] time is 1200
[ Tue Aug 15 2017 16:27:33 GMT+0800 (CST) ] {"err":0,"msg":"JPhxFX34ekrebCTcEGJXNFhXNFL3UHizTi"}
[ Tue Aug 15 2017 16:27:33 GMT+0800 (CST) ] time is 1205
[ Tue Aug 15 2017 16:27:33 GMT+0800 (CST) ] {"err":0,"msg":"JhpL79JnXo6FxgJkoGzDaknPEe3rvwRmSp"}
[ Tue Aug 15 2017 16:27:33 GMT+0800 (CST) ] time is 1209
[ Tue Aug 15 2017 16:27:33 GMT+0800 (CST) ] {"err":0,"msg":"JbGu9ihwLmxENPzcbJMXAdwwFKL9eHtbVb"}
[ Tue Aug 15 2017 16:27:33 GMT+0800 (CST) ] time is 1204
[ Tue Aug 15 2017 16:27:33 GMT+0800 (CST) ] {"err":0,"msg":"JcLa3S8c8fUaAZQBgpCEaxG6RMBwgWokGA"}
[ Tue Aug 15 2017 16:27:33 GMT+0800 (CST) ] time is 1201
[ Tue Aug 15 2017 16:27:33 GMT+0800 (CST) ] {"err":0,"msg":"JbzmBCemwQwC9x5RtrC384n65jYCcdTHhn"}
[ Tue Aug 15 2017 16:27:33 GMT+0800 (CST) ] time is 1206
[ Tue Aug 15 2017 16:27:33 GMT+0800 (CST) ] {"err":0,"msg":"JSgjG3xCcPxByeZ1gCFFHq7JSz26msDWro"}
[ Tue Aug 15 2017 16:27:33 GMT+0800 (CST) ] time is 1210
[ Tue Aug 15 2017 16:27:33 GMT+0800 (CST) ] {"err":0,"msg":"JSVnU3DKoHmrq91BfHGATSgiSx31RMXysG"}
[ Tue Aug 15 2017 16:27:33 GMT+0800 (CST) ] time is 1202
[ Tue Aug 15 2017 16:27:33 GMT+0800 (CST) ] {"err":0,"msg":"JUJqESpzRFVozGAjQGUS2YSf9pKG5NGp3Q"}
[ Tue Aug 15 2017 16:27:33 GMT+0800 (CST) ] time is 1205
[ Tue Aug 15 2017 16:27:33 GMT+0800 (CST) ] {"err":0,"msg":"JcCextjNLMpuYN8i9TpwV18deP3e6BCffo"}
[ Tue Aug 15 2017 16:27:33 GMT+0800 (CST) ] time is 1207
[ Tue Aug 15 2017 16:27:33 GMT+0800 (CST) ] {"err":0,"msg":"JhN5ds3Cec6NhWzjbVAG43QHLKXsBvKr3b"}
[ Tue Aug 15 2017 16:27:33 GMT+0800 (CST) ] time is 1211
[ Tue Aug 15 2017 16:27:33 GMT+0800 (CST) ] {"err":0,"msg":"JZzgALTve9Pba9k8SUNC1QRVPtPBoJdqUM"}
[ Tue Aug 15 2017 16:27:33 GMT+0800 (CST) ] time is 1206
[ Tue Aug 15 2017 16:27:33 GMT+0800 (CST) ] {"err":0,"msg":"JYFcvWFvMevApP4t1xTqPkuCYuABRuBqWC"}
[ Tue Aug 15 2017 16:27:33 GMT+0800 (CST) ] time is 1203
[ Tue Aug 15 2017 16:27:33 GMT+0800 (CST) ] {"err":0,"msg":"JhhzTcUpc7RwtwGs1C2kp2JYf6zU8Qh7Lz"}
[ Tue Aug 15 2017 16:27:33 GMT+0800 (CST) ] time is 1208
[ Tue Aug 15 2017 16:27:33 GMT+0800 (CST) ] {"err":0,"msg":"JUAA74iaRLWjBrCqh4Fpw5imuhw2gcnAmb"}
[ Tue Aug 15 2017 16:27:33 GMT+0800 (CST) ] time is 1212
[ Tue Aug 15 2017 16:27:33 GMT+0800 (CST) ] {"err":0,"msg":"Jbi4LiL59kEz48cFwpxSA4hACsfqjyHpg3"}
[ Tue Aug 15 2017 16:27:33 GMT+0800 (CST) ] time is 1207
[ Tue Aug 15 2017 16:27:33 GMT+0800 (CST) ] {"err":0,"msg":"JNkA1Y5VQzYVJXeGNMkdEYCRaSvgMoXHeE"}
[ Tue Aug 15 2017 16:27:33 GMT+0800 (CST) ] time is 1204
[ Tue Aug 15 2017 16:27:33 GMT+0800 (CST) ] {"err":0,"msg":"JMkkYSEUuRFE4HHpx76Hv5iggcYjnaXkmp"}
[ Tue Aug 15 2017 16:27:33 GMT+0800 (CST) ] time is 1209
[ Tue Aug 15 2017 16:27:33 GMT+0800 (CST) ] {"err":0,"msg":"Jcyisk8Vj1tXcL1jNQWaHHxLBWdkfThhtC"}
[ Tue Aug 15 2017 16:27:33 GMT+0800 (CST) ] time is 1213
[ Tue Aug 15 2017 16:27:33 GMT+0800 (CST) ] {"err":0,"msg":"Jby4GsvFgVnqahEFPF14h1wrP6aa1o1rGT"}
[ Tue Aug 15 2017 16:27:33 GMT+0800 (CST) ] time is 1208
[ Tue Aug 15 2017 16:27:33 GMT+0800 (CST) ] {"err":0,"msg":"JerpeRSXJ3y1iXvPysMvZyjaaWzZHSQcH2"}
[ Tue Aug 15 2017 16:27:33 GMT+0800 (CST) ] time is 1205
[ Tue Aug 15 2017 16:27:33 GMT+0800 (CST) ] {"err":0,"msg":"JYHHqB5kjwLULvzWhZBw6WhDedwavU9ayK"}
[ Tue Aug 15 2017 16:27:33 GMT+0800 (CST) ] time is 1210
[ Tue Aug 15 2017 16:27:33 GMT+0800 (CST) ] {"err":0,"msg":"Jh5ViyMg8etkVhYpjDms9kmBbX9GiBSk5J"}
[ Tue Aug 15 2017 16:27:33 GMT+0800 (CST) ] time is 1214
[ Tue Aug 15 2017 16:27:33 GMT+0800 (CST) ] {"err":0,"msg":"JXkA2wtygdEYeM29p27GaDrH7k4tk2umSw"}
[ Tue Aug 15 2017 16:27:33 GMT+0800 (CST) ] time is 1209
[ Tue Aug 15 2017 16:27:33 GMT+0800 (CST) ] {"err":0,"msg":"JVoixJNBGRf47BgpBUL6zQwckkvS5FjB9D"}
[ Tue Aug 15 2017 16:27:33 GMT+0800 (CST) ] time is 1206
[ Tue Aug 15 2017 16:27:33 GMT+0800 (CST) ] {"err":0,"msg":"Jek2Db1p1k69d1Ni7z5JUbTpkHkH8gY5Dp"}
[ Tue Aug 15 2017 16:27:33 GMT+0800 (CST) ] time is 1211
[ Tue Aug 15 2017 16:27:33 GMT+0800 (CST) ] {"err":0,"msg":"JYUQGj8Ahz9Rq1xcUpJfc4PcsY53xNVY5d"}
[ Tue Aug 15 2017 16:27:33 GMT+0800 (CST) ] time is 1215
[ Tue Aug 15 2017 16:27:33 GMT+0800 (CST) ] {"err":0,"msg":"JN8yPSAvWXNV5nBawuLPxJ7MNzumvFLc31"}
[ Tue Aug 15 2017 16:27:33 GMT+0800 (CST) ] time is 1207
[ Tue Aug 15 2017 16:27:33 GMT+0800 (CST) ] {"err":0,"msg":"JY5TTMBaLemSCaCgkJJwSzZTQKFXqBfwiJ"}
[ Tue Aug 15 2017 16:27:33 GMT+0800 (CST) ] time is 1212
[ Tue Aug 15 2017 16:27:33 GMT+0800 (CST) ] {"err":0,"msg":"JNEBqfN2GV2Uhxgt8ZUF5osynaTZDyjKur"}
[ Tue Aug 15 2017 16:27:33 GMT+0800 (CST) ] time is 1210
[ Tue Aug 15 2017 16:27:33 GMT+0800 (CST) ] {"err":0,"msg":"JaFT5NbgMU3R6K8sCjUdwxbQfZ2DqgvZ35"}
[ Tue Aug 15 2017 16:27:33 GMT+0800 (CST) ] time is 1216
[ Tue Aug 15 2017 16:27:33 GMT+0800 (CST) ] {"err":0,"msg":"JKjgH2EiZ9u4a6pepjEKYdwvftCxPjYj33"}
[ Tue Aug 15 2017 16:27:33 GMT+0800 (CST) ] time is 1208
[ Tue Aug 15 2017 16:27:33 GMT+0800 (CST) ] {"err":0,"msg":"JSa8EKT3rWpHLUHEUeSXm1bPGEK6eSqFnE"}
[ Tue Aug 15 2017 16:27:33 GMT+0800 (CST) ] time is 1213
[ Tue Aug 15 2017 16:27:33 GMT+0800 (CST) ] {"err":0,"msg":"JUXd7kj9KRVGCEKPF34JFFJawZf978Q6C7"}
[ Tue Aug 15 2017 16:27:33 GMT+0800 (CST) ] time is 1211
[ Tue Aug 15 2017 16:27:33 GMT+0800 (CST) ] {"err":0,"msg":"JNTjYexpBVcm7MmjzrXE596ozmUD9dXrvi"}
[ Tue Aug 15 2017 16:27:33 GMT+0800 (CST) ] time is 1217
[ Tue Aug 15 2017 16:27:33 GMT+0800 (CST) ] {"err":0,"msg":"JVZLW4vYGinrqwrRq6n2D6Pp27d5i9FW3r"}
[ Tue Aug 15 2017 16:27:33 GMT+0800 (CST) ] time is 1209
[ Tue Aug 15 2017 16:27:33 GMT+0800 (CST) ] {"err":0,"msg":"Jebdk37ZCWbEgm7gTtQN58Cs6qSBfdgEYC"}
[ Tue Aug 15 2017 16:27:33 GMT+0800 (CST) ] time is 1214
[ Tue Aug 15 2017 16:27:33 GMT+0800 (CST) ] {"err":0,"msg":"JKqWQJJRLU1F2Tw8wUxoL5JZEwCswgGe2K"}
[ Tue Aug 15 2017 16:27:33 GMT+0800 (CST) ] time is 1212
[ Tue Aug 15 2017 16:27:33 GMT+0800 (CST) ] {"err":0,"msg":"JJYFumxqCUfCLmyjn4FqNiGpUX4hX5AJzq"}
[ Tue Aug 15 2017 16:27:33 GMT+0800 (CST) ] time is 1218
[ Tue Aug 15 2017 16:27:33 GMT+0800 (CST) ] {"err":0,"msg":"JNKQM8FVYSkMZ9CF8gqjjW2hRYG16H5tVK"}
[ Tue Aug 15 2017 16:27:33 GMT+0800 (CST) ] time is 1210
[ Tue Aug 15 2017 16:27:33 GMT+0800 (CST) ] {"err":0,"msg":"JRrd9odnp8RoqHrg8W7PVQmWWcJFmtBssz"}
[ Tue Aug 15 2017 16:27:33 GMT+0800 (CST) ] time is 1215
[ Tue Aug 15 2017 16:27:33 GMT+0800 (CST) ] {"err":0,"msg":"Jexnz2WFRkWQkDtzkxhcTCVjF6vnbYCP8Q"}
[ Tue Aug 15 2017 16:27:33 GMT+0800 (CST) ] time is 1213
[ Tue Aug 15 2017 16:27:33 GMT+0800 (CST) ] {"err":0,"msg":"JTRnuxbcfTPmWVR13qj85T5uBFKDiHiLKo"}
[ Tue Aug 15 2017 16:27:34 GMT+0800 (CST) ] time is 1219
[ Tue Aug 15 2017 16:27:34 GMT+0800 (CST) ] {"err":0,"msg":"JLYKiMnskc2TA1tA4SenBiPyzf3vrt6Qbh"}
[ Tue Aug 15 2017 16:27:34 GMT+0800 (CST) ] time is 1211
[ Tue Aug 15 2017 16:27:34 GMT+0800 (CST) ] {"err":0,"msg":"JRV9MkGVHYdtuPp7eTD3FdmLccn5A7TqXS"}
[ Tue Aug 15 2017 16:27:34 GMT+0800 (CST) ] time is 1216
[ Tue Aug 15 2017 16:27:34 GMT+0800 (CST) ] {"err":0,"msg":"JW74s8BamA8mwWjjaNawZqGgEDuX2acA6R"}
[ Tue Aug 15 2017 16:27:34 GMT+0800 (CST) ] time is 1214
[ Tue Aug 15 2017 16:27:34 GMT+0800 (CST) ] {"err":0,"msg":"JgPJSGYcjaQpb4C9RptwAXbCo2zTq2Ksgd"}
[ Tue Aug 15 2017 16:27:34 GMT+0800 (CST) ] time is 1220
[ Tue Aug 15 2017 16:27:34 GMT+0800 (CST) ] {"err":0,"msg":"JfHQQqRFGaBJ8ef2XsRQpaku8wwA1j71dB"}
[ Tue Aug 15 2017 16:27:34 GMT+0800 (CST) ] time is 1212
[ Tue Aug 15 2017 16:27:34 GMT+0800 (CST) ] {"err":0,"msg":"JUJqbidK5WWhmpndsUiPkZUkm5SVzvZKuY"}
[ Tue Aug 15 2017 16:27:34 GMT+0800 (CST) ] time is 1217
[ Tue Aug 15 2017 16:27:34 GMT+0800 (CST) ] {"err":0,"msg":"JNkFMcLNAK8Ez4pNBz4ZxFbCZaxrqH6W2W"}
[ Tue Aug 15 2017 16:27:34 GMT+0800 (CST) ] time is 1215
[ Tue Aug 15 2017 16:27:34 GMT+0800 (CST) ] {"err":0,"msg":"JZ84NGeCp3jcUmFSuWkk9Gq9bnykRh6skC"}
[ Tue Aug 15 2017 16:27:34 GMT+0800 (CST) ] time is 1221
[ Tue Aug 15 2017 16:27:34 GMT+0800 (CST) ] {"err":0,"msg":"JZvQC4yHwJybrsReAxaUdAjjQ2a8aRgb5j"}
[ Tue Aug 15 2017 16:27:34 GMT+0800 (CST) ] time is 1213
[ Tue Aug 15 2017 16:27:34 GMT+0800 (CST) ] {"err":0,"msg":"JSoZFDzvEWjN7FvJJrzPPkLwb3qKzQtCTX"}
[ Tue Aug 15 2017 16:27:34 GMT+0800 (CST) ] time is 1218
[ Tue Aug 15 2017 16:27:34 GMT+0800 (CST) ] {"err":0,"msg":"JYX6rn1KwhM187a4YAtbhXzZtvUppKcbcX"}
[ Tue Aug 15 2017 16:27:34 GMT+0800 (CST) ] time is 1216
[ Tue Aug 15 2017 16:27:34 GMT+0800 (CST) ] {"err":0,"msg":"JWbURgfXv1TyPgTQ49miJgHNnQh9QNWsbP"}
[ Tue Aug 15 2017 16:27:34 GMT+0800 (CST) ] time is 1222
[ Tue Aug 15 2017 16:27:34 GMT+0800 (CST) ] {"err":0,"msg":"JVmDMji9KnAris9fzdVvbUwRk3sRA5GuPW"}
[ Tue Aug 15 2017 16:27:34 GMT+0800 (CST) ] time is 1214
[ Tue Aug 15 2017 16:27:34 GMT+0800 (CST) ] {"err":0,"msg":"JYFEYAyDdzCey1oHpxCUFc1zzpZ2vJkVCT"}
[ Tue Aug 15 2017 16:27:34 GMT+0800 (CST) ] time is 1219
[ Tue Aug 15 2017 16:27:34 GMT+0800 (CST) ] {"err":0,"msg":"JZKj8keCtGDJteaLZ5KpiHCT8rV5fHi4Z6"}
[ Tue Aug 15 2017 16:27:34 GMT+0800 (CST) ] time is 1217
[ Tue Aug 15 2017 16:27:34 GMT+0800 (CST) ] {"err":0,"msg":"JNht97P3JXdV8srnig7ikHocs5C3XaqBC6"}
[ Tue Aug 15 2017 16:27:34 GMT+0800 (CST) ] {"err":0,"msg":"JXWGSgPM3NWVpXus9XTcatYXHJy5A6vRoX"}
[ Tue Aug 15 2017 16:27:34 GMT+0800 (CST) ] time is 1223
[ Tue Aug 15 2017 16:27:34 GMT+0800 (CST) ] time is 1215
[ Tue Aug 15 2017 16:27:34 GMT+0800 (CST) ] {"err":0,"msg":"JVY2s5pmyZhaT2jmnkJFd1YQqCJsTEtNiE"}
[ Tue Aug 15 2017 16:27:34 GMT+0800 (CST) ] time is 1220
[ Tue Aug 15 2017 16:27:34 GMT+0800 (CST) ] {"err":0,"msg":"Jc49DxEqAjFA2cJowbrCoAavsMyfJt1kWa"}
[ Tue Aug 15 2017 16:27:34 GMT+0800 (CST) ] time is 1218
[ Tue Aug 15 2017 16:27:34 GMT+0800 (CST) ] {"err":0,"msg":"JLhwo5zKPsexZephBLfvV5DzUQuQLDEwoW"}
[ Tue Aug 15 2017 16:27:34 GMT+0800 (CST) ] time is 1224
[ Tue Aug 15 2017 16:27:34 GMT+0800 (CST) ] {"err":0,"msg":"Jg3FdnTPfGipGaSCKroiKjtzh6QNrA7wvC"}
[ Tue Aug 15 2017 16:27:34 GMT+0800 (CST) ] time is 1216
[ Tue Aug 15 2017 16:27:34 GMT+0800 (CST) ] {"err":0,"msg":"JdoRg1TnEjRkaE7fiEezEMmo8JUyMCLPmq"}
[ Tue Aug 15 2017 16:27:34 GMT+0800 (CST) ] time is 1221
[ Tue Aug 15 2017 16:27:34 GMT+0800 (CST) ] {"err":0,"msg":"JLQ9A4RvXuGBsD5Wo9zaoEjzxsiHoGxjYC"}
[ Tue Aug 15 2017 16:27:34 GMT+0800 (CST) ] time is 1219
[ Tue Aug 15 2017 16:27:34 GMT+0800 (CST) ] {"err":0,"msg":"Jgc3H1rzC7uqXBM5hGFrzyX1PokZLjJaZC"}
[ Tue Aug 15 2017 16:27:34 GMT+0800 (CST) ] time is 1225
[ Tue Aug 15 2017 16:27:34 GMT+0800 (CST) ] {"err":0,"msg":"JWDYi2aVdUfHL2qA7Qai3G1LKwvH7Y7SqF"}
[ Tue Aug 15 2017 16:27:34 GMT+0800 (CST) ] time is 1217
[ Tue Aug 15 2017 16:27:34 GMT+0800 (CST) ] {"err":0,"msg":"Jffo23v8YBWKcWHWbYRmfVjTSPkrptrPiT"}
[ Tue Aug 15 2017 16:27:34 GMT+0800 (CST) ] time is 1222
[ Tue Aug 15 2017 16:27:34 GMT+0800 (CST) ] {"err":0,"msg":"JJtGU1h443Ww5qxzQcRm6TCxMASZH8Cvhd"}
[ Tue Aug 15 2017 16:27:34 GMT+0800 (CST) ] time is 1220
[ Tue Aug 15 2017 16:27:34 GMT+0800 (CST) ] {"err":0,"msg":"JbHBPRR6QcJut5ZDdyyzTSaEDjCTm4JmKq"}
[ Tue Aug 15 2017 16:27:34 GMT+0800 (CST) ] {"err":0,"msg":"JfJbKdxbxBmsDBVZrN6ueQkpgJMkYMVjXj"}
[ Tue Aug 15 2017 16:27:34 GMT+0800 (CST) ] time is 1226
[ Tue Aug 15 2017 16:27:34 GMT+0800 (CST) ] {"err":0,"msg":"JcZhoo7AWY1ppD6CqQVr4VxLx1idVya243"}
[ Tue Aug 15 2017 16:27:34 GMT+0800 (CST) ] time is 1218
[ Tue Aug 15 2017 16:27:34 GMT+0800 (CST) ] time is 1223
[ Tue Aug 15 2017 16:27:34 GMT+0800 (CST) ] {"err":0,"msg":"JN7jRRQWFJM2nn3MrwCN51BiEAGqvZkSSi"}
[ Tue Aug 15 2017 16:27:34 GMT+0800 (CST) ] time is 1221
[ Tue Aug 15 2017 16:27:34 GMT+0800 (CST) ] {"err":0,"msg":"JVkopywkq7Yi1AdEuhyM39oQ3SXmCgrcWB"}
[ Tue Aug 15 2017 16:27:34 GMT+0800 (CST) ] time is 1227
[ Tue Aug 15 2017 16:27:34 GMT+0800 (CST) ] {"err":0,"msg":"JgR6KNJitse9KaerqAAZdF1cYmEhcBsU61"}
[ Tue Aug 15 2017 16:27:34 GMT+0800 (CST) ] time is 1219
[ Tue Aug 15 2017 16:27:34 GMT+0800 (CST) ] {"err":0,"msg":"JNQM8q2h5bS1ejTHzqHn3BXZt86UYA5B1i"}
[ Tue Aug 15 2017 16:27:34 GMT+0800 (CST) ] time is 1224
[ Tue Aug 15 2017 16:27:34 GMT+0800 (CST) ] {"err":0,"msg":"Jac6GLkhYe5yVHuPecYPR1F6BW4dN25Tqr"}
[ Tue Aug 15 2017 16:27:34 GMT+0800 (CST) ] time is 1222
[ Tue Aug 15 2017 16:27:34 GMT+0800 (CST) ] {"err":0,"msg":"JMJBBPdHwkxkhcoViL5uwV25TW14irmpZG"}
[ Tue Aug 15 2017 16:27:34 GMT+0800 (CST) ] time is 1228
[ Tue Aug 15 2017 16:27:34 GMT+0800 (CST) ] {"err":0,"msg":"JLjZKTiUjq6akHiyFXhkEYN9Ud2qfWHNV1"}
[ Tue Aug 15 2017 16:27:34 GMT+0800 (CST) ] time is 1220
[ Tue Aug 15 2017 16:27:34 GMT+0800 (CST) ] {"err":0,"msg":"JbHAx7fmrmF5JC66cgowmR8JFoou1yvajP"}
[ Tue Aug 15 2017 16:27:34 GMT+0800 (CST) ] time is 1225
[ Tue Aug 15 2017 16:27:34 GMT+0800 (CST) ] {"err":0,"msg":"JUkREJbF3cbktBFjnjBXmK7GKikT395xtZ"}
[ Tue Aug 15 2017 16:27:34 GMT+0800 (CST) ] time is 1223
[ Tue Aug 15 2017 16:27:34 GMT+0800 (CST) ] {"err":0,"msg":"JJnFa6Nn99MeqYwZ5pGxo8irciYmtfgMCp"}
[ Tue Aug 15 2017 16:27:34 GMT+0800 (CST) ] time is 1229
[ Tue Aug 15 2017 16:27:34 GMT+0800 (CST) ] {"err":0,"msg":"Jdyg2mnNN27TCy4YjH7uroCrpuX7GZzJvu"}
[ Tue Aug 15 2017 16:27:34 GMT+0800 (CST) ] time is 1221
[ Tue Aug 15 2017 16:27:34 GMT+0800 (CST) ] {"err":0,"msg":"JKasPUkZ7Et6QGN5gwhUpymdg6uBMvgseT"}
[ Tue Aug 15 2017 16:27:34 GMT+0800 (CST) ] time is 1226
[ Tue Aug 15 2017 16:27:34 GMT+0800 (CST) ] {"err":0,"msg":"JghBvRfrjrcXw6kxDYreHHv3oUb8ESAase"}
[ Tue Aug 15 2017 16:27:34 GMT+0800 (CST) ] time is 1230
[ Tue Aug 15 2017 16:27:34 GMT+0800 (CST) ] {"err":0,"msg":"JP4wYSv5ie9kbqbYs7ZX1rhcAszyLizzBM"}
[ Tue Aug 15 2017 16:27:34 GMT+0800 (CST) ] time is 1224
[ Tue Aug 15 2017 16:27:34 GMT+0800 (CST) ] {"err":0,"msg":"JY1KQ2xCaesYgk1b4a9Wh6MVVzLiUXMBYf"}
[ Tue Aug 15 2017 16:27:34 GMT+0800 (CST) ] time is 1222
[ Tue Aug 15 2017 16:27:34 GMT+0800 (CST) ] {"err":0,"msg":"JboR119mshPvua3wvtzv3cCJkbYgw8jK1h"}
[ Tue Aug 15 2017 16:27:34 GMT+0800 (CST) ] time is 1227
[ Tue Aug 15 2017 16:27:34 GMT+0800 (CST) ] {"err":0,"msg":"JMNrNo2mBhXwMX9TghSygqH91J99yHQJBS"}
[ Tue Aug 15 2017 16:27:34 GMT+0800 (CST) ] time is 1231
[ Tue Aug 15 2017 16:27:34 GMT+0800 (CST) ] {"err":0,"msg":"JgQg8T6VcugyaCReMdum2fauFFtekiF199"}
[ Tue Aug 15 2017 16:27:34 GMT+0800 (CST) ] time is 1225
[ Tue Aug 15 2017 16:27:34 GMT+0800 (CST) ] {"err":0,"msg":"JZKJSSNLQRGtuYMYwpYXnfd7b4uYuGr944"}
[ Tue Aug 15 2017 16:27:34 GMT+0800 (CST) ] time is 1223
[ Tue Aug 15 2017 16:27:34 GMT+0800 (CST) ] {"err":0,"msg":"JfCmvmKEr43yL8wffyCphT6WceC8M51Vfz"}
[ Tue Aug 15 2017 16:27:34 GMT+0800 (CST) ] time is 1228
[ Tue Aug 15 2017 16:27:34 GMT+0800 (CST) ] {"err":0,"msg":"JN1ncgPASLTCDg8iey9oD7sjo6sMJGCN8h"}
[ Tue Aug 15 2017 16:27:34 GMT+0800 (CST) ] time is 1226
[ Tue Aug 15 2017 16:27:34 GMT+0800 (CST) ] {"err":0,"msg":"JNAaeoTnhpBsrJg1HCs5VSXzSFFJ976ktR"}
[ Tue Aug 15 2017 16:27:34 GMT+0800 (CST) ] time is 1232
[ Tue Aug 15 2017 16:27:34 GMT+0800 (CST) ] {"err":0,"msg":"Ja7S3PZcHjZg46Bq6UedxzdzTR7Jmj5tEJ"}
[ Tue Aug 15 2017 16:27:34 GMT+0800 (CST) ] time is 1224
[ Tue Aug 15 2017 16:27:34 GMT+0800 (CST) ] {"err":0,"msg":"JP1XtLFEASHujR62A4C8fLhQvWehh5bXAn"}
[ Tue Aug 15 2017 16:27:34 GMT+0800 (CST) ] time is 1229
[ Tue Aug 15 2017 16:27:34 GMT+0800 (CST) ] {"err":0,"msg":"JW8TTPDZitDs2JSB1DFdxk5tmPsxqebJ3D"}
[ Tue Aug 15 2017 16:27:34 GMT+0800 (CST) ] time is 1227
[ Tue Aug 15 2017 16:27:34 GMT+0800 (CST) ] {"err":0,"msg":"JVvahUbZY8bwRGL5sMFbJMRAQ6pEtKskfq"}
[ Tue Aug 15 2017 16:27:34 GMT+0800 (CST) ] time is 1233
[ Tue Aug 15 2017 16:27:34 GMT+0800 (CST) ] {"err":0,"msg":"JdUHN4XB9x4syTvuX3X8X1wALXR9hADAiX"}
[ Tue Aug 15 2017 16:27:34 GMT+0800 (CST) ] time is 1225
[ Tue Aug 15 2017 16:27:34 GMT+0800 (CST) ] {"err":0,"msg":"JKzAEvF7NguwQCUVvYdhBo6yKQfxVyajob"}
[ Tue Aug 15 2017 16:27:34 GMT+0800 (CST) ] time is 1230
[ Tue Aug 15 2017 16:27:34 GMT+0800 (CST) ] {"err":0,"msg":"JYagAumGyM57GzaJkhgHnRFaTNXbPjq1m7"}
[ Tue Aug 15 2017 16:27:34 GMT+0800 (CST) ] time is 1228
[ Tue Aug 15 2017 16:27:34 GMT+0800 (CST) ] {"err":0,"msg":"JcCZtqyr5WrJpeWRy8VTGnBE5BoHALzWqm"}
[ Tue Aug 15 2017 16:27:34 GMT+0800 (CST) ] time is 1234
[ Tue Aug 15 2017 16:27:34 GMT+0800 (CST) ] {"err":0,"msg":"JMmpXzRRJ8vGQ2L8eyfpiiEZmfSmm1rXNM"}
[ Tue Aug 15 2017 16:27:34 GMT+0800 (CST) ] time is 1226
[ Tue Aug 15 2017 16:27:34 GMT+0800 (CST) ] {"err":0,"msg":"JME9RNkCjo4B3DbDY4qF4bft7PugLrh3qZ"}
[ Tue Aug 15 2017 16:27:34 GMT+0800 (CST) ] time is 1231
[ Tue Aug 15 2017 16:27:34 GMT+0800 (CST) ] {"err":0,"msg":"JbeLyNc1cG7ouck8YJrV21bBwhkJLGZd6S"}
[ Tue Aug 15 2017 16:27:34 GMT+0800 (CST) ] time is 1229
[ Tue Aug 15 2017 16:27:34 GMT+0800 (CST) ] {"err":0,"msg":"Jh7ZBbWBmbFMTYLYd1bzR2MGSPzV1o8ZzP"}
[ Tue Aug 15 2017 16:27:34 GMT+0800 (CST) ] {"err":0,"msg":"JfZ2eD8nVj3SbpzfcvUjMbfQgPCWmRATEb"}
[ Tue Aug 15 2017 16:27:34 GMT+0800 (CST) ] time is 1235
[ Tue Aug 15 2017 16:27:34 GMT+0800 (CST) ] time is 1227
[ Tue Aug 15 2017 16:27:34 GMT+0800 (CST) ] {"err":0,"msg":"JdzNoDgXTFQgdSDpv73Yg2dbVVB6FuGcrR"}
[ Tue Aug 15 2017 16:27:34 GMT+0800 (CST) ] time is 1232
[ Tue Aug 15 2017 16:27:34 GMT+0800 (CST) ] {"err":0,"msg":"JPFqmh2TY4JyDTugkeD4K9ELHnKL3h5CmD"}
[ Tue Aug 15 2017 16:27:34 GMT+0800 (CST) ] time is 1230
[ Tue Aug 15 2017 16:27:34 GMT+0800 (CST) ] {"err":0,"msg":"JRahCvoAYdW9XvPciFesbaJWp6AwDEyfKX"}
[ Tue Aug 15 2017 16:27:34 GMT+0800 (CST) ] time is 1236
[ Tue Aug 15 2017 16:27:34 GMT+0800 (CST) ] {"err":0,"msg":"JgPDGfhJvQnpd4gw8RgJ8YhGv7e8ZSNqqi"}
[ Tue Aug 15 2017 16:27:34 GMT+0800 (CST) ] time is 1228
[ Tue Aug 15 2017 16:27:34 GMT+0800 (CST) ] {"err":0,"msg":"JWHu3MAZw6ry6VuqWSmiwpwguPagnAF6AG"}
[ Tue Aug 15 2017 16:27:34 GMT+0800 (CST) ] time is 1233
[ Tue Aug 15 2017 16:27:34 GMT+0800 (CST) ] {"err":0,"msg":"JKgsowhkkn4cHJwWNSmWSe7X1qHZTAfV94"}
[ Tue Aug 15 2017 16:27:34 GMT+0800 (CST) ] time is 1231
[ Tue Aug 15 2017 16:27:34 GMT+0800 (CST) ] {"err":0,"msg":"JLmFSdAgTfswuBfqNuixabd5y8cVDHzyj5"}
[ Tue Aug 15 2017 16:27:34 GMT+0800 (CST) ] time is 1237
[ Tue Aug 15 2017 16:27:34 GMT+0800 (CST) ] {"err":0,"msg":"JSk4Ki2cvcvPMGctUtNVu3Vh31qfkWNuL9"}
[ Tue Aug 15 2017 16:27:35 GMT+0800 (CST) ] time is 1229
[ Tue Aug 15 2017 16:27:35 GMT+0800 (CST) ] {"err":0,"msg":"JStBZQZL1MfV4n5oKC3uXmkzb5MgxSCVu2"}
[ Tue Aug 15 2017 16:27:35 GMT+0800 (CST) ] time is 1234
[ Tue Aug 15 2017 16:27:35 GMT+0800 (CST) ] {"err":0,"msg":"JL9nx8rHGSWT11pLpkYj8foszshPmG67uG"}
[ Tue Aug 15 2017 16:27:35 GMT+0800 (CST) ] time is 1232
[ Tue Aug 15 2017 16:27:35 GMT+0800 (CST) ] {"err":0,"msg":"JVntdJQGSiKmtsdF78wNJ1v7whRVUUF67i"}
[ Tue Aug 15 2017 16:27:35 GMT+0800 (CST) ] time is 1238
[ Tue Aug 15 2017 16:27:35 GMT+0800 (CST) ] {"err":0,"msg":"JUdSfhV1qc7oJxxHGRh9J3xErieLi9XPZN"}
[ Tue Aug 15 2017 16:27:35 GMT+0800 (CST) ] time is 1230
[ Tue Aug 15 2017 16:27:35 GMT+0800 (CST) ] {"err":0,"msg":"JWiqPJ5BT4JEwcskVExcKr4YEetsorCNoE"}
[ Tue Aug 15 2017 16:27:35 GMT+0800 (CST) ] time is 1235
[ Tue Aug 15 2017 16:27:35 GMT+0800 (CST) ] {"err":0,"msg":"JcYuRKKeeXFopD9no1LqVCGzHWYWmiYPCh"}
[ Tue Aug 15 2017 16:27:35 GMT+0800 (CST) ] {"err":0,"msg":"JQ5Q95AZqUts7rSuKoSooFZTmAErjxB8jt"}
[ Tue Aug 15 2017 16:27:35 GMT+0800 (CST) ] time is 1233
[ Tue Aug 15 2017 16:27:35 GMT+0800 (CST) ] time is 1239
[ Tue Aug 15 2017 16:27:35 GMT+0800 (CST) ] {"err":0,"msg":"JMvJ6J2pDkjoYBb72U9niYW8JdxBdkqudN"}
[ Tue Aug 15 2017 16:27:35 GMT+0800 (CST) ] time is 1236
[ Tue Aug 15 2017 16:27:35 GMT+0800 (CST) ] {"err":0,"msg":"JcJqHeRQ2s3R8oMicNXgnQu7FuAj5kdAF9"}
[ Tue Aug 15 2017 16:27:35 GMT+0800 (CST) ] time is 1231
[ Tue Aug 15 2017 16:27:35 GMT+0800 (CST) ] {"err":0,"msg":"JNiaXBsXhRYqynYfNDtbkYu3k4iRWvYUQg"}
[ Tue Aug 15 2017 16:27:35 GMT+0800 (CST) ] time is 1234
[ Tue Aug 15 2017 16:27:35 GMT+0800 (CST) ] {"err":0,"msg":"Jf9Gdnq93G5xy7p9YtVJKMFKYk2ivz9M9h"}
[ Tue Aug 15 2017 16:27:35 GMT+0800 (CST) ] time is 1240
[ Tue Aug 15 2017 16:27:35 GMT+0800 (CST) ] {"err":0,"msg":"JS9mEgzzWYLiXu2ekGcF2LBtMtcnkN3AsL"}
[ Tue Aug 15 2017 16:27:35 GMT+0800 (CST) ] time is 1237
[ Tue Aug 15 2017 16:27:35 GMT+0800 (CST) ] {"err":0,"msg":"JSnMMb36GCux2Lv3FgjoRxxhfwot3yB5tY"}
[ Tue Aug 15 2017 16:27:35 GMT+0800 (CST) ] time is 1232
[ Tue Aug 15 2017 16:27:35 GMT+0800 (CST) ] {"err":0,"msg":"JKGamUrWvH5QqAKuiFaXkd49TqKeUPdiU4"}
[ Tue Aug 15 2017 16:27:35 GMT+0800 (CST) ] time is 1235
[ Tue Aug 15 2017 16:27:35 GMT+0800 (CST) ] {"err":0,"msg":"JK13abQwAsxdwxWmxWULeyht4YFyfdrstA"}
[ Tue Aug 15 2017 16:27:35 GMT+0800 (CST) ] time is 1241
[ Tue Aug 15 2017 16:27:35 GMT+0800 (CST) ] {"err":0,"msg":"JguzQRfBhtz5ZYT4evdx5kkLQcSXoE8rmx"}
[ Tue Aug 15 2017 16:27:35 GMT+0800 (CST) ] time is 1238
[ Tue Aug 15 2017 16:27:35 GMT+0800 (CST) ] {"err":0,"msg":"JTeTfVUdovvrqGuDpXbo17QD4GQou3j5a8"}
[ Tue Aug 15 2017 16:27:35 GMT+0800 (CST) ] time is 1233
[ Tue Aug 15 2017 16:27:35 GMT+0800 (CST) ] {"err":0,"msg":"JPrYkkAxPTucEfZg58hCzdcfi6Tk7KRPU4"}
[ Tue Aug 15 2017 16:27:35 GMT+0800 (CST) ] {"err":0,"msg":"JWXGkTkgXo1jsW1mE8Q13ndM8GRARLxvQr"}
[ Tue Aug 15 2017 16:27:35 GMT+0800 (CST) ] time is 1236
[ Tue Aug 15 2017 16:27:35 GMT+0800 (CST) ] time is 1242
[ Tue Aug 15 2017 16:27:35 GMT+0800 (CST) ] {"err":0,"msg":"JP3gX852dHeL2n7E6GW9NeZ6AhDwjXTqLk"}
[ Tue Aug 15 2017 16:27:35 GMT+0800 (CST) ] time is 1239
[ Tue Aug 15 2017 16:27:35 GMT+0800 (CST) ] {"err":0,"msg":"JbzgLAEg5AfdiuF9SxUvsGYkqWNMxLW5CH"}
[ Tue Aug 15 2017 16:27:35 GMT+0800 (CST) ] time is 1234
[ Tue Aug 15 2017 16:27:35 GMT+0800 (CST) ] {"err":0,"msg":"Jdqd8vTSHmTrF3V2iSLqpMjHCHQDeJvSkt"}
[ Tue Aug 15 2017 16:27:35 GMT+0800 (CST) ] time is 1237
[ Tue Aug 15 2017 16:27:35 GMT+0800 (CST) ] {"err":0,"msg":"JZcw5sHyD9SjCGmDQ5TTEqqkVpVyHCCTEf"}
[ Tue Aug 15 2017 16:27:35 GMT+0800 (CST) ] time is 1243
[ Tue Aug 15 2017 16:27:35 GMT+0800 (CST) ] {"err":0,"msg":"JZbipURiirq2e3HbN4qaM4n3xsANehQNZa"}
[ Tue Aug 15 2017 16:27:35 GMT+0800 (CST) ] time is 1240
[ Tue Aug 15 2017 16:27:35 GMT+0800 (CST) ] {"err":0,"msg":"JXW8F4Vfz9k4NHdxWciD4VsQia1C8MwgsD"}
[ Tue Aug 15 2017 16:27:35 GMT+0800 (CST) ] time is 1235
[ Tue Aug 15 2017 16:27:35 GMT+0800 (CST) ] {"err":0,"msg":"JVN3NWzzXGPyLrPwcmcEPDMw5BBpk453u7"}
[ Tue Aug 15 2017 16:27:35 GMT+0800 (CST) ] time is 1238
[ Tue Aug 15 2017 16:27:35 GMT+0800 (CST) ] {"err":0,"msg":"JVj7nxmcQNm2YTSAbsyCgnD5o2FSWwMwFq"}
[ Tue Aug 15 2017 16:27:35 GMT+0800 (CST) ] time is 1244
[ Tue Aug 15 2017 16:27:35 GMT+0800 (CST) ] {"err":0,"msg":"JTyBdQKXtP4DFkPTz4Yod3y5dzZ5a9Eo5Z"}
[ Tue Aug 15 2017 16:27:35 GMT+0800 (CST) ] time is 1239
[ Tue Aug 15 2017 16:27:35 GMT+0800 (CST) ] {"err":0,"msg":"JgvbjA2dKKGgZ9oGLs9wDrcZfpYwCVC1GF"}
[ Tue Aug 15 2017 16:27:35 GMT+0800 (CST) ] time is 1241
[ Tue Aug 15 2017 16:27:35 GMT+0800 (CST) ] {"err":0,"msg":"JNtjRZ6TjaMnP4VALWJH7jqUMextzf3ozW"}
[ Tue Aug 15 2017 16:27:35 GMT+0800 (CST) ] time is 1236
[ Tue Aug 15 2017 16:27:35 GMT+0800 (CST) ] {"err":0,"msg":"JX7tprnuwwxnDBJCCYEEbeNTXAHniKmXGJ"}
[ Tue Aug 15 2017 16:27:35 GMT+0800 (CST) ] time is 1245
[ Tue Aug 15 2017 16:27:35 GMT+0800 (CST) ] {"err":0,"msg":"JKanb8R2uoJ8zFha2VCRUecnooEfxw1Yb5"}
[ Tue Aug 15 2017 16:27:35 GMT+0800 (CST) ] time is 1240
[ Tue Aug 15 2017 16:27:35 GMT+0800 (CST) ] {"err":0,"msg":"JeV4Cx5EduAHqas9rhW5ZueHXFLNq2N2QN"}
[ Tue Aug 15 2017 16:27:35 GMT+0800 (CST) ] time is 1242
[ Tue Aug 15 2017 16:27:35 GMT+0800 (CST) ] {"err":0,"msg":"JeEodNW1vNqnHZhJ5TLcrs9KC41oaVGqTs"}
[ Tue Aug 15 2017 16:27:35 GMT+0800 (CST) ] time is 1237
[ Tue Aug 15 2017 16:27:35 GMT+0800 (CST) ] {"err":0,"msg":"JKpZ3JgvwPvKKgPoaMFT1Qd1gBQvim2aqa"}
[ Tue Aug 15 2017 16:27:35 GMT+0800 (CST) ] time is 1246
[ Tue Aug 15 2017 16:27:35 GMT+0800 (CST) ] {"err":0,"msg":"JbmnfPudjjBapgujdcV7cBXRwGPCKxaay2"}
[ Tue Aug 15 2017 16:27:35 GMT+0800 (CST) ] time is 1241
[ Tue Aug 15 2017 16:27:35 GMT+0800 (CST) ] {"err":0,"msg":"JYXHapumx9cy8qnknSVAHLFw7kR1xRuxEu"}
[ Tue Aug 15 2017 16:27:35 GMT+0800 (CST) ] time is 1243
[ Tue Aug 15 2017 16:27:35 GMT+0800 (CST) ] {"err":0,"msg":"JLSfpmoHjaevJAEob5vbbAa5U1nTCDbAti"}
[ Tue Aug 15 2017 16:27:35 GMT+0800 (CST) ] time is 1238
[ Tue Aug 15 2017 16:27:35 GMT+0800 (CST) ] {"err":0,"msg":"JQ6bXBdDC9H2jcjwWqRt8AfKaiXBTdTgov"}
[ Tue Aug 15 2017 16:27:35 GMT+0800 (CST) ] time is 1247
[ Tue Aug 15 2017 16:27:35 GMT+0800 (CST) ] {"err":0,"msg":"JfY4AnFFWQL6UiSHgL3nnCJDEMYrTa2bWJ"}
[ Tue Aug 15 2017 16:27:35 GMT+0800 (CST) ] time is 1242
[ Tue Aug 15 2017 16:27:35 GMT+0800 (CST) ] {"err":0,"msg":"JfMUNkfW7SoE9cHQXcumsxJPMWoJoSLqrN"}
[ Tue Aug 15 2017 16:27:35 GMT+0800 (CST) ] time is 1244
[ Tue Aug 15 2017 16:27:35 GMT+0800 (CST) ] {"err":0,"msg":"JckmtBcU6XUFsTHUwxsoeWpUrXfViZMBCg"}
[ Tue Aug 15 2017 16:27:35 GMT+0800 (CST) ] time is 1239
[ Tue Aug 15 2017 16:27:35 GMT+0800 (CST) ] {"err":0,"msg":"JbTG4PaaeyXsB3Pt43hvyAhJULwZiBdqs9"}
[ Tue Aug 15 2017 16:27:35 GMT+0800 (CST) ] time is 1248
[ Tue Aug 15 2017 16:27:35 GMT+0800 (CST) ] {"err":0,"msg":"JSneQFF3Ws7WQKWUnbgVCCcM9PBAhvqaV6"}
[ Tue Aug 15 2017 16:27:35 GMT+0800 (CST) ] time is 1243
[ Tue Aug 15 2017 16:27:35 GMT+0800 (CST) ] {"err":0,"msg":"JUobQALgZNMacjG4ZnjZXeGz1SUAJpjv3t"}
[ Tue Aug 15 2017 16:27:35 GMT+0800 (CST) ] time is 1245
[ Tue Aug 15 2017 16:27:35 GMT+0800 (CST) ] {"err":0,"msg":"JQUkbjvawLRjdBPgngmjfpVJHLf55LeLTP"}
[ Tue Aug 15 2017 16:27:35 GMT+0800 (CST) ] time is 1240
[ Tue Aug 15 2017 16:27:35 GMT+0800 (CST) ] {"err":0,"msg":"Jf1j2k7HMgc16E1aZsUoVhWcdw6xQFBs2Y"}
[ Tue Aug 15 2017 16:27:35 GMT+0800 (CST) ] time is 1249
[ Tue Aug 15 2017 16:27:35 GMT+0800 (CST) ] {"err":0,"msg":"JUGfK8aRXXpz2eDRAJvdDnJ6Vvw4w93SYW"}
[ Tue Aug 15 2017 16:27:35 GMT+0800 (CST) ] time is 1244
[ Tue Aug 15 2017 16:27:35 GMT+0800 (CST) ] {"err":0,"msg":"JWSJSAvNsaVFMHZ3bHJsZKhB1CTFbFCxuV"}
[ Tue Aug 15 2017 16:27:35 GMT+0800 (CST) ] time is 1246
[ Tue Aug 15 2017 16:27:35 GMT+0800 (CST) ] {"err":0,"msg":"JcNJUjgMM76zhcD7nJk4rmHjuadZ3FjXMs"}
[ Tue Aug 15 2017 16:27:35 GMT+0800 (CST) ] time is 1241
[ Tue Aug 15 2017 16:27:35 GMT+0800 (CST) ] {"err":0,"msg":"JMQMnBwYfCNknHuBec6nme9n8SVEERqwSW"}
[ Tue Aug 15 2017 16:27:35 GMT+0800 (CST) ] time is 1250
[ Tue Aug 15 2017 16:27:35 GMT+0800 (CST) ] {"err":0,"msg":"JVKrxDFr7QjaYFfQjRHPAh2L3ttVbKvoxx"}
[ Tue Aug 15 2017 16:27:35 GMT+0800 (CST) ] time is 1245
[ Tue Aug 15 2017 16:27:35 GMT+0800 (CST) ] {"err":0,"msg":"JNeFAZCF82mSFuno91T1F7JuMxoq4nhXYZ"}
[ Tue Aug 15 2017 16:27:35 GMT+0800 (CST) ] time is 1247
[ Tue Aug 15 2017 16:27:35 GMT+0800 (CST) ] {"err":0,"msg":"JMYjAnsgVGofeDHR6dkQA4kfa8Ebw4yX37"}
[ Tue Aug 15 2017 16:27:35 GMT+0800 (CST) ] time is 1242
[ Tue Aug 15 2017 16:27:35 GMT+0800 (CST) ] {"err":0,"msg":"JguwFXQW4sME65ozFaedsrD8pzpeAo7iJM"}
[ Tue Aug 15 2017 16:27:35 GMT+0800 (CST) ] time is 1251
[ Tue Aug 15 2017 16:27:35 GMT+0800 (CST) ] {"err":0,"msg":"JRdE4nvdupcbTidfqk3d6URMfUGFoayoMg"}
[ Tue Aug 15 2017 16:27:35 GMT+0800 (CST) ] time is 1246
[ Tue Aug 15 2017 16:27:35 GMT+0800 (CST) ] {"err":0,"msg":"JRUuwYcbTX2gZndZ4hqc8R7ffkeXxcMz1J"}
[ Tue Aug 15 2017 16:27:35 GMT+0800 (CST) ] time is 1243
[ Tue Aug 15 2017 16:27:35 GMT+0800 (CST) ] {"err":0,"msg":"JVfHSnDXVMMLd1iRqKS4mdkccgDQVCxVra"}
[ Tue Aug 15 2017 16:27:35 GMT+0800 (CST) ] time is 1248
[ Tue Aug 15 2017 16:27:35 GMT+0800 (CST) ] {"err":0,"msg":"JSoBnXvTF1bEVUM32Cwt5YwcK8ZUErDzeU"}
[ Tue Aug 15 2017 16:27:35 GMT+0800 (CST) ] time is 1252
[ Tue Aug 15 2017 16:27:35 GMT+0800 (CST) ] {"err":0,"msg":"JVD3xhvJJgfKusybXJQ1adEkpQ55LSRdx9"}
[ Tue Aug 15 2017 16:27:35 GMT+0800 (CST) ] time is 1247
[ Tue Aug 15 2017 16:27:35 GMT+0800 (CST) ] {"err":0,"msg":"JcawbvTKhA1m6odzvBvmRB38yUB4eRJ9HA"}
[ Tue Aug 15 2017 16:27:35 GMT+0800 (CST) ] time is 1244
[ Tue Aug 15 2017 16:27:35 GMT+0800 (CST) ] {"err":0,"msg":"JV6marNqqK8maXawFUVuokeSzwkFcRDkcX"}
[ Tue Aug 15 2017 16:27:35 GMT+0800 (CST) ] time is 1249
[ Tue Aug 15 2017 16:27:35 GMT+0800 (CST) ] {"err":0,"msg":"JVryWi378u842EYjRpetdVSSDoHxeC9scN"}
[ Tue Aug 15 2017 16:27:35 GMT+0800 (CST) ] time is 1253
[ Tue Aug 15 2017 16:27:35 GMT+0800 (CST) ] {"err":0,"msg":"JXhpive3eifiEjdDSKFggU6tBAYtw34Ffz"}
[ Tue Aug 15 2017 16:27:35 GMT+0800 (CST) ] time is 1248
[ Tue Aug 15 2017 16:27:35 GMT+0800 (CST) ] {"err":0,"msg":"JTNzF881q4L2gGDFHC6zQjozR7ynQTALNw"}
[ Tue Aug 15 2017 16:27:35 GMT+0800 (CST) ] time is 1245
[ Tue Aug 15 2017 16:27:35 GMT+0800 (CST) ] {"err":0,"msg":"JLHtJP1ghefu9tL4UfZgpnWrTC6JnXc2k7"}
[ Tue Aug 15 2017 16:27:35 GMT+0800 (CST) ] time is 1250
[ Tue Aug 15 2017 16:27:35 GMT+0800 (CST) ] {"err":0,"msg":"JWje9L6AGFwTd4dLerMK71bGhnGZVsrbyQ"}
[ Tue Aug 15 2017 16:27:35 GMT+0800 (CST) ] time is 1254
[ Tue Aug 15 2017 16:27:35 GMT+0800 (CST) ] {"err":0,"msg":"JYT2vziy1YU3GHhHjj9SjWCcczHuLDQGWS"}
[ Tue Aug 15 2017 16:27:35 GMT+0800 (CST) ] time is 1249
[ Tue Aug 15 2017 16:27:35 GMT+0800 (CST) ] {"err":0,"msg":"JPRSaKfaVMMChzo7MR14SbLQuXzDNHHrTo"}
[ Tue Aug 15 2017 16:27:35 GMT+0800 (CST) ] time is 1246
[ Tue Aug 15 2017 16:27:35 GMT+0800 (CST) ] {"err":0,"msg":"JVc7jdAD5BSdtB5kN1iPkU1MC1aj9VoA97"}
[ Tue Aug 15 2017 16:27:35 GMT+0800 (CST) ] time is 1251
[ Tue Aug 15 2017 16:27:35 GMT+0800 (CST) ] {"err":0,"msg":"JLwuQNbT4U4MDDAKmKxb8Q7k1vRypdCgVs"}
[ Tue Aug 15 2017 16:27:35 GMT+0800 (CST) ] time is 1255
[ Tue Aug 15 2017 16:27:35 GMT+0800 (CST) ] {"err":0,"msg":"JXkpkdqtoepHuU9mV18Twtbd9e9Wdyy7Va"}
[ Tue Aug 15 2017 16:27:35 GMT+0800 (CST) ] time is 1250
[ Tue Aug 15 2017 16:27:35 GMT+0800 (CST) ] {"err":0,"msg":"JUXKFJsefc795uUxZxBaujYm1vdSVa3zdD"}
[ Tue Aug 15 2017 16:27:35 GMT+0800 (CST) ] time is 1247
[ Tue Aug 15 2017 16:27:35 GMT+0800 (CST) ] {"err":0,"msg":"JXAvCA3xzaPzLFNEMQhukdyAFnoVZmf4MH"}
[ Tue Aug 15 2017 16:27:36 GMT+0800 (CST) ] time is 1252
[ Tue Aug 15 2017 16:27:36 GMT+0800 (CST) ] {"err":0,"msg":"JW7bi91tWSVX7EXDMrLo5oXVXRWva5mHbJ"}
[ Tue Aug 15 2017 16:27:36 GMT+0800 (CST) ] time is 1256
[ Tue Aug 15 2017 16:27:36 GMT+0800 (CST) ] {"err":0,"msg":"JMjD6eWsdKYJ5oDnU8iKP4Wj4Lf7tN2r3f"}
[ Tue Aug 15 2017 16:27:36 GMT+0800 (CST) ] time is 1251
[ Tue Aug 15 2017 16:27:36 GMT+0800 (CST) ] {"err":0,"msg":"JNu6R63L5Huggo8hyXrug5dBaPY58RtgzW"}
[ Tue Aug 15 2017 16:27:36 GMT+0800 (CST) ] time is 1248
[ Tue Aug 15 2017 16:27:36 GMT+0800 (CST) ] {"err":0,"msg":"JLmGpvMdA11fUiA373ieogDpcWi1X4BV5Y"}
[ Tue Aug 15 2017 16:27:36 GMT+0800 (CST) ] time is 1253
[ Tue Aug 15 2017 16:27:36 GMT+0800 (CST) ] {"err":0,"msg":"JhKdmCrn4ccTDHE3gaUYc4KuWbjrMbmvNH"}
[ Tue Aug 15 2017 16:27:36 GMT+0800 (CST) ] time is 1257
[ Tue Aug 15 2017 16:27:36 GMT+0800 (CST) ] {"err":0,"msg":"JUL956Ln66AMRttRWeWbs8VDLuZWX6Saqp"}
[ Tue Aug 15 2017 16:27:36 GMT+0800 (CST) ] time is 1252
[ Tue Aug 15 2017 16:27:36 GMT+0800 (CST) ] {"err":0,"msg":"JWti9QxpPeun7kYPec4F1jU7GE2kcef2eN"}
[ Tue Aug 15 2017 16:27:36 GMT+0800 (CST) ] time is 1249
[ Tue Aug 15 2017 16:27:36 GMT+0800 (CST) ] {"err":0,"msg":"JcZiaKgAd4uHHLR2KG64TXxdVDVu4CAucj"}
[ Tue Aug 15 2017 16:27:36 GMT+0800 (CST) ] time is 1254
[ Tue Aug 15 2017 16:27:36 GMT+0800 (CST) ] {"err":0,"msg":"JY6KhWH4Wybv2zP3CQQHUFVRtyBekghD6Z"}
[ Tue Aug 15 2017 16:27:36 GMT+0800 (CST) ] time is 1258
[ Tue Aug 15 2017 16:27:36 GMT+0800 (CST) ] {"err":0,"msg":"JVi7XGHvTPhVDozpmuY6AFdSrDynvRb6Ps"}
[ Tue Aug 15 2017 16:27:36 GMT+0800 (CST) ] time is 1253
[ Tue Aug 15 2017 16:27:36 GMT+0800 (CST) ] {"err":0,"msg":"JLUVUTDTiqV1Ds1agGWWhmTYGqK1mxSsaT"}
[ Tue Aug 15 2017 16:27:36 GMT+0800 (CST) ] time is 1255
[ Tue Aug 15 2017 16:27:36 GMT+0800 (CST) ] {"err":0,"msg":"JesZsdNbvbJGasZrmrZ4ukSyWjMkVrV9pt"}
[ Tue Aug 15 2017 16:27:36 GMT+0800 (CST) ] time is 1250
[ Tue Aug 15 2017 16:27:36 GMT+0800 (CST) ] {"err":0,"msg":"JNi7NCsEibZPFPBphUvZvrbVWVMEEnTPzF"}
[ Tue Aug 15 2017 16:27:36 GMT+0800 (CST) ] time is 1259
[ Tue Aug 15 2017 16:27:36 GMT+0800 (CST) ] {"err":0,"msg":"Jgcj3YG527N1HiCckW2yVbVEB52tQQDeTT"}
[ Tue Aug 15 2017 16:27:36 GMT+0800 (CST) ] time is 1254
[ Tue Aug 15 2017 16:27:36 GMT+0800 (CST) ] {"err":0,"msg":"JgkrkJoKtSRahHqQSEyKEbS54hakFTj57h"}
[ Tue Aug 15 2017 16:27:36 GMT+0800 (CST) ] time is 1256
[ Tue Aug 15 2017 16:27:36 GMT+0800 (CST) ] {"err":0,"msg":"JVAcvCwbovT5PPjziMzMh4FQiuRT65zFeb"}
[ Tue Aug 15 2017 16:27:36 GMT+0800 (CST) ] time is 1251
[ Tue Aug 15 2017 16:27:36 GMT+0800 (CST) ] {"err":0,"msg":"JZgLhCz23ZXs9UyoRySj6qtowg9L4uDhyR"}
[ Tue Aug 15 2017 16:27:36 GMT+0800 (CST) ] time is 1260
[ Tue Aug 15 2017 16:27:36 GMT+0800 (CST) ] {"err":0,"msg":"JgCyRzbs8XPxfxzBEf8gAqtRHkd1dehkDA"}
[ Tue Aug 15 2017 16:27:36 GMT+0800 (CST) ] time is 1255
[ Tue Aug 15 2017 16:27:36 GMT+0800 (CST) ] {"err":0,"msg":"JcJ7XA8M3nXDg3zp9Twef66KxkvqXqopyg"}
[ Tue Aug 15 2017 16:27:36 GMT+0800 (CST) ] time is 1257
[ Tue Aug 15 2017 16:27:36 GMT+0800 (CST) ] {"err":0,"msg":"JgfscEh9ZRyN8TdXWAUnFmQb6Eqgq9mFoA"}
[ Tue Aug 15 2017 16:27:36 GMT+0800 (CST) ] time is 1252
[ Tue Aug 15 2017 16:27:36 GMT+0800 (CST) ] {"err":0,"msg":"JMMiV37GUrQEEBywjfZgY3jVrNsp8U2anE"}
[ Tue Aug 15 2017 16:27:36 GMT+0800 (CST) ] time is 1261
[ Tue Aug 15 2017 16:27:36 GMT+0800 (CST) ] {"err":0,"msg":"JSodZUQN4FzwN6vP49Ri2Dp2urEAjDxiSH"}
[ Tue Aug 15 2017 16:27:36 GMT+0800 (CST) ] time is 1256
[ Tue Aug 15 2017 16:27:36 GMT+0800 (CST) ] {"err":0,"msg":"JWnMAHcG3M9J8zRTs8j5JNsnzkhuFZzic3"}
[ Tue Aug 15 2017 16:27:36 GMT+0800 (CST) ] time is 1253
[ Tue Aug 15 2017 16:27:36 GMT+0800 (CST) ] {"err":0,"msg":"JPXmoYtt4tnL4DYYYKdZfqmCJpYb9Yvpuh"}
[ Tue Aug 15 2017 16:27:36 GMT+0800 (CST) ] time is 1258
[ Tue Aug 15 2017 16:27:36 GMT+0800 (CST) ] {"err":0,"msg":"JgwfvYW3eN36kHfpXF5hS2xJx6e71pLf1v"}
[ Tue Aug 15 2017 16:27:36 GMT+0800 (CST) ] time is 1262
[ Tue Aug 15 2017 16:27:36 GMT+0800 (CST) ] {"err":0,"msg":"JKXvjFTZybdnzX76WHxrMvuZuCujHyfBiv"}
[ Tue Aug 15 2017 16:27:36 GMT+0800 (CST) ] time is 1257
[ Tue Aug 15 2017 16:27:36 GMT+0800 (CST) ] {"err":0,"msg":"JPHcD75HQv3iYNbFcWhrZZc4MQuJ5VKKYE"}
[ Tue Aug 15 2017 16:27:36 GMT+0800 (CST) ] time is 1254
[ Tue Aug 15 2017 16:27:36 GMT+0800 (CST) ] {"err":0,"msg":"JTh8NbpWjivaNNMtWdw6Jyyt2Pio77jJWz"}
[ Tue Aug 15 2017 16:27:36 GMT+0800 (CST) ] time is 1259
[ Tue Aug 15 2017 16:27:36 GMT+0800 (CST) ] {"err":0,"msg":"JMBUwEmcnxhcwvArZVG1vs8RFgnopvkXgu"}
[ Tue Aug 15 2017 16:27:36 GMT+0800 (CST) ] time is 1263
[ Tue Aug 15 2017 16:27:36 GMT+0800 (CST) ] {"err":0,"msg":"JXyfhN3gczNS2ptmbTPo4KBUjVB1z55D2q"}
[ Tue Aug 15 2017 16:27:36 GMT+0800 (CST) ] time is 1258
[ Tue Aug 15 2017 16:27:36 GMT+0800 (CST) ] {"err":0,"msg":"JMi5eMGTmgwadRbBmK6ZGVzhozKmNks3Ds"}
[ Tue Aug 15 2017 16:27:36 GMT+0800 (CST) ] time is 1260
[ Tue Aug 15 2017 16:27:36 GMT+0800 (CST) ] {"err":0,"msg":"JU5DM8QZWkaKfZFydMRmy5yPXqKZ73LPM6"}
[ Tue Aug 15 2017 16:27:36 GMT+0800 (CST) ] time is 1255
[ Tue Aug 15 2017 16:27:36 GMT+0800 (CST) ] {"err":0,"msg":"JYJzkiNeTxsdVAUuWy6zTEqpTJxoRTSJ6D"}
[ Tue Aug 15 2017 16:27:36 GMT+0800 (CST) ] time is 1264
[ Tue Aug 15 2017 16:27:36 GMT+0800 (CST) ] {"err":0,"msg":"JVTfjbTjNXzR7anEoEbtrCs5E4ProQ78dk"}
[ Tue Aug 15 2017 16:27:36 GMT+0800 (CST) ] time is 1259
[ Tue Aug 15 2017 16:27:36 GMT+0800 (CST) ] {"err":0,"msg":"JKtGa2scWsLSdHEGswUX7GhY7piFM2mvuq"}
[ Tue Aug 15 2017 16:27:36 GMT+0800 (CST) ] time is 1261
[ Tue Aug 15 2017 16:27:36 GMT+0800 (CST) ] {"err":0,"msg":"JLFGbamDda1P5MTb9A9efZsYaQo2aVSBAc"}
[ Tue Aug 15 2017 16:27:36 GMT+0800 (CST) ] time is 1256
[ Tue Aug 15 2017 16:27:36 GMT+0800 (CST) ] {"err":0,"msg":"JQbd6RMo4thdQQ1iXNsapYSJPTff3fsDjL"}
[ Tue Aug 15 2017 16:27:36 GMT+0800 (CST) ] time is 1265
[ Tue Aug 15 2017 16:27:36 GMT+0800 (CST) ] {"err":0,"msg":"JUNcKUE9gvA8FyZokNtNndZCuPaFvtMUnn"}
[ Tue Aug 15 2017 16:27:36 GMT+0800 (CST) ] time is 1260
[ Tue Aug 15 2017 16:27:36 GMT+0800 (CST) ] {"err":0,"msg":"JP1ppsB7spoK2ukiwnFF5p9NfqZuNCxmT2"}
[ Tue Aug 15 2017 16:27:36 GMT+0800 (CST) ] time is 1262
[ Tue Aug 15 2017 16:27:36 GMT+0800 (CST) ] {"err":0,"msg":"JK8pwsifayAAVzpRbdiLdxe9PbUA9rJtA7"}
[ Tue Aug 15 2017 16:27:36 GMT+0800 (CST) ] time is 1257
[ Tue Aug 15 2017 16:27:36 GMT+0800 (CST) ] {"err":0,"msg":"JXT3oFnsFP366BJh3yGCbGkFRxkCmb3coe"}
[ Tue Aug 15 2017 16:27:36 GMT+0800 (CST) ] time is 1266
[ Tue Aug 15 2017 16:27:36 GMT+0800 (CST) ] {"err":0,"msg":"Je6WtSh1LbAfsdE82U1js7etGACEXyWEfV"}
[ Tue Aug 15 2017 16:27:36 GMT+0800 (CST) ] time is 1261
[ Tue Aug 15 2017 16:27:36 GMT+0800 (CST) ] {"err":0,"msg":"JLQMLMxe1CqaM8zaEG6DjzowLuhFpQjDAm"}
[ Tue Aug 15 2017 16:27:36 GMT+0800 (CST) ] time is 1263
[ Tue Aug 15 2017 16:27:36 GMT+0800 (CST) ] {"err":0,"msg":"JbnRLECVjoKnnpveKvxq5Db5cVGaLVsdj3"}
[ Tue Aug 15 2017 16:27:36 GMT+0800 (CST) ] time is 1258
[ Tue Aug 15 2017 16:27:36 GMT+0800 (CST) ] {"err":0,"msg":"JZv9db8LFzsENajM2qrpsgDfj1vyPB7UkC"}
[ Tue Aug 15 2017 16:27:36 GMT+0800 (CST) ] time is 1267
[ Tue Aug 15 2017 16:27:36 GMT+0800 (CST) ] {"err":0,"msg":"JLbYXD7JneuWFYpc1V9NPfzSBtuMzFMZcw"}
[ Tue Aug 15 2017 16:27:36 GMT+0800 (CST) ] time is 1262
[ Tue Aug 15 2017 16:27:36 GMT+0800 (CST) ] {"err":0,"msg":"JbYqVq2gAxfm1R2WQNzKKe87apDoqBNikV"}
[ Tue Aug 15 2017 16:27:36 GMT+0800 (CST) ] time is 1264
[ Tue Aug 15 2017 16:27:36 GMT+0800 (CST) ] {"err":0,"msg":"JJiMi41zZhDFx872iBwpMJShKMGueaGUwD"}
[ Tue Aug 15 2017 16:27:36 GMT+0800 (CST) ] time is 1259
[ Tue Aug 15 2017 16:27:36 GMT+0800 (CST) ] {"err":0,"msg":"Jd31W8nfcovQd7GNWC8upYyatoigpAzZfL"}
[ Tue Aug 15 2017 16:27:36 GMT+0800 (CST) ] time is 1268
[ Tue Aug 15 2017 16:27:36 GMT+0800 (CST) ] {"err":0,"msg":"JYHaHtwn5Q3ZSFByM7oG8VxXpGcvn1VVxs"}
[ Tue Aug 15 2017 16:27:36 GMT+0800 (CST) ] time is 1263
[ Tue Aug 15 2017 16:27:36 GMT+0800 (CST) ] {"err":0,"msg":"JLGxgqwhPXH6AgUrhamweSaoGCxsVwKo2p"}
[ Tue Aug 15 2017 16:27:36 GMT+0800 (CST) ] time is 1265
[ Tue Aug 15 2017 16:27:36 GMT+0800 (CST) ] {"err":0,"msg":"JW3VxXbNMMQjHxLqgCgGs7wwQVbaYxVi81"}
[ Tue Aug 15 2017 16:27:36 GMT+0800 (CST) ] time is 1260
[ Tue Aug 15 2017 16:27:36 GMT+0800 (CST) ] {"err":0,"msg":"JUd2jGjsUasVynwSomgJwNZxyDXvxzhCXx"}
[ Tue Aug 15 2017 16:27:36 GMT+0800 (CST) ] time is 1269
[ Tue Aug 15 2017 16:27:36 GMT+0800 (CST) ] {"err":0,"msg":"JNh9gP3tUgxFKpk8VYEMqCagjXdSjZktiB"}
[ Tue Aug 15 2017 16:27:36 GMT+0800 (CST) ] time is 1264
[ Tue Aug 15 2017 16:27:36 GMT+0800 (CST) ] {"err":0,"msg":"JUehgoqkfQ4qJ163vU6Rz9QAUB5uzCSwru"}
[ Tue Aug 15 2017 16:27:36 GMT+0800 (CST) ] time is 1266
[ Tue Aug 15 2017 16:27:36 GMT+0800 (CST) ] {"err":0,"msg":"JRn7KXXkzX6Rvp4Y7hST4YtvXdbq8bm8ZY"}
[ Tue Aug 15 2017 16:27:36 GMT+0800 (CST) ] time is 1261
[ Tue Aug 15 2017 16:27:36 GMT+0800 (CST) ] {"err":0,"msg":"JeBsNTELxpqBBp1cGyMFy3BuzsTqPmPJ1F"}
[ Tue Aug 15 2017 16:27:36 GMT+0800 (CST) ] time is 1270
[ Tue Aug 15 2017 16:27:36 GMT+0800 (CST) ] {"err":0,"msg":"JWzc7ojb1wu7bF889jGcFFPxHWimdcLJsc"}
[ Tue Aug 15 2017 16:27:36 GMT+0800 (CST) ] {"err":0,"msg":"JVdJ2CsVps5vmAys3QptetvawNRvmnj8qQ"}
[ Tue Aug 15 2017 16:27:36 GMT+0800 (CST) ] time is 1265
[ Tue Aug 15 2017 16:27:36 GMT+0800 (CST) ] time is 1267
[ Tue Aug 15 2017 16:27:36 GMT+0800 (CST) ] {"err":0,"msg":"JYnh3SN2xYFACkcayvNngjVPSeoiLfJhSW"}
[ Tue Aug 15 2017 16:27:36 GMT+0800 (CST) ] time is 1262
[ Tue Aug 15 2017 16:27:36 GMT+0800 (CST) ] {"err":0,"msg":"JcFotrD2PNadFCTMHizFsZniPb2jrDJTrr"}
[ Tue Aug 15 2017 16:27:36 GMT+0800 (CST) ] time is 1271
[ Tue Aug 15 2017 16:27:36 GMT+0800 (CST) ] {"err":0,"msg":"JUREQCr9dkoVBPymrcALFWBeTuT3UjRMFR"}
[ Tue Aug 15 2017 16:27:36 GMT+0800 (CST) ] time is 1266
[ Tue Aug 15 2017 16:27:36 GMT+0800 (CST) ] {"err":0,"msg":"JPgAJSaSvqZF8iK1E5jkZkq6JcSGc2fMX9"}
[ Tue Aug 15 2017 16:27:36 GMT+0800 (CST) ] time is 1268
[ Tue Aug 15 2017 16:27:36 GMT+0800 (CST) ] {"err":0,"msg":"Jc9jktUGzZapryTvmFtEQKNM2JGqfrwscS"}
[ Tue Aug 15 2017 16:27:36 GMT+0800 (CST) ] time is 1263
[ Tue Aug 15 2017 16:27:36 GMT+0800 (CST) ] {"err":0,"msg":"Jfr3uo7hmPHS53YtcQgbrCirwv5cegJphq"}
[ Tue Aug 15 2017 16:27:36 GMT+0800 (CST) ] time is 1272
[ Tue Aug 15 2017 16:27:36 GMT+0800 (CST) ] {"err":0,"msg":"JgwCPMBgiHWNhEQ4CXoR3RE6vrPZyPj4UD"}
[ Tue Aug 15 2017 16:27:36 GMT+0800 (CST) ] {"err":0,"msg":"JQE6uLLptV2hDRqoEf95iSCBC9YqF5THr5"}
[ Tue Aug 15 2017 16:27:36 GMT+0800 (CST) ] time is 1267
[ Tue Aug 15 2017 16:27:36 GMT+0800 (CST) ] time is 1269
[ Tue Aug 15 2017 16:27:36 GMT+0800 (CST) ] {"err":0,"msg":"JgbXQzUuSsmd3eEEDGJQPKnsbaXbiQ3Q41"}
[ Tue Aug 15 2017 16:27:36 GMT+0800 (CST) ] time is 1264
[ Tue Aug 15 2017 16:27:36 GMT+0800 (CST) ] {"err":0,"msg":"JcFV8v9Pb2oWVAYEZ2xAESts8fKF2yuraL"}
[ Tue Aug 15 2017 16:27:36 GMT+0800 (CST) ] time is 1273
[ Tue Aug 15 2017 16:27:36 GMT+0800 (CST) ] {"err":0,"msg":"JLpjwP29xJF3SeBfq8RpvG6QmdYknhhZTr"}
[ Tue Aug 15 2017 16:27:36 GMT+0800 (CST) ] time is 1268
[ Tue Aug 15 2017 16:27:36 GMT+0800 (CST) ] {"err":0,"msg":"JTZDRkeon5qaxVDsjtCd8f2zfUxboUkc4B"}
[ Tue Aug 15 2017 16:27:36 GMT+0800 (CST) ] time is 1270
[ Tue Aug 15 2017 16:27:36 GMT+0800 (CST) ] {"err":0,"msg":"JKB6ihiScrPQCgNDd18BU4kuRhXMSgBKyo"}
[ Tue Aug 15 2017 16:27:36 GMT+0800 (CST) ] time is 1265
[ Tue Aug 15 2017 16:27:36 GMT+0800 (CST) ] {"err":0,"msg":"JdnB4FqmJ6C3zyE8rF6ao9oFafj8o8ZRTL"}
[ Tue Aug 15 2017 16:27:36 GMT+0800 (CST) ] time is 1274
[ Tue Aug 15 2017 16:27:36 GMT+0800 (CST) ] {"err":0,"msg":"JVbPqfPMKa6dhkoShSgsZwbSwGKvr6nayG"}
[ Tue Aug 15 2017 16:27:36 GMT+0800 (CST) ] time is 1269
[ Tue Aug 15 2017 16:27:36 GMT+0800 (CST) ] {"err":0,"msg":"JVr5u34DGGe9dHR5gsvu3vdVFxZmJ9KqfD"}
[ Tue Aug 15 2017 16:27:36 GMT+0800 (CST) ] time is 1271
[ Tue Aug 15 2017 16:27:36 GMT+0800 (CST) ] {"err":0,"msg":"JgpjEs7Ac2yNWLAe7JiiS9YpgSnENc8hQ3"}
[ Tue Aug 15 2017 16:27:36 GMT+0800 (CST) ] time is 1266
[ Tue Aug 15 2017 16:27:36 GMT+0800 (CST) ] {"err":0,"msg":"JT9X9j4bSLhAscitf42jA3VS1rWpzxaoCA"}
[ Tue Aug 15 2017 16:27:37 GMT+0800 (CST) ] {"err":0,"msg":"JSQkfNha69VLaeqA6nqBQ173ATukVkU6TY"}
[ Tue Aug 15 2017 16:27:37 GMT+0800 (CST) ] time is 1275
[ Tue Aug 15 2017 16:27:37 GMT+0800 (CST) ] time is 1270
[ Tue Aug 15 2017 16:27:37 GMT+0800 (CST) ] {"err":0,"msg":"JaGgXXBJpv1KqJNzvfaUYDPg4q5iS59t9j"}
[ Tue Aug 15 2017 16:27:37 GMT+0800 (CST) ] time is 1272
[ Tue Aug 15 2017 16:27:37 GMT+0800 (CST) ] {"err":0,"msg":"JV5eVDh9hwM1KUAksbN1puo6aCCvXDLUXi"}
[ Tue Aug 15 2017 16:27:37 GMT+0800 (CST) ] time is 1267
[ Tue Aug 15 2017 16:27:37 GMT+0800 (CST) ] {"err":0,"msg":"JbJUgDJScDobhnfr22vZtYmfuCFCNFiWjh"}
[ Tue Aug 15 2017 16:27:37 GMT+0800 (CST) ] time is 1276
[ Tue Aug 15 2017 16:27:37 GMT+0800 (CST) ] {"err":0,"msg":"JL1NsPzXxip8UYhkJqPpF4THNGm3NSygZH"}
[ Tue Aug 15 2017 16:27:37 GMT+0800 (CST) ] time is 1271
[ Tue Aug 15 2017 16:27:37 GMT+0800 (CST) ] {"err":0,"msg":"JZovxNJomHFPDGpFKCpwrRnMwZECBF67T5"}
[ Tue Aug 15 2017 16:27:37 GMT+0800 (CST) ] time is 1273
[ Tue Aug 15 2017 16:27:37 GMT+0800 (CST) ] {"err":0,"msg":"JJaWk2mreWQJtPgFdCQEW6xEuShU9ZPKZB"}
[ Tue Aug 15 2017 16:27:37 GMT+0800 (CST) ] time is 1268
[ Tue Aug 15 2017 16:27:37 GMT+0800 (CST) ] {"err":0,"msg":"JYm53SVxcgtECXP7HQpZoFg8Z8GScD8Vvc"}
[ Tue Aug 15 2017 16:27:37 GMT+0800 (CST) ] time is 1277
[ Tue Aug 15 2017 16:27:37 GMT+0800 (CST) ] {"err":0,"msg":"JWGpqZq3xYMStR1DvHvUU47YBFSsq1K9yY"}
[ Tue Aug 15 2017 16:27:37 GMT+0800 (CST) ] time is 1272
[ Tue Aug 15 2017 16:27:37 GMT+0800 (CST) ] {"err":0,"msg":"JQDNNFLudZRYgoUzQzZ1gkBwkvjyVMZwNM"}
[ Tue Aug 15 2017 16:27:37 GMT+0800 (CST) ] time is 1274
[ Tue Aug 15 2017 16:27:37 GMT+0800 (CST) ] {"err":0,"msg":"JRCz1pZ6T33h3rJn2Aig2cX8Qu2XVP6vs6"}
[ Tue Aug 15 2017 16:27:37 GMT+0800 (CST) ] time is 1269
[ Tue Aug 15 2017 16:27:37 GMT+0800 (CST) ] {"err":0,"msg":"JLZTNUZ5CX2tJYo2dm6EMuYZAmDzqQG5WM"}
[ Tue Aug 15 2017 16:27:37 GMT+0800 (CST) ] time is 1278
[ Tue Aug 15 2017 16:27:37 GMT+0800 (CST) ] {"err":0,"msg":"JKkabWt9i5gSrSTegGyd5CptTLeSpW34E5"}
[ Tue Aug 15 2017 16:27:37 GMT+0800 (CST) ] time is 1273
[ Tue Aug 15 2017 16:27:37 GMT+0800 (CST) ] {"err":0,"msg":"JSAJ1sdjK4fczUnhtqjwwV11oteiW6J6Sn"}
[ Tue Aug 15 2017 16:27:37 GMT+0800 (CST) ] time is 1275
[ Tue Aug 15 2017 16:27:37 GMT+0800 (CST) ] {"err":0,"msg":"JQgo8fm3y32JNjcxsdJs6kJ3tkuuhexght"}
[ Tue Aug 15 2017 16:27:37 GMT+0800 (CST) ] time is 1270
[ Tue Aug 15 2017 16:27:37 GMT+0800 (CST) ] {"err":0,"msg":"JZDFDProBirtSstJnE3PGTaLmxYtLLRdyn"}
[ Tue Aug 15 2017 16:27:37 GMT+0800 (CST) ] time is 1279
[ Tue Aug 15 2017 16:27:37 GMT+0800 (CST) ] {"err":0,"msg":"JcbCsy2vaRqLMfpwPXHdGN5W9bqDexsrt2"}
[ Tue Aug 15 2017 16:27:37 GMT+0800 (CST) ] time is 1274
[ Tue Aug 15 2017 16:27:37 GMT+0800 (CST) ] {"err":0,"msg":"Jg3BVL9sBzPGaqW9kDPZVMW5oMBppQAWFi"}
[ Tue Aug 15 2017 16:27:37 GMT+0800 (CST) ] time is 1276
[ Tue Aug 15 2017 16:27:37 GMT+0800 (CST) ] {"err":0,"msg":"JcZYH7QVcWbrv12rLpKNaeV5wyLfg47KbA"}
[ Tue Aug 15 2017 16:27:37 GMT+0800 (CST) ] time is 1271
[ Tue Aug 15 2017 16:27:37 GMT+0800 (CST) ] {"err":0,"msg":"JemG4fVYguQKUwyxW2Tn1VwQS8tnQhxmh1"}
[ Tue Aug 15 2017 16:27:37 GMT+0800 (CST) ] time is 1280
[ Tue Aug 15 2017 16:27:37 GMT+0800 (CST) ] {"err":0,"msg":"JPzJPzsUSNBgRnqLtQC1hxyWvahyyiACSQ"}
[ Tue Aug 15 2017 16:27:37 GMT+0800 (CST) ] time is 1277
[ Tue Aug 15 2017 16:27:37 GMT+0800 (CST) ] {"err":0,"msg":"JTCY9JFioQqSy6KQAL3b8PCnmb3cKmvrcK"}
[ Tue Aug 15 2017 16:27:37 GMT+0800 (CST) ] time is 1275
[ Tue Aug 15 2017 16:27:37 GMT+0800 (CST) ] {"err":0,"msg":"JdQ2YajwoWDRrXxE4h9JZNnvJ9SEKCcP42"}
[ Tue Aug 15 2017 16:27:37 GMT+0800 (CST) ] time is 1272
[ Tue Aug 15 2017 16:27:37 GMT+0800 (CST) ] {"err":0,"msg":"JMkQdH8DPzLEkRmad71HLmHLZNQQkDRva3"}
[ Tue Aug 15 2017 16:27:37 GMT+0800 (CST) ] time is 1281
[ Tue Aug 15 2017 16:27:37 GMT+0800 (CST) ] {"err":0,"msg":"JWLX8JiJ3gK6WpfNzfMrY7wEqytoV2hYXv"}
[ Tue Aug 15 2017 16:27:37 GMT+0800 (CST) ] time is 1278
[ Tue Aug 15 2017 16:27:37 GMT+0800 (CST) ] {"err":0,"msg":"JUdLspPcz28vqNdsFvv6QZRM3NNquGHTTF"}
[ Tue Aug 15 2017 16:27:37 GMT+0800 (CST) ] time is 1276
[ Tue Aug 15 2017 16:27:37 GMT+0800 (CST) ] {"err":0,"msg":"JNc5QJXQDMUojRxrKwTJDcNa9SJ4wW1WGz"}
[ Tue Aug 15 2017 16:27:37 GMT+0800 (CST) ] time is 1273
[ Tue Aug 15 2017 16:27:37 GMT+0800 (CST) ] {"err":0,"msg":"JVbDacBvEiuJ1yogcYFPekrvniBZvi7CpH"}
[ Tue Aug 15 2017 16:27:37 GMT+0800 (CST) ] time is 1282
[ Tue Aug 15 2017 16:27:37 GMT+0800 (CST) ] {"err":0,"msg":"JYfUeggmuBENqBQC7a1NumWNRyokutEXyP"}
[ Tue Aug 15 2017 16:27:37 GMT+0800 (CST) ] time is 1279
[ Tue Aug 15 2017 16:27:37 GMT+0800 (CST) ] {"err":0,"msg":"JPqDGGhAQNwJbLUe3o95QQuKwjDa2wnR8z"}
[ Tue Aug 15 2017 16:27:37 GMT+0800 (CST) ] time is 1277
[ Tue Aug 15 2017 16:27:37 GMT+0800 (CST) ] {"err":0,"msg":"JhNurkRzrZzhDK3L17WoKhom85SSaFJVHn"}
[ Tue Aug 15 2017 16:27:37 GMT+0800 (CST) ] time is 1274
[ Tue Aug 15 2017 16:27:37 GMT+0800 (CST) ] {"err":0,"msg":"JLUk1sUDQj6kjjasUTpMwkLZ8XxrkoiCDo"}
[ Tue Aug 15 2017 16:27:37 GMT+0800 (CST) ] time is 1283
[ Tue Aug 15 2017 16:27:37 GMT+0800 (CST) ] {"err":0,"msg":"JaiCuJBwsc3HU5EbTYhU9GZJPSeHf4wW5R"}
[ Tue Aug 15 2017 16:27:37 GMT+0800 (CST) ] time is 1280
[ Tue Aug 15 2017 16:27:37 GMT+0800 (CST) ] {"err":0,"msg":"Ja4npvc21jnkTjmDaWt28H5sVAcHzWdnd2"}
[ Tue Aug 15 2017 16:27:37 GMT+0800 (CST) ] time is 1278
[ Tue Aug 15 2017 16:27:37 GMT+0800 (CST) ] {"err":0,"msg":"JKs4v3uBu2xu1kvHUP4wco7ki8KrW1ticn"}
[ Tue Aug 15 2017 16:27:37 GMT+0800 (CST) ] time is 1275
[ Tue Aug 15 2017 16:27:37 GMT+0800 (CST) ] {"err":0,"msg":"JRtrqNoAqmX8j63xXrn7L1EXXAprATv1kh"}
[ Tue Aug 15 2017 16:27:37 GMT+0800 (CST) ] time is 1284
[ Tue Aug 15 2017 16:27:37 GMT+0800 (CST) ] {"err":0,"msg":"JLWHRN5ZdmV9wES9mKhBkwSqQ5LJu1j9zk"}
[ Tue Aug 15 2017 16:27:37 GMT+0800 (CST) ] time is 1281
[ Tue Aug 15 2017 16:27:37 GMT+0800 (CST) ] {"err":0,"msg":"JdSnqNRGbnW5AXi73QFBnGAHGVkF91mLNk"}
[ Tue Aug 15 2017 16:27:37 GMT+0800 (CST) ] time is 1279
[ Tue Aug 15 2017 16:27:37 GMT+0800 (CST) ] {"err":0,"msg":"JNKEuRgDBk712R4vdeqp5Aw35eoCehRBYs"}
[ Tue Aug 15 2017 16:27:37 GMT+0800 (CST) ] time is 1276
[ Tue Aug 15 2017 16:27:37 GMT+0800 (CST) ] {"err":0,"msg":"JPqNv6H2CYCyMmToF4yxZkUMUdsDMtCcPw"}
[ Tue Aug 15 2017 16:27:37 GMT+0800 (CST) ] time is 1285
[ Tue Aug 15 2017 16:27:37 GMT+0800 (CST) ] {"err":0,"msg":"JS7eedaPAfppG4e4E4AxA4cSnrBuTSCxVx"}
[ Tue Aug 15 2017 16:27:37 GMT+0800 (CST) ] time is 1282
[ Tue Aug 15 2017 16:27:37 GMT+0800 (CST) ] {"err":0,"msg":"JbVasDpZ5QKq9czq4SXvF9JTMz3StnuCjx"}
[ Tue Aug 15 2017 16:27:37 GMT+0800 (CST) ] time is 1280
[ Tue Aug 15 2017 16:27:37 GMT+0800 (CST) ] {"err":0,"msg":"JhmuyjCv3LMGfboSYRmb6qE4V6moxZAZQh"}
[ Tue Aug 15 2017 16:27:37 GMT+0800 (CST) ] time is 1277
[ Tue Aug 15 2017 16:27:37 GMT+0800 (CST) ] {"err":0,"msg":"Jeksdu6NYpN1E1kBfQryzaEKUevoX1g9FV"}
[ Tue Aug 15 2017 16:27:37 GMT+0800 (CST) ] time is 1286
[ Tue Aug 15 2017 16:27:37 GMT+0800 (CST) ] {"err":0,"msg":"JMS7jzvZMDdNyg9vitNcjPP6uQoEJz58B5"}
[ Tue Aug 15 2017 16:27:37 GMT+0800 (CST) ] time is 1283
[ Tue Aug 15 2017 16:27:37 GMT+0800 (CST) ] {"err":0,"msg":"JKBtWkV4epg1DdYSW3HfAydSEehv1zNykB"}
[ Tue Aug 15 2017 16:27:37 GMT+0800 (CST) ] time is 1281
[ Tue Aug 15 2017 16:27:37 GMT+0800 (CST) ] {"err":0,"msg":"JSR1YZweeaxNgZyo3YwWat5vyRhnsRySki"}
[ Tue Aug 15 2017 16:27:37 GMT+0800 (CST) ] time is 1278
[ Tue Aug 15 2017 16:27:37 GMT+0800 (CST) ] {"err":0,"msg":"JendxWGvhUWsakJ4ysCQSybp88owY8XsYn"}
[ Tue Aug 15 2017 16:27:37 GMT+0800 (CST) ] time is 1287
[ Tue Aug 15 2017 16:27:37 GMT+0800 (CST) ] {"err":0,"msg":"Jes4EUZwVCKuSEhCR2y1wQQmx6dcvBmrMh"}
[ Tue Aug 15 2017 16:27:37 GMT+0800 (CST) ] time is 1284
[ Tue Aug 15 2017 16:27:37 GMT+0800 (CST) ] {"err":0,"msg":"JdPzKpNfogbWzQRVZhDwtTNQNTqU9iQSeH"}
[ Tue Aug 15 2017 16:27:37 GMT+0800 (CST) ] time is 1282
[ Tue Aug 15 2017 16:27:37 GMT+0800 (CST) ] {"err":0,"msg":"JZfKdoXTKcK3APd6YssJETTKTVaQpUtTH8"}
[ Tue Aug 15 2017 16:27:37 GMT+0800 (CST) ] time is 1279
[ Tue Aug 15 2017 16:27:37 GMT+0800 (CST) ] {"err":0,"msg":"Jh425shEJ9g52TbAbszbzRbZZne1Y6zbDQ"}
[ Tue Aug 15 2017 16:27:37 GMT+0800 (CST) ] time is 1288
[ Tue Aug 15 2017 16:27:37 GMT+0800 (CST) ] {"err":0,"msg":"JZGU6V4TekhBtkHDXBqQ13rR1yeUFnrkB7"}
[ Tue Aug 15 2017 16:27:37 GMT+0800 (CST) ] time is 1285
[ Tue Aug 15 2017 16:27:37 GMT+0800 (CST) ] {"err":0,"msg":"JK1YNWeVND8Msd9AdDgXLRCAs2oWS6akzd"}
[ Tue Aug 15 2017 16:27:37 GMT+0800 (CST) ] time is 1283
[ Tue Aug 15 2017 16:27:37 GMT+0800 (CST) ] {"err":0,"msg":"JVTAQKXUDZkmf6TDncKiJrHXeSRTLkbwUR"}
[ Tue Aug 15 2017 16:27:37 GMT+0800 (CST) ] time is 1280
[ Tue Aug 15 2017 16:27:37 GMT+0800 (CST) ] {"err":0,"msg":"JeMgZBYhdw9Q2kK2yuCFcxprBxauRWag4D"}
[ Tue Aug 15 2017 16:27:37 GMT+0800 (CST) ] time is 1289
[ Tue Aug 15 2017 16:27:37 GMT+0800 (CST) ] {"err":0,"msg":"JS395LNUPdDfUpEGv9u6CvpUFDuptUj1tL"}
[ Tue Aug 15 2017 16:27:37 GMT+0800 (CST) ] time is 1286
[ Tue Aug 15 2017 16:27:37 GMT+0800 (CST) ] {"err":0,"msg":"JKkLPUD5VMTFkE3of4nNVA2Rbuet94Q7eX"}
[ Tue Aug 15 2017 16:27:37 GMT+0800 (CST) ] time is 1284
[ Tue Aug 15 2017 16:27:37 GMT+0800 (CST) ] {"err":0,"msg":"JZBDWEsCtX7mWiA1dYVbKzatEwBdMaXvVh"}
[ Tue Aug 15 2017 16:27:37 GMT+0800 (CST) ] time is 1281
[ Tue Aug 15 2017 16:27:37 GMT+0800 (CST) ] {"err":0,"msg":"JMK2hxZ8yGKcohzXdbmXdN5Q6ttxtDG2Do"}
[ Tue Aug 15 2017 16:27:37 GMT+0800 (CST) ] time is 1290
[ Tue Aug 15 2017 16:27:37 GMT+0800 (CST) ] {"err":0,"msg":"JJadxKM4LgEMKE4HvLZocRFNxuush74qH8"}
[ Tue Aug 15 2017 16:27:37 GMT+0800 (CST) ] time is 1287
[ Tue Aug 15 2017 16:27:37 GMT+0800 (CST) ] {"err":0,"msg":"JfcUvXTNBcrb8Y3DLqJAK5piu21SudX32a"}
[ Tue Aug 15 2017 16:27:37 GMT+0800 (CST) ] time is 1285
[ Tue Aug 15 2017 16:27:37 GMT+0800 (CST) ] {"err":0,"msg":"JS5ZSkGS2wfA37dvMGd1Qa49yL2CvZpovz"}
[ Tue Aug 15 2017 16:27:37 GMT+0800 (CST) ] time is 1282
[ Tue Aug 15 2017 16:27:37 GMT+0800 (CST) ] {"err":0,"msg":"JU1mPn8gtY6FQWeVn5ogt4y1Zd5pb59Dk3"}
[ Tue Aug 15 2017 16:27:37 GMT+0800 (CST) ] time is 1291
[ Tue Aug 15 2017 16:27:37 GMT+0800 (CST) ] {"err":0,"msg":"JKQF6rPPNC3yQRDHfQmk7fgih3ikYTdYW4"}
[ Tue Aug 15 2017 16:27:37 GMT+0800 (CST) ] time is 1288
[ Tue Aug 15 2017 16:27:37 GMT+0800 (CST) ] {"err":0,"msg":"JeVtrfc1cwhj5uCERGfSG7FB8FM4TTqW5A"}
[ Tue Aug 15 2017 16:27:37 GMT+0800 (CST) ] time is 1286
[ Tue Aug 15 2017 16:27:37 GMT+0800 (CST) ] {"err":0,"msg":"JZ38eE9psaWzyKfp6pwyDa72C3SpaZwTjs"}
[ Tue Aug 15 2017 16:27:37 GMT+0800 (CST) ] time is 1283
[ Tue Aug 15 2017 16:27:37 GMT+0800 (CST) ] {"err":0,"msg":"JXNpjyLQtEyjvGGzLosUidWQKLmsFzZVK8"}
[ Tue Aug 15 2017 16:27:37 GMT+0800 (CST) ] time is 1292
[ Tue Aug 15 2017 16:27:37 GMT+0800 (CST) ] {"err":0,"msg":"JdMe8GKwrLHAKHzfoYBh4QGxuRvk4B3TpK"}
[ Tue Aug 15 2017 16:27:37 GMT+0800 (CST) ] time is 1289
[ Tue Aug 15 2017 16:27:37 GMT+0800 (CST) ] {"err":0,"msg":"JZ6igMVc9GMnJGuvwqSoqBeHKxL4Kj188d"}
[ Tue Aug 15 2017 16:27:37 GMT+0800 (CST) ] time is 1287
[ Tue Aug 15 2017 16:27:37 GMT+0800 (CST) ] {"err":0,"msg":"JUTyMhzgFok2JYkrQosknzjKzst4LY9pcb"}
[ Tue Aug 15 2017 16:27:37 GMT+0800 (CST) ] time is 1284
[ Tue Aug 15 2017 16:27:37 GMT+0800 (CST) ] {"err":0,"msg":"JaV5JKk8aYoZjxtfBCBzVuue6UaCoXH7qz"}
[ Tue Aug 15 2017 16:27:37 GMT+0800 (CST) ] time is 1293
[ Tue Aug 15 2017 16:27:37 GMT+0800 (CST) ] {"err":0,"msg":"JVBNGXnboLbXdPtc7H8XtZ2N7PLcQPDCjV"}
[ Tue Aug 15 2017 16:27:37 GMT+0800 (CST) ] {"err":0,"msg":"JRJnDgiktrDtbURZD14A4SAGQgajPFY2mh"}
[ Tue Aug 15 2017 16:27:37 GMT+0800 (CST) ] time is 1290
[ Tue Aug 15 2017 16:27:38 GMT+0800 (CST) ] time is 1288
[ Tue Aug 15 2017 16:27:38 GMT+0800 (CST) ] {"err":0,"msg":"Ja3rQGSZSmoYSTuEPpDxwxdYR2c2ADZsj1"}
[ Tue Aug 15 2017 16:27:38 GMT+0800 (CST) ] time is 1285
[ Tue Aug 15 2017 16:27:38 GMT+0800 (CST) ] {"err":0,"msg":"JUA9ZDgH486iMg23un8yMybd1UQXdg7Y1K"}
[ Tue Aug 15 2017 16:27:38 GMT+0800 (CST) ] time is 1291
[ Tue Aug 15 2017 16:27:38 GMT+0800 (CST) ] {"err":0,"msg":"JSRsTf957r3DJxhGNrfAav3EU466wBHwvR"}
[ Tue Aug 15 2017 16:27:38 GMT+0800 (CST) ] time is 1294
[ Tue Aug 15 2017 16:27:38 GMT+0800 (CST) ] time is 1289
[ Tue Aug 15 2017 16:27:38 GMT+0800 (CST) ] {"err":0,"msg":"JMV2d5mwKwDGnrhRt59S6SyfdUNEgtD8gY"}
[ Tue Aug 15 2017 16:27:38 GMT+0800 (CST) ] {"err":0,"msg":"JdZ9BE7sW6BzR5x3sZtrra6svbVVzJnhZD"}
[ Tue Aug 15 2017 16:27:38 GMT+0800 (CST) ] time is 1292
[ Tue Aug 15 2017 16:27:38 GMT+0800 (CST) ] {"err":0,"msg":"JPScWndMPLiVg3WzsBTLYq1q4jcCqqAt38"}
[ Tue Aug 15 2017 16:27:38 GMT+0800 (CST) ] time is 1286
[ Tue Aug 15 2017 16:27:38 GMT+0800 (CST) ] {"err":0,"msg":"JMNBBrsscndz54uvLpift3bmm3dxM6537S"}
[ Tue Aug 15 2017 16:27:38 GMT+0800 (CST) ] time is 1295
[ Tue Aug 15 2017 16:27:38 GMT+0800 (CST) ] {"err":0,"msg":"Jd8aEB7q75vJq9wbrUv7eXFwe9A1mnfe8b"}
[ Tue Aug 15 2017 16:27:38 GMT+0800 (CST) ] time is 1290
[ Tue Aug 15 2017 16:27:38 GMT+0800 (CST) ] {"err":0,"msg":"JMx4D5Zi2bNnJkZ7uUkSjKY2CKYcoE8JvD"}
[ Tue Aug 15 2017 16:27:38 GMT+0800 (CST) ] time is 1293
[ Tue Aug 15 2017 16:27:38 GMT+0800 (CST) ] {"err":0,"msg":"JNNUXCp1DWnL5i6C2jUukYm8BxBWp5xmx9"}
[ Tue Aug 15 2017 16:27:38 GMT+0800 (CST) ] time is 1287
[ Tue Aug 15 2017 16:27:38 GMT+0800 (CST) ] {"err":0,"msg":"JSrPv6DF7MaJ512FF39u1YU4FijsQC98gp"}
[ Tue Aug 15 2017 16:27:38 GMT+0800 (CST) ] time is 1296
[ Tue Aug 15 2017 16:27:38 GMT+0800 (CST) ] {"err":0,"msg":"JKsYdZCh1CEZyYwqpHfR9cNWptRYYvJRUn"}
[ Tue Aug 15 2017 16:27:38 GMT+0800 (CST) ] time is 1291
[ Tue Aug 15 2017 16:27:38 GMT+0800 (CST) ] {"err":0,"msg":"JU5Q7ChPMKauX3E3ch4TZMN1YfrNus6EtQ"}
[ Tue Aug 15 2017 16:27:38 GMT+0800 (CST) ] time is 1294
[ Tue Aug 15 2017 16:27:38 GMT+0800 (CST) ] {"err":0,"msg":"Jdtb7HG72R6MghGV6WRuECCyQtTHSLPqbk"}
[ Tue Aug 15 2017 16:27:38 GMT+0800 (CST) ] time is 1288
[ Tue Aug 15 2017 16:27:38 GMT+0800 (CST) ] {"err":0,"msg":"JUX1MPr8qxDJMf4W3mJNrEqyrQ8CLcCw6k"}
[ Tue Aug 15 2017 16:27:38 GMT+0800 (CST) ] time is 1292
[ Tue Aug 15 2017 16:27:38 GMT+0800 (CST) ] {"err":0,"msg":"JMBJxYscdimw9wWYZUpqkoLhSkdEz7sEwM"}
[ Tue Aug 15 2017 16:27:38 GMT+0800 (CST) ] time is 1297
[ Tue Aug 15 2017 16:27:38 GMT+0800 (CST) ] {"err":0,"msg":"JdXjMLea97aN8Kw99fEcS1LaqnMWwUkqKo"}
[ Tue Aug 15 2017 16:27:38 GMT+0800 (CST) ] time is 1295
[ Tue Aug 15 2017 16:27:38 GMT+0800 (CST) ] {"err":0,"msg":"JYjPpTiATiWwkZNsnj55xvApfM3Cjz7JmF"}
[ Tue Aug 15 2017 16:27:38 GMT+0800 (CST) ] time is 1289
[ Tue Aug 15 2017 16:27:38 GMT+0800 (CST) ] {"err":0,"msg":"JNtu3He3oJhy4vqAwfCPtqcAQRbTtK1o2x"}
[ Tue Aug 15 2017 16:27:38 GMT+0800 (CST) ] time is 1293
[ Tue Aug 15 2017 16:27:38 GMT+0800 (CST) ] {"err":0,"msg":"JJaPMy1wAExNNZfecPvhabA4g7fSq119P7"}
[ Tue Aug 15 2017 16:27:38 GMT+0800 (CST) ] time is 1298
[ Tue Aug 15 2017 16:27:38 GMT+0800 (CST) ] {"err":0,"msg":"JT46iFZrA9EjX3WjwLx8af81sVdsvG1nBE"}
[ Tue Aug 15 2017 16:27:38 GMT+0800 (CST) ] time is 1296
[ Tue Aug 15 2017 16:27:38 GMT+0800 (CST) ] {"err":0,"msg":"JYnGaoaLxMLmSc7FhhGTHX4WqdfoQSNzc8"}
[ Tue Aug 15 2017 16:27:38 GMT+0800 (CST) ] time is 1290
[ Tue Aug 15 2017 16:27:38 GMT+0800 (CST) ] {"err":0,"msg":"JYSUgdK2YnNv3KZobdX8KSBLSESaqXG91c"}
[ Tue Aug 15 2017 16:27:38 GMT+0800 (CST) ] time is 1294
[ Tue Aug 15 2017 16:27:38 GMT+0800 (CST) ] {"err":0,"msg":"JPcyiJbeAGN5prfdcRWn9JrZBa5iGunCZE"}
[ Tue Aug 15 2017 16:27:38 GMT+0800 (CST) ] time is 1299
[ Tue Aug 15 2017 16:27:38 GMT+0800 (CST) ] {"err":0,"msg":"Jc3N7Sm8trXGCw2B2iMSLHCo9n3L7i7q2S"}
[ Tue Aug 15 2017 16:27:38 GMT+0800 (CST) ] time is 1297
[ Tue Aug 15 2017 16:27:38 GMT+0800 (CST) ] {"err":0,"msg":"JQz14myzD2c2ugsAQgbBBPRVuaWjmcDrHh"}
[ Tue Aug 15 2017 16:27:38 GMT+0800 (CST) ] time is 1291
[ Tue Aug 15 2017 16:27:38 GMT+0800 (CST) ] {"err":0,"msg":"JSpWCb2qetr1xxE5WQ9Kyea8VgpZXb7MbQ"}
[ Tue Aug 15 2017 16:27:38 GMT+0800 (CST) ] time is 1295
[ Tue Aug 15 2017 16:27:38 GMT+0800 (CST) ] {"err":0,"msg":"JfpieEviHVkbKqQgrjS5F4dktyzmBQsUSp"}
[ Tue Aug 15 2017 16:27:38 GMT+0800 (CST) ] time is 1300
[ Tue Aug 15 2017 16:27:38 GMT+0800 (CST) ] {"err":0,"msg":"JWfWpv6KiiXnUGZFVRbgryXpbrX2fZEFqs"}
[ Tue Aug 15 2017 16:27:38 GMT+0800 (CST) ] time is 1298
[ Tue Aug 15 2017 16:27:38 GMT+0800 (CST) ] {"err":0,"msg":"JecGomdh3QRnqC6P6YsFunnG6nt1pQFwPh"}
[ Tue Aug 15 2017 16:27:38 GMT+0800 (CST) ] time is 1292
[ Tue Aug 15 2017 16:27:38 GMT+0800 (CST) ] {"err":0,"msg":"JQyA7u1PcLJood337Tn1RdsMMyRPMHsYid"}
[ Tue Aug 15 2017 16:27:38 GMT+0800 (CST) ] time is 1296
[ Tue Aug 15 2017 16:27:38 GMT+0800 (CST) ] {"err":0,"msg":"JNQ9U2bkX9cL9CMqL8PUd3u4gng279yUzj"}
[ Tue Aug 15 2017 16:27:38 GMT+0800 (CST) ] {"err":0,"msg":"JZCr8him6kwFWhq3nQNaYfAXwtQxPnBLDp"}
[ Tue Aug 15 2017 16:27:38 GMT+0800 (CST) ] time is 1301
[ Tue Aug 15 2017 16:27:38 GMT+0800 (CST) ] time is 1299
[ Tue Aug 15 2017 16:27:38 GMT+0800 (CST) ] {"err":0,"msg":"JK72cwK5Dwuxa4jYYoeDeFVoTWdXCdcvZ7"}
[ Tue Aug 15 2017 16:27:38 GMT+0800 (CST) ] time is 1293
[ Tue Aug 15 2017 16:27:38 GMT+0800 (CST) ] {"err":0,"msg":"JLg6xRFiFLkTT9f2hhvyaJz9ahGMzKgoCf"}
[ Tue Aug 15 2017 16:27:38 GMT+0800 (CST) ] time is 1297
[ Tue Aug 15 2017 16:27:38 GMT+0800 (CST) ] {"err":0,"msg":"JeanL8rDFjHEydRgmLKxgHAs5xiKSbAdWU"}
[ Tue Aug 15 2017 16:27:38 GMT+0800 (CST) ] time is 1302
[ Tue Aug 15 2017 16:27:38 GMT+0800 (CST) ] {"err":0,"msg":"JQs2RULAwmhQHkzpCcq4pTv6XDCnH1zTwp"}
[ Tue Aug 15 2017 16:27:38 GMT+0800 (CST) ] time is 1300
[ Tue Aug 15 2017 16:27:38 GMT+0800 (CST) ] {"err":0,"msg":"JSefUp8YvXi233ApZu7H8tedeaX43hdgWz"}
[ Tue Aug 15 2017 16:27:38 GMT+0800 (CST) ] time is 1294
[ Tue Aug 15 2017 16:27:38 GMT+0800 (CST) ] {"err":0,"msg":"JUuhEusd8LW9FxzEmyps57LiGdMoFG62En"}
[ Tue Aug 15 2017 16:27:38 GMT+0800 (CST) ] time is 1298
[ Tue Aug 15 2017 16:27:38 GMT+0800 (CST) ] {"err":0,"msg":"JQHcbcGcUb7Nqf89vgN4Uo97TM6FVeVtuH"}
[ Tue Aug 15 2017 16:27:38 GMT+0800 (CST) ] time is 1303
[ Tue Aug 15 2017 16:27:38 GMT+0800 (CST) ] {"err":0,"msg":"JXMLVzAb4qZXsrNtSaXizzFFD5sy7dfim7"}
[ Tue Aug 15 2017 16:27:38 GMT+0800 (CST) ] time is 1301
[ Tue Aug 15 2017 16:27:38 GMT+0800 (CST) ] {"err":0,"msg":"JJjMQupsUKFAJ9TPMLvNSNTBrNZFAFTtBS"}
[ Tue Aug 15 2017 16:27:38 GMT+0800 (CST) ] time is 1295
[ Tue Aug 15 2017 16:27:38 GMT+0800 (CST) ] {"err":0,"msg":"JUmy3S7mj7BsKLiyZiPypJZqppQP9yWrFc"}
[ Tue Aug 15 2017 16:27:38 GMT+0800 (CST) ] time is 1299
[ Tue Aug 15 2017 16:27:38 GMT+0800 (CST) ] {"err":0,"msg":"JSy2xym3FiRKyp2x8838Q5DkwzqkN6fPTj"}
[ Tue Aug 15 2017 16:27:38 GMT+0800 (CST) ] time is 1304
[ Tue Aug 15 2017 16:27:38 GMT+0800 (CST) ] {"err":0,"msg":"JYXQqEK8KXS3vS5QfbCUWGxcqMyzosj4Ux"}
[ Tue Aug 15 2017 16:27:38 GMT+0800 (CST) ] time is 1302
[ Tue Aug 15 2017 16:27:38 GMT+0800 (CST) ] {"err":0,"msg":"JYUwpViVMe3HXTHhBdjUVjD5GjZAKHbqom"}
[ Tue Aug 15 2017 16:27:38 GMT+0800 (CST) ] time is 1296
[ Tue Aug 15 2017 16:27:38 GMT+0800 (CST) ] {"err":0,"msg":"JWuaWyQDxEp8JFoM1VnxM1NMHHDsKmGoKA"}
[ Tue Aug 15 2017 16:27:38 GMT+0800 (CST) ] time is 1300
[ Tue Aug 15 2017 16:27:38 GMT+0800 (CST) ] {"err":0,"msg":"JNvcQVAE7vNNyE47UNPig2GxMRhUP2EjNc"}
[ Tue Aug 15 2017 16:27:38 GMT+0800 (CST) ] time is 1305
[ Tue Aug 15 2017 16:27:38 GMT+0800 (CST) ] {"err":0,"msg":"JQLa93Vm1hW2xTSBgn4bSzjoB3NgczBrSf"}
[ Tue Aug 15 2017 16:27:38 GMT+0800 (CST) ] time is 1303
[ Tue Aug 15 2017 16:27:38 GMT+0800 (CST) ] {"err":0,"msg":"JZVs1cS6tFmxr1DJtCUM3qiBYJJaRF4Kth"}
[ Tue Aug 15 2017 16:27:38 GMT+0800 (CST) ] time is 1297
[ Tue Aug 15 2017 16:27:38 GMT+0800 (CST) ] {"err":0,"msg":"JU76VKYGZt639GAshSrTPjfEvSTJ5DpZed"}
[ Tue Aug 15 2017 16:27:38 GMT+0800 (CST) ] time is 1301
[ Tue Aug 15 2017 16:27:38 GMT+0800 (CST) ] {"err":0,"msg":"JPvz6R6hnJpK37UvBXJX2SSQTG5Xbfxh1X"}
[ Tue Aug 15 2017 16:27:38 GMT+0800 (CST) ] time is 1306
[ Tue Aug 15 2017 16:27:38 GMT+0800 (CST) ] {"err":0,"msg":"JRboteWqqaKQ34qkVczQF1sBTTLMoGfhBj"}
[ Tue Aug 15 2017 16:27:38 GMT+0800 (CST) ] time is 1304
[ Tue Aug 15 2017 16:27:38 GMT+0800 (CST) ] {"err":0,"msg":"JJqRd3tqzYinLi8TFyUhcZsieMWa1WQ516"}
[ Tue Aug 15 2017 16:27:38 GMT+0800 (CST) ] time is 1298
[ Tue Aug 15 2017 16:27:38 GMT+0800 (CST) ] {"err":0,"msg":"JMhTXZyBfTdv6dMkEhAqsyy5Posy311Fio"}
[ Tue Aug 15 2017 16:27:38 GMT+0800 (CST) ] time is 1302
[ Tue Aug 15 2017 16:27:38 GMT+0800 (CST) ] {"err":0,"msg":"JS8TgiRtG3F4Muexm4Cy13c1gKrDjvTznD"}
[ Tue Aug 15 2017 16:27:38 GMT+0800 (CST) ] time is 1307
[ Tue Aug 15 2017 16:27:38 GMT+0800 (CST) ] {"err":0,"msg":"JMK9yZqxtBBKxUCoRgmXBFv9nZZdYaDGzH"}
[ Tue Aug 15 2017 16:27:38 GMT+0800 (CST) ] time is 1305
[ Tue Aug 15 2017 16:27:38 GMT+0800 (CST) ] {"err":0,"msg":"JfspG5Z3vK8XhV8d15LoeRM5pNuPaTYCHE"}
[ Tue Aug 15 2017 16:27:38 GMT+0800 (CST) ] time is 1299
[ Tue Aug 15 2017 16:27:38 GMT+0800 (CST) ] {"err":0,"msg":"JhoqnUhuTRySmEhpfGZ7ztsxxiAqsCZs2w"}
[ Tue Aug 15 2017 16:27:38 GMT+0800 (CST) ] time is 1303
[ Tue Aug 15 2017 16:27:38 GMT+0800 (CST) ] {"err":0,"msg":"JbvsCTp9HFtFWxATXCuK3Bdr5wMZbgc6Ux"}
[ Tue Aug 15 2017 16:27:38 GMT+0800 (CST) ] time is 1308
[ Tue Aug 15 2017 16:27:38 GMT+0800 (CST) ] {"err":0,"msg":"JJuCbkruVB8h3ZCvUR8dMahf6t4smEFFeU"}
[ Tue Aug 15 2017 16:27:38 GMT+0800 (CST) ] time is 1306
[ Tue Aug 15 2017 16:27:38 GMT+0800 (CST) ] {"err":0,"msg":"JMagyx2yw7VT1ar7LJ5ssazWStMEELHLrA"}
[ Tue Aug 15 2017 16:27:38 GMT+0800 (CST) ] time is 1300
[ Tue Aug 15 2017 16:27:38 GMT+0800 (CST) ] {"err":0,"msg":"JKZsfThdncXxpvWbRspf9oyAaosUR39Vf3"}
[ Tue Aug 15 2017 16:27:38 GMT+0800 (CST) ] time is 1304
[ Tue Aug 15 2017 16:27:38 GMT+0800 (CST) ] {"err":0,"msg":"JJi48LhGFGs3mbriGXfy3mDgWnVSEBhC6z"}
[ Tue Aug 15 2017 16:27:38 GMT+0800 (CST) ] time is 1309
[ Tue Aug 15 2017 16:27:38 GMT+0800 (CST) ] {"err":0,"msg":"JM1sUtUETbg2uDHNzWFsmVESu4NBiEXa8k"}
[ Tue Aug 15 2017 16:27:38 GMT+0800 (CST) ] time is 1307
[ Tue Aug 15 2017 16:27:38 GMT+0800 (CST) ] {"err":0,"msg":"JPqkY1VjWS7PVoQnBikrxjezeFZdq3eeaD"}
[ Tue Aug 15 2017 16:27:38 GMT+0800 (CST) ] time is 1301
[ Tue Aug 15 2017 16:27:38 GMT+0800 (CST) ] {"err":0,"msg":"JRShiGefohWU4gkjoxEnXWtYxJ4aMmQexS"}
[ Tue Aug 15 2017 16:27:38 GMT+0800 (CST) ] time is 1305
[ Tue Aug 15 2017 16:27:38 GMT+0800 (CST) ] {"err":0,"msg":"Jcfkqtfjr83sjrHetdotRWN9pziERqvG71"}
[ Tue Aug 15 2017 16:27:38 GMT+0800 (CST) ] time is 1310
[ Tue Aug 15 2017 16:27:38 GMT+0800 (CST) ] {"err":0,"msg":"JeAjv1qNMS2evn9vjwTrEp6iUmDYbGCahe"}
[ Tue Aug 15 2017 16:27:38 GMT+0800 (CST) ] time is 1308
[ Tue Aug 15 2017 16:27:38 GMT+0800 (CST) ] {"err":0,"msg":"JgRGoPy4tnMEMvLkRiMnU44nZFJowWmx1u"}
[ Tue Aug 15 2017 16:27:38 GMT+0800 (CST) ] time is 1302
[ Tue Aug 15 2017 16:27:38 GMT+0800 (CST) ] {"err":0,"msg":"JKPwEszYvZCThb3ZmgHbhQa4enuzfgZepT"}
[ Tue Aug 15 2017 16:27:38 GMT+0800 (CST) ] time is 1306
[ Tue Aug 15 2017 16:27:38 GMT+0800 (CST) ] {"err":0,"msg":"JSAicKnSRuZETdjRcXBoMgzYurUndBCrhf"}
[ Tue Aug 15 2017 16:27:38 GMT+0800 (CST) ] time is 1311
[ Tue Aug 15 2017 16:27:38 GMT+0800 (CST) ] {"err":0,"msg":"JcEaBtmRaYaJzoqw4gejCr59kZAWEcAkrA"}
[ Tue Aug 15 2017 16:27:38 GMT+0800 (CST) ] time is 1309
[ Tue Aug 15 2017 16:27:38 GMT+0800 (CST) ] {"err":0,"msg":"JTsxLtTZ7TSASUydaMhFFFYioR5vKjbedb"}
[ Tue Aug 15 2017 16:27:39 GMT+0800 (CST) ] time is 1303
[ Tue Aug 15 2017 16:27:39 GMT+0800 (CST) ] {"err":0,"msg":"JMxPN5muEuL89dccwqZk38GT2STVdoTdtb"}
[ Tue Aug 15 2017 16:27:39 GMT+0800 (CST) ] time is 1307
[ Tue Aug 15 2017 16:27:39 GMT+0800 (CST) ] {"err":0,"msg":"JS21VyjpFkJUYkyZq5B6v8AgGAY3ZS3p6C"}
[ Tue Aug 15 2017 16:27:39 GMT+0800 (CST) ] time is 1312
[ Tue Aug 15 2017 16:27:39 GMT+0800 (CST) ] {"err":0,"msg":"JNagJWJXWHu15gYNQYAaK5yubsaHrnPHNF"}
[ Tue Aug 15 2017 16:27:39 GMT+0800 (CST) ] time is 1310
[ Tue Aug 15 2017 16:27:39 GMT+0800 (CST) ] {"err":0,"msg":"JczwjpCeJG4GPzn2uMDNEvPhU479DEnrjK"}
[ Tue Aug 15 2017 16:27:39 GMT+0800 (CST) ] {"err":0,"msg":"JamwiNQWFzNucXhoM4vVJGkx7fRmQ4yREE"}
[ Tue Aug 15 2017 16:27:39 GMT+0800 (CST) ] time is 1304
[ Tue Aug 15 2017 16:27:39 GMT+0800 (CST) ] time is 1308
[ Tue Aug 15 2017 16:27:39 GMT+0800 (CST) ] {"err":0,"msg":"JZkRK5jyeJUchZTRMA3pwusk8XnG8vdaMH"}
[ Tue Aug 15 2017 16:27:39 GMT+0800 (CST) ] time is 1311
[ Tue Aug 15 2017 16:27:39 GMT+0800 (CST) ] {"err":0,"msg":"JQLyzdpR2vWW5FkwWRKrEKsLV35cZM1ysp"}
[ Tue Aug 15 2017 16:27:39 GMT+0800 (CST) ] time is 1313
[ Tue Aug 15 2017 16:27:39 GMT+0800 (CST) ] {"err":0,"msg":"JVL3LuhfuMs8uNFobe6vjKZQsr72mMbn2P"}
[ Tue Aug 15 2017 16:27:39 GMT+0800 (CST) ] time is 1305
[ Tue Aug 15 2017 16:27:39 GMT+0800 (CST) ] {"err":0,"msg":"JUknDe6pGKc2uJKRjGupyvbK42sKUHFq69"}
[ Tue Aug 15 2017 16:27:39 GMT+0800 (CST) ] time is 1309
[ Tue Aug 15 2017 16:27:39 GMT+0800 (CST) ] {"err":0,"msg":"JNZZzEwApM2dsehSHfG6utGoBruwVxFWdc"}
[ Tue Aug 15 2017 16:27:39 GMT+0800 (CST) ] {"err":0,"msg":"JM5UuVxd2hx7i1MyhHiCXwMe4dumHB4tk3"}
[ Tue Aug 15 2017 16:27:39 GMT+0800 (CST) ] time is 1312
[ Tue Aug 15 2017 16:27:39 GMT+0800 (CST) ] time is 1314
[ Tue Aug 15 2017 16:27:39 GMT+0800 (CST) ] {"err":0,"msg":"JNf4B9NnUjn799LHKL9CnAUQXi6iR6d6SF"}
[ Tue Aug 15 2017 16:27:39 GMT+0800 (CST) ] time is 1306
[ Tue Aug 15 2017 16:27:39 GMT+0800 (CST) ] {"err":0,"msg":"JX3kV2WAkS1ySn9PWMFNrnffYDK8ZWeftm"}
[ Tue Aug 15 2017 16:27:39 GMT+0800 (CST) ] time is 1310
[ Tue Aug 15 2017 16:27:39 GMT+0800 (CST) ] {"err":0,"msg":"Jctat2EsZc8aRo1tnvAzFmY4gUZ2BRFTnP"}
[ Tue Aug 15 2017 16:27:39 GMT+0800 (CST) ] time is 1313
[ Tue Aug 15 2017 16:27:39 GMT+0800 (CST) ] {"err":0,"msg":"JU14hhCseWTCpHEU8C3pQ6DvZDoXtvrtAU"}
[ Tue Aug 15 2017 16:27:39 GMT+0800 (CST) ] time is 1315
[ Tue Aug 15 2017 16:27:39 GMT+0800 (CST) ] {"err":0,"msg":"JhhXmiSaJohX8bYo8K97gc9yUDYuxvkfEB"}
[ Tue Aug 15 2017 16:27:39 GMT+0800 (CST) ] time is 1311
[ Tue Aug 15 2017 16:27:39 GMT+0800 (CST) ] {"err":0,"msg":"JYf9o9J3XScyVv6PRbWqZVkwebwbci6MaV"}
[ Tue Aug 15 2017 16:27:39 GMT+0800 (CST) ] time is 1307
[ Tue Aug 15 2017 16:27:39 GMT+0800 (CST) ] {"err":0,"msg":"JLsEbJ7t3hjpAYxBwdhBkeR5MjC3NhHqzA"}
[ Tue Aug 15 2017 16:27:39 GMT+0800 (CST) ] time is 1314
[ Tue Aug 15 2017 16:27:39 GMT+0800 (CST) ] {"err":0,"msg":"JdbTsEZMiEkxQp4HMXh4FjNcnc26WA3vNU"}
[ Tue Aug 15 2017 16:27:39 GMT+0800 (CST) ] time is 1316
[ Tue Aug 15 2017 16:27:39 GMT+0800 (CST) ] {"err":0,"msg":"JUtdMwC6ipY1rRNPqWcgCn6AHF4wmbFmYi"}
[ Tue Aug 15 2017 16:27:39 GMT+0800 (CST) ] time is 1312
[ Tue Aug 15 2017 16:27:39 GMT+0800 (CST) ] {"err":0,"msg":"JRdS3UqEapT4SWSHT3ikjdB8wcd8v7QhWd"}
[ Tue Aug 15 2017 16:27:39 GMT+0800 (CST) ] time is 1308
[ Tue Aug 15 2017 16:27:39 GMT+0800 (CST) ] {"err":0,"msg":"Jg7gYHvD7pGqWQ9wMxBitu2GWc2NKjSLRT"}
[ Tue Aug 15 2017 16:27:39 GMT+0800 (CST) ] time is 1315
[ Tue Aug 15 2017 16:27:39 GMT+0800 (CST) ] {"err":0,"msg":"JRRrP8j3XpoZfijsAyD4Vc49StxdpPHLMz"}
[ Tue Aug 15 2017 16:27:39 GMT+0800 (CST) ] time is 1317
[ Tue Aug 15 2017 16:27:39 GMT+0800 (CST) ] {"err":0,"msg":"JRBcU4e8EQQsnjMwLD4MWNFaBrRymS6U1C"}
[ Tue Aug 15 2017 16:27:39 GMT+0800 (CST) ] time is 1313
[ Tue Aug 15 2017 16:27:39 GMT+0800 (CST) ] {"err":0,"msg":"JLGBT8hJfxntHAwVkr7dZ86cZtxMhHRgJw"}
[ Tue Aug 15 2017 16:27:39 GMT+0800 (CST) ] time is 1309
[ Tue Aug 15 2017 16:27:39 GMT+0800 (CST) ] {"err":0,"msg":"JPTaiD4isR6WiZiix8LJnL7jnUwLDvACp3"}
[ Tue Aug 15 2017 16:27:39 GMT+0800 (CST) ] time is 1316
[ Tue Aug 15 2017 16:27:39 GMT+0800 (CST) ] {"err":0,"msg":"JaM7kM6nobkdcZoaD52qTP54p6SQ8EXZuQ"}
[ Tue Aug 15 2017 16:27:39 GMT+0800 (CST) ] time is 1318
[ Tue Aug 15 2017 16:27:39 GMT+0800 (CST) ] {"err":0,"msg":"JTwvEy41wXHacRy9sJ6wweVqJvmvfMxUmj"}
[ Tue Aug 15 2017 16:27:39 GMT+0800 (CST) ] time is 1314
[ Tue Aug 15 2017 16:27:39 GMT+0800 (CST) ] {"err":0,"msg":"JaqFw6k7Mt2vWSt8hHWC8NXw1M8iGQXwNd"}
[ Tue Aug 15 2017 16:27:39 GMT+0800 (CST) ] time is 1310
[ Tue Aug 15 2017 16:27:39 GMT+0800 (CST) ] {"err":0,"msg":"JML57SHtT9xsy4bv6WfMKYUuhr1sNUW22H"}
[ Tue Aug 15 2017 16:27:39 GMT+0800 (CST) ] time is 1317
[ Tue Aug 15 2017 16:27:39 GMT+0800 (CST) ] {"err":0,"msg":"JMMyBbh4okFR4EyPZdnDXqoAiDfHwKmfak"}
[ Tue Aug 15 2017 16:27:39 GMT+0800 (CST) ] time is 1319
[ Tue Aug 15 2017 16:27:39 GMT+0800 (CST) ] {"err":0,"msg":"Jhpgnt4DTdEy3tmokktNaGSG9M6ym3pMi6"}
[ Tue Aug 15 2017 16:27:39 GMT+0800 (CST) ] time is 1315
[ Tue Aug 15 2017 16:27:39 GMT+0800 (CST) ] {"err":0,"msg":"JM8Ddqfc1KRFQLEBQwCZqw5dCHmyvwparG"}
[ Tue Aug 15 2017 16:27:39 GMT+0800 (CST) ] time is 1311
[ Tue Aug 15 2017 16:27:39 GMT+0800 (CST) ] {"err":0,"msg":"JZLNPBCfLMJxcfsZLYT4RdoVyNNqfcJUZ9"}
[ Tue Aug 15 2017 16:27:39 GMT+0800 (CST) ] time is 1318
[ Tue Aug 15 2017 16:27:39 GMT+0800 (CST) ] {"err":0,"msg":"JgkFMtbqLE8rZ7snPTioaUSLApyU9f2BZV"}
[ Tue Aug 15 2017 16:27:39 GMT+0800 (CST) ] time is 1320
[ Tue Aug 15 2017 16:27:39 GMT+0800 (CST) ] {"err":0,"msg":"JbvRZHwwKwVqysMKjyZ3sGFeBdokUPvVbm"}
[ Tue Aug 15 2017 16:27:39 GMT+0800 (CST) ] time is 1316
[ Tue Aug 15 2017 16:27:39 GMT+0800 (CST) ] {"err":0,"msg":"JeqzR8wrdxiUBp4N4qeTkfuPeWLkdeppx2"}
[ Tue Aug 15 2017 16:27:39 GMT+0800 (CST) ] time is 1312
[ Tue Aug 15 2017 16:27:39 GMT+0800 (CST) ] {"err":0,"msg":"JaJuKWHKpLfTHQiZJKJ89Me5QJGWbHQuRM"}
[ Tue Aug 15 2017 16:27:39 GMT+0800 (CST) ] time is 1319
[ Tue Aug 15 2017 16:27:39 GMT+0800 (CST) ] {"err":0,"msg":"JhDhhqn1TN6fTNbEKCJL3deWiTz3sgMSLF"}
[ Tue Aug 15 2017 16:27:39 GMT+0800 (CST) ] time is 1321
[ Tue Aug 15 2017 16:27:39 GMT+0800 (CST) ] {"err":0,"msg":"JUoLruaL7zVjPuMRsevERkRRwwPXk1UCEv"}
[ Tue Aug 15 2017 16:27:39 GMT+0800 (CST) ] time is 1317
[ Tue Aug 15 2017 16:27:39 GMT+0800 (CST) ] {"err":0,"msg":"JctGSHHjccp2HaAfCE1LBHuc6uiVZv89o5"}
[ Tue Aug 15 2017 16:27:39 GMT+0800 (CST) ] time is 1313
[ Tue Aug 15 2017 16:27:39 GMT+0800 (CST) ] {"err":0,"msg":"JgbMLqP3fhRYDcKCW1i7NrJ4MMhWrW2L6K"}
[ Tue Aug 15 2017 16:27:39 GMT+0800 (CST) ] time is 1320
[ Tue Aug 15 2017 16:27:39 GMT+0800 (CST) ] {"err":0,"msg":"JSrSPpfDUJ64ens98THeN26xwAhg9ZfcDB"}
[ Tue Aug 15 2017 16:27:39 GMT+0800 (CST) ] time is 1322
[ Tue Aug 15 2017 16:27:39 GMT+0800 (CST) ] {"err":0,"msg":"JKgrFDxQezJa7ZGQsrMkDQZR27f8Yp7Eu2"}
[ Tue Aug 15 2017 16:27:39 GMT+0800 (CST) ] time is 1318
[ Tue Aug 15 2017 16:27:39 GMT+0800 (CST) ] {"err":0,"msg":"JT9BLpGSHLD74uQptm7E8GcaRyRu1pXZZr"}
[ Tue Aug 15 2017 16:27:39 GMT+0800 (CST) ] time is 1314
[ Tue Aug 15 2017 16:27:39 GMT+0800 (CST) ] {"err":0,"msg":"JNYGM9GqbRTE1oTJv3CPiPaYrB3iEP3dka"}
[ Tue Aug 15 2017 16:27:39 GMT+0800 (CST) ] time is 1321
[ Tue Aug 15 2017 16:27:39 GMT+0800 (CST) ] {"err":0,"msg":"JYkutggGT46vHPqfPDR5upXXy84HsQjbDe"}
[ Tue Aug 15 2017 16:27:39 GMT+0800 (CST) ] time is 1323
[ Tue Aug 15 2017 16:27:39 GMT+0800 (CST) ] {"err":0,"msg":"JTH666VqmMwRJXghARxDZzbwHTfPz3mQCs"}
[ Tue Aug 15 2017 16:27:39 GMT+0800 (CST) ] time is 1319
[ Tue Aug 15 2017 16:27:39 GMT+0800 (CST) ] {"err":0,"msg":"JcDtfubT4R2pBW1RijPSJaSC7PDmdabShw"}
[ Tue Aug 15 2017 16:27:39 GMT+0800 (CST) ] time is 1315
[ Tue Aug 15 2017 16:27:39 GMT+0800 (CST) ] {"err":0,"msg":"JWfYBzAVMQrshecCSfkGn4XvAxbLPSivQY"}
[ Tue Aug 15 2017 16:27:39 GMT+0800 (CST) ] time is 1322
[ Tue Aug 15 2017 16:27:39 GMT+0800 (CST) ] {"err":0,"msg":"JhS9SXLfk8EVmaD1n6RSF95rgXmhuCswSC"}
[ Tue Aug 15 2017 16:27:39 GMT+0800 (CST) ] time is 1324
[ Tue Aug 15 2017 16:27:39 GMT+0800 (CST) ] {"err":0,"msg":"JTZBVJcFzS55cAEUCUqSfAQ6Luy9QZEzUT"}
[ Tue Aug 15 2017 16:27:39 GMT+0800 (CST) ] time is 1320
[ Tue Aug 15 2017 16:27:39 GMT+0800 (CST) ] {"err":0,"msg":"JPFo7NryLzhhXvxTVVJPmBw3sUc5atHw2R"}
[ Tue Aug 15 2017 16:27:39 GMT+0800 (CST) ] time is 1316
[ Tue Aug 15 2017 16:27:39 GMT+0800 (CST) ] {"err":0,"msg":"JPLSZKnXtkamLU8DFiDD4rEBxEAd2qqb3w"}
[ Tue Aug 15 2017 16:27:39 GMT+0800 (CST) ] time is 1323
[ Tue Aug 15 2017 16:27:39 GMT+0800 (CST) ] {"err":0,"msg":"JcM1unuBLK6R596isQiQwPFrBrGubjg9cs"}
[ Tue Aug 15 2017 16:27:39 GMT+0800 (CST) ] time is 1325
[ Tue Aug 15 2017 16:27:39 GMT+0800 (CST) ] {"err":0,"msg":"JXRJdwDaNHPFAB1ZqTkbgbCJtRFK66JURv"}
[ Tue Aug 15 2017 16:27:39 GMT+0800 (CST) ] time is 1321
[ Tue Aug 15 2017 16:27:39 GMT+0800 (CST) ] {"err":0,"msg":"JccLn89n4wRfC7kn4Kf8EDdMYyKmFK2zSx"}
[ Tue Aug 15 2017 16:27:39 GMT+0800 (CST) ] time is 1317
[ Tue Aug 15 2017 16:27:39 GMT+0800 (CST) ] {"err":0,"msg":"JbLNdaXUpvWmRDCYwroee6HyViJqZMhoHw"}
[ Tue Aug 15 2017 16:27:39 GMT+0800 (CST) ] time is 1324
[ Tue Aug 15 2017 16:27:39 GMT+0800 (CST) ] {"err":0,"msg":"JMj2dNj3k7HJQqgWA5H866fF6z1J75NmJ2"}
[ Tue Aug 15 2017 16:27:39 GMT+0800 (CST) ] time is 1326
[ Tue Aug 15 2017 16:27:39 GMT+0800 (CST) ] {"err":0,"msg":"JgkPF4PauXSw5jLexS9LTV11tjxs2rh9p5"}
[ Tue Aug 15 2017 16:27:39 GMT+0800 (CST) ] time is 1322
[ Tue Aug 15 2017 16:27:39 GMT+0800 (CST) ] {"err":0,"msg":"Jcuu6UyTVKsJiELZL6bNmEVfKLiKMRC1UE"}
[ Tue Aug 15 2017 16:27:39 GMT+0800 (CST) ] time is 1318
[ Tue Aug 15 2017 16:27:39 GMT+0800 (CST) ] {"err":0,"msg":"Jfxkg2BkfPz9VwVw2B8hrrekNhF9ikC7rC"}
[ Tue Aug 15 2017 16:27:39 GMT+0800 (CST) ] time is 1325
[ Tue Aug 15 2017 16:27:39 GMT+0800 (CST) ] {"err":0,"msg":"JgEJhTNJGzkZeobpEmafADhYrwU1ZwxPQP"}
[ Tue Aug 15 2017 16:27:39 GMT+0800 (CST) ] time is 1327
[ Tue Aug 15 2017 16:27:39 GMT+0800 (CST) ] {"err":0,"msg":"JfbGLweuHvZKCP9FvoUWe9x1XvWmh53pqg"}
[ Tue Aug 15 2017 16:27:39 GMT+0800 (CST) ] {"err":0,"msg":"Jg7rxJuDyoo9kckSCCpGj9fYUs1VFjSfYN"}
[ Tue Aug 15 2017 16:27:39 GMT+0800 (CST) ] time is 1323
[ Tue Aug 15 2017 16:27:39 GMT+0800 (CST) ] time is 1319
[ Tue Aug 15 2017 16:27:39 GMT+0800 (CST) ] {"err":0,"msg":"JTmDBCCLBZfcTYyfE57JQcoQs8zvm84Lv5"}
[ Tue Aug 15 2017 16:27:39 GMT+0800 (CST) ] time is 1326
[ Tue Aug 15 2017 16:27:39 GMT+0800 (CST) ] {"err":0,"msg":"JUM7cGaCe4bQ8CAVwyMmj8a3jqhN243B5B"}
[ Tue Aug 15 2017 16:27:39 GMT+0800 (CST) ] time is 1328
[ Tue Aug 15 2017 16:27:39 GMT+0800 (CST) ] {"err":0,"msg":"JhC3kKFAH2LtvhwEdnb9vFSmX4xguunEAU"}
[ Tue Aug 15 2017 16:27:39 GMT+0800 (CST) ] time is 1324
[ Tue Aug 15 2017 16:27:39 GMT+0800 (CST) ] {"err":0,"msg":"JL5KtFCDQK8Lg33LNq2YNE2gTK9fFpe4CV"}
[ Tue Aug 15 2017 16:27:39 GMT+0800 (CST) ] time is 1320
[ Tue Aug 15 2017 16:27:39 GMT+0800 (CST) ] {"err":0,"msg":"JXtQnPvUhmm1D8tVynQdZAizJsEzUX3ZF3"}
[ Tue Aug 15 2017 16:27:39 GMT+0800 (CST) ] time is 1327
[ Tue Aug 15 2017 16:27:39 GMT+0800 (CST) ] {"err":0,"msg":"JRw7dMtsYCV6654yy3zTW8us1nxZEYhTxT"}
[ Tue Aug 15 2017 16:27:39 GMT+0800 (CST) ] time is 1329
[ Tue Aug 15 2017 16:27:39 GMT+0800 (CST) ] {"err":0,"msg":"JWV3EMAiqwXopvXAjUP26HuWFXsE3oELZ8"}
[ Tue Aug 15 2017 16:27:40 GMT+0800 (CST) ] time is 1325
[ Tue Aug 15 2017 16:27:40 GMT+0800 (CST) ] {"err":0,"msg":"JdKbbRSsdvkrwbqRutJjXnYNPaDiGUwkZ2"}
[ Tue Aug 15 2017 16:27:40 GMT+0800 (CST) ] time is 1321
[ Tue Aug 15 2017 16:27:40 GMT+0800 (CST) ] {"err":0,"msg":"JUyxkZG35S8eC2to992eKs3iRLzjvRayyH"}
[ Tue Aug 15 2017 16:27:40 GMT+0800 (CST) ] time is 1328
[ Tue Aug 15 2017 16:27:40 GMT+0800 (CST) ] {"err":0,"msg":"JaTwmZVwUpCUaf9jxW6vPLTjQamuP2BB8A"}
[ Tue Aug 15 2017 16:27:40 GMT+0800 (CST) ] time is 1330
[ Tue Aug 15 2017 16:27:40 GMT+0800 (CST) ] {"err":0,"msg":"JRuWUwLf7VuPgzY9hwh8WgvbtyRamVs31f"}
[ Tue Aug 15 2017 16:27:40 GMT+0800 (CST) ] time is 1326
[ Tue Aug 15 2017 16:27:40 GMT+0800 (CST) ] {"err":0,"msg":"JSab44fkySh2iGjwckEtXkN5zKCDHbQYpM"}
[ Tue Aug 15 2017 16:27:40 GMT+0800 (CST) ] time is 1322
[ Tue Aug 15 2017 16:27:40 GMT+0800 (CST) ] {"err":0,"msg":"JMWX3JSBE8y7ivwydQgBu3TGGtzz4ArV5p"}
[ Tue Aug 15 2017 16:27:40 GMT+0800 (CST) ] time is 1329
[ Tue Aug 15 2017 16:27:40 GMT+0800 (CST) ] {"err":0,"msg":"JRtMSmjnm7ac695VwodiZSyCRyUt6EUnAf"}
[ Tue Aug 15 2017 16:27:40 GMT+0800 (CST) ] time is 1331
[ Tue Aug 15 2017 16:27:40 GMT+0800 (CST) ] {"err":0,"msg":"JSEFJ72G7tkY4eeyFLGyVwQFRocPfbK7Ug"}
[ Tue Aug 15 2017 16:27:40 GMT+0800 (CST) ] time is 1327
[ Tue Aug 15 2017 16:27:40 GMT+0800 (CST) ] {"err":0,"msg":"JdXi8RmUzKNBUswcJVzpudW58g5uv1yRws"}
[ Tue Aug 15 2017 16:27:40 GMT+0800 (CST) ] time is 1323
[ Tue Aug 15 2017 16:27:40 GMT+0800 (CST) ] {"err":0,"msg":"JLPWYiqa5fW8BneUXMzmDvzuFXNPcNwM2S"}
[ Tue Aug 15 2017 16:27:40 GMT+0800 (CST) ] time is 1330
[ Tue Aug 15 2017 16:27:40 GMT+0800 (CST) ] {"err":0,"msg":"JQuY1aFvgyp6m3qonoSgVcU4Zt5cJaNw1L"}
[ Tue Aug 15 2017 16:27:40 GMT+0800 (CST) ] time is 1332
[ Tue Aug 15 2017 16:27:40 GMT+0800 (CST) ] {"err":0,"msg":"JgxrzvpvNX3bqMrHQFfngKWCQfYeHi2cV6"}
[ Tue Aug 15 2017 16:27:40 GMT+0800 (CST) ] time is 1328
[ Tue Aug 15 2017 16:27:40 GMT+0800 (CST) ] {"err":0,"msg":"JKMPhvnzaSML2HDXpYB6EWQoZx1k48RxGr"}
[ Tue Aug 15 2017 16:27:40 GMT+0800 (CST) ] time is 1324
[ Tue Aug 15 2017 16:27:40 GMT+0800 (CST) ] {"err":0,"msg":"JWpBc1dGCUMaYPEnbVq5pFxXrCiQaby5z5"}
[ Tue Aug 15 2017 16:27:40 GMT+0800 (CST) ] time is 1331
[ Tue Aug 15 2017 16:27:40 GMT+0800 (CST) ] {"err":0,"msg":"JUmghuEvYRS5LBMdxCLgcdAfrs82gnG9S2"}
[ Tue Aug 15 2017 16:27:40 GMT+0800 (CST) ] time is 1333
[ Tue Aug 15 2017 16:27:40 GMT+0800 (CST) ] {"err":0,"msg":"JKLrsttusFhrPMLbfULzD7bGXXmgeTsHub"}
[ Tue Aug 15 2017 16:27:40 GMT+0800 (CST) ] time is 1329
[ Tue Aug 15 2017 16:27:40 GMT+0800 (CST) ] {"err":0,"msg":"JNwRzqvuzCgwgsiy7RaRFRJoSHeNqMEe9y"}
[ Tue Aug 15 2017 16:27:40 GMT+0800 (CST) ] time is 1325
[ Tue Aug 15 2017 16:27:40 GMT+0800 (CST) ] {"err":0,"msg":"JMks4vMDCtYpkRfh9yXkHdTWBaJKsJB2ts"}
[ Tue Aug 15 2017 16:27:40 GMT+0800 (CST) ] time is 1332
[ Tue Aug 15 2017 16:27:40 GMT+0800 (CST) ] {"err":0,"msg":"Jcxm3ozKxcuRdvwnSHv9xU2fwAv9cpP75n"}
[ Tue Aug 15 2017 16:27:40 GMT+0800 (CST) ] time is 1334
[ Tue Aug 15 2017 16:27:40 GMT+0800 (CST) ] {"err":0,"msg":"JbVmmMCqhf6ZvQfqAtiMv6UEk3J9iwSiJf"}
[ Tue Aug 15 2017 16:27:40 GMT+0800 (CST) ] time is 1330
[ Tue Aug 15 2017 16:27:40 GMT+0800 (CST) ] {"err":0,"msg":"JXCyMpRdVBDD3kYD1AvEX5Fepcj92G5j9Z"}
[ Tue Aug 15 2017 16:27:40 GMT+0800 (CST) ] time is 1333
[ Tue Aug 15 2017 16:27:40 GMT+0800 (CST) ] {"err":0,"msg":"JfWpsFGhSQkGKs1WpzBNN3Z3D783iGscj2"}
[ Tue Aug 15 2017 16:27:40 GMT+0800 (CST) ] time is 1326
[ Tue Aug 15 2017 16:27:40 GMT+0800 (CST) ] {"err":0,"msg":"JQ2MMoDb6A7Mrb5MWScftq1s3WUdpwnBgM"}
[ Tue Aug 15 2017 16:27:40 GMT+0800 (CST) ] time is 1335
[ Tue Aug 15 2017 16:27:40 GMT+0800 (CST) ] {"err":0,"msg":"JUrEpoZznmjdUgyPE1mED6bgULJSbRQ8Ki"}
[ Tue Aug 15 2017 16:27:40 GMT+0800 (CST) ] time is 1331
[ Tue Aug 15 2017 16:27:40 GMT+0800 (CST) ] {"err":0,"msg":"JaujJHCwv4L8KmF27DkYuvBnbS67YcvT5V"}
[ Tue Aug 15 2017 16:27:40 GMT+0800 (CST) ] time is 1334
[ Tue Aug 15 2017 16:27:40 GMT+0800 (CST) ] {"err":0,"msg":"JN4wNLbPdULJ1dKG1omajXD4SdppqCEJbG"}
[ Tue Aug 15 2017 16:27:40 GMT+0800 (CST) ] time is 1327
[ Tue Aug 15 2017 16:27:40 GMT+0800 (CST) ] {"err":0,"msg":"JL1NyZSfUX6cQpdKiu1qp6tiLAphDfeo6N"}
[ Tue Aug 15 2017 16:27:40 GMT+0800 (CST) ] time is 1336
[ Tue Aug 15 2017 16:27:40 GMT+0800 (CST) ] {"err":0,"msg":"JLSZ1RxjMC7pWDZ5MDqoeNifroBcx3JLTc"}
[ Tue Aug 15 2017 16:27:40 GMT+0800 (CST) ] time is 1332
[ Tue Aug 15 2017 16:27:40 GMT+0800 (CST) ] {"err":0,"msg":"JLv1ArtxVbigGfixJFqSg1r5H4dXobS8yA"}
[ Tue Aug 15 2017 16:27:40 GMT+0800 (CST) ] time is 1335
[ Tue Aug 15 2017 16:27:40 GMT+0800 (CST) ] {"err":0,"msg":"JLCJySu3ZFCwKvJvrnfaULgWfMFTJdEGgU"}
[ Tue Aug 15 2017 16:27:40 GMT+0800 (CST) ] time is 1328
[ Tue Aug 15 2017 16:27:40 GMT+0800 (CST) ] {"err":0,"msg":"JURZE81dsdgfabaqDqe8NuaoTMFYPD4Yao"}
[ Tue Aug 15 2017 16:27:40 GMT+0800 (CST) ] time is 1337
[ Tue Aug 15 2017 16:27:40 GMT+0800 (CST) ] {"err":0,"msg":"JTTeUY7xs71WRmNFSbMWMESS8xLfSeWfLA"}
[ Tue Aug 15 2017 16:27:40 GMT+0800 (CST) ] time is 1333
[ Tue Aug 15 2017 16:27:40 GMT+0800 (CST) ] {"err":0,"msg":"JVSDnu3Mb8C1B892vcLNAYiDsqHqjSBDvS"}
[ Tue Aug 15 2017 16:27:40 GMT+0800 (CST) ] time is 1336
[ Tue Aug 15 2017 16:27:40 GMT+0800 (CST) ] {"err":0,"msg":"JP6mcnXw3kHwPFDmqv3Fz8QbnBFZwPcAzv"}
[ Tue Aug 15 2017 16:27:40 GMT+0800 (CST) ] time is 1329
[ Tue Aug 15 2017 16:27:40 GMT+0800 (CST) ] {"err":0,"msg":"JS3THvSWoC6paj1sA1SRGzhsRJQpZsFfn5"}
[ Tue Aug 15 2017 16:27:40 GMT+0800 (CST) ] time is 1338
[ Tue Aug 15 2017 16:27:40 GMT+0800 (CST) ] {"err":0,"msg":"JSWAtyPGHmE6oQsfehC2xgMfY2vBFpjQ12"}
[ Tue Aug 15 2017 16:27:40 GMT+0800 (CST) ] time is 1337
[ Tue Aug 15 2017 16:27:40 GMT+0800 (CST) ] {"err":0,"msg":"JcWx9vBARD2ncZRmLgwggxrWwF5h4v38UH"}
[ Tue Aug 15 2017 16:27:40 GMT+0800 (CST) ] time is 1334
[ Tue Aug 15 2017 16:27:40 GMT+0800 (CST) ] {"err":0,"msg":"JLCdQ72FYswqtfgLY6PbH5jG974htk7igZ"}
[ Tue Aug 15 2017 16:27:40 GMT+0800 (CST) ] time is 1330
[ Tue Aug 15 2017 16:27:40 GMT+0800 (CST) ] {"err":0,"msg":"JhFnht7XyNiYn7vbhH3fmDdn4Pfs2JaTJG"}
[ Tue Aug 15 2017 16:27:40 GMT+0800 (CST) ] time is 1339
[ Tue Aug 15 2017 16:27:40 GMT+0800 (CST) ] {"err":0,"msg":"JYwXHpSAGRn8b4UtsRKVD6grfMwTK8e9eF"}
[ Tue Aug 15 2017 16:27:40 GMT+0800 (CST) ] time is 1338
[ Tue Aug 15 2017 16:27:40 GMT+0800 (CST) ] {"err":0,"msg":"Jd2npg4B2URoPuovyzyvviLVeowtF4cicJ"}
[ Tue Aug 15 2017 16:27:40 GMT+0800 (CST) ] time is 1331
[ Tue Aug 15 2017 16:27:40 GMT+0800 (CST) ] {"err":0,"msg":"JQQrg7aguCgFp1e7xa9ViX7oHDhVZsRY1w"}
[ Tue Aug 15 2017 16:27:40 GMT+0800 (CST) ] time is 1335
[ Tue Aug 15 2017 16:27:40 GMT+0800 (CST) ] {"err":0,"msg":"JKrvGcdXtAQupgdLyQKsbQvzyBsptdbV8m"}
[ Tue Aug 15 2017 16:27:40 GMT+0800 (CST) ] time is 1340
[ Tue Aug 15 2017 16:27:40 GMT+0800 (CST) ] {"err":0,"msg":"JX1QFR72dKmK7FLZC9ABU58emfoHSVVk4c"}
[ Tue Aug 15 2017 16:27:40 GMT+0800 (CST) ] time is 1339
[ Tue Aug 15 2017 16:27:40 GMT+0800 (CST) ] {"err":0,"msg":"JXm1H5Wdh2eZ2QmoDfCoiTY2odVqiQmLGH"}
[ Tue Aug 15 2017 16:27:40 GMT+0800 (CST) ] time is 1332
[ Tue Aug 15 2017 16:27:40 GMT+0800 (CST) ] {"err":0,"msg":"JTSM8kvb6DZedUgUbZAqNYh1ENg76njNc1"}
[ Tue Aug 15 2017 16:27:40 GMT+0800 (CST) ] {"err":0,"msg":"JdFpbqvgtrQgxzF9vpqpZ2Ykcp52x2kgNm"}
[ Tue Aug 15 2017 16:27:40 GMT+0800 (CST) ] time is 1336
[ Tue Aug 15 2017 16:27:40 GMT+0800 (CST) ] time is 1341
[ Tue Aug 15 2017 16:27:40 GMT+0800 (CST) ] {"err":0,"msg":"JKbJYnRSTJvfospfUjdyE5PfvoPTpK5n9v"}
[ Tue Aug 15 2017 16:27:40 GMT+0800 (CST) ] time is 1340
[ Tue Aug 15 2017 16:27:40 GMT+0800 (CST) ] {"err":0,"msg":"JV8LUyiiFoRq1mB53AtuDhGSHcgnYcNnvT"}
[ Tue Aug 15 2017 16:27:40 GMT+0800 (CST) ] time is 1333
[ Tue Aug 15 2017 16:27:40 GMT+0800 (CST) ] {"err":0,"msg":"JVfL3th15HLwfS1Qy9d8259V6yrSAD97qq"}
[ Tue Aug 15 2017 16:27:40 GMT+0800 (CST) ] time is 1337
[ Tue Aug 15 2017 16:27:40 GMT+0800 (CST) ] {"err":0,"msg":"JM9eyFwrcyArTm1733MiFy4WttzrUKu2GG"}
[ Tue Aug 15 2017 16:27:40 GMT+0800 (CST) ] time is 1342
[ Tue Aug 15 2017 16:27:40 GMT+0800 (CST) ] {"err":0,"msg":"JbPoYFpC2gQxGu7jDMxGCZyChZDfpxbCrG"}
[ Tue Aug 15 2017 16:27:40 GMT+0800 (CST) ] time is 1341
[ Tue Aug 15 2017 16:27:40 GMT+0800 (CST) ] {"err":0,"msg":"JfrPVgrUvdqkDwtUuteMt77WmsL61zNvHo"}
[ Tue Aug 15 2017 16:27:40 GMT+0800 (CST) ] time is 1338
[ Tue Aug 15 2017 16:27:40 GMT+0800 (CST) ] {"err":0,"msg":"JNz7SzdZuEh3bbbMYWuvsQ2mUn47s4f2kV"}
[ Tue Aug 15 2017 16:27:40 GMT+0800 (CST) ] time is 1334
[ Tue Aug 15 2017 16:27:40 GMT+0800 (CST) ] {"err":0,"msg":"JQjgpKNY54WxSHrwxicFp1BZ83qn55RokD"}
[ Tue Aug 15 2017 16:27:40 GMT+0800 (CST) ] time is 1343
[ Tue Aug 15 2017 16:27:40 GMT+0800 (CST) ] {"err":0,"msg":"JbFrxhLSsye8GGa275iFFDF3gGx3vHRFW7"}
[ Tue Aug 15 2017 16:27:40 GMT+0800 (CST) ] time is 1342
[ Tue Aug 15 2017 16:27:40 GMT+0800 (CST) ] {"err":0,"msg":"JSQBW5iSSaqXnYZxJbWK6qmdU6dDBAmCnF"}
[ Tue Aug 15 2017 16:27:40 GMT+0800 (CST) ] time is 1339
[ Tue Aug 15 2017 16:27:40 GMT+0800 (CST) ] {"err":0,"msg":"JeFVXSdTWXnLZajHaLD4RNnvcfbFBQqh8v"}
[ Tue Aug 15 2017 16:27:40 GMT+0800 (CST) ] time is 1335
[ Tue Aug 15 2017 16:27:40 GMT+0800 (CST) ] {"err":0,"msg":"JWQsm1woHehQD3QcNro6FXYuEjPi1f6NCQ"}
[ Tue Aug 15 2017 16:27:40 GMT+0800 (CST) ] time is 1344
[ Tue Aug 15 2017 16:27:40 GMT+0800 (CST) ] {"err":0,"msg":"JeWzfYTuv35Rk9VF7qWWcmHzHRBvSNQYPh"}
[ Tue Aug 15 2017 16:27:40 GMT+0800 (CST) ] time is 1343
[ Tue Aug 15 2017 16:27:40 GMT+0800 (CST) ] {"err":0,"msg":"JVx1ktNDsgziFtXBfkQQ3PvxDZPksoFKJ9"}
[ Tue Aug 15 2017 16:27:40 GMT+0800 (CST) ] time is 1336
[ Tue Aug 15 2017 16:27:40 GMT+0800 (CST) ] {"err":0,"msg":"JVTm6Nvz37T8Xxyh5GwS6mWK7YsuKVn5sf"}
[ Tue Aug 15 2017 16:27:40 GMT+0800 (CST) ] time is 1340
[ Tue Aug 15 2017 16:27:40 GMT+0800 (CST) ] {"err":0,"msg":"Jdx2EcaHy4o1xFdNfEdSK1Py1KJJADVQWY"}
[ Tue Aug 15 2017 16:27:40 GMT+0800 (CST) ] time is 1345
[ Tue Aug 15 2017 16:27:40 GMT+0800 (CST) ] {"err":0,"msg":"JeBwPTpihcBzjasDanYmYKmY9idkJVFRBP"}
[ Tue Aug 15 2017 16:27:40 GMT+0800 (CST) ] time is 1344
[ Tue Aug 15 2017 16:27:40 GMT+0800 (CST) ] {"err":0,"msg":"JSUy4bkrnGMCNEuyTXnAEURCTjaZXXpqcg"}
[ Tue Aug 15 2017 16:27:40 GMT+0800 (CST) ] time is 1337
[ Tue Aug 15 2017 16:27:40 GMT+0800 (CST) ] {"err":0,"msg":"JXN9VgBija6GmA9rTjPHkk3EQKwAct3ZMJ"}
[ Tue Aug 15 2017 16:27:41 GMT+0800 (CST) ] time is 1341
[ Tue Aug 15 2017 16:27:41 GMT+0800 (CST) ] {"err":0,"msg":"JMqkecoFgqJ57ww4xw3pugYpVXUsYzP3qu"}
[ Tue Aug 15 2017 16:27:41 GMT+0800 (CST) ] time is 1346
[ Tue Aug 15 2017 16:27:41 GMT+0800 (CST) ] {"err":0,"msg":"JZ8asXBGhGHjDBxVeEmACVf9PLUvPmjJC6"}
[ Tue Aug 15 2017 16:27:41 GMT+0800 (CST) ] time is 1345
[ Tue Aug 15 2017 16:27:41 GMT+0800 (CST) ] {"err":0,"msg":"JbwUCCYfeyBpt5QenrZjzAaYG1kEiZBH9M"}
[ Tue Aug 15 2017 16:27:41 GMT+0800 (CST) ] time is 1338
[ Tue Aug 15 2017 16:27:41 GMT+0800 (CST) ] {"err":0,"msg":"JX3hqg5McALZQiXQ9RPsSq6rGip3MsxUMN"}
[ Tue Aug 15 2017 16:27:41 GMT+0800 (CST) ] time is 1342
[ Tue Aug 15 2017 16:27:41 GMT+0800 (CST) ] {"err":0,"msg":"JdwJmF92HTWos8qH48Wx74ZQZ6rLEumAAa"}
[ Tue Aug 15 2017 16:27:41 GMT+0800 (CST) ] time is 1347
[ Tue Aug 15 2017 16:27:41 GMT+0800 (CST) ] {"err":0,"msg":"Jf4dCTRYa1bMmN8Wcf8HrAXgZZhkQTQiBX"}
[ Tue Aug 15 2017 16:27:41 GMT+0800 (CST) ] time is 1346
[ Tue Aug 15 2017 16:27:41 GMT+0800 (CST) ] {"err":0,"msg":"JXvor5pnkjbds53pbr18ohY6XhuwRodAak"}
[ Tue Aug 15 2017 16:27:41 GMT+0800 (CST) ] time is 1339
[ Tue Aug 15 2017 16:27:41 GMT+0800 (CST) ] {"err":0,"msg":"JXWhwRXAAbwpbWSbLmwhJmJyFqfuJvx9ic"}
[ Tue Aug 15 2017 16:27:41 GMT+0800 (CST) ] time is 1343
[ Tue Aug 15 2017 16:27:41 GMT+0800 (CST) ] {"err":0,"msg":"JfGBVzLwjECPGYEUMqwCDhqxXsHoSLTv97"}
[ Tue Aug 15 2017 16:27:41 GMT+0800 (CST) ] time is 1347
[ Tue Aug 15 2017 16:27:41 GMT+0800 (CST) ] {"err":0,"msg":"JhSM6wt5LXtKjXgdwLsdEMecAqgGJbRbEq"}
[ Tue Aug 15 2017 16:27:41 GMT+0800 (CST) ] time is 1348
[ Tue Aug 15 2017 16:27:41 GMT+0800 (CST) ] {"err":0,"msg":"JZsGaWhghffgC5uHhSZtezd3L4eHqYJUYZ"}
[ Tue Aug 15 2017 16:27:41 GMT+0800 (CST) ] time is 1340
[ Tue Aug 15 2017 16:27:41 GMT+0800 (CST) ] {"err":0,"msg":"Jb2sX4fJjgFJFgB6cq4cLD45CaivYif5hs"}
[ Tue Aug 15 2017 16:27:41 GMT+0800 (CST) ] time is 1344
[ Tue Aug 15 2017 16:27:41 GMT+0800 (CST) ] {"err":0,"msg":"JMa325XQZZyJTYSkKK3cHdExep7JPoMowE"}
[ Tue Aug 15 2017 16:27:41 GMT+0800 (CST) ] time is 1348
[ Tue Aug 15 2017 16:27:41 GMT+0800 (CST) ] {"err":0,"msg":"JWyPw4YgZ5vSwxanZbX1H6p1Edk7QBRTAp"}
[ Tue Aug 15 2017 16:27:41 GMT+0800 (CST) ] time is 1349
[ Tue Aug 15 2017 16:27:41 GMT+0800 (CST) ] {"err":0,"msg":"JbXa3agXiUsLjcYStQgpCaN9uehpJa68vH"}
[ Tue Aug 15 2017 16:27:41 GMT+0800 (CST) ] time is 1341
[ Tue Aug 15 2017 16:27:41 GMT+0800 (CST) ] {"err":0,"msg":"Jepube29AVfp4nwGRXSMeBB6Vs3Apcv4re"}
[ Tue Aug 15 2017 16:27:41 GMT+0800 (CST) ] time is 1345
[ Tue Aug 15 2017 16:27:41 GMT+0800 (CST) ] {"err":0,"msg":"JRq8QRvm8hMGfDom8uXensZBB9bMH5gFcY"}
[ Tue Aug 15 2017 16:27:41 GMT+0800 (CST) ] time is 1349
[ Tue Aug 15 2017 16:27:41 GMT+0800 (CST) ] {"err":0,"msg":"JQVVmGyy3u7mjK5B4fqviaR2n4dKXzk35j"}
[ Tue Aug 15 2017 16:27:41 GMT+0800 (CST) ] time is 1350
[ Tue Aug 15 2017 16:27:41 GMT+0800 (CST) ] {"err":0,"msg":"JdpWMAyuk1RXi2xqJBUHriefFms8Haqvkr"}
[ Tue Aug 15 2017 16:27:41 GMT+0800 (CST) ] time is 1342
[ Tue Aug 15 2017 16:27:41 GMT+0800 (CST) ] {"err":0,"msg":"Je7gqZuE2ApPjzfm883PaB42KY2cwxQW1Y"}
[ Tue Aug 15 2017 16:27:41 GMT+0800 (CST) ] time is 1346
[ Tue Aug 15 2017 16:27:41 GMT+0800 (CST) ] {"err":0,"msg":"JVvjrobfy8Rr8TGx8CMBraMKC8fP89dJL7"}
[ Tue Aug 15 2017 16:27:41 GMT+0800 (CST) ] time is 1350
[ Tue Aug 15 2017 16:27:41 GMT+0800 (CST) ] {"err":0,"msg":"JKMydoqZGt7NAHMF6MSFNSKLfL8mFZVpCg"}
[ Tue Aug 15 2017 16:27:41 GMT+0800 (CST) ] time is 1343
[ Tue Aug 15 2017 16:27:41 GMT+0800 (CST) ] {"err":0,"msg":"JcEm8jZxKzGXyQ731DBJmibKYdtgX9Eo2W"}
[ Tue Aug 15 2017 16:27:41 GMT+0800 (CST) ] time is 1351
[ Tue Aug 15 2017 16:27:41 GMT+0800 (CST) ] {"err":0,"msg":"Jg1ouGPw8ppWR727ZuznNZ5yPHJuc7qzR9"}
[ Tue Aug 15 2017 16:27:41 GMT+0800 (CST) ] time is 1347
[ Tue Aug 15 2017 16:27:41 GMT+0800 (CST) ] {"err":0,"msg":"Je36AVRhYd8sv1DDt2HRrLnVvReYgKkGLq"}
[ Tue Aug 15 2017 16:27:41 GMT+0800 (CST) ] time is 1351
[ Tue Aug 15 2017 16:27:41 GMT+0800 (CST) ] {"err":0,"msg":"JfYjdh4pnscyh5ca5jcnZcH1yKGnCX7NX3"}
[ Tue Aug 15 2017 16:27:41 GMT+0800 (CST) ] time is 1352
[ Tue Aug 15 2017 16:27:41 GMT+0800 (CST) ] {"err":0,"msg":"JWu3jdQVohc1jVySVg6dFHP5gvMD9k64fT"}
[ Tue Aug 15 2017 16:27:41 GMT+0800 (CST) ] time is 1344
[ Tue Aug 15 2017 16:27:41 GMT+0800 (CST) ] {"err":0,"msg":"JfDWyWLNhHnaEtad8vw6tXxf4LedCxEnJj"}
[ Tue Aug 15 2017 16:27:41 GMT+0800 (CST) ] time is 1348
[ Tue Aug 15 2017 16:27:41 GMT+0800 (CST) ] {"err":0,"msg":"JhEfafqZbCMUeb5Z54SANrEM7X77hGcmjX"}
[ Tue Aug 15 2017 16:27:41 GMT+0800 (CST) ] time is 1352
[ Tue Aug 15 2017 16:27:41 GMT+0800 (CST) ] {"err":0,"msg":"JLtYcCrZPrB4dXuU1qaP8CGuny7NhzxSWU"}
[ Tue Aug 15 2017 16:27:41 GMT+0800 (CST) ] time is 1353
[ Tue Aug 15 2017 16:27:41 GMT+0800 (CST) ] {"err":0,"msg":"JeuMVhDpKKpe6xtgkfKs6sUrzaP5wiBY3W"}
[ Tue Aug 15 2017 16:27:41 GMT+0800 (CST) ] time is 1345
[ Tue Aug 15 2017 16:27:41 GMT+0800 (CST) ] {"err":0,"msg":"Ja2iYWTEuFEAsAcUMtAP1ErRqvjtsHnMMN"}
[ Tue Aug 15 2017 16:27:41 GMT+0800 (CST) ] time is 1349
[ Tue Aug 15 2017 16:27:41 GMT+0800 (CST) ] {"err":0,"msg":"JLFxcPy3cjtTnGUs4SkfaLXcigYUq8VKbC"}
[ Tue Aug 15 2017 16:27:41 GMT+0800 (CST) ] time is 1353
[ Tue Aug 15 2017 16:27:41 GMT+0800 (CST) ] {"err":0,"msg":"JZxonA9gHZ4eT2nP5Q8YCQA5PcDkjPZtBe"}
[ Tue Aug 15 2017 16:27:41 GMT+0800 (CST) ] time is 1354
[ Tue Aug 15 2017 16:27:41 GMT+0800 (CST) ] {"err":0,"msg":"JUE3b19Ty6sNAanHtChbvKrmxkYg1xP9Ru"}
[ Tue Aug 15 2017 16:27:41 GMT+0800 (CST) ] time is 1346
[ Tue Aug 15 2017 16:27:41 GMT+0800 (CST) ] {"err":0,"msg":"JgNhzYjV2D9RNrrK3RVPpC4JHB3UzNPe8j"}
[ Tue Aug 15 2017 16:27:41 GMT+0800 (CST) ] time is 1350
[ Tue Aug 15 2017 16:27:41 GMT+0800 (CST) ] {"err":0,"msg":"JL57B5yBN5aDoo5Y82RKEjWSWwv1hfFggz"}
[ Tue Aug 15 2017 16:27:41 GMT+0800 (CST) ] time is 1354
[ Tue Aug 15 2017 16:27:41 GMT+0800 (CST) ] {"err":0,"msg":"JLE2tS7XfvrbxrD1kknnaDNQas1VZEcwY1"}
[ Tue Aug 15 2017 16:27:41 GMT+0800 (CST) ] time is 1355
[ Tue Aug 15 2017 16:27:41 GMT+0800 (CST) ] {"err":0,"msg":"JYGcthmgMQqqqW67s3bL5daEYyK6FDCQNH"}
[ Tue Aug 15 2017 16:27:41 GMT+0800 (CST) ] time is 1347
[ Tue Aug 15 2017 16:27:41 GMT+0800 (CST) ] {"err":0,"msg":"Jc8jF1arWYqaceJZbY9dmVSgzZZvcMfvzp"}
[ Tue Aug 15 2017 16:27:41 GMT+0800 (CST) ] time is 1351
[ Tue Aug 15 2017 16:27:41 GMT+0800 (CST) ] {"err":0,"msg":"JVFaoHeSbb4A3ti4g1XzvAwiwDjrCc4YNW"}
[ Tue Aug 15 2017 16:27:41 GMT+0800 (CST) ] time is 1355
[ Tue Aug 15 2017 16:27:41 GMT+0800 (CST) ] {"err":0,"msg":"Jf1NVcqANQyJLYJz6H68aTbAA6WG5wvjqn"}
[ Tue Aug 15 2017 16:27:41 GMT+0800 (CST) ] time is 1356
[ Tue Aug 15 2017 16:27:41 GMT+0800 (CST) ] {"err":0,"msg":"JXhXm4NLNuUeMroJXGGG35c3U5wSGwQEn7"}
[ Tue Aug 15 2017 16:27:41 GMT+0800 (CST) ] time is 1348
[ Tue Aug 15 2017 16:27:41 GMT+0800 (CST) ] {"err":0,"msg":"JTFC3VCQopNxqa88b8Hh8cCnmYmt5yVyPx"}
[ Tue Aug 15 2017 16:27:41 GMT+0800 (CST) ] time is 1352
[ Tue Aug 15 2017 16:27:41 GMT+0800 (CST) ] {"err":0,"msg":"JStze2KLAMPGruHTF9X5zcKBtgW96VMpNZ"}
[ Tue Aug 15 2017 16:27:41 GMT+0800 (CST) ] time is 1356
[ Tue Aug 15 2017 16:27:41 GMT+0800 (CST) ] {"err":0,"msg":"JPkaBBT8jFrnG3bxZQts7vGEft9XHKGZot"}
[ Tue Aug 15 2017 16:27:41 GMT+0800 (CST) ] time is 1357
[ Tue Aug 15 2017 16:27:41 GMT+0800 (CST) ] {"err":0,"msg":"JSsDws6do2Yz64jkNTRxVPFiPuHAaxsdnJ"}
[ Tue Aug 15 2017 16:27:41 GMT+0800 (CST) ] time is 1349
[ Tue Aug 15 2017 16:27:41 GMT+0800 (CST) ] {"err":0,"msg":"JTmfMVuoeeo3hHtd61aWKVbzw3dbDjGVaQ"}
[ Tue Aug 15 2017 16:27:41 GMT+0800 (CST) ] time is 1353
[ Tue Aug 15 2017 16:27:41 GMT+0800 (CST) ] {"err":0,"msg":"JZrBrrSw7W2qBKATsr8a7Ac9xt4EnGmvd2"}
[ Tue Aug 15 2017 16:27:41 GMT+0800 (CST) ] time is 1357
[ Tue Aug 15 2017 16:27:41 GMT+0800 (CST) ] {"err":0,"msg":"JU4817Fp5YgGAcY6YmNwDwsqpMrCzcWtoZ"}
[ Tue Aug 15 2017 16:27:41 GMT+0800 (CST) ] time is 1358
[ Tue Aug 15 2017 16:27:41 GMT+0800 (CST) ] {"err":0,"msg":"JReT7nakSgWDVAKpBreNmniKQQqTVdWkMx"}
[ Tue Aug 15 2017 16:27:41 GMT+0800 (CST) ] time is 1350
[ Tue Aug 15 2017 16:27:41 GMT+0800 (CST) ] {"err":0,"msg":"JT9hcWTNtjFuU3ZsZ1vnEj6EYiQVj4sBDS"}
[ Tue Aug 15 2017 16:27:41 GMT+0800 (CST) ] time is 1354
[ Tue Aug 15 2017 16:27:41 GMT+0800 (CST) ] {"err":0,"msg":"JQt22NcxcgneQW8sssFUP8BXeuG4KMDQ3P"}
[ Tue Aug 15 2017 16:27:41 GMT+0800 (CST) ] time is 1358
[ Tue Aug 15 2017 16:27:41 GMT+0800 (CST) ] {"err":0,"msg":"JLrYoCvyNYdtmior3G31i36Zc8kBAo6Ztj"}
[ Tue Aug 15 2017 16:27:41 GMT+0800 (CST) ] time is 1359
[ Tue Aug 15 2017 16:27:41 GMT+0800 (CST) ] {"err":0,"msg":"JbFdvjchrqrtpgwGXrt7S8HzPrn274vS6T"}
[ Tue Aug 15 2017 16:27:41 GMT+0800 (CST) ] time is 1351
[ Tue Aug 15 2017 16:27:41 GMT+0800 (CST) ] {"err":0,"msg":"JeWmhvPsxtN8CvDPUNVao1dcgdUAvVJUQo"}
[ Tue Aug 15 2017 16:27:41 GMT+0800 (CST) ] time is 1355
[ Tue Aug 15 2017 16:27:41 GMT+0800 (CST) ] {"err":0,"msg":"JgrPENe2YJMxGBuTC3VWytH5u5s2BSvX27"}
[ Tue Aug 15 2017 16:27:41 GMT+0800 (CST) ] time is 1359
[ Tue Aug 15 2017 16:27:41 GMT+0800 (CST) ] {"err":0,"msg":"JPqFmuhXzhxZ9P51sbm9Hsy9NqNMpz7Xe3"}
[ Tue Aug 15 2017 16:27:41 GMT+0800 (CST) ] time is 1360
[ Tue Aug 15 2017 16:27:41 GMT+0800 (CST) ] {"err":0,"msg":"JStXcQSamEaAVA6cYN2tUrndJznnGvp8R5"}
[ Tue Aug 15 2017 16:27:41 GMT+0800 (CST) ] time is 1352
[ Tue Aug 15 2017 16:27:41 GMT+0800 (CST) ] {"err":0,"msg":"JTe2mhGF7RVCjQmfY1AaHrd5UME2Tqs1xw"}
[ Tue Aug 15 2017 16:27:41 GMT+0800 (CST) ] time is 1356
[ Tue Aug 15 2017 16:27:41 GMT+0800 (CST) ] {"err":0,"msg":"JRqbLM17hiYpN88XDgGWmN5gjGonRBzHv9"}
[ Tue Aug 15 2017 16:27:41 GMT+0800 (CST) ] time is 1360
[ Tue Aug 15 2017 16:27:41 GMT+0800 (CST) ] {"err":0,"msg":"JPGphhJ2CXBz944agrcj6EddHLYHaVUiUu"}
[ Tue Aug 15 2017 16:27:41 GMT+0800 (CST) ] time is 1361
[ Tue Aug 15 2017 16:27:41 GMT+0800 (CST) ] {"err":0,"msg":"JXciM2j8JJvDa79Pgz4G8fXvrQygfyxsH7"}
[ Tue Aug 15 2017 16:27:41 GMT+0800 (CST) ] time is 1353
[ Tue Aug 15 2017 16:27:41 GMT+0800 (CST) ] {"err":0,"msg":"JgsNxYVtp88nb4fih55wG6FJGE9zi6PFuf"}
[ Tue Aug 15 2017 16:27:41 GMT+0800 (CST) ] time is 1357
[ Tue Aug 15 2017 16:27:41 GMT+0800 (CST) ] {"err":0,"msg":"JKcTz4gL5WpFHDNcCZcdAHn3QvnhLZdTGa"}
[ Tue Aug 15 2017 16:27:41 GMT+0800 (CST) ] time is 1361
[ Tue Aug 15 2017 16:27:41 GMT+0800 (CST) ] {"err":0,"msg":"JcR6xk6BAuhPUryFrLsN4WfHVkaTsfVPjG"}
[ Tue Aug 15 2017 16:27:41 GMT+0800 (CST) ] time is 1354
[ Tue Aug 15 2017 16:27:41 GMT+0800 (CST) ] {"err":0,"msg":"JM9UXgnRNoCJ8f8DcGk8jktssiZgFQPp2s"}
[ Tue Aug 15 2017 16:27:41 GMT+0800 (CST) ] time is 1362
[ Tue Aug 15 2017 16:27:41 GMT+0800 (CST) ] {"err":0,"msg":"JLfbwK5QCnhorsR8quaqE2VB2NVBngdgrn"}
[ Tue Aug 15 2017 16:27:41 GMT+0800 (CST) ] time is 1358
[ Tue Aug 15 2017 16:27:41 GMT+0800 (CST) ] {"err":0,"msg":"JNo9vCNjMttUe9ufXNpc6r5zkfnPjATCVh"}
[ Tue Aug 15 2017 16:27:42 GMT+0800 (CST) ] time is 1362
[ Tue Aug 15 2017 16:27:42 GMT+0800 (CST) ] {"err":0,"msg":"JWApCxS6T6y1bmjRsnfyoVvjTvfSWQjqUw"}
[ Tue Aug 15 2017 16:27:42 GMT+0800 (CST) ] time is 1355
[ Tue Aug 15 2017 16:27:42 GMT+0800 (CST) ] {"err":0,"msg":"JRaXagbMkhxJ6eTqK4DbkVj57uHC4t9AFw"}
[ Tue Aug 15 2017 16:27:42 GMT+0800 (CST) ] time is 1363
[ Tue Aug 15 2017 16:27:42 GMT+0800 (CST) ] {"err":0,"msg":"JYu8qTTGVksaooTkanbaA3F1nXJQuKxVdW"}
[ Tue Aug 15 2017 16:27:42 GMT+0800 (CST) ] time is 1359
[ Tue Aug 15 2017 16:27:42 GMT+0800 (CST) ] {"err":0,"msg":"JVBNosDQmSKGquU43T3FAbdrj4TPR9BxRo"}
[ Tue Aug 15 2017 16:27:42 GMT+0800 (CST) ] time is 1363
[ Tue Aug 15 2017 16:27:42 GMT+0800 (CST) ] {"err":0,"msg":"JYvCz853oAx8HdF7d9hmMP2HmexLZTwhWS"}
[ Tue Aug 15 2017 16:27:42 GMT+0800 (CST) ] time is 1356
[ Tue Aug 15 2017 16:27:42 GMT+0800 (CST) ] {"err":0,"msg":"JQroyMz1ihfNthZMZLsVmoop6QgMM4KGwE"}
[ Tue Aug 15 2017 16:27:42 GMT+0800 (CST) ] time is 1364
[ Tue Aug 15 2017 16:27:42 GMT+0800 (CST) ] {"err":0,"msg":"JS9YfYu3EEejAkXvkHKuS8m7P6kjkZmHBh"}
[ Tue Aug 15 2017 16:27:42 GMT+0800 (CST) ] time is 1360
[ Tue Aug 15 2017 16:27:42 GMT+0800 (CST) ] {"err":0,"msg":"JcdCC9mPx1GXTgnxtzxVH21T1ZgKY6BbtD"}
[ Tue Aug 15 2017 16:27:42 GMT+0800 (CST) ] time is 1364
[ Tue Aug 15 2017 16:27:42 GMT+0800 (CST) ] {"err":0,"msg":"JJg9rDJpLEcdkyE2sVKrqvQs2V2zrcpQR9"}
[ Tue Aug 15 2017 16:27:42 GMT+0800 (CST) ] time is 1357
[ Tue Aug 15 2017 16:27:42 GMT+0800 (CST) ] {"err":0,"msg":"JYvsEQbCmau8V1xKCY9UW9FAsKBBcCtHWg"}
[ Tue Aug 15 2017 16:27:42 GMT+0800 (CST) ] time is 1365
[ Tue Aug 15 2017 16:27:42 GMT+0800 (CST) ] {"err":0,"msg":"JXBkUUt9Ckdor7dtVjEDTRRjVvzSQXdBhp"}
[ Tue Aug 15 2017 16:27:42 GMT+0800 (CST) ] time is 1361
[ Tue Aug 15 2017 16:27:42 GMT+0800 (CST) ] {"err":0,"msg":"JKijCirc5RqSCr57yWWNtf8vVuJ6Kx4tBG"}
[ Tue Aug 15 2017 16:27:42 GMT+0800 (CST) ] time is 1365
[ Tue Aug 15 2017 16:27:42 GMT+0800 (CST) ] {"err":0,"msg":"Je2yHRbxYYEUjKjYXH8gMvmka6WG4zgAaV"}
[ Tue Aug 15 2017 16:27:42 GMT+0800 (CST) ] time is 1358
[ Tue Aug 15 2017 16:27:42 GMT+0800 (CST) ] {"err":0,"msg":"JaVkHdpsXA8vky2bcXmTn8cXRnjGsLJHeV"}
[ Tue Aug 15 2017 16:27:42 GMT+0800 (CST) ] time is 1366
[ Tue Aug 15 2017 16:27:42 GMT+0800 (CST) ] {"err":0,"msg":"JP2mA39cRHHKJGFUX7PLHArA1VwDq2KxLo"}
[ Tue Aug 15 2017 16:27:42 GMT+0800 (CST) ] time is 1366
[ Tue Aug 15 2017 16:27:42 GMT+0800 (CST) ] {"err":0,"msg":"JeVsGe6qU4ULv6L47HR9RAqHv7SLn9GTcX"}
[ Tue Aug 15 2017 16:27:42 GMT+0800 (CST) ] time is 1362
[ Tue Aug 15 2017 16:27:42 GMT+0800 (CST) ] {"err":0,"msg":"JTzkzn6JsYyFt3ckzivwEjjp5NNvntHJi8"}
[ Tue Aug 15 2017 16:27:42 GMT+0800 (CST) ] time is 1359
[ Tue Aug 15 2017 16:27:42 GMT+0800 (CST) ] {"err":0,"msg":"JSVcENwuiP4XB6eXxBZ2yany6ToofL3pQC"}
[ Tue Aug 15 2017 16:27:42 GMT+0800 (CST) ] time is 1367
[ Tue Aug 15 2017 16:27:42 GMT+0800 (CST) ] {"err":0,"msg":"JdeqKDFVhQWYdSjJDF1SpD1cd6kdQBYW91"}
[ Tue Aug 15 2017 16:27:42 GMT+0800 (CST) ] time is 1367
[ Tue Aug 15 2017 16:27:42 GMT+0800 (CST) ] {"err":0,"msg":"JadUtJjf5wFtUDQtmzXAhfhvykhrTJcFve"}
[ Tue Aug 15 2017 16:27:42 GMT+0800 (CST) ] time is 1360
[ Tue Aug 15 2017 16:27:42 GMT+0800 (CST) ] {"err":0,"msg":"JTn3dd8ZhLpaEfE6oFskmbW4yfTaGKyGFb"}
[ Tue Aug 15 2017 16:27:42 GMT+0800 (CST) ] time is 1363
[ Tue Aug 15 2017 16:27:42 GMT+0800 (CST) ] {"err":0,"msg":"JNYwGiFnkTTnPp8i6nkQ2RUFgvo1q9CkXx"}
[ Tue Aug 15 2017 16:27:42 GMT+0800 (CST) ] time is 1368
[ Tue Aug 15 2017 16:27:42 GMT+0800 (CST) ] {"err":0,"msg":"JYacZiDJLm72b9oQX6R9nLN5K55ZNMh51Y"}
[ Tue Aug 15 2017 16:27:42 GMT+0800 (CST) ] time is 1368
[ Tue Aug 15 2017 16:27:42 GMT+0800 (CST) ] {"err":0,"msg":"JP6G9A75ZjQReJoCnaSk8cYcELesXyMhoR"}
[ Tue Aug 15 2017 16:27:42 GMT+0800 (CST) ] time is 1361
[ Tue Aug 15 2017 16:27:42 GMT+0800 (CST) ] {"err":0,"msg":"JRZSuPR92YsWVWmHYffzoeYhbnVkkDayJK"}
[ Tue Aug 15 2017 16:27:42 GMT+0800 (CST) ] time is 1364
[ Tue Aug 15 2017 16:27:42 GMT+0800 (CST) ] {"err":0,"msg":"JgXaGmZ95To1ZVP9dts4KFnALvutGizniJ"}
[ Tue Aug 15 2017 16:27:42 GMT+0800 (CST) ] time is 1369
[ Tue Aug 15 2017 16:27:42 GMT+0800 (CST) ] {"err":0,"msg":"JP7FczwFtSoqdskXTvCHymEASH5tgmqNWS"}
[ Tue Aug 15 2017 16:27:42 GMT+0800 (CST) ] time is 1369
[ Tue Aug 15 2017 16:27:42 GMT+0800 (CST) ] {"err":0,"msg":"JS2yLebnXV61UgrTiJheng4pRXdPd8nyAX"}
[ Tue Aug 15 2017 16:27:42 GMT+0800 (CST) ] time is 1362
[ Tue Aug 15 2017 16:27:42 GMT+0800 (CST) ] {"err":0,"msg":"JW2pdFLpWNrV9tW1iMCLenHZGsowjpJ1V7"}
[ Tue Aug 15 2017 16:27:42 GMT+0800 (CST) ] time is 1365
[ Tue Aug 15 2017 16:27:42 GMT+0800 (CST) ] {"err":0,"msg":"JXgg2XPEX26EoU9HjZ1qbGPtfn4HmZVYFB"}
[ Tue Aug 15 2017 16:27:42 GMT+0800 (CST) ] time is 1370
[ Tue Aug 15 2017 16:27:42 GMT+0800 (CST) ] {"err":0,"msg":"JLDq6NyVYrTVo5LzkeHy3FAkc5hZw4JeL1"}
[ Tue Aug 15 2017 16:27:42 GMT+0800 (CST) ] time is 1370
[ Tue Aug 15 2017 16:27:42 GMT+0800 (CST) ] {"err":0,"msg":"JZzWrt89PyyGovujAHPUERPx1314LSFpca"}
[ Tue Aug 15 2017 16:27:42 GMT+0800 (CST) ] time is 1363
[ Tue Aug 15 2017 16:27:42 GMT+0800 (CST) ] {"err":0,"msg":"JbCVAJ5j8QtHa4y4RFba1FsZwa6VtvFm9R"}
[ Tue Aug 15 2017 16:27:42 GMT+0800 (CST) ] time is 1366
[ Tue Aug 15 2017 16:27:42 GMT+0800 (CST) ] {"err":0,"msg":"JRZfUJfw2TLJChu6vCcBRLXErMRpevvRth"}
[ Tue Aug 15 2017 16:27:42 GMT+0800 (CST) ] time is 1371
[ Tue Aug 15 2017 16:27:42 GMT+0800 (CST) ] {"err":0,"msg":"JPuWqQaGExuve7APDrpqSgAXXEuhGrYveH"}
[ Tue Aug 15 2017 16:27:42 GMT+0800 (CST) ] time is 1371
[ Tue Aug 15 2017 16:27:42 GMT+0800 (CST) ] {"err":0,"msg":"JXESHgtyyjq89deVcHLvre3LHengqUntxW"}
[ Tue Aug 15 2017 16:27:42 GMT+0800 (CST) ] time is 1364
[ Tue Aug 15 2017 16:27:42 GMT+0800 (CST) ] {"err":0,"msg":"JY1pDdXcnJ4AJQw7MJEHVF29gdLX5hgCXU"}
[ Tue Aug 15 2017 16:27:42 GMT+0800 (CST) ] time is 1367
[ Tue Aug 15 2017 16:27:42 GMT+0800 (CST) ] {"err":0,"msg":"JfZzJ7EYmH6RfA6nDwAWfYtQB8HeQ2ZCuV"}
[ Tue Aug 15 2017 16:27:42 GMT+0800 (CST) ] time is 1372
[ Tue Aug 15 2017 16:27:42 GMT+0800 (CST) ] {"err":0,"msg":"JSvzKtZDAbUdXagasQazhfdv9r3Zuz9Wv5"}
[ Tue Aug 15 2017 16:27:42 GMT+0800 (CST) ] time is 1372
[ Tue Aug 15 2017 16:27:42 GMT+0800 (CST) ] {"err":0,"msg":"JNNisULkvQPiiTbmqL1NLdGSVHzZ5SwT1K"}
[ Tue Aug 15 2017 16:27:42 GMT+0800 (CST) ] time is 1365
[ Tue Aug 15 2017 16:27:42 GMT+0800 (CST) ] {"err":0,"msg":"JJigmPWgfRTpgWSpmqrsvDVbB2ssA9y9kb"}
[ Tue Aug 15 2017 16:27:42 GMT+0800 (CST) ] time is 1368
[ Tue Aug 15 2017 16:27:42 GMT+0800 (CST) ] {"err":0,"msg":"Jgm7uHfctZg32NPtmqqiSW1xPLN8FYUd1V"}
[ Tue Aug 15 2017 16:27:42 GMT+0800 (CST) ] time is 1373
[ Tue Aug 15 2017 16:27:42 GMT+0800 (CST) ] {"err":0,"msg":"JSFyZeh1wqJgyd1qjWRn6CtYtwcc2Ke4Hu"}
[ Tue Aug 15 2017 16:27:42 GMT+0800 (CST) ] time is 1373
[ Tue Aug 15 2017 16:27:42 GMT+0800 (CST) ] {"err":0,"msg":"JV3iiH1JBztUwpjm7cJ4FxJHok1TkkFhmD"}
[ Tue Aug 15 2017 16:27:42 GMT+0800 (CST) ] time is 1366
[ Tue Aug 15 2017 16:27:42 GMT+0800 (CST) ] {"err":0,"msg":"JSXhCa1NqZvHjuEuKPQ2q2tuVRxBWUyVsx"}
[ Tue Aug 15 2017 16:27:42 GMT+0800 (CST) ] time is 1369
[ Tue Aug 15 2017 16:27:42 GMT+0800 (CST) ] {"err":0,"msg":"JLTDzz2Rk5x9iXRCgwz5JeMakasPqHt2By"}
[ Tue Aug 15 2017 16:27:42 GMT+0800 (CST) ] time is 1374
[ Tue Aug 15 2017 16:27:42 GMT+0800 (CST) ] {"err":0,"msg":"JfNT4m9XT8madQ3Hf9SM5rStkkbmsTaZue"}
[ Tue Aug 15 2017 16:27:42 GMT+0800 (CST) ] time is 1374
[ Tue Aug 15 2017 16:27:42 GMT+0800 (CST) ] {"err":0,"msg":"JZaENRdFDq3eWM4mVzMcqAuZ3f3qSMy2HS"}
[ Tue Aug 15 2017 16:27:42 GMT+0800 (CST) ] time is 1367
[ Tue Aug 15 2017 16:27:42 GMT+0800 (CST) ] {"err":0,"msg":"Jd4yyc24Zj7HBAzXR6FNETQcaFvsjEdxpE"}
[ Tue Aug 15 2017 16:27:42 GMT+0800 (CST) ] time is 1370
[ Tue Aug 15 2017 16:27:42 GMT+0800 (CST) ] {"err":0,"msg":"JU1x7NzjG56ZLqirxHVPg9hjNFUFUj9tPB"}
[ Tue Aug 15 2017 16:27:42 GMT+0800 (CST) ] time is 1375
[ Tue Aug 15 2017 16:27:42 GMT+0800 (CST) ] {"err":0,"msg":"JVTRx1UgxdKwBwuvKs71uVRTb4EMzDPTNB"}
[ Tue Aug 15 2017 16:27:42 GMT+0800 (CST) ] time is 1375
[ Tue Aug 15 2017 16:27:42 GMT+0800 (CST) ] {"err":0,"msg":"JgsH7mRS7tT8bqrntXBFjyuvw3AZZ1enso"}
[ Tue Aug 15 2017 16:27:42 GMT+0800 (CST) ] time is 1368
[ Tue Aug 15 2017 16:27:42 GMT+0800 (CST) ] {"err":0,"msg":"Jc4kkr34KGf4d5yt5KiR3rZgtfWjsqZcp6"}
[ Tue Aug 15 2017 16:27:42 GMT+0800 (CST) ] {"err":0,"msg":"JQfbingceacBpzbuu8foAMXRjj62wLjYp4"}
[ Tue Aug 15 2017 16:27:42 GMT+0800 (CST) ] time is 1371
[ Tue Aug 15 2017 16:27:42 GMT+0800 (CST) ] time is 1376
[ Tue Aug 15 2017 16:27:42 GMT+0800 (CST) ] {"err":0,"msg":"JWYhduSqNqbUdCa74w1utmKtkPpaTQMpcx"}
[ Tue Aug 15 2017 16:27:42 GMT+0800 (CST) ] time is 1376
[ Tue Aug 15 2017 16:27:42 GMT+0800 (CST) ] {"err":0,"msg":"JY2g62RaeMYUh73cJ7BUtUBwR9CAib6b2R"}
[ Tue Aug 15 2017 16:27:42 GMT+0800 (CST) ] time is 1369
[ Tue Aug 15 2017 16:27:42 GMT+0800 (CST) ] {"err":0,"msg":"JYAYTkmcXgt74AsRh4cA2JjH3TYouwHygG"}
[ Tue Aug 15 2017 16:27:42 GMT+0800 (CST) ] time is 1372
[ Tue Aug 15 2017 16:27:42 GMT+0800 (CST) ] {"err":0,"msg":"JV3MYpTsXST3g18mTA6hJFaw5XS8EHB9Mk"}
[ Tue Aug 15 2017 16:27:42 GMT+0800 (CST) ] time is 1377
[ Tue Aug 15 2017 16:27:42 GMT+0800 (CST) ] {"err":0,"msg":"JMjEN586UTCQKVSrsuWTptfS423j9EkXSB"}
[ Tue Aug 15 2017 16:27:42 GMT+0800 (CST) ] {"err":0,"msg":"JUxM94YoybBwFSBSEW9ueLWiifNE4dZ9t7"}
[ Tue Aug 15 2017 16:27:42 GMT+0800 (CST) ] time is 1377
[ Tue Aug 15 2017 16:27:42 GMT+0800 (CST) ] time is 1370
[ Tue Aug 15 2017 16:27:42 GMT+0800 (CST) ] {"err":0,"msg":"JWhbEqEEbHgupEkYXnJWvK7hZB7oQcwPn5"}
[ Tue Aug 15 2017 16:27:42 GMT+0800 (CST) ] time is 1373
[ Tue Aug 15 2017 16:27:42 GMT+0800 (CST) ] {"err":0,"msg":"JQwwBRCqXwkXEV3c8A2t9LvofWCCvrno56"}
[ Tue Aug 15 2017 16:27:42 GMT+0800 (CST) ] time is 1378
[ Tue Aug 15 2017 16:27:42 GMT+0800 (CST) ] {"err":0,"msg":"JPvm5GgCQJ3hDq5dmyDepAH5K9mTtuXcqJ"}
[ Tue Aug 15 2017 16:27:42 GMT+0800 (CST) ] time is 1378
[ Tue Aug 15 2017 16:27:42 GMT+0800 (CST) ] {"err":0,"msg":"JSppgArHm5SSMQ23uKyZRAZbsfDgYGwRCp"}
[ Tue Aug 15 2017 16:27:42 GMT+0800 (CST) ] time is 1371
[ Tue Aug 15 2017 16:27:42 GMT+0800 (CST) ] {"err":0,"msg":"JM8eeRkb43Ks6F5wKxwGoGht3F4dwvRW3r"}
[ Tue Aug 15 2017 16:27:42 GMT+0800 (CST) ] time is 1374
[ Tue Aug 15 2017 16:27:42 GMT+0800 (CST) ] {"err":0,"msg":"Jb1FxZt4KCWVFRx4FN1GW8AUGu4QxQPm23"}
[ Tue Aug 15 2017 16:27:42 GMT+0800 (CST) ] time is 1379
[ Tue Aug 15 2017 16:27:42 GMT+0800 (CST) ] {"err":0,"msg":"JMWZ1pLF4KBBLcsE9AyPf7Fp3db3iSPwRi"}
[ Tue Aug 15 2017 16:27:42 GMT+0800 (CST) ] time is 1379
[ Tue Aug 15 2017 16:27:42 GMT+0800 (CST) ] {"err":0,"msg":"JeceehRxo9BDzu41SFxKcgkRrMukEFLp8k"}
[ Tue Aug 15 2017 16:27:42 GMT+0800 (CST) ] time is 1372
[ Tue Aug 15 2017 16:27:42 GMT+0800 (CST) ] {"err":0,"msg":"JLAM9Hdo4VxtckqmLrEcGeX9pdiWnF8TZQ"}
[ Tue Aug 15 2017 16:27:42 GMT+0800 (CST) ] time is 1375
[ Tue Aug 15 2017 16:27:42 GMT+0800 (CST) ] {"err":0,"msg":"JVsqgWuvbgVa7zRRJUKzSo8j9iWCzmitLA"}
[ Tue Aug 15 2017 16:27:42 GMT+0800 (CST) ] time is 1380
[ Tue Aug 15 2017 16:27:42 GMT+0800 (CST) ] {"err":0,"msg":"JcKUekRFmDDde9Uz6YuDArEXmFrR9cV1Lf"}
[ Tue Aug 15 2017 16:27:42 GMT+0800 (CST) ] time is 1380
[ Tue Aug 15 2017 16:27:42 GMT+0800 (CST) ] {"err":0,"msg":"JT2v8GKzV63qHu5Xx8L76ogQdXPyBL7hkH"}
[ Tue Aug 15 2017 16:27:42 GMT+0800 (CST) ] time is 1373
[ Tue Aug 15 2017 16:27:42 GMT+0800 (CST) ] {"err":0,"msg":"JVcGmn7hLDuUmtxWu9wsk4TeSCR4dQFdDt"}
[ Tue Aug 15 2017 16:27:42 GMT+0800 (CST) ] time is 1376
[ Tue Aug 15 2017 16:27:42 GMT+0800 (CST) ] {"err":0,"msg":"JU9DJnMVaMNTGwcGMjkyGp7rY9T3UApQ5Y"}
[ Tue Aug 15 2017 16:27:43 GMT+0800 (CST) ] time is 1381
[ Tue Aug 15 2017 16:27:43 GMT+0800 (CST) ] {"err":0,"msg":"JW7gDJ9aBKd4kEHoTvVTWgeVLRLg7XwXVx"}
[ Tue Aug 15 2017 16:27:43 GMT+0800 (CST) ] time is 1381
[ Tue Aug 15 2017 16:27:43 GMT+0800 (CST) ] {"err":0,"msg":"JVV1shsUijjBL4kY8JuavXxy9ez5zNMjg8"}
[ Tue Aug 15 2017 16:27:43 GMT+0800 (CST) ] time is 1374
[ Tue Aug 15 2017 16:27:43 GMT+0800 (CST) ] {"err":0,"msg":"JaRxPUmkWUK9j4Ux4uy8kRrMe2eAwXMEwb"}
[ Tue Aug 15 2017 16:27:43 GMT+0800 (CST) ] time is 1377
[ Tue Aug 15 2017 16:27:43 GMT+0800 (CST) ] {"err":0,"msg":"JaFpLYGzm38UeWY7JtKzwPwKSiAS5yjBWA"}
[ Tue Aug 15 2017 16:27:43 GMT+0800 (CST) ] time is 1382
[ Tue Aug 15 2017 16:27:43 GMT+0800 (CST) ] {"err":0,"msg":"JQNqoeSZP1aQnQuDcAQwTQFtJWGBC8EiMe"}
[ Tue Aug 15 2017 16:27:43 GMT+0800 (CST) ] time is 1382
[ Tue Aug 15 2017 16:27:43 GMT+0800 (CST) ] {"err":0,"msg":"JRwNBNSCGXDHks9nwPrsorPfyoCJMqz73m"}
[ Tue Aug 15 2017 16:27:43 GMT+0800 (CST) ] time is 1375
[ Tue Aug 15 2017 16:27:43 GMT+0800 (CST) ] {"err":0,"msg":"JTSYExUKGF7UyRgyXX3j6oXNzbBHXZftKN"}
[ Tue Aug 15 2017 16:27:43 GMT+0800 (CST) ] time is 1378
[ Tue Aug 15 2017 16:27:43 GMT+0800 (CST) ] {"err":0,"msg":"JJesV2NJAkaNQq3SuxHp9ukYVzdQjSGHpM"}
[ Tue Aug 15 2017 16:27:43 GMT+0800 (CST) ] time is 1383
[ Tue Aug 15 2017 16:27:43 GMT+0800 (CST) ] {"err":0,"msg":"JRc9dwq9Cac8rbezVViUmpnFBFrjvHhzNn"}
[ Tue Aug 15 2017 16:27:43 GMT+0800 (CST) ] time is 1383
[ Tue Aug 15 2017 16:27:43 GMT+0800 (CST) ] {"err":0,"msg":"JKnNDKw8Les2akg2Axg8PquReopAPDkiNu"}
[ Tue Aug 15 2017 16:27:43 GMT+0800 (CST) ] time is 1376
[ Tue Aug 15 2017 16:27:43 GMT+0800 (CST) ] {"err":0,"msg":"JfviZ2tog7SL3WSmw4Tit736eyc79h2mYf"}
[ Tue Aug 15 2017 16:27:43 GMT+0800 (CST) ] time is 1379
[ Tue Aug 15 2017 16:27:43 GMT+0800 (CST) ] {"err":0,"msg":"JQPt8cHJqvVigsoj8Ad8jBB6cK8HDryCyi"}
[ Tue Aug 15 2017 16:27:43 GMT+0800 (CST) ] time is 1384
[ Tue Aug 15 2017 16:27:43 GMT+0800 (CST) ] {"err":0,"msg":"JgjBwQBbUH8JRJDyt7K4pt3guMeFC9eqeQ"}
[ Tue Aug 15 2017 16:27:43 GMT+0800 (CST) ] time is 1384
[ Tue Aug 15 2017 16:27:43 GMT+0800 (CST) ] {"err":0,"msg":"JXno8wPHwgyH6xBDCKENXuTvxHgQe2dCkU"}
[ Tue Aug 15 2017 16:27:43 GMT+0800 (CST) ] time is 1377
[ Tue Aug 15 2017 16:27:43 GMT+0800 (CST) ] {"err":0,"msg":"JYDYtTR7mkPFWXFELnVjAL9DJX7ce18xqd"}
[ Tue Aug 15 2017 16:27:43 GMT+0800 (CST) ] time is 1380
[ Tue Aug 15 2017 16:27:43 GMT+0800 (CST) ] {"err":0,"msg":"JZeU219EDBMRx2UxEcW2cyew3wZVEeDzVZ"}
[ Tue Aug 15 2017 16:27:43 GMT+0800 (CST) ] time is 1385
[ Tue Aug 15 2017 16:27:43 GMT+0800 (CST) ] {"err":0,"msg":"JQukMLJn8Qi8JKpekj6uEoDV98CPqtJvWq"}
[ Tue Aug 15 2017 16:27:43 GMT+0800 (CST) ] time is 1385
[ Tue Aug 15 2017 16:27:43 GMT+0800 (CST) ] {"err":0,"msg":"Jb9HS83uQVTZqE7iLMke4E9cnKMDruL5bq"}
[ Tue Aug 15 2017 16:27:43 GMT+0800 (CST) ] time is 1378
[ Tue Aug 15 2017 16:27:43 GMT+0800 (CST) ] {"err":0,"msg":"JNQHvzkEypFtRgKNbGHpWkGVqtEiB7oHge"}
[ Tue Aug 15 2017 16:27:43 GMT+0800 (CST) ] time is 1381
[ Tue Aug 15 2017 16:27:43 GMT+0800 (CST) ] {"err":0,"msg":"JL8yhAkyyMSpvhqwjdLpEWsvCDHfycZr14"}
[ Tue Aug 15 2017 16:27:43 GMT+0800 (CST) ] time is 1386
[ Tue Aug 15 2017 16:27:43 GMT+0800 (CST) ] {"err":0,"msg":"JUx9gU9Q2e2HPLtQRy7i2fdH8pS6WRiWgQ"}
[ Tue Aug 15 2017 16:27:43 GMT+0800 (CST) ] time is 1386
[ Tue Aug 15 2017 16:27:43 GMT+0800 (CST) ] {"err":0,"msg":"JfAoUpjCudcqgBA9nPzJ1vv6idq63LYgD3"}
[ Tue Aug 15 2017 16:27:43 GMT+0800 (CST) ] time is 1379
[ Tue Aug 15 2017 16:27:43 GMT+0800 (CST) ] {"err":0,"msg":"JPMkU5jSwPSaQEKidrAQ79C33ycpGxr2Lt"}
[ Tue Aug 15 2017 16:27:43 GMT+0800 (CST) ] time is 1382
[ Tue Aug 15 2017 16:27:43 GMT+0800 (CST) ] {"err":0,"msg":"JhW8uxjvi5YMnHYv2JJqdf55Yru59aBGMi"}
[ Tue Aug 15 2017 16:27:43 GMT+0800 (CST) ] time is 1387
[ Tue Aug 15 2017 16:27:43 GMT+0800 (CST) ] {"err":0,"msg":"JU4DJgmiP6exUppY6pyFzL5xdCkNX3fUkb"}
[ Tue Aug 15 2017 16:27:43 GMT+0800 (CST) ] time is 1387
[ Tue Aug 15 2017 16:27:43 GMT+0800 (CST) ] {"err":0,"msg":"JMCzEYStwaizsWtJo9UHadL9A5HNrwMy6h"}
[ Tue Aug 15 2017 16:27:43 GMT+0800 (CST) ] time is 1380
[ Tue Aug 15 2017 16:27:43 GMT+0800 (CST) ] {"err":0,"msg":"JPoRw3fuemV3Bmh5mchwsPkEUNYeYc7XWs"}
[ Tue Aug 15 2017 16:27:43 GMT+0800 (CST) ] time is 1383
[ Tue Aug 15 2017 16:27:43 GMT+0800 (CST) ] {"err":0,"msg":"Jf6wb1tfzR9ohEMMNDgQa5D7GcYLkgtHa1"}
[ Tue Aug 15 2017 16:27:43 GMT+0800 (CST) ] time is 1388
[ Tue Aug 15 2017 16:27:43 GMT+0800 (CST) ] {"err":0,"msg":"JfumjeJebC3QCTTMewJErNRwpxhZf7ogi2"}
[ Tue Aug 15 2017 16:27:43 GMT+0800 (CST) ] time is 1388
[ Tue Aug 15 2017 16:27:43 GMT+0800 (CST) ] {"err":0,"msg":"Jh5HSmhQMWreFd59MrCTuYyUJsgw87dVqj"}
[ Tue Aug 15 2017 16:27:43 GMT+0800 (CST) ] time is 1381
[ Tue Aug 15 2017 16:27:43 GMT+0800 (CST) ] {"err":0,"msg":"JVBSvsKJfsXEJ4ggq7NVEznMsG7Yc2ByKe"}
[ Tue Aug 15 2017 16:27:43 GMT+0800 (CST) ] time is 1384
[ Tue Aug 15 2017 16:27:43 GMT+0800 (CST) ] {"err":0,"msg":"JZ3TiGKke3zqdqBf5sA12bW225mT3TENB5"}
[ Tue Aug 15 2017 16:27:43 GMT+0800 (CST) ] time is 1389
[ Tue Aug 15 2017 16:27:43 GMT+0800 (CST) ] {"err":0,"msg":"JKZZupcEBS2mKLvUQSjMedfYuhy7TJ82NL"}
[ Tue Aug 15 2017 16:27:43 GMT+0800 (CST) ] time is 1389
[ Tue Aug 15 2017 16:27:43 GMT+0800 (CST) ] {"err":0,"msg":"JRQQQF4DrkoBEc8W15Yrs6yf8P4Hyn5bFd"}
[ Tue Aug 15 2017 16:27:43 GMT+0800 (CST) ] time is 1382
[ Tue Aug 15 2017 16:27:43 GMT+0800 (CST) ] {"err":0,"msg":"JXvNkqYZSCv42CdBDg4zNLMR7jYaZXAmBy"}
[ Tue Aug 15 2017 16:27:43 GMT+0800 (CST) ] time is 1390
[ Tue Aug 15 2017 16:27:43 GMT+0800 (CST) ] {"err":0,"msg":"JSyDATyahY6JsKhdiV2njrSVUnQNphMCz2"}
[ Tue Aug 15 2017 16:27:43 GMT+0800 (CST) ] time is 1390
[ Tue Aug 15 2017 16:27:43 GMT+0800 (CST) ] {"err":0,"msg":"JcuBHgqQeyhsGjhfRFhESZkbkXMEXeS2tE"}
[ Tue Aug 15 2017 16:27:43 GMT+0800 (CST) ] time is 1385
[ Tue Aug 15 2017 16:27:43 GMT+0800 (CST) ] {"err":0,"msg":"JRdzJQdCAYTnckGZonnuHd5PgbTZXSmoiu"}
[ Tue Aug 15 2017 16:27:43 GMT+0800 (CST) ] time is 1383
[ Tue Aug 15 2017 16:27:43 GMT+0800 (CST) ] {"err":0,"msg":"JLkHmbnqFmy8YEM1UvE9XUtvZ13wHZo3iy"}
[ Tue Aug 15 2017 16:27:43 GMT+0800 (CST) ] time is 1391
[ Tue Aug 15 2017 16:27:43 GMT+0800 (CST) ] {"err":0,"msg":"JJtui9kqHA7odDApjddbGecQ5CWcUCZz5J"}
[ Tue Aug 15 2017 16:27:43 GMT+0800 (CST) ] time is 1391
[ Tue Aug 15 2017 16:27:43 GMT+0800 (CST) ] {"err":0,"msg":"Jg2eYSS9EEdM9mS6sbL3rs28zPDVNAPr8J"}
[ Tue Aug 15 2017 16:27:43 GMT+0800 (CST) ] time is 1386
[ Tue Aug 15 2017 16:27:43 GMT+0800 (CST) ] {"err":0,"msg":"JgbfBE4nLFGyeSiKB4yv4x8pXJLVzWhjSA"}
[ Tue Aug 15 2017 16:27:43 GMT+0800 (CST) ] time is 1384
[ Tue Aug 15 2017 16:27:43 GMT+0800 (CST) ] {"err":0,"msg":"JgSch5kH2YLrMKCcZjjNCU5fhUy4Gezkj9"}
[ Tue Aug 15 2017 16:27:43 GMT+0800 (CST) ] time is 1392
[ Tue Aug 15 2017 16:27:43 GMT+0800 (CST) ] {"err":0,"msg":"JNLNuyThMPsrWLiUGeKgFdmuc7Bi1FWWeM"}
[ Tue Aug 15 2017 16:27:43 GMT+0800 (CST) ] time is 1392
[ Tue Aug 15 2017 16:27:43 GMT+0800 (CST) ] {"err":0,"msg":"JQdoh34VhqudjPK7yt5ubSy2yd8U7aFm4t"}
[ Tue Aug 15 2017 16:27:43 GMT+0800 (CST) ] time is 1387
[ Tue Aug 15 2017 16:27:43 GMT+0800 (CST) ] {"err":0,"msg":"JJsJSjYhhjDQDT8FXYYHbnY76vKD1nK9My"}
[ Tue Aug 15 2017 16:27:43 GMT+0800 (CST) ] time is 1385
[ Tue Aug 15 2017 16:27:43 GMT+0800 (CST) ] {"err":0,"msg":"JgWQzcuXBNBuCAsSXN5wZxKkxRy2YoSCRp"}
[ Tue Aug 15 2017 16:27:43 GMT+0800 (CST) ] time is 1393
[ Tue Aug 15 2017 16:27:43 GMT+0800 (CST) ] {"err":0,"msg":"JhpKBa5noRnHb25MKdWvy4wP4bpjioXMSM"}
[ Tue Aug 15 2017 16:27:43 GMT+0800 (CST) ] time is 1393
[ Tue Aug 15 2017 16:27:43 GMT+0800 (CST) ] {"err":0,"msg":"JVkH8UnqJHeawhPYVbkci8VafGdpJFJHrh"}
[ Tue Aug 15 2017 16:27:43 GMT+0800 (CST) ] time is 1388
[ Tue Aug 15 2017 16:27:43 GMT+0800 (CST) ] {"err":0,"msg":"JPR95QFrmbSkqJnpoX2fdJGcStZxWPMiha"}
[ Tue Aug 15 2017 16:27:43 GMT+0800 (CST) ] time is 1386
[ Tue Aug 15 2017 16:27:43 GMT+0800 (CST) ] {"err":0,"msg":"JcTaMGYYZEiEMNgyqP8s5vNM956qi8k2uF"}
[ Tue Aug 15 2017 16:27:43 GMT+0800 (CST) ] time is 1394
[ Tue Aug 15 2017 16:27:43 GMT+0800 (CST) ] {"err":0,"msg":"JSXDmAXaaot1xjvXbAXzvyVVv8kMHb9BPX"}
[ Tue Aug 15 2017 16:27:43 GMT+0800 (CST) ] time is 1394
[ Tue Aug 15 2017 16:27:43 GMT+0800 (CST) ] {"err":0,"msg":"JbgUVbCHwRQpaQaPWZwbJ2WvhijU8vExey"}
[ Tue Aug 15 2017 16:27:43 GMT+0800 (CST) ] time is 1389
[ Tue Aug 15 2017 16:27:43 GMT+0800 (CST) ] {"err":0,"msg":"JXbEyXGn1LhfovzCMrcfWKAt3P22KKyW3y"}
[ Tue Aug 15 2017 16:27:43 GMT+0800 (CST) ] time is 1387
[ Tue Aug 15 2017 16:27:43 GMT+0800 (CST) ] {"err":0,"msg":"JeYN51vrvcNKj8qPBao1kTcJC3gcG3xYfT"}
[ Tue Aug 15 2017 16:27:43 GMT+0800 (CST) ] time is 1395
[ Tue Aug 15 2017 16:27:43 GMT+0800 (CST) ] {"err":0,"msg":"Jd8HrhdUgBUXk9BLcXXgi6KZgUscjN84zc"}
[ Tue Aug 15 2017 16:27:43 GMT+0800 (CST) ] time is 1395
[ Tue Aug 15 2017 16:27:43 GMT+0800 (CST) ] {"err":0,"msg":"Jg7UKcX5pan3nbpR57pM394N4mvR5L1nys"}
[ Tue Aug 15 2017 16:27:43 GMT+0800 (CST) ] time is 1390
[ Tue Aug 15 2017 16:27:43 GMT+0800 (CST) ] {"err":0,"msg":"JRZ1Az2rR7UwXVyzvoZUfQ4VXmdTvsWFnA"}
[ Tue Aug 15 2017 16:27:43 GMT+0800 (CST) ] time is 1388
[ Tue Aug 15 2017 16:27:43 GMT+0800 (CST) ] {"err":0,"msg":"JMERxXJ3NtudUAyKmLrShJcWcTofndUwfm"}
[ Tue Aug 15 2017 16:27:43 GMT+0800 (CST) ] time is 1396
[ Tue Aug 15 2017 16:27:43 GMT+0800 (CST) ] {"err":0,"msg":"Jauq2HVV67dwwUR65tbXsznVgprDoqkK3P"}
[ Tue Aug 15 2017 16:27:43 GMT+0800 (CST) ] time is 1396
[ Tue Aug 15 2017 16:27:43 GMT+0800 (CST) ] {"err":0,"msg":"JV5Zep4JHAkudUPs6cbp5Dt1Y8CBzn1Xg3"}
[ Tue Aug 15 2017 16:27:43 GMT+0800 (CST) ] time is 1391
[ Tue Aug 15 2017 16:27:43 GMT+0800 (CST) ] {"err":0,"msg":"Je6gUU88oEc9JNvbMAaaYKsJ4SiqdU1UXn"}
[ Tue Aug 15 2017 16:27:43 GMT+0800 (CST) ] time is 1389
[ Tue Aug 15 2017 16:27:43 GMT+0800 (CST) ] {"err":0,"msg":"JeksGdeyoZvAFi7G8nxPkrWjJzPnHCtLCA"}
[ Tue Aug 15 2017 16:27:43 GMT+0800 (CST) ] time is 1397
[ Tue Aug 15 2017 16:27:43 GMT+0800 (CST) ] {"err":0,"msg":"Jf7U4AwnkW5fX8CxGACKpbCEMy7PF2AFNo"}
[ Tue Aug 15 2017 16:27:43 GMT+0800 (CST) ] time is 1397
[ Tue Aug 15 2017 16:27:43 GMT+0800 (CST) ] {"err":0,"msg":"JbzAYpM8FCpscYe4Twox8usontjaqbQ5nj"}
[ Tue Aug 15 2017 16:27:43 GMT+0800 (CST) ] time is 1392
[ Tue Aug 15 2017 16:27:43 GMT+0800 (CST) ] {"err":0,"msg":"JPSga858ahu62M5cYpSZVm63e2hwQkYUdA"}
[ Tue Aug 15 2017 16:27:43 GMT+0800 (CST) ] time is 1390
[ Tue Aug 15 2017 16:27:43 GMT+0800 (CST) ] {"err":0,"msg":"JdycmrdJL4Eua87a9iG3ijBpSBkeFzQ1r5"}
[ Tue Aug 15 2017 16:27:44 GMT+0800 (CST) ] time is 1398
[ Tue Aug 15 2017 16:27:44 GMT+0800 (CST) ] {"err":0,"msg":"JUsAeohbcTeGPWu9XrbK7bwNYdB7fQSwtr"}
[ Tue Aug 15 2017 16:27:44 GMT+0800 (CST) ] time is 1398
[ Tue Aug 15 2017 16:27:44 GMT+0800 (CST) ] {"err":0,"msg":"JbJynbyF1CHDXiUorAAwtrfuxpVCCuYB63"}
[ Tue Aug 15 2017 16:27:44 GMT+0800 (CST) ] time is 1393
[ Tue Aug 15 2017 16:27:44 GMT+0800 (CST) ] {"err":0,"msg":"JgkYSFauVPeWvdgYWGVGFCJd4hHRhk3grf"}
[ Tue Aug 15 2017 16:27:44 GMT+0800 (CST) ] time is 1399
[ Tue Aug 15 2017 16:27:44 GMT+0800 (CST) ] {"err":0,"msg":"JLCx2VPUNC2cdi75yTYtaSNZGcVBiEYbo4"}
[ Tue Aug 15 2017 16:27:44 GMT+0800 (CST) ] time is 1391
[ Tue Aug 15 2017 16:27:44 GMT+0800 (CST) ] {"err":0,"msg":"Jek3fCC3RiCjnoTFzZDzd5DmGALKefAojC"}
[ Tue Aug 15 2017 16:27:44 GMT+0800 (CST) ] time is 1399
[ Tue Aug 15 2017 16:27:44 GMT+0800 (CST) ] {"err":0,"msg":"Jd42DFERhjQFGLXuqnxXYUgLd8sAyVwJ2p"}
[ Tue Aug 15 2017 16:27:44 GMT+0800 (CST) ] time is 1394
[ Tue Aug 15 2017 16:27:44 GMT+0800 (CST) ] {"err":0,"msg":"JULwStC1wHJSvHAhzLRk54HTksMc62qDQz"}
[ Tue Aug 15 2017 16:27:44 GMT+0800 (CST) ] time is 1400
[ Tue Aug 15 2017 16:27:44 GMT+0800 (CST) ] {"err":0,"msg":"JZSbDV7rt1iRWHZpnFXvrPyKXeBwUJs99y"}
[ Tue Aug 15 2017 16:27:44 GMT+0800 (CST) ] time is 1392
[ Tue Aug 15 2017 16:27:44 GMT+0800 (CST) ] {"err":0,"msg":"JRuSc3fNYdBps2DxYK7YxUEzytZqaEoRVx"}
[ Tue Aug 15 2017 16:27:44 GMT+0800 (CST) ] time is 1400
[ Tue Aug 15 2017 16:27:44 GMT+0800 (CST) ] {"err":0,"msg":"JLrYHJfUHNqxYmrnDL2j4aj828XykSNTLs"}
[ Tue Aug 15 2017 16:27:44 GMT+0800 (CST) ] time is 1395
[ Tue Aug 15 2017 16:27:44 GMT+0800 (CST) ] {"err":0,"msg":"Jg9XJgU7VdytXwt6FZLWqtNgmAdKD8Mr1M"}
[ Tue Aug 15 2017 16:27:44 GMT+0800 (CST) ] time is 1401
[ Tue Aug 15 2017 16:27:44 GMT+0800 (CST) ] {"err":0,"msg":"JKsPSJnPjdziCXveshEwqrsFYn6Kh1HEWy"}
[ Tue Aug 15 2017 16:27:44 GMT+0800 (CST) ] time is 1393
[ Tue Aug 15 2017 16:27:44 GMT+0800 (CST) ] {"err":0,"msg":"JRfonYitxMK4e6XQxLtVoAipHnZpP36mBm"}
[ Tue Aug 15 2017 16:27:44 GMT+0800 (CST) ] time is 1401
[ Tue Aug 15 2017 16:27:44 GMT+0800 (CST) ] {"err":0,"msg":"JSjatKLMJHSrxsvsn4NkacYvFd7mP3NKwX"}
[ Tue Aug 15 2017 16:27:44 GMT+0800 (CST) ] time is 1396
[ Tue Aug 15 2017 16:27:44 GMT+0800 (CST) ] {"err":0,"msg":"JcFV6ek4u53AeYWM7YEaN2mEhK3xkfs8Cv"}
[ Tue Aug 15 2017 16:27:44 GMT+0800 (CST) ] time is 1402
[ Tue Aug 15 2017 16:27:44 GMT+0800 (CST) ] {"err":0,"msg":"JSpBUriXeR5rggJ7gFiMy97Ge8x5jsSasf"}
[ Tue Aug 15 2017 16:27:44 GMT+0800 (CST) ] time is 1394
[ Tue Aug 15 2017 16:27:44 GMT+0800 (CST) ] {"err":0,"msg":"Jc5Xu4ffuhyvndVAR6jkAy7JufYGFwLiSN"}
[ Tue Aug 15 2017 16:27:44 GMT+0800 (CST) ] time is 1402
[ Tue Aug 15 2017 16:27:44 GMT+0800 (CST) ] {"err":0,"msg":"JLG4mSCy8ynxBKQYnDi9EH6NyMvvVwWKrg"}
[ Tue Aug 15 2017 16:27:44 GMT+0800 (CST) ] time is 1397
[ Tue Aug 15 2017 16:27:44 GMT+0800 (CST) ] {"err":0,"msg":"JP5LPCviRURrxeXxH8ttnVUDKc1UbnSkvb"}
[ Tue Aug 15 2017 16:27:44 GMT+0800 (CST) ] time is 1403
[ Tue Aug 15 2017 16:27:44 GMT+0800 (CST) ] {"err":0,"msg":"JMBHpu2gBZaUNfBMKFJGovRcJsC38BY9Go"}
[ Tue Aug 15 2017 16:27:44 GMT+0800 (CST) ] time is 1395
[ Tue Aug 15 2017 16:27:44 GMT+0800 (CST) ] {"err":0,"msg":"JNtsjttJ82GvhKVBHcFjvXXswstmxWLEod"}
[ Tue Aug 15 2017 16:27:44 GMT+0800 (CST) ] time is 1403
[ Tue Aug 15 2017 16:27:44 GMT+0800 (CST) ] {"err":0,"msg":"Jfnnd3VgE2eFMB1okN42J5qLriEaE7SJTL"}
[ Tue Aug 15 2017 16:27:44 GMT+0800 (CST) ] time is 1398
[ Tue Aug 15 2017 16:27:44 GMT+0800 (CST) ] {"err":0,"msg":"JfjuFDV1DZEhmaJF2hpaTm5MVXSUqHn33D"}
[ Tue Aug 15 2017 16:27:44 GMT+0800 (CST) ] time is 1404
[ Tue Aug 15 2017 16:27:44 GMT+0800 (CST) ] {"err":0,"msg":"JYbwawHrbbyvHaaZBjEYK8Bw3uuSrfkVr6"}
[ Tue Aug 15 2017 16:27:44 GMT+0800 (CST) ] time is 1396
[ Tue Aug 15 2017 16:27:44 GMT+0800 (CST) ] {"err":0,"msg":"Jb6W7ZQXyoEGx9C6PGkoiq9WijYmYiu4BN"}
[ Tue Aug 15 2017 16:27:44 GMT+0800 (CST) ] time is 1404
[ Tue Aug 15 2017 16:27:44 GMT+0800 (CST) ] {"err":0,"msg":"JRXX3PsUdsBNxZPjfYYhsxVVQZjwtEg8BP"}
[ Tue Aug 15 2017 16:27:44 GMT+0800 (CST) ] time is 1399
[ Tue Aug 15 2017 16:27:44 GMT+0800 (CST) ] {"err":0,"msg":"JRgtuQG9dQP85TeCUC6s2nUjaEonhRX3yn"}
[ Tue Aug 15 2017 16:27:44 GMT+0800 (CST) ] time is 1405
[ Tue Aug 15 2017 16:27:44 GMT+0800 (CST) ] {"err":0,"msg":"JKGn8rFP5q43cPqsHCbwmk8rU1dfdfPD4b"}
[ Tue Aug 15 2017 16:27:44 GMT+0800 (CST) ] time is 1397
[ Tue Aug 15 2017 16:27:44 GMT+0800 (CST) ] {"err":0,"msg":"JMoNo4BUB6U85VyqPexQHwsEguaEzWKDS5"}
[ Tue Aug 15 2017 16:27:44 GMT+0800 (CST) ] time is 1405
[ Tue Aug 15 2017 16:27:44 GMT+0800 (CST) ] {"err":0,"msg":"JdYDyFrTjyt8zHGZrfFYnRMogxwA2UtvuQ"}
[ Tue Aug 15 2017 16:27:44 GMT+0800 (CST) ] time is 1400
[ Tue Aug 15 2017 16:27:44 GMT+0800 (CST) ] {"err":0,"msg":"JgUtZx4tyLB5RX2gEwZkDupVmM98wNxPtn"}
[ Tue Aug 15 2017 16:27:44 GMT+0800 (CST) ] time is 1398
[ Tue Aug 15 2017 16:27:44 GMT+0800 (CST) ] {"err":0,"msg":"JMSTGuuNzDoQCBVWtxxtUtF2iRSZdHE82b"}
[ Tue Aug 15 2017 16:27:44 GMT+0800 (CST) ] time is 1406
[ Tue Aug 15 2017 16:27:44 GMT+0800 (CST) ] {"err":0,"msg":"JWSDz1LVRJAjmRguiMB4vMdkQG4eSjR4o3"}
[ Tue Aug 15 2017 16:27:44 GMT+0800 (CST) ] time is 1406
[ Tue Aug 15 2017 16:27:44 GMT+0800 (CST) ] {"err":0,"msg":"JKhD2WyXXLqyQJF8QFNftnJsCBfrqHzUuC"}
[ Tue Aug 15 2017 16:27:44 GMT+0800 (CST) ] time is 1401
[ Tue Aug 15 2017 16:27:44 GMT+0800 (CST) ] {"err":0,"msg":"JbGrSrzepVN5V1gnwxjtPj3qqLSag7VzwK"}
[ Tue Aug 15 2017 16:27:44 GMT+0800 (CST) ] time is 1399
[ Tue Aug 15 2017 16:27:44 GMT+0800 (CST) ] {"err":0,"msg":"JMisxuPzUzb86Bcxwm4hGaZxnbgK5XW8F2"}
[ Tue Aug 15 2017 16:27:44 GMT+0800 (CST) ] time is 1407
[ Tue Aug 15 2017 16:27:44 GMT+0800 (CST) ] {"err":0,"msg":"JWbZ81BtNAt7U91qz98t3bAxgB4YZruhec"}
[ Tue Aug 15 2017 16:27:44 GMT+0800 (CST) ] time is 1407
[ Tue Aug 15 2017 16:27:44 GMT+0800 (CST) ] {"err":0,"msg":"JVxzuhcwd7EynZ1prNfcwm2yXyVtLmDfou"}
[ Tue Aug 15 2017 16:27:44 GMT+0800 (CST) ] time is 1402
[ Tue Aug 15 2017 16:27:44 GMT+0800 (CST) ] {"err":0,"msg":"JezjPc2SL2Su5iSdYRwmfHiSERMHjpY5gx"}
[ Tue Aug 15 2017 16:27:44 GMT+0800 (CST) ] time is 1400
[ Tue Aug 15 2017 16:27:44 GMT+0800 (CST) ] {"err":0,"msg":"JL8DtaU6KTrLoBA2bda1kvFG7HeGLtyXAj"}
[ Tue Aug 15 2017 16:27:44 GMT+0800 (CST) ] time is 1408
[ Tue Aug 15 2017 16:27:44 GMT+0800 (CST) ] {"err":0,"msg":"JYZmGVyW2NEeCabif2eLMdAZbHnVSBJJKe"}
[ Tue Aug 15 2017 16:27:44 GMT+0800 (CST) ] time is 1408
[ Tue Aug 15 2017 16:27:44 GMT+0800 (CST) ] {"err":0,"msg":"JKM45xG2uuuJRSVYGZzYgy2GdxbuSD7QUV"}
[ Tue Aug 15 2017 16:27:44 GMT+0800 (CST) ] time is 1403
[ Tue Aug 15 2017 16:27:44 GMT+0800 (CST) ] {"err":0,"msg":"JMQupw73vwpqXAVT7us2zcQuR8K5x2yDJB"}
[ Tue Aug 15 2017 16:27:44 GMT+0800 (CST) ] time is 1401
[ Tue Aug 15 2017 16:27:44 GMT+0800 (CST) ] {"err":0,"msg":"JKps7E382uNbCGhxbCpMBgKingc1e8ErKm"}
[ Tue Aug 15 2017 16:27:44 GMT+0800 (CST) ] time is 1409
[ Tue Aug 15 2017 16:27:44 GMT+0800 (CST) ] {"err":0,"msg":"JPkxePhAq9dGwTmyKqaM8pfvid8rdPzGaM"}
[ Tue Aug 15 2017 16:27:44 GMT+0800 (CST) ] time is 1409
[ Tue Aug 15 2017 16:27:44 GMT+0800 (CST) ] {"err":0,"msg":"JSz6BzgRa9Y48vERs1ULeWrdSERpWzsWwr"}
[ Tue Aug 15 2017 16:27:44 GMT+0800 (CST) ] time is 1404
[ Tue Aug 15 2017 16:27:44 GMT+0800 (CST) ] {"err":0,"msg":"JRemUfPsa2sy3Ho5RphdCiqsjvTABdCRr2"}
[ Tue Aug 15 2017 16:27:44 GMT+0800 (CST) ] time is 1402
[ Tue Aug 15 2017 16:27:44 GMT+0800 (CST) ] {"err":0,"msg":"JagLV1NGCmJSesPyxJ4kprNezZAzqj4Pmj"}
[ Tue Aug 15 2017 16:27:44 GMT+0800 (CST) ] time is 1410
[ Tue Aug 15 2017 16:27:44 GMT+0800 (CST) ] {"err":0,"msg":"Jdx2nCrrAe2ZoPeoMsF3Q41xC9zoL2arnn"}
[ Tue Aug 15 2017 16:27:44 GMT+0800 (CST) ] time is 1410
[ Tue Aug 15 2017 16:27:44 GMT+0800 (CST) ] {"err":0,"msg":"JJh4CSJiMLpF8AFu2TrdhpkPV52no3LJZ1"}
[ Tue Aug 15 2017 16:27:44 GMT+0800 (CST) ] time is 1405
[ Tue Aug 15 2017 16:27:44 GMT+0800 (CST) ] {"err":0,"msg":"JK4PFSRDEeVbokM9LDEgeF3T3gQzmWWn3Y"}
[ Tue Aug 15 2017 16:27:44 GMT+0800 (CST) ] time is 1403
[ Tue Aug 15 2017 16:27:44 GMT+0800 (CST) ] {"err":0,"msg":"JVwbLfVASvzgsgPoe43C6PsJmTqNEyNwEi"}
[ Tue Aug 15 2017 16:27:44 GMT+0800 (CST) ] time is 1411
[ Tue Aug 15 2017 16:27:44 GMT+0800 (CST) ] {"err":0,"msg":"JhKQ5nLxiotDXj2gqztGnWETY1yMmLc8DZ"}
[ Tue Aug 15 2017 16:27:44 GMT+0800 (CST) ] time is 1411
[ Tue Aug 15 2017 16:27:44 GMT+0800 (CST) ] {"err":0,"msg":"JJqrksQnT3GJRLVZjrwfWwRtftmmYyZzSv"}
[ Tue Aug 15 2017 16:27:44 GMT+0800 (CST) ] time is 1406
[ Tue Aug 15 2017 16:27:44 GMT+0800 (CST) ] {"err":0,"msg":"JYsXF87SPARaebg3g16xuSPGVPXC8smcNF"}
[ Tue Aug 15 2017 16:27:44 GMT+0800 (CST) ] time is 1404
[ Tue Aug 15 2017 16:27:44 GMT+0800 (CST) ] {"err":0,"msg":"JTHpcsYLWzQxyoqzZSMWZyeK7jfZ2mGwsU"}
[ Tue Aug 15 2017 16:27:44 GMT+0800 (CST) ] time is 1412
[ Tue Aug 15 2017 16:27:44 GMT+0800 (CST) ] {"err":0,"msg":"JhoRaimuKMYXtBXq2Faam4ExxSWkfa4QQf"}
[ Tue Aug 15 2017 16:27:44 GMT+0800 (CST) ] time is 1412
[ Tue Aug 15 2017 16:27:44 GMT+0800 (CST) ] {"err":0,"msg":"JLah2T6CPsFEkFWYFrw3TpSKyo6VGuwcsP"}
[ Tue Aug 15 2017 16:27:44 GMT+0800 (CST) ] time is 1407
[ Tue Aug 15 2017 16:27:44 GMT+0800 (CST) ] {"err":0,"msg":"JYTUXVjaqeHcXnYpi1wDhsv1k21nk5u5xN"}
[ Tue Aug 15 2017 16:27:44 GMT+0800 (CST) ] time is 1405
[ Tue Aug 15 2017 16:27:44 GMT+0800 (CST) ] {"err":0,"msg":"JQzzCbqvt45BTMeDUc4RRmcNrLiKJ8Vw9q"}
[ Tue Aug 15 2017 16:27:44 GMT+0800 (CST) ] time is 1413
[ Tue Aug 15 2017 16:27:44 GMT+0800 (CST) ] {"err":0,"msg":"Jdkqyzgf2NVA9WBPHMwhGBAdLs7TBmpNMz"}
[ Tue Aug 15 2017 16:27:44 GMT+0800 (CST) ] time is 1413
[ Tue Aug 15 2017 16:27:44 GMT+0800 (CST) ] {"err":0,"msg":"JhDbiGLXywCHxFxtTemGMWJDTRPbgd4VuM"}
[ Tue Aug 15 2017 16:27:44 GMT+0800 (CST) ] time is 1408
[ Tue Aug 15 2017 16:27:44 GMT+0800 (CST) ] {"err":0,"msg":"JU3rsHZYMLzVNowjY468S8smFHeGSKB7oN"}
[ Tue Aug 15 2017 16:27:44 GMT+0800 (CST) ] time is 1406
[ Tue Aug 15 2017 16:27:44 GMT+0800 (CST) ] {"err":0,"msg":"JXKDSZE5J1Dg6tKRaiPn1yLknWYG1nun2h"}
[ Tue Aug 15 2017 16:27:44 GMT+0800 (CST) ] time is 1414
[ Tue Aug 15 2017 16:27:44 GMT+0800 (CST) ] {"err":0,"msg":"JWs1CmTcq2NLZAbbKZMzT19rzB6e8A8CM7"}
[ Tue Aug 15 2017 16:27:44 GMT+0800 (CST) ] time is 1414
[ Tue Aug 15 2017 16:27:44 GMT+0800 (CST) ] {"err":0,"msg":"JfDAut1GMJ8SMjU1jqntPudUzye56jrbTS"}
[ Tue Aug 15 2017 16:27:44 GMT+0800 (CST) ] time is 1409
[ Tue Aug 15 2017 16:27:44 GMT+0800 (CST) ] {"err":0,"msg":"JJdimvM3AUx2P3iWduJP2GnCnCjB3R1tD2"}
[ Tue Aug 15 2017 16:27:44 GMT+0800 (CST) ] time is 1407
[ Tue Aug 15 2017 16:27:44 GMT+0800 (CST) ] {"err":0,"msg":"JcVhki4MT3USwfdDVe9mUPEeCBH4R9YjG9"}
[ Tue Aug 15 2017 16:27:44 GMT+0800 (CST) ] time is 1415
[ Tue Aug 15 2017 16:27:44 GMT+0800 (CST) ] {"err":0,"msg":"JgVXqiWXdazsNjM8p3cuHrfemwDmEcq7pF"}
[ Tue Aug 15 2017 16:27:44 GMT+0800 (CST) ] time is 1415
[ Tue Aug 15 2017 16:27:44 GMT+0800 (CST) ] {"err":0,"msg":"JSd3yBMnKhCs4yPY6dX1pMX73R89JVEzEn"}
[ Tue Aug 15 2017 16:27:44 GMT+0800 (CST) ] time is 1410
[ Tue Aug 15 2017 16:27:44 GMT+0800 (CST) ] {"err":0,"msg":"JMsMSbZhAWSB8w9izQBZCsBVi2EiXkremB"}
[ Tue Aug 15 2017 16:27:44 GMT+0800 (CST) ] time is 1408
[ Tue Aug 15 2017 16:27:44 GMT+0800 (CST) ] {"err":0,"msg":"JRDXt3g3kLftBcMLh4xTARyiFXrDneUEKw"}
[ Tue Aug 15 2017 16:27:44 GMT+0800 (CST) ] time is 1416
[ Tue Aug 15 2017 16:27:44 GMT+0800 (CST) ] {"err":0,"msg":"JKQGgRduAsyJ3GdZTny2HhMcBm5nanGxhK"}
[ Tue Aug 15 2017 16:27:45 GMT+0800 (CST) ] time is 1416
[ Tue Aug 15 2017 16:27:45 GMT+0800 (CST) ] {"err":0,"msg":"JMUr19w5S1eRbvMi4BrPopvAVgAcoZzJM5"}
[ Tue Aug 15 2017 16:27:45 GMT+0800 (CST) ] time is 1411
[ Tue Aug 15 2017 16:27:45 GMT+0800 (CST) ] {"err":0,"msg":"JaV4vesG78v3o9fL3k11DdLgseFoHk6G8T"}
[ Tue Aug 15 2017 16:27:45 GMT+0800 (CST) ] time is 1409
[ Tue Aug 15 2017 16:27:45 GMT+0800 (CST) ] {"err":0,"msg":"JhM9XP8XADKDhBR28CGiKbYxQH7xN5shQp"}
[ Tue Aug 15 2017 16:27:45 GMT+0800 (CST) ] time is 1417
[ Tue Aug 15 2017 16:27:45 GMT+0800 (CST) ] {"err":0,"msg":"JR24Y7iEz7ZUREnL3vukKjTdsWTo5Cxv1B"}
[ Tue Aug 15 2017 16:27:45 GMT+0800 (CST) ] time is 1417
[ Tue Aug 15 2017 16:27:45 GMT+0800 (CST) ] {"err":0,"msg":"JXx9JUqWTohgDidoTHkEyyfTCvatujMLyV"}
[ Tue Aug 15 2017 16:27:45 GMT+0800 (CST) ] time is 1412
[ Tue Aug 15 2017 16:27:45 GMT+0800 (CST) ] {"err":0,"msg":"JWN6F5rbmZQGEvPkaHWVJGk5c9cnNMVaq4"}
[ Tue Aug 15 2017 16:27:45 GMT+0800 (CST) ] time is 1410
[ Tue Aug 15 2017 16:27:45 GMT+0800 (CST) ] {"err":0,"msg":"JWrFek27duhXgvd2ETgWTAXdb1KQz6qg2T"}
[ Tue Aug 15 2017 16:27:45 GMT+0800 (CST) ] time is 1418
[ Tue Aug 15 2017 16:27:45 GMT+0800 (CST) ] {"err":0,"msg":"JLAaM9eRy66FwWKDniEtoRNTF7ys2kCGCQ"}
[ Tue Aug 15 2017 16:27:45 GMT+0800 (CST) ] time is 1418
[ Tue Aug 15 2017 16:27:45 GMT+0800 (CST) ] {"err":0,"msg":"JVc4qTrf855dTZaPTnLajtNLm7TESQLDTZ"}
[ Tue Aug 15 2017 16:27:45 GMT+0800 (CST) ] {"err":0,"msg":"JeXE3Eomc3KuKNUZEZN76PXCgX6pR8mdmg"}
[ Tue Aug 15 2017 16:27:45 GMT+0800 (CST) ] time is 1413
[ Tue Aug 15 2017 16:27:45 GMT+0800 (CST) ] time is 1411
[ Tue Aug 15 2017 16:27:45 GMT+0800 (CST) ] {"err":0,"msg":"JN6t42bR2mfBL4jx3FbHA4r9hK3waD5RKY"}
[ Tue Aug 15 2017 16:27:45 GMT+0800 (CST) ] time is 1419
[ Tue Aug 15 2017 16:27:45 GMT+0800 (CST) ] {"err":0,"msg":"JeuUFwAeQRbdxF6kErs27Wa2DmbnBwQFQh"}
[ Tue Aug 15 2017 16:27:45 GMT+0800 (CST) ] time is 1419
[ Tue Aug 15 2017 16:27:45 GMT+0800 (CST) ] {"err":0,"msg":"JQ5Whj6CYAnypRx5ZMaGgNrMwhZSzpkobx"}
[ Tue Aug 15 2017 16:27:45 GMT+0800 (CST) ] time is 1414
[ Tue Aug 15 2017 16:27:45 GMT+0800 (CST) ] {"err":0,"msg":"JVqv4T3Kf91pzfuPsSGpJqf72Fgc4M85js"}
[ Tue Aug 15 2017 16:27:45 GMT+0800 (CST) ] time is 1412
[ Tue Aug 15 2017 16:27:45 GMT+0800 (CST) ] {"err":0,"msg":"JaAVi7DMfD7QbsmVMArYkR8NFZj44J4jRM"}
[ Tue Aug 15 2017 16:27:45 GMT+0800 (CST) ] time is 1420
[ Tue Aug 15 2017 16:27:45 GMT+0800 (CST) ] {"err":0,"msg":"JTeBHCqEUFUbNdiuderi9W22kZtf9XDDQY"}
[ Tue Aug 15 2017 16:27:45 GMT+0800 (CST) ] time is 1420
[ Tue Aug 15 2017 16:27:45 GMT+0800 (CST) ] {"err":0,"msg":"JeYvac64jSsvZw6DrrEAF2yKFs8jXMdtKu"}
[ Tue Aug 15 2017 16:27:45 GMT+0800 (CST) ] time is 1415
[ Tue Aug 15 2017 16:27:45 GMT+0800 (CST) ] {"err":0,"msg":"JS8shV1invxoUv6t2x9RNS3fhF3dLYa6N3"}
[ Tue Aug 15 2017 16:27:45 GMT+0800 (CST) ] time is 1413
[ Tue Aug 15 2017 16:27:45 GMT+0800 (CST) ] {"err":0,"msg":"JbdwHkWhXemaJqZ1mrgjLtnXanVyv7Cv5p"}
[ Tue Aug 15 2017 16:27:45 GMT+0800 (CST) ] time is 1421
[ Tue Aug 15 2017 16:27:45 GMT+0800 (CST) ] {"err":0,"msg":"JK1Empp6QnszhQ3Mb2JUFoywSVrAC9hmpC"}
[ Tue Aug 15 2017 16:27:45 GMT+0800 (CST) ] time is 1421
[ Tue Aug 15 2017 16:27:45 GMT+0800 (CST) ] {"err":0,"msg":"JdVZYBrHge4AG9Su69J8Np1tHbzawz4tdx"}
[ Tue Aug 15 2017 16:27:45 GMT+0800 (CST) ] time is 1416
[ Tue Aug 15 2017 16:27:45 GMT+0800 (CST) ] {"err":0,"msg":"JXbVn5PW4vpHPJtsu6eBd7sDSyJY7VD5JR"}
[ Tue Aug 15 2017 16:27:45 GMT+0800 (CST) ] time is 1414
[ Tue Aug 15 2017 16:27:45 GMT+0800 (CST) ] {"err":0,"msg":"JdbR9v1HNWK9AV9eWVE7JpPkmDWbZX6Nca"}
[ Tue Aug 15 2017 16:27:45 GMT+0800 (CST) ] time is 1422
[ Tue Aug 15 2017 16:27:45 GMT+0800 (CST) ] {"err":0,"msg":"Jfda97JjwGFoj7PUaS53TkuGBWUwRGXFha"}
[ Tue Aug 15 2017 16:27:45 GMT+0800 (CST) ] time is 1422
[ Tue Aug 15 2017 16:27:45 GMT+0800 (CST) ] {"err":0,"msg":"JRDaFhZUEhA5pECKBgXj541WNnkte9kM1p"}
[ Tue Aug 15 2017 16:27:45 GMT+0800 (CST) ] time is 1417
[ Tue Aug 15 2017 16:27:45 GMT+0800 (CST) ] {"err":0,"msg":"JLVsu2y6DekMbj9GBnwFG92SqKRE2UXZp8"}
[ Tue Aug 15 2017 16:27:45 GMT+0800 (CST) ] time is 1415
[ Tue Aug 15 2017 16:27:45 GMT+0800 (CST) ] {"err":0,"msg":"JSYrAQipTk8BGEFhQACVGenVbKQ2Yre7Zw"}
[ Tue Aug 15 2017 16:27:45 GMT+0800 (CST) ] time is 1423
[ Tue Aug 15 2017 16:27:45 GMT+0800 (CST) ] {"err":0,"msg":"JX3oZ7FFGR8aoo8MPKcruM7FFaFX69LqGs"}
[ Tue Aug 15 2017 16:27:45 GMT+0800 (CST) ] time is 1418
[ Tue Aug 15 2017 16:27:45 GMT+0800 (CST) ] {"err":0,"msg":"JK8Nyq3STvEVdYH82mz5P77ovcvi9jvt41"}
[ Tue Aug 15 2017 16:27:45 GMT+0800 (CST) ] time is 1423
[ Tue Aug 15 2017 16:27:45 GMT+0800 (CST) ] {"err":0,"msg":"JUAuHDgcnWydRXQpMByAiSTDesbqjoGNK8"}
[ Tue Aug 15 2017 16:27:45 GMT+0800 (CST) ] time is 1416
[ Tue Aug 15 2017 16:27:45 GMT+0800 (CST) ] {"err":0,"msg":"JdzbUDgG2PDW1HcHkSgGitx2Myb6Y69LsH"}
[ Tue Aug 15 2017 16:27:45 GMT+0800 (CST) ] time is 1424
[ Tue Aug 15 2017 16:27:45 GMT+0800 (CST) ] {"err":0,"msg":"JYTwgZJnfKo48Qo61nMpKFb1uvXKrVNBkA"}
[ Tue Aug 15 2017 16:27:45 GMT+0800 (CST) ] time is 1419
[ Tue Aug 15 2017 16:27:45 GMT+0800 (CST) ] {"err":0,"msg":"JLn1RFEKHtgofrWXhe564DxBFwcdRn9TJk"}
[ Tue Aug 15 2017 16:27:45 GMT+0800 (CST) ] time is 1424
[ Tue Aug 15 2017 16:27:45 GMT+0800 (CST) ] {"err":0,"msg":"JhCoXdwSubW6SMX2kBVHfm1ZEodhK2QZdF"}
[ Tue Aug 15 2017 16:27:45 GMT+0800 (CST) ] time is 1417
[ Tue Aug 15 2017 16:27:45 GMT+0800 (CST) ] {"err":0,"msg":"JZvg82pe3cXYuRKeYB7prJh25fN99Zh458"}
[ Tue Aug 15 2017 16:27:45 GMT+0800 (CST) ] time is 1425
[ Tue Aug 15 2017 16:27:45 GMT+0800 (CST) ] {"err":0,"msg":"JS8MiY7ELrAfq5rMKeHMUNfMizE8TJmNW3"}
[ Tue Aug 15 2017 16:27:45 GMT+0800 (CST) ] time is 1420
[ Tue Aug 15 2017 16:27:45 GMT+0800 (CST) ] {"err":0,"msg":"JWK7aXfkF7CbA2q49VmJY9rDppT1C4U5Hq"}
[ Tue Aug 15 2017 16:27:45 GMT+0800 (CST) ] time is 1425
[ Tue Aug 15 2017 16:27:45 GMT+0800 (CST) ] {"err":0,"msg":"JXJjBX7FVJkmxTmotRXvzBw2Ue8kwsifxW"}
[ Tue Aug 15 2017 16:27:45 GMT+0800 (CST) ] time is 1426
[ Tue Aug 15 2017 16:27:45 GMT+0800 (CST) ] {"err":0,"msg":"JZDu7UxPn3N2kvX24BvGTE2UTabcwkdyqS"}
[ Tue Aug 15 2017 16:27:45 GMT+0800 (CST) ] time is 1418
[ Tue Aug 15 2017 16:27:45 GMT+0800 (CST) ] {"err":0,"msg":"JLwDHHTJ2GQpPcMKQbg3dMBVai9TQHEvF6"}
[ Tue Aug 15 2017 16:27:45 GMT+0800 (CST) ] time is 1421
[ Tue Aug 15 2017 16:27:45 GMT+0800 (CST) ] {"err":0,"msg":"JQt4BsoLn625BtPZe9k5Nx2gsuTjPDWCbB"}
[ Tue Aug 15 2017 16:27:45 GMT+0800 (CST) ] time is 1426
[ Tue Aug 15 2017 16:27:45 GMT+0800 (CST) ] {"err":0,"msg":"JKgsgMothtMFnSaB5Qk63RN2rL9JuGZLGU"}
[ Tue Aug 15 2017 16:27:45 GMT+0800 (CST) ] time is 1427
[ Tue Aug 15 2017 16:27:45 GMT+0800 (CST) ] {"err":0,"msg":"JRPrGBj3MK86KgroFvcZ4jqGWkywryYEms"}
[ Tue Aug 15 2017 16:27:45 GMT+0800 (CST) ] time is 1419
[ Tue Aug 15 2017 16:27:45 GMT+0800 (CST) ] {"err":0,"msg":"JQUYNzLw1Bvua44VQeZjZRiud5FgEZYU9Y"}
[ Tue Aug 15 2017 16:27:45 GMT+0800 (CST) ] time is 1422
[ Tue Aug 15 2017 16:27:45 GMT+0800 (CST) ] {"err":0,"msg":"JXWDGJGsegx1SjLMVN49Qf2eT45sFSXA9o"}
[ Tue Aug 15 2017 16:27:45 GMT+0800 (CST) ] time is 1427
[ Tue Aug 15 2017 16:27:45 GMT+0800 (CST) ] {"err":0,"msg":"JW9sh8HCjLUZTQuYpJFYGbRkeMsFMA6aXu"}
[ Tue Aug 15 2017 16:27:45 GMT+0800 (CST) ] time is 1428
[ Tue Aug 15 2017 16:27:45 GMT+0800 (CST) ] {"err":0,"msg":"JMdZN5CCBRABirwDrWw3Pst92dDbvzLxH6"}
[ Tue Aug 15 2017 16:27:45 GMT+0800 (CST) ] time is 1420
[ Tue Aug 15 2017 16:27:45 GMT+0800 (CST) ] {"err":0,"msg":"JUZYugpXhanobPaZGrpFx2Nmwdg3dhneds"}
[ Tue Aug 15 2017 16:27:45 GMT+0800 (CST) ] time is 1423
[ Tue Aug 15 2017 16:27:45 GMT+0800 (CST) ] {"err":0,"msg":"JWSdoDusdpPWpeYfHfrN6ySMyREXLBQi7J"}
[ Tue Aug 15 2017 16:27:45 GMT+0800 (CST) ] time is 1428
[ Tue Aug 15 2017 16:27:45 GMT+0800 (CST) ] {"err":0,"msg":"JhWpKF7AM91Nyec3udPLdqJTuw3tydJgA5"}
[ Tue Aug 15 2017 16:27:45 GMT+0800 (CST) ] time is 1429
[ Tue Aug 15 2017 16:27:45 GMT+0800 (CST) ] {"err":0,"msg":"JUGjLbiNypmBhnEZQMPi2GN3BXdES3PR7C"}
[ Tue Aug 15 2017 16:27:45 GMT+0800 (CST) ] time is 1421
[ Tue Aug 15 2017 16:27:45 GMT+0800 (CST) ] {"err":0,"msg":"JNPMGYVz4bgDvhmy4p1ZbTEqqUvRRUn3cG"}
[ Tue Aug 15 2017 16:27:45 GMT+0800 (CST) ] time is 1424
[ Tue Aug 15 2017 16:27:45 GMT+0800 (CST) ] {"err":0,"msg":"JfkMFjrKU3D8QQ1mWch8UWY39TTQAPZw3J"}
[ Tue Aug 15 2017 16:27:45 GMT+0800 (CST) ] time is 1429
[ Tue Aug 15 2017 16:27:45 GMT+0800 (CST) ] {"err":0,"msg":"JLg5m7CekBmVZcB9KbLw4jiRdaGrNTA3ro"}
[ Tue Aug 15 2017 16:27:45 GMT+0800 (CST) ] time is 1430
[ Tue Aug 15 2017 16:27:45 GMT+0800 (CST) ] {"err":0,"msg":"JV2fdqkXctZQWAf9bsnzACiHERAhcYeFDv"}
[ Tue Aug 15 2017 16:27:45 GMT+0800 (CST) ] time is 1422
[ Tue Aug 15 2017 16:27:45 GMT+0800 (CST) ] {"err":0,"msg":"Jd8LosuQux8nctk1vaXtQwLRHbCrgDdETe"}
[ Tue Aug 15 2017 16:27:45 GMT+0800 (CST) ] time is 1425
[ Tue Aug 15 2017 16:27:45 GMT+0800 (CST) ] {"err":0,"msg":"JMatGvvCjLwmvjeBu2tVeXjzBjdHz7qjpC"}
[ Tue Aug 15 2017 16:27:45 GMT+0800 (CST) ] time is 1430
[ Tue Aug 15 2017 16:27:45 GMT+0800 (CST) ] {"err":0,"msg":"JLD3wf5kTgJrw89SCsFvpqauKN3EzMBNHB"}
[ Tue Aug 15 2017 16:27:45 GMT+0800 (CST) ] time is 1431
[ Tue Aug 15 2017 16:27:45 GMT+0800 (CST) ] {"err":0,"msg":"Jb8jRhX2dRvRbtmM2vj8iM1jgS1f4n7pgA"}
[ Tue Aug 15 2017 16:27:45 GMT+0800 (CST) ] time is 1423
[ Tue Aug 15 2017 16:27:45 GMT+0800 (CST) ] {"err":0,"msg":"JgXop4ZSSrx7yyvDn1p1KmZJTC18xKWzA2"}
[ Tue Aug 15 2017 16:27:45 GMT+0800 (CST) ] time is 1426
[ Tue Aug 15 2017 16:27:45 GMT+0800 (CST) ] {"err":0,"msg":"JTApKZf2tkYJTh2ThmprTh1nKjWXSNoCUx"}
[ Tue Aug 15 2017 16:27:45 GMT+0800 (CST) ] time is 1431
[ Tue Aug 15 2017 16:27:45 GMT+0800 (CST) ] {"err":0,"msg":"JQqjFGRAg4K7Ew8Kq8bC3AqK654Hj4vrGR"}
[ Tue Aug 15 2017 16:27:45 GMT+0800 (CST) ] time is 1432
[ Tue Aug 15 2017 16:27:45 GMT+0800 (CST) ] {"err":0,"msg":"Jd631nmEkz7L2n2GedNwGxZ7GgJZpdpfyU"}
[ Tue Aug 15 2017 16:27:45 GMT+0800 (CST) ] time is 1424
[ Tue Aug 15 2017 16:27:45 GMT+0800 (CST) ] {"err":0,"msg":"JPDdkYtwC5MvfRsRMACEck5nBHAPELEDr3"}
[ Tue Aug 15 2017 16:27:45 GMT+0800 (CST) ] time is 1427
[ Tue Aug 15 2017 16:27:45 GMT+0800 (CST) ] {"err":0,"msg":"JPKMADLtCzTUiqTFNJy4CgK3dqt5dgsXTM"}
[ Tue Aug 15 2017 16:27:45 GMT+0800 (CST) ] time is 1432
[ Tue Aug 15 2017 16:27:45 GMT+0800 (CST) ] {"err":0,"msg":"JbDvWZhjTgRFec1GmZFqEYPQD1Dn2BFj3b"}
[ Tue Aug 15 2017 16:27:45 GMT+0800 (CST) ] time is 1433
[ Tue Aug 15 2017 16:27:45 GMT+0800 (CST) ] {"err":0,"msg":"JMEmPnXMnk5gjkvS3mfPiEPSYbTB1wY5W5"}
[ Tue Aug 15 2017 16:27:45 GMT+0800 (CST) ] time is 1425
[ Tue Aug 15 2017 16:27:45 GMT+0800 (CST) ] {"err":0,"msg":"JbVcguwMM4vAhYmbd4q4C1kehPCPwDqcLr"}
[ Tue Aug 15 2017 16:27:45 GMT+0800 (CST) ] time is 1428
[ Tue Aug 15 2017 16:27:45 GMT+0800 (CST) ] {"err":0,"msg":"JUAziSQbMAr9EY2sE3d6rio19AGtDqe6Tp"}
[ Tue Aug 15 2017 16:27:45 GMT+0800 (CST) ] time is 1433
[ Tue Aug 15 2017 16:27:45 GMT+0800 (CST) ] {"err":0,"msg":"JKw3RKWvdHEpcr13T1p2cRLPVBar47wobW"}
[ Tue Aug 15 2017 16:27:45 GMT+0800 (CST) ] time is 1434
[ Tue Aug 15 2017 16:27:45 GMT+0800 (CST) ] {"err":0,"msg":"JZso3KgBKx5jZp11FVC2DMDNoLpcYKjPZK"}
[ Tue Aug 15 2017 16:27:45 GMT+0800 (CST) ] time is 1426
[ Tue Aug 15 2017 16:27:45 GMT+0800 (CST) ] {"err":0,"msg":"JZCw9vAZGE3Stn154r6dU8cKeT9R9MSyiL"}
[ Tue Aug 15 2017 16:27:45 GMT+0800 (CST) ] time is 1429
[ Tue Aug 15 2017 16:27:45 GMT+0800 (CST) ] {"err":0,"msg":"JURCmpfZYhnKw8XJAhT9tibd9LFRYrXKcY"}
[ Tue Aug 15 2017 16:27:46 GMT+0800 (CST) ] time is 1434
[ Tue Aug 15 2017 16:27:46 GMT+0800 (CST) ] {"err":0,"msg":"JTEbZdusqMKnLs65Nyiac6wxxcoJ4k3LvG"}
[ Tue Aug 15 2017 16:27:46 GMT+0800 (CST) ] time is 1435
[ Tue Aug 15 2017 16:27:46 GMT+0800 (CST) ] {"err":0,"msg":"JbhTkTZB5FMX1HZFCKX4jeh6QGhxcrhHsD"}
[ Tue Aug 15 2017 16:27:46 GMT+0800 (CST) ] time is 1427
[ Tue Aug 15 2017 16:27:46 GMT+0800 (CST) ] {"err":0,"msg":"JRe8zEFmb7SKqr4zJTQ758FMo8PtBfG6Ww"}
[ Tue Aug 15 2017 16:27:46 GMT+0800 (CST) ] time is 1430
[ Tue Aug 15 2017 16:27:46 GMT+0800 (CST) ] {"err":0,"msg":"JPywBqxZxopE4haViZjM41ktoPNMxBnLeX"}
[ Tue Aug 15 2017 16:27:46 GMT+0800 (CST) ] time is 1435
[ Tue Aug 15 2017 16:27:46 GMT+0800 (CST) ] {"err":0,"msg":"JUyfJVwD8tJkQfxMizqvJDKa3Rw3PkKr3B"}
[ Tue Aug 15 2017 16:27:46 GMT+0800 (CST) ] time is 1436
[ Tue Aug 15 2017 16:27:46 GMT+0800 (CST) ] {"err":0,"msg":"JPboCJU5MUo4NjVagPmBzTcvQLweznxgz9"}
[ Tue Aug 15 2017 16:27:46 GMT+0800 (CST) ] time is 1428
[ Tue Aug 15 2017 16:27:46 GMT+0800 (CST) ] {"err":0,"msg":"JU4H6FJkyxxG5F1bFKeM1iDkxENh2m7qi6"}
[ Tue Aug 15 2017 16:27:46 GMT+0800 (CST) ] time is 1431
[ Tue Aug 15 2017 16:27:46 GMT+0800 (CST) ] {"err":0,"msg":"Jd7yYnZED3aWYptwv7ADWtKwrtzmHamoaE"}
[ Tue Aug 15 2017 16:27:46 GMT+0800 (CST) ] time is 1436
[ Tue Aug 15 2017 16:27:46 GMT+0800 (CST) ] {"err":0,"msg":"JQkmrUngP4jxAh4WEs5hydaH4nYgtbKsEp"}
[ Tue Aug 15 2017 16:27:46 GMT+0800 (CST) ] time is 1437
[ Tue Aug 15 2017 16:27:46 GMT+0800 (CST) ] {"err":0,"msg":"JSSnNv7h9EwC3aApPCqsZbyGruaT74wW5Y"}
[ Tue Aug 15 2017 16:27:46 GMT+0800 (CST) ] time is 1429
[ Tue Aug 15 2017 16:27:46 GMT+0800 (CST) ] {"err":0,"msg":"JaFaQ9sTV12A4cr8sgDq4yRS1ZYMmmjD4p"}
[ Tue Aug 15 2017 16:27:46 GMT+0800 (CST) ] time is 1432
[ Tue Aug 15 2017 16:27:46 GMT+0800 (CST) ] {"err":0,"msg":"JYvR7Ubi7FToHTXx1pbZgWmECbut6T2P3o"}
[ Tue Aug 15 2017 16:27:46 GMT+0800 (CST) ] time is 1437
[ Tue Aug 15 2017 16:27:46 GMT+0800 (CST) ] {"err":0,"msg":"JKsk7rpGJKudpHgaS4Wh84NRAQHFVaFzNf"}
[ Tue Aug 15 2017 16:27:46 GMT+0800 (CST) ] time is 1438
[ Tue Aug 15 2017 16:27:46 GMT+0800 (CST) ] {"err":0,"msg":"JKnN9ibQwQY5o2H8djnsLhvBCCukrVPba6"}
[ Tue Aug 15 2017 16:27:46 GMT+0800 (CST) ] time is 1430
[ Tue Aug 15 2017 16:27:46 GMT+0800 (CST) ] {"err":0,"msg":"JJmwp8E75CpCai4xz3DAAzshwbGfVyG7XW"}
[ Tue Aug 15 2017 16:27:46 GMT+0800 (CST) ] time is 1433
[ Tue Aug 15 2017 16:27:46 GMT+0800 (CST) ] {"err":0,"msg":"JgSXaC6sRT7v6CvArWqonZaqq3irHav4WG"}
[ Tue Aug 15 2017 16:27:46 GMT+0800 (CST) ] time is 1438
[ Tue Aug 15 2017 16:27:46 GMT+0800 (CST) ] {"err":0,"msg":"JPYNwxWcZ5SUP8yd2hwg4RM8wQNgR36HWW"}
[ Tue Aug 15 2017 16:27:46 GMT+0800 (CST) ] time is 1439
[ Tue Aug 15 2017 16:27:46 GMT+0800 (CST) ] {"err":0,"msg":"Jg3P7wsmhRida2QNCWa8s1bw4YmYdZTHMK"}
[ Tue Aug 15 2017 16:27:46 GMT+0800 (CST) ] time is 1431
[ Tue Aug 15 2017 16:27:46 GMT+0800 (CST) ] {"err":0,"msg":"JQheeub99oZi3UcJpdnJjDGTZbDrbQPjSo"}
[ Tue Aug 15 2017 16:27:46 GMT+0800 (CST) ] time is 1434
[ Tue Aug 15 2017 16:27:46 GMT+0800 (CST) ] {"err":0,"msg":"JdnjDfvpAbJ91FXzrNsQcpFjrR4yo13veG"}
[ Tue Aug 15 2017 16:27:46 GMT+0800 (CST) ] time is 1439
[ Tue Aug 15 2017 16:27:46 GMT+0800 (CST) ] {"err":0,"msg":"JLf5JswuoN3jrht4SmCFFxmMDxkn5iG3xw"}
[ Tue Aug 15 2017 16:27:46 GMT+0800 (CST) ] time is 1440
[ Tue Aug 15 2017 16:27:46 GMT+0800 (CST) ] {"err":0,"msg":"JN74LyZnybhJYsXTCR2XvJWf6Zw6CKNJas"}
[ Tue Aug 15 2017 16:27:46 GMT+0800 (CST) ] time is 1432
[ Tue Aug 15 2017 16:27:46 GMT+0800 (CST) ] {"err":0,"msg":"JYrt9JWrPr2FLStK96FapLcwzB52Bx4x92"}
[ Tue Aug 15 2017 16:27:46 GMT+0800 (CST) ] time is 1435
[ Tue Aug 15 2017 16:27:46 GMT+0800 (CST) ] {"err":0,"msg":"JVyZaeBN4jEE4j7w23jeZ6XyrtDL66htd1"}
[ Tue Aug 15 2017 16:27:46 GMT+0800 (CST) ] time is 1440
[ Tue Aug 15 2017 16:27:46 GMT+0800 (CST) ] {"err":0,"msg":"JaRNGCCJT5qe24hrP6noML4TmFUgM6iLy1"}
[ Tue Aug 15 2017 16:27:46 GMT+0800 (CST) ] time is 1441
[ Tue Aug 15 2017 16:27:46 GMT+0800 (CST) ] {"err":0,"msg":"JVnCQw52KJztMnwgMwQfRGdVQj2YJKNRdz"}
[ Tue Aug 15 2017 16:27:46 GMT+0800 (CST) ] time is 1433
[ Tue Aug 15 2017 16:27:46 GMT+0800 (CST) ] {"err":0,"msg":"JRmNXFRHeZY8vXMuTB7pUyPAetzcZXtNsH"}
[ Tue Aug 15 2017 16:27:46 GMT+0800 (CST) ] time is 1436
[ Tue Aug 15 2017 16:27:46 GMT+0800 (CST) ] {"err":0,"msg":"JccABGcpX2kqLukTxPSvpAed8z8vrNstNi"}
[ Tue Aug 15 2017 16:27:46 GMT+0800 (CST) ] time is 1441
[ Tue Aug 15 2017 16:27:46 GMT+0800 (CST) ] {"err":0,"msg":"JRRpg2bjvJuhaZhoDH3t4FLNKn99peXNej"}
[ Tue Aug 15 2017 16:27:46 GMT+0800 (CST) ] time is 1442
[ Tue Aug 15 2017 16:27:46 GMT+0800 (CST) ] {"err":0,"msg":"JP8HMpqx3B6wdCHBYWWhNumoQvAYKDEEQY"}
[ Tue Aug 15 2017 16:27:46 GMT+0800 (CST) ] time is 1434
[ Tue Aug 15 2017 16:27:46 GMT+0800 (CST) ] {"err":0,"msg":"JTmKimDqFTw9iLMLX4Excgf5Q1xDED3xq3"}
[ Tue Aug 15 2017 16:27:46 GMT+0800 (CST) ] time is 1437
[ Tue Aug 15 2017 16:27:46 GMT+0800 (CST) ] {"err":0,"msg":"JWdDa58uCfa8A2vZtEq8c654fGSdTgLY83"}
[ Tue Aug 15 2017 16:27:46 GMT+0800 (CST) ] time is 1442
[ Tue Aug 15 2017 16:27:46 GMT+0800 (CST) ] {"err":0,"msg":"Jhr7CtsvHQk13nxgMotkS7xn5Ed1MbcGFM"}
[ Tue Aug 15 2017 16:27:46 GMT+0800 (CST) ] time is 1443
[ Tue Aug 15 2017 16:27:46 GMT+0800 (CST) ] {"err":0,"msg":"Jf9T4vvtQjjTrJ5kfLcnWsgbYLc62FghqM"}
[ Tue Aug 15 2017 16:27:46 GMT+0800 (CST) ] time is 1435
[ Tue Aug 15 2017 16:27:46 GMT+0800 (CST) ] {"err":0,"msg":"JYSFyLN9aznh1MmTZskR7X7xsBsScYTBBN"}
[ Tue Aug 15 2017 16:27:46 GMT+0800 (CST) ] time is 1438
[ Tue Aug 15 2017 16:27:46 GMT+0800 (CST) ] {"err":0,"msg":"JU6Y36GWRMhEfug7GCQYosJpEBpNjkLCmh"}
[ Tue Aug 15 2017 16:27:46 GMT+0800 (CST) ] time is 1443
[ Tue Aug 15 2017 16:27:46 GMT+0800 (CST) ] {"err":0,"msg":"JKW3vHbQHPJN9hmxMmmUiqs7WZbDoXrJC8"}
[ Tue Aug 15 2017 16:27:46 GMT+0800 (CST) ] time is 1444
[ Tue Aug 15 2017 16:27:46 GMT+0800 (CST) ] {"err":0,"msg":"JSY8AEGwBdSppvd9wQvcxtR6RDit68tebx"}
[ Tue Aug 15 2017 16:27:46 GMT+0800 (CST) ] time is 1436
[ Tue Aug 15 2017 16:27:46 GMT+0800 (CST) ] {"err":0,"msg":"JZpcaanEBFgPTVEUanVjzYhJHVg7sAxvXe"}
[ Tue Aug 15 2017 16:27:46 GMT+0800 (CST) ] time is 1439
[ Tue Aug 15 2017 16:27:46 GMT+0800 (CST) ] {"err":0,"msg":"JNQfVv7mcd92kh7FhXkJkbg9spspqXfBhQ"}
[ Tue Aug 15 2017 16:27:46 GMT+0800 (CST) ] time is 1444
[ Tue Aug 15 2017 16:27:46 GMT+0800 (CST) ] {"err":0,"msg":"JTTaHPunanGdPx3sa9CYR4yqDtnZWi5gcd"}
[ Tue Aug 15 2017 16:27:46 GMT+0800 (CST) ] time is 1445
[ Tue Aug 15 2017 16:27:46 GMT+0800 (CST) ] {"err":0,"msg":"JhGhXCfFjbJSBs45uFQqvm9DUQVyZdZ4rf"}
[ Tue Aug 15 2017 16:27:46 GMT+0800 (CST) ] time is 1437
[ Tue Aug 15 2017 16:27:46 GMT+0800 (CST) ] {"err":0,"msg":"JTLcqV5NDqxtJZdGzqg6Ux4dcRsi8Biq91"}
[ Tue Aug 15 2017 16:27:46 GMT+0800 (CST) ] time is 1440
[ Tue Aug 15 2017 16:27:46 GMT+0800 (CST) ] {"err":0,"msg":"JWdNm3VLwXzw8uirkMoEn8MQRkVqp26Ait"}
[ Tue Aug 15 2017 16:27:46 GMT+0800 (CST) ] time is 1445
[ Tue Aug 15 2017 16:27:46 GMT+0800 (CST) ] {"err":0,"msg":"JLt6vZLADjysEeigbL3ao1PYixkuwSme4E"}
[ Tue Aug 15 2017 16:27:46 GMT+0800 (CST) ] time is 1446
[ Tue Aug 15 2017 16:27:46 GMT+0800 (CST) ] {"err":0,"msg":"JeJQaFzQAxyQXPJEzKPwiQVjddodT3M3tf"}
[ Tue Aug 15 2017 16:27:46 GMT+0800 (CST) ] time is 1438
[ Tue Aug 15 2017 16:27:46 GMT+0800 (CST) ] {"err":0,"msg":"JdTh7fNcE9owPcB1RfT95fyVmjfRK5g1Ny"}
[ Tue Aug 15 2017 16:27:46 GMT+0800 (CST) ] time is 1441
[ Tue Aug 15 2017 16:27:46 GMT+0800 (CST) ] {"err":0,"msg":"JLA2QWbUzUQAC21gAMw4qsb8y114fjF4oY"}
[ Tue Aug 15 2017 16:27:46 GMT+0800 (CST) ] time is 1446
[ Tue Aug 15 2017 16:27:46 GMT+0800 (CST) ] {"err":0,"msg":"JbwMPVUa8GzSQqKFCbHn8dSXvePCLVpHpd"}
[ Tue Aug 15 2017 16:27:46 GMT+0800 (CST) ] time is 1447
[ Tue Aug 15 2017 16:27:46 GMT+0800 (CST) ] {"err":0,"msg":"JPUgrJyYjbRe2YDCpUZKBCgczN8n8RwRt6"}
[ Tue Aug 15 2017 16:27:46 GMT+0800 (CST) ] time is 1439
[ Tue Aug 15 2017 16:27:46 GMT+0800 (CST) ] {"err":0,"msg":"JMyGZRCiRSSir3oKxbSEo3C8paCom6Hmt4"}
[ Tue Aug 15 2017 16:27:46 GMT+0800 (CST) ] time is 1442
[ Tue Aug 15 2017 16:27:46 GMT+0800 (CST) ] {"err":0,"msg":"JTAQY6wweqyi83VeKgtdxeoV44NT2dF8Rc"}
[ Tue Aug 15 2017 16:27:46 GMT+0800 (CST) ] time is 1447
[ Tue Aug 15 2017 16:27:46 GMT+0800 (CST) ] {"err":0,"msg":"JWhffFMa2vrLYqLFeonJZakEGoL4KVn2Jz"}
[ Tue Aug 15 2017 16:27:46 GMT+0800 (CST) ] time is 1448
[ Tue Aug 15 2017 16:27:46 GMT+0800 (CST) ] {"err":0,"msg":"JgirqEyx21hN4nDaKrh5JNoUxst78KDqPR"}
[ Tue Aug 15 2017 16:27:46 GMT+0800 (CST) ] time is 1440
[ Tue Aug 15 2017 16:27:46 GMT+0800 (CST) ] {"err":0,"msg":"JdRor1HpjjRrEvFiTdUdsrvo9KCXrWoHNf"}
[ Tue Aug 15 2017 16:27:46 GMT+0800 (CST) ] time is 1443
[ Tue Aug 15 2017 16:27:46 GMT+0800 (CST) ] {"err":0,"msg":"JeZshBDACCP8u7PunCWYPYByKiA3jFYDjH"}
[ Tue Aug 15 2017 16:27:46 GMT+0800 (CST) ] time is 1448
[ Tue Aug 15 2017 16:27:46 GMT+0800 (CST) ] {"err":0,"msg":"JNKddswkCx2vUf8ATTUPoCcY7rC2ZaDkqV"}
[ Tue Aug 15 2017 16:27:46 GMT+0800 (CST) ] time is 1449
[ Tue Aug 15 2017 16:27:46 GMT+0800 (CST) ] {"err":0,"msg":"JhLimmrpYq5wVE637LLh53nsGKMzYirG7c"}
[ Tue Aug 15 2017 16:27:46 GMT+0800 (CST) ] time is 1441
[ Tue Aug 15 2017 16:27:46 GMT+0800 (CST) ] {"err":0,"msg":"JdCkj6hynaH2J2dRUF4rw5fn3DpsT4Qx1d"}
[ Tue Aug 15 2017 16:27:46 GMT+0800 (CST) ] time is 1444
[ Tue Aug 15 2017 16:27:46 GMT+0800 (CST) ] {"err":0,"msg":"Jeg7YGfgZifM5yjBFcsLMiWotsHbwckXuJ"}
[ Tue Aug 15 2017 16:27:46 GMT+0800 (CST) ] time is 1449
[ Tue Aug 15 2017 16:27:46 GMT+0800 (CST) ] {"err":0,"msg":"JhVqmpGG11vWy3BcJvgTkvdWTTEGKp3GAT"}
[ Tue Aug 15 2017 16:27:46 GMT+0800 (CST) ] time is 1450
[ Tue Aug 15 2017 16:27:46 GMT+0800 (CST) ] {"err":0,"msg":"JWtFoXrWXp3XEKFjBPqeydgyZYUX2Ddc9q"}
[ Tue Aug 15 2017 16:27:46 GMT+0800 (CST) ] time is 1442
[ Tue Aug 15 2017 16:27:46 GMT+0800 (CST) ] {"err":0,"msg":"JgjRkf3aPcdTSr9cJ7RbUoyaLX9o2YiMoV"}
[ Tue Aug 15 2017 16:27:46 GMT+0800 (CST) ] time is 1445
[ Tue Aug 15 2017 16:27:46 GMT+0800 (CST) ] {"err":0,"msg":"JcsZu4nZWngvjqXc9NJMq3iUUjKUWo6FsP"}
[ Tue Aug 15 2017 16:27:46 GMT+0800 (CST) ] time is 1450
[ Tue Aug 15 2017 16:27:46 GMT+0800 (CST) ] {"err":0,"msg":"JfoKh1ERP6rXbtCN2MYEkAVkKvoNAFJN2M"}
[ Tue Aug 15 2017 16:27:47 GMT+0800 (CST) ] time is 1451
[ Tue Aug 15 2017 16:27:47 GMT+0800 (CST) ] {"err":0,"msg":"JK4ShztVeFzse3XYzh9a2vzEkRDp6Ko4X7"}
[ Tue Aug 15 2017 16:27:47 GMT+0800 (CST) ] time is 1443
[ Tue Aug 15 2017 16:27:47 GMT+0800 (CST) ] {"err":0,"msg":"JgipeSs7g1KNwDD5CcxBEEZti5vUQsnY6r"}
[ Tue Aug 15 2017 16:27:47 GMT+0800 (CST) ] time is 1446
[ Tue Aug 15 2017 16:27:47 GMT+0800 (CST) ] {"err":0,"msg":"JhSCpQ4wUeSDQn1SWCXeUNvTUz6d3YhC6t"}
[ Tue Aug 15 2017 16:27:47 GMT+0800 (CST) ] time is 1451
[ Tue Aug 15 2017 16:27:47 GMT+0800 (CST) ] {"err":0,"msg":"JeVgzL59rZfHvPKpTX9oVAuzSDGqzWEb5z"}
[ Tue Aug 15 2017 16:27:47 GMT+0800 (CST) ] time is 1452
[ Tue Aug 15 2017 16:27:47 GMT+0800 (CST) ] {"err":0,"msg":"JdbewmpCsoTJBGAfFWSjUJhZpsG8i1Xpmj"}
[ Tue Aug 15 2017 16:27:47 GMT+0800 (CST) ] time is 1444
[ Tue Aug 15 2017 16:27:47 GMT+0800 (CST) ] {"err":0,"msg":"JcRzfdQMT59N624fE65QZ5wzGg2XaDLNqx"}
[ Tue Aug 15 2017 16:27:47 GMT+0800 (CST) ] {"err":0,"msg":"JKMwH5pZfmKQfBzfq4wVrLReszhhoKq31J"}
[ Tue Aug 15 2017 16:27:47 GMT+0800 (CST) ] time is 1447
[ Tue Aug 15 2017 16:27:47 GMT+0800 (CST) ] time is 1452
[ Tue Aug 15 2017 16:27:47 GMT+0800 (CST) ] {"err":0,"msg":"JYzX4AP1hkyTUXfab48DUXDGHvUU2bCKHu"}
[ Tue Aug 15 2017 16:27:47 GMT+0800 (CST) ] time is 1453
[ Tue Aug 15 2017 16:27:47 GMT+0800 (CST) ] {"err":0,"msg":"JUT7SkHyJJjsYTwN1NMd9j8Lb8VRxPgDBM"}
[ Tue Aug 15 2017 16:27:47 GMT+0800 (CST) ] time is 1445
[ Tue Aug 15 2017 16:27:47 GMT+0800 (CST) ] {"err":0,"msg":"JUWyKUDa3uG2HVhgSNtC7SEEhiqX875Kw5"}
[ Tue Aug 15 2017 16:27:47 GMT+0800 (CST) ] time is 1448
[ Tue Aug 15 2017 16:27:47 GMT+0800 (CST) ] {"err":0,"msg":"JT7AAf9dsjEo8EoQBddVG1g5qpnxr3vCHR"}
[ Tue Aug 15 2017 16:27:47 GMT+0800 (CST) ] time is 1453
[ Tue Aug 15 2017 16:27:47 GMT+0800 (CST) ] {"err":0,"msg":"JRv7A868s9GuhEVaFBN8WAWhUQLZfMB1uh"}
[ Tue Aug 15 2017 16:27:47 GMT+0800 (CST) ] time is 1454
[ Tue Aug 15 2017 16:27:47 GMT+0800 (CST) ] {"err":0,"msg":"JVHxUhwrywy7Jhs23TC1ypEnR2eyR1Xckz"}
[ Tue Aug 15 2017 16:27:47 GMT+0800 (CST) ] time is 1446
[ Tue Aug 15 2017 16:27:47 GMT+0800 (CST) ] {"err":0,"msg":"JKKbtLtXjukP6xtkxBov6UGJr62buzNUq1"}
[ Tue Aug 15 2017 16:27:47 GMT+0800 (CST) ] time is 1449
[ Tue Aug 15 2017 16:27:47 GMT+0800 (CST) ] {"err":0,"msg":"JKkWQPL6kwDh9syLRkkKYbnRPV1Jz7Zwt1"}
[ Tue Aug 15 2017 16:27:47 GMT+0800 (CST) ] {"err":0,"msg":"JU2n3TQJcVP11sJewvzFyvMwPsTXXrJwWT"}
[ Tue Aug 15 2017 16:27:47 GMT+0800 (CST) ] time is 1454
[ Tue Aug 15 2017 16:27:47 GMT+0800 (CST) ] time is 1455
[ Tue Aug 15 2017 16:27:47 GMT+0800 (CST) ] {"err":0,"msg":"JKziaQrY5otNhaqxKEjSdd7VDxZcSXkcb4"}
[ Tue Aug 15 2017 16:27:47 GMT+0800 (CST) ] time is 1447
[ Tue Aug 15 2017 16:27:47 GMT+0800 (CST) ] {"err":0,"msg":"JgYVyxQ2pVsCbkQMEPKHEkcvx4CUvQCeu1"}
[ Tue Aug 15 2017 16:27:47 GMT+0800 (CST) ] time is 1450
[ Tue Aug 15 2017 16:27:47 GMT+0800 (CST) ] {"err":0,"msg":"JNZm7ga4ASRp6Cf8WfjkBZ4txkaXkjD5s3"}
[ Tue Aug 15 2017 16:27:47 GMT+0800 (CST) ] time is 1455
[ Tue Aug 15 2017 16:27:47 GMT+0800 (CST) ] {"err":0,"msg":"JY2y8TN4ZKcBP5UmdpXRvtFKSJDGNPpTQV"}
[ Tue Aug 15 2017 16:27:47 GMT+0800 (CST) ] time is 1456
[ Tue Aug 15 2017 16:27:47 GMT+0800 (CST) ] {"err":0,"msg":"JS9eN4Ryhg2Ap1YXAuWhqqN5ohjfxYqWPW"}
[ Tue Aug 15 2017 16:27:47 GMT+0800 (CST) ] time is 1448
[ Tue Aug 15 2017 16:27:47 GMT+0800 (CST) ] {"err":0,"msg":"JUG76iqje1KVE2fP41B2X6WCTKQN4y5MQ9"}
[ Tue Aug 15 2017 16:27:47 GMT+0800 (CST) ] time is 1451
[ Tue Aug 15 2017 16:27:47 GMT+0800 (CST) ] {"err":0,"msg":"JNQERMfVntjbU8Q6BJV4mbJGFQ1UHe2hfM"}
[ Tue Aug 15 2017 16:27:47 GMT+0800 (CST) ] time is 1456
[ Tue Aug 15 2017 16:27:47 GMT+0800 (CST) ] {"err":0,"msg":"JVw4vJcHf8yDkVsypa741PAPQQBqju5duu"}
[ Tue Aug 15 2017 16:27:47 GMT+0800 (CST) ] time is 1457
[ Tue Aug 15 2017 16:27:47 GMT+0800 (CST) ] {"err":0,"msg":"JRyASLS1kEv5Sm8Bj45anRez6i2HAQ3md2"}
[ Tue Aug 15 2017 16:27:47 GMT+0800 (CST) ] time is 1449
[ Tue Aug 15 2017 16:27:47 GMT+0800 (CST) ] {"err":0,"msg":"JhqTxrowZu3eSe9jT4GVh2gjSctVbK4vsb"}
[ Tue Aug 15 2017 16:27:47 GMT+0800 (CST) ] time is 1452
[ Tue Aug 15 2017 16:27:47 GMT+0800 (CST) ] {"err":0,"msg":"JRBxvdAuSpSQ4SdkvbJ2ybBn4DYptqwaxn"}
[ Tue Aug 15 2017 16:27:47 GMT+0800 (CST) ] time is 1457
[ Tue Aug 15 2017 16:27:47 GMT+0800 (CST) ] {"err":0,"msg":"JVEEuKTeQcieJuWYeBnhKMxbJEvvJ51UgD"}
[ Tue Aug 15 2017 16:27:47 GMT+0800 (CST) ] time is 1450
[ Tue Aug 15 2017 16:27:47 GMT+0800 (CST) ] {"err":0,"msg":"JhLfv474JJy7VWZ36b2Mqw7NyDgG8HaBEL"}
[ Tue Aug 15 2017 16:27:47 GMT+0800 (CST) ] time is 1458
[ Tue Aug 15 2017 16:27:47 GMT+0800 (CST) ] {"err":0,"msg":"JPbPHwdf1nRnqNSfcUjqq195fXDWYGaW6Y"}
[ Tue Aug 15 2017 16:27:47 GMT+0800 (CST) ] time is 1453
[ Tue Aug 15 2017 16:27:47 GMT+0800 (CST) ] {"err":0,"msg":"JTASDtpW8q2igSidShYSZX9CPAX3iiZtAd"}
[ Tue Aug 15 2017 16:27:47 GMT+0800 (CST) ] time is 1458
[ Tue Aug 15 2017 16:27:47 GMT+0800 (CST) ] {"err":0,"msg":"JZEkxRWWWkHyXTf1dsi6Vd5g8apNbWE3qy"}
[ Tue Aug 15 2017 16:27:47 GMT+0800 (CST) ] time is 1451
[ Tue Aug 15 2017 16:27:47 GMT+0800 (CST) ] {"err":0,"msg":"JcNqMTLbfF8i6PhMq6rE3VTV8PBQVbGBrV"}
[ Tue Aug 15 2017 16:27:47 GMT+0800 (CST) ] time is 1454
[ Tue Aug 15 2017 16:27:47 GMT+0800 (CST) ] {"err":0,"msg":"JZXcHayUvT6Dx9LyLXkhhfyq78ifrY5uZt"}
[ Tue Aug 15 2017 16:27:47 GMT+0800 (CST) ] time is 1459
[ Tue Aug 15 2017 16:27:47 GMT+0800 (CST) ] {"err":0,"msg":"JS3LBvL8vP339oEsZagC5UgcgMVXVhaZVE"}
[ Tue Aug 15 2017 16:27:47 GMT+0800 (CST) ] time is 1459
[ Tue Aug 15 2017 16:27:47 GMT+0800 (CST) ] {"err":0,"msg":"JQHFDFYz9PrgaxNMoTq7igE6J9Kd1wNbhB"}
[ Tue Aug 15 2017 16:27:47 GMT+0800 (CST) ] time is 1452
[ Tue Aug 15 2017 16:27:47 GMT+0800 (CST) ] {"err":0,"msg":"JNHBc2vLrBjXUxhEc8xhtmi1D8KwoRUPAK"}
[ Tue Aug 15 2017 16:27:47 GMT+0800 (CST) ] time is 1455
[ Tue Aug 15 2017 16:27:47 GMT+0800 (CST) ] {"err":0,"msg":"JTZnws8GpHG89ryJVfWC2PPJDVRDP2MDzm"}
[ Tue Aug 15 2017 16:27:47 GMT+0800 (CST) ] time is 1460
[ Tue Aug 15 2017 16:27:47 GMT+0800 (CST) ] {"err":0,"msg":"JeyFFSnAgruDfA4QhJwecugsWL2boPxC5z"}
[ Tue Aug 15 2017 16:27:47 GMT+0800 (CST) ] time is 1460
[ Tue Aug 15 2017 16:27:47 GMT+0800 (CST) ] {"err":0,"msg":"JRxTR8nst7XFwa8bEuJiBC1JrLfVzZs7SN"}
[ Tue Aug 15 2017 16:27:47 GMT+0800 (CST) ] time is 1453
[ Tue Aug 15 2017 16:27:47 GMT+0800 (CST) ] {"err":0,"msg":"JRuRAvWJ5SoExqLpnrCvRcz1P56zBqoeH9"}
[ Tue Aug 15 2017 16:27:47 GMT+0800 (CST) ] time is 1456
[ Tue Aug 15 2017 16:27:47 GMT+0800 (CST) ] {"err":0,"msg":"JK9Z3TbcubNg4brkfLCuuT6M3LRm2nXc6j"}
[ Tue Aug 15 2017 16:27:47 GMT+0800 (CST) ] time is 1454
[ Tue Aug 15 2017 16:27:47 GMT+0800 (CST) ] {"err":0,"msg":"JcQZBYpvSWxC1AYZYo6RCbma5N7VNwwzA6"}
[ Tue Aug 15 2017 16:27:47 GMT+0800 (CST) ] time is 1461
[ Tue Aug 15 2017 16:27:47 GMT+0800 (CST) ] {"err":0,"msg":"JTb22ZucMTMqzUQNVvccWBbvevK198nPQQ"}
[ Tue Aug 15 2017 16:27:47 GMT+0800 (CST) ] time is 1461
[ Tue Aug 15 2017 16:27:47 GMT+0800 (CST) ] {"err":0,"msg":"JWKPyKYVEt7qaYVsTQVPVxk3LKaAFy7XCM"}
[ Tue Aug 15 2017 16:27:47 GMT+0800 (CST) ] time is 1457
[ Tue Aug 15 2017 16:27:47 GMT+0800 (CST) ] {"err":0,"msg":"JadeAk9wWDavfGnBRfP5gkTSJ1Qq8sYRUZ"}
[ Tue Aug 15 2017 16:27:47 GMT+0800 (CST) ] time is 1455
[ Tue Aug 15 2017 16:27:47 GMT+0800 (CST) ] {"err":0,"msg":"JdUuG6eBTkxSQz5651PPxPbMa6Euj9UVak"}
[ Tue Aug 15 2017 16:27:47 GMT+0800 (CST) ] time is 1462
[ Tue Aug 15 2017 16:27:47 GMT+0800 (CST) ] {"err":0,"msg":"JLXNxgCHwWqi3FPKj26foZBm4jhw2S7nBV"}
[ Tue Aug 15 2017 16:27:47 GMT+0800 (CST) ] time is 1462
[ Tue Aug 15 2017 16:27:47 GMT+0800 (CST) ] {"err":0,"msg":"JcRkPZ7yrZ5PKsML6R1tC4CrQ6pWPB2y5S"}
[ Tue Aug 15 2017 16:27:47 GMT+0800 (CST) ] time is 1458
[ Tue Aug 15 2017 16:27:47 GMT+0800 (CST) ] {"err":0,"msg":"JTBTeqtyyp6GosWMhpF7ccmh5jRbuPJfX6"}
[ Tue Aug 15 2017 16:27:47 GMT+0800 (CST) ] time is 1456
[ Tue Aug 15 2017 16:27:47 GMT+0800 (CST) ] {"err":0,"msg":"Jb9mxUHpeXHoG9GwyzjM6JDDn796z4CJfQ"}
[ Tue Aug 15 2017 16:27:47 GMT+0800 (CST) ] time is 1463
[ Tue Aug 15 2017 16:27:47 GMT+0800 (CST) ] {"err":0,"msg":"JU49uEnaDLGThqJj9echRQao6F74K6F5J4"}
[ Tue Aug 15 2017 16:27:47 GMT+0800 (CST) ] time is 1463
[ Tue Aug 15 2017 16:27:47 GMT+0800 (CST) ] {"err":0,"msg":"JboemBSTf3XfL8WCTkmLBPvtxeTVEwzUyi"}
[ Tue Aug 15 2017 16:27:47 GMT+0800 (CST) ] time is 1459
[ Tue Aug 15 2017 16:27:47 GMT+0800 (CST) ] {"err":0,"msg":"JVUmX58MacLwrSzeMtSPWfJdoS5NHrVmeH"}
[ Tue Aug 15 2017 16:27:47 GMT+0800 (CST) ] time is 1457
[ Tue Aug 15 2017 16:27:47 GMT+0800 (CST) ] {"err":0,"msg":"JT8honR5Wf4VU2WvCi1NoyFNGXAY1jpR9F"}
[ Tue Aug 15 2017 16:27:47 GMT+0800 (CST) ] time is 1464
[ Tue Aug 15 2017 16:27:47 GMT+0800 (CST) ] {"err":0,"msg":"JeVPkLTuCMMfnsmnBZsb89LujZbCwM8zS7"}
[ Tue Aug 15 2017 16:27:47 GMT+0800 (CST) ] time is 1464
[ Tue Aug 15 2017 16:27:47 GMT+0800 (CST) ] {"err":0,"msg":"JSjW4CnpKLirzTnmYKkBHdqQSnoPGuJ4vP"}
[ Tue Aug 15 2017 16:27:47 GMT+0800 (CST) ] time is 1460
[ Tue Aug 15 2017 16:27:47 GMT+0800 (CST) ] {"err":0,"msg":"JP5JWdv4unsiHCBU9FwJ4Ww6bFdzcdw3Kx"}
[ Tue Aug 15 2017 16:27:47 GMT+0800 (CST) ] time is 1458
[ Tue Aug 15 2017 16:27:47 GMT+0800 (CST) ] {"err":0,"msg":"JWJx7HaZ2gHUs4uAh4u54fvhjihJrS5BN6"}
[ Tue Aug 15 2017 16:27:47 GMT+0800 (CST) ] time is 1465
[ Tue Aug 15 2017 16:27:47 GMT+0800 (CST) ] {"err":0,"msg":"JMcJrGD4DGT1Eu7MRHkj4CXQDvUrnRBaN1"}
[ Tue Aug 15 2017 16:27:47 GMT+0800 (CST) ] time is 1465
[ Tue Aug 15 2017 16:27:47 GMT+0800 (CST) ] {"err":0,"msg":"JhCQHrgXykU4SzpaCPPeXXFQf5DiCQYLNf"}
[ Tue Aug 15 2017 16:27:47 GMT+0800 (CST) ] time is 1461
[ Tue Aug 15 2017 16:27:47 GMT+0800 (CST) ] {"err":0,"msg":"JfEGP7FAnTLRxNx5nohxnQ3NAsPPUZNPf1"}
[ Tue Aug 15 2017 16:27:47 GMT+0800 (CST) ] time is 1459
[ Tue Aug 15 2017 16:27:47 GMT+0800 (CST) ] {"err":0,"msg":"JSmzD7aFsnnFxcmPhTwpC7Ehh5Pui1VUYs"}
[ Tue Aug 15 2017 16:27:47 GMT+0800 (CST) ] time is 1466
[ Tue Aug 15 2017 16:27:47 GMT+0800 (CST) ] {"err":0,"msg":"JfcvSsapMrJA9fdhvBWxg6dJLK1TLC2DP4"}
[ Tue Aug 15 2017 16:27:47 GMT+0800 (CST) ] time is 1466
[ Tue Aug 15 2017 16:27:47 GMT+0800 (CST) ] {"err":0,"msg":"JVi7UpSH11sTwLQTu38pMAAfsjVEizzoq1"}
[ Tue Aug 15 2017 16:27:47 GMT+0800 (CST) ] time is 1462
[ Tue Aug 15 2017 16:27:47 GMT+0800 (CST) ] {"err":0,"msg":"JeHTYTjAbhgmbxfDanjbQaywtgCBH6wauu"}
[ Tue Aug 15 2017 16:27:47 GMT+0800 (CST) ] time is 1460
[ Tue Aug 15 2017 16:27:47 GMT+0800 (CST) ] {"err":0,"msg":"JaF1yysKkX97J3uY9Tce5iUi4H3ytm5eNL"}
[ Tue Aug 15 2017 16:27:48 GMT+0800 (CST) ] time is 1467
[ Tue Aug 15 2017 16:27:48 GMT+0800 (CST) ] {"err":0,"msg":"JSri8sSwomu2mk59nhWLcEoUbf5QMGBb9b"}
[ Tue Aug 15 2017 16:27:48 GMT+0800 (CST) ] time is 1467
[ Tue Aug 15 2017 16:27:48 GMT+0800 (CST) ] {"err":0,"msg":"JPWh4rNV5ComCskEXX4SN8JgrxrmrV5yd8"}
[ Tue Aug 15 2017 16:27:48 GMT+0800 (CST) ] time is 1463
[ Tue Aug 15 2017 16:27:48 GMT+0800 (CST) ] {"err":0,"msg":"JNTqrggR5dk7BdenZgAdSq9o32NR8kKomY"}
[ Tue Aug 15 2017 16:27:48 GMT+0800 (CST) ] time is 1461
[ Tue Aug 15 2017 16:27:48 GMT+0800 (CST) ] {"err":0,"msg":"JQQMAivpPiZhzdNomcPTW2BFWFRnxinRHE"}
[ Tue Aug 15 2017 16:27:48 GMT+0800 (CST) ] time is 1468
[ Tue Aug 15 2017 16:27:48 GMT+0800 (CST) ] {"err":0,"msg":"JdTqHymQGZDjz6y2Z5nFqcZPptYRpf99qx"}
[ Tue Aug 15 2017 16:27:48 GMT+0800 (CST) ] time is 1468
[ Tue Aug 15 2017 16:27:48 GMT+0800 (CST) ] {"err":0,"msg":"JRbygbM6oAS1nrMxX2QsZz2YotLnU82sLa"}
[ Tue Aug 15 2017 16:27:48 GMT+0800 (CST) ] time is 1464
[ Tue Aug 15 2017 16:27:48 GMT+0800 (CST) ] {"err":0,"msg":"JJgPAT36CgnVwUw4apsXfwvEURgiEBa3YA"}
[ Tue Aug 15 2017 16:27:48 GMT+0800 (CST) ] time is 1462
[ Tue Aug 15 2017 16:27:48 GMT+0800 (CST) ] {"err":0,"msg":"JTFve6BuRzVNeTDswaD2quptvnfcAX6ANS"}
[ Tue Aug 15 2017 16:27:48 GMT+0800 (CST) ] time is 1469
[ Tue Aug 15 2017 16:27:48 GMT+0800 (CST) ] {"err":0,"msg":"JcfxaCpGc4bBu5BryHeYyzFutLTsWEH9as"}
[ Tue Aug 15 2017 16:27:48 GMT+0800 (CST) ] time is 1469
[ Tue Aug 15 2017 16:27:48 GMT+0800 (CST) ] {"err":0,"msg":"JR6JExfcLgvmgQCjouS1eY4KZoA4Mwe5gh"}
[ Tue Aug 15 2017 16:27:48 GMT+0800 (CST) ] time is 1465
[ Tue Aug 15 2017 16:27:48 GMT+0800 (CST) ] {"err":0,"msg":"JdhJyNcxCdvB3bbrbVs4GZSEMBXpLJQfMp"}
[ Tue Aug 15 2017 16:27:48 GMT+0800 (CST) ] time is 1463
[ Tue Aug 15 2017 16:27:48 GMT+0800 (CST) ] {"err":0,"msg":"JcL3H7keyGLCtmFEkWFtJgwCtXCHr6uFTY"}
[ Tue Aug 15 2017 16:27:48 GMT+0800 (CST) ] time is 1470
[ Tue Aug 15 2017 16:27:48 GMT+0800 (CST) ] {"err":0,"msg":"JbRwyhfKxo91nAPPWuotrzKsAFY8kzj5rN"}
[ Tue Aug 15 2017 16:27:48 GMT+0800 (CST) ] time is 1470
[ Tue Aug 15 2017 16:27:48 GMT+0800 (CST) ] {"err":0,"msg":"JUgRHBNN1GrnjPFyr7u5nuCWw7nidENaBu"}
[ Tue Aug 15 2017 16:27:48 GMT+0800 (CST) ] time is 1466
[ Tue Aug 15 2017 16:27:48 GMT+0800 (CST) ] {"err":0,"msg":"JS7ui4nudWdWZhW8Cgg3jMChTKbMjmND1r"}
[ Tue Aug 15 2017 16:27:48 GMT+0800 (CST) ] time is 1464
[ Tue Aug 15 2017 16:27:48 GMT+0800 (CST) ] {"err":0,"msg":"JWC4xot2J6YFh4unpD9iXsUvzq5XeCBrkt"}
[ Tue Aug 15 2017 16:27:48 GMT+0800 (CST) ] time is 1471
[ Tue Aug 15 2017 16:27:48 GMT+0800 (CST) ] {"err":0,"msg":"Jhca2m1YW4S44jh3gac7ZQQV8VLJJ4JTuJ"}
[ Tue Aug 15 2017 16:27:48 GMT+0800 (CST) ] time is 1467
[ Tue Aug 15 2017 16:27:48 GMT+0800 (CST) ] {"err":0,"msg":"JMvtHhLNXbzeVB4u8TRcoUnEuMET5DXMct"}
[ Tue Aug 15 2017 16:27:48 GMT+0800 (CST) ] time is 1471
[ Tue Aug 15 2017 16:27:48 GMT+0800 (CST) ] {"err":0,"msg":"JQb518zRuNDSvZXACN2pdZKxQAxNKbjE5X"}
[ Tue Aug 15 2017 16:27:48 GMT+0800 (CST) ] time is 1465
[ Tue Aug 15 2017 16:27:48 GMT+0800 (CST) ] {"err":0,"msg":"JMW6FMUbKfiL8RMnr9EUSaNAFNwNa8Yvh9"}
[ Tue Aug 15 2017 16:27:48 GMT+0800 (CST) ] time is 1472
[ Tue Aug 15 2017 16:27:48 GMT+0800 (CST) ] {"err":0,"msg":"JM4GJQMZf7E7hGX8uMqTSPLXP8zw4krdkG"}
[ Tue Aug 15 2017 16:27:48 GMT+0800 (CST) ] time is 1468
[ Tue Aug 15 2017 16:27:48 GMT+0800 (CST) ] {"err":0,"msg":"JcYZeW7FsrMsrv8TxAnWQ78oUfRZhvxgyP"}
[ Tue Aug 15 2017 16:27:48 GMT+0800 (CST) ] time is 1472
[ Tue Aug 15 2017 16:27:48 GMT+0800 (CST) ] {"err":0,"msg":"JMso1oAFEpTKbXPnPNTnWjPdrQMQ1FQtyh"}
[ Tue Aug 15 2017 16:27:48 GMT+0800 (CST) ] time is 1466
[ Tue Aug 15 2017 16:27:48 GMT+0800 (CST) ] {"err":0,"msg":"JWbyXH1XMghnFLnVxshncPB2F8esCyYdib"}
[ Tue Aug 15 2017 16:27:48 GMT+0800 (CST) ] time is 1473
[ Tue Aug 15 2017 16:27:48 GMT+0800 (CST) ] {"err":0,"msg":"JV5oMNRLe5tSP4F1CUys2FWw1cGtVmjvyM"}
[ Tue Aug 15 2017 16:27:48 GMT+0800 (CST) ] time is 1469
[ Tue Aug 15 2017 16:27:48 GMT+0800 (CST) ] {"err":0,"msg":"JN8CjHMXVjLCPek3FjzAJnXCoBiXtonP5r"}
[ Tue Aug 15 2017 16:27:48 GMT+0800 (CST) ] time is 1473
[ Tue Aug 15 2017 16:27:48 GMT+0800 (CST) ] {"err":0,"msg":"JghsA3k1gQFzz5N2zcdPQa6FfABZNwdSC5"}
[ Tue Aug 15 2017 16:27:48 GMT+0800 (CST) ] time is 1467
[ Tue Aug 15 2017 16:27:48 GMT+0800 (CST) ] {"err":0,"msg":"JZbFYzRpdm9XXbfmMzYc8ww8GmEbC1Pz1i"}
[ Tue Aug 15 2017 16:27:48 GMT+0800 (CST) ] time is 1474
[ Tue Aug 15 2017 16:27:48 GMT+0800 (CST) ] {"err":0,"msg":"JReyTwnRDhDc19msUDMxden68DyKgEaqoT"}
[ Tue Aug 15 2017 16:27:48 GMT+0800 (CST) ] time is 1470
[ Tue Aug 15 2017 16:27:48 GMT+0800 (CST) ] {"err":0,"msg":"JKaHriBfzKp9hUifyUVPdShiqEAKvkKy3y"}
[ Tue Aug 15 2017 16:27:48 GMT+0800 (CST) ] time is 1474
[ Tue Aug 15 2017 16:27:48 GMT+0800 (CST) ] {"err":0,"msg":"JbVHi3tbadFhgq4iwRRvgH38LcHVbcfw6q"}
[ Tue Aug 15 2017 16:27:48 GMT+0800 (CST) ] {"err":0,"msg":"JfvpvJjAWKUekhus1ZSpvcE1XohEitM4z7"}
[ Tue Aug 15 2017 16:27:48 GMT+0800 (CST) ] time is 1468
[ Tue Aug 15 2017 16:27:48 GMT+0800 (CST) ] time is 1475
[ Tue Aug 15 2017 16:27:48 GMT+0800 (CST) ] {"err":0,"msg":"Jg21ZEdtFQMaunGp6ahntnZmNVa7bV6uaU"}
[ Tue Aug 15 2017 16:27:48 GMT+0800 (CST) ] time is 1471
[ Tue Aug 15 2017 16:27:48 GMT+0800 (CST) ] {"err":0,"msg":"JPhnFJnqfG2kzdHTbcrBQAYiqo75fbHcYF"}
[ Tue Aug 15 2017 16:27:48 GMT+0800 (CST) ] time is 1475
[ Tue Aug 15 2017 16:27:48 GMT+0800 (CST) ] {"err":0,"msg":"JSSQ3VBFxKfPUHLGq24DfnqGaT6McqhRvd"}
[ Tue Aug 15 2017 16:27:48 GMT+0800 (CST) ] time is 1469
[ Tue Aug 15 2017 16:27:48 GMT+0800 (CST) ] {"err":0,"msg":"JWU1sNegDtKm5yPQdGv5CSahXxdL9GnTwu"}
[ Tue Aug 15 2017 16:27:48 GMT+0800 (CST) ] time is 1476
[ Tue Aug 15 2017 16:27:48 GMT+0800 (CST) ] {"err":0,"msg":"JLQDBe3K2ooe5uxJo9f6ZhNWj9fvihoBwF"}
[ Tue Aug 15 2017 16:27:48 GMT+0800 (CST) ] time is 1472
[ Tue Aug 15 2017 16:27:48 GMT+0800 (CST) ] {"err":0,"msg":"JeCaXw3NEFxNyPiRT1myNjQTwqUNdzNzoC"}
[ Tue Aug 15 2017 16:27:48 GMT+0800 (CST) ] time is 1476
[ Tue Aug 15 2017 16:27:48 GMT+0800 (CST) ] {"err":0,"msg":"JS5s3RLJcNLZ7qdNNnvjJmar7Sy2UcUpoa"}
[ Tue Aug 15 2017 16:27:48 GMT+0800 (CST) ] time is 1470
[ Tue Aug 15 2017 16:27:48 GMT+0800 (CST) ] {"err":0,"msg":"JRHP9eBb72RFEzmauB5LcLSsqSEjjwKn59"}
[ Tue Aug 15 2017 16:27:48 GMT+0800 (CST) ] time is 1477
[ Tue Aug 15 2017 16:27:48 GMT+0800 (CST) ] {"err":0,"msg":"JZBVGX1udFSjS8VYQmpweeDVpxx1TGS6mA"}
[ Tue Aug 15 2017 16:27:48 GMT+0800 (CST) ] time is 1473
[ Tue Aug 15 2017 16:27:48 GMT+0800 (CST) ] {"err":0,"msg":"Jc2Lz3KUiwrPne1dotjvm8eozyqdbTEHae"}
[ Tue Aug 15 2017 16:27:48 GMT+0800 (CST) ] time is 1477
[ Tue Aug 15 2017 16:27:48 GMT+0800 (CST) ] {"err":0,"msg":"JfSHBJ56PKZUKii7vcwQS1uVxBdWwNnSbk"}
[ Tue Aug 15 2017 16:27:48 GMT+0800 (CST) ] time is 1471
[ Tue Aug 15 2017 16:27:48 GMT+0800 (CST) ] {"err":0,"msg":"JRp3AcUpZbk7KvzGb7phyQMBiJQeWVwtBa"}
[ Tue Aug 15 2017 16:27:48 GMT+0800 (CST) ] time is 1478
[ Tue Aug 15 2017 16:27:48 GMT+0800 (CST) ] {"err":0,"msg":"JcezFVp72XxewcnxtYjD6n7z8FiPrQVhGM"}
[ Tue Aug 15 2017 16:27:48 GMT+0800 (CST) ] time is 1474
[ Tue Aug 15 2017 16:27:48 GMT+0800 (CST) ] {"err":0,"msg":"JgqcftUiCqgJVfARF4TKfX23mkkB35MygY"}
[ Tue Aug 15 2017 16:27:48 GMT+0800 (CST) ] time is 1478
[ Tue Aug 15 2017 16:27:48 GMT+0800 (CST) ] {"err":0,"msg":"JKz4McT4dVpPNzSFayfHtrqEXNGoC1EyzF"}
[ Tue Aug 15 2017 16:27:48 GMT+0800 (CST) ] time is 1472
[ Tue Aug 15 2017 16:27:48 GMT+0800 (CST) ] {"err":0,"msg":"JgCC6ioYLYDhGfGtfS5qjFqgEhsHbeJuax"}
[ Tue Aug 15 2017 16:27:48 GMT+0800 (CST) ] time is 1479
[ Tue Aug 15 2017 16:27:48 GMT+0800 (CST) ] {"err":0,"msg":"JhGpKnovzB4YeBYMDPU6iUaQ6GE6GSa1za"}
[ Tue Aug 15 2017 16:27:48 GMT+0800 (CST) ] time is 1475
[ Tue Aug 15 2017 16:27:48 GMT+0800 (CST) ] {"err":0,"msg":"JhZriwNXJsihGJ6si3J3vZhmN8mWfqg7HR"}
[ Tue Aug 15 2017 16:27:48 GMT+0800 (CST) ] time is 1479
[ Tue Aug 15 2017 16:27:48 GMT+0800 (CST) ] {"err":0,"msg":"JWz5CMsaLBBu1ftzLAEggyGT5cWzWTvdRG"}
[ Tue Aug 15 2017 16:27:48 GMT+0800 (CST) ] time is 1473
[ Tue Aug 15 2017 16:27:48 GMT+0800 (CST) ] {"err":0,"msg":"JQNg4ZpsetYG1CkemRpPbJi9wkgQzDBjVs"}
[ Tue Aug 15 2017 16:27:48 GMT+0800 (CST) ] time is 1480
[ Tue Aug 15 2017 16:27:48 GMT+0800 (CST) ] {"err":0,"msg":"JXm8S4P5WCH7sFzJhcDbQ35wE8CMo1f9Ay"}
[ Tue Aug 15 2017 16:27:48 GMT+0800 (CST) ] time is 1476
[ Tue Aug 15 2017 16:27:48 GMT+0800 (CST) ] {"err":0,"msg":"JepoN1BmpfF56Y5ExHg8HG8dpQWHctxyJ8"}
[ Tue Aug 15 2017 16:27:48 GMT+0800 (CST) ] time is 1480
[ Tue Aug 15 2017 16:27:48 GMT+0800 (CST) ] {"err":0,"msg":"JZ8KGxHKXgU6zgMyVvMJiQijgZx2ww4K7g"}
[ Tue Aug 15 2017 16:27:48 GMT+0800 (CST) ] time is 1474
[ Tue Aug 15 2017 16:27:48 GMT+0800 (CST) ] {"err":0,"msg":"JTQmwYcZVgMe8TVpAubs4S2SaurKfFwpJQ"}
[ Tue Aug 15 2017 16:27:48 GMT+0800 (CST) ] time is 1481
[ Tue Aug 15 2017 16:27:48 GMT+0800 (CST) ] {"err":0,"msg":"JTqPEcy7S4ggyfPbFtVEbnf9G3SjNGHRJy"}
[ Tue Aug 15 2017 16:27:48 GMT+0800 (CST) ] time is 1477
[ Tue Aug 15 2017 16:27:48 GMT+0800 (CST) ] {"err":0,"msg":"JhborG3GWwofd5iGTCMtSMTG9oTUyPMzUn"}
[ Tue Aug 15 2017 16:27:48 GMT+0800 (CST) ] time is 1481
[ Tue Aug 15 2017 16:27:48 GMT+0800 (CST) ] {"err":0,"msg":"JU16CfsGohLeLnG2Y9vDQ4akxYjoiqwMkA"}
[ Tue Aug 15 2017 16:27:48 GMT+0800 (CST) ] time is 1475
[ Tue Aug 15 2017 16:27:48 GMT+0800 (CST) ] {"err":0,"msg":"Jgja6LvwHwk3ndKM87nkwx9WaVUsvm4oEt"}
[ Tue Aug 15 2017 16:27:48 GMT+0800 (CST) ] time is 1482
[ Tue Aug 15 2017 16:27:48 GMT+0800 (CST) ] {"err":0,"msg":"JcKgzktXj4tCitTFxizrCNEDZe3AxVnNAA"}
[ Tue Aug 15 2017 16:27:48 GMT+0800 (CST) ] time is 1478
[ Tue Aug 15 2017 16:27:48 GMT+0800 (CST) ] {"err":0,"msg":"JRrc5iau3cKRrtu2VRNBrUCFJhzbnmGKS5"}
[ Tue Aug 15 2017 16:27:48 GMT+0800 (CST) ] time is 1482
[ Tue Aug 15 2017 16:27:48 GMT+0800 (CST) ] {"err":0,"msg":"JfvmyaAvki59FkX8NzfEd5Wst12K1HgjCr"}
[ Tue Aug 15 2017 16:27:48 GMT+0800 (CST) ] time is 1476
[ Tue Aug 15 2017 16:27:48 GMT+0800 (CST) ] {"err":0,"msg":"JLv55dfsokcSC4ifHCbpJkC6bnq7Tyo3gU"}
[ Tue Aug 15 2017 16:27:48 GMT+0800 (CST) ] time is 1483
[ Tue Aug 15 2017 16:27:48 GMT+0800 (CST) ] {"err":0,"msg":"JdqXCVWiJBSE93xHNNXTVUG22Xoo2f3e3F"}
[ Tue Aug 15 2017 16:27:48 GMT+0800 (CST) ] time is 1479
[ Tue Aug 15 2017 16:27:48 GMT+0800 (CST) ] {"err":0,"msg":"JXb9kD4fF462YEHYP3GHth5WLb42tamw3Z"}
[ Tue Aug 15 2017 16:27:48 GMT+0800 (CST) ] time is 1483
[ Tue Aug 15 2017 16:27:48 GMT+0800 (CST) ] {"err":0,"msg":"JNNGhqRYhK2GdG1dP4cxog5xSWnG4Sdco8"}
[ Tue Aug 15 2017 16:27:48 GMT+0800 (CST) ] time is 1477
[ Tue Aug 15 2017 16:27:48 GMT+0800 (CST) ] {"err":0,"msg":"JbtMyZ8itJufbNQDLFVFWScx2F4a4RbfH6"}
[ Tue Aug 15 2017 16:27:48 GMT+0800 (CST) ] time is 1484
[ Tue Aug 15 2017 16:27:48 GMT+0800 (CST) ] {"err":0,"msg":"JWuCXojbafFSfW3jJx4rqkNPdfhMwtJM5U"}
[ Tue Aug 15 2017 16:27:48 GMT+0800 (CST) ] time is 1480
[ Tue Aug 15 2017 16:27:48 GMT+0800 (CST) ] {"err":0,"msg":"JZ6uVNUuo9xJoKYUvFVjEtqU6MYKdX3r9v"}
[ Tue Aug 15 2017 16:27:48 GMT+0800 (CST) ] time is 1484
[ Tue Aug 15 2017 16:27:48 GMT+0800 (CST) ] {"err":0,"msg":"JNz8o6ALNycKJrLJ83EM52giD781oBrMsq"}
[ Tue Aug 15 2017 16:27:49 GMT+0800 (CST) ] time is 1478
[ Tue Aug 15 2017 16:27:49 GMT+0800 (CST) ] {"err":0,"msg":"Ja61LETehaaScGo2hmbFT4QJA61ih6Jr23"}
[ Tue Aug 15 2017 16:27:49 GMT+0800 (CST) ] time is 1485
[ Tue Aug 15 2017 16:27:49 GMT+0800 (CST) ] {"err":0,"msg":"JMcLodiuRxC4VTFEruMXJXomyg4NLNRHQ4"}
[ Tue Aug 15 2017 16:27:49 GMT+0800 (CST) ] time is 1481
[ Tue Aug 15 2017 16:27:49 GMT+0800 (CST) ] {"err":0,"msg":"JXFTMzK8dNEhSGckDnzav2tgxds6EpANdV"}
[ Tue Aug 15 2017 16:27:49 GMT+0800 (CST) ] time is 1485
[ Tue Aug 15 2017 16:27:49 GMT+0800 (CST) ] {"err":0,"msg":"Jbu7tFusf4AxEuAbEgrU3x39MvyTjo5AtC"}
[ Tue Aug 15 2017 16:27:49 GMT+0800 (CST) ] time is 1479
[ Tue Aug 15 2017 16:27:49 GMT+0800 (CST) ] {"err":0,"msg":"JW7rMRrdvZWDkXodaTkvL2R4YCvzFm1Aj7"}
[ Tue Aug 15 2017 16:27:49 GMT+0800 (CST) ] time is 1486
[ Tue Aug 15 2017 16:27:49 GMT+0800 (CST) ] {"err":0,"msg":"JLBWRjE46LjnANG4RCaHSYrRWrvgoo6HXS"}
[ Tue Aug 15 2017 16:27:49 GMT+0800 (CST) ] time is 1482
[ Tue Aug 15 2017 16:27:49 GMT+0800 (CST) ] {"err":0,"msg":"JQtRoHbNVLwVYib6dXLEpV7xG7igDygBzm"}
[ Tue Aug 15 2017 16:27:49 GMT+0800 (CST) ] time is 1486
[ Tue Aug 15 2017 16:27:49 GMT+0800 (CST) ] {"err":0,"msg":"JNFCvJxF9fBz1EX9gD92r2Zeyq6H2kcMgg"}
[ Tue Aug 15 2017 16:27:49 GMT+0800 (CST) ] {"err":0,"msg":"JPoXsCsw2wtMaWA5tVZuGpMfsxwvSknzev"}
[ Tue Aug 15 2017 16:27:49 GMT+0800 (CST) ] time is 1487
[ Tue Aug 15 2017 16:27:49 GMT+0800 (CST) ] time is 1480
[ Tue Aug 15 2017 16:27:49 GMT+0800 (CST) ] {"err":0,"msg":"JRaxmQtBpMM5o25hTARBarBnTaf9hq8JhU"}
[ Tue Aug 15 2017 16:27:49 GMT+0800 (CST) ] time is 1483
[ Tue Aug 15 2017 16:27:49 GMT+0800 (CST) ] {"err":0,"msg":"JfCEtHKM4KK5wFyUNd8kWyH3GWviZ3KW1P"}
[ Tue Aug 15 2017 16:27:49 GMT+0800 (CST) ] time is 1487
[ Tue Aug 15 2017 16:27:49 GMT+0800 (CST) ] {"err":0,"msg":"JQwVnpX5d1pMYZ1YKbcF6KY6HGSokCj1Hp"}
[ Tue Aug 15 2017 16:27:49 GMT+0800 (CST) ] time is 1484
[ Tue Aug 15 2017 16:27:49 GMT+0800 (CST) ] {"err":0,"msg":"JKJiGgHuwRj5Ty3Zduiwfh43vgFHoQ1nMR"}
[ Tue Aug 15 2017 16:27:49 GMT+0800 (CST) ] time is 1481
[ Tue Aug 15 2017 16:27:49 GMT+0800 (CST) ] {"err":0,"msg":"JM2625AaFvbHd2aukEVzrJZrPasT7RLSLv"}
[ Tue Aug 15 2017 16:27:49 GMT+0800 (CST) ] time is 1488
[ Tue Aug 15 2017 16:27:49 GMT+0800 (CST) ] {"err":0,"msg":"JU6pbnE13L5cQTFkomQj3y5tD7eRJkPR3i"}
[ Tue Aug 15 2017 16:27:49 GMT+0800 (CST) ] time is 1488
[ Tue Aug 15 2017 16:27:49 GMT+0800 (CST) ] {"err":0,"msg":"JM2MV4giLCq5KGWLKfn6AgxzXaQLFKKNHn"}
[ Tue Aug 15 2017 16:27:49 GMT+0800 (CST) ] time is 1485
[ Tue Aug 15 2017 16:27:49 GMT+0800 (CST) ] {"err":0,"msg":"JPPZkc3MVt1xCFRuMrcts9vS1SH29z3RdN"}
[ Tue Aug 15 2017 16:27:49 GMT+0800 (CST) ] time is 1482
[ Tue Aug 15 2017 16:27:49 GMT+0800 (CST) ] {"err":0,"msg":"Jg8vhq3h16ijgbVe2nGEQtbrpCzZhiMzAt"}
[ Tue Aug 15 2017 16:27:49 GMT+0800 (CST) ] time is 1489
[ Tue Aug 15 2017 16:27:49 GMT+0800 (CST) ] {"err":0,"msg":"JTk8r4ueXA4HMucPVBBZDMaHRLWCS4aZMJ"}
[ Tue Aug 15 2017 16:27:49 GMT+0800 (CST) ] time is 1489
[ Tue Aug 15 2017 16:27:49 GMT+0800 (CST) ] {"err":0,"msg":"JZ9vFFZphZW3YHXQpdwc6jwFDkwFo5GgZB"}
[ Tue Aug 15 2017 16:27:49 GMT+0800 (CST) ] time is 1486
[ Tue Aug 15 2017 16:27:49 GMT+0800 (CST) ] {"err":0,"msg":"JgiHhRGN22fPt4R1Mi1vTYzK2nEVm8t7Fq"}
[ Tue Aug 15 2017 16:27:49 GMT+0800 (CST) ] time is 1483
[ Tue Aug 15 2017 16:27:49 GMT+0800 (CST) ] {"err":0,"msg":"JQ14g5kRmR1ubR5ncMnxqFYMiS6FPRKS4Y"}
[ Tue Aug 15 2017 16:27:49 GMT+0800 (CST) ] time is 1490
[ Tue Aug 15 2017 16:27:49 GMT+0800 (CST) ] {"err":0,"msg":"JLKLyFyQ4ogmzBB1WUmhensRrca9dtugVT"}
[ Tue Aug 15 2017 16:27:49 GMT+0800 (CST) ] time is 1490
[ Tue Aug 15 2017 16:27:49 GMT+0800 (CST) ] {"err":0,"msg":"JRKsYnkJzBHUQRoUzGTQXgCeqq9z5pZESQ"}
[ Tue Aug 15 2017 16:27:49 GMT+0800 (CST) ] time is 1487
[ Tue Aug 15 2017 16:27:49 GMT+0800 (CST) ] {"err":0,"msg":"JUSq1LtdSwErLkiKcF6knoq1tqdFnmtZTs"}
[ Tue Aug 15 2017 16:27:49 GMT+0800 (CST) ] time is 1484
[ Tue Aug 15 2017 16:27:49 GMT+0800 (CST) ] {"err":0,"msg":"JNDKPBAu6K64jEYB1H2WwscdJ5VxFttHaA"}
[ Tue Aug 15 2017 16:27:49 GMT+0800 (CST) ] time is 1491
[ Tue Aug 15 2017 16:27:49 GMT+0800 (CST) ] {"err":0,"msg":"JNQJqDJXkkiHhrg5BfPeCCr61sNmGk7phf"}
[ Tue Aug 15 2017 16:27:49 GMT+0800 (CST) ] time is 1491
[ Tue Aug 15 2017 16:27:49 GMT+0800 (CST) ] {"err":0,"msg":"JdHDfCU6a3gQSgfoFzfPNFjAEZJXGm96X8"}
[ Tue Aug 15 2017 16:27:49 GMT+0800 (CST) ] time is 1488
[ Tue Aug 15 2017 16:27:49 GMT+0800 (CST) ] {"err":0,"msg":"JPohVvXGuoyrg4Sgjzk8A2NRtkHKMvEMCi"}
[ Tue Aug 15 2017 16:27:49 GMT+0800 (CST) ] time is 1485
[ Tue Aug 15 2017 16:27:49 GMT+0800 (CST) ] {"err":0,"msg":"JTHvWZ3eLwQJAgW8vt9RWFyhVgz8YBUsrx"}
[ Tue Aug 15 2017 16:27:49 GMT+0800 (CST) ] time is 1492
[ Tue Aug 15 2017 16:27:49 GMT+0800 (CST) ] {"err":0,"msg":"JbUEGmcR3up77vPbVqF34G2BMzvoe9hHAR"}
[ Tue Aug 15 2017 16:27:49 GMT+0800 (CST) ] time is 1492
[ Tue Aug 15 2017 16:27:49 GMT+0800 (CST) ] {"err":0,"msg":"JTkCq6MZK2r9WVxg3d9zgZWmgrFqbZp9HH"}
[ Tue Aug 15 2017 16:27:49 GMT+0800 (CST) ] time is 1489
[ Tue Aug 15 2017 16:27:49 GMT+0800 (CST) ] {"err":0,"msg":"JK7KuePUCKC3upLcvx6aLpaX4skPfYEqVR"}
[ Tue Aug 15 2017 16:27:49 GMT+0800 (CST) ] time is 1486
[ Tue Aug 15 2017 16:27:49 GMT+0800 (CST) ] {"err":0,"msg":"JNY11ny6F8VjGUC4MpxNNyhtXcjzDiecDi"}
[ Tue Aug 15 2017 16:27:49 GMT+0800 (CST) ] time is 1493
[ Tue Aug 15 2017 16:27:49 GMT+0800 (CST) ] {"err":0,"msg":"JVAm9hFjT26FTyD8f8nBG3GsAfyTEvbYiT"}
[ Tue Aug 15 2017 16:27:49 GMT+0800 (CST) ] time is 1490
[ Tue Aug 15 2017 16:27:49 GMT+0800 (CST) ] {"err":0,"msg":"JPRnDgmwQwKoFMCsHysKYbL6r1JYocKzxM"}
[ Tue Aug 15 2017 16:27:49 GMT+0800 (CST) ] time is 1487
[ Tue Aug 15 2017 16:27:49 GMT+0800 (CST) ] {"err":0,"msg":"JZSNDEL4LdeioP8NmFNoxQvvLSukejhr3L"}
[ Tue Aug 15 2017 16:27:49 GMT+0800 (CST) ] time is 1493
[ Tue Aug 15 2017 16:27:49 GMT+0800 (CST) ] {"err":0,"msg":"JhUdtgoKQ72DyQNoh5Y8fPmouucL5K4D4C"}
[ Tue Aug 15 2017 16:27:49 GMT+0800 (CST) ] time is 1494
[ Tue Aug 15 2017 16:27:49 GMT+0800 (CST) ] {"err":0,"msg":"JdRAK4cTez3VzdiyhLkYUXfM1WHimZHNG9"}
[ Tue Aug 15 2017 16:27:49 GMT+0800 (CST) ] time is 1491
[ Tue Aug 15 2017 16:27:49 GMT+0800 (CST) ] {"err":0,"msg":"JVkvnRnUeBPDS9VY1p7b1xqvqHaFX4NSZc"}
[ Tue Aug 15 2017 16:27:49 GMT+0800 (CST) ] time is 1488
[ Tue Aug 15 2017 16:27:49 GMT+0800 (CST) ] {"err":0,"msg":"JMiCC3yfF1ohFWZ29U6yHheukc1uvXoD4Y"}
[ Tue Aug 15 2017 16:27:49 GMT+0800 (CST) ] time is 1494
[ Tue Aug 15 2017 16:27:49 GMT+0800 (CST) ] {"err":0,"msg":"JR3iwPAy1LDALn5xC9ZcP6yM3VYSR8niWi"}
[ Tue Aug 15 2017 16:27:49 GMT+0800 (CST) ] time is 1495
[ Tue Aug 15 2017 16:27:49 GMT+0800 (CST) ] {"err":0,"msg":"JSLFxLGPCSVebeGATxh8Qnyey2fcigbJgW"}
[ Tue Aug 15 2017 16:27:49 GMT+0800 (CST) ] time is 1492
[ Tue Aug 15 2017 16:27:49 GMT+0800 (CST) ] {"err":0,"msg":"JeBTWuZDW7kSVAQmNtwqiT2KhCVePh29FP"}
[ Tue Aug 15 2017 16:27:49 GMT+0800 (CST) ] time is 1489
[ Tue Aug 15 2017 16:27:49 GMT+0800 (CST) ] {"err":0,"msg":"JL4HCthigvvEWAnUaNrgh4dQeZEQUDFTfA"}
[ Tue Aug 15 2017 16:27:49 GMT+0800 (CST) ] time is 1495
[ Tue Aug 15 2017 16:27:49 GMT+0800 (CST) ] {"err":0,"msg":"JU9Svzj9izP3DfMHpdLojA6dXPa2xR5SXQ"}
[ Tue Aug 15 2017 16:27:49 GMT+0800 (CST) ] time is 1496
[ Tue Aug 15 2017 16:27:49 GMT+0800 (CST) ] {"err":0,"msg":"JfYKaEFnxRTmuR8U8MULBGnDVKhaA49Uum"}
[ Tue Aug 15 2017 16:27:49 GMT+0800 (CST) ] time is 1493
[ Tue Aug 15 2017 16:27:49 GMT+0800 (CST) ] {"err":0,"msg":"JQVWkRJP1ZtHwvYzg9d9tW97EB95SHRFEQ"}
[ Tue Aug 15 2017 16:27:49 GMT+0800 (CST) ] time is 1490
[ Tue Aug 15 2017 16:27:49 GMT+0800 (CST) ] {"err":0,"msg":"JQF9nBJ63A1HVV1revAshakGRcXAHV2sta"}
[ Tue Aug 15 2017 16:27:49 GMT+0800 (CST) ] time is 1496
[ Tue Aug 15 2017 16:27:49 GMT+0800 (CST) ] {"err":0,"msg":"JcdmuscynkzWBw8tiLoum7mXQo3RPCYNnG"}
[ Tue Aug 15 2017 16:27:49 GMT+0800 (CST) ] time is 1497
[ Tue Aug 15 2017 16:27:49 GMT+0800 (CST) ] {"err":0,"msg":"JMSAAjDm3Z8XVHAe9H1d46bVT3g2Huo2Jy"}
[ Tue Aug 15 2017 16:27:49 GMT+0800 (CST) ] time is 1494
[ Tue Aug 15 2017 16:27:49 GMT+0800 (CST) ] {"err":0,"msg":"JJwT91f612xjujGVk74m6dmDvxBq9YQypK"}
[ Tue Aug 15 2017 16:27:49 GMT+0800 (CST) ] time is 1491
[ Tue Aug 15 2017 16:27:49 GMT+0800 (CST) ] {"err":0,"msg":"JWr6VqyPSJg3tVGGMpHEvyBgy8CCWaLxMv"}
[ Tue Aug 15 2017 16:27:49 GMT+0800 (CST) ] time is 1497
[ Tue Aug 15 2017 16:27:49 GMT+0800 (CST) ] {"err":0,"msg":"JL1zGJUniuaZZaoGL92mw9vUPxGD1Cf3Ne"}
[ Tue Aug 15 2017 16:27:49 GMT+0800 (CST) ] time is 1498
[ Tue Aug 15 2017 16:27:49 GMT+0800 (CST) ] {"err":0,"msg":"JNJeav4dvfVrRntCb2YLtc9kq9aoiDaf3P"}
[ Tue Aug 15 2017 16:27:49 GMT+0800 (CST) ] time is 1492
[ Tue Aug 15 2017 16:27:49 GMT+0800 (CST) ] {"err":0,"msg":"JeDp8phNxJZMLK9xunWD8HzL4erU4ZZoVq"}
[ Tue Aug 15 2017 16:27:49 GMT+0800 (CST) ] time is 1495
[ Tue Aug 15 2017 16:27:49 GMT+0800 (CST) ] {"err":0,"msg":"JLoKGpocmvhoYc5MRwJ79U94C2B5QmbM6P"}
[ Tue Aug 15 2017 16:27:49 GMT+0800 (CST) ] time is 1498
[ Tue Aug 15 2017 16:27:49 GMT+0800 (CST) ] {"err":0,"msg":"JfVmepnFpZMMriidTbt1Wx5ktkDBAzUAQg"}
[ Tue Aug 15 2017 16:27:49 GMT+0800 (CST) ] time is 1499
[ Tue Aug 15 2017 16:27:49 GMT+0800 (CST) ] {"err":0,"msg":"JTj21miN9SVb92vUpemezh5CGPFGZ7MQJN"}
[ Tue Aug 15 2017 16:27:49 GMT+0800 (CST) ] time is 1493
[ Tue Aug 15 2017 16:27:49 GMT+0800 (CST) ] {"err":0,"msg":"JZVfcz8wPHc78ZJph6JprxXJMz8BxF6GBb"}
[ Tue Aug 15 2017 16:27:49 GMT+0800 (CST) ] time is 1496
[ Tue Aug 15 2017 16:27:49 GMT+0800 (CST) ] {"err":0,"msg":"JXULeQyNn2x6ZHPtom7tuD5B1VkukwQ4k3"}
[ Tue Aug 15 2017 16:27:49 GMT+0800 (CST) ] time is 1499
[ Tue Aug 15 2017 16:27:49 GMT+0800 (CST) ] {"err":0,"msg":"Jh2ffPt7NMZ81bcWWb26bGKT6x1XFrLaKm"}
[ Tue Aug 15 2017 16:27:49 GMT+0800 (CST) ] time is 1500
[ Tue Aug 15 2017 16:27:49 GMT+0800 (CST) ] {"err":0,"msg":"JMhEoZFzupeXYb4s5MyZ4EW4dWEqQtHeuD"}
[ Tue Aug 15 2017 16:27:49 GMT+0800 (CST) ] time is 1494
[ Tue Aug 15 2017 16:27:49 GMT+0800 (CST) ] {"err":0,"msg":"JeCU57mneQUJf15t7CDGZcrMhKDZQApjus"}
[ Tue Aug 15 2017 16:27:49 GMT+0800 (CST) ] time is 1500
[ Tue Aug 15 2017 16:27:49 GMT+0800 (CST) ] {"err":0,"msg":"JZKbxt786xAKrGrUtjgS31kZpvwM8qJzt4"}
[ Tue Aug 15 2017 16:27:49 GMT+0800 (CST) ] time is 1497
[ Tue Aug 15 2017 16:27:49 GMT+0800 (CST) ] {"err":0,"msg":"JPEyhGyipRHSPj9ZkVcLodZXNLKVoft7vt"}
[ Tue Aug 15 2017 16:27:49 GMT+0800 (CST) ] time is 1501
[ Tue Aug 15 2017 16:27:49 GMT+0800 (CST) ] {"err":0,"msg":"JNuRvr1a4wSBBpTDjhRuRVYCNBbsLchyV2"}
[ Tue Aug 15 2017 16:27:50 GMT+0800 (CST) ] time is 1495
[ Tue Aug 15 2017 16:27:50 GMT+0800 (CST) ] {"err":0,"msg":"JWtkAtDrZMJYZ6DWvynt1ct4VHrch9kSBS"}
[ Tue Aug 15 2017 16:27:50 GMT+0800 (CST) ] time is 1501
[ Tue Aug 15 2017 16:27:50 GMT+0800 (CST) ] {"err":0,"msg":"JbDDsnj1cDk9ywGLh2SoCsD5zjooPBXyLX"}
[ Tue Aug 15 2017 16:27:50 GMT+0800 (CST) ] time is 1498
[ Tue Aug 15 2017 16:27:50 GMT+0800 (CST) ] {"err":0,"msg":"JLGYYDvPLDHzF4mTzo7kJskfQh54DjU7vV"}
[ Tue Aug 15 2017 16:27:50 GMT+0800 (CST) ] time is 1502
[ Tue Aug 15 2017 16:27:50 GMT+0800 (CST) ] {"err":0,"msg":"JVh8JN1SL9tRKQuixXE4hRz4R2SWVDtaQ5"}
[ Tue Aug 15 2017 16:27:50 GMT+0800 (CST) ] time is 1496
[ Tue Aug 15 2017 16:27:50 GMT+0800 (CST) ] {"err":0,"msg":"JgE2Hr5NUWzcGjVYL2kyLi3gUGmf7FEh9C"}
[ Tue Aug 15 2017 16:27:50 GMT+0800 (CST) ] time is 1502
[ Tue Aug 15 2017 16:27:50 GMT+0800 (CST) ] {"err":0,"msg":"JforQ3HdZemJ2fuSdmgGdqn2GH57HqdBdw"}
[ Tue Aug 15 2017 16:27:50 GMT+0800 (CST) ] {"err":0,"msg":"JMmkrViJMq3eDf8eaibcFWMJ1NPSVWGs6K"}
[ Tue Aug 15 2017 16:27:50 GMT+0800 (CST) ] time is 1499
[ Tue Aug 15 2017 16:27:50 GMT+0800 (CST) ] time is 1503
[ Tue Aug 15 2017 16:27:50 GMT+0800 (CST) ] {"err":0,"msg":"JRMWHKa8MXhBkw4yExAGvqsgVt2gnLVgRy"}
[ Tue Aug 15 2017 16:27:50 GMT+0800 (CST) ] time is 1497
[ Tue Aug 15 2017 16:27:50 GMT+0800 (CST) ] {"err":0,"msg":"JYJ2QDCTNkeXYdjKQqGNSp7H5iQD6z8583"}
[ Tue Aug 15 2017 16:27:50 GMT+0800 (CST) ] time is 1503
[ Tue Aug 15 2017 16:27:50 GMT+0800 (CST) ] {"err":0,"msg":"JgNcAQKj96DFpgiLTbqauqayQGkUj2j3BU"}
[ Tue Aug 15 2017 16:27:50 GMT+0800 (CST) ] time is 1500
[ Tue Aug 15 2017 16:27:50 GMT+0800 (CST) ] {"err":0,"msg":"JMuHc1RbWNSaUHdiAiDAxMBCJmuyHtedUu"}
[ Tue Aug 15 2017 16:27:50 GMT+0800 (CST) ] time is 1504
[ Tue Aug 15 2017 16:27:50 GMT+0800 (CST) ] {"err":0,"msg":"JaDddFaVnvNKrkARPzHPSwUXQFz7jjMjM1"}
[ Tue Aug 15 2017 16:27:50 GMT+0800 (CST) ] time is 1498
[ Tue Aug 15 2017 16:27:50 GMT+0800 (CST) ] {"err":0,"msg":"JeECmMUmWzFJsSHN2Eos956K6ZcgxREctM"}
[ Tue Aug 15 2017 16:27:50 GMT+0800 (CST) ] time is 1504
[ Tue Aug 15 2017 16:27:50 GMT+0800 (CST) ] {"err":0,"msg":"JbZLLX9tswuVQVeKpWjwju3feWcZEbL7ma"}
[ Tue Aug 15 2017 16:27:50 GMT+0800 (CST) ] time is 1501
[ Tue Aug 15 2017 16:27:50 GMT+0800 (CST) ] {"err":0,"msg":"JXqWSsYDp7pDzKLZ1xmZTtSGnG3H5V9hUY"}
[ Tue Aug 15 2017 16:27:50 GMT+0800 (CST) ] time is 1505
[ Tue Aug 15 2017 16:27:50 GMT+0800 (CST) ] {"err":0,"msg":"Jdeue8ckTjFWqUQgmymfCagkuRrCNRPAHv"}
[ Tue Aug 15 2017 16:27:50 GMT+0800 (CST) ] time is 1499
[ Tue Aug 15 2017 16:27:50 GMT+0800 (CST) ] {"err":0,"msg":"JLrLMKn8Di7CScs8u9Pse7RETiP2zbeMA9"}
[ Tue Aug 15 2017 16:27:50 GMT+0800 (CST) ] time is 1505
[ Tue Aug 15 2017 16:27:50 GMT+0800 (CST) ] {"err":0,"msg":"JhZYiDR3HfgHYHgBAxBnddTN6TXFUS1Cvo"}
[ Tue Aug 15 2017 16:27:50 GMT+0800 (CST) ] time is 1502
[ Tue Aug 15 2017 16:27:50 GMT+0800 (CST) ] {"err":0,"msg":"JMrHAZdu9dijASNt9YvRkSh8mCBwKChuxW"}
[ Tue Aug 15 2017 16:27:50 GMT+0800 (CST) ] time is 1506
[ Tue Aug 15 2017 16:27:50 GMT+0800 (CST) ] {"err":0,"msg":"JZZpRUbNNpTyaNiap6zfjT7UD2Bv94m4kC"}
[ Tue Aug 15 2017 16:27:50 GMT+0800 (CST) ] time is 1500
[ Tue Aug 15 2017 16:27:50 GMT+0800 (CST) ] {"err":0,"msg":"JT95ReHhoyCDa6jtwzMskfqAVqwCSNFueB"}
[ Tue Aug 15 2017 16:27:50 GMT+0800 (CST) ] time is 1506
[ Tue Aug 15 2017 16:27:50 GMT+0800 (CST) ] {"err":0,"msg":"JQJ4j2DwwS3mA7eG9hZMoeEMn6qYQTdP8C"}
[ Tue Aug 15 2017 16:27:50 GMT+0800 (CST) ] time is 1503
[ Tue Aug 15 2017 16:27:50 GMT+0800 (CST) ] {"err":0,"msg":"JMkrfCdmjG2a1fChKUvwp1ZEF1gf3ndPLn"}
[ Tue Aug 15 2017 16:27:50 GMT+0800 (CST) ] time is 1507
[ Tue Aug 15 2017 16:27:50 GMT+0800 (CST) ] {"err":0,"msg":"JZBHFXJ77aYXie92m42es9sJcsMm42ASq7"}
[ Tue Aug 15 2017 16:27:50 GMT+0800 (CST) ] time is 1501
[ Tue Aug 15 2017 16:27:50 GMT+0800 (CST) ] {"err":0,"msg":"JNzdt3mtDDjZ5kpoMXZprP2Qe76g6cxAGp"}
[ Tue Aug 15 2017 16:27:50 GMT+0800 (CST) ] time is 1507
[ Tue Aug 15 2017 16:27:50 GMT+0800 (CST) ] {"err":0,"msg":"JffjbNoqDGTG8aoCeNX4NM8c8P3WgGoVAb"}
[ Tue Aug 15 2017 16:27:50 GMT+0800 (CST) ] time is 1504
[ Tue Aug 15 2017 16:27:50 GMT+0800 (CST) ] {"err":0,"msg":"JSuBugkMqykBxB8KYAxggt2ZSvbMmg5xvL"}
[ Tue Aug 15 2017 16:27:50 GMT+0800 (CST) ] time is 1508
[ Tue Aug 15 2017 16:27:50 GMT+0800 (CST) ] {"err":0,"msg":"JSyGLeV6N6U2Wa7SDVWcYA6XZc24VpDV6X"}
[ Tue Aug 15 2017 16:27:50 GMT+0800 (CST) ] time is 1502
[ Tue Aug 15 2017 16:27:50 GMT+0800 (CST) ] {"err":0,"msg":"JY4FEvon6wNgzPDNas7vxS6t7jubvy2jjb"}
[ Tue Aug 15 2017 16:27:50 GMT+0800 (CST) ] time is 1505
[ Tue Aug 15 2017 16:27:50 GMT+0800 (CST) ] {"err":0,"msg":"JUq4f96T6pRWqLpEvHbAiKYWGhik6KKwh4"}
[ Tue Aug 15 2017 16:27:50 GMT+0800 (CST) ] time is 1508
[ Tue Aug 15 2017 16:27:50 GMT+0800 (CST) ] {"err":0,"msg":"JNEW9sexW48FWCEkKEYRQv8L1ZPvLp48CR"}
[ Tue Aug 15 2017 16:27:50 GMT+0800 (CST) ] time is 1509
[ Tue Aug 15 2017 16:27:50 GMT+0800 (CST) ] {"err":0,"msg":"JaP83GT7cKuqN6tDtmuA79SaknQy4LYLVe"}
[ Tue Aug 15 2017 16:27:50 GMT+0800 (CST) ] time is 1506
[ Tue Aug 15 2017 16:27:50 GMT+0800 (CST) ] {"err":0,"msg":"Jb5jbAFkm1WgFQTMcxcMQkL8vqkdL94Qss"}
[ Tue Aug 15 2017 16:27:50 GMT+0800 (CST) ] time is 1503
[ Tue Aug 15 2017 16:27:50 GMT+0800 (CST) ] {"err":0,"msg":"JXm7SdTdVLq8FeekejLpK9RLY3c7M95Rtr"}
[ Tue Aug 15 2017 16:27:50 GMT+0800 (CST) ] time is 1509
[ Tue Aug 15 2017 16:27:50 GMT+0800 (CST) ] {"err":0,"msg":"JUws5ui2eiu9RiPJBqtptWyP2jBqLY2hrd"}
[ Tue Aug 15 2017 16:27:50 GMT+0800 (CST) ] time is 1510
[ Tue Aug 15 2017 16:27:50 GMT+0800 (CST) ] {"err":0,"msg":"JcmGygjThLzfqAKA1irfhaWQrB4q2U4xq2"}
[ Tue Aug 15 2017 16:27:50 GMT+0800 (CST) ] time is 1507
[ Tue Aug 15 2017 16:27:50 GMT+0800 (CST) ] {"err":0,"msg":"JSaP69jpxdawbxBzp3aDvSj3dyYB5z2GPS"}
[ Tue Aug 15 2017 16:27:50 GMT+0800 (CST) ] time is 1504
[ Tue Aug 15 2017 16:27:50 GMT+0800 (CST) ] {"err":0,"msg":"JVWzHXD3c8BvnwgDTkAbChQfsNz7MkQq3Y"}
[ Tue Aug 15 2017 16:27:50 GMT+0800 (CST) ] time is 1510
[ Tue Aug 15 2017 16:27:50 GMT+0800 (CST) ] {"err":0,"msg":"JTBCyFCWMsgpuhjUqECn7P9LRtzpeqxLw1"}
[ Tue Aug 15 2017 16:27:50 GMT+0800 (CST) ] time is 1511
[ Tue Aug 15 2017 16:27:50 GMT+0800 (CST) ] {"err":0,"msg":"JPFUYNEopNsh4roKzWpboWWjwgbnu5FEsC"}
[ Tue Aug 15 2017 16:27:50 GMT+0800 (CST) ] time is 1508
[ Tue Aug 15 2017 16:27:50 GMT+0800 (CST) ] {"err":0,"msg":"JVyUQJ3myxWdEM5TfyDno4EKiY7YwWhCEF"}
[ Tue Aug 15 2017 16:27:50 GMT+0800 (CST) ] time is 1505
[ Tue Aug 15 2017 16:27:50 GMT+0800 (CST) ] {"err":0,"msg":"JMitEptNyGf21mnhHhdxFhcMqzzGUdqioU"}
[ Tue Aug 15 2017 16:27:50 GMT+0800 (CST) ] time is 1511
[ Tue Aug 15 2017 16:27:50 GMT+0800 (CST) ] {"err":0,"msg":"JeEzLUATVAoa27QSYstCvLCKXuASmkP9kL"}
[ Tue Aug 15 2017 16:27:50 GMT+0800 (CST) ] time is 1512
[ Tue Aug 15 2017 16:27:50 GMT+0800 (CST) ] {"err":0,"msg":"JV7iQEaj4RuPp1yPRjkhLvKC3xggtiteqA"}
[ Tue Aug 15 2017 16:27:50 GMT+0800 (CST) ] time is 1509
[ Tue Aug 15 2017 16:27:50 GMT+0800 (CST) ] {"err":0,"msg":"JKG9Wcew86wiY65KHtgBf2hFNwss5r8LhU"}
[ Tue Aug 15 2017 16:27:50 GMT+0800 (CST) ] time is 1506
[ Tue Aug 15 2017 16:27:50 GMT+0800 (CST) ] {"err":0,"msg":"JYtWJjCPkhGKeVTXwENHDujj1uLFDQqYwz"}
[ Tue Aug 15 2017 16:27:50 GMT+0800 (CST) ] time is 1512
[ Tue Aug 15 2017 16:27:50 GMT+0800 (CST) ] {"err":0,"msg":"JXngNEWrVCP56QtgCC3yEseBLp5AHS6i7v"}
[ Tue Aug 15 2017 16:27:50 GMT+0800 (CST) ] time is 1513
[ Tue Aug 15 2017 16:27:50 GMT+0800 (CST) ] {"err":0,"msg":"JSMZhWJChruYMC47Uh14ZT2KiewXEqoti7"}
[ Tue Aug 15 2017 16:27:50 GMT+0800 (CST) ] time is 1510
[ Tue Aug 15 2017 16:27:50 GMT+0800 (CST) ] {"err":0,"msg":"JUGBmQmZdPgSMQD53LJ7tNzo4tpD2QLUYo"}
[ Tue Aug 15 2017 16:27:50 GMT+0800 (CST) ] time is 1507
[ Tue Aug 15 2017 16:27:50 GMT+0800 (CST) ] {"err":0,"msg":"JVfox9h26VqsxMFYb22vKn4J6DMGGuGn4M"}
[ Tue Aug 15 2017 16:27:50 GMT+0800 (CST) ] time is 1513
[ Tue Aug 15 2017 16:27:50 GMT+0800 (CST) ] {"err":0,"msg":"JJqCZTJvPeKcSQDiXyuh9GMZEBhYpjjBrj"}
[ Tue Aug 15 2017 16:27:50 GMT+0800 (CST) ] time is 1514
[ Tue Aug 15 2017 16:27:50 GMT+0800 (CST) ] {"err":0,"msg":"JbYiCT9BHX5VTcuQ3fpxMvgPFJyRyBqZSM"}
[ Tue Aug 15 2017 16:27:50 GMT+0800 (CST) ] time is 1511
[ Tue Aug 15 2017 16:27:50 GMT+0800 (CST) ] {"err":0,"msg":"JPxPfk8rje7nYXFGQL85UNwUJ2kAwtYoTW"}
[ Tue Aug 15 2017 16:27:50 GMT+0800 (CST) ] time is 1508
[ Tue Aug 15 2017 16:27:50 GMT+0800 (CST) ] {"err":0,"msg":"JLmtWoXnNjwLzowZWkYXvmC4SNJEfyUPLB"}
[ Tue Aug 15 2017 16:27:50 GMT+0800 (CST) ] time is 1514
[ Tue Aug 15 2017 16:27:50 GMT+0800 (CST) ] {"err":0,"msg":"JTm9pjJ4rV7nKxVrLx97emN5d2xGM3YdD1"}
[ Tue Aug 15 2017 16:27:50 GMT+0800 (CST) ] time is 1515
[ Tue Aug 15 2017 16:27:50 GMT+0800 (CST) ] {"err":0,"msg":"JVWzFEewCx3pbFfa8rMsSD31ZUDUqcykzf"}
[ Tue Aug 15 2017 16:27:50 GMT+0800 (CST) ] time is 1512
[ Tue Aug 15 2017 16:27:50 GMT+0800 (CST) ] {"err":0,"msg":"JVzPBLKzJJy8nsySNTt7EwpAyYow6iNzSa"}
[ Tue Aug 15 2017 16:27:50 GMT+0800 (CST) ] time is 1509
[ Tue Aug 15 2017 16:27:50 GMT+0800 (CST) ] {"err":0,"msg":"JbuSF93NJe4d2XEtv7BmZhdSmqZc4WAn7s"}
[ Tue Aug 15 2017 16:27:50 GMT+0800 (CST) ] time is 1515
[ Tue Aug 15 2017 16:27:50 GMT+0800 (CST) ] {"err":0,"msg":"Ja7sEauV3XXAJQJ3tXoztTU5JcnHBhhhex"}
[ Tue Aug 15 2017 16:27:50 GMT+0800 (CST) ] time is 1513
[ Tue Aug 15 2017 16:27:50 GMT+0800 (CST) ] {"err":0,"msg":"JghBk8mTmBpCMhohK3SbtExR75CiUwJ8MW"}
[ Tue Aug 15 2017 16:27:50 GMT+0800 (CST) ] time is 1516
[ Tue Aug 15 2017 16:27:50 GMT+0800 (CST) ] {"err":0,"msg":"JNqQBaHHAqHJx8PiFFYwwwHZf63p5AxdRp"}
[ Tue Aug 15 2017 16:27:50 GMT+0800 (CST) ] time is 1510
[ Tue Aug 15 2017 16:27:50 GMT+0800 (CST) ] {"err":0,"msg":"JTaM8JvQnmADbLFc4bSasqJoyYBVoLiiUw"}
[ Tue Aug 15 2017 16:27:50 GMT+0800 (CST) ] time is 1516
[ Tue Aug 15 2017 16:27:50 GMT+0800 (CST) ] {"err":0,"msg":"JP1kuo1cSi72JYWzQz67RRhFzV4F6eXRwH"}
[ Tue Aug 15 2017 16:27:50 GMT+0800 (CST) ] time is 1514
[ Tue Aug 15 2017 16:27:50 GMT+0800 (CST) ] {"err":0,"msg":"JW4kYQgP3hN721bKaFu8JTuoFYBF4DpMFD"}
[ Tue Aug 15 2017 16:27:50 GMT+0800 (CST) ] time is 1517
[ Tue Aug 15 2017 16:27:50 GMT+0800 (CST) ] {"err":0,"msg":"JJoQDAgJFXR5EbPzbNusRaHccYWL3xbgDZ"}
[ Tue Aug 15 2017 16:27:50 GMT+0800 (CST) ] time is 1511
[ Tue Aug 15 2017 16:27:50 GMT+0800 (CST) ] {"err":0,"msg":"JLwNsAwtJHmvG6VAgTzKDm3ez3H2twByRm"}
[ Tue Aug 15 2017 16:27:50 GMT+0800 (CST) ] time is 1517
[ Tue Aug 15 2017 16:27:50 GMT+0800 (CST) ] {"err":0,"msg":"JZMy2bUiP37YhbMywkqiM4wvWr8CXpNpAW"}
[ Tue Aug 15 2017 16:27:50 GMT+0800 (CST) ] time is 1515
[ Tue Aug 15 2017 16:27:50 GMT+0800 (CST) ] {"err":0,"msg":"JJbrrynRmd1nnx9LYWwnvwbA2FXBvkQkcc"}
[ Tue Aug 15 2017 16:27:50 GMT+0800 (CST) ] time is 1518
[ Tue Aug 15 2017 16:27:50 GMT+0800 (CST) ] {"err":0,"msg":"Jc8CbGoZLtvNGhywPZwTn2Nc7f3ozjduTp"}
[ Tue Aug 15 2017 16:27:50 GMT+0800 (CST) ] time is 1512
[ Tue Aug 15 2017 16:27:50 GMT+0800 (CST) ] {"err":0,"msg":"JUBgpWEuxRLgAYCMxEjyk3GF7Pj1QEXzNk"}
[ Tue Aug 15 2017 16:27:50 GMT+0800 (CST) ] time is 1518
[ Tue Aug 15 2017 16:27:50 GMT+0800 (CST) ] {"err":0,"msg":"JKftQmQiWe5M66Dm5Go5EEF7xw3Dq5CwQT"}
[ Tue Aug 15 2017 16:27:50 GMT+0800 (CST) ] time is 1516
[ Tue Aug 15 2017 16:27:50 GMT+0800 (CST) ] {"err":0,"msg":"JYG6qdKbPxi4btV3bj3D2KsEh2K1q8SuGm"}
[ Tue Aug 15 2017 16:27:50 GMT+0800 (CST) ] time is 1519
[ Tue Aug 15 2017 16:27:50 GMT+0800 (CST) ] {"err":0,"msg":"JSjEregsSZbXNGKmvYWLDwXt6NPjJegEKn"}
[ Tue Aug 15 2017 16:27:50 GMT+0800 (CST) ] time is 1513
[ Tue Aug 15 2017 16:27:50 GMT+0800 (CST) ] {"err":0,"msg":"JgvhbwMcwdKnR5XxfWkMDYbN65dFMCzFmv"}
[ Tue Aug 15 2017 16:27:50 GMT+0800 (CST) ] time is 1517
[ Tue Aug 15 2017 16:27:50 GMT+0800 (CST) ] {"err":0,"msg":"JLpW2tEMJabcrHQN59TAQ7Fvh9MN5ToRqV"}
[ Tue Aug 15 2017 16:27:51 GMT+0800 (CST) ] time is 1519
[ Tue Aug 15 2017 16:27:51 GMT+0800 (CST) ] {"err":0,"msg":"Jhf37rxBmjvgmS8QNmdRGYLxg9VMm1EBvt"}
[ Tue Aug 15 2017 16:27:51 GMT+0800 (CST) ] time is 1520
[ Tue Aug 15 2017 16:27:51 GMT+0800 (CST) ] {"err":0,"msg":"JLHcr3Ga4yRnZZvQcf49zmxYLfi6Rz5S1d"}
[ Tue Aug 15 2017 16:27:51 GMT+0800 (CST) ] time is 1514
[ Tue Aug 15 2017 16:27:51 GMT+0800 (CST) ] {"err":0,"msg":"JghgyadR1TwojkUWLXgs9xqeB9Sm3bphxh"}
[ Tue Aug 15 2017 16:27:51 GMT+0800 (CST) ] time is 1520
[ Tue Aug 15 2017 16:27:51 GMT+0800 (CST) ] {"err":0,"msg":"JQXSKGL2HnzJFrzJeMqJ6XALEiLJTzJppF"}
[ Tue Aug 15 2017 16:27:51 GMT+0800 (CST) ] time is 1518
[ Tue Aug 15 2017 16:27:51 GMT+0800 (CST) ] {"err":0,"msg":"JSman2gtjwAQTnjWjPbxVDiUCr9ehDjWjd"}
[ Tue Aug 15 2017 16:27:51 GMT+0800 (CST) ] time is 1521
[ Tue Aug 15 2017 16:27:51 GMT+0800 (CST) ] {"err":0,"msg":"JhML3KbDr8dtxykKAxtkBDWyhGZoPvuQvv"}
[ Tue Aug 15 2017 16:27:51 GMT+0800 (CST) ] time is 1515
[ Tue Aug 15 2017 16:27:51 GMT+0800 (CST) ] {"err":0,"msg":"JTPovUTKykztVAh8eLcgHzktvwSwQqx6Rg"}
[ Tue Aug 15 2017 16:27:51 GMT+0800 (CST) ] time is 1521
[ Tue Aug 15 2017 16:27:51 GMT+0800 (CST) ] {"err":0,"msg":"JKoZ7An9w9Sk49C1uuYd4nWdHeQoF9BMiz"}
[ Tue Aug 15 2017 16:27:51 GMT+0800 (CST) ] time is 1519
[ Tue Aug 15 2017 16:27:51 GMT+0800 (CST) ] {"err":0,"msg":"JMiLdzJrbV389BAi8f8m4dosQwc5zx8oez"}
[ Tue Aug 15 2017 16:27:51 GMT+0800 (CST) ] time is 1522
[ Tue Aug 15 2017 16:27:51 GMT+0800 (CST) ] {"err":0,"msg":"JY3LBpVcPE27RfLrcQWzDKyHjPnLmajWkp"}
[ Tue Aug 15 2017 16:27:51 GMT+0800 (CST) ] time is 1516
[ Tue Aug 15 2017 16:27:51 GMT+0800 (CST) ] {"err":0,"msg":"JTZSX13CLQPVqcaaies1vXeyL3UBvmULhy"}
[ Tue Aug 15 2017 16:27:51 GMT+0800 (CST) ] time is 1522
[ Tue Aug 15 2017 16:27:51 GMT+0800 (CST) ] {"err":0,"msg":"JgpV43sFigMthK2iqWqN8LGRLCcmLQyp23"}
[ Tue Aug 15 2017 16:27:51 GMT+0800 (CST) ] time is 1520
[ Tue Aug 15 2017 16:27:51 GMT+0800 (CST) ] {"err":0,"msg":"JeGTHvRx8BfesuiQUgb2EebtACreRuGASQ"}
[ Tue Aug 15 2017 16:27:51 GMT+0800 (CST) ] {"err":0,"msg":"JZSWtVjcaqxWJGJe3PApzH2R9FrVqbZyaJ"}
[ Tue Aug 15 2017 16:27:51 GMT+0800 (CST) ] time is 1523
[ Tue Aug 15 2017 16:27:51 GMT+0800 (CST) ] time is 1517
[ Tue Aug 15 2017 16:27:51 GMT+0800 (CST) ] {"err":0,"msg":"JRUkVg41D7PuYagWFymfBH1VXDu5HsgYYF"}
[ Tue Aug 15 2017 16:27:51 GMT+0800 (CST) ] time is 1523
[ Tue Aug 15 2017 16:27:51 GMT+0800 (CST) ] {"err":0,"msg":"Je2wTssA58tvkiwwDp7E4LM9enizVReYUe"}
[ Tue Aug 15 2017 16:27:51 GMT+0800 (CST) ] time is 1521
[ Tue Aug 15 2017 16:27:51 GMT+0800 (CST) ] {"err":0,"msg":"JRFid6ripTjN5LSaznGVPjtNjKBSKfF38i"}
[ Tue Aug 15 2017 16:27:51 GMT+0800 (CST) ] time is 1524
[ Tue Aug 15 2017 16:27:51 GMT+0800 (CST) ] {"err":0,"msg":"JQoS3eWpFNqbevQPn9ma1aDDxiZGebfaSb"}
[ Tue Aug 15 2017 16:27:51 GMT+0800 (CST) ] time is 1518
[ Tue Aug 15 2017 16:27:51 GMT+0800 (CST) ] {"err":0,"msg":"JaWBy4S3qrPLsQBDSBmUThMVTLfBPpj8ME"}
[ Tue Aug 15 2017 16:27:51 GMT+0800 (CST) ] time is 1524
[ Tue Aug 15 2017 16:27:51 GMT+0800 (CST) ] {"err":0,"msg":"JV4dG4rwYDU9gLn1MmaKkEFevEQyxwRY7g"}
[ Tue Aug 15 2017 16:27:51 GMT+0800 (CST) ] time is 1522
[ Tue Aug 15 2017 16:27:51 GMT+0800 (CST) ] {"err":0,"msg":"JKoBM8hnL6VNbj3EN6YqSByZo6qRboZ7g4"}
[ Tue Aug 15 2017 16:27:51 GMT+0800 (CST) ] time is 1525
[ Tue Aug 15 2017 16:27:51 GMT+0800 (CST) ] {"err":0,"msg":"JU7Y5xAmjv8nxarvYwD5vgzBQ3MAw6nLid"}
[ Tue Aug 15 2017 16:27:51 GMT+0800 (CST) ] time is 1519
[ Tue Aug 15 2017 16:27:51 GMT+0800 (CST) ] {"err":0,"msg":"JfVfNGpCPwe1PtAM58MwaZ3WZ4h5H3vYLK"}
[ Tue Aug 15 2017 16:27:51 GMT+0800 (CST) ] time is 1525
[ Tue Aug 15 2017 16:27:51 GMT+0800 (CST) ] {"err":0,"msg":"JK762EmCWRMbJLgKqa3tTo9Lj8EWfozCUA"}
[ Tue Aug 15 2017 16:27:51 GMT+0800 (CST) ] time is 1523
[ Tue Aug 15 2017 16:27:51 GMT+0800 (CST) ] {"err":0,"msg":"JeRN9Bw888AiJvbgzTHXkEoYuVQhMJvK4M"}
[ Tue Aug 15 2017 16:27:51 GMT+0800 (CST) ] time is 1526
[ Tue Aug 15 2017 16:27:51 GMT+0800 (CST) ] {"err":0,"msg":"JhY9fpQAjKvZDumUkY41Gm7EH1vpfoHJrR"}
[ Tue Aug 15 2017 16:27:51 GMT+0800 (CST) ] time is 1520
[ Tue Aug 15 2017 16:27:51 GMT+0800 (CST) ] {"err":0,"msg":"JMaCNEabFFCyKSw3KT1Nswor6ekohizEcc"}
[ Tue Aug 15 2017 16:27:51 GMT+0800 (CST) ] time is 1526
[ Tue Aug 15 2017 16:27:51 GMT+0800 (CST) ] {"err":0,"msg":"JScYdH3BMFnxewiNAtsPojsL4ZJFzN9Cu1"}
[ Tue Aug 15 2017 16:27:51 GMT+0800 (CST) ] time is 1524
[ Tue Aug 15 2017 16:27:51 GMT+0800 (CST) ] {"err":0,"msg":"JV9xBTzCLjVjbD4tN4hN85vu4H4SfTnCJY"}
[ Tue Aug 15 2017 16:27:51 GMT+0800 (CST) ] time is 1527
[ Tue Aug 15 2017 16:27:51 GMT+0800 (CST) ] {"err":0,"msg":"JNWgYqBJwSZJQnT8CcYFTudJtkMaZrkDqa"}
[ Tue Aug 15 2017 16:27:51 GMT+0800 (CST) ] time is 1521
[ Tue Aug 15 2017 16:27:51 GMT+0800 (CST) ] {"err":0,"msg":"JeiuJDFSE4Zj9MbLSoKeCDgqgj3jnBDbkJ"}
[ Tue Aug 15 2017 16:27:51 GMT+0800 (CST) ] time is 1527
[ Tue Aug 15 2017 16:27:51 GMT+0800 (CST) ] {"err":0,"msg":"JggeR5ckMAjo9VEkCgibS5uf85dz92Fscp"}
[ Tue Aug 15 2017 16:27:51 GMT+0800 (CST) ] time is 1525
[ Tue Aug 15 2017 16:27:51 GMT+0800 (CST) ] {"err":0,"msg":"JRwKLodcSYktRE1xHL1azqH7U7oqJ49mZ5"}
[ Tue Aug 15 2017 16:27:51 GMT+0800 (CST) ] time is 1528
[ Tue Aug 15 2017 16:27:51 GMT+0800 (CST) ] {"err":0,"msg":"JQgZfuTHH9LFTBxkx1VCU5t9msvZ2fabZ6"}
[ Tue Aug 15 2017 16:27:51 GMT+0800 (CST) ] time is 1522
[ Tue Aug 15 2017 16:27:51 GMT+0800 (CST) ] {"err":0,"msg":"JdtxsjZn2ZSGxUUwLvSmAxwApNvY1fEWcQ"}
[ Tue Aug 15 2017 16:27:51 GMT+0800 (CST) ] time is 1528
[ Tue Aug 15 2017 16:27:51 GMT+0800 (CST) ] {"err":0,"msg":"JM9GGNCBqfKH9BgHPJJs6VbvUEx5s8ZV7N"}
[ Tue Aug 15 2017 16:27:51 GMT+0800 (CST) ] time is 1526
[ Tue Aug 15 2017 16:27:51 GMT+0800 (CST) ] {"err":0,"msg":"JhcPsZtCVA2Q5U4ydErzmyefYQARaZPdSw"}
[ Tue Aug 15 2017 16:27:51 GMT+0800 (CST) ] time is 1529
[ Tue Aug 15 2017 16:27:51 GMT+0800 (CST) ] {"err":0,"msg":"JXoSCcKGe4MNnX2KJZYG5QE81nsSuWujDk"}
[ Tue Aug 15 2017 16:27:51 GMT+0800 (CST) ] time is 1523
[ Tue Aug 15 2017 16:27:51 GMT+0800 (CST) ] {"err":0,"msg":"JfmYiH1PftzowB3Y2gX8hPvxtdVsuwWKts"}
[ Tue Aug 15 2017 16:27:51 GMT+0800 (CST) ] time is 1529
[ Tue Aug 15 2017 16:27:51 GMT+0800 (CST) ] {"err":0,"msg":"JNhqQ8ph3gxrsap2cbib3Aw8eatxN29nEV"}
[ Tue Aug 15 2017 16:27:51 GMT+0800 (CST) ] time is 1527
[ Tue Aug 15 2017 16:27:51 GMT+0800 (CST) ] {"err":0,"msg":"JU34s6Hj4VxbA2aoJtT4Szmt9p2Gfu4v5c"}
[ Tue Aug 15 2017 16:27:51 GMT+0800 (CST) ] time is 1530
[ Tue Aug 15 2017 16:27:51 GMT+0800 (CST) ] {"err":0,"msg":"JbKzn97doeixJwQN8WrLq7deLE9vVbwAam"}
[ Tue Aug 15 2017 16:27:51 GMT+0800 (CST) ] time is 1524
[ Tue Aug 15 2017 16:27:51 GMT+0800 (CST) ] {"err":0,"msg":"JQo5iAvRyJoWdn4bMLF4iE9rwedFZhi22u"}
[ Tue Aug 15 2017 16:27:51 GMT+0800 (CST) ] time is 1530
[ Tue Aug 15 2017 16:27:51 GMT+0800 (CST) ] {"err":0,"msg":"JLs1iEFNd1SdJk8yD2bBNXX7vixJUK5pkC"}
[ Tue Aug 15 2017 16:27:51 GMT+0800 (CST) ] time is 1528
[ Tue Aug 15 2017 16:27:51 GMT+0800 (CST) ] {"err":0,"msg":"JSPx9fC9taTYrEYoBqUMPnuhvtyaEDsohj"}
[ Tue Aug 15 2017 16:27:51 GMT+0800 (CST) ] time is 1531
[ Tue Aug 15 2017 16:27:51 GMT+0800 (CST) ] {"err":0,"msg":"JgrZAy6iKAgM8VYhqjsBbwWN8rRFVP5EBC"}
[ Tue Aug 15 2017 16:27:51 GMT+0800 (CST) ] time is 1525
[ Tue Aug 15 2017 16:27:51 GMT+0800 (CST) ] {"err":0,"msg":"JVL4Lz6dgnTWYTPvDfndTM2eEYXo1A4UNK"}
[ Tue Aug 15 2017 16:27:51 GMT+0800 (CST) ] time is 1531
[ Tue Aug 15 2017 16:27:51 GMT+0800 (CST) ] {"err":0,"msg":"JRNrrXU8jL6JEaxmq3hYquddQh95ipHHMT"}
[ Tue Aug 15 2017 16:27:51 GMT+0800 (CST) ] time is 1529
[ Tue Aug 15 2017 16:27:51 GMT+0800 (CST) ] {"err":0,"msg":"JZLMSDnvn4dQHid3kFcyXvriy2oVysDuBu"}
[ Tue Aug 15 2017 16:27:51 GMT+0800 (CST) ] time is 1532
[ Tue Aug 15 2017 16:27:51 GMT+0800 (CST) ] {"err":0,"msg":"JWdLLY3HehSDJePGe95PrgKXWieiC3tvdm"}
[ Tue Aug 15 2017 16:27:51 GMT+0800 (CST) ] time is 1526
[ Tue Aug 15 2017 16:27:51 GMT+0800 (CST) ] {"err":0,"msg":"Jc17Ps2Ku5eA3uQRQcUcXj6G4j6Pd8BB1j"}
[ Tue Aug 15 2017 16:27:51 GMT+0800 (CST) ] time is 1532
[ Tue Aug 15 2017 16:27:51 GMT+0800 (CST) ] {"err":0,"msg":"JRReCLWGEujBxLXxTtpCacMaDDncBQkm5G"}
[ Tue Aug 15 2017 16:27:51 GMT+0800 (CST) ] time is 1530
[ Tue Aug 15 2017 16:27:51 GMT+0800 (CST) ] {"err":0,"msg":"Jghr1DiBfy8axugsSA3wp54HSt8UiLF7yM"}
[ Tue Aug 15 2017 16:27:51 GMT+0800 (CST) ] time is 1533
[ Tue Aug 15 2017 16:27:51 GMT+0800 (CST) ] {"err":0,"msg":"Jevoiqk4XdAHbcVaN72EpU889Y6ECM3LwJ"}
[ Tue Aug 15 2017 16:27:51 GMT+0800 (CST) ] time is 1527
[ Tue Aug 15 2017 16:27:51 GMT+0800 (CST) ] {"err":0,"msg":"JQ7PGethBqorAfC5Dew8a1sX4WXF36rFah"}
[ Tue Aug 15 2017 16:27:51 GMT+0800 (CST) ] time is 1533
[ Tue Aug 15 2017 16:27:51 GMT+0800 (CST) ] {"err":0,"msg":"Jcws2pRsSTxiptmijFP7K2H82VvMBjFg67"}
[ Tue Aug 15 2017 16:27:51 GMT+0800 (CST) ] time is 1531
[ Tue Aug 15 2017 16:27:51 GMT+0800 (CST) ] {"err":0,"msg":"JbdqxEcd479Y2MfUnTTfUEzbhhXprp6pov"}
[ Tue Aug 15 2017 16:27:51 GMT+0800 (CST) ] time is 1534
[ Tue Aug 15 2017 16:27:51 GMT+0800 (CST) ] {"err":0,"msg":"JSBkT4KtAXTBkpbRN4fWerdq745MAFUEax"}
[ Tue Aug 15 2017 16:27:51 GMT+0800 (CST) ] time is 1528
[ Tue Aug 15 2017 16:27:51 GMT+0800 (CST) ] {"err":0,"msg":"Je2VvBCHFwztBGnzYfZSUupTGp3jQjka3n"}
[ Tue Aug 15 2017 16:27:51 GMT+0800 (CST) ] time is 1534
[ Tue Aug 15 2017 16:27:51 GMT+0800 (CST) ] {"err":0,"msg":"JVSKP9m37wTqXBUk7EaY4cQ6Ht5tbUEXN7"}
[ Tue Aug 15 2017 16:27:51 GMT+0800 (CST) ] time is 1532
[ Tue Aug 15 2017 16:27:51 GMT+0800 (CST) ] {"err":0,"msg":"JeCMFmibMwCg68PJ9qMbkfTp2GoVkPoHkr"}
[ Tue Aug 15 2017 16:27:51 GMT+0800 (CST) ] time is 1535
[ Tue Aug 15 2017 16:27:51 GMT+0800 (CST) ] {"err":0,"msg":"JaiwmUZ6tQcFQ4vWGoHirnYuf1wuVcMHgf"}
[ Tue Aug 15 2017 16:27:51 GMT+0800 (CST) ] time is 1529
[ Tue Aug 15 2017 16:27:51 GMT+0800 (CST) ] {"err":0,"msg":"JfHXXDJfoVddszytuj1Y2pSSzTwvLqNEKu"}
[ Tue Aug 15 2017 16:27:51 GMT+0800 (CST) ] time is 1535
[ Tue Aug 15 2017 16:27:51 GMT+0800 (CST) ] {"err":0,"msg":"JTyNVtMcodTLeX5ypxKjCyviyEY76dkb3c"}
[ Tue Aug 15 2017 16:27:51 GMT+0800 (CST) ] time is 1536
[ Tue Aug 15 2017 16:27:51 GMT+0800 (CST) ] {"err":0,"msg":"JakwV7fKsesGnqeqyrAspumh8d2HDhQ9me"}
[ Tue Aug 15 2017 16:27:51 GMT+0800 (CST) ] time is 1533
[ Tue Aug 15 2017 16:27:51 GMT+0800 (CST) ] {"err":0,"msg":"JWZakh2S6peb8bsLQHwc7NmBCzewGFSPFP"}
[ Tue Aug 15 2017 16:27:51 GMT+0800 (CST) ] time is 1530
[ Tue Aug 15 2017 16:27:51 GMT+0800 (CST) ] {"err":0,"msg":"JPAq7QypxFLvGU5DHdTxEFg1mDtAKXT7QU"}
[ Tue Aug 15 2017 16:27:51 GMT+0800 (CST) ] time is 1536
[ Tue Aug 15 2017 16:27:51 GMT+0800 (CST) ] {"err":0,"msg":"JeNLZ7KGR15SdjfV2H5zTdfALJYUoPNvU5"}
[ Tue Aug 15 2017 16:27:51 GMT+0800 (CST) ] time is 1537
[ Tue Aug 15 2017 16:27:51 GMT+0800 (CST) ] {"err":0,"msg":"JVqmBYryS2B6fQiAjNmMACfv1t56A6uimB"}
[ Tue Aug 15 2017 16:27:51 GMT+0800 (CST) ] time is 1534
[ Tue Aug 15 2017 16:27:51 GMT+0800 (CST) ] {"err":0,"msg":"JSK9BvnmRheNQ1WAUo5CdhxMfhdgbXpTrB"}
[ Tue Aug 15 2017 16:27:51 GMT+0800 (CST) ] time is 1531
[ Tue Aug 15 2017 16:27:51 GMT+0800 (CST) ] {"err":0,"msg":"JYBRR4o41WM8bDPKxMMcTcoRqNcWGCLC19"}
[ Tue Aug 15 2017 16:27:52 GMT+0800 (CST) ] time is 1537
[ Tue Aug 15 2017 16:27:52 GMT+0800 (CST) ] {"err":0,"msg":"JTUszXeRfutj4MwP4LANwhE4mF6FzJ2ZaB"}
[ Tue Aug 15 2017 16:27:52 GMT+0800 (CST) ] time is 1538
[ Tue Aug 15 2017 16:27:52 GMT+0800 (CST) ] {"err":0,"msg":"JKZD9xtwJ6SqWHe9scMHWDSqvmkpnjnejJ"}
[ Tue Aug 15 2017 16:27:52 GMT+0800 (CST) ] time is 1535
[ Tue Aug 15 2017 16:27:52 GMT+0800 (CST) ] {"err":0,"msg":"JdGCysQkG4Zftf3pKePZTX4bSEsQKAgiF9"}
[ Tue Aug 15 2017 16:27:52 GMT+0800 (CST) ] time is 1532
[ Tue Aug 15 2017 16:27:52 GMT+0800 (CST) ] {"err":0,"msg":"JewoWUqRLoiZndNU2fcphF5mDrF2hGQUU8"}
[ Tue Aug 15 2017 16:27:52 GMT+0800 (CST) ] time is 1538
[ Tue Aug 15 2017 16:27:52 GMT+0800 (CST) ] {"err":0,"msg":"JczydrTBSQ6ovL3P6VBpHcjx6JtPGBk3Bg"}
[ Tue Aug 15 2017 16:27:52 GMT+0800 (CST) ] time is 1539
[ Tue Aug 15 2017 16:27:52 GMT+0800 (CST) ] {"err":0,"msg":"JgLkMdvy9y9kZ1wXwabWef72Za1qik9XCr"}
[ Tue Aug 15 2017 16:27:52 GMT+0800 (CST) ] time is 1536
[ Tue Aug 15 2017 16:27:52 GMT+0800 (CST) ] {"err":0,"msg":"JXZ32zvzfgXqC2o36GtUGcvTZLBHSjyLCp"}
[ Tue Aug 15 2017 16:27:52 GMT+0800 (CST) ] time is 1533
[ Tue Aug 15 2017 16:27:52 GMT+0800 (CST) ] {"err":0,"msg":"Jdd7MxZn6CoYVhekCBvoUbAbfS4rV9TeC9"}
[ Tue Aug 15 2017 16:27:52 GMT+0800 (CST) ] time is 1539
[ Tue Aug 15 2017 16:27:52 GMT+0800 (CST) ] {"err":0,"msg":"JXf4ziE7Z8b25xGhB7yEDZZpd8hWfdryfS"}
[ Tue Aug 15 2017 16:27:52 GMT+0800 (CST) ] time is 1540
[ Tue Aug 15 2017 16:27:52 GMT+0800 (CST) ] {"err":0,"msg":"Jdz1qnbSzFZa4i1LjoN13UotKCoLJcbSZ2"}
[ Tue Aug 15 2017 16:27:52 GMT+0800 (CST) ] time is 1537
[ Tue Aug 15 2017 16:27:52 GMT+0800 (CST) ] {"err":0,"msg":"JcTve2V9uX6jEo5gps6w4NYHSHbW8FqZLe"}
[ Tue Aug 15 2017 16:27:52 GMT+0800 (CST) ] time is 1534
[ Tue Aug 15 2017 16:27:52 GMT+0800 (CST) ] {"err":0,"msg":"JLz2iBDq8w6TRnauUuhJQkhg3QQQs4pZMG"}
[ Tue Aug 15 2017 16:27:52 GMT+0800 (CST) ] time is 1540
[ Tue Aug 15 2017 16:27:52 GMT+0800 (CST) ] {"err":0,"msg":"JUnypTLWnCX44G4ddkDPJhVkt9eWZmLUCX"}
[ Tue Aug 15 2017 16:27:52 GMT+0800 (CST) ] time is 1541
[ Tue Aug 15 2017 16:27:52 GMT+0800 (CST) ] {"err":0,"msg":"JhVA8eg3m44Svfq78qKAZKNmLspoSXVrBE"}
[ Tue Aug 15 2017 16:27:52 GMT+0800 (CST) ] time is 1538
[ Tue Aug 15 2017 16:27:52 GMT+0800 (CST) ] {"err":0,"msg":"Jh5LyQLNyrL7cBV4bEjXHvzrEwxFjzcrv3"}
[ Tue Aug 15 2017 16:27:52 GMT+0800 (CST) ] time is 1535
[ Tue Aug 15 2017 16:27:52 GMT+0800 (CST) ] {"err":0,"msg":"JTbHEEQSMFzqutkCSAX94J2FnKi46pEJ12"}
[ Tue Aug 15 2017 16:27:52 GMT+0800 (CST) ] time is 1541
[ Tue Aug 15 2017 16:27:52 GMT+0800 (CST) ] {"err":0,"msg":"JPieeX7xV2MRxFQuxLLk1XsZJ4yhptfDYK"}
[ Tue Aug 15 2017 16:27:52 GMT+0800 (CST) ] time is 1542
[ Tue Aug 15 2017 16:27:52 GMT+0800 (CST) ] {"err":0,"msg":"JRcXnHEhMJ5nrZPvJhWf6GsSxzvS7ep8w2"}
[ Tue Aug 15 2017 16:27:52 GMT+0800 (CST) ] time is 1539
[ Tue Aug 15 2017 16:27:52 GMT+0800 (CST) ] {"err":0,"msg":"JUZBduNQ3xWUShSVN3xwapNthUxAfYicu9"}
[ Tue Aug 15 2017 16:27:52 GMT+0800 (CST) ] time is 1536
[ Tue Aug 15 2017 16:27:52 GMT+0800 (CST) ] {"err":0,"msg":"JS8hVP32g7ymNTb7BEE3yWfqeKS4QXWvZV"}
[ Tue Aug 15 2017 16:27:52 GMT+0800 (CST) ] time is 1542
[ Tue Aug 15 2017 16:27:52 GMT+0800 (CST) ] {"err":0,"msg":"JRL5JUH2nJdtDcBvEcErjk1rPW9Lk6dMtA"}
[ Tue Aug 15 2017 16:27:52 GMT+0800 (CST) ] time is 1543
[ Tue Aug 15 2017 16:27:52 GMT+0800 (CST) ] {"err":0,"msg":"JQVTQAGwQa8UYWMt64pAmtzJdQNh4UYe2w"}
[ Tue Aug 15 2017 16:27:52 GMT+0800 (CST) ] time is 1540
[ Tue Aug 15 2017 16:27:52 GMT+0800 (CST) ] {"err":0,"msg":"JQWpQpLnxd5bGwKCAKHiHbK5Y59JE7i4n9"}
[ Tue Aug 15 2017 16:27:52 GMT+0800 (CST) ] time is 1537
[ Tue Aug 15 2017 16:27:52 GMT+0800 (CST) ] {"err":0,"msg":"JZK8R7qtCVMkeDXzQtxJjncoTKNfETdASH"}
[ Tue Aug 15 2017 16:27:52 GMT+0800 (CST) ] time is 1543
[ Tue Aug 15 2017 16:27:52 GMT+0800 (CST) ] {"err":0,"msg":"JgNV7XK2u3SWVx2fp3HKbomBEbL1mbrD6f"}
[ Tue Aug 15 2017 16:27:52 GMT+0800 (CST) ] time is 1544
[ Tue Aug 15 2017 16:27:52 GMT+0800 (CST) ] {"err":0,"msg":"JVyuKaRLDtozWZX5stXwWwsq4JfxrnXWer"}
[ Tue Aug 15 2017 16:27:52 GMT+0800 (CST) ] time is 1541
[ Tue Aug 15 2017 16:27:52 GMT+0800 (CST) ] {"err":0,"msg":"JeyEuqRHjoP7FU6aq8SC8rr25e7jbFLxVd"}
[ Tue Aug 15 2017 16:27:52 GMT+0800 (CST) ] time is 1538
[ Tue Aug 15 2017 16:27:52 GMT+0800 (CST) ] {"err":0,"msg":"JJYJ2L9SCi3HuyzjBm2kxBTGPbBfLuu12Q"}
[ Tue Aug 15 2017 16:27:52 GMT+0800 (CST) ] time is 1544
[ Tue Aug 15 2017 16:27:52 GMT+0800 (CST) ] {"err":0,"msg":"JN6hUPHYPynGvGadtd4gVzhcosrocH7TqV"}
[ Tue Aug 15 2017 16:27:52 GMT+0800 (CST) ] time is 1545
[ Tue Aug 15 2017 16:27:52 GMT+0800 (CST) ] {"err":0,"msg":"JXoxb86E5oCqBTMn1HjzGAXcGL7MvMuzpi"}
[ Tue Aug 15 2017 16:27:52 GMT+0800 (CST) ] time is 1542
[ Tue Aug 15 2017 16:27:52 GMT+0800 (CST) ] {"err":0,"msg":"JYExZzygeQJNHoyyAowQRxVzNievHkj6Sc"}
[ Tue Aug 15 2017 16:27:52 GMT+0800 (CST) ] time is 1539
[ Tue Aug 15 2017 16:27:52 GMT+0800 (CST) ] {"err":0,"msg":"JfvchrFqGnunswND2tCWk8fVEbgHXZdxA2"}
[ Tue Aug 15 2017 16:27:52 GMT+0800 (CST) ] time is 1545
[ Tue Aug 15 2017 16:27:52 GMT+0800 (CST) ] {"err":0,"msg":"JgpZ7XX8vLVGZHuakD8PJkKcBFEigfZAkB"}
[ Tue Aug 15 2017 16:27:52 GMT+0800 (CST) ] time is 1546
[ Tue Aug 15 2017 16:27:52 GMT+0800 (CST) ] {"err":0,"msg":"JbwHWtzu6Gy4wiWWSZWAWbjUhAkgkCyd1j"}
[ Tue Aug 15 2017 16:27:52 GMT+0800 (CST) ] time is 1543
[ Tue Aug 15 2017 16:27:52 GMT+0800 (CST) ] {"err":0,"msg":"JJrwjEeC9zkxsy1yhb4oaKN83WCAGbwD1u"}
[ Tue Aug 15 2017 16:27:52 GMT+0800 (CST) ] time is 1540
[ Tue Aug 15 2017 16:27:52 GMT+0800 (CST) ] {"err":0,"msg":"JK9nBK2scNkUX6MFU6HHxfGv2t62jK63Nc"}
[ Tue Aug 15 2017 16:27:52 GMT+0800 (CST) ] time is 1546
[ Tue Aug 15 2017 16:27:52 GMT+0800 (CST) ] {"err":0,"msg":"JK812oLpVEGstWdL1kqoh3Kd8brtqFKo25"}
[ Tue Aug 15 2017 16:27:52 GMT+0800 (CST) ] time is 1547
[ Tue Aug 15 2017 16:27:52 GMT+0800 (CST) ] {"err":0,"msg":"JWoXNjug7CR51h9j5B7LWXKQ2g7ALHdNtM"}
[ Tue Aug 15 2017 16:27:52 GMT+0800 (CST) ] time is 1544
[ Tue Aug 15 2017 16:27:52 GMT+0800 (CST) ] {"err":0,"msg":"JRTF3h7oYeaYExNQXL1xkktgphKAUgQKrf"}
[ Tue Aug 15 2017 16:27:52 GMT+0800 (CST) ] time is 1541
[ Tue Aug 15 2017 16:27:52 GMT+0800 (CST) ] {"err":0,"msg":"Ja393U84pNLEQ9WFL2JSVWTPNwMWZZokdx"}
[ Tue Aug 15 2017 16:27:52 GMT+0800 (CST) ] time is 1547
[ Tue Aug 15 2017 16:27:52 GMT+0800 (CST) ] {"err":0,"msg":"JTGFPqNAkpDZQRW24rp4HSeD6p8fKpo8Nd"}
[ Tue Aug 15 2017 16:27:52 GMT+0800 (CST) ] time is 1548
[ Tue Aug 15 2017 16:27:52 GMT+0800 (CST) ] {"err":0,"msg":"JbswvKwd1YiG2YUxVih6BgXkv36isAgefq"}
[ Tue Aug 15 2017 16:27:52 GMT+0800 (CST) ] time is 1545
[ Tue Aug 15 2017 16:27:52 GMT+0800 (CST) ] {"err":0,"msg":"JQDpAvWo4WfAo9Zy5zT7YwVEdY3gAteL2y"}
[ Tue Aug 15 2017 16:27:52 GMT+0800 (CST) ] time is 1542
[ Tue Aug 15 2017 16:27:52 GMT+0800 (CST) ] {"err":0,"msg":"JZVUeYJUpUfnBWDueCAx7iq5ZPAXnCh88z"}
[ Tue Aug 15 2017 16:27:52 GMT+0800 (CST) ] time is 1548
[ Tue Aug 15 2017 16:27:52 GMT+0800 (CST) ] {"err":0,"msg":"JKxupztLwZovUx9EEQNnY4txLoktRzNgBJ"}
[ Tue Aug 15 2017 16:27:52 GMT+0800 (CST) ] time is 1549
[ Tue Aug 15 2017 16:27:52 GMT+0800 (CST) ] {"err":0,"msg":"JdS7jbxCgSu7tLweK1PKMqv9obudf3uk15"}
[ Tue Aug 15 2017 16:27:52 GMT+0800 (CST) ] time is 1546
[ Tue Aug 15 2017 16:27:52 GMT+0800 (CST) ] {"err":0,"msg":"JgsW7fKo9o4A8B2VqJB9EExqDvt9MpBMX3"}
[ Tue Aug 15 2017 16:27:52 GMT+0800 (CST) ] time is 1543
[ Tue Aug 15 2017 16:27:52 GMT+0800 (CST) ] {"err":0,"msg":"JhQfZ58akJPPEKFBaSdKD6P2NF1SXnS3yf"}
[ Tue Aug 15 2017 16:27:52 GMT+0800 (CST) ] time is 1549
[ Tue Aug 15 2017 16:27:52 GMT+0800 (CST) ] {"err":0,"msg":"JZWTbYdkQwEtBeMWETp379bDvJ1XRZMmQj"}
[ Tue Aug 15 2017 16:27:52 GMT+0800 (CST) ] time is 1547
[ Tue Aug 15 2017 16:27:52 GMT+0800 (CST) ] {"err":0,"msg":"JJmvbjxpz4tPUaW1WhCpRZN75iSQQ5n9G1"}
[ Tue Aug 15 2017 16:27:52 GMT+0800 (CST) ] time is 1550
[ Tue Aug 15 2017 16:27:52 GMT+0800 (CST) ] {"err":0,"msg":"JL99qLLg9xcNruBL2xcqv6ZRjASpnDChYD"}
[ Tue Aug 15 2017 16:27:52 GMT+0800 (CST) ] time is 1544
[ Tue Aug 15 2017 16:27:52 GMT+0800 (CST) ] {"err":0,"msg":"JYCicEnL8Pw1SLYFcpXQM24xC8bUN22sKc"}
[ Tue Aug 15 2017 16:27:52 GMT+0800 (CST) ] time is 1550
[ Tue Aug 15 2017 16:27:52 GMT+0800 (CST) ] {"err":0,"msg":"JKzDP2neGX8pB5tBnpy75hNtSSKrfajDWz"}
[ Tue Aug 15 2017 16:27:52 GMT+0800 (CST) ] time is 1548
[ Tue Aug 15 2017 16:27:52 GMT+0800 (CST) ] {"err":0,"msg":"JM31iX7SZwJ2yEJBvnoZtkDZpUuEykeji6"}
[ Tue Aug 15 2017 16:27:52 GMT+0800 (CST) ] time is 1545
[ Tue Aug 15 2017 16:27:52 GMT+0800 (CST) ] {"err":0,"msg":"JPe6mpDZnc3AEc1SYQfmrqJxZRXhdT4AZJ"}
[ Tue Aug 15 2017 16:27:52 GMT+0800 (CST) ] time is 1551
[ Tue Aug 15 2017 16:27:52 GMT+0800 (CST) ] {"err":0,"msg":"JMaSCG9oMYv86W8gF8xvyRNVGAhvT3mELR"}
[ Tue Aug 15 2017 16:27:52 GMT+0800 (CST) ] time is 1551
[ Tue Aug 15 2017 16:27:52 GMT+0800 (CST) ] {"err":0,"msg":"JPWFpfacuVLGNbViKZpcEkwATijMfhzEtx"}
[ Tue Aug 15 2017 16:27:52 GMT+0800 (CST) ] time is 1549
[ Tue Aug 15 2017 16:27:52 GMT+0800 (CST) ] {"err":0,"msg":"JMNWmDrbMsiVmjJwRrkwpKk1FEXzd5XkBu"}
[ Tue Aug 15 2017 16:27:52 GMT+0800 (CST) ] {"err":0,"msg":"JhWRa4t8WmAT5jFhdVqFbiRVNW3S7TuMV3"}
[ Tue Aug 15 2017 16:27:52 GMT+0800 (CST) ] time is 1546
[ Tue Aug 15 2017 16:27:52 GMT+0800 (CST) ] time is 1552
[ Tue Aug 15 2017 16:27:52 GMT+0800 (CST) ] {"err":0,"msg":"JhUEo4RxdXGwga2zP2wDPSZ5kj6XjVucxo"}
[ Tue Aug 15 2017 16:27:52 GMT+0800 (CST) ] time is 1552
[ Tue Aug 15 2017 16:27:52 GMT+0800 (CST) ] {"err":0,"msg":"JaLBeDJ9ABhcj7hoxFXeaY8D8B3JZBUaQo"}
[ Tue Aug 15 2017 16:27:52 GMT+0800 (CST) ] time is 1550
[ Tue Aug 15 2017 16:27:52 GMT+0800 (CST) ] {"err":0,"msg":"JhY3GQdhByKpbb2H8bxwRfw3YSbj8Li8ip"}
[ Tue Aug 15 2017 16:27:52 GMT+0800 (CST) ] time is 1547
[ Tue Aug 15 2017 16:27:52 GMT+0800 (CST) ] {"err":0,"msg":"JKxSAHrLSB9Q5V1UyqiPAZdxzXXeyN11nZ"}
[ Tue Aug 15 2017 16:27:52 GMT+0800 (CST) ] time is 1553
[ Tue Aug 15 2017 16:27:52 GMT+0800 (CST) ] {"err":0,"msg":"Jb5bZPfrk5upJVUhuoWgvzoaUH7ScEYHrR"}
[ Tue Aug 15 2017 16:27:52 GMT+0800 (CST) ] time is 1553
[ Tue Aug 15 2017 16:27:52 GMT+0800 (CST) ] {"err":0,"msg":"JTZgcBGsYhHGvwWd5UTZuYyxSho1Mi8qtK"}
[ Tue Aug 15 2017 16:27:52 GMT+0800 (CST) ] time is 1551
[ Tue Aug 15 2017 16:27:52 GMT+0800 (CST) ] {"err":0,"msg":"JUWaBjRWy7dsjjmXQRFTPqqDgmY7fKTEfP"}
[ Tue Aug 15 2017 16:27:52 GMT+0800 (CST) ] time is 1548
[ Tue Aug 15 2017 16:27:52 GMT+0800 (CST) ] {"err":0,"msg":"Jcv9EF5eGjqkEL7g2FoAbp2qj7ZVynrWaa"}
[ Tue Aug 15 2017 16:27:52 GMT+0800 (CST) ] time is 1554
[ Tue Aug 15 2017 16:27:52 GMT+0800 (CST) ] {"err":0,"msg":"JTuB2znUXx7LmSCCvfcEx3EUAb4LzUerYy"}
[ Tue Aug 15 2017 16:27:52 GMT+0800 (CST) ] time is 1554
[ Tue Aug 15 2017 16:27:52 GMT+0800 (CST) ] {"err":0,"msg":"JgHLfUbFA2QfbTftZgzvruqmAwrJPgmpVd"}
[ Tue Aug 15 2017 16:27:52 GMT+0800 (CST) ] time is 1552
[ Tue Aug 15 2017 16:27:52 GMT+0800 (CST) ] {"err":0,"msg":"JVvbaKMGDdGP7F2nAjSwS46NSDu88ZayGy"}
[ Tue Aug 15 2017 16:27:52 GMT+0800 (CST) ] time is 1549
[ Tue Aug 15 2017 16:27:52 GMT+0800 (CST) ] {"err":0,"msg":"JQy24MVA4K33gBRjHtgHUSb2B32jh1ZDqt"}
[ Tue Aug 15 2017 16:27:52 GMT+0800 (CST) ] time is 1555
[ Tue Aug 15 2017 16:27:52 GMT+0800 (CST) ] {"err":0,"msg":"JdSRD86kcYKQzBqV4fNgbXHxhvARPzywtx"}
[ Tue Aug 15 2017 16:27:53 GMT+0800 (CST) ] time is 1555
[ Tue Aug 15 2017 16:27:53 GMT+0800 (CST) ] {"err":0,"msg":"JYEt4nCZKjPaYa4wF2aJXwEv9peeSGerjZ"}
[ Tue Aug 15 2017 16:27:53 GMT+0800 (CST) ] time is 1553
[ Tue Aug 15 2017 16:27:53 GMT+0800 (CST) ] {"err":0,"msg":"Jdf7JFQNSbgob9yHW4kuYm99trhdEpVyEa"}
[ Tue Aug 15 2017 16:27:53 GMT+0800 (CST) ] time is 1550
[ Tue Aug 15 2017 16:27:53 GMT+0800 (CST) ] {"err":0,"msg":"JaZgEc8JBv6XmojN4GALFmGs5GSjQagWZ1"}
[ Tue Aug 15 2017 16:27:53 GMT+0800 (CST) ] time is 1556
[ Tue Aug 15 2017 16:27:53 GMT+0800 (CST) ] {"err":0,"msg":"JMAC8NgTFX91vNpvYJwanH7zk2s1PMvBnd"}
[ Tue Aug 15 2017 16:27:53 GMT+0800 (CST) ] time is 1556
[ Tue Aug 15 2017 16:27:53 GMT+0800 (CST) ] {"err":0,"msg":"JQY9KB6ZWrZX9CQf4X6ajikpJxBgvtzbzw"}
[ Tue Aug 15 2017 16:27:53 GMT+0800 (CST) ] time is 1554
[ Tue Aug 15 2017 16:27:53 GMT+0800 (CST) ] {"err":0,"msg":"JNKisu6V4m7W1Vtgf6GEQE4GJBn16jzmuM"}
[ Tue Aug 15 2017 16:27:53 GMT+0800 (CST) ] time is 1551
[ Tue Aug 15 2017 16:27:53 GMT+0800 (CST) ] {"err":0,"msg":"JKTsBjzqJLNb5Cm3hchxTHEXbYGai6fBEK"}
[ Tue Aug 15 2017 16:27:53 GMT+0800 (CST) ] time is 1557
[ Tue Aug 15 2017 16:27:53 GMT+0800 (CST) ] {"err":0,"msg":"JTvDbYDfhTWL9LAWF7w7nuSpuvZDjBZVcY"}
[ Tue Aug 15 2017 16:27:53 GMT+0800 (CST) ] time is 1557
[ Tue Aug 15 2017 16:27:53 GMT+0800 (CST) ] {"err":0,"msg":"JZ93eZz2A47rMs19pFWZ2zQWkSFLv9wykn"}
[ Tue Aug 15 2017 16:27:53 GMT+0800 (CST) ] time is 1555
[ Tue Aug 15 2017 16:27:53 GMT+0800 (CST) ] {"err":0,"msg":"JX8Ue7VhhpHr6V8eF5oqDKCxeexbVmZ8mv"}
[ Tue Aug 15 2017 16:27:53 GMT+0800 (CST) ] time is 1552
[ Tue Aug 15 2017 16:27:53 GMT+0800 (CST) ] {"err":0,"msg":"JNwtJC1wU5jLnbD1jTmYrEE7VASVXoYtdx"}
[ Tue Aug 15 2017 16:27:53 GMT+0800 (CST) ] time is 1558
[ Tue Aug 15 2017 16:27:53 GMT+0800 (CST) ] {"err":0,"msg":"JPcY8QvkgZQHX5oHCxdoQc3oKd6hSithvU"}
[ Tue Aug 15 2017 16:27:53 GMT+0800 (CST) ] time is 1558
[ Tue Aug 15 2017 16:27:53 GMT+0800 (CST) ] {"err":0,"msg":"JPcHApftNuowVUa8seHVeuvR1tfDkogdks"}
[ Tue Aug 15 2017 16:27:53 GMT+0800 (CST) ] time is 1556
[ Tue Aug 15 2017 16:27:53 GMT+0800 (CST) ] {"err":0,"msg":"JaTZva3ZfZtx41shJa6kKiZk51MUdXuSUN"}
[ Tue Aug 15 2017 16:27:53 GMT+0800 (CST) ] time is 1553
[ Tue Aug 15 2017 16:27:53 GMT+0800 (CST) ] {"err":0,"msg":"JYu81emHhpcdvZerBTaFvjH14FX1fQ23SA"}
[ Tue Aug 15 2017 16:27:53 GMT+0800 (CST) ] time is 1559
[ Tue Aug 15 2017 16:27:53 GMT+0800 (CST) ] {"err":0,"msg":"JYrrKVudhfCm7uLmBsHZWyvq45WA7dpV3Z"}
[ Tue Aug 15 2017 16:27:53 GMT+0800 (CST) ] time is 1559
[ Tue Aug 15 2017 16:27:53 GMT+0800 (CST) ] {"err":0,"msg":"JcsTgo6sU54UGMfGKWq4SM2T6cmrqr2sTs"}
[ Tue Aug 15 2017 16:27:53 GMT+0800 (CST) ] time is 1557
[ Tue Aug 15 2017 16:27:53 GMT+0800 (CST) ] {"err":0,"msg":"JdKmmSxpCvR5wkHgrVU8U8p99BVxJnNszN"}
[ Tue Aug 15 2017 16:27:53 GMT+0800 (CST) ] time is 1560
[ Tue Aug 15 2017 16:27:53 GMT+0800 (CST) ] {"err":0,"msg":"JSB1LS5izag2hyAqipdrkixB41SwDZq8SP"}
[ Tue Aug 15 2017 16:27:53 GMT+0800 (CST) ] time is 1554
[ Tue Aug 15 2017 16:27:53 GMT+0800 (CST) ] {"err":0,"msg":"JgKpaqxtiSnzKPvwk3AeDzCW9hfDAtMZxT"}
[ Tue Aug 15 2017 16:27:53 GMT+0800 (CST) ] time is 1560
[ Tue Aug 15 2017 16:27:53 GMT+0800 (CST) ] {"err":0,"msg":"JSHh2mr6g7Rz5ecBNvXWBcPH19tJCUZgmS"}
[ Tue Aug 15 2017 16:27:53 GMT+0800 (CST) ] time is 1558
[ Tue Aug 15 2017 16:27:53 GMT+0800 (CST) ] {"err":0,"msg":"JMFZuhfomfX8W3zWDHYDUCDq2mNH7mRcTw"}
[ Tue Aug 15 2017 16:27:53 GMT+0800 (CST) ] time is 1561
[ Tue Aug 15 2017 16:27:53 GMT+0800 (CST) ] {"err":0,"msg":"JM7qi4oY1tWfuD1h5NTTiFENeWJ3PwHLs1"}
[ Tue Aug 15 2017 16:27:53 GMT+0800 (CST) ] time is 1555
[ Tue Aug 15 2017 16:27:53 GMT+0800 (CST) ] {"err":0,"msg":"JKdnT4Li8VvVcP4MpNZ2Bpo6DAHoUuCtyV"}
[ Tue Aug 15 2017 16:27:53 GMT+0800 (CST) ] time is 1561
[ Tue Aug 15 2017 16:27:53 GMT+0800 (CST) ] {"err":0,"msg":"JYNrvkgkx3cznPpm36z1m1DN2gE463UTpA"}
[ Tue Aug 15 2017 16:27:53 GMT+0800 (CST) ] time is 1559
[ Tue Aug 15 2017 16:27:53 GMT+0800 (CST) ] {"err":0,"msg":"JSf8P1TMXG6FPUGpoWgkVUAA19b28C746k"}
[ Tue Aug 15 2017 16:27:53 GMT+0800 (CST) ] time is 1562
[ Tue Aug 15 2017 16:27:53 GMT+0800 (CST) ] {"err":0,"msg":"JKVxwqzyFnW9Tko6YPQgxpXMqqZmzpbYJP"}
[ Tue Aug 15 2017 16:27:53 GMT+0800 (CST) ] time is 1556
[ Tue Aug 15 2017 16:27:53 GMT+0800 (CST) ] {"err":0,"msg":"JXaQxocRmDdzCcUjyqgZsRgLq7aE7BQ5Ag"}
[ Tue Aug 15 2017 16:27:53 GMT+0800 (CST) ] time is 1562
[ Tue Aug 15 2017 16:27:53 GMT+0800 (CST) ] {"err":0,"msg":"JcB5fjZWbtJ9WvBfAMK9UJsLeS3wDGu776"}
[ Tue Aug 15 2017 16:27:53 GMT+0800 (CST) ] time is 1560
[ Tue Aug 15 2017 16:27:53 GMT+0800 (CST) ] {"err":0,"msg":"JLNNWZdJNybzTCbJ4VZQDkTD1F4rChtpAZ"}
[ Tue Aug 15 2017 16:27:53 GMT+0800 (CST) ] time is 1563
[ Tue Aug 15 2017 16:27:53 GMT+0800 (CST) ] {"err":0,"msg":"JNUcoqhYY28kMzTYySuXPmAoLQTZctKcsL"}
[ Tue Aug 15 2017 16:27:53 GMT+0800 (CST) ] time is 1557
[ Tue Aug 15 2017 16:27:53 GMT+0800 (CST) ] {"err":0,"msg":"JTBnC5xQDSV25hShdjNJEjNf5a6jEWaMDX"}
[ Tue Aug 15 2017 16:27:53 GMT+0800 (CST) ] time is 1563
[ Tue Aug 15 2017 16:27:53 GMT+0800 (CST) ] {"err":0,"msg":"JK9m155jrU9UFo2q14cDiHVqBGbqiFQRew"}
[ Tue Aug 15 2017 16:27:53 GMT+0800 (CST) ] time is 1561
[ Tue Aug 15 2017 16:27:53 GMT+0800 (CST) ] {"err":0,"msg":"JLVCykhZt6vkXiSejBPh3tTdj6nbNQX5wo"}
[ Tue Aug 15 2017 16:27:53 GMT+0800 (CST) ] time is 1564
[ Tue Aug 15 2017 16:27:53 GMT+0800 (CST) ] {"err":0,"msg":"JMhj8yZEK5ysV4iJfWBdkzVunREvZY2s8i"}
[ Tue Aug 15 2017 16:27:53 GMT+0800 (CST) ] time is 1558
[ Tue Aug 15 2017 16:27:53 GMT+0800 (CST) ] {"err":0,"msg":"JK9rF2RuRahckuBYwyV1Ng7KEzJMu31GFL"}
[ Tue Aug 15 2017 16:27:53 GMT+0800 (CST) ] time is 1564
[ Tue Aug 15 2017 16:27:53 GMT+0800 (CST) ] {"err":0,"msg":"JPVwfU4NeCmmPMChJFp1WTcxM6QcVr53Ah"}
[ Tue Aug 15 2017 16:27:53 GMT+0800 (CST) ] time is 1562
[ Tue Aug 15 2017 16:27:53 GMT+0800 (CST) ] {"err":0,"msg":"Jg9mA1gk81L3hGQy5d7urBzxkBR49p76FF"}
[ Tue Aug 15 2017 16:27:53 GMT+0800 (CST) ] time is 1565
[ Tue Aug 15 2017 16:27:53 GMT+0800 (CST) ] {"err":0,"msg":"JbiZtTW7Qr6UfWPdK35v4YbmG9cGUy73uU"}
[ Tue Aug 15 2017 16:27:53 GMT+0800 (CST) ] time is 1559
[ Tue Aug 15 2017 16:27:53 GMT+0800 (CST) ] {"err":0,"msg":"JVFGbNSf64BB6dmNH92C3mKkaP5CjMMwTU"}
[ Tue Aug 15 2017 16:27:53 GMT+0800 (CST) ] time is 1565
[ Tue Aug 15 2017 16:27:53 GMT+0800 (CST) ] {"err":0,"msg":"JNxMUodjSTd4wVMTYinxkYJG7T3J6zJwVW"}
[ Tue Aug 15 2017 16:27:53 GMT+0800 (CST) ] time is 1563
[ Tue Aug 15 2017 16:27:53 GMT+0800 (CST) ] {"err":0,"msg":"JMAjNNziE6fkDkoQF5P53sN3iGacD9xZj9"}
[ Tue Aug 15 2017 16:27:53 GMT+0800 (CST) ] time is 1566
[ Tue Aug 15 2017 16:27:53 GMT+0800 (CST) ] {"err":0,"msg":"JUvrZ9SsbQgRVjMRanJ6LGoqHUashYNnjq"}
[ Tue Aug 15 2017 16:27:53 GMT+0800 (CST) ] time is 1560
[ Tue Aug 15 2017 16:27:53 GMT+0800 (CST) ] {"err":0,"msg":"JYQh9NLBUHX4qbKKqr1sv9rtQwDvvsSxf4"}
[ Tue Aug 15 2017 16:27:53 GMT+0800 (CST) ] time is 1566
[ Tue Aug 15 2017 16:27:53 GMT+0800 (CST) ] {"err":0,"msg":"JUcWuXp27iXD27jUpJWmcNmdV5XEvEgSzT"}
[ Tue Aug 15 2017 16:27:53 GMT+0800 (CST) ] time is 1564
[ Tue Aug 15 2017 16:27:53 GMT+0800 (CST) ] {"err":0,"msg":"JbhPSXF9HFpi1kFEed8NsjEdu2ym3woG67"}
[ Tue Aug 15 2017 16:27:53 GMT+0800 (CST) ] time is 1567
[ Tue Aug 15 2017 16:27:53 GMT+0800 (CST) ] {"err":0,"msg":"JbxjKjNBdM2r72DiEQLHJiUyuYPFYKawZt"}
[ Tue Aug 15 2017 16:27:53 GMT+0800 (CST) ] time is 1567
[ Tue Aug 15 2017 16:27:53 GMT+0800 (CST) ] {"err":0,"msg":"JNdb1wRyE42n3X1UJxdwz7xTJypKXsDJnE"}
[ Tue Aug 15 2017 16:27:53 GMT+0800 (CST) ] time is 1561
[ Tue Aug 15 2017 16:27:53 GMT+0800 (CST) ] {"err":0,"msg":"Jb37Cj1HemUz6kvbrP1VnL7ddwyanCaRmM"}
[ Tue Aug 15 2017 16:27:53 GMT+0800 (CST) ] time is 1565
[ Tue Aug 15 2017 16:27:53 GMT+0800 (CST) ] {"err":0,"msg":"JZEbz9nMbxoQo82kGZTYQyrV3FkgzB7uuv"}
[ Tue Aug 15 2017 16:27:53 GMT+0800 (CST) ] time is 1568
[ Tue Aug 15 2017 16:27:53 GMT+0800 (CST) ] {"err":0,"msg":"JZuLfNePPd6jLq2ZV2CvMyiw2VyjgDJnSD"}
[ Tue Aug 15 2017 16:27:53 GMT+0800 (CST) ] time is 1568
[ Tue Aug 15 2017 16:27:53 GMT+0800 (CST) ] {"err":0,"msg":"JaD1dtNwWH1hkL1tWWyjrSvatMBj1cuvsT"}
[ Tue Aug 15 2017 16:27:53 GMT+0800 (CST) ] time is 1566
[ Tue Aug 15 2017 16:27:53 GMT+0800 (CST) ] {"err":0,"msg":"JVTkPpvaE4V8Ztv5jrmXtehDyvXTVfoobi"}
[ Tue Aug 15 2017 16:27:53 GMT+0800 (CST) ] time is 1562
[ Tue Aug 15 2017 16:27:53 GMT+0800 (CST) ] {"err":0,"msg":"JfQxEXwyBmTdShkwwCB5kBAqYPK3XXP2L5"}
[ Tue Aug 15 2017 16:27:53 GMT+0800 (CST) ] time is 1569
[ Tue Aug 15 2017 16:27:53 GMT+0800 (CST) ] {"err":0,"msg":"JenBoJKwVcncKYLkeP6ZRYQgo9hcBQ75Me"}
[ Tue Aug 15 2017 16:27:53 GMT+0800 (CST) ] time is 1569
[ Tue Aug 15 2017 16:27:53 GMT+0800 (CST) ] {"err":0,"msg":"Jd7aScbTEyyNQ6gL1j9LLbvgi447P6iETk"}
[ Tue Aug 15 2017 16:27:53 GMT+0800 (CST) ] time is 1567
[ Tue Aug 15 2017 16:27:53 GMT+0800 (CST) ] {"err":0,"msg":"JQNLtEyzNR5o16oUGRwwosJZaV2fTA75Lz"}
[ Tue Aug 15 2017 16:27:53 GMT+0800 (CST) ] time is 1563
[ Tue Aug 15 2017 16:27:53 GMT+0800 (CST) ] {"err":0,"msg":"JW22BeGaMUy1djKeCLVtC3GWrh1H3gNjbJ"}
[ Tue Aug 15 2017 16:27:53 GMT+0800 (CST) ] time is 1570
[ Tue Aug 15 2017 16:27:53 GMT+0800 (CST) ] {"err":0,"msg":"JciejqTgzoK72QXvDEhFQnS1VePEhs8m7S"}
[ Tue Aug 15 2017 16:27:53 GMT+0800 (CST) ] time is 1570
[ Tue Aug 15 2017 16:27:53 GMT+0800 (CST) ] {"err":0,"msg":"JNNbt8xzg9eUGBLvgByuP2wUE6riCMNuGT"}
[ Tue Aug 15 2017 16:27:53 GMT+0800 (CST) ] time is 1568
[ Tue Aug 15 2017 16:27:53 GMT+0800 (CST) ] {"err":0,"msg":"JXbXw4CDu8GgZP7bSNJ4riq8CP43oKz6oT"}
[ Tue Aug 15 2017 16:27:53 GMT+0800 (CST) ] time is 1564
[ Tue Aug 15 2017 16:27:53 GMT+0800 (CST) ] {"err":0,"msg":"JWnfb9qUSum17WNg8ydSjTPLoDWEBBVnKy"}
[ Tue Aug 15 2017 16:27:53 GMT+0800 (CST) ] time is 1571
[ Tue Aug 15 2017 16:27:53 GMT+0800 (CST) ] {"err":0,"msg":"JUxgAjPUj7gpqbTPmsNavmmRp4ALmLzzJ3"}
[ Tue Aug 15 2017 16:27:53 GMT+0800 (CST) ] time is 1571
[ Tue Aug 15 2017 16:27:53 GMT+0800 (CST) ] {"err":0,"msg":"JNbxGYEArgneMBABLryMpHawzMuHm2DZNA"}
[ Tue Aug 15 2017 16:27:53 GMT+0800 (CST) ] time is 1569
[ Tue Aug 15 2017 16:27:53 GMT+0800 (CST) ] {"err":0,"msg":"JVSNzQMed91tjeF1dFvdskBYUkrTtFC91y"}
[ Tue Aug 15 2017 16:27:53 GMT+0800 (CST) ] time is 1565
[ Tue Aug 15 2017 16:27:53 GMT+0800 (CST) ] {"err":0,"msg":"JZjTVrTEWbbo2QJvHygYDuEQ6UiQ6Et7od"}
[ Tue Aug 15 2017 16:27:53 GMT+0800 (CST) ] time is 1572
[ Tue Aug 15 2017 16:27:53 GMT+0800 (CST) ] {"err":0,"msg":"JQWfT4yyccf5yjopiRp9fHw3tNTf2k5dmu"}
[ Tue Aug 15 2017 16:27:53 GMT+0800 (CST) ] time is 1572
[ Tue Aug 15 2017 16:27:53 GMT+0800 (CST) ] {"err":0,"msg":"JLvnWu4YakwyFTLyXddJN8GeiYgH6LUtVr"}
[ Tue Aug 15 2017 16:27:53 GMT+0800 (CST) ] time is 1570
[ Tue Aug 15 2017 16:27:53 GMT+0800 (CST) ] {"err":0,"msg":"JRsPwvLPbeXdg4Dp3qDydfFPfXNby6fQfM"}
[ Tue Aug 15 2017 16:27:53 GMT+0800 (CST) ] time is 1566
[ Tue Aug 15 2017 16:27:53 GMT+0800 (CST) ] {"err":0,"msg":"JZbimJYNFUmaQj5QA2NfbrgGWAgnh8iQz4"}
[ Tue Aug 15 2017 16:27:53 GMT+0800 (CST) ] time is 1573
[ Tue Aug 15 2017 16:27:53 GMT+0800 (CST) ] {"err":0,"msg":"JNmoiwBjQLk58gCctrUMGVQBNmeGgwcNwb"}
[ Tue Aug 15 2017 16:27:53 GMT+0800 (CST) ] time is 1573
[ Tue Aug 15 2017 16:27:53 GMT+0800 (CST) ] {"err":0,"msg":"Jf58vcuDxrteRTrjM6herf1oDyAzetRTeW"}
[ Tue Aug 15 2017 16:27:53 GMT+0800 (CST) ] time is 1571
[ Tue Aug 15 2017 16:27:53 GMT+0800 (CST) ] {"err":0,"msg":"JMKQsqkcpAfHyjvD7qVUXRVAQmXKxdVaQs"}
[ Tue Aug 15 2017 16:27:53 GMT+0800 (CST) ] time is 1567
[ Tue Aug 15 2017 16:27:53 GMT+0800 (CST) ] {"err":0,"msg":"JZjsMGKqVmZwnpnUXARQXR8GiAgp9PhZ6v"}
[ Tue Aug 15 2017 16:27:53 GMT+0800 (CST) ] time is 1574
[ Tue Aug 15 2017 16:27:53 GMT+0800 (CST) ] {"err":0,"msg":"Jd35Ubg5ffioPteBZD3HoqcPxAqYbcUYCn"}
[ Tue Aug 15 2017 16:27:53 GMT+0800 (CST) ] time is 1574
[ Tue Aug 15 2017 16:27:53 GMT+0800 (CST) ] {"err":0,"msg":"JftFLDSikH4neNKJQPnPbrRnBQVt6LnBSu"}
[ Tue Aug 15 2017 16:27:53 GMT+0800 (CST) ] time is 1572
[ Tue Aug 15 2017 16:27:53 GMT+0800 (CST) ] {"err":0,"msg":"JScFz5xpmsLf9B7yXNk56ujfCLv5dAciQY"}
[ Tue Aug 15 2017 16:27:54 GMT+0800 (CST) ] time is 1568
[ Tue Aug 15 2017 16:27:54 GMT+0800 (CST) ] {"err":0,"msg":"JanoERVLbMjmuDGffRCi4EiT9qRdNSxUPm"}
[ Tue Aug 15 2017 16:27:54 GMT+0800 (CST) ] time is 1575
[ Tue Aug 15 2017 16:27:54 GMT+0800 (CST) ] {"err":0,"msg":"JVJ6tiSiVFN1Nb1n1tZ2rM2MkU6yA4sS3k"}
[ Tue Aug 15 2017 16:27:54 GMT+0800 (CST) ] time is 1575
[ Tue Aug 15 2017 16:27:54 GMT+0800 (CST) ] {"err":0,"msg":"JePuzefY1FLybM6g2BwUPCiWUDYMxPaUmf"}
[ Tue Aug 15 2017 16:27:54 GMT+0800 (CST) ] time is 1573
[ Tue Aug 15 2017 16:27:54 GMT+0800 (CST) ] {"err":0,"msg":"JeU8DoKzp4bjeLw4bqc3u6Z6hSMcyqjUav"}
[ Tue Aug 15 2017 16:27:54 GMT+0800 (CST) ] time is 1569
[ Tue Aug 15 2017 16:27:54 GMT+0800 (CST) ] {"err":0,"msg":"JNmwhVmmiNZYiKxcpiLgEMEKPy58uoLGmu"}
[ Tue Aug 15 2017 16:27:54 GMT+0800 (CST) ] time is 1576
[ Tue Aug 15 2017 16:27:54 GMT+0800 (CST) ] {"err":0,"msg":"JdNE826FFRNBmnYaxF66NRfwV469tRi99F"}
[ Tue Aug 15 2017 16:27:54 GMT+0800 (CST) ] time is 1576
[ Tue Aug 15 2017 16:27:54 GMT+0800 (CST) ] {"err":0,"msg":"JTLHwXfc9bnkYXR5Ysm6StEUPnnZq1JVM7"}
[ Tue Aug 15 2017 16:27:54 GMT+0800 (CST) ] time is 1574
[ Tue Aug 15 2017 16:27:54 GMT+0800 (CST) ] {"err":0,"msg":"JLCp3zSgwSsYBx22WrsWeaH66ZMF4F1htz"}
[ Tue Aug 15 2017 16:27:54 GMT+0800 (CST) ] time is 1570
[ Tue Aug 15 2017 16:27:54 GMT+0800 (CST) ] {"err":0,"msg":"JgJ9rAgXMxVVSGMejqdfrCXhL5E1gCcCNH"}
[ Tue Aug 15 2017 16:27:54 GMT+0800 (CST) ] time is 1577
[ Tue Aug 15 2017 16:27:54 GMT+0800 (CST) ] {"err":0,"msg":"JZTfiazw8NBj1PqEEaxcSAxMkSd3he5B61"}
[ Tue Aug 15 2017 16:27:54 GMT+0800 (CST) ] time is 1577
[ Tue Aug 15 2017 16:27:54 GMT+0800 (CST) ] {"err":0,"msg":"JPMeZqzLKUgHkUdtiiz7KY5H8pbnujCYMM"}
[ Tue Aug 15 2017 16:27:54 GMT+0800 (CST) ] time is 1575
[ Tue Aug 15 2017 16:27:54 GMT+0800 (CST) ] {"err":0,"msg":"JMQr1zRcfZU23LQeJ5HqLrMgKMuvoY335C"}
[ Tue Aug 15 2017 16:27:54 GMT+0800 (CST) ] {"err":0,"msg":"JgbJRQADQPP6Cpo6hkZ7vVhPC5V1Tw95Nx"}
[ Tue Aug 15 2017 16:27:54 GMT+0800 (CST) ] time is 1578
[ Tue Aug 15 2017 16:27:54 GMT+0800 (CST) ] {"err":0,"msg":"Jaj79Yr36HGX7EGSDtfGR5Jb3wXQ212ij6"}
[ Tue Aug 15 2017 16:27:54 GMT+0800 (CST) ] time is 1571
[ Tue Aug 15 2017 16:27:54 GMT+0800 (CST) ] {"err":0,"msg":"JajNeDRfovAusGvMSwuVJV4vuoSuUNNEt3"}
[ Tue Aug 15 2017 16:27:54 GMT+0800 (CST) ] time is 1578
[ Tue Aug 15 2017 16:27:54 GMT+0800 (CST) ] time is 1576
[ Tue Aug 15 2017 16:27:54 GMT+0800 (CST) ] {"err":0,"msg":"JJiyamf2aWDQjPNaaoR9fU1EYJJRknUVpS"}
[ Tue Aug 15 2017 16:27:54 GMT+0800 (CST) ] {"err":0,"msg":"JYtJ43GiNrtPDzHMphzTzBJto6exYbMxL1"}
[ Tue Aug 15 2017 16:27:54 GMT+0800 (CST) ] time is 1579
[ Tue Aug 15 2017 16:27:54 GMT+0800 (CST) ] time is 1572
[ Tue Aug 15 2017 16:27:54 GMT+0800 (CST) ] {"err":0,"msg":"JcjocusxrUekFpxckVXXNTn1a4EA8rz8FM"}
[ Tue Aug 15 2017 16:27:54 GMT+0800 (CST) ] time is 1579
[ Tue Aug 15 2017 16:27:54 GMT+0800 (CST) ] {"err":0,"msg":"JKpqyxVft38aJtTFcuxe8HtEeQDGGCcHGE"}
[ Tue Aug 15 2017 16:27:54 GMT+0800 (CST) ] time is 1577
[ Tue Aug 15 2017 16:27:54 GMT+0800 (CST) ] {"err":0,"msg":"JdEaQt7VSVw8F6ZsE4hHM5LdAMs5cEC89n"}
[ Tue Aug 15 2017 16:27:54 GMT+0800 (CST) ] time is 1580
[ Tue Aug 15 2017 16:27:54 GMT+0800 (CST) ] {"err":0,"msg":"JNDAgjLv7s8JKkGz8vBoSzVZgU3QCH3afK"}
[ Tue Aug 15 2017 16:27:54 GMT+0800 (CST) ] time is 1573
[ Tue Aug 15 2017 16:27:54 GMT+0800 (CST) ] {"err":0,"msg":"JULXFpV7EXLug2Dripha6CQNjsqbr6SAMJ"}
[ Tue Aug 15 2017 16:27:54 GMT+0800 (CST) ] time is 1580
[ Tue Aug 15 2017 16:27:54 GMT+0800 (CST) ] {"err":0,"msg":"JWcwcpeABWwGitkULmXMnuvoG8kHFM5my8"}
[ Tue Aug 15 2017 16:27:54 GMT+0800 (CST) ] time is 1578
[ Tue Aug 15 2017 16:27:54 GMT+0800 (CST) ] {"err":0,"msg":"JcWSehfiSwkZaoyx1BdKczpd31mekV3crc"}
[ Tue Aug 15 2017 16:27:54 GMT+0800 (CST) ] time is 1581
[ Tue Aug 15 2017 16:27:54 GMT+0800 (CST) ] {"err":0,"msg":"JNzdHH2EHoQBGLkBhv3JnCg3mPMey1TtJV"}
[ Tue Aug 15 2017 16:27:54 GMT+0800 (CST) ] time is 1574
[ Tue Aug 15 2017 16:27:54 GMT+0800 (CST) ] {"err":0,"msg":"JaREx2XfrXhyBCDAgBV3BfWeZ5PsyhoJau"}
[ Tue Aug 15 2017 16:27:54 GMT+0800 (CST) ] time is 1581
[ Tue Aug 15 2017 16:27:54 GMT+0800 (CST) ] {"err":0,"msg":"JdcKiQuQykEwrSxTkBz97LKanF46tgJZRb"}
[ Tue Aug 15 2017 16:27:54 GMT+0800 (CST) ] time is 1579
[ Tue Aug 15 2017 16:27:54 GMT+0800 (CST) ] {"err":0,"msg":"JNcTuHHWQdYLdLA7nzaUExZ6UMponpG18a"}
[ Tue Aug 15 2017 16:27:54 GMT+0800 (CST) ] time is 1582
[ Tue Aug 15 2017 16:27:54 GMT+0800 (CST) ] {"err":0,"msg":"JVkWEAmn6dKvcntkUSXeqV9QTqEePGHJmb"}
[ Tue Aug 15 2017 16:27:54 GMT+0800 (CST) ] time is 1575
[ Tue Aug 15 2017 16:27:54 GMT+0800 (CST) ] {"err":0,"msg":"Jfoet5v6tMJX9hchAYc8Buq69AtaD2WF81"}
[ Tue Aug 15 2017 16:27:54 GMT+0800 (CST) ] time is 1582
[ Tue Aug 15 2017 16:27:54 GMT+0800 (CST) ] {"err":0,"msg":"JY1jhvtAN7RXJstBj9aDTGeNmJNAibwRQ5"}
[ Tue Aug 15 2017 16:27:54 GMT+0800 (CST) ] {"err":0,"msg":"Jgj4ypqKAAfqKU3w4r7dmr5vVQRRzWtQYJ"}
[ Tue Aug 15 2017 16:27:54 GMT+0800 (CST) ] time is 1583
[ Tue Aug 15 2017 16:27:54 GMT+0800 (CST) ] time is 1580
[ Tue Aug 15 2017 16:27:54 GMT+0800 (CST) ] {"err":0,"msg":"JW43wNDCh3tA9XZm3uYcRnsv58qMhnTb7P"}
[ Tue Aug 15 2017 16:27:54 GMT+0800 (CST) ] time is 1576
[ Tue Aug 15 2017 16:27:54 GMT+0800 (CST) ] {"err":0,"msg":"JKu4UrXhqvoaniSLN3mMTAL3oqssX11rSQ"}
[ Tue Aug 15 2017 16:27:54 GMT+0800 (CST) ] time is 1583
[ Tue Aug 15 2017 16:27:54 GMT+0800 (CST) ] {"err":0,"msg":"JhGcQX28vWtMuzGSfeVYZEjbF7NbkPDUws"}
[ Tue Aug 15 2017 16:27:54 GMT+0800 (CST) ] time is 1584
[ Tue Aug 15 2017 16:27:54 GMT+0800 (CST) ] {"err":0,"msg":"Jh6FSwEF2VEAWghSEeQmzYuVk4wP6qTDBo"}
[ Tue Aug 15 2017 16:27:54 GMT+0800 (CST) ] time is 1584
[ Tue Aug 15 2017 16:27:54 GMT+0800 (CST) ] {"err":0,"msg":"JhhWZELs3qj3WfGftJgjAJQQtDqGjic3JJ"}
[ Tue Aug 15 2017 16:27:54 GMT+0800 (CST) ] time is 1581
[ Tue Aug 15 2017 16:27:54 GMT+0800 (CST) ] {"err":0,"msg":"JcntwZSShqrxydK9vzHr5o33WVS1YUYf1D"}
[ Tue Aug 15 2017 16:27:54 GMT+0800 (CST) ] time is 1577
[ Tue Aug 15 2017 16:27:54 GMT+0800 (CST) ] {"err":0,"msg":"JNFZr8u168TKWe5Xyiqk842VBrgM77SvBT"}
[ Tue Aug 15 2017 16:27:54 GMT+0800 (CST) ] time is 1585
[ Tue Aug 15 2017 16:27:54 GMT+0800 (CST) ] {"err":0,"msg":"JK6Yo9wFRezmeJ3yDa6H3FCXTDLf6MHcpL"}
[ Tue Aug 15 2017 16:27:54 GMT+0800 (CST) ] time is 1585
[ Tue Aug 15 2017 16:27:54 GMT+0800 (CST) ] {"err":0,"msg":"Jdpvj8wtLjBJ63hK9Mrd3P47ZFTAKmaFfM"}
[ Tue Aug 15 2017 16:27:54 GMT+0800 (CST) ] time is 1582
[ Tue Aug 15 2017 16:27:54 GMT+0800 (CST) ] {"err":0,"msg":"JfpQneoD9NkNyNkzS56WYJVt3QwMW1G4Dd"}
[ Tue Aug 15 2017 16:27:54 GMT+0800 (CST) ] time is 1578
[ Tue Aug 15 2017 16:27:54 GMT+0800 (CST) ] {"err":0,"msg":"JKnDepEhN62H5wq76A21xTs5uePN5bnaEm"}
[ Tue Aug 15 2017 16:27:54 GMT+0800 (CST) ] time is 1586
[ Tue Aug 15 2017 16:27:54 GMT+0800 (CST) ] {"err":0,"msg":"JNK3wznhkHr4DqrdFgHjS1bPHJKM7yTY8e"}
[ Tue Aug 15 2017 16:27:54 GMT+0800 (CST) ] time is 1586
[ Tue Aug 15 2017 16:27:54 GMT+0800 (CST) ] {"err":0,"msg":"Jf81byibzdPKv2aVzRA97Mqj9uXon1dPMV"}
[ Tue Aug 15 2017 16:27:54 GMT+0800 (CST) ] time is 1583
[ Tue Aug 15 2017 16:27:54 GMT+0800 (CST) ] {"err":0,"msg":"JaDqrXAnNAhuFo4fbRcAZd5ouFv5CaZTzJ"}
[ Tue Aug 15 2017 16:27:54 GMT+0800 (CST) ] time is 1579
[ Tue Aug 15 2017 16:27:54 GMT+0800 (CST) ] {"err":0,"msg":"Jc5JEGFaCS7fy2KjsnMUzwaoC8Qmz8Z4ua"}
[ Tue Aug 15 2017 16:27:54 GMT+0800 (CST) ] time is 1587
[ Tue Aug 15 2017 16:27:54 GMT+0800 (CST) ] {"err":0,"msg":"JXAMzQbdBHNTzkbSV9CxvFCnsKrJzc4HBL"}
[ Tue Aug 15 2017 16:27:54 GMT+0800 (CST) ] time is 1587
[ Tue Aug 15 2017 16:27:54 GMT+0800 (CST) ] {"err":0,"msg":"Je98s5pbwY3nU357Tr6xxf4cjnqgAqqNUT"}
[ Tue Aug 15 2017 16:27:54 GMT+0800 (CST) ] {"err":0,"msg":"JePhkruLumM5coVQLsFLL2E8HdJnkGtgba"}
[ Tue Aug 15 2017 16:27:54 GMT+0800 (CST) ] time is 1584
[ Tue Aug 15 2017 16:27:54 GMT+0800 (CST) ] time is 1580
[ Tue Aug 15 2017 16:27:54 GMT+0800 (CST) ] {"err":0,"msg":"JKU6YLuPkPdUjHfx7zJdYVTEZj6Se9W6GH"}
[ Tue Aug 15 2017 16:27:54 GMT+0800 (CST) ] time is 1588
[ Tue Aug 15 2017 16:27:54 GMT+0800 (CST) ] {"err":0,"msg":"JPfjauVERqDpXqLSzaERAPmdThoy9nRsEe"}
[ Tue Aug 15 2017 16:27:54 GMT+0800 (CST) ] time is 1588
[ Tue Aug 15 2017 16:27:54 GMT+0800 (CST) ] {"err":0,"msg":"JhUPf4id6DmksR2HisppucEW8wYLSBhNU3"}
[ Tue Aug 15 2017 16:27:54 GMT+0800 (CST) ] time is 1585
[ Tue Aug 15 2017 16:27:54 GMT+0800 (CST) ] {"err":0,"msg":"JKPzh3DwjV6Mr2A58xvmF1bEcupvvQJjX4"}
[ Tue Aug 15 2017 16:27:54 GMT+0800 (CST) ] time is 1581
[ Tue Aug 15 2017 16:27:54 GMT+0800 (CST) ] {"err":0,"msg":"JSiYwKPZgKTU19Zp1fwpThCksLGy2WWaAp"}
[ Tue Aug 15 2017 16:27:54 GMT+0800 (CST) ] time is 1589
[ Tue Aug 15 2017 16:27:54 GMT+0800 (CST) ] {"err":0,"msg":"Jef4PAJ8tzcBDDYZgKxPnxTfCya6TDhdzb"}
[ Tue Aug 15 2017 16:27:54 GMT+0800 (CST) ] time is 1589
[ Tue Aug 15 2017 16:27:54 GMT+0800 (CST) ] {"err":0,"msg":"JVvcZJHVA3SJiETkW38rygNxoPm2da47sP"}
[ Tue Aug 15 2017 16:27:54 GMT+0800 (CST) ] time is 1586
[ Tue Aug 15 2017 16:27:54 GMT+0800 (CST) ] {"err":0,"msg":"JchSCREzaAvdJuABEEAHDPDzZzU45SMtaL"}
[ Tue Aug 15 2017 16:27:54 GMT+0800 (CST) ] time is 1582
[ Tue Aug 15 2017 16:27:54 GMT+0800 (CST) ] {"err":0,"msg":"JV8YEvuUDuap3GskZ72Nn8gh29inpxGjT1"}
[ Tue Aug 15 2017 16:27:54 GMT+0800 (CST) ] time is 1590
[ Tue Aug 15 2017 16:27:54 GMT+0800 (CST) ] {"err":0,"msg":"JcW4nTdJNHTwspD9VJB8KbqFbVP6ne8tX1"}
[ Tue Aug 15 2017 16:27:54 GMT+0800 (CST) ] time is 1590
[ Tue Aug 15 2017 16:27:54 GMT+0800 (CST) ] {"err":0,"msg":"JWumAv4kTmEgmZaFTQmN7mrbavFdbTvTgM"}
[ Tue Aug 15 2017 16:27:54 GMT+0800 (CST) ] time is 1587
[ Tue Aug 15 2017 16:27:54 GMT+0800 (CST) ] {"err":0,"msg":"JdK9GSLyoa6qv5VY1aG8UfnxkKzyd3yoCr"}
[ Tue Aug 15 2017 16:27:54 GMT+0800 (CST) ] time is 1583
[ Tue Aug 15 2017 16:27:54 GMT+0800 (CST) ] {"err":0,"msg":"JUR7uJ2tHTN7df4XzpgzDJJuVdfuZPNqcv"}
[ Tue Aug 15 2017 16:27:54 GMT+0800 (CST) ] time is 1591
[ Tue Aug 15 2017 16:27:54 GMT+0800 (CST) ] {"err":0,"msg":"JJpQwKomjifTsBfno9aXUNTXpC2NtEACa8"}
[ Tue Aug 15 2017 16:27:54 GMT+0800 (CST) ] time is 1591
[ Tue Aug 15 2017 16:27:54 GMT+0800 (CST) ] {"err":0,"msg":"JcqAYrzWsDNTnULBDn2iBejtyXps8sh94n"}
[ Tue Aug 15 2017 16:27:54 GMT+0800 (CST) ] time is 1588
[ Tue Aug 15 2017 16:27:54 GMT+0800 (CST) ] {"err":0,"msg":"JdKYcAoz9g9YjpBfzvwvp9nXTZ6sU7wuPZ"}
[ Tue Aug 15 2017 16:27:54 GMT+0800 (CST) ] time is 1584
[ Tue Aug 15 2017 16:27:54 GMT+0800 (CST) ] {"err":0,"msg":"JKqYkYFfWvvJwNbPfALd3LZ3y4EPuZBmLc"}
[ Tue Aug 15 2017 16:27:54 GMT+0800 (CST) ] time is 1592
[ Tue Aug 15 2017 16:27:54 GMT+0800 (CST) ] {"err":0,"msg":"JhH7mwT8Jw6H5y5oPHAjgQc2vEsPx2sAKY"}
[ Tue Aug 15 2017 16:27:54 GMT+0800 (CST) ] time is 1592
[ Tue Aug 15 2017 16:27:54 GMT+0800 (CST) ] {"err":0,"msg":"JfESmQy7YBZh6UZnhH1C1e1jzKvZNKoqcT"}
[ Tue Aug 15 2017 16:27:55 GMT+0800 (CST) ] time is 1589
[ Tue Aug 15 2017 16:27:55 GMT+0800 (CST) ] {"err":0,"msg":"JbRpMa1dqAR6m2wZURBp2VBazYb7VbMZai"}
[ Tue Aug 15 2017 16:27:55 GMT+0800 (CST) ] time is 1585
[ Tue Aug 15 2017 16:27:55 GMT+0800 (CST) ] {"err":0,"msg":"JMnYt8pyZKKjf9eRZAwXgLZnExjsmfacf2"}
[ Tue Aug 15 2017 16:27:55 GMT+0800 (CST) ] time is 1593
[ Tue Aug 15 2017 16:27:55 GMT+0800 (CST) ] {"err":0,"msg":"JQtmVXzkRUgK12q9pGgnn4MZeVhb14bWff"}
[ Tue Aug 15 2017 16:27:55 GMT+0800 (CST) ] time is 1593
[ Tue Aug 15 2017 16:27:55 GMT+0800 (CST) ] {"err":0,"msg":"JTobAHSwBPCHQcRYiFmsbTSiRHcfH2ZvRU"}
[ Tue Aug 15 2017 16:27:55 GMT+0800 (CST) ] time is 1590
[ Tue Aug 15 2017 16:27:55 GMT+0800 (CST) ] {"err":0,"msg":"JPv3YyxazGqxto1sFFsYR3oAJ6EoGNxxtv"}
[ Tue Aug 15 2017 16:27:55 GMT+0800 (CST) ] time is 1586
[ Tue Aug 15 2017 16:27:55 GMT+0800 (CST) ] {"err":0,"msg":"JUicMRPC2sTiUwgK8nsqgKZjxmu4zznjsD"}
[ Tue Aug 15 2017 16:27:55 GMT+0800 (CST) ] time is 1594
[ Tue Aug 15 2017 16:27:55 GMT+0800 (CST) ] {"err":0,"msg":"JUC3nFSxDo1FbaqjXcpCqCthsCGa4xXYxx"}
[ Tue Aug 15 2017 16:27:55 GMT+0800 (CST) ] time is 1594
[ Tue Aug 15 2017 16:27:55 GMT+0800 (CST) ] {"err":0,"msg":"JNzmDsyqW8QhsXErLSKgrW7Xsbq59L3yFx"}
[ Tue Aug 15 2017 16:27:55 GMT+0800 (CST) ] time is 1591
[ Tue Aug 15 2017 16:27:55 GMT+0800 (CST) ] {"err":0,"msg":"JhfBiTL9LCDRrb61Syvh9LbxvCRRnkjwD1"}
[ Tue Aug 15 2017 16:27:55 GMT+0800 (CST) ] time is 1587
[ Tue Aug 15 2017 16:27:55 GMT+0800 (CST) ] {"err":0,"msg":"JW2qRNKn3TK3hR4icXZZ3hdeQMTJLupK3z"}
[ Tue Aug 15 2017 16:27:55 GMT+0800 (CST) ] time is 1595
[ Tue Aug 15 2017 16:27:55 GMT+0800 (CST) ] {"err":0,"msg":"JZ3S7GxRTuUfH5aaYbswEqJx1gJAoWhKom"}
[ Tue Aug 15 2017 16:27:55 GMT+0800 (CST) ] time is 1595
[ Tue Aug 15 2017 16:27:55 GMT+0800 (CST) ] {"err":0,"msg":"JcgS49g5P1qDJJZMxK2hLU6JkYBiGfM2yg"}
[ Tue Aug 15 2017 16:27:55 GMT+0800 (CST) ] {"err":0,"msg":"JKsivjRGYhTPLYGVjXZmng8h3aQWnR2Rb2"}
[ Tue Aug 15 2017 16:27:55 GMT+0800 (CST) ] time is 1588
[ Tue Aug 15 2017 16:27:55 GMT+0800 (CST) ] time is 1592
[ Tue Aug 15 2017 16:27:55 GMT+0800 (CST) ] {"err":0,"msg":"JfVmJyVJSB3xQt5fb1qzWioqfdKRbCu8pm"}
[ Tue Aug 15 2017 16:27:55 GMT+0800 (CST) ] time is 1596
[ Tue Aug 15 2017 16:27:55 GMT+0800 (CST) ] {"err":0,"msg":"JQ4EoKPrUYRKbUPMdCiZjatNmn73yFXja7"}
[ Tue Aug 15 2017 16:27:55 GMT+0800 (CST) ] time is 1596
[ Tue Aug 15 2017 16:27:55 GMT+0800 (CST) ] {"err":0,"msg":"JgcNbbxBBihfK99zdxnyZutvBG3m4gx6k8"}
[ Tue Aug 15 2017 16:27:55 GMT+0800 (CST) ] time is 1593
[ Tue Aug 15 2017 16:27:55 GMT+0800 (CST) ] {"err":0,"msg":"JfTWxe5pZ6FMxzeNhhX8VS5t3aBg3J3ySh"}
[ Tue Aug 15 2017 16:27:55 GMT+0800 (CST) ] time is 1589
[ Tue Aug 15 2017 16:27:55 GMT+0800 (CST) ] {"err":0,"msg":"Jcbdu2cprcCePutQ7Djkd8DT9M2G3Tw8Ke"}
[ Tue Aug 15 2017 16:27:55 GMT+0800 (CST) ] time is 1597
[ Tue Aug 15 2017 16:27:55 GMT+0800 (CST) ] {"err":0,"msg":"JSUE8hKe8yvqU5ysgDPP6ipTopXb7qHJQk"}
[ Tue Aug 15 2017 16:27:55 GMT+0800 (CST) ] time is 1597
[ Tue Aug 15 2017 16:27:55 GMT+0800 (CST) ] {"err":0,"msg":"JgtmniVWUZu1KgyBkNt8RsQf49LjnVnXQf"}
[ Tue Aug 15 2017 16:27:55 GMT+0800 (CST) ] time is 1594
[ Tue Aug 15 2017 16:27:55 GMT+0800 (CST) ] {"err":0,"msg":"JLzuaM4uNtEDd3DVLTZ78UT4w25624oBbx"}
[ Tue Aug 15 2017 16:27:55 GMT+0800 (CST) ] time is 1590
[ Tue Aug 15 2017 16:27:55 GMT+0800 (CST) ] {"err":0,"msg":"JeFzg3UDQoTpgiPgvWv2e7TMiHRahc557Z"}
[ Tue Aug 15 2017 16:27:55 GMT+0800 (CST) ] time is 1598
[ Tue Aug 15 2017 16:27:55 GMT+0800 (CST) ] {"err":0,"msg":"Je8trsW52NCAWN8xGzCSKwLpWd4StZsEJa"}
[ Tue Aug 15 2017 16:27:55 GMT+0800 (CST) ] time is 1598
[ Tue Aug 15 2017 16:27:55 GMT+0800 (CST) ] {"err":0,"msg":"JZCjnVStyPpEiBk3LHGUENCwHuMPC5cTH2"}
[ Tue Aug 15 2017 16:27:55 GMT+0800 (CST) ] time is 1595
[ Tue Aug 15 2017 16:27:55 GMT+0800 (CST) ] {"err":0,"msg":"JPVHDKg1WFmETA6ZQtWK4bCef93HgNsxpc"}
[ Tue Aug 15 2017 16:27:55 GMT+0800 (CST) ] time is 1591
[ Tue Aug 15 2017 16:27:55 GMT+0800 (CST) ] {"err":0,"msg":"JJjAPWSwLHzna9NAKBb2C6GQBXXX9dHHLh"}
[ Tue Aug 15 2017 16:27:55 GMT+0800 (CST) ] time is 1599
[ Tue Aug 15 2017 16:27:55 GMT+0800 (CST) ] {"err":0,"msg":"JcDTQY9n757u3N6hKmCsKcWv2mR4H9Ymg2"}
[ Tue Aug 15 2017 16:27:55 GMT+0800 (CST) ] time is 1599
[ Tue Aug 15 2017 16:27:55 GMT+0800 (CST) ] {"err":0,"msg":"JLheyYaeAWVyDh8oJMALrYB8VvN6VgEfXU"}
[ Tue Aug 15 2017 16:27:55 GMT+0800 (CST) ] time is 1596
[ Tue Aug 15 2017 16:27:55 GMT+0800 (CST) ] {"err":0,"msg":"JZ31Ydo87uTnnKKCchboCNBaQbFDPsuTk2"}
[ Tue Aug 15 2017 16:27:55 GMT+0800 (CST) ] time is 1592
[ Tue Aug 15 2017 16:27:55 GMT+0800 (CST) ] {"err":0,"msg":"Jf5xxW9DfHx2xuhytgaGPja6HBfM2cPqc7"}
[ Tue Aug 15 2017 16:27:55 GMT+0800 (CST) ] time is 1600
[ Tue Aug 15 2017 16:27:55 GMT+0800 (CST) ] {"err":0,"msg":"JdtbgfUonha5Z6ZCe3UTL4nf7FShDvtrNE"}
[ Tue Aug 15 2017 16:27:55 GMT+0800 (CST) ] time is 1600
[ Tue Aug 15 2017 16:27:55 GMT+0800 (CST) ] {"err":0,"msg":"JQfi1R5wef2ZjNCyiQz7Gmv3eAgWFVJFxB"}
[ Tue Aug 15 2017 16:27:55 GMT+0800 (CST) ] time is 1597
[ Tue Aug 15 2017 16:27:55 GMT+0800 (CST) ] {"err":0,"msg":"JbJiiAqyRT3jfDByFEiZER76ahgNnLmnN5"}
[ Tue Aug 15 2017 16:27:55 GMT+0800 (CST) ] time is 1593
[ Tue Aug 15 2017 16:27:55 GMT+0800 (CST) ] {"err":0,"msg":"JRvfRX9pTgoW4s3jFmsjQ1cgiFkV4VkQpg"}
[ Tue Aug 15 2017 16:27:55 GMT+0800 (CST) ] time is 1601
[ Tue Aug 15 2017 16:27:55 GMT+0800 (CST) ] {"err":0,"msg":"JWxKA49jZAW6x5qcVUsWH54J6xHHNxsSDV"}
[ Tue Aug 15 2017 16:27:55 GMT+0800 (CST) ] time is 1601
[ Tue Aug 15 2017 16:27:55 GMT+0800 (CST) ] {"err":0,"msg":"JbqYKbXVKLo2KeK2qRZ14gu2ySJ3G5E27j"}
[ Tue Aug 15 2017 16:27:55 GMT+0800 (CST) ] time is 1598
[ Tue Aug 15 2017 16:27:55 GMT+0800 (CST) ] {"err":0,"msg":"JUndJ9paD1144sSQ5Bdm63MWe3rnfs8L8r"}
[ Tue Aug 15 2017 16:27:55 GMT+0800 (CST) ] time is 1594
[ Tue Aug 15 2017 16:27:55 GMT+0800 (CST) ] {"err":0,"msg":"JLLUCjPuBpMLGYsxd2J4JVK2KsMpunfnKZ"}
[ Tue Aug 15 2017 16:27:55 GMT+0800 (CST) ] time is 1602
[ Tue Aug 15 2017 16:27:55 GMT+0800 (CST) ] {"err":0,"msg":"JQJ6piujyVdTQ2XNBGv74NVbhfYbL8SxC7"}
[ Tue Aug 15 2017 16:27:55 GMT+0800 (CST) ] time is 1602
[ Tue Aug 15 2017 16:27:55 GMT+0800 (CST) ] {"err":0,"msg":"JQvLtMbCYmghQc2rerF1wuPCYuPGzSEUCt"}
[ Tue Aug 15 2017 16:27:55 GMT+0800 (CST) ] time is 1599
[ Tue Aug 15 2017 16:27:55 GMT+0800 (CST) ] {"err":0,"msg":"JMyi5zPEPh1UqdNsGVK2XdphE6sY6kvK3u"}
[ Tue Aug 15 2017 16:27:55 GMT+0800 (CST) ] time is 1595
[ Tue Aug 15 2017 16:27:55 GMT+0800 (CST) ] {"err":0,"msg":"Jh4i4ZrgXhpLrtVdXfEaVpNha3jEs6mPdr"}
[ Tue Aug 15 2017 16:27:55 GMT+0800 (CST) ] time is 1603
[ Tue Aug 15 2017 16:27:55 GMT+0800 (CST) ] {"err":0,"msg":"JStMG2LoE59dwa3zzhR5uSd2LP9my4x4Sx"}
[ Tue Aug 15 2017 16:27:55 GMT+0800 (CST) ] time is 1603
[ Tue Aug 15 2017 16:27:55 GMT+0800 (CST) ] {"err":0,"msg":"JdtHozWwk6h984cprab3mFvAnU3XPhu7ZW"}
[ Tue Aug 15 2017 16:27:55 GMT+0800 (CST) ] time is 1600
[ Tue Aug 15 2017 16:27:55 GMT+0800 (CST) ] {"err":0,"msg":"Jb7KqrfQ9kb5km5ET6LA92zckgx9wdC8MP"}
[ Tue Aug 15 2017 16:27:55 GMT+0800 (CST) ] time is 1596
[ Tue Aug 15 2017 16:27:55 GMT+0800 (CST) ] {"err":0,"msg":"JbNtKm786gur41HQNcm5XrFLZgNfLxFvi1"}
[ Tue Aug 15 2017 16:27:55 GMT+0800 (CST) ] time is 1604
[ Tue Aug 15 2017 16:27:55 GMT+0800 (CST) ] {"err":0,"msg":"JN7Ak8ZtJ4uQxouArnT5Znu8fN4s8vVGHh"}
[ Tue Aug 15 2017 16:27:55 GMT+0800 (CST) ] time is 1604
[ Tue Aug 15 2017 16:27:55 GMT+0800 (CST) ] {"err":0,"msg":"JWcz8KZJb8YaBce8v1wBvWFrE2ic2iLpAt"}
[ Tue Aug 15 2017 16:27:55 GMT+0800 (CST) ] time is 1601
[ Tue Aug 15 2017 16:27:55 GMT+0800 (CST) ] {"err":0,"msg":"JShpK2J7oti6thsR6GPP1AAHnLeXTUiH9F"}
[ Tue Aug 15 2017 16:27:55 GMT+0800 (CST) ] time is 1597
[ Tue Aug 15 2017 16:27:55 GMT+0800 (CST) ] {"err":0,"msg":"JhB5ntWo9mwVYY4zzekiTExfpJ2PpxbXER"}
[ Tue Aug 15 2017 16:27:55 GMT+0800 (CST) ] time is 1605
[ Tue Aug 15 2017 16:27:55 GMT+0800 (CST) ] {"err":0,"msg":"JfNyaq15SvpCSSBN4y2NcriVobLqcUH4dS"}
[ Tue Aug 15 2017 16:27:55 GMT+0800 (CST) ] time is 1605
[ Tue Aug 15 2017 16:27:55 GMT+0800 (CST) ] {"err":0,"msg":"JhZiLnLXSKaMZC8kkEnBBRxffpNkkSDX5X"}
[ Tue Aug 15 2017 16:27:55 GMT+0800 (CST) ] time is 1602
[ Tue Aug 15 2017 16:27:55 GMT+0800 (CST) ] {"err":0,"msg":"JRRPGZDbk48xrcMbK3mSoZY5MPNZ115AuE"}
[ Tue Aug 15 2017 16:27:55 GMT+0800 (CST) ] time is 1598
[ Tue Aug 15 2017 16:27:55 GMT+0800 (CST) ] {"err":0,"msg":"JgEXNDC3hvv12o9xbQuCNNFoM4SGJFJEXQ"}
[ Tue Aug 15 2017 16:27:55 GMT+0800 (CST) ] time is 1606
[ Tue Aug 15 2017 16:27:55 GMT+0800 (CST) ] {"err":0,"msg":"JYTc2jCBFgNwsuGrsZDXFcEJdnVRswPCpZ"}
[ Tue Aug 15 2017 16:27:55 GMT+0800 (CST) ] time is 1606
[ Tue Aug 15 2017 16:27:55 GMT+0800 (CST) ] {"err":0,"msg":"Jgcw9UWS8Kv6wAdi54NjJgcREc7sQ859CR"}
[ Tue Aug 15 2017 16:27:55 GMT+0800 (CST) ] time is 1603
[ Tue Aug 15 2017 16:27:55 GMT+0800 (CST) ] {"err":0,"msg":"JK7aALS2Bzvjx5CxKukX44NZdQqwgtAZKN"}
[ Tue Aug 15 2017 16:27:55 GMT+0800 (CST) ] time is 1599
[ Tue Aug 15 2017 16:27:55 GMT+0800 (CST) ] {"err":0,"msg":"JSujdUbgWWu5452rZKeimQKPreuJsPYwGt"}
[ Tue Aug 15 2017 16:27:55 GMT+0800 (CST) ] time is 1607
[ Tue Aug 15 2017 16:27:55 GMT+0800 (CST) ] {"err":0,"msg":"JXS2QPLqw7nJDvRmW3ppGkEfJVGcQWgeQa"}
[ Tue Aug 15 2017 16:27:55 GMT+0800 (CST) ] time is 1604
[ Tue Aug 15 2017 16:27:55 GMT+0800 (CST) ] {"err":0,"msg":"JRkDNQPbdbcBXJX6zeR1c2xC4C561XaV3p"}
[ Tue Aug 15 2017 16:27:55 GMT+0800 (CST) ] time is 1607
[ Tue Aug 15 2017 16:27:55 GMT+0800 (CST) ] {"err":0,"msg":"Ja5MCzTymnf8XVBJoCT9q6keBBx73NjdyD"}
[ Tue Aug 15 2017 16:27:55 GMT+0800 (CST) ] time is 1600
[ Tue Aug 15 2017 16:27:55 GMT+0800 (CST) ] {"err":0,"msg":"JSkgDTHYEiiqGokmQaMABzPC8W6Wn9PNe7"}
[ Tue Aug 15 2017 16:27:55 GMT+0800 (CST) ] time is 1608
[ Tue Aug 15 2017 16:27:55 GMT+0800 (CST) ] {"err":0,"msg":"JQkhA24H59Vtqa2qYzSr1dzLt3zKbZGXgG"}
[ Tue Aug 15 2017 16:27:55 GMT+0800 (CST) ] time is 1605
[ Tue Aug 15 2017 16:27:55 GMT+0800 (CST) ] {"err":0,"msg":"JNqXWf5YigXtyAQQRXXtRMAepcXtY271HG"}
[ Tue Aug 15 2017 16:27:55 GMT+0800 (CST) ] time is 1601
[ Tue Aug 15 2017 16:27:55 GMT+0800 (CST) ] {"err":0,"msg":"JgZY9DZwVpponPdpMGUVoqychyzmStUfui"}
[ Tue Aug 15 2017 16:27:55 GMT+0800 (CST) ] time is 1608
[ Tue Aug 15 2017 16:27:55 GMT+0800 (CST) ] {"err":0,"msg":"JbjHbDe5VDJonJK2pD6vb125pJwQ4FUbxY"}
[ Tue Aug 15 2017 16:27:55 GMT+0800 (CST) ] time is 1609
[ Tue Aug 15 2017 16:27:55 GMT+0800 (CST) ] {"err":0,"msg":"JRFm6cjmfMUU259HHdg7ihNzTQfBERsbfi"}
[ Tue Aug 15 2017 16:27:55 GMT+0800 (CST) ] time is 1606
[ Tue Aug 15 2017 16:27:55 GMT+0800 (CST) ] {"err":0,"msg":"JVSP6JZQhqASXQTCfFtrLFhPStobiN1jh8"}
[ Tue Aug 15 2017 16:27:55 GMT+0800 (CST) ] time is 1602
[ Tue Aug 15 2017 16:27:55 GMT+0800 (CST) ] {"err":0,"msg":"JMXkHBSzMSUMagx7dxwLZuCtKYfyKZexvh"}
[ Tue Aug 15 2017 16:27:55 GMT+0800 (CST) ] time is 1609
[ Tue Aug 15 2017 16:27:55 GMT+0800 (CST) ] {"err":0,"msg":"JSMD4fg3fFjpmame7kTQbeZi8abWxS2FA2"}
[ Tue Aug 15 2017 16:27:55 GMT+0800 (CST) ] time is 1610
[ Tue Aug 15 2017 16:27:55 GMT+0800 (CST) ] {"err":0,"msg":"JP1hh8E8dfJXzusgxKBmbMkXHg7GGjutGe"}
[ Tue Aug 15 2017 16:27:56 GMT+0800 (CST) ] time is 1607
[ Tue Aug 15 2017 16:27:56 GMT+0800 (CST) ] {"err":0,"msg":"JWgTBcHCxwpM9Z3CXSg7v4eMJFDD1XMcuw"}
[ Tue Aug 15 2017 16:27:56 GMT+0800 (CST) ] time is 1603
[ Tue Aug 15 2017 16:27:56 GMT+0800 (CST) ] {"err":0,"msg":"JZBs9PgNGqJSxr5WpLFgu9C7JundtMkP9R"}
[ Tue Aug 15 2017 16:27:56 GMT+0800 (CST) ] time is 1610
[ Tue Aug 15 2017 16:27:56 GMT+0800 (CST) ] {"err":0,"msg":"JKHoWx9U8ZecpTXL8L1C6sF4yXQqbpqvqw"}
[ Tue Aug 15 2017 16:27:56 GMT+0800 (CST) ] time is 1611
[ Tue Aug 15 2017 16:27:56 GMT+0800 (CST) ] {"err":0,"msg":"JJciQog7u19Z1RGMqYCMcAxicurX2BWTND"}
[ Tue Aug 15 2017 16:27:56 GMT+0800 (CST) ] time is 1608
[ Tue Aug 15 2017 16:27:56 GMT+0800 (CST) ] {"err":0,"msg":"JMkDSZ3tsasg26299SZr8pDoG4mJoTBNNd"}
[ Tue Aug 15 2017 16:27:56 GMT+0800 (CST) ] time is 1604
[ Tue Aug 15 2017 16:27:56 GMT+0800 (CST) ] {"err":0,"msg":"JMx636gLZKqdKELmVevR1BSR2c5M4QjvVF"}
[ Tue Aug 15 2017 16:27:56 GMT+0800 (CST) ] time is 1611
[ Tue Aug 15 2017 16:27:56 GMT+0800 (CST) ] {"err":0,"msg":"JLkXm1LrHHLDX9VSuUUdCSxkheke25xAY9"}
[ Tue Aug 15 2017 16:27:56 GMT+0800 (CST) ] time is 1612
[ Tue Aug 15 2017 16:27:56 GMT+0800 (CST) ] {"err":0,"msg":"JSZ8m6vwytoHhu153jNPwWFT4EBmgQJn8i"}
[ Tue Aug 15 2017 16:27:56 GMT+0800 (CST) ] time is 1609
[ Tue Aug 15 2017 16:27:56 GMT+0800 (CST) ] {"err":0,"msg":"JeSvrJ2eesnHdh9bdgbot2MdwgqUmhsLNb"}
[ Tue Aug 15 2017 16:27:56 GMT+0800 (CST) ] time is 1605
[ Tue Aug 15 2017 16:27:56 GMT+0800 (CST) ] {"err":0,"msg":"JeK1tKm25JwDUjSqJgHxXycDRaivD91BB5"}
[ Tue Aug 15 2017 16:27:56 GMT+0800 (CST) ] time is 1612
[ Tue Aug 15 2017 16:27:56 GMT+0800 (CST) ] {"err":0,"msg":"JMuFAjVPHoRJvHvGiSzvJaYsXmS3xkuW2e"}
[ Tue Aug 15 2017 16:27:56 GMT+0800 (CST) ] time is 1613
[ Tue Aug 15 2017 16:27:56 GMT+0800 (CST) ] {"err":0,"msg":"JMKMic6DXvbfPnTbh6UcF3sRizeVyb4set"}
[ Tue Aug 15 2017 16:27:56 GMT+0800 (CST) ] time is 1610
[ Tue Aug 15 2017 16:27:56 GMT+0800 (CST) ] {"err":0,"msg":"JV5T4h1C3h1VkjhBDbyXbc1Z4d54m2FqmF"}
[ Tue Aug 15 2017 16:27:56 GMT+0800 (CST) ] time is 1606
[ Tue Aug 15 2017 16:27:56 GMT+0800 (CST) ] {"err":0,"msg":"Ja9cNc7za5kqRc9F8aZwX9vRwpbS1bHHg8"}
[ Tue Aug 15 2017 16:27:56 GMT+0800 (CST) ] time is 1613
[ Tue Aug 15 2017 16:27:56 GMT+0800 (CST) ] {"err":0,"msg":"Jes2Mu89RjmQVWK8ym1oz9hewz4qSPvHyi"}
[ Tue Aug 15 2017 16:27:56 GMT+0800 (CST) ] time is 1614
[ Tue Aug 15 2017 16:27:56 GMT+0800 (CST) ] {"err":0,"msg":"JYjSEWc32kQZGcnj5ji6MY9JxVyU6y26vd"}
[ Tue Aug 15 2017 16:27:56 GMT+0800 (CST) ] {"err":0,"msg":"JX95KaPUxfDghi9VvJRr5L5opDMs3HQdwo"}
[ Tue Aug 15 2017 16:27:56 GMT+0800 (CST) ] time is 1611
[ Tue Aug 15 2017 16:27:56 GMT+0800 (CST) ] time is 1607
[ Tue Aug 15 2017 16:27:56 GMT+0800 (CST) ] {"err":0,"msg":"JRCtrew3gP9JapV8EbCxnLU7w93z3u8qHe"}
[ Tue Aug 15 2017 16:27:56 GMT+0800 (CST) ] time is 1614
[ Tue Aug 15 2017 16:27:56 GMT+0800 (CST) ] {"err":0,"msg":"JXvZHCV2ybAhqPSZ2PwnU1VqJ4MV3AxSUb"}
[ Tue Aug 15 2017 16:27:56 GMT+0800 (CST) ] time is 1615
[ Tue Aug 15 2017 16:27:56 GMT+0800 (CST) ] {"err":0,"msg":"JbqvzARUvR73wAarCoqUoJBRrSrk92AT6D"}
[ Tue Aug 15 2017 16:27:56 GMT+0800 (CST) ] time is 1612
[ Tue Aug 15 2017 16:27:56 GMT+0800 (CST) ] {"err":0,"msg":"JgDtVpjPx7iRuV7buJS4Zt1u9fRc98125e"}
[ Tue Aug 15 2017 16:27:56 GMT+0800 (CST) ] time is 1608
[ Tue Aug 15 2017 16:27:56 GMT+0800 (CST) ] {"err":0,"msg":"JgdqbMbTGS1XqXBVwbzo6pDcsXYzstG62i"}
[ Tue Aug 15 2017 16:27:56 GMT+0800 (CST) ] time is 1615
[ Tue Aug 15 2017 16:27:56 GMT+0800 (CST) ] {"err":0,"msg":"JT4JzdjEd9WG58nQ3E1rRihmvgeoMgj35i"}
[ Tue Aug 15 2017 16:27:56 GMT+0800 (CST) ] time is 1616
[ Tue Aug 15 2017 16:27:56 GMT+0800 (CST) ] {"err":0,"msg":"JPgV1NtsasxMTrDaPPiEwKacsR1LEhboVM"}
[ Tue Aug 15 2017 16:27:56 GMT+0800 (CST) ] time is 1613
[ Tue Aug 15 2017 16:27:56 GMT+0800 (CST) ] {"err":0,"msg":"JSUj1yVamrLpcTmTEFnd6sxY5si25EwZKG"}
[ Tue Aug 15 2017 16:27:56 GMT+0800 (CST) ] time is 1616
[ Tue Aug 15 2017 16:27:56 GMT+0800 (CST) ] {"err":0,"msg":"JMSd8v9hbBXAh3dQpGHsb2kbQmrYhtG3kX"}
[ Tue Aug 15 2017 16:27:56 GMT+0800 (CST) ] time is 1609
[ Tue Aug 15 2017 16:27:56 GMT+0800 (CST) ] {"err":0,"msg":"Ja6uPjydPJ9U88h6KZZNCnB6RZctnK6CcA"}
[ Tue Aug 15 2017 16:27:56 GMT+0800 (CST) ] time is 1617
[ Tue Aug 15 2017 16:27:56 GMT+0800 (CST) ] {"err":0,"msg":"JgFQUH2n2axeN17z24TgH1s6u2Q5JVeYfr"}
[ Tue Aug 15 2017 16:27:56 GMT+0800 (CST) ] time is 1614
[ Tue Aug 15 2017 16:27:56 GMT+0800 (CST) ] {"err":0,"msg":"JeKq9mccg2xZZmhNwFL9feLBwtfN5K333q"}
[ Tue Aug 15 2017 16:27:56 GMT+0800 (CST) ] time is 1617
[ Tue Aug 15 2017 16:27:56 GMT+0800 (CST) ] {"err":0,"msg":"JT4QJ8cQ46WzgrhwMQmwfyPNJ6n2hyNkUm"}
[ Tue Aug 15 2017 16:27:56 GMT+0800 (CST) ] time is 1610
[ Tue Aug 15 2017 16:27:56 GMT+0800 (CST) ] {"err":0,"msg":"JdDQKhSTdDrcVwoL539qqBvYZKF2a2sk2m"}
[ Tue Aug 15 2017 16:27:56 GMT+0800 (CST) ] time is 1618
[ Tue Aug 15 2017 16:27:56 GMT+0800 (CST) ] {"err":0,"msg":"JXDWxczMoZo44ja1ZfiGPduB5AhoELUVxc"}
[ Tue Aug 15 2017 16:27:56 GMT+0800 (CST) ] time is 1615
[ Tue Aug 15 2017 16:27:56 GMT+0800 (CST) ] {"err":0,"msg":"JRmrYjqwP49gZr5GuQt2Crg3CXyyb5tT32"}
[ Tue Aug 15 2017 16:27:56 GMT+0800 (CST) ] time is 1618
[ Tue Aug 15 2017 16:27:56 GMT+0800 (CST) ] {"err":0,"msg":"JVWZveS8nk58UhW4rkrB4kF7jx6JbCUeMj"}
[ Tue Aug 15 2017 16:27:56 GMT+0800 (CST) ] time is 1611
[ Tue Aug 15 2017 16:27:56 GMT+0800 (CST) ] {"err":0,"msg":"JRSi5UNPqhpP3RGtbwnZJAQk5xd9AnLzf8"}
[ Tue Aug 15 2017 16:27:56 GMT+0800 (CST) ] time is 1619
[ Tue Aug 15 2017 16:27:56 GMT+0800 (CST) ] {"err":0,"msg":"JXtxPHJUrh3g9dnhjSqL21CAX32o3rD93Y"}
[ Tue Aug 15 2017 16:27:56 GMT+0800 (CST) ] time is 1616
[ Tue Aug 15 2017 16:27:56 GMT+0800 (CST) ] {"err":0,"msg":"JNGrLVBtzDgkgi7S18F4trrT9azNkt9WWm"}
[ Tue Aug 15 2017 16:27:56 GMT+0800 (CST) ] time is 1619
[ Tue Aug 15 2017 16:27:56 GMT+0800 (CST) ] {"err":0,"msg":"JMBPnADbEajumihgRAGbrSfnoCsJMgH7MK"}
[ Tue Aug 15 2017 16:27:56 GMT+0800 (CST) ] time is 1612
[ Tue Aug 15 2017 16:27:56 GMT+0800 (CST) ] {"err":0,"msg":"JUEiftAoaGhWjzuUZa5iPcqoFtYHNDv2zh"}
[ Tue Aug 15 2017 16:27:56 GMT+0800 (CST) ] time is 1620
[ Tue Aug 15 2017 16:27:56 GMT+0800 (CST) ] {"err":0,"msg":"JMNYTA9Ke5agsz9G8fuuHLjqCvf5LmAm1T"}
[ Tue Aug 15 2017 16:27:56 GMT+0800 (CST) ] time is 1617
[ Tue Aug 15 2017 16:27:56 GMT+0800 (CST) ] {"err":0,"msg":"JdEcvrbYj1aZSKg94abpaLxq89XRr8GaGz"}
[ Tue Aug 15 2017 16:27:56 GMT+0800 (CST) ] time is 1620
[ Tue Aug 15 2017 16:27:56 GMT+0800 (CST) ] {"err":0,"msg":"JZWj1rfrtkDRo5Q9Csst19b16t47fNDW6J"}
[ Tue Aug 15 2017 16:27:56 GMT+0800 (CST) ] time is 1613
[ Tue Aug 15 2017 16:27:56 GMT+0800 (CST) ] {"err":0,"msg":"Jdw572hGzWLw54qGnDgvqGF8QZUnUdM5YZ"}
[ Tue Aug 15 2017 16:27:56 GMT+0800 (CST) ] time is 1621
[ Tue Aug 15 2017 16:27:56 GMT+0800 (CST) ] {"err":0,"msg":"JXunQmRkmJcDoLoWuD6gzw68EznpxdwMcu"}
[ Tue Aug 15 2017 16:27:56 GMT+0800 (CST) ] time is 1618
[ Tue Aug 15 2017 16:27:56 GMT+0800 (CST) ] {"err":0,"msg":"JXcBZgVRB6XgPz42Lt1EVeZP5rnGDGtRm1"}
[ Tue Aug 15 2017 16:27:56 GMT+0800 (CST) ] time is 1621
[ Tue Aug 15 2017 16:27:56 GMT+0800 (CST) ] {"err":0,"msg":"JNokEDAoVtQuSTXfXaiCDYtkswGm71uKqY"}
[ Tue Aug 15 2017 16:27:56 GMT+0800 (CST) ] time is 1614
[ Tue Aug 15 2017 16:27:56 GMT+0800 (CST) ] {"err":0,"msg":"JPKJUyHKk9zMDsbFYCdFb6E6wUWjLUdxvo"}
[ Tue Aug 15 2017 16:27:56 GMT+0800 (CST) ] time is 1622
[ Tue Aug 15 2017 16:27:56 GMT+0800 (CST) ] {"err":0,"msg":"JPE4YVDcpW7n9RAzpS57oLKxoKRuWMLtwc"}
[ Tue Aug 15 2017 16:27:56 GMT+0800 (CST) ] time is 1619
[ Tue Aug 15 2017 16:27:56 GMT+0800 (CST) ] {"err":0,"msg":"JgMhtkDa6HUpa7w1EYVKeDsDkotWxaoJzw"}
[ Tue Aug 15 2017 16:27:56 GMT+0800 (CST) ] time is 1622
[ Tue Aug 15 2017 16:27:56 GMT+0800 (CST) ] {"err":0,"msg":"JN5eqvAtnpPPED1mrhgCbr5Kd7CLZ87kaE"}
[ Tue Aug 15 2017 16:27:56 GMT+0800 (CST) ] time is 1615
[ Tue Aug 15 2017 16:27:56 GMT+0800 (CST) ] {"err":0,"msg":"JJzitX9URJmKkuMHmhmF81w4ADaq98wDWh"}
[ Tue Aug 15 2017 16:27:56 GMT+0800 (CST) ] time is 1623
[ Tue Aug 15 2017 16:27:56 GMT+0800 (CST) ] {"err":0,"msg":"JPUCjQgzd2GoqQK5MZFVR6YheW36Eh8kKp"}
[ Tue Aug 15 2017 16:27:56 GMT+0800 (CST) ] time is 1620
[ Tue Aug 15 2017 16:27:56 GMT+0800 (CST) ] {"err":0,"msg":"JNZtxhYZ3dHGzzjJobxHRqW59xou6KZvj4"}
[ Tue Aug 15 2017 16:27:56 GMT+0800 (CST) ] time is 1623
[ Tue Aug 15 2017 16:27:56 GMT+0800 (CST) ] {"err":0,"msg":"JVc846Eimt9xiKASNCE4VYvCBCZcvqM4Xg"}
[ Tue Aug 15 2017 16:27:56 GMT+0800 (CST) ] time is 1616
[ Tue Aug 15 2017 16:27:56 GMT+0800 (CST) ] {"err":0,"msg":"JT4Ws4pdVQnjZvfgEyJucXQtGqH7Zg2eBd"}
[ Tue Aug 15 2017 16:27:56 GMT+0800 (CST) ] time is 1624
[ Tue Aug 15 2017 16:27:56 GMT+0800 (CST) ] {"err":0,"msg":"Jfgmiij2tJw3uTKcgGWtY5fvGZ8Wnuc7kF"}
[ Tue Aug 15 2017 16:27:56 GMT+0800 (CST) ] time is 1621
[ Tue Aug 15 2017 16:27:56 GMT+0800 (CST) ] {"err":0,"msg":"JNXkryfA2VNizaF2KN2g7apdRm9LQpuVWW"}
[ Tue Aug 15 2017 16:27:56 GMT+0800 (CST) ] time is 1624
[ Tue Aug 15 2017 16:27:56 GMT+0800 (CST) ] {"err":0,"msg":"JeBfha1JvQBcdsKTWFXiNQa6xERremv4H8"}
[ Tue Aug 15 2017 16:27:56 GMT+0800 (CST) ] time is 1617
[ Tue Aug 15 2017 16:27:56 GMT+0800 (CST) ] {"err":0,"msg":"JMQVtk6iq6UicQXCWDPP5NAHu414rxaDe9"}
[ Tue Aug 15 2017 16:27:56 GMT+0800 (CST) ] time is 1625
[ Tue Aug 15 2017 16:27:56 GMT+0800 (CST) ] {"err":0,"msg":"JgZcEDqMZRETTWhvMMUVpzdYvNDa938nxy"}
[ Tue Aug 15 2017 16:27:56 GMT+0800 (CST) ] time is 1622
[ Tue Aug 15 2017 16:27:56 GMT+0800 (CST) ] {"err":0,"msg":"JQE7czKdq6ijBMe2syiYeKFoVAnutXaRUQ"}
[ Tue Aug 15 2017 16:27:56 GMT+0800 (CST) ] time is 1625
[ Tue Aug 15 2017 16:27:56 GMT+0800 (CST) ] {"err":0,"msg":"Jh6jFc79t8KvmmjsscNBTEit4uUQaGFBCb"}
[ Tue Aug 15 2017 16:27:56 GMT+0800 (CST) ] time is 1618
[ Tue Aug 15 2017 16:27:56 GMT+0800 (CST) ] {"err":0,"msg":"JdokENwTuwbftDVfLKWoikZHQQcKXqkDgc"}
[ Tue Aug 15 2017 16:27:56 GMT+0800 (CST) ] time is 1626
[ Tue Aug 15 2017 16:27:56 GMT+0800 (CST) ] {"err":0,"msg":"JS8CDveAFzvbYWVsTtCCaQG671FfjkQTdG"}
[ Tue Aug 15 2017 16:27:56 GMT+0800 (CST) ] time is 1623
[ Tue Aug 15 2017 16:27:56 GMT+0800 (CST) ] {"err":0,"msg":"JbE7dAMaNtxiX6mpRXuE3XDZNgBnGnTen4"}
[ Tue Aug 15 2017 16:27:56 GMT+0800 (CST) ] time is 1626
[ Tue Aug 15 2017 16:27:56 GMT+0800 (CST) ] {"err":0,"msg":"JWJL57JdP8u82Y3ByLTNwN5t1QyGt2bZgS"}
[ Tue Aug 15 2017 16:27:56 GMT+0800 (CST) ] time is 1619
[ Tue Aug 15 2017 16:27:56 GMT+0800 (CST) ] {"err":0,"msg":"JRUzLFYqCuEaSs72y2HErZKCfaJeR9Z1gG"}
[ Tue Aug 15 2017 16:27:56 GMT+0800 (CST) ] time is 1627
[ Tue Aug 15 2017 16:27:56 GMT+0800 (CST) ] {"err":0,"msg":"JWMpneDFoZrfKsdXdPyuaJRhNN9qHCK2aD"}
[ Tue Aug 15 2017 16:27:56 GMT+0800 (CST) ] time is 1624
[ Tue Aug 15 2017 16:27:56 GMT+0800 (CST) ] {"err":0,"msg":"Jb11m8uMbecp7j3nWFgTLbpiasATidc2gc"}
[ Tue Aug 15 2017 16:27:56 GMT+0800 (CST) ] time is 1627
[ Tue Aug 15 2017 16:27:56 GMT+0800 (CST) ] {"err":0,"msg":"JgfyK79hHZbcqoH9SyTae2qH5cEHMbm361"}
[ Tue Aug 15 2017 16:27:57 GMT+0800 (CST) ] time is 1620
[ Tue Aug 15 2017 16:27:57 GMT+0800 (CST) ] {"err":0,"msg":"JXmmvG69gvv1pe8dB2GBb6GfLCKnccfAXR"}
[ Tue Aug 15 2017 16:27:57 GMT+0800 (CST) ] time is 1628
[ Tue Aug 15 2017 16:27:57 GMT+0800 (CST) ] {"err":0,"msg":"JNcM74rjvYfwW3vgVfQuQK8vqvgNw8Togj"}
[ Tue Aug 15 2017 16:27:57 GMT+0800 (CST) ] time is 1625
[ Tue Aug 15 2017 16:27:57 GMT+0800 (CST) ] {"err":0,"msg":"JXcf1fkSkxMPrhhFVFwKahAkgWBK5xvmi9"}
[ Tue Aug 15 2017 16:27:57 GMT+0800 (CST) ] time is 1628
[ Tue Aug 15 2017 16:27:57 GMT+0800 (CST) ] {"err":0,"msg":"JMhMY2v4SWdoUBpxsCwY4UEZaTrYGv5NsW"}
[ Tue Aug 15 2017 16:27:57 GMT+0800 (CST) ] time is 1621
[ Tue Aug 15 2017 16:27:57 GMT+0800 (CST) ] {"err":0,"msg":"JetRM1wkNgPojs8dhwWJK2V4gnvAhvJTDB"}
[ Tue Aug 15 2017 16:27:57 GMT+0800 (CST) ] time is 1629
[ Tue Aug 15 2017 16:27:57 GMT+0800 (CST) ] {"err":0,"msg":"JWq4MXdxxPn3rq3CYYhP2o4uZL2HaiUJ1J"}
[ Tue Aug 15 2017 16:27:57 GMT+0800 (CST) ] time is 1626
[ Tue Aug 15 2017 16:27:57 GMT+0800 (CST) ] {"err":0,"msg":"JX5Koi6jb6pk1dw3tzGUfdVRQtZ6AHPYVJ"}
[ Tue Aug 15 2017 16:27:57 GMT+0800 (CST) ] time is 1629
[ Tue Aug 15 2017 16:27:57 GMT+0800 (CST) ] {"err":0,"msg":"JJxU2pi9yepSYQ5iRR2ms6VM1j943nbpQL"}
[ Tue Aug 15 2017 16:27:57 GMT+0800 (CST) ] time is 1622
[ Tue Aug 15 2017 16:27:57 GMT+0800 (CST) ] {"err":0,"msg":"JULHXUx3keFFTyW3QGeKBbtco15V9Rsdrw"}
[ Tue Aug 15 2017 16:27:57 GMT+0800 (CST) ] time is 1630
[ Tue Aug 15 2017 16:27:57 GMT+0800 (CST) ] {"err":0,"msg":"JZivaBaGrsQf3AA2PQgVeomHyLnTSELLKr"}
[ Tue Aug 15 2017 16:27:57 GMT+0800 (CST) ] time is 1627
[ Tue Aug 15 2017 16:27:57 GMT+0800 (CST) ] {"err":0,"msg":"JdM2RX7fHjiYdG9UeUQWoyDSKxmzDcs63U"}
[ Tue Aug 15 2017 16:27:57 GMT+0800 (CST) ] time is 1623
[ Tue Aug 15 2017 16:27:57 GMT+0800 (CST) ] {"err":0,"msg":"JeUGzeEsAmV4P6QnnUg21VTVmEjUwTatj7"}
[ Tue Aug 15 2017 16:27:57 GMT+0800 (CST) ] time is 1630
[ Tue Aug 15 2017 16:27:57 GMT+0800 (CST) ] {"err":0,"msg":"JdC5dLC172bd9VjA4hnu2hm9whMYFhZkoT"}
[ Tue Aug 15 2017 16:27:57 GMT+0800 (CST) ] time is 1631
[ Tue Aug 15 2017 16:27:57 GMT+0800 (CST) ] {"err":0,"msg":"Jamxw1ZrK629qcdEhnwqRH8XaUgei9VXfB"}
[ Tue Aug 15 2017 16:27:57 GMT+0800 (CST) ] time is 1628
[ Tue Aug 15 2017 16:27:57 GMT+0800 (CST) ] {"err":0,"msg":"JM4vLXzP7qe4XCEMjXz5MEP8yFZzJaw8gk"}
[ Tue Aug 15 2017 16:27:57 GMT+0800 (CST) ] time is 1624
[ Tue Aug 15 2017 16:27:57 GMT+0800 (CST) ] {"err":0,"msg":"JVTMpxQURwLPqDY2FnN6evQ88zYdRzMiok"}
[ Tue Aug 15 2017 16:27:57 GMT+0800 (CST) ] time is 1631
[ Tue Aug 15 2017 16:27:57 GMT+0800 (CST) ] {"err":0,"msg":"JQGE8wBXJwL3dF2jYrfrkvGoRp9nHiGJbU"}
[ Tue Aug 15 2017 16:27:57 GMT+0800 (CST) ] time is 1632
[ Tue Aug 15 2017 16:27:57 GMT+0800 (CST) ] {"err":0,"msg":"JZNshmGvQi3VEyTHZHBxnHi4cTgVfyNSmJ"}
[ Tue Aug 15 2017 16:27:57 GMT+0800 (CST) ] time is 1629
[ Tue Aug 15 2017 16:27:57 GMT+0800 (CST) ] {"err":0,"msg":"JQnmi6U1Y9eergDL7yLXp1cqwrc5dkkdzv"}
[ Tue Aug 15 2017 16:27:57 GMT+0800 (CST) ] time is 1625
[ Tue Aug 15 2017 16:27:57 GMT+0800 (CST) ] {"err":0,"msg":"JS4bFuKjNYHNcZBdwjkZH2dtJUep55wYdb"}
[ Tue Aug 15 2017 16:27:57 GMT+0800 (CST) ] time is 1632
[ Tue Aug 15 2017 16:27:57 GMT+0800 (CST) ] {"err":0,"msg":"JWcihe2sXA8xdUWUypxXzpcR5ccSgCXtis"}
[ Tue Aug 15 2017 16:27:57 GMT+0800 (CST) ] time is 1633
[ Tue Aug 15 2017 16:27:57 GMT+0800 (CST) ] {"err":0,"msg":"JQ7MEdTXJim4UcmpKro5jnLGJS9m5FoZQX"}
[ Tue Aug 15 2017 16:27:57 GMT+0800 (CST) ] time is 1630
[ Tue Aug 15 2017 16:27:57 GMT+0800 (CST) ] {"err":0,"msg":"JQ9D5v65ecfu83SpnyVVfj5EsN9WzmiJ7M"}
[ Tue Aug 15 2017 16:27:57 GMT+0800 (CST) ] time is 1626
[ Tue Aug 15 2017 16:27:57 GMT+0800 (CST) ] {"err":0,"msg":"JeJFCy3xTjhDspeem5SiFNWCKtuFqWoLtQ"}
[ Tue Aug 15 2017 16:27:57 GMT+0800 (CST) ] time is 1633
[ Tue Aug 15 2017 16:27:57 GMT+0800 (CST) ] {"err":0,"msg":"JTPF2cPsZGYdppLkcSpQoCdT3HwMaqKa2e"}
[ Tue Aug 15 2017 16:27:57 GMT+0800 (CST) ] time is 1634
[ Tue Aug 15 2017 16:27:57 GMT+0800 (CST) ] {"err":0,"msg":"JhjGrkbUCjKUbB6HWAppY3nkGZHmZutHrV"}
[ Tue Aug 15 2017 16:27:57 GMT+0800 (CST) ] time is 1631
[ Tue Aug 15 2017 16:27:57 GMT+0800 (CST) ] {"err":0,"msg":"JgYFUvcEJK8Am5q7tsPxog7EFUapXwfed8"}
[ Tue Aug 15 2017 16:27:57 GMT+0800 (CST) ] time is 1627
[ Tue Aug 15 2017 16:27:57 GMT+0800 (CST) ] {"err":0,"msg":"JSrRP4f89tTvwMRLsaN6aur6woY8SnVpdg"}
[ Tue Aug 15 2017 16:27:57 GMT+0800 (CST) ] time is 1634
[ Tue Aug 15 2017 16:27:57 GMT+0800 (CST) ] {"err":0,"msg":"JYLBWTpAQc4A5rLEeuCecutmou5KXWVQrQ"}
[ Tue Aug 15 2017 16:27:57 GMT+0800 (CST) ] time is 1635
[ Tue Aug 15 2017 16:27:57 GMT+0800 (CST) ] {"err":0,"msg":"JScbuVWuxQjwJWChVK7UVyu9tgQgjfT7Ut"}
[ Tue Aug 15 2017 16:27:57 GMT+0800 (CST) ] time is 1632
[ Tue Aug 15 2017 16:27:57 GMT+0800 (CST) ] {"err":0,"msg":"JYymmwKbkGAWF6k9L7yj8uqYwQx8zCyTvk"}
[ Tue Aug 15 2017 16:27:57 GMT+0800 (CST) ] time is 1628
[ Tue Aug 15 2017 16:27:57 GMT+0800 (CST) ] {"err":0,"msg":"Je6zvQpU4rnRfn13FaLCsoSAkZYzCs4pCy"}
[ Tue Aug 15 2017 16:27:57 GMT+0800 (CST) ] time is 1635
[ Tue Aug 15 2017 16:27:57 GMT+0800 (CST) ] {"err":0,"msg":"JhH6KKYhPuirJwfCJXdPzTTnB7sSuqdf6n"}
[ Tue Aug 15 2017 16:27:57 GMT+0800 (CST) ] time is 1636
[ Tue Aug 15 2017 16:27:57 GMT+0800 (CST) ] {"err":0,"msg":"JhWjHTYNd6MzkQPf2NmB4zqRT1GwMxE61G"}
[ Tue Aug 15 2017 16:27:57 GMT+0800 (CST) ] time is 1629
[ Tue Aug 15 2017 16:27:57 GMT+0800 (CST) ] {"err":0,"msg":"JNZ5r9mVNT3cR1tHXUw9fHeu2rxoMijApB"}
[ Tue Aug 15 2017 16:27:57 GMT+0800 (CST) ] time is 1633
[ Tue Aug 15 2017 16:27:57 GMT+0800 (CST) ] {"err":0,"msg":"JYUA5pme4CjSEM9KwuWTRN5yLm777G2Sq1"}
[ Tue Aug 15 2017 16:27:57 GMT+0800 (CST) ] time is 1636
[ Tue Aug 15 2017 16:27:57 GMT+0800 (CST) ] {"err":0,"msg":"JcbCkHb638ZwwfdWkicokt7syqnqtMAB9T"}
[ Tue Aug 15 2017 16:27:57 GMT+0800 (CST) ] time is 1637
[ Tue Aug 15 2017 16:27:57 GMT+0800 (CST) ] {"err":0,"msg":"JcFKT1djQ66KS9dTo4exQ2qfvyJwdm1ZAb"}
[ Tue Aug 15 2017 16:27:57 GMT+0800 (CST) ] time is 1630
[ Tue Aug 15 2017 16:27:57 GMT+0800 (CST) ] {"err":0,"msg":"JMbbJG6BSSpJmVwEn4HVGPSBdWN5xwTQYh"}
[ Tue Aug 15 2017 16:27:57 GMT+0800 (CST) ] time is 1634
[ Tue Aug 15 2017 16:27:57 GMT+0800 (CST) ] {"err":0,"msg":"JYdUae6THLCC92j9fbBe84v1MuQ4bFWgW8"}
[ Tue Aug 15 2017 16:27:57 GMT+0800 (CST) ] time is 1637
[ Tue Aug 15 2017 16:27:57 GMT+0800 (CST) ] {"err":0,"msg":"JTf2wygxu47kJFEN5itQqaLFS2kwFrrFMv"}
[ Tue Aug 15 2017 16:27:57 GMT+0800 (CST) ] time is 1638
[ Tue Aug 15 2017 16:27:57 GMT+0800 (CST) ] {"err":0,"msg":"JY6kYGXd6WnTMfgYbzWsC2SBKgLfy5hN8w"}
[ Tue Aug 15 2017 16:27:57 GMT+0800 (CST) ] time is 1631
[ Tue Aug 15 2017 16:27:57 GMT+0800 (CST) ] {"err":0,"msg":"JbDa2GJYnfoTX6vCz5Dug2VqN67N4rNauW"}
[ Tue Aug 15 2017 16:27:57 GMT+0800 (CST) ] time is 1639
[ Tue Aug 15 2017 16:27:57 GMT+0800 (CST) ] {"err":0,"msg":"JceC2XdhLDuch2zZFQQADhw8nc4TEJkTwn"}
[ Tue Aug 15 2017 16:27:57 GMT+0800 (CST) ] time is 1635
[ Tue Aug 15 2017 16:27:57 GMT+0800 (CST) ] {"err":0,"msg":"JSDR2hSj3w1NidYwpCodUTHRh4erRu2YSY"}
[ Tue Aug 15 2017 16:27:57 GMT+0800 (CST) ] time is 1638
[ Tue Aug 15 2017 16:27:57 GMT+0800 (CST) ] {"err":0,"msg":"JSfKLUcmo59r9ta1RnaYGYeUfYrxzuTyEB"}
[ Tue Aug 15 2017 16:27:57 GMT+0800 (CST) ] time is 1632
[ Tue Aug 15 2017 16:27:57 GMT+0800 (CST) ] {"err":0,"msg":"JVtvkUH23BR3B1cPrGCPBeG2HbRngvCC9E"}
[ Tue Aug 15 2017 16:27:57 GMT+0800 (CST) ] time is 1640
[ Tue Aug 15 2017 16:27:57 GMT+0800 (CST) ] {"err":0,"msg":"JRxT5j294Ccdqk6DbNXeE4DA59PPNXnEfq"}
[ Tue Aug 15 2017 16:27:57 GMT+0800 (CST) ] time is 1636
[ Tue Aug 15 2017 16:27:57 GMT+0800 (CST) ] {"err":0,"msg":"JcostMtAZWaR2bxXeW5V63w54TAw3PG1FX"}
[ Tue Aug 15 2017 16:27:57 GMT+0800 (CST) ] time is 1639
[ Tue Aug 15 2017 16:27:57 GMT+0800 (CST) ] {"err":0,"msg":"JQdFTLxZhaRb4TxRFVx6dRyVHTSb3zRcCM"}
[ Tue Aug 15 2017 16:27:57 GMT+0800 (CST) ] time is 1633
[ Tue Aug 15 2017 16:27:57 GMT+0800 (CST) ] {"err":0,"msg":"JYXSzKSkSzs1UmvHVXggJG3khHgc7y63HU"}
[ Tue Aug 15 2017 16:27:57 GMT+0800 (CST) ] {"err":0,"msg":"JTCPBUKdGaocU7NpCWkAYQ9w4HEJqmA9Yw"}
[ Tue Aug 15 2017 16:27:57 GMT+0800 (CST) ] time is 1641
[ Tue Aug 15 2017 16:27:57 GMT+0800 (CST) ] time is 1637
[ Tue Aug 15 2017 16:27:57 GMT+0800 (CST) ] {"err":0,"msg":"JUqMXvXTFRBUsmpT39NY83VQ8mcJZ1JZAJ"}
[ Tue Aug 15 2017 16:27:57 GMT+0800 (CST) ] time is 1640
[ Tue Aug 15 2017 16:27:57 GMT+0800 (CST) ] {"err":0,"msg":"JUFqidR1pARN8h7hbyEr769Px7uGjsjBg3"}
[ Tue Aug 15 2017 16:27:57 GMT+0800 (CST) ] time is 1634
[ Tue Aug 15 2017 16:27:57 GMT+0800 (CST) ] {"err":0,"msg":"JZbCL53dAgtuNZByM1e8p23eq3xN5aoiJA"}
[ Tue Aug 15 2017 16:27:57 GMT+0800 (CST) ] time is 1642
[ Tue Aug 15 2017 16:27:57 GMT+0800 (CST) ] {"err":0,"msg":"JRUdQCAwA2LCZ1N3GnUjYMpT6Phn4J1f6n"}
[ Tue Aug 15 2017 16:27:57 GMT+0800 (CST) ] time is 1641
[ Tue Aug 15 2017 16:27:57 GMT+0800 (CST) ] {"err":0,"msg":"JeEndEqGw9ua1a2F6S9VnvcqzfPrYRbEPF"}
[ Tue Aug 15 2017 16:27:57 GMT+0800 (CST) ] time is 1638
[ Tue Aug 15 2017 16:27:57 GMT+0800 (CST) ] {"err":0,"msg":"JPsVmU7okFuSxAJRYD59LL9GhPhTHPfrtJ"}
[ Tue Aug 15 2017 16:27:57 GMT+0800 (CST) ] time is 1635
[ Tue Aug 15 2017 16:27:57 GMT+0800 (CST) ] {"err":0,"msg":"JXarbyuYkEtC5xXEyvDUQmKxsBP3XgshHq"}
[ Tue Aug 15 2017 16:27:57 GMT+0800 (CST) ] time is 1643
[ Tue Aug 15 2017 16:27:57 GMT+0800 (CST) ] {"err":0,"msg":"JhUH3jgULZHGxgCuxet3GXAa43JmCeModM"}
[ Tue Aug 15 2017 16:27:57 GMT+0800 (CST) ] time is 1642
[ Tue Aug 15 2017 16:27:57 GMT+0800 (CST) ] {"err":0,"msg":"JYRLFhRSRfPGkvPatVBU3iEB3c8XwQ4fwd"}
[ Tue Aug 15 2017 16:27:57 GMT+0800 (CST) ] time is 1639
[ Tue Aug 15 2017 16:27:57 GMT+0800 (CST) ] {"err":0,"msg":"JhMXcgxC4f2n1AuPtMvEugj5hbRWxUm66e"}
[ Tue Aug 15 2017 16:27:57 GMT+0800 (CST) ] time is 1636
[ Tue Aug 15 2017 16:27:57 GMT+0800 (CST) ] {"err":0,"msg":"JTBrwAYHxfUYy9EWKiC14EmsR6xo9rMdr9"}
[ Tue Aug 15 2017 16:27:57 GMT+0800 (CST) ] time is 1644
[ Tue Aug 15 2017 16:27:57 GMT+0800 (CST) ] {"err":0,"msg":"JfepJ8yv1RG6FEbtkb4QADCt951XQ6gxim"}
[ Tue Aug 15 2017 16:27:57 GMT+0800 (CST) ] time is 1643
[ Tue Aug 15 2017 16:27:57 GMT+0800 (CST) ] {"err":0,"msg":"JdJGK629YkMmz87xN5np8ibGBt6CbxUcVn"}
[ Tue Aug 15 2017 16:27:57 GMT+0800 (CST) ] time is 1640
[ Tue Aug 15 2017 16:27:57 GMT+0800 (CST) ] {"err":0,"msg":"JhCnqUXU1bGmxKc7TqyGa38NAhzRUeyUHR"}
[ Tue Aug 15 2017 16:27:57 GMT+0800 (CST) ] time is 1637
[ Tue Aug 15 2017 16:27:57 GMT+0800 (CST) ] {"err":0,"msg":"JREq7dHby2LBBFkio2fQaZAG7dShaXGXGv"}
[ Tue Aug 15 2017 16:27:57 GMT+0800 (CST) ] time is 1645
[ Tue Aug 15 2017 16:27:57 GMT+0800 (CST) ] {"err":0,"msg":"JV36VLjUqzZMhRuVamSW56bF3BEsfEgunB"}
[ Tue Aug 15 2017 16:27:57 GMT+0800 (CST) ] time is 1644
[ Tue Aug 15 2017 16:27:57 GMT+0800 (CST) ] {"err":0,"msg":"JNK8xVTRfPaA8GDmJBEYpb28fXU6tB9tok"}
[ Tue Aug 15 2017 16:27:57 GMT+0800 (CST) ] time is 1641
[ Tue Aug 15 2017 16:27:57 GMT+0800 (CST) ] {"err":0,"msg":"JSX3f4G6TzhKWM8qrwVj5rxjxjv2dbgmdX"}
[ Tue Aug 15 2017 16:27:57 GMT+0800 (CST) ] time is 1638
[ Tue Aug 15 2017 16:27:57 GMT+0800 (CST) ] {"err":0,"msg":"JS9XeQRUEM1Ndi6d9xumsx7yT1NzvMg3bQ"}
[ Tue Aug 15 2017 16:27:58 GMT+0800 (CST) ] time is 1646
[ Tue Aug 15 2017 16:27:58 GMT+0800 (CST) ] {"err":0,"msg":"JJqKyFwPdtf3HnzYNhGKWwKmvBj9azypyU"}
[ Tue Aug 15 2017 16:27:58 GMT+0800 (CST) ] time is 1645
[ Tue Aug 15 2017 16:27:58 GMT+0800 (CST) ] {"err":0,"msg":"JWnjM5EszDAMyZ19DryaZUpmjWAvkw8gaM"}
[ Tue Aug 15 2017 16:27:58 GMT+0800 (CST) ] time is 1642
[ Tue Aug 15 2017 16:27:58 GMT+0800 (CST) ] {"err":0,"msg":"JbFbW3nTbgewwWnRPUprbp6hdvK7SpXenj"}
[ Tue Aug 15 2017 16:27:58 GMT+0800 (CST) ] time is 1639
[ Tue Aug 15 2017 16:27:58 GMT+0800 (CST) ] {"err":0,"msg":"JdGA5vGRtZRnTM5pXEkMwPdtyo1uJ5qYvt"}
[ Tue Aug 15 2017 16:27:58 GMT+0800 (CST) ] time is 1647
[ Tue Aug 15 2017 16:27:58 GMT+0800 (CST) ] {"err":0,"msg":"JVZJKDfiK4hnqmGzjCGoi47HxTtEsrwJcN"}
[ Tue Aug 15 2017 16:27:58 GMT+0800 (CST) ] time is 1646
[ Tue Aug 15 2017 16:27:58 GMT+0800 (CST) ] {"err":0,"msg":"JMQZByfpfs65mSoy8o59gSTyoL3j7ejFuF"}
[ Tue Aug 15 2017 16:27:58 GMT+0800 (CST) ] time is 1643
[ Tue Aug 15 2017 16:27:58 GMT+0800 (CST) ] {"err":0,"msg":"JJnBa1zg7ctPc2Eo1bwuVAnbRFTnACnkTs"}
[ Tue Aug 15 2017 16:27:58 GMT+0800 (CST) ] time is 1640
[ Tue Aug 15 2017 16:27:58 GMT+0800 (CST) ] {"err":0,"msg":"JhoeboVa3jZqqBsXV1ghvy48wYFM1cgYE6"}
[ Tue Aug 15 2017 16:27:58 GMT+0800 (CST) ] time is 1647
[ Tue Aug 15 2017 16:27:58 GMT+0800 (CST) ] {"err":0,"msg":"JRTcfq5mmpqVTa2xVRqCGwTgBDHE8WGifk"}
[ Tue Aug 15 2017 16:27:58 GMT+0800 (CST) ] time is 1648
[ Tue Aug 15 2017 16:27:58 GMT+0800 (CST) ] {"err":0,"msg":"JTu6ax5m3dPBTQAZ3wHKJyNrKYdnHoTFwT"}
[ Tue Aug 15 2017 16:27:58 GMT+0800 (CST) ] time is 1641
[ Tue Aug 15 2017 16:27:58 GMT+0800 (CST) ] {"err":0,"msg":"JfCT9YXg88Fn35Uu9fQDR51sRA1ed4W8YT"}
[ Tue Aug 15 2017 16:27:58 GMT+0800 (CST) ] time is 1644
[ Tue Aug 15 2017 16:27:58 GMT+0800 (CST) ] {"err":0,"msg":"JJhxsbcGj7oHWwe5kRshad6dpEUp59F3AV"}
[ Tue Aug 15 2017 16:27:58 GMT+0800 (CST) ] time is 1648
[ Tue Aug 15 2017 16:27:58 GMT+0800 (CST) ] {"err":0,"msg":"JeHc5SBwZLY9APmhVccs3gWSc7TVRUtdqj"}
[ Tue Aug 15 2017 16:27:58 GMT+0800 (CST) ] time is 1649
[ Tue Aug 15 2017 16:27:58 GMT+0800 (CST) ] {"err":0,"msg":"JMuyu1bVmHJKqF1ijEaGH64Q6LXUK97v7F"}
[ Tue Aug 15 2017 16:27:58 GMT+0800 (CST) ] time is 1642
[ Tue Aug 15 2017 16:27:58 GMT+0800 (CST) ] {"err":0,"msg":"JX9qhjDrPXGPoNApdj3P7zTWCEB2upFfyR"}
[ Tue Aug 15 2017 16:27:58 GMT+0800 (CST) ] time is 1645
[ Tue Aug 15 2017 16:27:58 GMT+0800 (CST) ] {"err":0,"msg":"JLvkJifk8bd5KFKF81zFXvaWJhRWDBDbPb"}
[ Tue Aug 15 2017 16:27:58 GMT+0800 (CST) ] time is 1649
[ Tue Aug 15 2017 16:27:58 GMT+0800 (CST) ] {"err":0,"msg":"JZ7rdroHbNHQu9gTTXhwNiwbdrHdq2jnLp"}
[ Tue Aug 15 2017 16:27:58 GMT+0800 (CST) ] time is 1650
[ Tue Aug 15 2017 16:27:58 GMT+0800 (CST) ] {"err":0,"msg":"JhXjbgbJ8YF88nQX3wRCVq2Hh3yh6STaEZ"}
[ Tue Aug 15 2017 16:27:58 GMT+0800 (CST) ] time is 1643
[ Tue Aug 15 2017 16:27:58 GMT+0800 (CST) ] {"err":0,"msg":"JLpY4SNQmLUFcdgkyocUxpBSCSGB933dDE"}
[ Tue Aug 15 2017 16:27:58 GMT+0800 (CST) ] time is 1646
[ Tue Aug 15 2017 16:27:58 GMT+0800 (CST) ] {"err":0,"msg":"JgWkWFp4f4VGqbJfXUYuYcwiwnoPjFqBaJ"}
[ Tue Aug 15 2017 16:27:58 GMT+0800 (CST) ] time is 1650
[ Tue Aug 15 2017 16:27:58 GMT+0800 (CST) ] {"err":0,"msg":"JW8PWgERHaJUuzZyHEuAWba7fkacriUmiV"}
[ Tue Aug 15 2017 16:27:58 GMT+0800 (CST) ] time is 1651
[ Tue Aug 15 2017 16:27:58 GMT+0800 (CST) ] {"err":0,"msg":"JNz19P3YmAbPhwchydKzN4AxBQZ7kjkbmc"}
[ Tue Aug 15 2017 16:27:58 GMT+0800 (CST) ] time is 1644
[ Tue Aug 15 2017 16:27:58 GMT+0800 (CST) ] {"err":0,"msg":"JdTMcYvC1gLNv8BaotCZFoJravgbyJP38T"}
[ Tue Aug 15 2017 16:27:58 GMT+0800 (CST) ] time is 1647
[ Tue Aug 15 2017 16:27:58 GMT+0800 (CST) ] {"err":0,"msg":"JMpLVtJd4VrUpifvHyjB1geNQgXpHJBXFY"}
[ Tue Aug 15 2017 16:27:58 GMT+0800 (CST) ] time is 1651
[ Tue Aug 15 2017 16:27:58 GMT+0800 (CST) ] {"err":0,"msg":"JXxF632ovKomVTk5SgcMkmRXwf8aNm191X"}
[ Tue Aug 15 2017 16:27:58 GMT+0800 (CST) ] time is 1652
[ Tue Aug 15 2017 16:27:58 GMT+0800 (CST) ] {"err":0,"msg":"JY1YvLWF5Eh8VnGUXigmnkR5jt9k9wxpw7"}
[ Tue Aug 15 2017 16:27:58 GMT+0800 (CST) ] time is 1645
[ Tue Aug 15 2017 16:27:58 GMT+0800 (CST) ] {"err":0,"msg":"Jg1ZWFd8um4LvsLdEZcrMbfKmzhRdtpo4F"}
[ Tue Aug 15 2017 16:27:58 GMT+0800 (CST) ] time is 1648
[ Tue Aug 15 2017 16:27:58 GMT+0800 (CST) ] {"err":0,"msg":"JWJEof6PJtE1WGGV4ve6Kvnv3ttBfLRXzq"}
[ Tue Aug 15 2017 16:27:58 GMT+0800 (CST) ] time is 1652
[ Tue Aug 15 2017 16:27:58 GMT+0800 (CST) ] {"err":0,"msg":"JPsCoij5UyyCUXrjgPVU5ytKWs6sXPpm26"}
[ Tue Aug 15 2017 16:27:58 GMT+0800 (CST) ] time is 1653
[ Tue Aug 15 2017 16:27:58 GMT+0800 (CST) ] {"err":0,"msg":"JPURWmY4Q2a8nsMJBqtzvfKj3Z7qf6kXuu"}
[ Tue Aug 15 2017 16:27:58 GMT+0800 (CST) ] time is 1646
[ Tue Aug 15 2017 16:27:58 GMT+0800 (CST) ] {"err":0,"msg":"JRC5WPi2BNEst7CAQgq8xVEWM4Ljqxfhg7"}
[ Tue Aug 15 2017 16:27:58 GMT+0800 (CST) ] time is 1649
[ Tue Aug 15 2017 16:27:58 GMT+0800 (CST) ] {"err":0,"msg":"JT79GPB8AA6czbD9qxUMVMjjRFwsTsqBAC"}
[ Tue Aug 15 2017 16:27:58 GMT+0800 (CST) ] time is 1653
[ Tue Aug 15 2017 16:27:58 GMT+0800 (CST) ] {"err":0,"msg":"JPvsRRLQAwGhxZisXA1TEBMFW24AJxazXC"}
[ Tue Aug 15 2017 16:27:58 GMT+0800 (CST) ] time is 1654
[ Tue Aug 15 2017 16:27:58 GMT+0800 (CST) ] {"err":0,"msg":"JR2ufTjzwNQqMnwH3m6gWETQ7vCZpCymmA"}
[ Tue Aug 15 2017 16:27:58 GMT+0800 (CST) ] time is 1650
[ Tue Aug 15 2017 16:27:58 GMT+0800 (CST) ] {"err":0,"msg":"JWSCza3geBaCgpdCTu3YcpbY86aYR6MTX7"}
[ Tue Aug 15 2017 16:27:58 GMT+0800 (CST) ] time is 1647
[ Tue Aug 15 2017 16:27:58 GMT+0800 (CST) ] {"err":0,"msg":"JYJm6fogHBGj97Q27eUPSa1K1XapYhCX7o"}
[ Tue Aug 15 2017 16:27:58 GMT+0800 (CST) ] time is 1654
[ Tue Aug 15 2017 16:27:58 GMT+0800 (CST) ] {"err":0,"msg":"JdSgGpVodERk64wyaxRFrUEQTTx9FRZcwQ"}
[ Tue Aug 15 2017 16:27:58 GMT+0800 (CST) ] time is 1655
[ Tue Aug 15 2017 16:27:58 GMT+0800 (CST) ] {"err":0,"msg":"JPFbA2FTdGRpoaqNQiENPLQTo9NwcVGX3V"}
[ Tue Aug 15 2017 16:27:58 GMT+0800 (CST) ] time is 1651
[ Tue Aug 15 2017 16:27:58 GMT+0800 (CST) ] {"err":0,"msg":"JKdCrsFVdwzoZfU94h3h7Vf2WvXEnBb7rW"}
[ Tue Aug 15 2017 16:27:58 GMT+0800 (CST) ] time is 1648
[ Tue Aug 15 2017 16:27:58 GMT+0800 (CST) ] {"err":0,"msg":"JcDWgQk8uxAreebG8z45DBVpHC24i6s6QR"}
[ Tue Aug 15 2017 16:27:58 GMT+0800 (CST) ] time is 1655
[ Tue Aug 15 2017 16:27:58 GMT+0800 (CST) ] {"err":0,"msg":"JhZUR8mDwNKyRG3r4ygupEsdceRqu2LJ5A"}
[ Tue Aug 15 2017 16:27:58 GMT+0800 (CST) ] time is 1656
[ Tue Aug 15 2017 16:27:58 GMT+0800 (CST) ] {"err":0,"msg":"JYynr2nak9XqvRBYxZK47hZWR9orwG8xvo"}
[ Tue Aug 15 2017 16:27:58 GMT+0800 (CST) ] time is 1652
[ Tue Aug 15 2017 16:27:58 GMT+0800 (CST) ] {"err":0,"msg":"JMHXTEihrAeCdr76Kwq2TukNCZQsKXpfEz"}
[ Tue Aug 15 2017 16:27:58 GMT+0800 (CST) ] time is 1649
[ Tue Aug 15 2017 16:27:58 GMT+0800 (CST) ] {"err":0,"msg":"JUYLJWYgdeDKUeQeAtpXQPEFUKdfAMc7Cf"}
[ Tue Aug 15 2017 16:27:58 GMT+0800 (CST) ] time is 1656
[ Tue Aug 15 2017 16:27:58 GMT+0800 (CST) ] {"err":0,"msg":"JhogLte2SMUZW6HQx3U5qjym1rqd1Bqu9y"}
[ Tue Aug 15 2017 16:27:58 GMT+0800 (CST) ] time is 1657
[ Tue Aug 15 2017 16:27:58 GMT+0800 (CST) ] {"err":0,"msg":"JemXFEADLhJJpjFMxFgynQJ6rbMWDJCkYL"}
[ Tue Aug 15 2017 16:27:58 GMT+0800 (CST) ] time is 1653
[ Tue Aug 15 2017 16:27:58 GMT+0800 (CST) ] {"err":0,"msg":"JZGrc9ib8hWGQLDfeLeDK2vah5YVkjUadP"}
[ Tue Aug 15 2017 16:27:58 GMT+0800 (CST) ] time is 1650
[ Tue Aug 15 2017 16:27:58 GMT+0800 (CST) ] {"err":0,"msg":"JWotpvE5j7PeAUJi3EYwMMfjoejsuNQ7nU"}
[ Tue Aug 15 2017 16:27:58 GMT+0800 (CST) ] time is 1657
[ Tue Aug 15 2017 16:27:58 GMT+0800 (CST) ] {"err":0,"msg":"JQPRUfF5oFNjiUf9zUWkeJoZr6fpk3zR6m"}
[ Tue Aug 15 2017 16:27:58 GMT+0800 (CST) ] time is 1658
[ Tue Aug 15 2017 16:27:58 GMT+0800 (CST) ] {"err":0,"msg":"JTUWDQoyoP9HRnJs4cGdxfro4JBUfS37wk"}
[ Tue Aug 15 2017 16:27:58 GMT+0800 (CST) ] time is 1654
[ Tue Aug 15 2017 16:27:58 GMT+0800 (CST) ] {"err":0,"msg":"JesFziWjaKDirZjnF6mZR2XsxsuLcHEciu"}
[ Tue Aug 15 2017 16:27:58 GMT+0800 (CST) ] time is 1651
[ Tue Aug 15 2017 16:27:58 GMT+0800 (CST) ] {"err":0,"msg":"JKWMHYAgv6uAs39mWBeCzYSDxyFvMU18zb"}
[ Tue Aug 15 2017 16:27:58 GMT+0800 (CST) ] time is 1658
[ Tue Aug 15 2017 16:27:58 GMT+0800 (CST) ] {"err":0,"msg":"JMtwKpMyi2UeLYL6ASXt19EaC4zqeBBXpC"}
[ Tue Aug 15 2017 16:27:58 GMT+0800 (CST) ] time is 1659
[ Tue Aug 15 2017 16:27:58 GMT+0800 (CST) ] {"err":0,"msg":"JgB55Ajt3zW1iNasRdgRtdbw5wid2nZcHS"}
[ Tue Aug 15 2017 16:27:58 GMT+0800 (CST) ] time is 1655
[ Tue Aug 15 2017 16:27:58 GMT+0800 (CST) ] {"err":0,"msg":"JVKFkotXqXNvqqvkUBNMYyMdXZBS7sXdts"}
[ Tue Aug 15 2017 16:27:58 GMT+0800 (CST) ] time is 1652
[ Tue Aug 15 2017 16:27:58 GMT+0800 (CST) ] {"err":0,"msg":"Jdv5As81dvJLVwtS1xrcCNiAA6s1kH4sSY"}
[ Tue Aug 15 2017 16:27:58 GMT+0800 (CST) ] time is 1659
[ Tue Aug 15 2017 16:27:58 GMT+0800 (CST) ] {"err":0,"msg":"JLPTUckQEgsnDWboY15PZy92fULZfDBdkG"}
[ Tue Aug 15 2017 16:27:58 GMT+0800 (CST) ] time is 1656
[ Tue Aug 15 2017 16:27:58 GMT+0800 (CST) ] {"err":0,"msg":"JV8mNng6AzA58uaFzddrWpptdNgZNThKut"}
[ Tue Aug 15 2017 16:27:58 GMT+0800 (CST) ] time is 1660
[ Tue Aug 15 2017 16:27:58 GMT+0800 (CST) ] {"err":0,"msg":"JJbaordxuX2tR17cF67gpW7JsX4PsWCbPi"}
[ Tue Aug 15 2017 16:27:58 GMT+0800 (CST) ] time is 1653
[ Tue Aug 15 2017 16:27:58 GMT+0800 (CST) ] {"err":0,"msg":"JPyRMxiwK5WNAyFzjp1GKJoJ23e8VpgrXV"}
[ Tue Aug 15 2017 16:27:58 GMT+0800 (CST) ] {"err":0,"msg":"JSPduWrxgBEGuaN5pirB3irNG93XaqBL9x"}
[ Tue Aug 15 2017 16:27:58 GMT+0800 (CST) ] time is 1660
[ Tue Aug 15 2017 16:27:58 GMT+0800 (CST) ] time is 1657
[ Tue Aug 15 2017 16:27:58 GMT+0800 (CST) ] {"err":0,"msg":"JPceE1x2LPMwqGTCa4f5zmDjjRSv8J8nkg"}
[ Tue Aug 15 2017 16:27:58 GMT+0800 (CST) ] time is 1661
[ Tue Aug 15 2017 16:27:58 GMT+0800 (CST) ] {"err":0,"msg":"JL7YHp5sR8bL5zDSJ2LgNzJhXYH2EK5zBG"}
[ Tue Aug 15 2017 16:27:58 GMT+0800 (CST) ] time is 1654
[ Tue Aug 15 2017 16:27:58 GMT+0800 (CST) ] {"err":0,"msg":"JM5MLvrS3iWL33SYGbJk5JCVZTXJXADXP9"}
[ Tue Aug 15 2017 16:27:58 GMT+0800 (CST) ] time is 1661
[ Tue Aug 15 2017 16:27:58 GMT+0800 (CST) ] {"err":0,"msg":"Jfo7XzCotKVGbhGCbWx2peX1BNqVNCMHk8"}
[ Tue Aug 15 2017 16:27:58 GMT+0800 (CST) ] time is 1658
[ Tue Aug 15 2017 16:27:58 GMT+0800 (CST) ] {"err":0,"msg":"JU5KSkcd6PLGFtTxbkbD8rEbjfe5ou2qFc"}
[ Tue Aug 15 2017 16:27:58 GMT+0800 (CST) ] time is 1662
[ Tue Aug 15 2017 16:27:58 GMT+0800 (CST) ] {"err":0,"msg":"JQtB4T7CdBzZax263HA9vkgpPBty2WWfVX"}
[ Tue Aug 15 2017 16:27:58 GMT+0800 (CST) ] time is 1655
[ Tue Aug 15 2017 16:27:58 GMT+0800 (CST) ] {"err":0,"msg":"JMcR8FhZKmcswkrwnYMbCGVtF9KNqKVimB"}
[ Tue Aug 15 2017 16:27:58 GMT+0800 (CST) ] time is 1662
[ Tue Aug 15 2017 16:27:58 GMT+0800 (CST) ] {"err":0,"msg":"Je2jK7FU4Qqhimm3Xx9FnMdivqwfqeDTKg"}
[ Tue Aug 15 2017 16:27:59 GMT+0800 (CST) ] time is 1659
[ Tue Aug 15 2017 16:27:59 GMT+0800 (CST) ] {"err":0,"msg":"JbxRqdJnZo4sRjzN6CnJtsLL9sQNm9BTc5"}
[ Tue Aug 15 2017 16:27:59 GMT+0800 (CST) ] time is 1663
[ Tue Aug 15 2017 16:27:59 GMT+0800 (CST) ] {"err":0,"msg":"Ja3XkvvUcAwHyQgQzB2YYtKkqctJqvYFAr"}
[ Tue Aug 15 2017 16:27:59 GMT+0800 (CST) ] time is 1656
[ Tue Aug 15 2017 16:27:59 GMT+0800 (CST) ] {"err":0,"msg":"JRMJY7vVnC3zRhLPY9kyzE3mPA2VWmcUcx"}
[ Tue Aug 15 2017 16:27:59 GMT+0800 (CST) ] time is 1663
[ Tue Aug 15 2017 16:27:59 GMT+0800 (CST) ] {"err":0,"msg":"JaukXT1K5ugZQYGxMbegRJK29UkqxoTRCU"}
[ Tue Aug 15 2017 16:27:59 GMT+0800 (CST) ] time is 1660
[ Tue Aug 15 2017 16:27:59 GMT+0800 (CST) ] {"err":0,"msg":"JQR7RKgWb6Vbyxnjjs7QJ1eVtnQwMuWvwJ"}
[ Tue Aug 15 2017 16:27:59 GMT+0800 (CST) ] time is 1664
[ Tue Aug 15 2017 16:27:59 GMT+0800 (CST) ] {"err":0,"msg":"JgKuGpUffWX6ReMbwsE9hNMUWgYVVime33"}
[ Tue Aug 15 2017 16:27:59 GMT+0800 (CST) ] time is 1657
[ Tue Aug 15 2017 16:27:59 GMT+0800 (CST) ] {"err":0,"msg":"JRExNkvsjHzaDPjCsjBmXQss6hiAsjMvcH"}
[ Tue Aug 15 2017 16:27:59 GMT+0800 (CST) ] time is 1664
[ Tue Aug 15 2017 16:27:59 GMT+0800 (CST) ] {"err":0,"msg":"JVMYpX1cfHU4Ei11fTiQ3T6kSJ9uTXjAAF"}
[ Tue Aug 15 2017 16:27:59 GMT+0800 (CST) ] time is 1661
[ Tue Aug 15 2017 16:27:59 GMT+0800 (CST) ] {"err":0,"msg":"JdpMqzC3azqPUX1P8eQ4c1Tc1ojw4hXaEY"}
[ Tue Aug 15 2017 16:27:59 GMT+0800 (CST) ] time is 1665
[ Tue Aug 15 2017 16:27:59 GMT+0800 (CST) ] {"err":0,"msg":"JTfh1GixpEKFmvDteSn7bcAbUzbCGK3MoC"}
[ Tue Aug 15 2017 16:27:59 GMT+0800 (CST) ] time is 1658
[ Tue Aug 15 2017 16:27:59 GMT+0800 (CST) ] {"err":0,"msg":"JaSJzzfk3L8DCzkCryWYs7NYrEJmygCm2C"}
[ Tue Aug 15 2017 16:27:59 GMT+0800 (CST) ] time is 1665
[ Tue Aug 15 2017 16:27:59 GMT+0800 (CST) ] {"err":0,"msg":"JNLzZQmACesrRZLsEWtPiNYDtFLKrngtq1"}
[ Tue Aug 15 2017 16:27:59 GMT+0800 (CST) ] time is 1662
[ Tue Aug 15 2017 16:27:59 GMT+0800 (CST) ] {"err":0,"msg":"JJbsNZPcb6ZxSonLftGuZgAexXyfjhdCLt"}
[ Tue Aug 15 2017 16:27:59 GMT+0800 (CST) ] time is 1666
[ Tue Aug 15 2017 16:27:59 GMT+0800 (CST) ] {"err":0,"msg":"JeUYHaePr6phBqVyKdrSzduRXEJEKUgnrB"}
[ Tue Aug 15 2017 16:27:59 GMT+0800 (CST) ] time is 1659
[ Tue Aug 15 2017 16:27:59 GMT+0800 (CST) ] {"err":0,"msg":"JUDxMecV4j6Cw94gksyEPTJBfMr6XN9XGq"}
[ Tue Aug 15 2017 16:27:59 GMT+0800 (CST) ] time is 1666
[ Tue Aug 15 2017 16:27:59 GMT+0800 (CST) ] {"err":0,"msg":"JLoYWS6qcbtnGXAQiVDgzK1kEJqer75xT5"}
[ Tue Aug 15 2017 16:27:59 GMT+0800 (CST) ] time is 1667
[ Tue Aug 15 2017 16:27:59 GMT+0800 (CST) ] {"err":0,"msg":"JM9tJCnDvSqCTn4jDiG637gZtRjjgaKkN4"}
[ Tue Aug 15 2017 16:27:59 GMT+0800 (CST) ] time is 1663
[ Tue Aug 15 2017 16:27:59 GMT+0800 (CST) ] {"err":0,"msg":"JXhVJMJCquo93hwjPfsN32UHsUGMNqphBh"}
[ Tue Aug 15 2017 16:27:59 GMT+0800 (CST) ] time is 1660
[ Tue Aug 15 2017 16:27:59 GMT+0800 (CST) ] {"err":0,"msg":"JYP3rDnZjHgCoMrzXuoLJYLEHMRPCypSHk"}
[ Tue Aug 15 2017 16:27:59 GMT+0800 (CST) ] time is 1667
[ Tue Aug 15 2017 16:27:59 GMT+0800 (CST) ] {"err":0,"msg":"JdvRmRAVLgeWSARAqQBaUc8GsBJ3BqDfTy"}
[ Tue Aug 15 2017 16:27:59 GMT+0800 (CST) ] time is 1668
[ Tue Aug 15 2017 16:27:59 GMT+0800 (CST) ] {"err":0,"msg":"JWHQbLT34oHnhaW6bT8FTSSEh6fUUXy8p6"}
[ Tue Aug 15 2017 16:27:59 GMT+0800 (CST) ] time is 1664
[ Tue Aug 15 2017 16:27:59 GMT+0800 (CST) ] {"err":0,"msg":"JTJErDAQ31u7bYx2gBc3EatMwUWriauaoo"}
[ Tue Aug 15 2017 16:27:59 GMT+0800 (CST) ] time is 1661
[ Tue Aug 15 2017 16:27:59 GMT+0800 (CST) ] {"err":0,"msg":"JhHKKAHf6Gi6iFdUbVEhLvbRJZNfTxgj6r"}
[ Tue Aug 15 2017 16:27:59 GMT+0800 (CST) ] time is 1669
[ Tue Aug 15 2017 16:27:59 GMT+0800 (CST) ] {"err":0,"msg":"JZ9ac9V4LBVnq5tnN3zaifs26SNQQ4ZQZu"}
[ Tue Aug 15 2017 16:27:59 GMT+0800 (CST) ] time is 1668
[ Tue Aug 15 2017 16:27:59 GMT+0800 (CST) ] {"err":0,"msg":"JVWUsMFzv8v7e6kYDbkSQUhCQoWMNbiqSm"}
[ Tue Aug 15 2017 16:27:59 GMT+0800 (CST) ] time is 1662
[ Tue Aug 15 2017 16:27:59 GMT+0800 (CST) ] {"err":0,"msg":"JfD47MXfVrR9NNA5TPJntnp4mSvqumDBrq"}
[ Tue Aug 15 2017 16:27:59 GMT+0800 (CST) ] time is 1665
[ Tue Aug 15 2017 16:27:59 GMT+0800 (CST) ] {"err":0,"msg":"JewnRsU8jgZxK9UHMWWBPxgvAAN7eXEzVC"}
[ Tue Aug 15 2017 16:27:59 GMT+0800 (CST) ] time is 1670
[ Tue Aug 15 2017 16:27:59 GMT+0800 (CST) ] {"err":0,"msg":"JV3MJjxAJjgzvSRDg2gdCrYJyrDCxX9h7Q"}
[ Tue Aug 15 2017 16:27:59 GMT+0800 (CST) ] time is 1669
[ Tue Aug 15 2017 16:27:59 GMT+0800 (CST) ] {"err":0,"msg":"Jh1f4beDpkvG3Cba1ETWhZZF39aQtSaDZv"}
[ Tue Aug 15 2017 16:27:59 GMT+0800 (CST) ] time is 1663
[ Tue Aug 15 2017 16:27:59 GMT+0800 (CST) ] {"err":0,"msg":"JcUZDhUnZQUCfwTrrfZDzqevKg2nbSKiXR"}
[ Tue Aug 15 2017 16:27:59 GMT+0800 (CST) ] time is 1666
[ Tue Aug 15 2017 16:27:59 GMT+0800 (CST) ] {"err":0,"msg":"JRGSFtUX8BJGckFaw8fq9CoqhkNW7aCtrr"}
[ Tue Aug 15 2017 16:27:59 GMT+0800 (CST) ] time is 1671
[ Tue Aug 15 2017 16:27:59 GMT+0800 (CST) ] {"err":0,"msg":"JRuagTyv9i6u37x9Qayo5HZJFecRLw5roY"}
[ Tue Aug 15 2017 16:27:59 GMT+0800 (CST) ] time is 1670
[ Tue Aug 15 2017 16:27:59 GMT+0800 (CST) ] {"err":0,"msg":"JeF9z5XZzBTQmG6NYiDTkhxt7naoLkHd78"}
[ Tue Aug 15 2017 16:27:59 GMT+0800 (CST) ] time is 1664
[ Tue Aug 15 2017 16:27:59 GMT+0800 (CST) ] {"err":0,"msg":"Jape18Eqnkq8UB4gaVc8DiBocDXbxBtexX"}
[ Tue Aug 15 2017 16:27:59 GMT+0800 (CST) ] time is 1671
[ Tue Aug 15 2017 16:27:59 GMT+0800 (CST) ] {"err":0,"msg":"JX1qUBAQxf5ijRhgb5CugNWsMxDmwVdff3"}
[ Tue Aug 15 2017 16:27:59 GMT+0800 (CST) ] time is 1667
[ Tue Aug 15 2017 16:27:59 GMT+0800 (CST) ] {"err":0,"msg":"JPG1naEC8dNUKv1PNtA1zkMv3qD3oMdkuD"}
[ Tue Aug 15 2017 16:27:59 GMT+0800 (CST) ] time is 1672
[ Tue Aug 15 2017 16:27:59 GMT+0800 (CST) ] {"err":0,"msg":"JLozp5p4Z2yqVB8TLMhwBtYRmQ2QxZqC7L"}
[ Tue Aug 15 2017 16:27:59 GMT+0800 (CST) ] time is 1665
[ Tue Aug 15 2017 16:27:59 GMT+0800 (CST) ] {"err":0,"msg":"JUgL57uKjdF2ecf5ihQZmwV7X7yHTmx4pL"}
[ Tue Aug 15 2017 16:27:59 GMT+0800 (CST) ] time is 1668
[ Tue Aug 15 2017 16:27:59 GMT+0800 (CST) ] {"err":0,"msg":"JZQ4hYgServoYbECedU4R7czipQZMTktFz"}
[ Tue Aug 15 2017 16:27:59 GMT+0800 (CST) ] time is 1672
[ Tue Aug 15 2017 16:27:59 GMT+0800 (CST) ] {"err":0,"msg":"JfATpur76wgGq3yohLzWKnrRW61vBHoT2g"}
[ Tue Aug 15 2017 16:27:59 GMT+0800 (CST) ] time is 1673
[ Tue Aug 15 2017 16:27:59 GMT+0800 (CST) ] {"err":0,"msg":"JRBHBQGXkLeCW4y2sgDMdt2mGNG1BfvDya"}
[ Tue Aug 15 2017 16:27:59 GMT+0800 (CST) ] time is 1666
[ Tue Aug 15 2017 16:27:59 GMT+0800 (CST) ] {"err":0,"msg":"JaSUJH7NG3SWUGZsMa7WgxUdRL8Tokg5HG"}
[ Tue Aug 15 2017 16:27:59 GMT+0800 (CST) ] time is 1669
[ Tue Aug 15 2017 16:27:59 GMT+0800 (CST) ] {"err":0,"msg":"JYvZyUVddANiXvCBZ8HsSXsYUxuwogz2cL"}
[ Tue Aug 15 2017 16:27:59 GMT+0800 (CST) ] time is 1673
[ Tue Aug 15 2017 16:27:59 GMT+0800 (CST) ] {"err":0,"msg":"JXUeXZS5WNpJETQRRVqWXHPhAKovJnM4Ti"}
[ Tue Aug 15 2017 16:27:59 GMT+0800 (CST) ] time is 1674
[ Tue Aug 15 2017 16:27:59 GMT+0800 (CST) ] {"err":0,"msg":"JRFp9Xg1besdrBRP3yuMzyR8iGVEe63m57"}
[ Tue Aug 15 2017 16:27:59 GMT+0800 (CST) ] time is 1667
[ Tue Aug 15 2017 16:27:59 GMT+0800 (CST) ] {"err":0,"msg":"JcoGobnmyXin5XvWLt95pLBH3XW1rvq4rq"}
[ Tue Aug 15 2017 16:27:59 GMT+0800 (CST) ] time is 1670
[ Tue Aug 15 2017 16:27:59 GMT+0800 (CST) ] {"err":0,"msg":"JPm6inKKpBV6tDTDGXV5F8pxMGAP2sLnN3"}
[ Tue Aug 15 2017 16:27:59 GMT+0800 (CST) ] {"err":0,"msg":"JbY2Wu3Wmnjo7gjLfdBqcEMbAjc3Gyyh8q"}
[ Tue Aug 15 2017 16:27:59 GMT+0800 (CST) ] time is 1674
[ Tue Aug 15 2017 16:27:59 GMT+0800 (CST) ] time is 1675
[ Tue Aug 15 2017 16:27:59 GMT+0800 (CST) ] {"err":0,"msg":"JZ3pyQ4RveBKrcddQoW1rFJffBkoR37q4L"}
[ Tue Aug 15 2017 16:27:59 GMT+0800 (CST) ] time is 1668
[ Tue Aug 15 2017 16:27:59 GMT+0800 (CST) ] {"err":0,"msg":"JSpnGrKfF7UzT1ALzMZFQdg9jkiDVuja6x"}
[ Tue Aug 15 2017 16:27:59 GMT+0800 (CST) ] time is 1671
[ Tue Aug 15 2017 16:27:59 GMT+0800 (CST) ] {"err":0,"msg":"JMfmgdrz16t8cdR5CHzFU4bhH2627mmJw6"}
[ Tue Aug 15 2017 16:27:59 GMT+0800 (CST) ] time is 1675
[ Tue Aug 15 2017 16:27:59 GMT+0800 (CST) ] {"err":0,"msg":"JeJa2wZLxFJKUigMkwzgvc44QpKYqaKKah"}
[ Tue Aug 15 2017 16:27:59 GMT+0800 (CST) ] time is 1676
[ Tue Aug 15 2017 16:27:59 GMT+0800 (CST) ] {"err":0,"msg":"JcJ4DRa9szpGhWSBhsNdxpHDiBYMkQKQ2w"}
[ Tue Aug 15 2017 16:27:59 GMT+0800 (CST) ] time is 1669
[ Tue Aug 15 2017 16:27:59 GMT+0800 (CST) ] {"err":0,"msg":"Jd3EaRWTxySXp22nG356xFfYsSZEMZjVzW"}
[ Tue Aug 15 2017 16:27:59 GMT+0800 (CST) ] time is 1672
[ Tue Aug 15 2017 16:27:59 GMT+0800 (CST) ] {"err":0,"msg":"JcN1HtxzyeQ5HTo2URtDjXxAQ4UHFhAMLg"}
[ Tue Aug 15 2017 16:27:59 GMT+0800 (CST) ] time is 1676
[ Tue Aug 15 2017 16:27:59 GMT+0800 (CST) ] {"err":0,"msg":"JMRFTVzcu9WE1JCw2Bo51czmh7cXiKpTcE"}
[ Tue Aug 15 2017 16:27:59 GMT+0800 (CST) ] time is 1677
[ Tue Aug 15 2017 16:27:59 GMT+0800 (CST) ] {"err":0,"msg":"JUCbLxXdM1YT4nWVq2DreSkAqujgAnJxBi"}
[ Tue Aug 15 2017 16:27:59 GMT+0800 (CST) ] time is 1670
[ Tue Aug 15 2017 16:27:59 GMT+0800 (CST) ] {"err":0,"msg":"JTtUgTaKsDGZZbh9pHfxR1zfUw1vZKJjHB"}
[ Tue Aug 15 2017 16:27:59 GMT+0800 (CST) ] time is 1673
[ Tue Aug 15 2017 16:27:59 GMT+0800 (CST) ] {"err":0,"msg":"JN6rUgrBFNwHMP4DpCq7VYfJ4jiMffcam3"}
[ Tue Aug 15 2017 16:27:59 GMT+0800 (CST) ] time is 1677
[ Tue Aug 15 2017 16:27:59 GMT+0800 (CST) ] {"err":0,"msg":"JUoVTCq7gGQf8KfEhQMtRcmRwcV3Fg2HxD"}
[ Tue Aug 15 2017 16:27:59 GMT+0800 (CST) ] time is 1678
[ Tue Aug 15 2017 16:27:59 GMT+0800 (CST) ] {"err":0,"msg":"JUaLcCsHf1zYUmCM6Ho1KvWTa4nbKhZbAK"}
[ Tue Aug 15 2017 16:27:59 GMT+0800 (CST) ] time is 1671
[ Tue Aug 15 2017 16:27:59 GMT+0800 (CST) ] {"err":0,"msg":"JaZ9iws4SZNKpPVFZn9Wqa1kmFRbrvJsD6"}
[ Tue Aug 15 2017 16:27:59 GMT+0800 (CST) ] time is 1674
[ Tue Aug 15 2017 16:27:59 GMT+0800 (CST) ] {"err":0,"msg":"Jc1mdt4oJkBKawwFsLiXk9JLaBFnCQQ1q7"}
[ Tue Aug 15 2017 16:27:59 GMT+0800 (CST) ] time is 1678
[ Tue Aug 15 2017 16:27:59 GMT+0800 (CST) ] {"err":0,"msg":"JTmcNEpBmzPVmRktkeaNsdqoRwUkvxSfvm"}
[ Tue Aug 15 2017 16:27:59 GMT+0800 (CST) ] time is 1679
[ Tue Aug 15 2017 16:27:59 GMT+0800 (CST) ] {"err":0,"msg":"JZUGqdnquMuKTaGGGT7LzpimgtsSfhEJoE"}
[ Tue Aug 15 2017 16:27:59 GMT+0800 (CST) ] time is 1672
[ Tue Aug 15 2017 16:27:59 GMT+0800 (CST) ] {"err":0,"msg":"Jaur1VqLf52T7Dx9TnsjRfieK3tYBZsk8V"}
[ Tue Aug 15 2017 16:28:00 GMT+0800 (CST) ] time is 1675
[ Tue Aug 15 2017 16:28:00 GMT+0800 (CST) ] {"err":0,"msg":"JPk9sW3rKfRyBAfeT9aQk7Y7LRGYkeR8zy"}
[ Tue Aug 15 2017 16:28:00 GMT+0800 (CST) ] time is 1679
[ Tue Aug 15 2017 16:28:00 GMT+0800 (CST) ] {"err":0,"msg":"JeJWcNJjpgNKpqUcPCUdt2gtAgCyAy9MHD"}
[ Tue Aug 15 2017 16:28:00 GMT+0800 (CST) ] time is 1680
[ Tue Aug 15 2017 16:28:00 GMT+0800 (CST) ] {"err":0,"msg":"JgLjbHbByZcBn2hEQDpUgtDBGX3jG2U192"}
[ Tue Aug 15 2017 16:28:00 GMT+0800 (CST) ] time is 1673
[ Tue Aug 15 2017 16:28:00 GMT+0800 (CST) ] {"err":0,"msg":"JL19hrNppDMhTCYBCQstVWMayVfBg76Pzf"}
[ Tue Aug 15 2017 16:28:00 GMT+0800 (CST) ] time is 1676
[ Tue Aug 15 2017 16:28:00 GMT+0800 (CST) ] {"err":0,"msg":"JSK3U2716mS7iZky6YJfPpkTSs6nyNSDcE"}
[ Tue Aug 15 2017 16:28:00 GMT+0800 (CST) ] time is 1680
[ Tue Aug 15 2017 16:28:00 GMT+0800 (CST) ] {"err":0,"msg":"JTyDLd5Q2H8JPRCkvbhNpLrXmRGgQ4AM1Y"}
[ Tue Aug 15 2017 16:28:00 GMT+0800 (CST) ] time is 1681
[ Tue Aug 15 2017 16:28:00 GMT+0800 (CST) ] {"err":0,"msg":"JXznL5MgMhLEEVBqxQckLRnBYtqmY6UxEx"}
[ Tue Aug 15 2017 16:28:00 GMT+0800 (CST) ] time is 1674
[ Tue Aug 15 2017 16:28:00 GMT+0800 (CST) ] {"err":0,"msg":"JbwK9NbZsXwJMnDdeseLR62NscK9X77Pxa"}
[ Tue Aug 15 2017 16:28:00 GMT+0800 (CST) ] time is 1677
[ Tue Aug 15 2017 16:28:00 GMT+0800 (CST) ] {"err":0,"msg":"JZEPa2TEiC18D4w4hACh9FQaenMXFcnrm8"}
[ Tue Aug 15 2017 16:28:00 GMT+0800 (CST) ] time is 1681
[ Tue Aug 15 2017 16:28:00 GMT+0800 (CST) ] {"err":0,"msg":"JVpLPUJ7rhMpHREWNdxDd8mFZCFhbo3NEu"}
[ Tue Aug 15 2017 16:28:00 GMT+0800 (CST) ] time is 1682
[ Tue Aug 15 2017 16:28:00 GMT+0800 (CST) ] {"err":0,"msg":"JY7YGmezf9XtPo315RHTtoacHuq12C8Acv"}
[ Tue Aug 15 2017 16:28:00 GMT+0800 (CST) ] time is 1678
[ Tue Aug 15 2017 16:28:00 GMT+0800 (CST) ] {"err":0,"msg":"JV8nkS1ph8DJnKUhrZvpWdqyCexRgdh46o"}
[ Tue Aug 15 2017 16:28:00 GMT+0800 (CST) ] time is 1675
[ Tue Aug 15 2017 16:28:00 GMT+0800 (CST) ] {"err":0,"msg":"JNFEcQX8HkncgHVqZss89kAJfW2QKt7JcJ"}
[ Tue Aug 15 2017 16:28:00 GMT+0800 (CST) ] time is 1682
[ Tue Aug 15 2017 16:28:00 GMT+0800 (CST) ] {"err":0,"msg":"JYBWTDvaF349TRVY4BEKozPMAmCcsoieEN"}
[ Tue Aug 15 2017 16:28:00 GMT+0800 (CST) ] time is 1683
[ Tue Aug 15 2017 16:28:00 GMT+0800 (CST) ] {"err":0,"msg":"JWAiB6RikDawpF26ft1yVZPnHLtvrXYfQB"}
[ Tue Aug 15 2017 16:28:00 GMT+0800 (CST) ] time is 1679
[ Tue Aug 15 2017 16:28:00 GMT+0800 (CST) ] {"err":0,"msg":"JPKNBFv8NGDHMkswijF6wsqeG2cxZYFYoD"}
[ Tue Aug 15 2017 16:28:00 GMT+0800 (CST) ] time is 1676
[ Tue Aug 15 2017 16:28:00 GMT+0800 (CST) ] {"err":0,"msg":"JXzUPcdoqWPmR4x2oKXmHqtxycqg7zhMbr"}
[ Tue Aug 15 2017 16:28:00 GMT+0800 (CST) ] time is 1683
[ Tue Aug 15 2017 16:28:00 GMT+0800 (CST) ] {"err":0,"msg":"Jghn8jAV4GcqnPEhymsJXHKMudvh4u1Q7X"}
[ Tue Aug 15 2017 16:28:00 GMT+0800 (CST) ] time is 1684
[ Tue Aug 15 2017 16:28:00 GMT+0800 (CST) ] {"err":0,"msg":"JMyj3ockRkV83JK1QX9YpdGdXCJPkRPLkL"}
[ Tue Aug 15 2017 16:28:00 GMT+0800 (CST) ] time is 1680
[ Tue Aug 15 2017 16:28:00 GMT+0800 (CST) ] {"err":0,"msg":"JWGgCaEyChnQaKc4MN8kaAUEBQivrA69Ny"}
[ Tue Aug 15 2017 16:28:00 GMT+0800 (CST) ] time is 1677
[ Tue Aug 15 2017 16:28:00 GMT+0800 (CST) ] {"err":0,"msg":"JZStoiPjHpVUWiYAbFvd6p6rgmLF6MchQA"}
[ Tue Aug 15 2017 16:28:00 GMT+0800 (CST) ] time is 1684
[ Tue Aug 15 2017 16:28:00 GMT+0800 (CST) ] {"err":0,"msg":"JJivCyK8Z5jAtocB5DaP3Bu16wLtxpmcFh"}
[ Tue Aug 15 2017 16:28:00 GMT+0800 (CST) ] time is 1685
[ Tue Aug 15 2017 16:28:00 GMT+0800 (CST) ] {"err":0,"msg":"JZZvjWzvKE4jXM8Z6Xk4cueX8UX6V2nQ3T"}
[ Tue Aug 15 2017 16:28:00 GMT+0800 (CST) ] time is 1681
[ Tue Aug 15 2017 16:28:00 GMT+0800 (CST) ] {"err":0,"msg":"JaWYqhxbUh2ht8aeqndAL1FitBzt2sRg9r"}
[ Tue Aug 15 2017 16:28:00 GMT+0800 (CST) ] time is 1678
[ Tue Aug 15 2017 16:28:00 GMT+0800 (CST) ] {"err":0,"msg":"JSA9RetLiHeacrmLaQXVFyisBWucNudUtn"}
[ Tue Aug 15 2017 16:28:00 GMT+0800 (CST) ] time is 1685
[ Tue Aug 15 2017 16:28:00 GMT+0800 (CST) ] {"err":0,"msg":"Jh8KcKT4ns1P4ksLqsS1VSMNMCwqLwJRvB"}
[ Tue Aug 15 2017 16:28:00 GMT+0800 (CST) ] time is 1686
[ Tue Aug 15 2017 16:28:00 GMT+0800 (CST) ] {"err":0,"msg":"JLnXTpffpoHSTiAc885yWgFzK1RtujgwHE"}
[ Tue Aug 15 2017 16:28:00 GMT+0800 (CST) ] time is 1682
[ Tue Aug 15 2017 16:28:00 GMT+0800 (CST) ] {"err":0,"msg":"Jc66uPzoHS5jAKxBGqToTGFCMfue4wXADo"}
[ Tue Aug 15 2017 16:28:00 GMT+0800 (CST) ] time is 1679
[ Tue Aug 15 2017 16:28:00 GMT+0800 (CST) ] {"err":0,"msg":"JJoMkU4SeB4PkVRaH6dyTeU4perLUgKfan"}
[ Tue Aug 15 2017 16:28:00 GMT+0800 (CST) ] time is 1686
[ Tue Aug 15 2017 16:28:00 GMT+0800 (CST) ] {"err":0,"msg":"JX4mheRv3ob2UiHgQLGhW9T8D1c2D5RjK8"}
[ Tue Aug 15 2017 16:28:00 GMT+0800 (CST) ] time is 1687
[ Tue Aug 15 2017 16:28:00 GMT+0800 (CST) ] {"err":0,"msg":"JRrsoW84r8MMSWCwNsamWzsAc3LJKmiyXm"}
[ Tue Aug 15 2017 16:28:00 GMT+0800 (CST) ] time is 1683
[ Tue Aug 15 2017 16:28:00 GMT+0800 (CST) ] {"err":0,"msg":"JTz1WWCY3t8EmwoeZoDMbGKXuTz4fF6FU3"}
[ Tue Aug 15 2017 16:28:00 GMT+0800 (CST) ] time is 1680
[ Tue Aug 15 2017 16:28:00 GMT+0800 (CST) ] {"err":0,"msg":"JgyxkGe5dP5iUvEatnLgBhsnMZePow1LXq"}
[ Tue Aug 15 2017 16:28:00 GMT+0800 (CST) ] time is 1687
[ Tue Aug 15 2017 16:28:00 GMT+0800 (CST) ] {"err":0,"msg":"JdM3wKwzPDkSNJDbuyDA5Cr3oWHz34HkQk"}
[ Tue Aug 15 2017 16:28:00 GMT+0800 (CST) ] time is 1688
[ Tue Aug 15 2017 16:28:00 GMT+0800 (CST) ] {"err":0,"msg":"JTJK9vmVoT1h4wDAJPDNJUJeNENnxt6xHp"}
[ Tue Aug 15 2017 16:28:00 GMT+0800 (CST) ] time is 1684
[ Tue Aug 15 2017 16:28:00 GMT+0800 (CST) ] {"err":0,"msg":"JQvoJG3deepE7TPDV7z46B85TA1xXMVqu8"}
[ Tue Aug 15 2017 16:28:00 GMT+0800 (CST) ] time is 1681
[ Tue Aug 15 2017 16:28:00 GMT+0800 (CST) ] {"err":0,"msg":"JgzLNjix5gYpBqF6u2vFATkR1FNksBAeYo"}
[ Tue Aug 15 2017 16:28:00 GMT+0800 (CST) ] time is 1688
[ Tue Aug 15 2017 16:28:00 GMT+0800 (CST) ] {"err":0,"msg":"JNbuB2yMBn56q8KwSozN4fvQ889DsxbcnL"}
[ Tue Aug 15 2017 16:28:00 GMT+0800 (CST) ] time is 1689
[ Tue Aug 15 2017 16:28:00 GMT+0800 (CST) ] {"err":0,"msg":"JX7scGbYuKRBVXjBHQa7By3Bpnms9w5bWn"}
[ Tue Aug 15 2017 16:28:00 GMT+0800 (CST) ] time is 1685
[ Tue Aug 15 2017 16:28:00 GMT+0800 (CST) ] {"err":0,"msg":"JThwUPmT8EdL6GSaUWBoPZTNPu8NsJqBGN"}
[ Tue Aug 15 2017 16:28:00 GMT+0800 (CST) ] time is 1682
[ Tue Aug 15 2017 16:28:00 GMT+0800 (CST) ] {"err":0,"msg":"JNFF4pVTJ8ifeNu4G6HaRZEwTfhotAtac1"}
[ Tue Aug 15 2017 16:28:00 GMT+0800 (CST) ] time is 1689
[ Tue Aug 15 2017 16:28:00 GMT+0800 (CST) ] {"err":0,"msg":"JWKv8N9F1ZqgkyvqdnUJ4ey3ZBo3uFjXEq"}
[ Tue Aug 15 2017 16:28:00 GMT+0800 (CST) ] time is 1690
[ Tue Aug 15 2017 16:28:00 GMT+0800 (CST) ] {"err":0,"msg":"JPPae7wUgHW4Nx9BeCS2hBvfmN9GGW7T4J"}
[ Tue Aug 15 2017 16:28:00 GMT+0800 (CST) ] time is 1686
[ Tue Aug 15 2017 16:28:00 GMT+0800 (CST) ] {"err":0,"msg":"JUiNUNemcdzHkmw6stc4m4KgZq46atQzrX"}
[ Tue Aug 15 2017 16:28:00 GMT+0800 (CST) ] time is 1683
[ Tue Aug 15 2017 16:28:00 GMT+0800 (CST) ] {"err":0,"msg":"Jdnk2vLFdFwRkFR5GznhFmsvJ6tQaTytGj"}
[ Tue Aug 15 2017 16:28:00 GMT+0800 (CST) ] time is 1690
[ Tue Aug 15 2017 16:28:00 GMT+0800 (CST) ] {"err":0,"msg":"JhNU4Ea5n8LqYLzwy8be9hirYcPehHeoBn"}
[ Tue Aug 15 2017 16:28:00 GMT+0800 (CST) ] time is 1691
[ Tue Aug 15 2017 16:28:00 GMT+0800 (CST) ] {"err":0,"msg":"JfYgT4ucQ7TgNCDWjPKz6Z19sCG5e7ERei"}
[ Tue Aug 15 2017 16:28:00 GMT+0800 (CST) ] time is 1687
[ Tue Aug 15 2017 16:28:00 GMT+0800 (CST) ] {"err":0,"msg":"JaaKwUfNUrCV7pfdfLXni86JZHbgsdK6g9"}
[ Tue Aug 15 2017 16:28:00 GMT+0800 (CST) ] time is 1684
[ Tue Aug 15 2017 16:28:00 GMT+0800 (CST) ] {"err":0,"msg":"JVb5U7hUsSSaNuzt367bNMfe2q4Jx5LVw5"}
[ Tue Aug 15 2017 16:28:00 GMT+0800 (CST) ] time is 1691
[ Tue Aug 15 2017 16:28:00 GMT+0800 (CST) ] {"err":0,"msg":"JLk2zH4hbv2HfTcpasnmxVe1pcdAnRyKTC"}
[ Tue Aug 15 2017 16:28:00 GMT+0800 (CST) ] time is 1692
[ Tue Aug 15 2017 16:28:00 GMT+0800 (CST) ] {"err":0,"msg":"Jap8XQPbPcFyKkpQ5hG2nhGpcJJw94GuhK"}
[ Tue Aug 15 2017 16:28:00 GMT+0800 (CST) ] time is 1688
[ Tue Aug 15 2017 16:28:00 GMT+0800 (CST) ] {"err":0,"msg":"JhmRdEH193ACBtkavf8RGKDrxJv3rVvjpk"}
[ Tue Aug 15 2017 16:28:00 GMT+0800 (CST) ] time is 1685
[ Tue Aug 15 2017 16:28:00 GMT+0800 (CST) ] {"err":0,"msg":"JgypzvMTXEDMW4sVKGdin3KnQ9p4ABmXsX"}
[ Tue Aug 15 2017 16:28:00 GMT+0800 (CST) ] time is 1692
[ Tue Aug 15 2017 16:28:00 GMT+0800 (CST) ] {"err":0,"msg":"JPR3Bbo8t7SUPU9WRs5gTy6NCxefLzGam6"}
[ Tue Aug 15 2017 16:28:00 GMT+0800 (CST) ] time is 1693
[ Tue Aug 15 2017 16:28:00 GMT+0800 (CST) ] {"err":0,"msg":"JgM1BuB79wZ8ktqZxYfGrutgkjpPA463hb"}
[ Tue Aug 15 2017 16:28:00 GMT+0800 (CST) ] time is 1689
[ Tue Aug 15 2017 16:28:00 GMT+0800 (CST) ] {"err":0,"msg":"JZdQPSwPgWLwwCS7BXXKWkFenaLCwXapME"}
[ Tue Aug 15 2017 16:28:00 GMT+0800 (CST) ] time is 1686
[ Tue Aug 15 2017 16:28:00 GMT+0800 (CST) ] {"err":0,"msg":"Jb1wB143QZK7aXNR6xLYU5KMfU3pEQdnDJ"}
[ Tue Aug 15 2017 16:28:00 GMT+0800 (CST) ] time is 1693
[ Tue Aug 15 2017 16:28:00 GMT+0800 (CST) ] {"err":0,"msg":"JSQZ7vSBv2cr4e8biC8fPo7TtLWJ87AhmB"}
[ Tue Aug 15 2017 16:28:00 GMT+0800 (CST) ] time is 1694
[ Tue Aug 15 2017 16:28:00 GMT+0800 (CST) ] {"err":0,"msg":"JMnNtyPpUrStYUi329tQmzTHhSGspYYXPW"}
[ Tue Aug 15 2017 16:28:00 GMT+0800 (CST) ] time is 1690
[ Tue Aug 15 2017 16:28:00 GMT+0800 (CST) ] {"err":0,"msg":"Jbb5nc9DshVTs3MWJYUAsC4zB9NuC32DDN"}
[ Tue Aug 15 2017 16:28:00 GMT+0800 (CST) ] time is 1687
[ Tue Aug 15 2017 16:28:00 GMT+0800 (CST) ] {"err":0,"msg":"JW86aCH7w9U9KJf6wUG3p9k8pWUSyc9oWF"}
[ Tue Aug 15 2017 16:28:00 GMT+0800 (CST) ] time is 1694
[ Tue Aug 15 2017 16:28:00 GMT+0800 (CST) ] {"err":0,"msg":"JVWjaYE8RgVTjhJQxAkwH3NtD36gF3z4rZ"}
[ Tue Aug 15 2017 16:28:00 GMT+0800 (CST) ] time is 1695
[ Tue Aug 15 2017 16:28:00 GMT+0800 (CST) ] {"err":0,"msg":"JgAf4TjtkMWzYMPF7cQmTXKF3AehSfPAUC"}
[ Tue Aug 15 2017 16:28:00 GMT+0800 (CST) ] time is 1691
[ Tue Aug 15 2017 16:28:00 GMT+0800 (CST) ] {"err":0,"msg":"JQP26EzQfsuBT4fR4v5MaBGu96isysS3Uo"}
[ Tue Aug 15 2017 16:28:00 GMT+0800 (CST) ] time is 1688
[ Tue Aug 15 2017 16:28:00 GMT+0800 (CST) ] {"err":0,"msg":"JdiZCXiidkXawMNF9MfnrUFXuczrvMRfsC"}
[ Tue Aug 15 2017 16:28:00 GMT+0800 (CST) ] time is 1695
[ Tue Aug 15 2017 16:28:00 GMT+0800 (CST) ] {"err":0,"msg":"JfHRuboq9w5aRv17d38n4u5uHNtNf2Cp8t"}
[ Tue Aug 15 2017 16:28:00 GMT+0800 (CST) ] time is 1696
[ Tue Aug 15 2017 16:28:00 GMT+0800 (CST) ] {"err":0,"msg":"JVenGVbrQEuGiAs1d6NbZSTNkGBTY9T8Zy"}
[ Tue Aug 15 2017 16:28:01 GMT+0800 (CST) ] time is 1692
[ Tue Aug 15 2017 16:28:01 GMT+0800 (CST) ] {"err":0,"msg":"JQfvi9gmAQFTYpquKfqvLqP17ivdWdMzjJ"}
[ Tue Aug 15 2017 16:28:01 GMT+0800 (CST) ] time is 1689
[ Tue Aug 15 2017 16:28:01 GMT+0800 (CST) ] {"err":0,"msg":"JYLszHh9WiA5yeaJv96Uf9tohmujL2S7pe"}
[ Tue Aug 15 2017 16:28:01 GMT+0800 (CST) ] time is 1696
[ Tue Aug 15 2017 16:28:01 GMT+0800 (CST) ] {"err":0,"msg":"JXesgkPHmHXf9MtPYXzjfyGPS3YxJu2QNY"}
[ Tue Aug 15 2017 16:28:01 GMT+0800 (CST) ] time is 1697
[ Tue Aug 15 2017 16:28:01 GMT+0800 (CST) ] {"err":0,"msg":"Jg4wa8S17WjuGkMdwyzncZW58yxprxzZCC"}
[ Tue Aug 15 2017 16:28:01 GMT+0800 (CST) ] time is 1693
[ Tue Aug 15 2017 16:28:01 GMT+0800 (CST) ] {"err":0,"msg":"JL1yhqNZnHHY9oP9e7ruHGrmeUirKFrBU5"}
[ Tue Aug 15 2017 16:28:01 GMT+0800 (CST) ] time is 1690
[ Tue Aug 15 2017 16:28:01 GMT+0800 (CST) ] {"err":0,"msg":"JhdaehFZ99rky3JHrcfhZdaryWd7592JrR"}
[ Tue Aug 15 2017 16:28:01 GMT+0800 (CST) ] time is 1697
[ Tue Aug 15 2017 16:28:01 GMT+0800 (CST) ] {"err":0,"msg":"JJzYnnGhXZRbtgksU2xwShdbyxsFs19myX"}
[ Tue Aug 15 2017 16:28:01 GMT+0800 (CST) ] time is 1694
[ Tue Aug 15 2017 16:28:01 GMT+0800 (CST) ] {"err":0,"msg":"JhZNPyhHFKFYhV6mRzbSgQmBjrAniwgMCj"}
[ Tue Aug 15 2017 16:28:01 GMT+0800 (CST) ] time is 1698
[ Tue Aug 15 2017 16:28:01 GMT+0800 (CST) ] {"err":0,"msg":"JJwdo4dQq4T8FKenw8htuC5G62kVvUhm3K"}
[ Tue Aug 15 2017 16:28:01 GMT+0800 (CST) ] time is 1691
[ Tue Aug 15 2017 16:28:01 GMT+0800 (CST) ] {"err":0,"msg":"JPxfDZ45ea4iHn22pYsnePcWvKKq79J6h6"}
[ Tue Aug 15 2017 16:28:01 GMT+0800 (CST) ] time is 1698
[ Tue Aug 15 2017 16:28:01 GMT+0800 (CST) ] {"err":0,"msg":"Jf5JXf7B3Ro8F4F66AjdjidM1i7Cw786Qt"}
[ Tue Aug 15 2017 16:28:01 GMT+0800 (CST) ] time is 1695
[ Tue Aug 15 2017 16:28:01 GMT+0800 (CST) ] {"err":0,"msg":"Jgysi77DuY8CnaGD8HyJoW5dE2QmnzbEfb"}
[ Tue Aug 15 2017 16:28:01 GMT+0800 (CST) ] time is 1699
[ Tue Aug 15 2017 16:28:01 GMT+0800 (CST) ] {"err":0,"msg":"JXeaq3EigwUFtPFufnrgHz7KZDSzEnkhF6"}
[ Tue Aug 15 2017 16:28:01 GMT+0800 (CST) ] time is 1692
[ Tue Aug 15 2017 16:28:01 GMT+0800 (CST) ] {"err":0,"msg":"JNBSvRQVyg8XL6kUbqMq5nfxKopcoq13GJ"}
[ Tue Aug 15 2017 16:28:01 GMT+0800 (CST) ] time is 1699
[ Tue Aug 15 2017 16:28:01 GMT+0800 (CST) ] {"err":0,"msg":"JSMX369Rpbgj2Q8aMf9qL6wuRAAAULKqWj"}
[ Tue Aug 15 2017 16:28:01 GMT+0800 (CST) ] time is 1696
[ Tue Aug 15 2017 16:28:01 GMT+0800 (CST) ] {"err":0,"msg":"JcsHozubN8ZtVuSS9WNL4oktSBYft42vvf"}
[ Tue Aug 15 2017 16:28:01 GMT+0800 (CST) ] time is 1700
[ Tue Aug 15 2017 16:28:01 GMT+0800 (CST) ] {"err":0,"msg":"JLSTsPT6ArudZ5uwapwQgqEE2Lo657Nw17"}
[ Tue Aug 15 2017 16:28:01 GMT+0800 (CST) ] time is 1693
[ Tue Aug 15 2017 16:28:01 GMT+0800 (CST) ] {"err":0,"msg":"JYiMPx3wQf3GUvenjtCQi8jsnv2ksorUxB"}
[ Tue Aug 15 2017 16:28:01 GMT+0800 (CST) ] time is 1700
[ Tue Aug 15 2017 16:28:01 GMT+0800 (CST) ] {"err":0,"msg":"JPzkSjf6t62b4fAnguprzrKU4Q9NiiyjkY"}
[ Tue Aug 15 2017 16:28:01 GMT+0800 (CST) ] time is 1697
[ Tue Aug 15 2017 16:28:01 GMT+0800 (CST) ] {"err":0,"msg":"JhnhUp8jeaAWR21pL9WppFx6Ha6RpHxdue"}
[ Tue Aug 15 2017 16:28:01 GMT+0800 (CST) ] time is 1701
[ Tue Aug 15 2017 16:28:01 GMT+0800 (CST) ] {"err":0,"msg":"JhEZLrcXNc5UebZP3XX3n4PUAxTAVEJQFo"}
[ Tue Aug 15 2017 16:28:01 GMT+0800 (CST) ] time is 1694
[ Tue Aug 15 2017 16:28:01 GMT+0800 (CST) ] {"err":0,"msg":"JPuA3U2D9ZNvM7n97wyrfuTZuCvDfLsAxU"}
[ Tue Aug 15 2017 16:28:01 GMT+0800 (CST) ] time is 1701
[ Tue Aug 15 2017 16:28:01 GMT+0800 (CST) ] {"err":0,"msg":"JMJ3uL1xoRQ5bfjVozmnLArzEpKSJxRhic"}
[ Tue Aug 15 2017 16:28:01 GMT+0800 (CST) ] time is 1698
[ Tue Aug 15 2017 16:28:01 GMT+0800 (CST) ] {"err":0,"msg":"JSrS8KbdrdLcxBZ5MU4sJjNhreVyowMY3Q"}
[ Tue Aug 15 2017 16:28:01 GMT+0800 (CST) ] time is 1702
[ Tue Aug 15 2017 16:28:01 GMT+0800 (CST) ] {"err":0,"msg":"JTRgxWpvCUHJBvzf5p4hVQehwjdftUEfyR"}
[ Tue Aug 15 2017 16:28:01 GMT+0800 (CST) ] time is 1695
[ Tue Aug 15 2017 16:28:01 GMT+0800 (CST) ] {"err":0,"msg":"JaetEWsxWD9KqxD4qW5r8uPejbWYibfZcG"}
[ Tue Aug 15 2017 16:28:01 GMT+0800 (CST) ] time is 1702
[ Tue Aug 15 2017 16:28:01 GMT+0800 (CST) ] {"err":0,"msg":"JUwUEY61Hpo4t3vZagSPXJuWPq6F9mdg7m"}
[ Tue Aug 15 2017 16:28:01 GMT+0800 (CST) ] time is 1699
[ Tue Aug 15 2017 16:28:01 GMT+0800 (CST) ] {"err":0,"msg":"JVQembuJ7nNQiNb2dVg2B3BYPCviGaxoqs"}
[ Tue Aug 15 2017 16:28:01 GMT+0800 (CST) ] time is 1703
[ Tue Aug 15 2017 16:28:01 GMT+0800 (CST) ] {"err":0,"msg":"JRMXDfNcCLSnvDisCtLLfY9pug6UN9ZjvY"}
[ Tue Aug 15 2017 16:28:01 GMT+0800 (CST) ] time is 1703
[ Tue Aug 15 2017 16:28:01 GMT+0800 (CST) ] {"err":0,"msg":"JKcdM32VAafxfQFuPFn4ickWdq84xpz4Lq"}
[ Tue Aug 15 2017 16:28:01 GMT+0800 (CST) ] time is 1696
[ Tue Aug 15 2017 16:28:01 GMT+0800 (CST) ] {"err":0,"msg":"Jg51MqwPZSnUoHYL8bpSCoRwX5sQp5TrvD"}
[ Tue Aug 15 2017 16:28:01 GMT+0800 (CST) ] time is 1700
[ Tue Aug 15 2017 16:28:01 GMT+0800 (CST) ] {"err":0,"msg":"JbMfM3XpEuPYtKxNQGDXgK3PbQ9PZdnFsu"}
[ Tue Aug 15 2017 16:28:01 GMT+0800 (CST) ] time is 1704
[ Tue Aug 15 2017 16:28:01 GMT+0800 (CST) ] {"err":0,"msg":"JNbmngWsLmX9U6q9Uovhzra4bm3Hhhu7YJ"}
[ Tue Aug 15 2017 16:28:01 GMT+0800 (CST) ] time is 1704
[ Tue Aug 15 2017 16:28:01 GMT+0800 (CST) ] {"err":0,"msg":"Jf86WUif8RKYZjybTRwbd8pDhD7dk4mKWM"}
[ Tue Aug 15 2017 16:28:01 GMT+0800 (CST) ] time is 1697
[ Tue Aug 15 2017 16:28:01 GMT+0800 (CST) ] {"err":0,"msg":"JQixmtvSvkcSBT6H9RXCzgUDZQ4GgNBkZk"}
[ Tue Aug 15 2017 16:28:01 GMT+0800 (CST) ] time is 1701
[ Tue Aug 15 2017 16:28:01 GMT+0800 (CST) ] {"err":0,"msg":"Jgvz5hmHUjNZG9RaAfXpWWzmHuzVeEtyUS"}
[ Tue Aug 15 2017 16:28:01 GMT+0800 (CST) ] time is 1705
[ Tue Aug 15 2017 16:28:01 GMT+0800 (CST) ] {"err":0,"msg":"JghenhkrLTVm5z94gJ6siVngh2Hqgg1Vjj"}
[ Tue Aug 15 2017 16:28:01 GMT+0800 (CST) ] time is 1705
[ Tue Aug 15 2017 16:28:01 GMT+0800 (CST) ] {"err":0,"msg":"Jg3zam8SDf3uWv15K2cXSkSjT7BAM6g1ij"}
[ Tue Aug 15 2017 16:28:01 GMT+0800 (CST) ] time is 1702
[ Tue Aug 15 2017 16:28:01 GMT+0800 (CST) ] {"err":0,"msg":"Jg6oodB4hKL44HaRgk2kT4Zq27sNm4WZAs"}
[ Tue Aug 15 2017 16:28:01 GMT+0800 (CST) ] time is 1698
[ Tue Aug 15 2017 16:28:01 GMT+0800 (CST) ] {"err":0,"msg":"Jg8QgQJA7XpqtRKM44xELbc37BTJiVjXTR"}
[ Tue Aug 15 2017 16:28:01 GMT+0800 (CST) ] time is 1706
[ Tue Aug 15 2017 16:28:01 GMT+0800 (CST) ] {"err":0,"msg":"JW2v72ELM1p5YZGcyMzvBRF9U4Xx1Hhxjv"}
[ Tue Aug 15 2017 16:28:01 GMT+0800 (CST) ] time is 1706
[ Tue Aug 15 2017 16:28:01 GMT+0800 (CST) ] {"err":0,"msg":"Jb7RuAPrstQnaFifCec4edwmG92vroa5ib"}
[ Tue Aug 15 2017 16:28:01 GMT+0800 (CST) ] time is 1703
[ Tue Aug 15 2017 16:28:01 GMT+0800 (CST) ] {"err":0,"msg":"JfN4ipcFMi5KKChJkfxebLhaHM9eA88ecc"}
[ Tue Aug 15 2017 16:28:01 GMT+0800 (CST) ] time is 1699
[ Tue Aug 15 2017 16:28:01 GMT+0800 (CST) ] {"err":0,"msg":"JK4NWPfbkowfDY9twUgxZ5hJUR2mk7ye6Y"}
[ Tue Aug 15 2017 16:28:01 GMT+0800 (CST) ] time is 1707
[ Tue Aug 15 2017 16:28:01 GMT+0800 (CST) ] {"err":0,"msg":"JdAumBQ3rJXfZPRtvZx9yfghW6tvnQL8qr"}
[ Tue Aug 15 2017 16:28:01 GMT+0800 (CST) ] time is 1707
[ Tue Aug 15 2017 16:28:01 GMT+0800 (CST) ] {"err":0,"msg":"JWvAuhSF4Q9YctdY6gQ9qWieAacJViKhUb"}
[ Tue Aug 15 2017 16:28:01 GMT+0800 (CST) ] time is 1704
[ Tue Aug 15 2017 16:28:01 GMT+0800 (CST) ] {"err":0,"msg":"JRcsckxSumr3vBY7G4WS8JEJywPsMC2oZR"}
[ Tue Aug 15 2017 16:28:01 GMT+0800 (CST) ] time is 1700
[ Tue Aug 15 2017 16:28:01 GMT+0800 (CST) ] {"err":0,"msg":"JSZUSjCKe9FtD6M7MqSAknKofaqt2onYjC"}
[ Tue Aug 15 2017 16:28:01 GMT+0800 (CST) ] time is 1708
[ Tue Aug 15 2017 16:28:01 GMT+0800 (CST) ] {"err":0,"msg":"JeQw4bTyz4RapUXw4xpD8zSUTJ93ELi8Da"}
[ Tue Aug 15 2017 16:28:01 GMT+0800 (CST) ] time is 1708
[ Tue Aug 15 2017 16:28:01 GMT+0800 (CST) ] {"err":0,"msg":"JU58CTNc4tvtQaYVpTCa8qZJ3jyqScr7iC"}
[ Tue Aug 15 2017 16:28:01 GMT+0800 (CST) ] time is 1705
[ Tue Aug 15 2017 16:28:01 GMT+0800 (CST) ] {"err":0,"msg":"JWUGwE3FQqFaLx3LGu3XbNCVhsdQBjjmkv"}
[ Tue Aug 15 2017 16:28:01 GMT+0800 (CST) ] time is 1701
[ Tue Aug 15 2017 16:28:01 GMT+0800 (CST) ] {"err":0,"msg":"Jcaa58xk8gTQJmpysyChWT8gPcbdnqASHs"}
[ Tue Aug 15 2017 16:28:01 GMT+0800 (CST) ] time is 1709
[ Tue Aug 15 2017 16:28:01 GMT+0800 (CST) ] {"err":0,"msg":"JRWpbPVCq5HgtkWddnm8aeZCs8fpM7vKTv"}
[ Tue Aug 15 2017 16:28:01 GMT+0800 (CST) ] time is 1709
[ Tue Aug 15 2017 16:28:01 GMT+0800 (CST) ] {"err":0,"msg":"JbxoHTPyGrC8z9SorHVu7PkYW93VC3wH7B"}
[ Tue Aug 15 2017 16:28:01 GMT+0800 (CST) ] time is 1706
[ Tue Aug 15 2017 16:28:01 GMT+0800 (CST) ] {"err":0,"msg":"JgXaDYvrseyUyFT6GJjQXtUyPuw1KCqaWw"}
[ Tue Aug 15 2017 16:28:01 GMT+0800 (CST) ] time is 1702
[ Tue Aug 15 2017 16:28:01 GMT+0800 (CST) ] {"err":0,"msg":"JNHE5XVn3kDCdMDwgZhwb8Y1FU63Djq4oD"}
[ Tue Aug 15 2017 16:28:01 GMT+0800 (CST) ] time is 1710
[ Tue Aug 15 2017 16:28:01 GMT+0800 (CST) ] {"err":0,"msg":"JVtHF5P1hoM9F4E8hXDtjnicigEJGT6H7w"}
[ Tue Aug 15 2017 16:28:01 GMT+0800 (CST) ] time is 1710
[ Tue Aug 15 2017 16:28:01 GMT+0800 (CST) ] {"err":0,"msg":"JPihEpSyyih3DkwiV2j87PjikRbgrbTYFt"}
[ Tue Aug 15 2017 16:28:01 GMT+0800 (CST) ] time is 1707
[ Tue Aug 15 2017 16:28:01 GMT+0800 (CST) ] {"err":0,"msg":"Jaw9ZRtveEPDy4z4gqH3XnJBVZCbHsVSdX"}
[ Tue Aug 15 2017 16:28:01 GMT+0800 (CST) ] time is 1703
[ Tue Aug 15 2017 16:28:01 GMT+0800 (CST) ] {"err":0,"msg":"JMtWV1d7bMeh3J5GqyALFYiP95fViX5Y6n"}
[ Tue Aug 15 2017 16:28:01 GMT+0800 (CST) ] time is 1711
[ Tue Aug 15 2017 16:28:01 GMT+0800 (CST) ] {"err":0,"msg":"JVEsVm8sywqZnX8ZnzPQdZLxDmcYKhXgwo"}
[ Tue Aug 15 2017 16:28:01 GMT+0800 (CST) ] time is 1711
[ Tue Aug 15 2017 16:28:01 GMT+0800 (CST) ] {"err":0,"msg":"JX3NbxsiaCwkq1UJbC53CHy4HyDjbnmTZk"}
[ Tue Aug 15 2017 16:28:01 GMT+0800 (CST) ] time is 1708
[ Tue Aug 15 2017 16:28:01 GMT+0800 (CST) ] {"err":0,"msg":"JSkX7RyDoXpoABfsqMheXoWNa5tvr6jeR4"}
[ Tue Aug 15 2017 16:28:01 GMT+0800 (CST) ] time is 1704
[ Tue Aug 15 2017 16:28:01 GMT+0800 (CST) ] {"err":0,"msg":"JbE32qP9iHzj9eDiBhU16GNDvLTi167YP1"}
[ Tue Aug 15 2017 16:28:01 GMT+0800 (CST) ] time is 1712
[ Tue Aug 15 2017 16:28:01 GMT+0800 (CST) ] {"err":0,"msg":"JR41Zv6uURPF5b2Q8TFSgDcacgPbRBhejz"}
[ Tue Aug 15 2017 16:28:01 GMT+0800 (CST) ] time is 1712
[ Tue Aug 15 2017 16:28:01 GMT+0800 (CST) ] {"err":0,"msg":"JYB5jWSr516oFMtUdJTVJEV4UuCtRo5i44"}
[ Tue Aug 15 2017 16:28:01 GMT+0800 (CST) ] time is 1709
[ Tue Aug 15 2017 16:28:01 GMT+0800 (CST) ] {"err":0,"msg":"JaZekrQPd9fWs7zjXJoGA92YUtUANHS5Jv"}
[ Tue Aug 15 2017 16:28:01 GMT+0800 (CST) ] time is 1705
[ Tue Aug 15 2017 16:28:01 GMT+0800 (CST) ] {"err":0,"msg":"JeRVnsozubQ2ghQ6YwCD5o5EreqHV2PcTZ"}
[ Tue Aug 15 2017 16:28:01 GMT+0800 (CST) ] time is 1713
[ Tue Aug 15 2017 16:28:01 GMT+0800 (CST) ] {"err":0,"msg":"Jfr6oMkkAPRkpYpZqFbrcuaoZTknJ9Ng1k"}
[ Tue Aug 15 2017 16:28:01 GMT+0800 (CST) ] {"err":0,"msg":"JVSGG8F8DeqgjsAfqscMWEuZYbeVAB87yK"}
[ Tue Aug 15 2017 16:28:01 GMT+0800 (CST) ] time is 1713
[ Tue Aug 15 2017 16:28:01 GMT+0800 (CST) ] time is 1710
[ Tue Aug 15 2017 16:28:01 GMT+0800 (CST) ] {"err":0,"msg":"JV8L459smvQ58aSY6ovNsEPkguviXqj3Nc"}
[ Tue Aug 15 2017 16:28:02 GMT+0800 (CST) ] time is 1714
[ Tue Aug 15 2017 16:28:02 GMT+0800 (CST) ] {"err":0,"msg":"JNTBGJBoSHBaWZF7vLLHouEU5buq4aowAR"}
[ Tue Aug 15 2017 16:28:02 GMT+0800 (CST) ] time is 1706
[ Tue Aug 15 2017 16:28:02 GMT+0800 (CST) ] {"err":0,"msg":"JUtBjGuUyDTLoQHwnGRzUxUEQsSWVdDFSn"}
[ Tue Aug 15 2017 16:28:02 GMT+0800 (CST) ] time is 1714
[ Tue Aug 15 2017 16:28:02 GMT+0800 (CST) ] {"err":0,"msg":"JTgXCs7xyKTuHR92bLJ3srxJYRq8gFJRQi"}
[ Tue Aug 15 2017 16:28:02 GMT+0800 (CST) ] time is 1711
[ Tue Aug 15 2017 16:28:02 GMT+0800 (CST) ] {"err":0,"msg":"JaDCnFSLF8vfKc9MqgaAB3UhbSxZW5oeq5"}
[ Tue Aug 15 2017 16:28:02 GMT+0800 (CST) ] time is 1715
[ Tue Aug 15 2017 16:28:02 GMT+0800 (CST) ] {"err":0,"msg":"JZHpQaN71V3fLCUKBBm7F8246oo1hauH6r"}
[ Tue Aug 15 2017 16:28:02 GMT+0800 (CST) ] time is 1707
[ Tue Aug 15 2017 16:28:02 GMT+0800 (CST) ] {"err":0,"msg":"JTPoPhH7tNGh1XwZ7vk2Sdcgg8kSGaof75"}
[ Tue Aug 15 2017 16:28:02 GMT+0800 (CST) ] time is 1715
[ Tue Aug 15 2017 16:28:02 GMT+0800 (CST) ] {"err":0,"msg":"JMZErd7ZxmNaJsMtu5tbdpWnjfWWsDra4T"}
[ Tue Aug 15 2017 16:28:02 GMT+0800 (CST) ] time is 1712
[ Tue Aug 15 2017 16:28:02 GMT+0800 (CST) ] {"err":0,"msg":"JSXT6UG3aEjKkJpqBqPERjdRNoapMKzB5E"}
[ Tue Aug 15 2017 16:28:02 GMT+0800 (CST) ] time is 1716
[ Tue Aug 15 2017 16:28:02 GMT+0800 (CST) ] {"err":0,"msg":"JU2tXXzzNuLrD8vgFWyVPpQFVxwVrGP4o7"}
[ Tue Aug 15 2017 16:28:02 GMT+0800 (CST) ] time is 1708
[ Tue Aug 15 2017 16:28:02 GMT+0800 (CST) ] {"err":0,"msg":"JdeTSKMGfWLfKSQ2qx4eMbciU8s1zTFzuH"}
[ Tue Aug 15 2017 16:28:02 GMT+0800 (CST) ] time is 1716
[ Tue Aug 15 2017 16:28:02 GMT+0800 (CST) ] {"err":0,"msg":"JfyGPM1pGvL66WENfePj765QQZTye8XbRp"}
[ Tue Aug 15 2017 16:28:02 GMT+0800 (CST) ] time is 1713
[ Tue Aug 15 2017 16:28:02 GMT+0800 (CST) ] {"err":0,"msg":"JUr9FCQA5F9cJ33cooggCESDNj5Z8VC4bs"}
[ Tue Aug 15 2017 16:28:02 GMT+0800 (CST) ] time is 1717
[ Tue Aug 15 2017 16:28:02 GMT+0800 (CST) ] {"err":0,"msg":"JSFpQ3tDqByTL45WqdQ8GcYcLNgKrEgCRq"}
[ Tue Aug 15 2017 16:28:02 GMT+0800 (CST) ] time is 1709
[ Tue Aug 15 2017 16:28:02 GMT+0800 (CST) ] {"err":0,"msg":"JZmg8G5YPJpXyxtv7MY1yU6tvAnsA14KNT"}
[ Tue Aug 15 2017 16:28:02 GMT+0800 (CST) ] time is 1717
[ Tue Aug 15 2017 16:28:02 GMT+0800 (CST) ] {"err":0,"msg":"JLzGtR6ZGZ9L1p69EaCebvs21dt5SNgirh"}
[ Tue Aug 15 2017 16:28:02 GMT+0800 (CST) ] time is 1714
[ Tue Aug 15 2017 16:28:02 GMT+0800 (CST) ] {"err":0,"msg":"JQSHhn6W6oebYRv1He8AMhkTGdgsdE25K4"}
[ Tue Aug 15 2017 16:28:02 GMT+0800 (CST) ] time is 1718
[ Tue Aug 15 2017 16:28:02 GMT+0800 (CST) ] {"err":0,"msg":"JaHpVfpuve4XWpaHRvWiR9Yq865xRNTFQw"}
[ Tue Aug 15 2017 16:28:02 GMT+0800 (CST) ] time is 1710
[ Tue Aug 15 2017 16:28:02 GMT+0800 (CST) ] {"err":0,"msg":"JPqVaNFJFByeFmuEVaunbUmymVzBxAkWNM"}
[ Tue Aug 15 2017 16:28:02 GMT+0800 (CST) ] time is 1718
[ Tue Aug 15 2017 16:28:02 GMT+0800 (CST) ] {"err":0,"msg":"JVjANyVrVb91X9YYrpXoBx3p76Xrk5kcee"}
[ Tue Aug 15 2017 16:28:02 GMT+0800 (CST) ] time is 1715
[ Tue Aug 15 2017 16:28:02 GMT+0800 (CST) ] {"err":0,"msg":"JNhEBzPfndSaLf9mqAgwHHcW6LBdeWuc3L"}
[ Tue Aug 15 2017 16:28:02 GMT+0800 (CST) ] time is 1719
[ Tue Aug 15 2017 16:28:02 GMT+0800 (CST) ] {"err":0,"msg":"JLF4ySEH5LHz81awuWiwZogBNQxcTJRYnm"}
[ Tue Aug 15 2017 16:28:02 GMT+0800 (CST) ] time is 1711
[ Tue Aug 15 2017 16:28:02 GMT+0800 (CST) ] {"err":0,"msg":"JerkZTkETwjfCxisc47HGVwnfmsz1YmQpw"}
[ Tue Aug 15 2017 16:28:02 GMT+0800 (CST) ] time is 1719
[ Tue Aug 15 2017 16:28:02 GMT+0800 (CST) ] {"err":0,"msg":"JUsoBXRFq9bDcJPZVEJMdgoQ8U1PrPAeUX"}
[ Tue Aug 15 2017 16:28:02 GMT+0800 (CST) ] {"err":0,"msg":"JWR7mbtj4zqucfwzYPFfboFu7USVP52tok"}
[ Tue Aug 15 2017 16:28:02 GMT+0800 (CST) ] time is 1716
[ Tue Aug 15 2017 16:28:02 GMT+0800 (CST) ] time is 1720
[ Tue Aug 15 2017 16:28:02 GMT+0800 (CST) ] {"err":0,"msg":"JTziUn6p6xERf5iFfsAio411rxrueV1rYN"}
[ Tue Aug 15 2017 16:28:02 GMT+0800 (CST) ] time is 1712
[ Tue Aug 15 2017 16:28:02 GMT+0800 (CST) ] {"err":0,"msg":"JKGkRc9cFdyH3SGwbXAkKGjVu8AWxX6a2w"}
[ Tue Aug 15 2017 16:28:02 GMT+0800 (CST) ] time is 1720
[ Tue Aug 15 2017 16:28:02 GMT+0800 (CST) ] {"err":0,"msg":"JZmM6Nvi99SqgsK65zhfLWF3JQjCTd3B7Q"}
[ Tue Aug 15 2017 16:28:02 GMT+0800 (CST) ] time is 1717
[ Tue Aug 15 2017 16:28:02 GMT+0800 (CST) ] {"err":0,"msg":"JSgMd2WmMNjua4b25XZc6K4LtTth53LXAB"}
[ Tue Aug 15 2017 16:28:02 GMT+0800 (CST) ] time is 1721
[ Tue Aug 15 2017 16:28:02 GMT+0800 (CST) ] {"err":0,"msg":"JNgRqgn6QUPjhPavzRggPPs2uxMyZN1935"}
[ Tue Aug 15 2017 16:28:02 GMT+0800 (CST) ] time is 1713
[ Tue Aug 15 2017 16:28:02 GMT+0800 (CST) ] {"err":0,"msg":"JTUZmWmAZ6hjwFRDmcemfCV5za4CiP9h6B"}
[ Tue Aug 15 2017 16:28:02 GMT+0800 (CST) ] time is 1721
[ Tue Aug 15 2017 16:28:02 GMT+0800 (CST) ] {"err":0,"msg":"JTKRg5BVtnNusm4FbC5YUt3LTyUMHcWr8J"}
[ Tue Aug 15 2017 16:28:02 GMT+0800 (CST) ] time is 1718
[ Tue Aug 15 2017 16:28:02 GMT+0800 (CST) ] {"err":0,"msg":"JZUjSywXu9rkS9kjbqEEZxD8EhcpCvCB7Q"}
[ Tue Aug 15 2017 16:28:02 GMT+0800 (CST) ] time is 1722
[ Tue Aug 15 2017 16:28:02 GMT+0800 (CST) ] {"err":0,"msg":"JKkSDb9uo6EFtXZe1bzpt8s79HgXpJxjyZ"}
[ Tue Aug 15 2017 16:28:02 GMT+0800 (CST) ] time is 1714
[ Tue Aug 15 2017 16:28:02 GMT+0800 (CST) ] {"err":0,"msg":"JWtNqNpzcFwybXN5YQTuE5oNUhDjSsGt2c"}
[ Tue Aug 15 2017 16:28:02 GMT+0800 (CST) ] time is 1722
[ Tue Aug 15 2017 16:28:02 GMT+0800 (CST) ] {"err":0,"msg":"JQ8nPog9A2pTeBASkTsK3K393i1aDdhiTt"}
[ Tue Aug 15 2017 16:28:02 GMT+0800 (CST) ] time is 1723
[ Tue Aug 15 2017 16:28:02 GMT+0800 (CST) ] {"err":0,"msg":"JYTpV6zsdm4kc2QBruSumR6MQRFxEfoGcd"}
[ Tue Aug 15 2017 16:28:02 GMT+0800 (CST) ] time is 1719
[ Tue Aug 15 2017 16:28:02 GMT+0800 (CST) ] {"err":0,"msg":"JasJ7nC5mV8zD9N2THp3QFpgFKzDwjYkED"}
[ Tue Aug 15 2017 16:28:02 GMT+0800 (CST) ] time is 1715
[ Tue Aug 15 2017 16:28:02 GMT+0800 (CST) ] {"err":0,"msg":"JSHMCeaQqKuHAeZU6sNRfdWSndMfLTfBwt"}
[ Tue Aug 15 2017 16:28:02 GMT+0800 (CST) ] time is 1723
[ Tue Aug 15 2017 16:28:02 GMT+0800 (CST) ] {"err":0,"msg":"JTw2YUsAYaJJ7qyinKn9r9vH5d4vxa189y"}
[ Tue Aug 15 2017 16:28:02 GMT+0800 (CST) ] time is 1724
[ Tue Aug 15 2017 16:28:02 GMT+0800 (CST) ] {"err":0,"msg":"JLo9u3CfD1bm4KN5fQ5xNxPkqC7Qr2PVyM"}
[ Tue Aug 15 2017 16:28:02 GMT+0800 (CST) ] time is 1720
[ Tue Aug 15 2017 16:28:02 GMT+0800 (CST) ] {"err":0,"msg":"JQB9EHTB9goCXmcKYa13oRH6KhkdX64UKp"}
[ Tue Aug 15 2017 16:28:02 GMT+0800 (CST) ] time is 1716
[ Tue Aug 15 2017 16:28:02 GMT+0800 (CST) ] {"err":0,"msg":"JUTAEofit6DzYX8pmkgV2nWZxeL8hMpTiC"}
[ Tue Aug 15 2017 16:28:02 GMT+0800 (CST) ] time is 1724
[ Tue Aug 15 2017 16:28:02 GMT+0800 (CST) ] {"err":0,"msg":"JPJwrrydRgQ37tTeFpqzGg179TXTcmyZWR"}
[ Tue Aug 15 2017 16:28:02 GMT+0800 (CST) ] {"err":0,"msg":"Je8EEKSiXWnhRfUNowVNMG4d9Si41fd7R1"}
[ Tue Aug 15 2017 16:28:02 GMT+0800 (CST) ] time is 1725
[ Tue Aug 15 2017 16:28:02 GMT+0800 (CST) ] time is 1721
[ Tue Aug 15 2017 16:28:02 GMT+0800 (CST) ] {"err":0,"msg":"JLQXFACKRpjfegBNtUQBUAkArSSDvTNLeH"}
[ Tue Aug 15 2017 16:28:02 GMT+0800 (CST) ] time is 1717
[ Tue Aug 15 2017 16:28:02 GMT+0800 (CST) ] {"err":0,"msg":"JRHBRfvm77FdVXovgaVmZEmfqZGN85hFYU"}
[ Tue Aug 15 2017 16:28:02 GMT+0800 (CST) ] time is 1725
[ Tue Aug 15 2017 16:28:02 GMT+0800 (CST) ] {"err":0,"msg":"JfSENKvJV6zjAakhBv4wVFgjuDe2LhDFRq"}
[ Tue Aug 15 2017 16:28:02 GMT+0800 (CST) ] time is 1726
[ Tue Aug 15 2017 16:28:02 GMT+0800 (CST) ] {"err":0,"msg":"JRpd5MKE4HKYsxKnuJaCUhQBhmQsgHCPQp"}
[ Tue Aug 15 2017 16:28:02 GMT+0800 (CST) ] time is 1722
[ Tue Aug 15 2017 16:28:02 GMT+0800 (CST) ] {"err":0,"msg":"JMejQEggdHB63Z96jupwCgnZNqSLBehrf8"}
[ Tue Aug 15 2017 16:28:02 GMT+0800 (CST) ] time is 1718
[ Tue Aug 15 2017 16:28:02 GMT+0800 (CST) ] {"err":0,"msg":"JUV7o61b4nZCshzQQp8ywmKzPhHwT8GWFD"}
[ Tue Aug 15 2017 16:28:02 GMT+0800 (CST) ] time is 1726
[ Tue Aug 15 2017 16:28:02 GMT+0800 (CST) ] {"err":0,"msg":"JWroBm7aryMRBfWatzemoMRs3sZ6pqJqfD"}
[ Tue Aug 15 2017 16:28:02 GMT+0800 (CST) ] time is 1727
[ Tue Aug 15 2017 16:28:02 GMT+0800 (CST) ] {"err":0,"msg":"JWjvYpGinmwUfrZmCZiLVyhxAh3zvw5Nb4"}
[ Tue Aug 15 2017 16:28:02 GMT+0800 (CST) ] time is 1723
[ Tue Aug 15 2017 16:28:02 GMT+0800 (CST) ] {"err":0,"msg":"JKYoxEvt5rHV4x6EqJ61vafVDoemkpQrWG"}
[ Tue Aug 15 2017 16:28:02 GMT+0800 (CST) ] time is 1719
[ Tue Aug 15 2017 16:28:02 GMT+0800 (CST) ] {"err":0,"msg":"JRwopUsF2LzDybfV21Ju4ir6koctN3bcyy"}
[ Tue Aug 15 2017 16:28:02 GMT+0800 (CST) ] time is 1727
[ Tue Aug 15 2017 16:28:02 GMT+0800 (CST) ] {"err":0,"msg":"JhYXMFvvNhesBvPeTYEncEx8Un4wkA5Ejh"}
[ Tue Aug 15 2017 16:28:02 GMT+0800 (CST) ] time is 1728
[ Tue Aug 15 2017 16:28:02 GMT+0800 (CST) ] {"err":0,"msg":"JfBfjuDQTxtT6g1VWXy9jqPBYmnhfvMFEN"}
[ Tue Aug 15 2017 16:28:02 GMT+0800 (CST) ] time is 1724
[ Tue Aug 15 2017 16:28:02 GMT+0800 (CST) ] {"err":0,"msg":"JRuhDHtipJ4Z7XLwgzRb5ATNn7wF1FMb7D"}
[ Tue Aug 15 2017 16:28:02 GMT+0800 (CST) ] time is 1720
[ Tue Aug 15 2017 16:28:02 GMT+0800 (CST) ] {"err":0,"msg":"JbwfpFAq8RpSdhFDxvShspiVSNJbPVVFuM"}
[ Tue Aug 15 2017 16:28:02 GMT+0800 (CST) ] time is 1728
[ Tue Aug 15 2017 16:28:02 GMT+0800 (CST) ] {"err":0,"msg":"JTW1eNVDyAtWxVVYz8vpuuoL3LjyZfjEyw"}
[ Tue Aug 15 2017 16:28:02 GMT+0800 (CST) ] time is 1729
[ Tue Aug 15 2017 16:28:02 GMT+0800 (CST) ] {"err":0,"msg":"JQqezZPxdKypjwpb9HNZdiDQufTSVcvxoH"}
[ Tue Aug 15 2017 16:28:02 GMT+0800 (CST) ] time is 1725
[ Tue Aug 15 2017 16:28:02 GMT+0800 (CST) ] {"err":0,"msg":"JdanfWgfQfThbckZLKaFZV8gH7yLReD64c"}
[ Tue Aug 15 2017 16:28:02 GMT+0800 (CST) ] time is 1721
[ Tue Aug 15 2017 16:28:02 GMT+0800 (CST) ] {"err":0,"msg":"JMqD7pmE4Xoidj1HGYF4FVUCYiE6HHTFCu"}
[ Tue Aug 15 2017 16:28:02 GMT+0800 (CST) ] time is 1729
[ Tue Aug 15 2017 16:28:02 GMT+0800 (CST) ] {"err":0,"msg":"Je8HBsB6yHB2XQC59XCG8x5WRY1njYQoMP"}
[ Tue Aug 15 2017 16:28:02 GMT+0800 (CST) ] time is 1730
[ Tue Aug 15 2017 16:28:02 GMT+0800 (CST) ] {"err":0,"msg":"JQhaaVVubbaUD9mEuq4foaep6mwh3LsGJD"}
[ Tue Aug 15 2017 16:28:02 GMT+0800 (CST) ] time is 1726
[ Tue Aug 15 2017 16:28:02 GMT+0800 (CST) ] {"err":0,"msg":"JgLAiGwdscYg8KcH9WDLBR1dNSAKRm7s78"}
[ Tue Aug 15 2017 16:28:02 GMT+0800 (CST) ] time is 1722
[ Tue Aug 15 2017 16:28:02 GMT+0800 (CST) ] {"err":0,"msg":"JMFVnTdcsoQRu4ajdi3FdTw97eh8oh9EVg"}
[ Tue Aug 15 2017 16:28:02 GMT+0800 (CST) ] time is 1730
[ Tue Aug 15 2017 16:28:02 GMT+0800 (CST) ] {"err":0,"msg":"Jf4nULjGqwBMMkoBNWBp73Un3Qqosoge9K"}
[ Tue Aug 15 2017 16:28:02 GMT+0800 (CST) ] {"err":0,"msg":"JR54onAjbhCWwYCkYB2BrfYEgcT3bb1xKj"}
[ Tue Aug 15 2017 16:28:02 GMT+0800 (CST) ] time is 1731
[ Tue Aug 15 2017 16:28:02 GMT+0800 (CST) ] time is 1731
[ Tue Aug 15 2017 16:28:02 GMT+0800 (CST) ] {"err":0,"msg":"JhAEmyhvhWePVm5Sr5t8ZudjKMKHoLcFJd"}
[ Tue Aug 15 2017 16:28:02 GMT+0800 (CST) ] time is 1727
[ Tue Aug 15 2017 16:28:02 GMT+0800 (CST) ] {"err":0,"msg":"JRo5a3DAAnRnghdhX4JoiP9o82E3y1dTwC"}
[ Tue Aug 15 2017 16:28:02 GMT+0800 (CST) ] time is 1723
[ Tue Aug 15 2017 16:28:02 GMT+0800 (CST) ] {"err":0,"msg":"JZK5WNhnSrXUxL9zZPh2kpQ8qpMQLU3w8s"}
[ Tue Aug 15 2017 16:28:02 GMT+0800 (CST) ] time is 1732
[ Tue Aug 15 2017 16:28:02 GMT+0800 (CST) ] {"err":0,"msg":"JLBV29n29UVVr56YxyjrP3niAhqnUXcMCy"}
[ Tue Aug 15 2017 16:28:02 GMT+0800 (CST) ] time is 1732
[ Tue Aug 15 2017 16:28:02 GMT+0800 (CST) ] {"err":0,"msg":"JYKs6a9aotsoiFqbKz6E8U65mqt9nGbSmE"}
[ Tue Aug 15 2017 16:28:02 GMT+0800 (CST) ] time is 1728
[ Tue Aug 15 2017 16:28:02 GMT+0800 (CST) ] {"err":0,"msg":"JVm6PMVBedsh1FEG9C3UT5YdukYZrk7491"}
[ Tue Aug 15 2017 16:28:02 GMT+0800 (CST) ] time is 1724
[ Tue Aug 15 2017 16:28:02 GMT+0800 (CST) ] {"err":0,"msg":"JXHSoYuP7sitgmDYvauauS35xrhDXwGFoV"}
[ Tue Aug 15 2017 16:28:03 GMT+0800 (CST) ] time is 1733
[ Tue Aug 15 2017 16:28:03 GMT+0800 (CST) ] {"err":0,"msg":"JW1W5s3h53YunwdFxsHqoFQXMWMwHbNPgw"}
[ Tue Aug 15 2017 16:28:03 GMT+0800 (CST) ] time is 1733
[ Tue Aug 15 2017 16:28:03 GMT+0800 (CST) ] {"err":0,"msg":"JZXrTuU9Aj8RXWVveij3CvgpwQJDETgtbR"}
[ Tue Aug 15 2017 16:28:03 GMT+0800 (CST) ] time is 1729
[ Tue Aug 15 2017 16:28:03 GMT+0800 (CST) ] {"err":0,"msg":"JYrjPCUCWg3hkAQypFYixjuFVzt2XrqZKN"}
[ Tue Aug 15 2017 16:28:03 GMT+0800 (CST) ] time is 1725
[ Tue Aug 15 2017 16:28:03 GMT+0800 (CST) ] {"err":0,"msg":"JWkurrcYtCbEmhWh4JYYFbJpyrnQzsCsFj"}
[ Tue Aug 15 2017 16:28:03 GMT+0800 (CST) ] time is 1734
[ Tue Aug 15 2017 16:28:03 GMT+0800 (CST) ] {"err":0,"msg":"JMZDZ8mkBLsvP2iz6te7HTd7DfbKiNDVzz"}
[ Tue Aug 15 2017 16:28:03 GMT+0800 (CST) ] time is 1734
[ Tue Aug 15 2017 16:28:03 GMT+0800 (CST) ] {"err":0,"msg":"Jcr6zJNQMD3kfXbPQuDg8bANNTgLkGrY3n"}
[ Tue Aug 15 2017 16:28:03 GMT+0800 (CST) ] time is 1730
[ Tue Aug 15 2017 16:28:03 GMT+0800 (CST) ] {"err":0,"msg":"JfFfxSjca4quUJ1PctGFvHArTVWjrZrz3R"}
[ Tue Aug 15 2017 16:28:03 GMT+0800 (CST) ] time is 1726
[ Tue Aug 15 2017 16:28:03 GMT+0800 (CST) ] {"err":0,"msg":"JayQogJJf6Are9Qw4u15X3aP64irbgAt9E"}
[ Tue Aug 15 2017 16:28:03 GMT+0800 (CST) ] time is 1735
[ Tue Aug 15 2017 16:28:03 GMT+0800 (CST) ] {"err":0,"msg":"JNhnPeePTrpg83it6wfpBBmsBBT67rUJn2"}
[ Tue Aug 15 2017 16:28:03 GMT+0800 (CST) ] time is 1735
[ Tue Aug 15 2017 16:28:03 GMT+0800 (CST) ] {"err":0,"msg":"JV74nWyH9EUyUyMogQXDXonaJXVB3L62ph"}
[ Tue Aug 15 2017 16:28:03 GMT+0800 (CST) ] time is 1731
[ Tue Aug 15 2017 16:28:03 GMT+0800 (CST) ] {"err":0,"msg":"JNyBYSC1mvprENfeWKnEmNccyFu7TTmgeG"}
[ Tue Aug 15 2017 16:28:03 GMT+0800 (CST) ] time is 1727
[ Tue Aug 15 2017 16:28:03 GMT+0800 (CST) ] {"err":0,"msg":"JNkWxdQFXS4JsqGh5cDvGc12P86pNP3Bco"}
[ Tue Aug 15 2017 16:28:03 GMT+0800 (CST) ] time is 1736
[ Tue Aug 15 2017 16:28:03 GMT+0800 (CST) ] {"err":0,"msg":"JY3z2DsdiKyVtRX9dWMAPdaJCK4Q9zpowB"}
[ Tue Aug 15 2017 16:28:03 GMT+0800 (CST) ] time is 1736
[ Tue Aug 15 2017 16:28:03 GMT+0800 (CST) ] {"err":0,"msg":"JWmMkJSk8YHQg2fVgjbiqq8TubZBS15V7K"}
[ Tue Aug 15 2017 16:28:03 GMT+0800 (CST) ] time is 1732
[ Tue Aug 15 2017 16:28:03 GMT+0800 (CST) ] {"err":0,"msg":"JR7fK4LAjkitGLZ6z3qPRschBCT6pL4Wwj"}
[ Tue Aug 15 2017 16:28:03 GMT+0800 (CST) ] time is 1728
[ Tue Aug 15 2017 16:28:03 GMT+0800 (CST) ] {"err":0,"msg":"JZm5uMtNnbGUdTeiYdEQor64ekSTyUNYRN"}
[ Tue Aug 15 2017 16:28:03 GMT+0800 (CST) ] time is 1737
[ Tue Aug 15 2017 16:28:03 GMT+0800 (CST) ] {"err":0,"msg":"JhFGETw1Z59rn2jtLpyQdrLtZVvd6ct6R5"}
[ Tue Aug 15 2017 16:28:03 GMT+0800 (CST) ] time is 1737
[ Tue Aug 15 2017 16:28:03 GMT+0800 (CST) ] {"err":0,"msg":"JghuUZrFjGsFP1Vveue5HUzv52MPey1JCN"}
[ Tue Aug 15 2017 16:28:03 GMT+0800 (CST) ] time is 1733
[ Tue Aug 15 2017 16:28:03 GMT+0800 (CST) ] {"err":0,"msg":"JhpdSykM1MboP7q3Bdiyxzj7bVSfHDVtL8"}
[ Tue Aug 15 2017 16:28:03 GMT+0800 (CST) ] time is 1729
[ Tue Aug 15 2017 16:28:03 GMT+0800 (CST) ] {"err":0,"msg":"JVQ9cF4ZiowagYsCZWxrYTzWd7fckBSY9d"}
[ Tue Aug 15 2017 16:28:03 GMT+0800 (CST) ] time is 1738
[ Tue Aug 15 2017 16:28:03 GMT+0800 (CST) ] {"err":0,"msg":"JcANGm8WdMXsyKSMp6E4CdEKZi4zXjHJ7c"}
[ Tue Aug 15 2017 16:28:03 GMT+0800 (CST) ] time is 1738
[ Tue Aug 15 2017 16:28:03 GMT+0800 (CST) ] {"err":0,"msg":"JZw6NKjxShhP8EdT59No7zKWHzBGvYdLan"}
[ Tue Aug 15 2017 16:28:03 GMT+0800 (CST) ] time is 1734
[ Tue Aug 15 2017 16:28:03 GMT+0800 (CST) ] {"err":0,"msg":"JMsHuUc7VfQ1SoqDrKpeTdWMsgzjVcB2jp"}
[ Tue Aug 15 2017 16:28:03 GMT+0800 (CST) ] time is 1739
[ Tue Aug 15 2017 16:28:03 GMT+0800 (CST) ] {"err":0,"msg":"Je4q3Trt9fB65yKQmjzathQt4DqXTD8fbA"}
[ Tue Aug 15 2017 16:28:03 GMT+0800 (CST) ] time is 1730
[ Tue Aug 15 2017 16:28:03 GMT+0800 (CST) ] {"err":0,"msg":"JRUJkobeQCKuSnkfHf75kK2c9xw7NEjKdD"}
[ Tue Aug 15 2017 16:28:03 GMT+0800 (CST) ] time is 1739
[ Tue Aug 15 2017 16:28:03 GMT+0800 (CST) ] {"err":0,"msg":"JRhuj6LcCD4MDRkChTauCGQAGADwG4hG7P"}
[ Tue Aug 15 2017 16:28:03 GMT+0800 (CST) ] time is 1735
[ Tue Aug 15 2017 16:28:03 GMT+0800 (CST) ] {"err":0,"msg":"JfJbvvrr5VJWVhTFyi5wes8HvRqJtRa3Tg"}
[ Tue Aug 15 2017 16:28:03 GMT+0800 (CST) ] time is 1740
[ Tue Aug 15 2017 16:28:03 GMT+0800 (CST) ] {"err":0,"msg":"Jek3NaJhd71hVjzPAjZdyUgYczAEKMbANN"}
[ Tue Aug 15 2017 16:28:03 GMT+0800 (CST) ] time is 1731
[ Tue Aug 15 2017 16:28:03 GMT+0800 (CST) ] {"err":0,"msg":"JNrmLteCfJxptsPoEf7GqhfiHwpZeCD8JJ"}
[ Tue Aug 15 2017 16:28:03 GMT+0800 (CST) ] time is 1740
[ Tue Aug 15 2017 16:28:03 GMT+0800 (CST) ] {"err":0,"msg":"JSAT5xsoTdERHi1T49wBzu76SyrWTcBD7e"}
[ Tue Aug 15 2017 16:28:03 GMT+0800 (CST) ] time is 1736
[ Tue Aug 15 2017 16:28:03 GMT+0800 (CST) ] {"err":0,"msg":"JKTw6sZNG9kYHhPcaSZ1Luxh7UkUcNpK91"}
[ Tue Aug 15 2017 16:28:03 GMT+0800 (CST) ] time is 1741
[ Tue Aug 15 2017 16:28:03 GMT+0800 (CST) ] {"err":0,"msg":"JbbmPBtkhGs7HtsBAij7fAo7cL8NPMGZGo"}
[ Tue Aug 15 2017 16:28:03 GMT+0800 (CST) ] time is 1732
[ Tue Aug 15 2017 16:28:03 GMT+0800 (CST) ] {"err":0,"msg":"JVyMwaNaQt9F74q5mitAf9ErZBHkr5LAGN"}
[ Tue Aug 15 2017 16:28:03 GMT+0800 (CST) ] time is 1741
[ Tue Aug 15 2017 16:28:03 GMT+0800 (CST) ] {"err":0,"msg":"JN2rVUDftnGxqSQqxBaofGHxC6io33VisM"}
[ Tue Aug 15 2017 16:28:03 GMT+0800 (CST) ] time is 1737
[ Tue Aug 15 2017 16:28:03 GMT+0800 (CST) ] {"err":0,"msg":"JaKGq6FtqK1a4hvQXXt4RFcJzStnRAyuGK"}
[ Tue Aug 15 2017 16:28:03 GMT+0800 (CST) ] time is 1742
[ Tue Aug 15 2017 16:28:03 GMT+0800 (CST) ] {"err":0,"msg":"JfEGsNWpQvdKoy3UXAngEEwH2dWs8PhCZ2"}
[ Tue Aug 15 2017 16:28:03 GMT+0800 (CST) ] time is 1733
[ Tue Aug 15 2017 16:28:03 GMT+0800 (CST) ] {"err":0,"msg":"JdJK3eFcMXEP4V41icBXV4hGiUuaCMNZ4u"}
[ Tue Aug 15 2017 16:28:03 GMT+0800 (CST) ] time is 1742
[ Tue Aug 15 2017 16:28:03 GMT+0800 (CST) ] {"err":0,"msg":"JanFwos35smkNNCRt25NF7nUsrX4sfc7QD"}
[ Tue Aug 15 2017 16:28:03 GMT+0800 (CST) ] time is 1738
[ Tue Aug 15 2017 16:28:03 GMT+0800 (CST) ] {"err":0,"msg":"JSua3PMfzpRLA3Jypk1zUCzuAkvg8pmBYM"}
[ Tue Aug 15 2017 16:28:03 GMT+0800 (CST) ] time is 1743
[ Tue Aug 15 2017 16:28:03 GMT+0800 (CST) ] {"err":0,"msg":"JcWzkmZqbzUnFpDiBLiMDFh5apNt3ooRw5"}
[ Tue Aug 15 2017 16:28:03 GMT+0800 (CST) ] time is 1734
[ Tue Aug 15 2017 16:28:03 GMT+0800 (CST) ] {"err":0,"msg":"JKE8xEBREW9J5CzBSr1H5S8h6Q13yx5PtC"}
[ Tue Aug 15 2017 16:28:03 GMT+0800 (CST) ] time is 1743
[ Tue Aug 15 2017 16:28:03 GMT+0800 (CST) ] {"err":0,"msg":"JNAeLGFAAvccQu8rbWSKC3f9VEUPPbep2Z"}
[ Tue Aug 15 2017 16:28:03 GMT+0800 (CST) ] time is 1739
[ Tue Aug 15 2017 16:28:03 GMT+0800 (CST) ] {"err":0,"msg":"JYFTCmMwjUDe3Eby3hzudwMbFZNSyo6swY"}
[ Tue Aug 15 2017 16:28:03 GMT+0800 (CST) ] time is 1744
[ Tue Aug 15 2017 16:28:03 GMT+0800 (CST) ] {"err":0,"msg":"JZLxHk7F1ALdP3wpu2P8fSNij3H88bNoqV"}
[ Tue Aug 15 2017 16:28:03 GMT+0800 (CST) ] time is 1744
[ Tue Aug 15 2017 16:28:03 GMT+0800 (CST) ] {"err":0,"msg":"Ja7utD1BELhpunKFt18cGAqzAXVMrCSEEe"}
[ Tue Aug 15 2017 16:28:03 GMT+0800 (CST) ] time is 1735
[ Tue Aug 15 2017 16:28:03 GMT+0800 (CST) ] {"err":0,"msg":"JQCKsicrWrYTYoe5PJ1MD3xN5uityQ5z8u"}
[ Tue Aug 15 2017 16:28:03 GMT+0800 (CST) ] time is 1740
[ Tue Aug 15 2017 16:28:03 GMT+0800 (CST) ] {"err":0,"msg":"Jg1ZSVAqSNVBCkxcoMKoDTvvYMsWHrkGJJ"}
[ Tue Aug 15 2017 16:28:03 GMT+0800 (CST) ] time is 1745
[ Tue Aug 15 2017 16:28:03 GMT+0800 (CST) ] {"err":0,"msg":"JV46eFf3qzjTr2M1Sc9hSpB16UktwQ6E7K"}
[ Tue Aug 15 2017 16:28:03 GMT+0800 (CST) ] time is 1745
[ Tue Aug 15 2017 16:28:03 GMT+0800 (CST) ] {"err":0,"msg":"JW8dQsKw4pKR15TqLUqzm9Ggx2WPv1TN7Q"}
[ Tue Aug 15 2017 16:28:03 GMT+0800 (CST) ] time is 1736
[ Tue Aug 15 2017 16:28:03 GMT+0800 (CST) ] {"err":0,"msg":"JdzD9BbPr9Tn9AXewRpjC1jKEaMYY7wbCt"}
[ Tue Aug 15 2017 16:28:03 GMT+0800 (CST) ] time is 1741
[ Tue Aug 15 2017 16:28:03 GMT+0800 (CST) ] {"err":0,"msg":"JRKWHXz5fVE3MeoT1utNdX3yjTSM1ahFJg"}
[ Tue Aug 15 2017 16:28:03 GMT+0800 (CST) ] time is 1746
[ Tue Aug 15 2017 16:28:03 GMT+0800 (CST) ] {"err":0,"msg":"JYF3HvJUUL6WTCxeJLkZea4JWHwvqPfsug"}
[ Tue Aug 15 2017 16:28:03 GMT+0800 (CST) ] time is 1746
[ Tue Aug 15 2017 16:28:03 GMT+0800 (CST) ] {"err":0,"msg":"JWRmwgdU78fFLVZkPUHaUKRbi6efqjaSHM"}
[ Tue Aug 15 2017 16:28:03 GMT+0800 (CST) ] time is 1737
[ Tue Aug 15 2017 16:28:03 GMT+0800 (CST) ] {"err":0,"msg":"JRncEPD6AJu9n4ycjAgb1senffg5VgH1yr"}
[ Tue Aug 15 2017 16:28:03 GMT+0800 (CST) ] time is 1742
[ Tue Aug 15 2017 16:28:03 GMT+0800 (CST) ] {"err":0,"msg":"JQyWg546xMKbW4hXKZoJUitCZUDPafycUC"}
[ Tue Aug 15 2017 16:28:03 GMT+0800 (CST) ] time is 1747
[ Tue Aug 15 2017 16:28:03 GMT+0800 (CST) ] {"err":0,"msg":"JV88BM21NNLPfdc6CmLUFJjntoW4mn5PUC"}
[ Tue Aug 15 2017 16:28:03 GMT+0800 (CST) ] time is 1747
[ Tue Aug 15 2017 16:28:03 GMT+0800 (CST) ] {"err":0,"msg":"JeGJZRpRgVzE4Yn9a8HRxrejrZ9ESH6W7a"}
[ Tue Aug 15 2017 16:28:03 GMT+0800 (CST) ] time is 1738
[ Tue Aug 15 2017 16:28:03 GMT+0800 (CST) ] {"err":0,"msg":"JYsAyqt3itxDRzA2MTbrKHmmEgpZv1q3Tk"}
[ Tue Aug 15 2017 16:28:03 GMT+0800 (CST) ] time is 1743
[ Tue Aug 15 2017 16:28:03 GMT+0800 (CST) ] {"err":0,"msg":"JaSP7Q61gpX8bED2qbisRoRrgqZFmuWysN"}
[ Tue Aug 15 2017 16:28:03 GMT+0800 (CST) ] time is 1748
[ Tue Aug 15 2017 16:28:03 GMT+0800 (CST) ] {"err":0,"msg":"JLRQxcdr4v2hefcRkPowHi6Fb8oHuchWBS"}
[ Tue Aug 15 2017 16:28:03 GMT+0800 (CST) ] time is 1748
[ Tue Aug 15 2017 16:28:03 GMT+0800 (CST) ] {"err":0,"msg":"Jcdzwb9Jme5RsSGTvRupzDmZE9jjoGxCWt"}
[ Tue Aug 15 2017 16:28:03 GMT+0800 (CST) ] time is 1739
[ Tue Aug 15 2017 16:28:03 GMT+0800 (CST) ] {"err":0,"msg":"JKiwTg7VU7iEUGGdixhzKSPV8X6HN1Z9yy"}
[ Tue Aug 15 2017 16:28:03 GMT+0800 (CST) ] time is 1744
[ Tue Aug 15 2017 16:28:03 GMT+0800 (CST) ] {"err":0,"msg":"JUz3tSZMzxWDY13YXveioQJwUYzeX2BcrH"}
[ Tue Aug 15 2017 16:28:03 GMT+0800 (CST) ] time is 1749
[ Tue Aug 15 2017 16:28:03 GMT+0800 (CST) ] {"err":0,"msg":"JTK5G8ptudc8tyZduZq8uXQ1aXg2YJbyNB"}
[ Tue Aug 15 2017 16:28:03 GMT+0800 (CST) ] time is 1749
[ Tue Aug 15 2017 16:28:03 GMT+0800 (CST) ] {"err":0,"msg":"JMgsPx9XufpYQkoh7unTPEsQy7R2raKreV"}
[ Tue Aug 15 2017 16:28:03 GMT+0800 (CST) ] time is 1740
[ Tue Aug 15 2017 16:28:03 GMT+0800 (CST) ] {"err":0,"msg":"JhBqJTLg26KsKvQTpB4H4UWYFoUiWN3bpe"}
[ Tue Aug 15 2017 16:28:03 GMT+0800 (CST) ] time is 1745
[ Tue Aug 15 2017 16:28:03 GMT+0800 (CST) ] {"err":0,"msg":"JMZkouZcWjuxBnYekWvghsfQFtUHB4EXg8"}
[ Tue Aug 15 2017 16:28:03 GMT+0800 (CST) ] time is 1750
[ Tue Aug 15 2017 16:28:03 GMT+0800 (CST) ] {"err":0,"msg":"JL5Wy8DcX3FAgevSPeWFwT6Db2QX2u2h2u"}
[ Tue Aug 15 2017 16:28:03 GMT+0800 (CST) ] time is 1750
[ Tue Aug 15 2017 16:28:03 GMT+0800 (CST) ] {"err":0,"msg":"JUDuv1NxiDo3kSgUtzzzQgHTPcUCDtgDsM"}
[ Tue Aug 15 2017 16:28:03 GMT+0800 (CST) ] time is 1741
[ Tue Aug 15 2017 16:28:03 GMT+0800 (CST) ] {"err":0,"msg":"JM4xBF2anpGLSFgRqgc2PtB1Ptitqfw16s"}
[ Tue Aug 15 2017 16:28:03 GMT+0800 (CST) ] time is 1746
[ Tue Aug 15 2017 16:28:03 GMT+0800 (CST) ] {"err":0,"msg":"JTCTxRZ3eHfUtqAecPfGaybJA2qfz5J3Cm"}
[ Tue Aug 15 2017 16:28:04 GMT+0800 (CST) ] time is 1751
[ Tue Aug 15 2017 16:28:04 GMT+0800 (CST) ] {"err":0,"msg":"JSbCYUiVYyhC3EmxMrf4jKJ648NxZuZZfH"}
[ Tue Aug 15 2017 16:28:04 GMT+0800 (CST) ] time is 1751
[ Tue Aug 15 2017 16:28:04 GMT+0800 (CST) ] {"err":0,"msg":"JRWEfurPfiXR29bvQVfUiy1XRLi7sndVzK"}
[ Tue Aug 15 2017 16:28:04 GMT+0800 (CST) ] time is 1742
[ Tue Aug 15 2017 16:28:04 GMT+0800 (CST) ] {"err":0,"msg":"JbjFz7QNJYKHKEdg6up9Vt4CDu4RqU1EUA"}
[ Tue Aug 15 2017 16:28:04 GMT+0800 (CST) ] time is 1747
[ Tue Aug 15 2017 16:28:04 GMT+0800 (CST) ] {"err":0,"msg":"Jeeb8eJ5gtUVKHyY9bna8wxCS5H7D2CH5A"}
[ Tue Aug 15 2017 16:28:04 GMT+0800 (CST) ] time is 1752
[ Tue Aug 15 2017 16:28:04 GMT+0800 (CST) ] {"err":0,"msg":"JNec7Gbvg47JgjmKvmpDoCFGcjaVUxJ8nm"}
[ Tue Aug 15 2017 16:28:04 GMT+0800 (CST) ] time is 1752
[ Tue Aug 15 2017 16:28:04 GMT+0800 (CST) ] {"err":0,"msg":"JXpaXzzGrTjYVNSHk8JvecQ5Tsn5Da95sY"}
[ Tue Aug 15 2017 16:28:04 GMT+0800 (CST) ] time is 1743
[ Tue Aug 15 2017 16:28:04 GMT+0800 (CST) ] {"err":0,"msg":"JcXdtPGtRFHSLa6XmKVC7bsBZx1XfXXEc9"}
[ Tue Aug 15 2017 16:28:04 GMT+0800 (CST) ] time is 1748
[ Tue Aug 15 2017 16:28:04 GMT+0800 (CST) ] {"err":0,"msg":"Jh35JouvXTwrL3iFu4CQAzfFZx6PGzqQ4s"}
[ Tue Aug 15 2017 16:28:04 GMT+0800 (CST) ] time is 1753
[ Tue Aug 15 2017 16:28:04 GMT+0800 (CST) ] {"err":0,"msg":"JNEfPQ3BT2onX3K4Ux1a3azaiBs64rjzuj"}
[ Tue Aug 15 2017 16:28:04 GMT+0800 (CST) ] time is 1753
[ Tue Aug 15 2017 16:28:04 GMT+0800 (CST) ] {"err":0,"msg":"JT3rqvR74GAEwiN2tpjgE7gYwFMAMnh7Lz"}
[ Tue Aug 15 2017 16:28:04 GMT+0800 (CST) ] time is 1744
[ Tue Aug 15 2017 16:28:04 GMT+0800 (CST) ] {"err":0,"msg":"JfTrav6TRhPbkpQkKJLenLEmkqKRxvpsom"}
[ Tue Aug 15 2017 16:28:04 GMT+0800 (CST) ] time is 1749
[ Tue Aug 15 2017 16:28:04 GMT+0800 (CST) ] {"err":0,"msg":"JKMdVv36aoUetEx5jYXASGpzpvvTVxP8s1"}
[ Tue Aug 15 2017 16:28:04 GMT+0800 (CST) ] time is 1754
[ Tue Aug 15 2017 16:28:04 GMT+0800 (CST) ] {"err":0,"msg":"JQphxhxRzbsgnj3WbGhrXcK43KK9zJUDH9"}
[ Tue Aug 15 2017 16:28:04 GMT+0800 (CST) ] time is 1754
[ Tue Aug 15 2017 16:28:04 GMT+0800 (CST) ] {"err":0,"msg":"JhsNnR43GohepK8gmJj3iGNAvrPF2KuYwo"}
[ Tue Aug 15 2017 16:28:04 GMT+0800 (CST) ] time is 1750
[ Tue Aug 15 2017 16:28:04 GMT+0800 (CST) ] {"err":0,"msg":"JTx2TGwBdCRtD8pnozEzZ77Bm3AwLtW7xD"}
[ Tue Aug 15 2017 16:28:04 GMT+0800 (CST) ] time is 1745
[ Tue Aug 15 2017 16:28:04 GMT+0800 (CST) ] {"err":0,"msg":"JRjfKQGdetTsmtV2BmQGdTn4CGTKuVFYYF"}
[ Tue Aug 15 2017 16:28:04 GMT+0800 (CST) ] time is 1755
[ Tue Aug 15 2017 16:28:04 GMT+0800 (CST) ] {"err":0,"msg":"JMxQ9ugfrK4c7fNNrymPtd6bfm1LmiQyZ2"}
[ Tue Aug 15 2017 16:28:04 GMT+0800 (CST) ] time is 1755
[ Tue Aug 15 2017 16:28:04 GMT+0800 (CST) ] {"err":0,"msg":"JUbLgfwTiXujfGBk3xgvJuQ3Sdua6ry8Yu"}
[ Tue Aug 15 2017 16:28:04 GMT+0800 (CST) ] time is 1746
[ Tue Aug 15 2017 16:28:04 GMT+0800 (CST) ] {"err":0,"msg":"JdXyjVZLiRSNtHTZMAkzCiRbVwDjx81xVj"}
[ Tue Aug 15 2017 16:28:04 GMT+0800 (CST) ] time is 1751
[ Tue Aug 15 2017 16:28:04 GMT+0800 (CST) ] {"err":0,"msg":"JQbRufH8d8gAtX9rUT5D2TANAvNtevJDsW"}
[ Tue Aug 15 2017 16:28:04 GMT+0800 (CST) ] time is 1756
[ Tue Aug 15 2017 16:28:04 GMT+0800 (CST) ] {"err":0,"msg":"JcfXFRtdGu6oFFiLvKGEXdEfcF9uSu4LXd"}
[ Tue Aug 15 2017 16:28:04 GMT+0800 (CST) ] time is 1756
[ Tue Aug 15 2017 16:28:04 GMT+0800 (CST) ] {"err":0,"msg":"JRy2JJUdBHSUnKwEQz9hxc3pRJsXnxhuxD"}
[ Tue Aug 15 2017 16:28:04 GMT+0800 (CST) ] time is 1747
[ Tue Aug 15 2017 16:28:04 GMT+0800 (CST) ] {"err":0,"msg":"JhpJykRf7HQ1yPmuTmaCxBpBBq3fUHuABX"}
[ Tue Aug 15 2017 16:28:04 GMT+0800 (CST) ] time is 1752
[ Tue Aug 15 2017 16:28:04 GMT+0800 (CST) ] {"err":0,"msg":"JJhe2wxLyahRWKYdcLWLcWtx7QdvfAVGmd"}
[ Tue Aug 15 2017 16:28:04 GMT+0800 (CST) ] time is 1757
[ Tue Aug 15 2017 16:28:04 GMT+0800 (CST) ] {"err":0,"msg":"JLymFZncV5xXJT6NkxXVnaQ1XcBadcHJ45"}
[ Tue Aug 15 2017 16:28:04 GMT+0800 (CST) ] time is 1757
[ Tue Aug 15 2017 16:28:04 GMT+0800 (CST) ] {"err":0,"msg":"JdN5AVSDCJMwcpZJtSZyJJ7r8PwEkJDDtb"}
[ Tue Aug 15 2017 16:28:04 GMT+0800 (CST) ] time is 1748
[ Tue Aug 15 2017 16:28:04 GMT+0800 (CST) ] {"err":0,"msg":"JaXqQ2r9x4ZmFiyMBFoQR97EC8s7keDYh8"}
[ Tue Aug 15 2017 16:28:04 GMT+0800 (CST) ] time is 1753
[ Tue Aug 15 2017 16:28:04 GMT+0800 (CST) ] {"err":0,"msg":"JKgD8kNxC28uzTcsZ79ChrNr9Rt5PjvSeY"}
[ Tue Aug 15 2017 16:28:04 GMT+0800 (CST) ] time is 1758
[ Tue Aug 15 2017 16:28:04 GMT+0800 (CST) ] {"err":0,"msg":"JexRWsWWHS1wfWieJAk1XfPPaGSDRetH61"}
[ Tue Aug 15 2017 16:28:04 GMT+0800 (CST) ] time is 1758
[ Tue Aug 15 2017 16:28:04 GMT+0800 (CST) ] {"err":0,"msg":"JVs747XKrgZdQ422MmyFxCuHT8GEitAQFv"}
[ Tue Aug 15 2017 16:28:04 GMT+0800 (CST) ] time is 1749
[ Tue Aug 15 2017 16:28:04 GMT+0800 (CST) ] {"err":0,"msg":"JcqHpQrqqho2HfiNcz7xxWoUBmyHPTBymd"}
[ Tue Aug 15 2017 16:28:04 GMT+0800 (CST) ] time is 1754
[ Tue Aug 15 2017 16:28:04 GMT+0800 (CST) ] {"err":0,"msg":"JPfguz3us1ddSSwxPCRUg2PxqZVras84tt"}
[ Tue Aug 15 2017 16:28:04 GMT+0800 (CST) ] time is 1759
[ Tue Aug 15 2017 16:28:04 GMT+0800 (CST) ] {"err":0,"msg":"JUntPbbNifLGa4aVCroX4adCrzU2eH67vd"}
[ Tue Aug 15 2017 16:28:04 GMT+0800 (CST) ] time is 1759
[ Tue Aug 15 2017 16:28:04 GMT+0800 (CST) ] {"err":0,"msg":"JfSMPUyEtSkXNte6FTJB6DnnPmv4b9AruU"}
[ Tue Aug 15 2017 16:28:04 GMT+0800 (CST) ] time is 1750
[ Tue Aug 15 2017 16:28:04 GMT+0800 (CST) ] {"err":0,"msg":"JPtPGStsMpqmxKVtgUsLwJ2zFt21xyZLkZ"}
[ Tue Aug 15 2017 16:28:04 GMT+0800 (CST) ] time is 1760
[ Tue Aug 15 2017 16:28:04 GMT+0800 (CST) ] {"err":0,"msg":"JKHCg9c7BiuX7y3Cdu7jgAGSjAd6aA9xxH"}
[ Tue Aug 15 2017 16:28:04 GMT+0800 (CST) ] time is 1755
[ Tue Aug 15 2017 16:28:04 GMT+0800 (CST) ] {"err":0,"msg":"JgAES1gSJpsdYSZs28cp4eMB5FkZWPEUUZ"}
[ Tue Aug 15 2017 16:28:04 GMT+0800 (CST) ] time is 1751
[ Tue Aug 15 2017 16:28:04 GMT+0800 (CST) ] {"err":0,"msg":"JVVxGA37YutDCzsDD1XRqmpoh6yRx7zTEE"}
[ Tue Aug 15 2017 16:28:04 GMT+0800 (CST) ] time is 1760
[ Tue Aug 15 2017 16:28:04 GMT+0800 (CST) ] {"err":0,"msg":"JTfX53z8judqe8dLBM7bBZ2vm95HAXduf8"}
[ Tue Aug 15 2017 16:28:04 GMT+0800 (CST) ] time is 1761
[ Tue Aug 15 2017 16:28:04 GMT+0800 (CST) ] {"err":0,"msg":"JJpc4KeZzKbMx6UzmGWYsU4jPEXF2TS3NG"}
[ Tue Aug 15 2017 16:28:04 GMT+0800 (CST) ] time is 1756
[ Tue Aug 15 2017 16:28:04 GMT+0800 (CST) ] {"err":0,"msg":"JZwXrBkB1du1iFEsBonaowpiPSuwjp4PUG"}
[ Tue Aug 15 2017 16:28:04 GMT+0800 (CST) ] time is 1752
[ Tue Aug 15 2017 16:28:04 GMT+0800 (CST) ] {"err":0,"msg":"JhiwJccU4BvJefGAa7ezzehNAcY7XoTBRW"}
[ Tue Aug 15 2017 16:28:04 GMT+0800 (CST) ] time is 1761
[ Tue Aug 15 2017 16:28:04 GMT+0800 (CST) ] {"err":0,"msg":"JKt7NSRXwvB7FBCMouRz1ks5VnhhnskxgY"}
[ Tue Aug 15 2017 16:28:04 GMT+0800 (CST) ] time is 1762
[ Tue Aug 15 2017 16:28:04 GMT+0800 (CST) ] {"err":0,"msg":"JR2sch2Lr2Tn9qzvstMvhU7h4Ud8SK2jTR"}
[ Tue Aug 15 2017 16:28:04 GMT+0800 (CST) ] time is 1757
[ Tue Aug 15 2017 16:28:04 GMT+0800 (CST) ] {"err":0,"msg":"JfXNP8CMaS9u8rSDFuQYU26bMmvX5sK9Ln"}
[ Tue Aug 15 2017 16:28:04 GMT+0800 (CST) ] time is 1753
[ Tue Aug 15 2017 16:28:04 GMT+0800 (CST) ] {"err":0,"msg":"JfStYDp8quHzdWPXL9tHXciHPZiJ3hNYMW"}
[ Tue Aug 15 2017 16:28:04 GMT+0800 (CST) ] time is 1762
[ Tue Aug 15 2017 16:28:04 GMT+0800 (CST) ] {"err":0,"msg":"JeLi8CtLPvxKWvHAfJRTFPF9n5fr6MM43m"}
[ Tue Aug 15 2017 16:28:04 GMT+0800 (CST) ] time is 1763
[ Tue Aug 15 2017 16:28:04 GMT+0800 (CST) ] {"err":0,"msg":"Jbf5DdJBkF99XyWoQVnD2QdPNu3JnSktuP"}
[ Tue Aug 15 2017 16:28:04 GMT+0800 (CST) ] time is 1758
[ Tue Aug 15 2017 16:28:04 GMT+0800 (CST) ] {"err":0,"msg":"JTZg9a1NTvwkip98meuXbK7xqx7KsBnUpa"}
[ Tue Aug 15 2017 16:28:04 GMT+0800 (CST) ] time is 1754
[ Tue Aug 15 2017 16:28:04 GMT+0800 (CST) ] {"err":0,"msg":"JUXjKwFNECmCSZzLyRsd3vVw9URYWfwZAt"}
[ Tue Aug 15 2017 16:28:04 GMT+0800 (CST) ] time is 1763
[ Tue Aug 15 2017 16:28:04 GMT+0800 (CST) ] {"err":0,"msg":"JMZbm9HqUQCkp2E2b35C4tWE19ZRWzMSJL"}
[ Tue Aug 15 2017 16:28:04 GMT+0800 (CST) ] time is 1764
[ Tue Aug 15 2017 16:28:04 GMT+0800 (CST) ] {"err":0,"msg":"JPGNF9e2hYHW9NFicCJcj3yehQ1To6ehMN"}
[ Tue Aug 15 2017 16:28:04 GMT+0800 (CST) ] time is 1759
[ Tue Aug 15 2017 16:28:04 GMT+0800 (CST) ] {"err":0,"msg":"JSNXRm8utG6PtWv2rxQmtT3yJWJtad4Jma"}
[ Tue Aug 15 2017 16:28:04 GMT+0800 (CST) ] time is 1755
[ Tue Aug 15 2017 16:28:04 GMT+0800 (CST) ] {"err":0,"msg":"JSXzgoXgLQ97jF4ZqUBQUmHQREnkMrKD6r"}
[ Tue Aug 15 2017 16:28:04 GMT+0800 (CST) ] time is 1764
[ Tue Aug 15 2017 16:28:04 GMT+0800 (CST) ] {"err":0,"msg":"Jg2bjySn9LMXhyqj478fXJ2vYg1ZdDWyHV"}
[ Tue Aug 15 2017 16:28:04 GMT+0800 (CST) ] time is 1765
[ Tue Aug 15 2017 16:28:04 GMT+0800 (CST) ] {"err":0,"msg":"JZoCnxZTo5NSNuaohfSGt3YAALodZbj7x9"}
[ Tue Aug 15 2017 16:28:04 GMT+0800 (CST) ] time is 1760
[ Tue Aug 15 2017 16:28:04 GMT+0800 (CST) ] {"err":0,"msg":"JeJsjdKnCc95Ft7etnRkiEbcGLD8EWrcK9"}
[ Tue Aug 15 2017 16:28:04 GMT+0800 (CST) ] time is 1756
[ Tue Aug 15 2017 16:28:04 GMT+0800 (CST) ] {"err":0,"msg":"Jdwsn4wPXobBWnDSg9TmNYD65QfHWqRmFF"}
[ Tue Aug 15 2017 16:28:04 GMT+0800 (CST) ] time is 1765
[ Tue Aug 15 2017 16:28:04 GMT+0800 (CST) ] {"err":0,"msg":"JbHuakXtPXDctxDPQsRZf6dcHhZjSGV5e7"}
[ Tue Aug 15 2017 16:28:04 GMT+0800 (CST) ] time is 1766
[ Tue Aug 15 2017 16:28:04 GMT+0800 (CST) ] {"err":0,"msg":"Jba33bDzqop2TvVs9mUcHfhGdJ4e4ZzLXZ"}
[ Tue Aug 15 2017 16:28:04 GMT+0800 (CST) ] time is 1761
[ Tue Aug 15 2017 16:28:04 GMT+0800 (CST) ] {"err":0,"msg":"JVk2uF4aG6zc7TM19mQM5P9Pa6iLZAPLPH"}
[ Tue Aug 15 2017 16:28:04 GMT+0800 (CST) ] time is 1757
[ Tue Aug 15 2017 16:28:04 GMT+0800 (CST) ] {"err":0,"msg":"JeAytknS2FjD6gjmYApyfRkMe2bd35GWCZ"}
[ Tue Aug 15 2017 16:28:04 GMT+0800 (CST) ] time is 1766
[ Tue Aug 15 2017 16:28:04 GMT+0800 (CST) ] {"err":0,"msg":"Jf57ewPi1XuGWtfSnUeYis3oG11CHatny9"}
[ Tue Aug 15 2017 16:28:04 GMT+0800 (CST) ] time is 1767
[ Tue Aug 15 2017 16:28:04 GMT+0800 (CST) ] {"err":0,"msg":"JP8xhG7TduiYcCJipVvnt4gjpRfEUjS3b8"}
[ Tue Aug 15 2017 16:28:04 GMT+0800 (CST) ] time is 1762
[ Tue Aug 15 2017 16:28:04 GMT+0800 (CST) ] {"err":0,"msg":"JZ4hKnBe3LfpGMmNWds4GWzcwpgQXNh1mu"}
[ Tue Aug 15 2017 16:28:04 GMT+0800 (CST) ] time is 1767
[ Tue Aug 15 2017 16:28:04 GMT+0800 (CST) ] {"err":0,"msg":"JYrKz3vsogWnUwtVEgZJ1G827ib5BtGHL1"}
[ Tue Aug 15 2017 16:28:04 GMT+0800 (CST) ] time is 1758
[ Tue Aug 15 2017 16:28:04 GMT+0800 (CST) ] {"err":0,"msg":"JMaZ6y7CCr2axXW1haWfaYhjVvEzDN58X1"}
[ Tue Aug 15 2017 16:28:04 GMT+0800 (CST) ] time is 1768
[ Tue Aug 15 2017 16:28:04 GMT+0800 (CST) ] {"err":0,"msg":"JQsR8VJFWKqNX43opE71KBq9SEMGx22c46"}
[ Tue Aug 15 2017 16:28:04 GMT+0800 (CST) ] time is 1763
[ Tue Aug 15 2017 16:28:04 GMT+0800 (CST) ] {"err":0,"msg":"Jg13A9KNDU5MMNH8vweLmTYJiokyjVfWVY"}
[ Tue Aug 15 2017 16:28:05 GMT+0800 (CST) ] time is 1768
[ Tue Aug 15 2017 16:28:05 GMT+0800 (CST) ] {"err":0,"msg":"JaXq9ZCuScddvRFf2idxWAS5WmqKE7aVdz"}
[ Tue Aug 15 2017 16:28:05 GMT+0800 (CST) ] time is 1759
[ Tue Aug 15 2017 16:28:05 GMT+0800 (CST) ] {"err":0,"msg":"JVv5sWdzBf2Pk5pDcuU3MfxoBHMxNB3zjf"}
[ Tue Aug 15 2017 16:28:05 GMT+0800 (CST) ] time is 1769
[ Tue Aug 15 2017 16:28:05 GMT+0800 (CST) ] {"err":0,"msg":"JSjg7f5HGniZ2vfeX6GGCCFxci9M3oExLk"}
[ Tue Aug 15 2017 16:28:05 GMT+0800 (CST) ] time is 1764
[ Tue Aug 15 2017 16:28:05 GMT+0800 (CST) ] {"err":0,"msg":"JgKUvdqEhegdPjEDLN8pDJeAwDuKAUZRTG"}
[ Tue Aug 15 2017 16:28:05 GMT+0800 (CST) ] time is 1769
[ Tue Aug 15 2017 16:28:05 GMT+0800 (CST) ] {"err":0,"msg":"Jhcmfkm8WQm99abcyNtDN1zQcWXH3wkAHY"}
[ Tue Aug 15 2017 16:28:05 GMT+0800 (CST) ] time is 1760
[ Tue Aug 15 2017 16:28:05 GMT+0800 (CST) ] {"err":0,"msg":"JKFX3KWDSkuKPRkw5RdHe7GSoU9CjD6oPs"}
[ Tue Aug 15 2017 16:28:05 GMT+0800 (CST) ] time is 1770
[ Tue Aug 15 2017 16:28:05 GMT+0800 (CST) ] {"err":0,"msg":"JPX6GYUXYifwUZ7C3yGXX7Se41PPeW93Jz"}
[ Tue Aug 15 2017 16:28:05 GMT+0800 (CST) ] time is 1765
[ Tue Aug 15 2017 16:28:05 GMT+0800 (CST) ] {"err":0,"msg":"JWDMZNTU6jzCoJ1np2Te1jN98JKxHQPAwt"}
[ Tue Aug 15 2017 16:28:05 GMT+0800 (CST) ] time is 1770
[ Tue Aug 15 2017 16:28:05 GMT+0800 (CST) ] {"err":0,"msg":"JhSAnLjVajJHPbC8zx7GY3e1hmuVEFkq5S"}
[ Tue Aug 15 2017 16:28:05 GMT+0800 (CST) ] time is 1761
[ Tue Aug 15 2017 16:28:05 GMT+0800 (CST) ] {"err":0,"msg":"JJsNfB3LRdp1amMXBh4Bz8j3M2e9hseSy1"}
[ Tue Aug 15 2017 16:28:05 GMT+0800 (CST) ] time is 1766
[ Tue Aug 15 2017 16:28:05 GMT+0800 (CST) ] {"err":0,"msg":"JUiyTVR1u9jmyNGsspvjDF8yFCzrK9XySQ"}
[ Tue Aug 15 2017 16:28:05 GMT+0800 (CST) ] time is 1771
[ Tue Aug 15 2017 16:28:05 GMT+0800 (CST) ] {"err":0,"msg":"JQncV2zgVVjw2m6k1TfrBGumrHiKH7pCSu"}
[ Tue Aug 15 2017 16:28:05 GMT+0800 (CST) ] time is 1771
[ Tue Aug 15 2017 16:28:05 GMT+0800 (CST) ] {"err":0,"msg":"JR67AQ5A9o7Be9CDshbbeZCFciZNj3DjTu"}
[ Tue Aug 15 2017 16:28:05 GMT+0800 (CST) ] time is 1762
[ Tue Aug 15 2017 16:28:05 GMT+0800 (CST) ] {"err":0,"msg":"JXFHKmqRB2SLBAHfdVr1aqHKpaHiqMWuWh"}
[ Tue Aug 15 2017 16:28:05 GMT+0800 (CST) ] time is 1767
[ Tue Aug 15 2017 16:28:05 GMT+0800 (CST) ] {"err":0,"msg":"JbSazEd2rb9JErZ9EZW4XCLs9mHfdaN1Vr"}
[ Tue Aug 15 2017 16:28:05 GMT+0800 (CST) ] time is 1772
[ Tue Aug 15 2017 16:28:05 GMT+0800 (CST) ] {"err":0,"msg":"JPPCKamQiMdTbgRtT3VmD8TQwCSkmgHMyg"}
[ Tue Aug 15 2017 16:28:05 GMT+0800 (CST) ] time is 1772
[ Tue Aug 15 2017 16:28:05 GMT+0800 (CST) ] {"err":0,"msg":"JUCfkRZ7yvZ2pwCC3vJJ8eSd9ees4ASX7n"}
[ Tue Aug 15 2017 16:28:05 GMT+0800 (CST) ] time is 1763
[ Tue Aug 15 2017 16:28:05 GMT+0800 (CST) ] {"err":0,"msg":"JKMwZQeC4owsg7ECVWV8gdCMFsAEL7Cuja"}
[ Tue Aug 15 2017 16:28:05 GMT+0800 (CST) ] time is 1768
[ Tue Aug 15 2017 16:28:05 GMT+0800 (CST) ] {"err":0,"msg":"JYUxzZVWj8CuaN31rBqLncsUVdku2FZaEY"}
[ Tue Aug 15 2017 16:28:05 GMT+0800 (CST) ] time is 1773
[ Tue Aug 15 2017 16:28:05 GMT+0800 (CST) ] {"err":0,"msg":"JdrhSzQKe38b6mYQukNbH7kTUS1BTFwdqz"}
[ Tue Aug 15 2017 16:28:05 GMT+0800 (CST) ] time is 1773
[ Tue Aug 15 2017 16:28:05 GMT+0800 (CST) ] {"err":0,"msg":"JTpe7Wfhrc8dqjmyscpoJ84K9NhjjuwyNg"}
[ Tue Aug 15 2017 16:28:05 GMT+0800 (CST) ] time is 1764
[ Tue Aug 15 2017 16:28:05 GMT+0800 (CST) ] {"err":0,"msg":"JdxFejaoJbg7vByHRzdcyVB2PSCXyNrJZd"}
[ Tue Aug 15 2017 16:28:05 GMT+0800 (CST) ] time is 1769
[ Tue Aug 15 2017 16:28:05 GMT+0800 (CST) ] {"err":0,"msg":"JLfqXJ9NrJCWM1puzd46SFTFGEj2w3fwbT"}
[ Tue Aug 15 2017 16:28:05 GMT+0800 (CST) ] time is 1774
[ Tue Aug 15 2017 16:28:05 GMT+0800 (CST) ] {"err":0,"msg":"JTnWmwHw3AiFR6uYGZ1WhbzotnaDK3WkgW"}
[ Tue Aug 15 2017 16:28:05 GMT+0800 (CST) ] time is 1774
[ Tue Aug 15 2017 16:28:05 GMT+0800 (CST) ] {"err":0,"msg":"JfCBYsK8SSUTR9mCkVCJSonJVzp5kna21o"}
[ Tue Aug 15 2017 16:28:05 GMT+0800 (CST) ] time is 1765
[ Tue Aug 15 2017 16:28:05 GMT+0800 (CST) ] {"err":0,"msg":"JT4e2G1nZCN2pK7yisbYrq3AG3XiHH9CUA"}
[ Tue Aug 15 2017 16:28:05 GMT+0800 (CST) ] time is 1770
[ Tue Aug 15 2017 16:28:05 GMT+0800 (CST) ] {"err":0,"msg":"JheoFdh6UisssCcnh2kdVbZFfLtDocWyD2"}
[ Tue Aug 15 2017 16:28:05 GMT+0800 (CST) ] time is 1775
[ Tue Aug 15 2017 16:28:05 GMT+0800 (CST) ] {"err":0,"msg":"JZvYnFZ3Q1ADKFmzGLHJLsurodB46mVxBa"}
[ Tue Aug 15 2017 16:28:05 GMT+0800 (CST) ] time is 1775
[ Tue Aug 15 2017 16:28:05 GMT+0800 (CST) ] {"err":0,"msg":"JZuxNjPNZovNj7NeKcreqqemu6ppU7PFE9"}
[ Tue Aug 15 2017 16:28:05 GMT+0800 (CST) ] time is 1766
[ Tue Aug 15 2017 16:28:05 GMT+0800 (CST) ] {"err":0,"msg":"JWgJe7bHTuiMzw3c7Z2ik52Y3RfwBCbKLU"}
[ Tue Aug 15 2017 16:28:05 GMT+0800 (CST) ] time is 1771
[ Tue Aug 15 2017 16:28:05 GMT+0800 (CST) ] {"err":0,"msg":"JesiGQL6n8panMZgLXWfJdCgq3uwwmddwg"}
[ Tue Aug 15 2017 16:28:05 GMT+0800 (CST) ] time is 1776
[ Tue Aug 15 2017 16:28:05 GMT+0800 (CST) ] {"err":0,"msg":"JUv1TvGyeHKgR7eBrn2VHLsjF2g5hhyRga"}
[ Tue Aug 15 2017 16:28:05 GMT+0800 (CST) ] time is 1776
[ Tue Aug 15 2017 16:28:05 GMT+0800 (CST) ] {"err":0,"msg":"Jhcdrc7bknkvL7wTpAhuxxzZB7uZGZsUMt"}
[ Tue Aug 15 2017 16:28:05 GMT+0800 (CST) ] time is 1767
[ Tue Aug 15 2017 16:28:05 GMT+0800 (CST) ] {"err":0,"msg":"JK51Zepub7r5cNDTaiszkV2Asun4W2HNGj"}
[ Tue Aug 15 2017 16:28:05 GMT+0800 (CST) ] time is 1772
[ Tue Aug 15 2017 16:28:05 GMT+0800 (CST) ] {"err":0,"msg":"JRgm3Xpxk7Gy6MGekQK79TkvD3DBnZR9X3"}
[ Tue Aug 15 2017 16:28:05 GMT+0800 (CST) ] time is 1777
[ Tue Aug 15 2017 16:28:05 GMT+0800 (CST) ] {"err":0,"msg":"JZCq7pivE9YwT4xBqUauq7diZdXXdG79Db"}
[ Tue Aug 15 2017 16:28:05 GMT+0800 (CST) ] time is 1777
[ Tue Aug 15 2017 16:28:05 GMT+0800 (CST) ] {"err":0,"msg":"JeE5sZr3Np7DpHCJV9aFZvYRSQkTdUoBYD"}
[ Tue Aug 15 2017 16:28:05 GMT+0800 (CST) ] time is 1768
[ Tue Aug 15 2017 16:28:05 GMT+0800 (CST) ] {"err":0,"msg":"JQ5rBqdVyBeoyGrqK8HtyPrjRaPjbD7PSE"}
[ Tue Aug 15 2017 16:28:05 GMT+0800 (CST) ] time is 1773
[ Tue Aug 15 2017 16:28:05 GMT+0800 (CST) ] {"err":0,"msg":"JRQP33a9fN63E9hn7KcxmpVDyqgrzCGF15"}
[ Tue Aug 15 2017 16:28:05 GMT+0800 (CST) ] time is 1778
[ Tue Aug 15 2017 16:28:05 GMT+0800 (CST) ] {"err":0,"msg":"JKUH3etew332LCGah9Rg525vhUVb2GGgK1"}
[ Tue Aug 15 2017 16:28:05 GMT+0800 (CST) ] time is 1778
[ Tue Aug 15 2017 16:28:05 GMT+0800 (CST) ] {"err":0,"msg":"JaDYmuFqS21jKhnFa4tgXeCeExbwh6faug"}
[ Tue Aug 15 2017 16:28:05 GMT+0800 (CST) ] time is 1769
[ Tue Aug 15 2017 16:28:05 GMT+0800 (CST) ] {"err":0,"msg":"JNV7Txu5UJBeAmtPpuEycW31dwGRdNupTp"}
[ Tue Aug 15 2017 16:28:05 GMT+0800 (CST) ] {"err":0,"msg":"JhNqdkCikBFKD5zhCzfieq5hTBPczxgWfT"}
[ Tue Aug 15 2017 16:28:05 GMT+0800 (CST) ] time is 1774
[ Tue Aug 15 2017 16:28:05 GMT+0800 (CST) ] time is 1779
[ Tue Aug 15 2017 16:28:05 GMT+0800 (CST) ] {"err":0,"msg":"JXv2ns1cF4uTZi1RceJvvTWTjoBcz9vMDc"}
[ Tue Aug 15 2017 16:28:05 GMT+0800 (CST) ] time is 1779
[ Tue Aug 15 2017 16:28:05 GMT+0800 (CST) ] {"err":0,"msg":"JPBRRj2bH9t6zH5rB7JMvWXNR7XuTyo5AZ"}
[ Tue Aug 15 2017 16:28:05 GMT+0800 (CST) ] time is 1770
[ Tue Aug 15 2017 16:28:05 GMT+0800 (CST) ] {"err":0,"msg":"JJp1qY15tPYqp7RhXen9KEhmNd8BQzq37p"}
[ Tue Aug 15 2017 16:28:05 GMT+0800 (CST) ] time is 1775
[ Tue Aug 15 2017 16:28:05 GMT+0800 (CST) ] {"err":0,"msg":"JZEu7db288q9XQ2ZqhDd9R8uZubC4F2mN9"}
[ Tue Aug 15 2017 16:28:05 GMT+0800 (CST) ] {"err":0,"msg":"JbhMGcd1xTji6CuTZgpPPnCd9LTMm3MZzP"}
[ Tue Aug 15 2017 16:28:05 GMT+0800 (CST) ] time is 1780
[ Tue Aug 15 2017 16:28:05 GMT+0800 (CST) ] time is 1780
[ Tue Aug 15 2017 16:28:05 GMT+0800 (CST) ] {"err":0,"msg":"JZSZg1pHM5yh1BVeS9jtE54BsWhfT3mqHr"}
[ Tue Aug 15 2017 16:28:05 GMT+0800 (CST) ] {"err":0,"msg":"JRyHvGD7KedXQMYEpa6FcVjaGeac1qYMGN"}
[ Tue Aug 15 2017 16:28:05 GMT+0800 (CST) ] time is 1771
[ Tue Aug 15 2017 16:28:05 GMT+0800 (CST) ] time is 1776
[ Tue Aug 15 2017 16:28:05 GMT+0800 (CST) ] {"err":0,"msg":"JavLYZ6TcS3Njm5cC8Vk6kWWDJDZTiiFzP"}
[ Tue Aug 15 2017 16:28:05 GMT+0800 (CST) ] time is 1781
[ Tue Aug 15 2017 16:28:05 GMT+0800 (CST) ] {"err":0,"msg":"JXEfCK3sZrShQX3vCUHWV8WVaDBFoiNVja"}
[ Tue Aug 15 2017 16:28:05 GMT+0800 (CST) ] time is 1781
[ Tue Aug 15 2017 16:28:05 GMT+0800 (CST) ] {"err":0,"msg":"JhcbVeWChPAWgRYiwif1Cz7wqmMLFt78J7"}
[ Tue Aug 15 2017 16:28:05 GMT+0800 (CST) ] time is 1772
[ Tue Aug 15 2017 16:28:05 GMT+0800 (CST) ] {"err":0,"msg":"JNwnWxbM1t3zxiPCCxQDd96r9TPVjf6LjW"}
[ Tue Aug 15 2017 16:28:05 GMT+0800 (CST) ] time is 1777
[ Tue Aug 15 2017 16:28:05 GMT+0800 (CST) ] {"err":0,"msg":"JMud7G5MSFhKYFweUpzFX9QzzBqRKA1fcq"}
[ Tue Aug 15 2017 16:28:05 GMT+0800 (CST) ] time is 1782
[ Tue Aug 15 2017 16:28:05 GMT+0800 (CST) ] {"err":0,"msg":"JSSMjDnVeJheoHd6WX54Wje4fpNoP2Sy9C"}
[ Tue Aug 15 2017 16:28:05 GMT+0800 (CST) ] time is 1782
[ Tue Aug 15 2017 16:28:05 GMT+0800 (CST) ] {"err":0,"msg":"JN9yncRyuDyCd2FuoqTH9LXgmphC2NCf4F"}
[ Tue Aug 15 2017 16:28:05 GMT+0800 (CST) ] time is 1773
[ Tue Aug 15 2017 16:28:05 GMT+0800 (CST) ] {"err":0,"msg":"JP9xeEWp5BkUCGt2FV2BU5TH78D88kdKC6"}
[ Tue Aug 15 2017 16:28:05 GMT+0800 (CST) ] time is 1778
[ Tue Aug 15 2017 16:28:05 GMT+0800 (CST) ] {"err":0,"msg":"JRUn9LiKMhdwXwrG5t9NUwUsRjyZFV6irQ"}
[ Tue Aug 15 2017 16:28:05 GMT+0800 (CST) ] time is 1783
[ Tue Aug 15 2017 16:28:05 GMT+0800 (CST) ] {"err":0,"msg":"Jfgp1UbfJH5BbcgQAecvxtjm8v9c6SMqsu"}
[ Tue Aug 15 2017 16:28:05 GMT+0800 (CST) ] time is 1783
[ Tue Aug 15 2017 16:28:05 GMT+0800 (CST) ] {"err":0,"msg":"JLkHwPKvEFyrqB9rC5PzeTdvCJrRBJk1BP"}
[ Tue Aug 15 2017 16:28:05 GMT+0800 (CST) ] time is 1774
[ Tue Aug 15 2017 16:28:05 GMT+0800 (CST) ] {"err":0,"msg":"JTxJ3bQYsVeyntBAuuTLCk2TuephFRzWGe"}
[ Tue Aug 15 2017 16:28:05 GMT+0800 (CST) ] time is 1779
[ Tue Aug 15 2017 16:28:05 GMT+0800 (CST) ] {"err":0,"msg":"JYYSDw9zgr8Ye99vr63JrmFrMAe5UJger4"}
[ Tue Aug 15 2017 16:28:05 GMT+0800 (CST) ] time is 1784
[ Tue Aug 15 2017 16:28:05 GMT+0800 (CST) ] {"err":0,"msg":"JeRHbKPmT2TsPqhtw9zLjxeAgRMwANupBq"}
[ Tue Aug 15 2017 16:28:05 GMT+0800 (CST) ] time is 1784
[ Tue Aug 15 2017 16:28:05 GMT+0800 (CST) ] {"err":0,"msg":"JSZrwtubAX8CUks1QXSZUd1PS86sRQ1NnG"}
[ Tue Aug 15 2017 16:28:05 GMT+0800 (CST) ] time is 1780
[ Tue Aug 15 2017 16:28:05 GMT+0800 (CST) ] {"err":0,"msg":"JdSdXSUiDghHP6eQ6kHVhg7ceaca1K2dan"}
[ Tue Aug 15 2017 16:28:05 GMT+0800 (CST) ] time is 1775
[ Tue Aug 15 2017 16:28:05 GMT+0800 (CST) ] {"err":0,"msg":"JcQJQc2bQxynkLkQ7kXGgNCHBysvT8b6jh"}
[ Tue Aug 15 2017 16:28:05 GMT+0800 (CST) ] time is 1785
[ Tue Aug 15 2017 16:28:05 GMT+0800 (CST) ] {"err":0,"msg":"JPkxKyFFzTZRMVZsH2fTYw62wszQPJtRqV"}
[ Tue Aug 15 2017 16:28:05 GMT+0800 (CST) ] time is 1785
[ Tue Aug 15 2017 16:28:05 GMT+0800 (CST) ] {"err":0,"msg":"JhZ3njDsHb3ca6pKbqREX4sWgEfcYd5mX9"}
[ Tue Aug 15 2017 16:28:05 GMT+0800 (CST) ] time is 1781
[ Tue Aug 15 2017 16:28:05 GMT+0800 (CST) ] {"err":0,"msg":"JaWUCJDUvVSatfQRtohvdGJzVLkwG8uDyc"}
[ Tue Aug 15 2017 16:28:05 GMT+0800 (CST) ] time is 1776
[ Tue Aug 15 2017 16:28:05 GMT+0800 (CST) ] {"err":0,"msg":"JUxW6SHZmhDRGVPbj62YxVXqprsUbtYvJe"}
[ Tue Aug 15 2017 16:28:05 GMT+0800 (CST) ] time is 1786
[ Tue Aug 15 2017 16:28:05 GMT+0800 (CST) ] {"err":0,"msg":"JKhZg8wAzJ6se5uej6AJggQ2ohkGcjnn9j"}
[ Tue Aug 15 2017 16:28:06 GMT+0800 (CST) ] time is 1786
[ Tue Aug 15 2017 16:28:06 GMT+0800 (CST) ] {"err":0,"msg":"JQ9eH3iPhA7mPFQsVNSxWPxjMRZ65XrN33"}
[ Tue Aug 15 2017 16:28:06 GMT+0800 (CST) ] time is 1782
[ Tue Aug 15 2017 16:28:06 GMT+0800 (CST) ] {"err":0,"msg":"JUpodvyhfxvypAfS9z8KtRL5dCNzKHxqoZ"}
[ Tue Aug 15 2017 16:28:06 GMT+0800 (CST) ] time is 1777
[ Tue Aug 15 2017 16:28:06 GMT+0800 (CST) ] {"err":0,"msg":"JKxHjJeRK2mrg4s1meGPq8hUWDmxibKo22"}
[ Tue Aug 15 2017 16:28:06 GMT+0800 (CST) ] time is 1787
[ Tue Aug 15 2017 16:28:06 GMT+0800 (CST) ] {"err":0,"msg":"JQNWf4QnV37FZrLDLeCffhJW3MJRmtCE8v"}
[ Tue Aug 15 2017 16:28:06 GMT+0800 (CST) ] time is 1787
[ Tue Aug 15 2017 16:28:06 GMT+0800 (CST) ] {"err":0,"msg":"JWG8RzDeGiXsstPQ2NcM682LraqTdiPEDd"}
[ Tue Aug 15 2017 16:28:06 GMT+0800 (CST) ] time is 1783
[ Tue Aug 15 2017 16:28:06 GMT+0800 (CST) ] {"err":0,"msg":"JNeSC29uzbv7tRpfUjHiKfxV6qUbVmoKnR"}
[ Tue Aug 15 2017 16:28:06 GMT+0800 (CST) ] time is 1778
[ Tue Aug 15 2017 16:28:06 GMT+0800 (CST) ] {"err":0,"msg":"JKVBftayVYPL8jx6vgpEJxiz2feLjozN37"}
[ Tue Aug 15 2017 16:28:06 GMT+0800 (CST) ] time is 1788
[ Tue Aug 15 2017 16:28:06 GMT+0800 (CST) ] {"err":0,"msg":"JfwhgWib6yLMuPmNE82kKtQL4ovNqYq4Ef"}
[ Tue Aug 15 2017 16:28:06 GMT+0800 (CST) ] time is 1788
[ Tue Aug 15 2017 16:28:06 GMT+0800 (CST) ] {"err":0,"msg":"JTy7AvtjS78rdaMctU2ieMBeu3aSXBJhqj"}
[ Tue Aug 15 2017 16:28:06 GMT+0800 (CST) ] time is 1784
[ Tue Aug 15 2017 16:28:06 GMT+0800 (CST) ] {"err":0,"msg":"JLB6UftdFJGwDq7HJNNwnFE52bEeHTUJ9G"}
[ Tue Aug 15 2017 16:28:06 GMT+0800 (CST) ] time is 1779
[ Tue Aug 15 2017 16:28:06 GMT+0800 (CST) ] {"err":0,"msg":"JRz8gN1QLS6M31oskK2WByRtSACKpX9Hv3"}
[ Tue Aug 15 2017 16:28:06 GMT+0800 (CST) ] time is 1789
[ Tue Aug 15 2017 16:28:06 GMT+0800 (CST) ] {"err":0,"msg":"JKvWJNE29r6LqJuXG4VZY19Q81V6WS5D56"}
[ Tue Aug 15 2017 16:28:06 GMT+0800 (CST) ] time is 1789
[ Tue Aug 15 2017 16:28:06 GMT+0800 (CST) ] {"err":0,"msg":"JRdUPPzpq95sQxWqGtd4fAVqpRLgy3gptz"}
[ Tue Aug 15 2017 16:28:06 GMT+0800 (CST) ] time is 1785
[ Tue Aug 15 2017 16:28:06 GMT+0800 (CST) ] {"err":0,"msg":"JYZKDgwsQEEWTY1McF5oUWTLmnTMFgsGvN"}
[ Tue Aug 15 2017 16:28:06 GMT+0800 (CST) ] time is 1780
[ Tue Aug 15 2017 16:28:06 GMT+0800 (CST) ] {"err":0,"msg":"Jd5NL5Yeiva4a5btV2HKDtgZuqEdCvx1T3"}
[ Tue Aug 15 2017 16:28:06 GMT+0800 (CST) ] time is 1790
[ Tue Aug 15 2017 16:28:06 GMT+0800 (CST) ] {"err":0,"msg":"JQguSqbXEbWpdYz2tp2xkWWrypajzGB8HJ"}
[ Tue Aug 15 2017 16:28:06 GMT+0800 (CST) ] time is 1790
[ Tue Aug 15 2017 16:28:06 GMT+0800 (CST) ] {"err":0,"msg":"JcSr3ndBzMtJd1SPUjgnVe3UGLwej5VoS6"}
[ Tue Aug 15 2017 16:28:06 GMT+0800 (CST) ] time is 1786
[ Tue Aug 15 2017 16:28:06 GMT+0800 (CST) ] {"err":0,"msg":"Je8NGQjy4LK4pJDDrELmvC1EtsZosVWemg"}
[ Tue Aug 15 2017 16:28:06 GMT+0800 (CST) ] time is 1781
[ Tue Aug 15 2017 16:28:06 GMT+0800 (CST) ] {"err":0,"msg":"JUSXRgxEC9DsYgevLQbon5bgKURL74NB8a"}
[ Tue Aug 15 2017 16:28:06 GMT+0800 (CST) ] time is 1791
[ Tue Aug 15 2017 16:28:06 GMT+0800 (CST) ] {"err":0,"msg":"JSv5CiB2A7jktHXxG2dfrbJnFDRkzEGDcm"}
[ Tue Aug 15 2017 16:28:06 GMT+0800 (CST) ] time is 1791
[ Tue Aug 15 2017 16:28:06 GMT+0800 (CST) ] {"err":0,"msg":"JLJ719rRA6q85fapmjdXMh4L9iGAZGtJWp"}
[ Tue Aug 15 2017 16:28:06 GMT+0800 (CST) ] time is 1787
[ Tue Aug 15 2017 16:28:06 GMT+0800 (CST) ] {"err":0,"msg":"JUC3fU8ieuGeE2sFMNHzJryPX7c3diW2js"}
[ Tue Aug 15 2017 16:28:06 GMT+0800 (CST) ] time is 1782
[ Tue Aug 15 2017 16:28:06 GMT+0800 (CST) ] {"err":0,"msg":"JV64QkB6zcLsD73p7tuiZrEiEWAwhrAbZF"}
[ Tue Aug 15 2017 16:28:06 GMT+0800 (CST) ] time is 1792
[ Tue Aug 15 2017 16:28:06 GMT+0800 (CST) ] {"err":0,"msg":"JQC5eWjfRCRwRF8cxGeZCzUbRrYUuLWoC7"}
[ Tue Aug 15 2017 16:28:06 GMT+0800 (CST) ] time is 1792
[ Tue Aug 15 2017 16:28:06 GMT+0800 (CST) ] {"err":0,"msg":"JYPgZwyeCKMNjYmYvCR9fxUVfSLbm4hTKk"}
[ Tue Aug 15 2017 16:28:06 GMT+0800 (CST) ] time is 1788
[ Tue Aug 15 2017 16:28:06 GMT+0800 (CST) ] {"err":0,"msg":"JQf6bSEQpHwoeHUubE1N5jSuRqkZSfytdD"}
[ Tue Aug 15 2017 16:28:06 GMT+0800 (CST) ] time is 1783
[ Tue Aug 15 2017 16:28:06 GMT+0800 (CST) ] {"err":0,"msg":"JLcTbCFf2qCg5nLVaiMcaU9YtKBk5oyDUw"}
[ Tue Aug 15 2017 16:28:06 GMT+0800 (CST) ] time is 1793
[ Tue Aug 15 2017 16:28:06 GMT+0800 (CST) ] {"err":0,"msg":"JKXFS9SFqXmWuPNEqJa3LgJnwhhLDvah87"}
[ Tue Aug 15 2017 16:28:06 GMT+0800 (CST) ] time is 1793
[ Tue Aug 15 2017 16:28:06 GMT+0800 (CST) ] {"err":0,"msg":"JX7aXc7uGbVqQYweGgEZS8ZQ2fK9cKF85P"}
[ Tue Aug 15 2017 16:28:06 GMT+0800 (CST) ] time is 1789
[ Tue Aug 15 2017 16:28:06 GMT+0800 (CST) ] {"err":0,"msg":"Jdg8oDaZ3uPD4x1L14WYxKzsjtJayyQBcj"}
[ Tue Aug 15 2017 16:28:06 GMT+0800 (CST) ] time is 1784
[ Tue Aug 15 2017 16:28:06 GMT+0800 (CST) ] {"err":0,"msg":"JhRd6MKtmbMaMwjCmnqSps2G7MiKTz6Ccs"}
[ Tue Aug 15 2017 16:28:06 GMT+0800 (CST) ] time is 1794
[ Tue Aug 15 2017 16:28:06 GMT+0800 (CST) ] {"err":0,"msg":"JLmjxBPR5BMFq1mEu9zEmMH4uxzq8oZdGc"}
[ Tue Aug 15 2017 16:28:06 GMT+0800 (CST) ] time is 1794
[ Tue Aug 15 2017 16:28:06 GMT+0800 (CST) ] {"err":0,"msg":"JQodzHBz7j1m7vWTMo3hBt4PmLn2xgycRu"}
[ Tue Aug 15 2017 16:28:06 GMT+0800 (CST) ] time is 1790
[ Tue Aug 15 2017 16:28:06 GMT+0800 (CST) ] {"err":0,"msg":"JJyk2uSWF2oYyZymYr8urddKWn1x1NkF5r"}
[ Tue Aug 15 2017 16:28:06 GMT+0800 (CST) ] time is 1795
[ Tue Aug 15 2017 16:28:06 GMT+0800 (CST) ] {"err":0,"msg":"JaomXnHiH3ByJDg4LZ9s7YPZ9kAEpCeiTs"}
[ Tue Aug 15 2017 16:28:06 GMT+0800 (CST) ] time is 1785
[ Tue Aug 15 2017 16:28:06 GMT+0800 (CST) ] {"err":0,"msg":"JN59PPjb5DsP5HnbKXYLyDJBDusJstHZVH"}
[ Tue Aug 15 2017 16:28:06 GMT+0800 (CST) ] time is 1795
[ Tue Aug 15 2017 16:28:06 GMT+0800 (CST) ] {"err":0,"msg":"JdgLrxZ7aS7RTXq9jtftYtp8K54McJDdUJ"}
[ Tue Aug 15 2017 16:28:06 GMT+0800 (CST) ] time is 1791
[ Tue Aug 15 2017 16:28:06 GMT+0800 (CST) ] {"err":0,"msg":"JY1yM5FaeKkeG56KUrDZje3BKdc5LCqAo6"}
[ Tue Aug 15 2017 16:28:06 GMT+0800 (CST) ] time is 1796
[ Tue Aug 15 2017 16:28:06 GMT+0800 (CST) ] {"err":0,"msg":"JVgUDhKbS2A4RK3Ueasje3YRaaGGeA1kzJ"}
[ Tue Aug 15 2017 16:28:06 GMT+0800 (CST) ] time is 1786
[ Tue Aug 15 2017 16:28:06 GMT+0800 (CST) ] {"err":0,"msg":"JXmd9moAZCsG1HSBNcJzenybXWLghhyzse"}
[ Tue Aug 15 2017 16:28:06 GMT+0800 (CST) ] time is 1796
[ Tue Aug 15 2017 16:28:06 GMT+0800 (CST) ] {"err":0,"msg":"Jh6rKfwzYPt4AhuBg65n5N2VBpALGMxajP"}
[ Tue Aug 15 2017 16:28:06 GMT+0800 (CST) ] time is 1792
[ Tue Aug 15 2017 16:28:06 GMT+0800 (CST) ] {"err":0,"msg":"JUHPC6nSJjGimwRZzMF8VbwMvehbLSXee6"}
[ Tue Aug 15 2017 16:28:06 GMT+0800 (CST) ] time is 1787
[ Tue Aug 15 2017 16:28:06 GMT+0800 (CST) ] {"err":0,"msg":"JVFB4n3H9RUMY8ZJUGWsJTdajesTMPy7v3"}
[ Tue Aug 15 2017 16:28:06 GMT+0800 (CST) ] time is 1797
[ Tue Aug 15 2017 16:28:06 GMT+0800 (CST) ] {"err":0,"msg":"JZzJW6uGwrx4qbWAY35koGyHF11fV4Qmcw"}
[ Tue Aug 15 2017 16:28:06 GMT+0800 (CST) ] time is 1797
[ Tue Aug 15 2017 16:28:06 GMT+0800 (CST) ] {"err":0,"msg":"JeZqKUuR5CzwVoL4k6XE4uh3iDGJLqdcwX"}
[ Tue Aug 15 2017 16:28:06 GMT+0800 (CST) ] time is 1793
[ Tue Aug 15 2017 16:28:06 GMT+0800 (CST) ] {"err":0,"msg":"JbgxhK87E4WPh5m1d64Kz29NSpz7xmCDSx"}
[ Tue Aug 15 2017 16:28:06 GMT+0800 (CST) ] time is 1798
[ Tue Aug 15 2017 16:28:06 GMT+0800 (CST) ] {"err":0,"msg":"JeaJYsZz6aMKNTVKnSp73mStCJxYzgpCQ8"}
[ Tue Aug 15 2017 16:28:06 GMT+0800 (CST) ] time is 1788
[ Tue Aug 15 2017 16:28:06 GMT+0800 (CST) ] {"err":0,"msg":"JenFdxk7SpTJLosUg5aidUaK4Nen4r9KMn"}
[ Tue Aug 15 2017 16:28:06 GMT+0800 (CST) ] time is 1798
[ Tue Aug 15 2017 16:28:06 GMT+0800 (CST) ] {"err":0,"msg":"JVZd4KZ8MW2DiNHGR1JHkziLa7VtTSoCkh"}
[ Tue Aug 15 2017 16:28:06 GMT+0800 (CST) ] time is 1794
[ Tue Aug 15 2017 16:28:06 GMT+0800 (CST) ] {"err":0,"msg":"JTie3krMWghLGwj379vAL8ffR6Te6a2L1t"}
[ Tue Aug 15 2017 16:28:06 GMT+0800 (CST) ] time is 1799
[ Tue Aug 15 2017 16:28:06 GMT+0800 (CST) ] {"err":0,"msg":"JbAkNnpM7JoeA3hjN4JDSbYxR8pLZ5QStF"}
[ Tue Aug 15 2017 16:28:06 GMT+0800 (CST) ] time is 1789
[ Tue Aug 15 2017 16:28:06 GMT+0800 (CST) ] {"err":0,"msg":"JSuRrp3hEuYbYiThvXqyT4GwcYf5XuCbtx"}
[ Tue Aug 15 2017 16:28:06 GMT+0800 (CST) ] time is 1799
[ Tue Aug 15 2017 16:28:06 GMT+0800 (CST) ] {"err":0,"msg":"Jaen6pyu4hBcb7k5JjWczhEbS4n2sccQWP"}
[ Tue Aug 15 2017 16:28:06 GMT+0800 (CST) ] time is 1795
[ Tue Aug 15 2017 16:28:06 GMT+0800 (CST) ] {"err":0,"msg":"JeP6uVFjuoeuaDWhCusXr24ocMjrLAgoj7"}
[ Tue Aug 15 2017 16:28:06 GMT+0800 (CST) ] time is 1800
[ Tue Aug 15 2017 16:28:06 GMT+0800 (CST) ] {"err":0,"msg":"JTA6BuiFYYEid26tCStmsjhe9dAaokypmb"}
[ Tue Aug 15 2017 16:28:06 GMT+0800 (CST) ] time is 1790
[ Tue Aug 15 2017 16:28:06 GMT+0800 (CST) ] {"err":0,"msg":"JVd2XUVWnJnTDt3KfNyq5dr2qpvJpQhotx"}
[ Tue Aug 15 2017 16:28:06 GMT+0800 (CST) ] time is 1800
[ Tue Aug 15 2017 16:28:06 GMT+0800 (CST) ] {"err":0,"msg":"JPkCijnPsQJTDbrREFUH6eYBrEnCEYQZ8d"}
[ Tue Aug 15 2017 16:28:06 GMT+0800 (CST) ] time is 1796
[ Tue Aug 15 2017 16:28:06 GMT+0800 (CST) ] {"err":0,"msg":"JgNZuSkMv5z5cen2X7ChXPkkrh424ysf6n"}
[ Tue Aug 15 2017 16:28:06 GMT+0800 (CST) ] time is 1801
[ Tue Aug 15 2017 16:28:06 GMT+0800 (CST) ] {"err":0,"msg":"Jcri4BQHEdUTjTjJYEGc7sVkjp7c3jy3ue"}
[ Tue Aug 15 2017 16:28:06 GMT+0800 (CST) ] time is 1791
[ Tue Aug 15 2017 16:28:06 GMT+0800 (CST) ] {"err":0,"msg":"JJj8AWoQRhM44KJTqvtDWNz9prbQfwGcsM"}
[ Tue Aug 15 2017 16:28:06 GMT+0800 (CST) ] time is 1801
[ Tue Aug 15 2017 16:28:06 GMT+0800 (CST) ] {"err":0,"msg":"JbXVUav1btTTaGsLZAjMmrToJomb6jN5Do"}
[ Tue Aug 15 2017 16:28:06 GMT+0800 (CST) ] time is 1797
[ Tue Aug 15 2017 16:28:06 GMT+0800 (CST) ] {"err":0,"msg":"Jh95W25yNcgv7owpmfDEuKMEWvD32odM9w"}
[ Tue Aug 15 2017 16:28:06 GMT+0800 (CST) ] time is 1802
[ Tue Aug 15 2017 16:28:06 GMT+0800 (CST) ] {"err":0,"msg":"JWn7XKTxm1SkcKWQwRJEWo8HS9NKHTKuwZ"}
[ Tue Aug 15 2017 16:28:06 GMT+0800 (CST) ] time is 1792
[ Tue Aug 15 2017 16:28:06 GMT+0800 (CST) ] {"err":0,"msg":"Jb3C6c7FKdHdqzdz9nxLHCTrkdB67iyXjU"}
[ Tue Aug 15 2017 16:28:06 GMT+0800 (CST) ] time is 1802
[ Tue Aug 15 2017 16:28:06 GMT+0800 (CST) ] {"err":0,"msg":"JWQzNw5eYijkUrFZN5Z5XEbvrNcqb9MNvv"}
[ Tue Aug 15 2017 16:28:06 GMT+0800 (CST) ] time is 1798
[ Tue Aug 15 2017 16:28:06 GMT+0800 (CST) ] {"err":0,"msg":"JTN7kW22JeQYjKkhHKiRY7ofRY9pgzabMk"}
[ Tue Aug 15 2017 16:28:06 GMT+0800 (CST) ] time is 1803
[ Tue Aug 15 2017 16:28:06 GMT+0800 (CST) ] {"err":0,"msg":"JXgbXEDua1EQTsQBFSsgqjs8mR4vHWcZ1h"}
[ Tue Aug 15 2017 16:28:06 GMT+0800 (CST) ] time is 1793
[ Tue Aug 15 2017 16:28:06 GMT+0800 (CST) ] {"err":0,"msg":"JgkCwo8HsNKsRY3DurXtcjdtor5W5YJ3Mq"}
[ Tue Aug 15 2017 16:28:06 GMT+0800 (CST) ] time is 1803
[ Tue Aug 15 2017 16:28:06 GMT+0800 (CST) ] {"err":0,"msg":"JWkNbh2pHSrKVeKf8rbh4Zabhk2JJsnz8c"}
[ Tue Aug 15 2017 16:28:06 GMT+0800 (CST) ] time is 1799
[ Tue Aug 15 2017 16:28:06 GMT+0800 (CST) ] {"err":0,"msg":"JMnXyE4EcPDE9CuBSoFmtxhhNt9sDSfHPU"}
[ Tue Aug 15 2017 16:28:06 GMT+0800 (CST) ] time is 1804
[ Tue Aug 15 2017 16:28:06 GMT+0800 (CST) ] {"err":0,"msg":"JU3JShxtJED9qdfQjtreN1H6BFdQDjWzok"}
[ Tue Aug 15 2017 16:28:06 GMT+0800 (CST) ] time is 1794
[ Tue Aug 15 2017 16:28:06 GMT+0800 (CST) ] {"err":0,"msg":"JNgYiDsdiU1EDSFJKLLE2xwnWEgzEn1NRX"}
[ Tue Aug 15 2017 16:28:06 GMT+0800 (CST) ] time is 1804
[ Tue Aug 15 2017 16:28:06 GMT+0800 (CST) ] {"err":0,"msg":"JZhVWARhd25Y4gem1AidBf38HinLS8FESo"}
[ Tue Aug 15 2017 16:28:06 GMT+0800 (CST) ] time is 1805
[ Tue Aug 15 2017 16:28:06 GMT+0800 (CST) ] {"err":0,"msg":"JPmisUELHd8zRdp5dAd8pRToMgWz8TYrmG"}
[ Tue Aug 15 2017 16:28:06 GMT+0800 (CST) ] time is 1800
[ Tue Aug 15 2017 16:28:06 GMT+0800 (CST) ] {"err":0,"msg":"JZ7Q8sdJaSGR4EuXN78MABMqF41wyJycNB"}
[ Tue Aug 15 2017 16:28:06 GMT+0800 (CST) ] time is 1795
[ Tue Aug 15 2017 16:28:06 GMT+0800 (CST) ] {"err":0,"msg":"Jae5HrdfjmuzpBZak8Ncd3vbouDmSQvd9i"}
[ Tue Aug 15 2017 16:28:06 GMT+0800 (CST) ] time is 1805
[ Tue Aug 15 2017 16:28:06 GMT+0800 (CST) ] {"err":0,"msg":"JbmdM9GQ4s8Y6cub47tbpuQoVeUxjACv5G"}
[ Tue Aug 15 2017 16:28:07 GMT+0800 (CST) ] time is 1801
[ Tue Aug 15 2017 16:28:07 GMT+0800 (CST) ] {"err":0,"msg":"JN1fjhhLrNg7sfJeejtXqdu3WHUBw9kaPk"}
[ Tue Aug 15 2017 16:28:07 GMT+0800 (CST) ] time is 1806
[ Tue Aug 15 2017 16:28:07 GMT+0800 (CST) ] {"err":0,"msg":"JMR1yVk32uH1oZZj26Ln6KnJWaMt4yKqVf"}
[ Tue Aug 15 2017 16:28:07 GMT+0800 (CST) ] time is 1796
[ Tue Aug 15 2017 16:28:07 GMT+0800 (CST) ] {"err":0,"msg":"JaS9ms7opDbj8uNzmmJYxAbuRAAJkYTfkD"}
[ Tue Aug 15 2017 16:28:07 GMT+0800 (CST) ] time is 1806
[ Tue Aug 15 2017 16:28:07 GMT+0800 (CST) ] {"err":0,"msg":"JT5inXw9jUJj9ebms331Jkt4roqXxmNgCH"}
[ Tue Aug 15 2017 16:28:07 GMT+0800 (CST) ] time is 1802
[ Tue Aug 15 2017 16:28:07 GMT+0800 (CST) ] {"err":0,"msg":"Ja64BUzHX5mA5TZH3yS1SYp3wnaV3sKKaD"}
[ Tue Aug 15 2017 16:28:07 GMT+0800 (CST) ] time is 1807
[ Tue Aug 15 2017 16:28:07 GMT+0800 (CST) ] {"err":0,"msg":"JUnw5f7DAiXBBr5F6UmsALmxVsJUuEgwgT"}
[ Tue Aug 15 2017 16:28:07 GMT+0800 (CST) ] time is 1797
[ Tue Aug 15 2017 16:28:07 GMT+0800 (CST) ] {"err":0,"msg":"JZD84qaZpwCLTjVamWiVEc4JTC9JXVo9Au"}
[ Tue Aug 15 2017 16:28:07 GMT+0800 (CST) ] time is 1807
[ Tue Aug 15 2017 16:28:07 GMT+0800 (CST) ] {"err":0,"msg":"JcHCK9VibdYYUgSiJaUrPMYH7BnR1fPWnz"}
[ Tue Aug 15 2017 16:28:07 GMT+0800 (CST) ] time is 1803
[ Tue Aug 15 2017 16:28:07 GMT+0800 (CST) ] {"err":0,"msg":"Jgo3EHd538xZfxBn9TLQUkRqZS7oCCgfe3"}
[ Tue Aug 15 2017 16:28:07 GMT+0800 (CST) ] time is 1798
[ Tue Aug 15 2017 16:28:07 GMT+0800 (CST) ] {"err":0,"msg":"JZ7bdZRCxPdxjvehoT438xGttbVe5cCdhv"}
[ Tue Aug 15 2017 16:28:07 GMT+0800 (CST) ] time is 1808
[ Tue Aug 15 2017 16:28:07 GMT+0800 (CST) ] {"err":0,"msg":"JhrdbSypSNLpYSZY912k3sH7Wre41EYHy3"}
[ Tue Aug 15 2017 16:28:07 GMT+0800 (CST) ] time is 1808
[ Tue Aug 15 2017 16:28:07 GMT+0800 (CST) ] {"err":0,"msg":"JTUxwM61rH4r43VF7cdmVvQ8G24HkkzwpR"}
[ Tue Aug 15 2017 16:28:07 GMT+0800 (CST) ] time is 1804
[ Tue Aug 15 2017 16:28:07 GMT+0800 (CST) ] {"err":0,"msg":"JarFpGGrs6rZcF1EtUNfoaGymDDu4Gbiwp"}
[ Tue Aug 15 2017 16:28:07 GMT+0800 (CST) ] time is 1799
[ Tue Aug 15 2017 16:28:07 GMT+0800 (CST) ] {"err":0,"msg":"JKfYJWtS1wfPFXgJxRA3WxDNegF9qGdDnd"}
[ Tue Aug 15 2017 16:28:07 GMT+0800 (CST) ] time is 1809
[ Tue Aug 15 2017 16:28:07 GMT+0800 (CST) ] {"err":0,"msg":"JSndPbKKsc6R8KECN3unyufysveytuwFxV"}
[ Tue Aug 15 2017 16:28:07 GMT+0800 (CST) ] time is 1809
[ Tue Aug 15 2017 16:28:07 GMT+0800 (CST) ] {"err":0,"msg":"JRgSXX1WewPwr6TsXuvGBhv39Dvc9k1Wmw"}
[ Tue Aug 15 2017 16:28:07 GMT+0800 (CST) ] time is 1805
[ Tue Aug 15 2017 16:28:07 GMT+0800 (CST) ] {"err":0,"msg":"JMPk2wCfcwdKUdNELtzUgV8KG9GJ2aSMPB"}
[ Tue Aug 15 2017 16:28:07 GMT+0800 (CST) ] time is 1800
[ Tue Aug 15 2017 16:28:07 GMT+0800 (CST) ] {"err":0,"msg":"Jedg6nPwh3ree9Xm1WKTw5HR3Hc2HULovb"}
[ Tue Aug 15 2017 16:28:07 GMT+0800 (CST) ] time is 1810
[ Tue Aug 15 2017 16:28:07 GMT+0800 (CST) ] {"err":0,"msg":"JLiB9g4EMzyNXvqL3kDY2TSvrCuFdUDx2a"}
[ Tue Aug 15 2017 16:28:07 GMT+0800 (CST) ] time is 1810
[ Tue Aug 15 2017 16:28:07 GMT+0800 (CST) ] {"err":0,"msg":"JUZtKU5fC2Jz4vsJe78zLjFmciGfBaoMhU"}
[ Tue Aug 15 2017 16:28:07 GMT+0800 (CST) ] time is 1806
[ Tue Aug 15 2017 16:28:07 GMT+0800 (CST) ] {"err":0,"msg":"Je5ywYYZrJUZTtXkKWexj1HcY3WZx26R4z"}
[ Tue Aug 15 2017 16:28:07 GMT+0800 (CST) ] time is 1801
[ Tue Aug 15 2017 16:28:07 GMT+0800 (CST) ] {"err":0,"msg":"JTdK7ftykSMcqP2Bef9Li19jV9Cf6YkWRR"}
[ Tue Aug 15 2017 16:28:07 GMT+0800 (CST) ] time is 1811
[ Tue Aug 15 2017 16:28:07 GMT+0800 (CST) ] {"err":0,"msg":"JZM3dVAEaB748KEyuumbj3mD2LzHc1ZTVa"}
[ Tue Aug 15 2017 16:28:07 GMT+0800 (CST) ] time is 1811
[ Tue Aug 15 2017 16:28:07 GMT+0800 (CST) ] {"err":0,"msg":"JbU5X3hbkH2RaqH8NnGCeaUCX6kumtQVrG"}
[ Tue Aug 15 2017 16:28:07 GMT+0800 (CST) ] time is 1807
[ Tue Aug 15 2017 16:28:07 GMT+0800 (CST) ] {"err":0,"msg":"JehVVjn1GRfsCqgYJvn7aW9o6ho8a8qbGH"}
[ Tue Aug 15 2017 16:28:07 GMT+0800 (CST) ] time is 1802
[ Tue Aug 15 2017 16:28:07 GMT+0800 (CST) ] {"err":0,"msg":"Jeg1DHgjLW4QB4HZFRrekLiQ3TNN5emkNm"}
[ Tue Aug 15 2017 16:28:07 GMT+0800 (CST) ] time is 1812
[ Tue Aug 15 2017 16:28:07 GMT+0800 (CST) ] {"err":0,"msg":"JZqDj9cGLWybYEgbHDxRHDA6QNkH3fCvCo"}
[ Tue Aug 15 2017 16:28:07 GMT+0800 (CST) ] time is 1812
[ Tue Aug 15 2017 16:28:07 GMT+0800 (CST) ] {"err":0,"msg":"JNQyvwFn5dn16M2RzfsWDpyvPq8BrLBTY1"}
[ Tue Aug 15 2017 16:28:07 GMT+0800 (CST) ] time is 1808
[ Tue Aug 15 2017 16:28:07 GMT+0800 (CST) ] {"err":0,"msg":"JWDAsCV1WD37eSVNrKqVFTnwj85XbG4Qja"}
[ Tue Aug 15 2017 16:28:07 GMT+0800 (CST) ] time is 1803
[ Tue Aug 15 2017 16:28:07 GMT+0800 (CST) ] {"err":0,"msg":"JdTeDPc1LWasiw9GNQQxhdqzXuWWCurS8q"}
[ Tue Aug 15 2017 16:28:07 GMT+0800 (CST) ] time is 1813
[ Tue Aug 15 2017 16:28:07 GMT+0800 (CST) ] {"err":0,"msg":"JQRdGq9C55X7P2k3y9VN6FSz3Ytt7assB6"}
[ Tue Aug 15 2017 16:28:07 GMT+0800 (CST) ] time is 1813
[ Tue Aug 15 2017 16:28:07 GMT+0800 (CST) ] {"err":0,"msg":"Jf4udKFMY6MfxSbSoLyweEurg6oz6dCCzm"}
[ Tue Aug 15 2017 16:28:07 GMT+0800 (CST) ] time is 1809
[ Tue Aug 15 2017 16:28:07 GMT+0800 (CST) ] {"err":0,"msg":"JhdHJpAPBaBKdAKPgMZjLegCrzvJ2zSPgg"}
[ Tue Aug 15 2017 16:28:07 GMT+0800 (CST) ] time is 1804
[ Tue Aug 15 2017 16:28:07 GMT+0800 (CST) ] {"err":0,"msg":"Jc7Y8T4vhu5RSF42SmiFA2eU2sGU4HeWrY"}
[ Tue Aug 15 2017 16:28:07 GMT+0800 (CST) ] time is 1814
[ Tue Aug 15 2017 16:28:07 GMT+0800 (CST) ] {"err":0,"msg":"JRtB5e4muoMoCaabt7VY3V4UaytZz8jBky"}
[ Tue Aug 15 2017 16:28:07 GMT+0800 (CST) ] time is 1814
[ Tue Aug 15 2017 16:28:07 GMT+0800 (CST) ] {"err":0,"msg":"JRbk3GEr5j2XYXdxpjYMVzfyFj2YWv8yXr"}
[ Tue Aug 15 2017 16:28:07 GMT+0800 (CST) ] time is 1810
[ Tue Aug 15 2017 16:28:07 GMT+0800 (CST) ] {"err":0,"msg":"JfVwWHRdX6cwxoyMrAzaFSKzDg9B8pnEaB"}
[ Tue Aug 15 2017 16:28:07 GMT+0800 (CST) ] time is 1805
[ Tue Aug 15 2017 16:28:07 GMT+0800 (CST) ] {"err":0,"msg":"JRC9N9kwAjU5oxWpzEZg6ftUAtN6x8pTSH"}
[ Tue Aug 15 2017 16:28:07 GMT+0800 (CST) ] time is 1815
[ Tue Aug 15 2017 16:28:07 GMT+0800 (CST) ] {"err":0,"msg":"JVzSCfrdd3dQKdKhWJuFS4TUfJsEaW4mB2"}
[ Tue Aug 15 2017 16:28:07 GMT+0800 (CST) ] time is 1815
[ Tue Aug 15 2017 16:28:07 GMT+0800 (CST) ] {"err":0,"msg":"JVSREsgHRCHRF5yU4CVNkqmrrQksCL7ntw"}
[ Tue Aug 15 2017 16:28:07 GMT+0800 (CST) ] time is 1811
[ Tue Aug 15 2017 16:28:07 GMT+0800 (CST) ] {"err":0,"msg":"Jh7H5VSJp71Dqr69iU7HA4HGJ63vw8nVda"}
[ Tue Aug 15 2017 16:28:07 GMT+0800 (CST) ] time is 1806
[ Tue Aug 15 2017 16:28:07 GMT+0800 (CST) ] {"err":0,"msg":"JWyj7d6egCQJ18RCKXQDh8TZcySBmcwNDe"}
[ Tue Aug 15 2017 16:28:07 GMT+0800 (CST) ] time is 1816
[ Tue Aug 15 2017 16:28:07 GMT+0800 (CST) ] {"err":0,"msg":"JSvT38LwFnjr7TqQkW9TQUUiSqayfmRXKm"}
[ Tue Aug 15 2017 16:28:07 GMT+0800 (CST) ] time is 1816
[ Tue Aug 15 2017 16:28:07 GMT+0800 (CST) ] {"err":0,"msg":"JTz62mQFYSZdS4h7mAqxSzi8QDPRadQNwN"}
[ Tue Aug 15 2017 16:28:07 GMT+0800 (CST) ] time is 1812
[ Tue Aug 15 2017 16:28:07 GMT+0800 (CST) ] {"err":0,"msg":"Ja179c1m8C4nqAiRyBk238Wonm3jiZby48"}
[ Tue Aug 15 2017 16:28:07 GMT+0800 (CST) ] time is 1807
[ Tue Aug 15 2017 16:28:07 GMT+0800 (CST) ] {"err":0,"msg":"JeFv3895dLqXLrCV8arH3sBm3byyHPFx9h"}
[ Tue Aug 15 2017 16:28:07 GMT+0800 (CST) ] time is 1817
[ Tue Aug 15 2017 16:28:07 GMT+0800 (CST) ] {"err":0,"msg":"JTJiwZMqtZ6VAe56K5iHYjAviy1TLDG1Pb"}
[ Tue Aug 15 2017 16:28:07 GMT+0800 (CST) ] {"err":0,"msg":"JQM4km8WwJA7MMETkXqj36dmd5ajb6aSZo"}
[ Tue Aug 15 2017 16:28:07 GMT+0800 (CST) ] time is 1817
[ Tue Aug 15 2017 16:28:07 GMT+0800 (CST) ] time is 1813
[ Tue Aug 15 2017 16:28:07 GMT+0800 (CST) ] {"err":0,"msg":"JM2g8aaD4HuJrbkXeDMYD4UqFHLq8phEoY"}
[ Tue Aug 15 2017 16:28:07 GMT+0800 (CST) ] time is 1808
[ Tue Aug 15 2017 16:28:07 GMT+0800 (CST) ] {"err":0,"msg":"JPsLDA4D5QqkzJ1TrDPT2xp1UUnS5go29G"}
[ Tue Aug 15 2017 16:28:07 GMT+0800 (CST) ] time is 1818
[ Tue Aug 15 2017 16:28:07 GMT+0800 (CST) ] {"err":0,"msg":"JhpjsotjMQbiBJ4XkbYwJdimyKRoViNqUu"}
[ Tue Aug 15 2017 16:28:07 GMT+0800 (CST) ] time is 1818
[ Tue Aug 15 2017 16:28:07 GMT+0800 (CST) ] {"err":0,"msg":"JWvfP3ZxMKH32AAcNpZANtyN1gAD2LMrJd"}
[ Tue Aug 15 2017 16:28:07 GMT+0800 (CST) ] time is 1814
[ Tue Aug 15 2017 16:28:07 GMT+0800 (CST) ] {"err":0,"msg":"JU7BXccx7BdMGovNniyETkc4u5uove811g"}
[ Tue Aug 15 2017 16:28:07 GMT+0800 (CST) ] time is 1809
[ Tue Aug 15 2017 16:28:07 GMT+0800 (CST) ] {"err":0,"msg":"JNwWsPSVm6ZbqQrErx6fSqXUeW2B63qge7"}
[ Tue Aug 15 2017 16:28:07 GMT+0800 (CST) ] time is 1819
[ Tue Aug 15 2017 16:28:07 GMT+0800 (CST) ] {"err":0,"msg":"JQ6kFmdLqLGc6tae7e7wtTyXjaQWx9WWJz"}
[ Tue Aug 15 2017 16:28:07 GMT+0800 (CST) ] time is 1819
[ Tue Aug 15 2017 16:28:07 GMT+0800 (CST) ] {"err":0,"msg":"JaytSSm1uCJFjkQ3qaThqg8YHRPmKzsC95"}
[ Tue Aug 15 2017 16:28:07 GMT+0800 (CST) ] time is 1815
[ Tue Aug 15 2017 16:28:07 GMT+0800 (CST) ] {"err":0,"msg":"Je62VCQbceJzUXCXayBdRQmtfyJmzRHfmq"}
[ Tue Aug 15 2017 16:28:07 GMT+0800 (CST) ] time is 1810
[ Tue Aug 15 2017 16:28:07 GMT+0800 (CST) ] {"err":0,"msg":"JbjgfwBk2nJCcnG5Kr8qa2Zi926iSLLpNS"}
[ Tue Aug 15 2017 16:28:07 GMT+0800 (CST) ] time is 1820
[ Tue Aug 15 2017 16:28:07 GMT+0800 (CST) ] {"err":0,"msg":"JShoUBK6bMwF9emozTmeT3cRCiDnNTqPM2"}
[ Tue Aug 15 2017 16:28:07 GMT+0800 (CST) ] time is 1820
[ Tue Aug 15 2017 16:28:07 GMT+0800 (CST) ] {"err":0,"msg":"JRJkV19e3zUm95MTzLLLcrdHLDmQ7fPKGi"}
[ Tue Aug 15 2017 16:28:07 GMT+0800 (CST) ] time is 1816
[ Tue Aug 15 2017 16:28:07 GMT+0800 (CST) ] {"err":0,"msg":"JcYwaDVjSBiaHjTGPnco897XFR8P2hcsA8"}
[ Tue Aug 15 2017 16:28:07 GMT+0800 (CST) ] time is 1811
[ Tue Aug 15 2017 16:28:07 GMT+0800 (CST) ] {"err":0,"msg":"JdY5WqBGBLpPQXRLJb8PYzDMsMejoF7CuY"}
[ Tue Aug 15 2017 16:28:07 GMT+0800 (CST) ] time is 1821
[ Tue Aug 15 2017 16:28:07 GMT+0800 (CST) ] {"err":0,"msg":"JbroYitrdnB3pUfSknp5HFF4cqoRcXk6um"}
[ Tue Aug 15 2017 16:28:07 GMT+0800 (CST) ] time is 1821
[ Tue Aug 15 2017 16:28:07 GMT+0800 (CST) ] {"err":0,"msg":"JZQ3yNqdmXH9bzoGP2TqaMW1piQWcJJFd3"}
[ Tue Aug 15 2017 16:28:07 GMT+0800 (CST) ] time is 1817
[ Tue Aug 15 2017 16:28:07 GMT+0800 (CST) ] {"err":0,"msg":"JgA3AfSDU1EA8aDm1dvThByRADbSy2UxCg"}
[ Tue Aug 15 2017 16:28:07 GMT+0800 (CST) ] time is 1812
[ Tue Aug 15 2017 16:28:07 GMT+0800 (CST) ] {"err":0,"msg":"JS137FUgW8Wd8bD5cxqN2SGNTnowu8rGuR"}
[ Tue Aug 15 2017 16:28:07 GMT+0800 (CST) ] time is 1822
[ Tue Aug 15 2017 16:28:07 GMT+0800 (CST) ] {"err":0,"msg":"JPSXrvaS4Yg34znmx2Daio2M2c99wy32b8"}
[ Tue Aug 15 2017 16:28:07 GMT+0800 (CST) ] time is 1822
[ Tue Aug 15 2017 16:28:07 GMT+0800 (CST) ] {"err":0,"msg":"JdfZV95e4vxFW8DzEg5VEKjcvD2KPSErwA"}
[ Tue Aug 15 2017 16:28:07 GMT+0800 (CST) ] time is 1818
[ Tue Aug 15 2017 16:28:07 GMT+0800 (CST) ] {"err":0,"msg":"JSWfghWwGoMcqpfkA19YNHjTU5AWeVnFaf"}
[ Tue Aug 15 2017 16:28:07 GMT+0800 (CST) ] time is 1813
[ Tue Aug 15 2017 16:28:07 GMT+0800 (CST) ] {"err":0,"msg":"JPdWmBRcKVZUUFerbMwULSaw1aG7rTau6T"}
[ Tue Aug 15 2017 16:28:07 GMT+0800 (CST) ] time is 1823
[ Tue Aug 15 2017 16:28:07 GMT+0800 (CST) ] {"err":0,"msg":"JMxhFfN69TL3ZvQNPiuHy79QaSiQPZdc2e"}
[ Tue Aug 15 2017 16:28:07 GMT+0800 (CST) ] time is 1819
[ Tue Aug 15 2017 16:28:07 GMT+0800 (CST) ] {"err":0,"msg":"JdBCfTqHx2pQqKNEXc7NnyuDtt9pXreZhC"}
[ Tue Aug 15 2017 16:28:08 GMT+0800 (CST) ] time is 1823
[ Tue Aug 15 2017 16:28:08 GMT+0800 (CST) ] {"err":0,"msg":"JXdDtRurtjkUkS1Xmf7XyT9xYhGhAfUonS"}
[ Tue Aug 15 2017 16:28:08 GMT+0800 (CST) ] time is 1814
[ Tue Aug 15 2017 16:28:08 GMT+0800 (CST) ] {"err":0,"msg":"JV4JBhicrKtdYgSmWun2kZdoumq5jmPrxN"}
[ Tue Aug 15 2017 16:28:08 GMT+0800 (CST) ] time is 1824
[ Tue Aug 15 2017 16:28:08 GMT+0800 (CST) ] {"err":0,"msg":"JSqrbnqcPuY37b6B9RtfuopEgFqRERjRTS"}
[ Tue Aug 15 2017 16:28:08 GMT+0800 (CST) ] time is 1820
[ Tue Aug 15 2017 16:28:08 GMT+0800 (CST) ] {"err":0,"msg":"JKphRXL9nfzso37X8QawZZ5Djc62Ron3wE"}
[ Tue Aug 15 2017 16:28:08 GMT+0800 (CST) ] time is 1824
[ Tue Aug 15 2017 16:28:08 GMT+0800 (CST) ] {"err":0,"msg":"JgRCcUdsHeMZMPR3QcPLERRpmTum7NQD72"}
[ Tue Aug 15 2017 16:28:08 GMT+0800 (CST) ] time is 1815
[ Tue Aug 15 2017 16:28:08 GMT+0800 (CST) ] {"err":0,"msg":"JXzPu7MTfprxBquSbvVPBVQkT9ETWhpxvu"}
[ Tue Aug 15 2017 16:28:08 GMT+0800 (CST) ] time is 1825
[ Tue Aug 15 2017 16:28:08 GMT+0800 (CST) ] {"err":0,"msg":"Jc6LTHQys1qRBmaYEJQoczWyrSiwUBd17i"}
[ Tue Aug 15 2017 16:28:08 GMT+0800 (CST) ] time is 1821
[ Tue Aug 15 2017 16:28:08 GMT+0800 (CST) ] {"err":0,"msg":"JYSLU3PTG5exXp4PLPQLfPjisj95p5PtMu"}
[ Tue Aug 15 2017 16:28:08 GMT+0800 (CST) ] time is 1825
[ Tue Aug 15 2017 16:28:08 GMT+0800 (CST) ] {"err":0,"msg":"JUv76edekJPvGYzjdCsnxSh7tWtFexyH4d"}
[ Tue Aug 15 2017 16:28:08 GMT+0800 (CST) ] time is 1816
[ Tue Aug 15 2017 16:28:08 GMT+0800 (CST) ] {"err":0,"msg":"Jgb6zz9PRfKeU6rzjHhYHsstDJSANdzGp2"}
[ Tue Aug 15 2017 16:28:08 GMT+0800 (CST) ] time is 1826
[ Tue Aug 15 2017 16:28:08 GMT+0800 (CST) ] {"err":0,"msg":"JTwCqYaxbtXeNFQgnRXe1kfdaBvqMKhCg3"}
[ Tue Aug 15 2017 16:28:08 GMT+0800 (CST) ] time is 1822
[ Tue Aug 15 2017 16:28:08 GMT+0800 (CST) ] {"err":0,"msg":"JWa5CvCZhpJYPyWGy5SrynCmdUGYzt28P6"}
[ Tue Aug 15 2017 16:28:08 GMT+0800 (CST) ] time is 1817
[ Tue Aug 15 2017 16:28:08 GMT+0800 (CST) ] {"err":0,"msg":"JaUXHW9Vp82XW3yvPja79ZwYnmz119C5sC"}
[ Tue Aug 15 2017 16:28:08 GMT+0800 (CST) ] time is 1826
[ Tue Aug 15 2017 16:28:08 GMT+0800 (CST) ] {"err":0,"msg":"JTCnaYtNdrMH2aDwEYxQRCkiQtxrBXqn32"}
[ Tue Aug 15 2017 16:28:08 GMT+0800 (CST) ] time is 1827
[ Tue Aug 15 2017 16:28:08 GMT+0800 (CST) ] {"err":0,"msg":"JLoDK7bAi9DVG3VBUKS2BqBQ4Fc2vs3a8n"}
[ Tue Aug 15 2017 16:28:08 GMT+0800 (CST) ] time is 1823
[ Tue Aug 15 2017 16:28:08 GMT+0800 (CST) ] {"err":0,"msg":"JTkJUinAW1MzGnyiTTt7HC8JnkhdjFahhx"}
[ Tue Aug 15 2017 16:28:08 GMT+0800 (CST) ] time is 1818
[ Tue Aug 15 2017 16:28:08 GMT+0800 (CST) ] {"err":0,"msg":"JV335M9KUoMKKba85fMXxMCcUoVA8eUNy6"}
[ Tue Aug 15 2017 16:28:08 GMT+0800 (CST) ] time is 1827
[ Tue Aug 15 2017 16:28:08 GMT+0800 (CST) ] {"err":0,"msg":"JRuyqohETv3RLPvkF3XqPMqQQsimeaSeix"}
[ Tue Aug 15 2017 16:28:08 GMT+0800 (CST) ] time is 1828
[ Tue Aug 15 2017 16:28:08 GMT+0800 (CST) ] {"err":0,"msg":"JgcjfAN1hv47aZvLThXRgkVvmu3itrgRxL"}
[ Tue Aug 15 2017 16:28:08 GMT+0800 (CST) ] time is 1824
[ Tue Aug 15 2017 16:28:08 GMT+0800 (CST) ] {"err":0,"msg":"Jaedg4UTMRte4oMGZ15VYwybDhftPbYR1e"}
[ Tue Aug 15 2017 16:28:08 GMT+0800 (CST) ] time is 1819
[ Tue Aug 15 2017 16:28:08 GMT+0800 (CST) ] {"err":0,"msg":"JYqB2k7Gbw3v7vMY2tUbjrJvCf6RQQj3Q5"}
[ Tue Aug 15 2017 16:28:08 GMT+0800 (CST) ] time is 1828
[ Tue Aug 15 2017 16:28:08 GMT+0800 (CST) ] {"err":0,"msg":"JTp8T8h5tVYs7cumRJuQZkDU4xT3fUsJBr"}
[ Tue Aug 15 2017 16:28:08 GMT+0800 (CST) ] time is 1829
[ Tue Aug 15 2017 16:28:08 GMT+0800 (CST) ] {"err":0,"msg":"JZVSZg8NjYK7BkhuFAdFuvmgCoGsPzKwgy"}
[ Tue Aug 15 2017 16:28:08 GMT+0800 (CST) ] time is 1825
[ Tue Aug 15 2017 16:28:08 GMT+0800 (CST) ] {"err":0,"msg":"JSgHrC34JEwWFUMoWwo4qC8v2YGQd66ZLQ"}
[ Tue Aug 15 2017 16:28:08 GMT+0800 (CST) ] time is 1820
[ Tue Aug 15 2017 16:28:08 GMT+0800 (CST) ] {"err":0,"msg":"JRxdB7YLxEsyfbH9JmP53TwJp2h9YtL2vt"}
[ Tue Aug 15 2017 16:28:08 GMT+0800 (CST) ] time is 1829
[ Tue Aug 15 2017 16:28:08 GMT+0800 (CST) ] {"err":0,"msg":"Jdbn49QbPtAR8PpQwwcEpXbDt4mEx9WwB6"}
[ Tue Aug 15 2017 16:28:08 GMT+0800 (CST) ] time is 1830
[ Tue Aug 15 2017 16:28:08 GMT+0800 (CST) ] {"err":0,"msg":"JJqmE1pay9BTgtMDdDvNpaVDGCCnST3VWr"}
[ Tue Aug 15 2017 16:28:08 GMT+0800 (CST) ] time is 1826
[ Tue Aug 15 2017 16:28:08 GMT+0800 (CST) ] {"err":0,"msg":"JX2jGxhuowm6LzpDnrxHfvFAHwZ1Z73F9s"}
[ Tue Aug 15 2017 16:28:08 GMT+0800 (CST) ] time is 1821
[ Tue Aug 15 2017 16:28:08 GMT+0800 (CST) ] {"err":0,"msg":"JYaA24c89DKkUM47FqAhJjH86vAVn2kUwu"}
[ Tue Aug 15 2017 16:28:08 GMT+0800 (CST) ] time is 1830
[ Tue Aug 15 2017 16:28:08 GMT+0800 (CST) ] {"err":0,"msg":"JMVLihgbRZ5K2kUdjnb7dfP8xxLv49b7Gh"}
[ Tue Aug 15 2017 16:28:08 GMT+0800 (CST) ] time is 1831
[ Tue Aug 15 2017 16:28:08 GMT+0800 (CST) ] {"err":0,"msg":"JUnxrSq2YLGanJejwgAnvawBo9rgUPNnx1"}
[ Tue Aug 15 2017 16:28:08 GMT+0800 (CST) ] time is 1827
[ Tue Aug 15 2017 16:28:08 GMT+0800 (CST) ] {"err":0,"msg":"Jh6P1zowHyx4qha1Kg1c84enTVge9RLmRr"}
[ Tue Aug 15 2017 16:28:08 GMT+0800 (CST) ] time is 1822
[ Tue Aug 15 2017 16:28:08 GMT+0800 (CST) ] {"err":0,"msg":"JdpqMWcAorUijsCtfmqCFfjY7LwHSqQCZ4"}
[ Tue Aug 15 2017 16:28:08 GMT+0800 (CST) ] time is 1831
[ Tue Aug 15 2017 16:28:08 GMT+0800 (CST) ] {"err":0,"msg":"JPjkz6S7MaynEtwoP4MMrXVEYMxFS1Nhzu"}
[ Tue Aug 15 2017 16:28:08 GMT+0800 (CST) ] time is 1823
[ Tue Aug 15 2017 16:28:08 GMT+0800 (CST) ] {"err":0,"msg":"JS8NTvkonA9AQ59vttpHAHD1d7EW1XZH9K"}
[ Tue Aug 15 2017 16:28:08 GMT+0800 (CST) ] time is 1828
[ Tue Aug 15 2017 16:28:08 GMT+0800 (CST) ] {"err":0,"msg":"JdhX4huyJ6WpztveYBTi9vtTnchAEzjScY"}
[ Tue Aug 15 2017 16:28:08 GMT+0800 (CST) ] time is 1832
[ Tue Aug 15 2017 16:28:08 GMT+0800 (CST) ] {"err":0,"msg":"JXxKbWYvcDTwM7sEuxfWzPYfzxNuCbpnvP"}
[ Tue Aug 15 2017 16:28:08 GMT+0800 (CST) ] time is 1832
[ Tue Aug 15 2017 16:28:08 GMT+0800 (CST) ] {"err":0,"msg":"JPDJdcM8qaW5ZDJo6SnPm1cGg9VsKtwXww"}
[ Tue Aug 15 2017 16:28:08 GMT+0800 (CST) ] time is 1824
[ Tue Aug 15 2017 16:28:08 GMT+0800 (CST) ] {"err":0,"msg":"JW4BnPUAJgK7nT2e9tc4nJB4fWSi6nSRK8"}
[ Tue Aug 15 2017 16:28:08 GMT+0800 (CST) ] time is 1829
[ Tue Aug 15 2017 16:28:08 GMT+0800 (CST) ] {"err":0,"msg":"JdvJJZEbd6sndL4HAWoLC28Jc2CjimsJKV"}
[ Tue Aug 15 2017 16:28:08 GMT+0800 (CST) ] time is 1833
[ Tue Aug 15 2017 16:28:08 GMT+0800 (CST) ] {"err":0,"msg":"JfUBHqFBi3BSQsSnUHqaSNjjPaNCJkRJtp"}
[ Tue Aug 15 2017 16:28:08 GMT+0800 (CST) ] time is 1833
[ Tue Aug 15 2017 16:28:08 GMT+0800 (CST) ] {"err":0,"msg":"JVK4TYLaZGymKPAbE6v8v4v7mNaM5k45yy"}
[ Tue Aug 15 2017 16:28:08 GMT+0800 (CST) ] time is 1825
[ Tue Aug 15 2017 16:28:08 GMT+0800 (CST) ] {"err":0,"msg":"JVzNj1yE6GE1svWAW2NJnvKfZooPXTWRcH"}
[ Tue Aug 15 2017 16:28:08 GMT+0800 (CST) ] time is 1830
[ Tue Aug 15 2017 16:28:08 GMT+0800 (CST) ] {"err":0,"msg":"JZ7MLwWFbnzse2DDFWHruHSTo96AdWjBUY"}
[ Tue Aug 15 2017 16:28:08 GMT+0800 (CST) ] time is 1834
[ Tue Aug 15 2017 16:28:08 GMT+0800 (CST) ] {"err":0,"msg":"JNg4euBKRKGzAAhLHrtRdivcPqqbVCMbom"}
[ Tue Aug 15 2017 16:28:08 GMT+0800 (CST) ] time is 1834
[ Tue Aug 15 2017 16:28:08 GMT+0800 (CST) ] {"err":0,"msg":"JJZyncHpYYVPLXhDtZTrsxBi8Jad5WnEKe"}
[ Tue Aug 15 2017 16:28:08 GMT+0800 (CST) ] time is 1826
[ Tue Aug 15 2017 16:28:08 GMT+0800 (CST) ] {"err":0,"msg":"JNzWZ3ZKXxwRR94zxhoge2jBXtSmDAQQ6H"}
[ Tue Aug 15 2017 16:28:08 GMT+0800 (CST) ] {"err":0,"msg":"JbyonM3Ltw91T2pJRzr36BuLiB3yxqpXZF"}
[ Tue Aug 15 2017 16:28:08 GMT+0800 (CST) ] time is 1831
[ Tue Aug 15 2017 16:28:08 GMT+0800 (CST) ] time is 1835
[ Tue Aug 15 2017 16:28:08 GMT+0800 (CST) ] {"err":0,"msg":"JcKRK2PLmv3hTgUNxdXZkwWyTzZbTeaxQy"}
[ Tue Aug 15 2017 16:28:08 GMT+0800 (CST) ] time is 1835
[ Tue Aug 15 2017 16:28:08 GMT+0800 (CST) ] {"err":0,"msg":"JXHxWuJTrrQUYF2hCbBsNHc5Zm6VKy2joK"}
[ Tue Aug 15 2017 16:28:08 GMT+0800 (CST) ] time is 1827
[ Tue Aug 15 2017 16:28:08 GMT+0800 (CST) ] {"err":0,"msg":"JaHJHhfnuNEAghUhEK5o5kZovzkaW4sCGW"}
[ Tue Aug 15 2017 16:28:08 GMT+0800 (CST) ] time is 1832
[ Tue Aug 15 2017 16:28:08 GMT+0800 (CST) ] {"err":0,"msg":"JXyMjRCGVt6UutixJW21WvQYnNBvwjavAs"}
[ Tue Aug 15 2017 16:28:08 GMT+0800 (CST) ] time is 1836
[ Tue Aug 15 2017 16:28:08 GMT+0800 (CST) ] {"err":0,"msg":"JUrXbqC1ta9vN7zzK9shr3unYPbhyXzTLj"}
[ Tue Aug 15 2017 16:28:08 GMT+0800 (CST) ] time is 1836
[ Tue Aug 15 2017 16:28:08 GMT+0800 (CST) ] {"err":0,"msg":"JUqxv1DdBUehw1LD6SwbESMErx39vb5oUP"}
[ Tue Aug 15 2017 16:28:08 GMT+0800 (CST) ] time is 1828
[ Tue Aug 15 2017 16:28:08 GMT+0800 (CST) ] {"err":0,"msg":"JcCBLQSLJdL9rwGCVYdPfSup6v1w3UU9i8"}
[ Tue Aug 15 2017 16:28:08 GMT+0800 (CST) ] time is 1833
[ Tue Aug 15 2017 16:28:08 GMT+0800 (CST) ] {"err":0,"msg":"JJrWQDAPp5MMaTN4vR5yRNu8YPDFJpRFrg"}
[ Tue Aug 15 2017 16:28:08 GMT+0800 (CST) ] time is 1837
[ Tue Aug 15 2017 16:28:08 GMT+0800 (CST) ] {"err":0,"msg":"JXo9dAuQ56CpuP9EXVwz4SJFsJFJDuhkmN"}
[ Tue Aug 15 2017 16:28:08 GMT+0800 (CST) ] time is 1829
[ Tue Aug 15 2017 16:28:08 GMT+0800 (CST) ] {"err":0,"msg":"JZyfy5cxtoGXka5AaDpA2xL1uQegwCCg6L"}
[ Tue Aug 15 2017 16:28:08 GMT+0800 (CST) ] time is 1837
[ Tue Aug 15 2017 16:28:08 GMT+0800 (CST) ] {"err":0,"msg":"JSUe5bn7jSvpDTrrzEDyypcBapz79sPtME"}
[ Tue Aug 15 2017 16:28:08 GMT+0800 (CST) ] time is 1834
[ Tue Aug 15 2017 16:28:08 GMT+0800 (CST) ] {"err":0,"msg":"JhBgPDCrsTXfMXwVSyG7YG5U8WWx4CWrus"}
[ Tue Aug 15 2017 16:28:08 GMT+0800 (CST) ] time is 1838
[ Tue Aug 15 2017 16:28:08 GMT+0800 (CST) ] {"err":0,"msg":"JffFXAyDmy9w9hA7QPM92NbFEXHaSLzFtH"}
[ Tue Aug 15 2017 16:28:08 GMT+0800 (CST) ] time is 1830
[ Tue Aug 15 2017 16:28:08 GMT+0800 (CST) ] {"err":0,"msg":"JKTc8sZRoZfTqDw9a7gphHSNregaBo7wGK"}
[ Tue Aug 15 2017 16:28:08 GMT+0800 (CST) ] time is 1838
[ Tue Aug 15 2017 16:28:08 GMT+0800 (CST) ] {"err":0,"msg":"Je552d46GAodg7XZQowfkHxa8hVducs7dP"}
[ Tue Aug 15 2017 16:28:08 GMT+0800 (CST) ] time is 1835
[ Tue Aug 15 2017 16:28:08 GMT+0800 (CST) ] {"err":0,"msg":"JVNNZRnivxkhAwKrvk73N5dCLQDXJXLiCT"}
[ Tue Aug 15 2017 16:28:08 GMT+0800 (CST) ] time is 1839
[ Tue Aug 15 2017 16:28:08 GMT+0800 (CST) ] {"err":0,"msg":"JUaoQmdnBdfQPJfxFtS3SgDDsAnvGNy6WX"}
[ Tue Aug 15 2017 16:28:08 GMT+0800 (CST) ] time is 1831
[ Tue Aug 15 2017 16:28:08 GMT+0800 (CST) ] {"err":0,"msg":"JdP9xbwfYXxoqnimYaPWa1SNGjvi7EH3EJ"}
[ Tue Aug 15 2017 16:28:08 GMT+0800 (CST) ] time is 1839
[ Tue Aug 15 2017 16:28:08 GMT+0800 (CST) ] {"err":0,"msg":"JY1WsLZ3ZteHuUbxYw2TpsAmBcukYSPKP5"}
[ Tue Aug 15 2017 16:28:08 GMT+0800 (CST) ] time is 1836
[ Tue Aug 15 2017 16:28:08 GMT+0800 (CST) ] {"err":0,"msg":"JQWxWd8ZhvGmBSYRtpV6J17Zfg3FnNpdEA"}
[ Tue Aug 15 2017 16:28:08 GMT+0800 (CST) ] time is 1840
[ Tue Aug 15 2017 16:28:08 GMT+0800 (CST) ] {"err":0,"msg":"JWMhQfFhEmZbyx5YuWz2qbBAgKx2djg7dk"}
[ Tue Aug 15 2017 16:28:08 GMT+0800 (CST) ] time is 1832
[ Tue Aug 15 2017 16:28:08 GMT+0800 (CST) ] {"err":0,"msg":"JUwzCNyDoxMxsLY5HUY1EJR8PifMVJfxpY"}
[ Tue Aug 15 2017 16:28:08 GMT+0800 (CST) ] time is 1840
[ Tue Aug 15 2017 16:28:08 GMT+0800 (CST) ] {"err":0,"msg":"JhTNn7UzCJ8Q2AptmxM4PYvy8ySedfZDea"}
[ Tue Aug 15 2017 16:28:08 GMT+0800 (CST) ] time is 1837
[ Tue Aug 15 2017 16:28:08 GMT+0800 (CST) ] {"err":0,"msg":"JNTofrFkVEPm1jP8vsCg3ehAjFg92jHMx4"}
[ Tue Aug 15 2017 16:28:09 GMT+0800 (CST) ] time is 1841
[ Tue Aug 15 2017 16:28:09 GMT+0800 (CST) ] {"err":0,"msg":"JWtePDbhPUD2c2Kd63wKzx4h9DzJAchumN"}
[ Tue Aug 15 2017 16:28:09 GMT+0800 (CST) ] time is 1841
[ Tue Aug 15 2017 16:28:09 GMT+0800 (CST) ] {"err":0,"msg":"JJxpVswYy3fbh6Yd9F7y3UycRQCdud2YAY"}
[ Tue Aug 15 2017 16:28:09 GMT+0800 (CST) ] time is 1833
[ Tue Aug 15 2017 16:28:09 GMT+0800 (CST) ] {"err":0,"msg":"JMqryKqxbJNZfSkiJsL2H7Zvz64EHHZHd2"}
[ Tue Aug 15 2017 16:28:09 GMT+0800 (CST) ] time is 1838
[ Tue Aug 15 2017 16:28:09 GMT+0800 (CST) ] {"err":0,"msg":"JPgLKCNq4aSR3MbxUVwPCeFPFvQqLdqxxf"}
[ Tue Aug 15 2017 16:28:09 GMT+0800 (CST) ] time is 1842
[ Tue Aug 15 2017 16:28:09 GMT+0800 (CST) ] {"err":0,"msg":"JUiFByR5LkbMg5tsQfDuV98wh5t9baMa68"}
[ Tue Aug 15 2017 16:28:09 GMT+0800 (CST) ] time is 1842
[ Tue Aug 15 2017 16:28:09 GMT+0800 (CST) ] {"err":0,"msg":"JNxTzXYUvnsQC3irjG8C36fbpa8MKgY58y"}
[ Tue Aug 15 2017 16:28:09 GMT+0800 (CST) ] time is 1834
[ Tue Aug 15 2017 16:28:09 GMT+0800 (CST) ] {"err":0,"msg":"JYRfoWPUswVJuET944eZvfpejMHaSFUugx"}
[ Tue Aug 15 2017 16:28:09 GMT+0800 (CST) ] time is 1839
[ Tue Aug 15 2017 16:28:09 GMT+0800 (CST) ] {"err":0,"msg":"JRfBLNECwbz2Wt8QsfrrNVXYm2FhgcxRrA"}
[ Tue Aug 15 2017 16:28:09 GMT+0800 (CST) ] time is 1843
[ Tue Aug 15 2017 16:28:09 GMT+0800 (CST) ] {"err":0,"msg":"JSRs4nsMZiZqNg9d3pj2sJhJHetqwBBKaa"}
[ Tue Aug 15 2017 16:28:09 GMT+0800 (CST) ] time is 1843
[ Tue Aug 15 2017 16:28:09 GMT+0800 (CST) ] {"err":0,"msg":"JUdFa2tVeeK6edXgk2MbqMLPXsfqJzeQGX"}
[ Tue Aug 15 2017 16:28:09 GMT+0800 (CST) ] time is 1835
[ Tue Aug 15 2017 16:28:09 GMT+0800 (CST) ] {"err":0,"msg":"JexfVvKZLKrmJGLgnF1wNP61duCMgyP98B"}
[ Tue Aug 15 2017 16:28:09 GMT+0800 (CST) ] time is 1840
[ Tue Aug 15 2017 16:28:09 GMT+0800 (CST) ] {"err":0,"msg":"JKXMtdRzf7D3bMVpvXyQPUuE8ztvN7HAki"}
[ Tue Aug 15 2017 16:28:09 GMT+0800 (CST) ] time is 1844
[ Tue Aug 15 2017 16:28:09 GMT+0800 (CST) ] {"err":0,"msg":"JWYSwFnA72ahJ5iACqSHntkRawPT3hmsDT"}
[ Tue Aug 15 2017 16:28:09 GMT+0800 (CST) ] time is 1844
[ Tue Aug 15 2017 16:28:09 GMT+0800 (CST) ] {"err":0,"msg":"JKcSqCSkUMSCE3CgFq1vFJ6FLVv8Jq6dja"}
[ Tue Aug 15 2017 16:28:09 GMT+0800 (CST) ] time is 1836
[ Tue Aug 15 2017 16:28:09 GMT+0800 (CST) ] {"err":0,"msg":"JX5sMXdn7FpiYUMHpTUjFoYTjhXVgsb3LS"}
[ Tue Aug 15 2017 16:28:09 GMT+0800 (CST) ] time is 1841
[ Tue Aug 15 2017 16:28:09 GMT+0800 (CST) ] {"err":0,"msg":"JYgK1NwiQwc3qiQWpP2QrfWGQHuLDTPxnF"}
[ Tue Aug 15 2017 16:28:09 GMT+0800 (CST) ] time is 1845
[ Tue Aug 15 2017 16:28:09 GMT+0800 (CST) ] {"err":0,"msg":"JZiP6A8WtNJmuWWRjJUSsaCqGX5pvP3yEd"}
[ Tue Aug 15 2017 16:28:09 GMT+0800 (CST) ] time is 1845
[ Tue Aug 15 2017 16:28:09 GMT+0800 (CST) ] {"err":0,"msg":"JeRSQhmNjx1RaiWR1Sjo3vMwESx6vkQgKW"}
[ Tue Aug 15 2017 16:28:09 GMT+0800 (CST) ] time is 1837
[ Tue Aug 15 2017 16:28:09 GMT+0800 (CST) ] {"err":0,"msg":"Jg5CXpywmXoGwLVopgDaQ6XaH8euq7ZmqF"}
[ Tue Aug 15 2017 16:28:09 GMT+0800 (CST) ] time is 1846
[ Tue Aug 15 2017 16:28:09 GMT+0800 (CST) ] {"err":0,"msg":"JVCfewtdt3txFx6rHYLMpHmjjp2aecqmH6"}
[ Tue Aug 15 2017 16:28:09 GMT+0800 (CST) ] time is 1842
[ Tue Aug 15 2017 16:28:09 GMT+0800 (CST) ] {"err":0,"msg":"JdjX8JNzMAYzPXgrxvnCfBukfqKTniEAn8"}
[ Tue Aug 15 2017 16:28:09 GMT+0800 (CST) ] time is 1846
[ Tue Aug 15 2017 16:28:09 GMT+0800 (CST) ] {"err":0,"msg":"Jd4jYDbGkb5gPHzFnXWJ33GbG1xondLVmj"}
[ Tue Aug 15 2017 16:28:09 GMT+0800 (CST) ] time is 1838
[ Tue Aug 15 2017 16:28:09 GMT+0800 (CST) ] {"err":0,"msg":"JMXATTtYaHq9X3ckEZmScHLx5kLiHx5AYi"}
[ Tue Aug 15 2017 16:28:09 GMT+0800 (CST) ] time is 1847
[ Tue Aug 15 2017 16:28:09 GMT+0800 (CST) ] {"err":0,"msg":"JYm8idzUHy8UPdT1QbMawS3DDHn1bh4dRS"}
[ Tue Aug 15 2017 16:28:09 GMT+0800 (CST) ] time is 1843
[ Tue Aug 15 2017 16:28:09 GMT+0800 (CST) ] {"err":0,"msg":"JLmxSFuN5khfrgbgZkxc44inRA2MC7QaqU"}
[ Tue Aug 15 2017 16:28:09 GMT+0800 (CST) ] time is 1847
[ Tue Aug 15 2017 16:28:09 GMT+0800 (CST) ] {"err":0,"msg":"JPvVQtiR95dSvZMwVFEmTq1AMXTEF8SkzQ"}
[ Tue Aug 15 2017 16:28:09 GMT+0800 (CST) ] time is 1839
[ Tue Aug 15 2017 16:28:09 GMT+0800 (CST) ] {"err":0,"msg":"Jh6YAjFHqdJAmVeXpDpjmfR593fDp8x7wo"}
[ Tue Aug 15 2017 16:28:09 GMT+0800 (CST) ] time is 1848
[ Tue Aug 15 2017 16:28:09 GMT+0800 (CST) ] {"err":0,"msg":"JTuQL2JkVBJPuw6BeWmhcmWtonS4138wcv"}
[ Tue Aug 15 2017 16:28:09 GMT+0800 (CST) ] time is 1844
[ Tue Aug 15 2017 16:28:09 GMT+0800 (CST) ] {"err":0,"msg":"JRoDiq7o1VFMT6Cntevz5WPUHC8SZdgt6z"}
[ Tue Aug 15 2017 16:28:09 GMT+0800 (CST) ] time is 1848
[ Tue Aug 15 2017 16:28:09 GMT+0800 (CST) ] {"err":0,"msg":"Jf5WV5ebcFomLoYzGgnvYvqUFCJU1H8Gz5"}
[ Tue Aug 15 2017 16:28:09 GMT+0800 (CST) ] time is 1840
[ Tue Aug 15 2017 16:28:09 GMT+0800 (CST) ] {"err":0,"msg":"JcB3QUB9tdM7k9AuvEinv7NvZrJrXxn6rH"}
[ Tue Aug 15 2017 16:28:09 GMT+0800 (CST) ] time is 1849
[ Tue Aug 15 2017 16:28:09 GMT+0800 (CST) ] {"err":0,"msg":"JZ7V6eRbb7cStJLmKfj4P3Fx3HQvMciZ94"}
[ Tue Aug 15 2017 16:28:09 GMT+0800 (CST) ] time is 1849
[ Tue Aug 15 2017 16:28:09 GMT+0800 (CST) ] {"err":0,"msg":"JNX1J5QWuiLz1obHX6QuSUtYkGqwvnUvJe"}
[ Tue Aug 15 2017 16:28:09 GMT+0800 (CST) ] time is 1845
[ Tue Aug 15 2017 16:28:09 GMT+0800 (CST) ] {"err":0,"msg":"JXByiwmk3mkshTm5uBtnkUoeUvKxxgqzse"}
[ Tue Aug 15 2017 16:28:09 GMT+0800 (CST) ] time is 1841
[ Tue Aug 15 2017 16:28:09 GMT+0800 (CST) ] {"err":0,"msg":"JMD5PTDrUtLEAxp5pxkrtGBkZVHAa1GUV9"}
[ Tue Aug 15 2017 16:28:09 GMT+0800 (CST) ] time is 1850
[ Tue Aug 15 2017 16:28:09 GMT+0800 (CST) ] {"err":0,"msg":"Jh4UQfZHdZACPVRUJWDhX58brmc8gH6vrn"}
[ Tue Aug 15 2017 16:28:09 GMT+0800 (CST) ] time is 1850
[ Tue Aug 15 2017 16:28:09 GMT+0800 (CST) ] {"err":0,"msg":"JZbgd2UPtEuiPkyyFbdBWpp7hv4GymSMhB"}
[ Tue Aug 15 2017 16:28:09 GMT+0800 (CST) ] time is 1846
[ Tue Aug 15 2017 16:28:09 GMT+0800 (CST) ] {"err":0,"msg":"JfLsZ4arADnpWwC6dhuJsHkN91sfEdMPJj"}
[ Tue Aug 15 2017 16:28:09 GMT+0800 (CST) ] time is 1851
[ Tue Aug 15 2017 16:28:09 GMT+0800 (CST) ] {"err":0,"msg":"JMduvhpwBBqwCzAv9UG2XqPDu3r9YjNudL"}
[ Tue Aug 15 2017 16:28:09 GMT+0800 (CST) ] time is 1842
[ Tue Aug 15 2017 16:28:09 GMT+0800 (CST) ] {"err":0,"msg":"JLS8YBdKeQpBvThXgyWmD38KG7jgbtA1nN"}
[ Tue Aug 15 2017 16:28:09 GMT+0800 (CST) ] time is 1851
[ Tue Aug 15 2017 16:28:09 GMT+0800 (CST) ] {"err":0,"msg":"JPtAAWUBjw6YurSdHqCrMfUvFMgWx1RyVS"}
[ Tue Aug 15 2017 16:28:09 GMT+0800 (CST) ] time is 1847
[ Tue Aug 15 2017 16:28:09 GMT+0800 (CST) ] {"err":0,"msg":"JTUe6FRDhjcKXd2qxaYG5qF1j2ssf5dsxh"}
[ Tue Aug 15 2017 16:28:09 GMT+0800 (CST) ] time is 1852
[ Tue Aug 15 2017 16:28:09 GMT+0800 (CST) ] {"err":0,"msg":"JP8QnjUskSVFgMnFd4AZcrTuRYuKGTDfds"}
[ Tue Aug 15 2017 16:28:09 GMT+0800 (CST) ] time is 1843
[ Tue Aug 15 2017 16:28:09 GMT+0800 (CST) ] {"err":0,"msg":"JhTNhFB3ddy7dy3UGXtduQmCtCKidEvToL"}
[ Tue Aug 15 2017 16:28:09 GMT+0800 (CST) ] time is 1852
[ Tue Aug 15 2017 16:28:09 GMT+0800 (CST) ] {"err":0,"msg":"Jg95UvwXYVwWnUFVXDzuZ5UES4uNma4qy5"}
[ Tue Aug 15 2017 16:28:09 GMT+0800 (CST) ] time is 1848
[ Tue Aug 15 2017 16:28:09 GMT+0800 (CST) ] {"err":0,"msg":"JMhuLUPTeD4Z51vcsy9viLqh3C3UmS3krB"}
[ Tue Aug 15 2017 16:28:09 GMT+0800 (CST) ] time is 1853
[ Tue Aug 15 2017 16:28:09 GMT+0800 (CST) ] {"err":0,"msg":"JTKUkUCHXaLw2zMtJrQS7JgHGFXHUCoBoK"}
[ Tue Aug 15 2017 16:28:09 GMT+0800 (CST) ] time is 1853
[ Tue Aug 15 2017 16:28:09 GMT+0800 (CST) ] {"err":0,"msg":"JVGYZocxeGEndzxekD6kRZXh7B4VgPFRNx"}
[ Tue Aug 15 2017 16:28:09 GMT+0800 (CST) ] time is 1844
[ Tue Aug 15 2017 16:28:09 GMT+0800 (CST) ] {"err":0,"msg":"JWDZD8eXaMruSZNVFqyy6aNr5TRBFUzFvx"}
[ Tue Aug 15 2017 16:28:09 GMT+0800 (CST) ] time is 1849
[ Tue Aug 15 2017 16:28:09 GMT+0800 (CST) ] {"err":0,"msg":"JJq8AsCQSmZ63HAKbWKr7hSskc5bazBqGj"}
[ Tue Aug 15 2017 16:28:09 GMT+0800 (CST) ] time is 1854
[ Tue Aug 15 2017 16:28:09 GMT+0800 (CST) ] {"err":0,"msg":"JSa7BqS1DzZ8qGhk1d55mW995LN8XYJ9jV"}
[ Tue Aug 15 2017 16:28:09 GMT+0800 (CST) ] time is 1854
[ Tue Aug 15 2017 16:28:09 GMT+0800 (CST) ] {"err":0,"msg":"JXndrTYxm6DHo4XQJUxXoevpUoQPoUFZsU"}
[ Tue Aug 15 2017 16:28:09 GMT+0800 (CST) ] time is 1845
[ Tue Aug 15 2017 16:28:09 GMT+0800 (CST) ] {"err":0,"msg":"JaoE96Yfqp3rAxfPqgSs97L7HgckvQc4SQ"}
[ Tue Aug 15 2017 16:28:09 GMT+0800 (CST) ] time is 1850
[ Tue Aug 15 2017 16:28:09 GMT+0800 (CST) ] {"err":0,"msg":"JXShfUFVfm2ajEhuQEMJmbVsYWqTgxYXWm"}
[ Tue Aug 15 2017 16:28:09 GMT+0800 (CST) ] time is 1855
[ Tue Aug 15 2017 16:28:09 GMT+0800 (CST) ] {"err":0,"msg":"Jf7xVSyYJPeEEkyZZEBQVdNR1hL96wzJZB"}
[ Tue Aug 15 2017 16:28:09 GMT+0800 (CST) ] time is 1855
[ Tue Aug 15 2017 16:28:09 GMT+0800 (CST) ] {"err":0,"msg":"JRgj6w9WMka9tcWYKkbnuC3nXwDzgF6Tqf"}
[ Tue Aug 15 2017 16:28:09 GMT+0800 (CST) ] time is 1846
[ Tue Aug 15 2017 16:28:09 GMT+0800 (CST) ] {"err":0,"msg":"JJmDx3XJN2uw4a3vRasAHyHfcHQXgFFBmt"}
[ Tue Aug 15 2017 16:28:09 GMT+0800 (CST) ] time is 1851
[ Tue Aug 15 2017 16:28:09 GMT+0800 (CST) ] {"err":0,"msg":"JPjZpfQhksGFosU2AsJRH5KvJojpQ1g7xM"}
[ Tue Aug 15 2017 16:28:09 GMT+0800 (CST) ] time is 1856
[ Tue Aug 15 2017 16:28:09 GMT+0800 (CST) ] {"err":0,"msg":"JNRBGcEmWFbGbASPyNsyq8fjFDMrEFT7UP"}
[ Tue Aug 15 2017 16:28:09 GMT+0800 (CST) ] time is 1856
[ Tue Aug 15 2017 16:28:09 GMT+0800 (CST) ] {"err":0,"msg":"JgwHWt1vynEVdJ2C4bGPqKLJRSaB7ATFFd"}
[ Tue Aug 15 2017 16:28:09 GMT+0800 (CST) ] {"err":0,"msg":"JgzyaxCvhqZ2uMDUXFU5sY9xWjxrKGTQvg"}
[ Tue Aug 15 2017 16:28:09 GMT+0800 (CST) ] time is 1847
[ Tue Aug 15 2017 16:28:09 GMT+0800 (CST) ] time is 1852
[ Tue Aug 15 2017 16:28:09 GMT+0800 (CST) ] {"err":0,"msg":"JLLw7XwS2yZFtWBqDRPp6iwkqgTsgwtHR9"}
[ Tue Aug 15 2017 16:28:09 GMT+0800 (CST) ] time is 1857
[ Tue Aug 15 2017 16:28:09 GMT+0800 (CST) ] {"err":0,"msg":"JciKUheH1B3erkk1quHP7UuFMGgvXWtB3X"}
[ Tue Aug 15 2017 16:28:09 GMT+0800 (CST) ] time is 1857
[ Tue Aug 15 2017 16:28:09 GMT+0800 (CST) ] {"err":0,"msg":"JbLbzGGJpQvYHNjfSNkZcwWqU1UMBr4WK5"}
[ Tue Aug 15 2017 16:28:09 GMT+0800 (CST) ] time is 1848
[ Tue Aug 15 2017 16:28:09 GMT+0800 (CST) ] {"err":0,"msg":"JbxnssMBz7cwvDfmj5CTkjS15krttRDAan"}
[ Tue Aug 15 2017 16:28:09 GMT+0800 (CST) ] time is 1853
[ Tue Aug 15 2017 16:28:09 GMT+0800 (CST) ] {"err":0,"msg":"JMsLwmDqUUJukKAVMeXLTRnXAx66kGiwrj"}
[ Tue Aug 15 2017 16:28:09 GMT+0800 (CST) ] time is 1858
[ Tue Aug 15 2017 16:28:09 GMT+0800 (CST) ] {"err":0,"msg":"JdFNKjmdmDfX3Wx7RUWSyR6gjQjYVYRogd"}
[ Tue Aug 15 2017 16:28:09 GMT+0800 (CST) ] time is 1858
[ Tue Aug 15 2017 16:28:09 GMT+0800 (CST) ] {"err":0,"msg":"JWL9UEUrYmrJsRyCwxNb3jT1k5LDwLXnVw"}
[ Tue Aug 15 2017 16:28:09 GMT+0800 (CST) ] time is 1849
[ Tue Aug 15 2017 16:28:09 GMT+0800 (CST) ] {"err":0,"msg":"JdJmNYgYWakkVZwpVw6wrBQcT56oG6HcmK"}
[ Tue Aug 15 2017 16:28:10 GMT+0800 (CST) ] time is 1854
[ Tue Aug 15 2017 16:28:10 GMT+0800 (CST) ] {"err":0,"msg":"JR4TpXuZZsR6PxjjHDJgQYM2TuyYTJC1cc"}
[ Tue Aug 15 2017 16:28:10 GMT+0800 (CST) ] time is 1859
[ Tue Aug 15 2017 16:28:10 GMT+0800 (CST) ] {"err":0,"msg":"JKiD3KxaYmEiLyTDDS77Pz8Hy7HAJVbudo"}
[ Tue Aug 15 2017 16:28:10 GMT+0800 (CST) ] time is 1859
[ Tue Aug 15 2017 16:28:10 GMT+0800 (CST) ] {"err":0,"msg":"JWS3axRoUWMSNbYPguoMtZTiVbS3BxVPPD"}
[ Tue Aug 15 2017 16:28:10 GMT+0800 (CST) ] time is 1850
[ Tue Aug 15 2017 16:28:10 GMT+0800 (CST) ] {"err":0,"msg":"JS7dn98YXSrvfrGf2oPJSuZQKKpNAxgn6p"}
[ Tue Aug 15 2017 16:28:10 GMT+0800 (CST) ] time is 1855
[ Tue Aug 15 2017 16:28:10 GMT+0800 (CST) ] {"err":0,"msg":"JfnCJXuEx3hUHciKRE1n4MPvW7hLkHyWy2"}
[ Tue Aug 15 2017 16:28:10 GMT+0800 (CST) ] time is 1860
[ Tue Aug 15 2017 16:28:10 GMT+0800 (CST) ] {"err":0,"msg":"JdX8gnV7i83vconuFAZCXBRv3eo3Lq8TaX"}
[ Tue Aug 15 2017 16:28:10 GMT+0800 (CST) ] time is 1851
[ Tue Aug 15 2017 16:28:10 GMT+0800 (CST) ] {"err":0,"msg":"JavEbXQfwNc3L2CeGyxxZx9uCu4ZmGgFEZ"}
[ Tue Aug 15 2017 16:28:10 GMT+0800 (CST) ] time is 1860
[ Tue Aug 15 2017 16:28:10 GMT+0800 (CST) ] {"err":0,"msg":"JbauQnTfVeVUaqRTx8EFD7t2bDDzi5Mo6A"}
[ Tue Aug 15 2017 16:28:10 GMT+0800 (CST) ] time is 1856
[ Tue Aug 15 2017 16:28:10 GMT+0800 (CST) ] {"err":0,"msg":"JL4JsEpEpou3DSA84msLdv46v9295kskMZ"}
[ Tue Aug 15 2017 16:28:10 GMT+0800 (CST) ] time is 1861
[ Tue Aug 15 2017 16:28:10 GMT+0800 (CST) ] {"err":0,"msg":"JcCANGQqLnfbDtj6kQbB1B8dhAqJwMFtng"}
[ Tue Aug 15 2017 16:28:10 GMT+0800 (CST) ] time is 1852
[ Tue Aug 15 2017 16:28:10 GMT+0800 (CST) ] {"err":0,"msg":"JUpGQmscHxNRvpEdH2MWdGP35WN5EJaMYF"}
[ Tue Aug 15 2017 16:28:10 GMT+0800 (CST) ] time is 1861
[ Tue Aug 15 2017 16:28:10 GMT+0800 (CST) ] {"err":0,"msg":"JgFuHKDRWFPSWWaC69Tt4u8c2VogdYFZMu"}
[ Tue Aug 15 2017 16:28:10 GMT+0800 (CST) ] time is 1862
[ Tue Aug 15 2017 16:28:10 GMT+0800 (CST) ] {"err":0,"msg":"JLbUQPMX1AFXybCN23cKKpLqj9uC4mKWMX"}
[ Tue Aug 15 2017 16:28:10 GMT+0800 (CST) ] time is 1857
[ Tue Aug 15 2017 16:28:10 GMT+0800 (CST) ] {"err":0,"msg":"JNV5PJUVscsB15EY3p6xd141DQ7JNRXgTm"}
[ Tue Aug 15 2017 16:28:10 GMT+0800 (CST) ] time is 1853
[ Tue Aug 15 2017 16:28:10 GMT+0800 (CST) ] {"err":0,"msg":"JThD8QqPBq8d5HhMV2D75gbZszzLhBGP7s"}
[ Tue Aug 15 2017 16:28:10 GMT+0800 (CST) ] time is 1862
[ Tue Aug 15 2017 16:28:10 GMT+0800 (CST) ] {"err":0,"msg":"Jc8UXBFKCmnzZP4GfotUfhZoaJ6biRJemR"}
[ Tue Aug 15 2017 16:28:10 GMT+0800 (CST) ] time is 1858
[ Tue Aug 15 2017 16:28:10 GMT+0800 (CST) ] {"err":0,"msg":"JJrsfah1FUvY4SUb6AcBqXkzUFf3Acp1Qs"}
[ Tue Aug 15 2017 16:28:10 GMT+0800 (CST) ] time is 1863
[ Tue Aug 15 2017 16:28:10 GMT+0800 (CST) ] {"err":0,"msg":"JgzyhwgqAL8YzCs5XbH9JTeF675o1JGJ2K"}
[ Tue Aug 15 2017 16:28:10 GMT+0800 (CST) ] time is 1854
[ Tue Aug 15 2017 16:28:10 GMT+0800 (CST) ] {"err":0,"msg":"JfqM3TaqbgvxBo6ozNmS8utE4dJPXPdPM6"}
[ Tue Aug 15 2017 16:28:10 GMT+0800 (CST) ] time is 1863
[ Tue Aug 15 2017 16:28:10 GMT+0800 (CST) ] {"err":0,"msg":"JUQRGEUA6CBzNvGNUGEhSD1kaVy79Xtmt5"}
[ Tue Aug 15 2017 16:28:10 GMT+0800 (CST) ] time is 1859
[ Tue Aug 15 2017 16:28:10 GMT+0800 (CST) ] {"err":0,"msg":"Jc1nUy9tEhDbDvrC71v9gcmgKeyCZzZMug"}
[ Tue Aug 15 2017 16:28:10 GMT+0800 (CST) ] time is 1864
[ Tue Aug 15 2017 16:28:10 GMT+0800 (CST) ] {"err":0,"msg":"JX45o7Wy1riKxFizp3cahHfZb8RJicDi5r"}
[ Tue Aug 15 2017 16:28:10 GMT+0800 (CST) ] time is 1855
[ Tue Aug 15 2017 16:28:10 GMT+0800 (CST) ] {"err":0,"msg":"JTZmxMLsjAgbtPPD5DGGPB5gm17Jy7pvyz"}
[ Tue Aug 15 2017 16:28:10 GMT+0800 (CST) ] time is 1864
[ Tue Aug 15 2017 16:28:10 GMT+0800 (CST) ] {"err":0,"msg":"JfkSZWqCZ5ash4jUxGJ25N6aCvUggSqFPU"}
[ Tue Aug 15 2017 16:28:10 GMT+0800 (CST) ] time is 1860
[ Tue Aug 15 2017 16:28:10 GMT+0800 (CST) ] {"err":0,"msg":"JQq7nrkBxcywrbZ9vRRx59aHK2qJQd4kJ7"}
[ Tue Aug 15 2017 16:28:10 GMT+0800 (CST) ] time is 1865
[ Tue Aug 15 2017 16:28:10 GMT+0800 (CST) ] {"err":0,"msg":"JRLnGhhZTGMSmmEDcGEuPUdneitpPw9iUS"}
[ Tue Aug 15 2017 16:28:10 GMT+0800 (CST) ] time is 1856
[ Tue Aug 15 2017 16:28:10 GMT+0800 (CST) ] {"err":0,"msg":"JTQNDtw46WproAXrgEgY2u6twKXvEbEZkk"}
[ Tue Aug 15 2017 16:28:10 GMT+0800 (CST) ] time is 1865
[ Tue Aug 15 2017 16:28:10 GMT+0800 (CST) ] {"err":0,"msg":"JZauKXqeybdDS31ArtWWk6MtPLrKzd6Bt1"}
[ Tue Aug 15 2017 16:28:10 GMT+0800 (CST) ] time is 1861
[ Tue Aug 15 2017 16:28:10 GMT+0800 (CST) ] {"err":0,"msg":"JS6M1FMwmtaUWd5ZUSSoHcSUNYmMzECtDo"}
[ Tue Aug 15 2017 16:28:10 GMT+0800 (CST) ] time is 1866
[ Tue Aug 15 2017 16:28:10 GMT+0800 (CST) ] {"err":0,"msg":"JUmc3fw4AvMEYB8c1HyUrSiXtwwgayCcCT"}
[ Tue Aug 15 2017 16:28:10 GMT+0800 (CST) ] time is 1857
[ Tue Aug 15 2017 16:28:10 GMT+0800 (CST) ] {"err":0,"msg":"JcLyRTz9FsB6BDtKxrSQhDVhzFwddjXVjS"}
[ Tue Aug 15 2017 16:28:10 GMT+0800 (CST) ] time is 1866
[ Tue Aug 15 2017 16:28:10 GMT+0800 (CST) ] {"err":0,"msg":"JgdwhQcgycX5jgSgsx12U7h7V6PyXtv4xM"}
[ Tue Aug 15 2017 16:28:10 GMT+0800 (CST) ] time is 1862
[ Tue Aug 15 2017 16:28:10 GMT+0800 (CST) ] {"err":0,"msg":"JaMcXSBgsXnKSSfDmBW7Z7wocHgHnRghxo"}
[ Tue Aug 15 2017 16:28:10 GMT+0800 (CST) ] time is 1867
[ Tue Aug 15 2017 16:28:10 GMT+0800 (CST) ] {"err":0,"msg":"JSD2Zk27YhzdPB8rt2hpJfpEtDox7o22cZ"}
[ Tue Aug 15 2017 16:28:10 GMT+0800 (CST) ] time is 1858
[ Tue Aug 15 2017 16:28:10 GMT+0800 (CST) ] {"err":0,"msg":"Jg2ksXT7aZiFrfPSXCaBFuWnHpFNg384mV"}
[ Tue Aug 15 2017 16:28:10 GMT+0800 (CST) ] time is 1867
[ Tue Aug 15 2017 16:28:10 GMT+0800 (CST) ] {"err":0,"msg":"JUymvo1wAMuvu3h14kgUmZkFpGCG4PAiT9"}
[ Tue Aug 15 2017 16:28:10 GMT+0800 (CST) ] time is 1863
[ Tue Aug 15 2017 16:28:10 GMT+0800 (CST) ] {"err":0,"msg":"JejgSeNJYe74PKzhHnwCsU2wvtYotWfASe"}
[ Tue Aug 15 2017 16:28:10 GMT+0800 (CST) ] time is 1868
[ Tue Aug 15 2017 16:28:10 GMT+0800 (CST) ] {"err":0,"msg":"JdvcNCZV3nPdG1fGMyBQ4AyYr35fAmXr7M"}
[ Tue Aug 15 2017 16:28:10 GMT+0800 (CST) ] time is 1859
[ Tue Aug 15 2017 16:28:10 GMT+0800 (CST) ] {"err":0,"msg":"JUy4DzoXoKE71EEBqtQB4XTcS1YdE7aVSi"}
[ Tue Aug 15 2017 16:28:10 GMT+0800 (CST) ] time is 1868
[ Tue Aug 15 2017 16:28:10 GMT+0800 (CST) ] {"err":0,"msg":"JeFR4pZwuoPrErhWqCroaDDxqqa3ZjSiyc"}
[ Tue Aug 15 2017 16:28:10 GMT+0800 (CST) ] time is 1864
[ Tue Aug 15 2017 16:28:10 GMT+0800 (CST) ] {"err":0,"msg":"JX2HZawzcsYgBYFNLtnXFkiKpFVjkDvjYN"}
[ Tue Aug 15 2017 16:28:10 GMT+0800 (CST) ] time is 1869
[ Tue Aug 15 2017 16:28:10 GMT+0800 (CST) ] {"err":0,"msg":"Ja1XbtJEnkwSPH1rkv9XUMvq7WgDtkgXwi"}
[ Tue Aug 15 2017 16:28:10 GMT+0800 (CST) ] time is 1860
[ Tue Aug 15 2017 16:28:10 GMT+0800 (CST) ] {"err":0,"msg":"JRcNnDy8iu8MW7dyvcvCMgBF5yHFojL4b6"}
[ Tue Aug 15 2017 16:28:10 GMT+0800 (CST) ] time is 1865
[ Tue Aug 15 2017 16:28:10 GMT+0800 (CST) ] {"err":0,"msg":"Jhc9b6Co4uoptdTZSqaMxCpxv2Yak53zHF"}
[ Tue Aug 15 2017 16:28:10 GMT+0800 (CST) ] time is 1869
[ Tue Aug 15 2017 16:28:10 GMT+0800 (CST) ] {"err":0,"msg":"JWk84wmNhTADGGMKZt3aghnjDw9moREVWX"}
[ Tue Aug 15 2017 16:28:10 GMT+0800 (CST) ] time is 1870
[ Tue Aug 15 2017 16:28:10 GMT+0800 (CST) ] {"err":0,"msg":"JeX5uGcKdqbE5vxLhEj1ZeoA4dyd8aWboj"}
[ Tue Aug 15 2017 16:28:10 GMT+0800 (CST) ] time is 1861
[ Tue Aug 15 2017 16:28:10 GMT+0800 (CST) ] {"err":0,"msg":"JPZ7BqF56mFbfwqxJ4tBuM9eCd1NQsKbGu"}
[ Tue Aug 15 2017 16:28:10 GMT+0800 (CST) ] time is 1866
[ Tue Aug 15 2017 16:28:10 GMT+0800 (CST) ] {"err":0,"msg":"JKTWMnnCAKq6zpcV5M8tP8iQ15k7bWQ3Vh"}
[ Tue Aug 15 2017 16:28:10 GMT+0800 (CST) ] time is 1870
[ Tue Aug 15 2017 16:28:10 GMT+0800 (CST) ] {"err":0,"msg":"JNAuQJ5PPJhwTQT6gFZgoNnSSmMT64jidT"}
[ Tue Aug 15 2017 16:28:10 GMT+0800 (CST) ] time is 1871
[ Tue Aug 15 2017 16:28:10 GMT+0800 (CST) ] {"err":0,"msg":"JdsyvcHUgdSWLxmvvpBx55RcjVi7wvSiah"}
[ Tue Aug 15 2017 16:28:10 GMT+0800 (CST) ] time is 1862
[ Tue Aug 15 2017 16:28:10 GMT+0800 (CST) ] {"err":0,"msg":"Jh2xcdkVuXzFavuyBGr7FovzNEKBxv49R1"}
[ Tue Aug 15 2017 16:28:10 GMT+0800 (CST) ] time is 1867
[ Tue Aug 15 2017 16:28:10 GMT+0800 (CST) ] {"err":0,"msg":"JauGZogWUhKXvB91g8NUzgwZTdEquinMLR"}
[ Tue Aug 15 2017 16:28:10 GMT+0800 (CST) ] time is 1871
[ Tue Aug 15 2017 16:28:10 GMT+0800 (CST) ] {"err":0,"msg":"JQpn4KNrZwaARA5U2eoTkXLKCoBPsmrJta"}
[ Tue Aug 15 2017 16:28:10 GMT+0800 (CST) ] time is 1872
[ Tue Aug 15 2017 16:28:10 GMT+0800 (CST) ] {"err":0,"msg":"JTfVDFgm72ecdG4LAJiF3nd1t9Atu3YwjU"}
[ Tue Aug 15 2017 16:28:10 GMT+0800 (CST) ] time is 1863
[ Tue Aug 15 2017 16:28:10 GMT+0800 (CST) ] {"err":0,"msg":"JbGDZ72uuk5F45g4WeFS8Wn5YK7nPiBDc5"}
[ Tue Aug 15 2017 16:28:10 GMT+0800 (CST) ] time is 1868
[ Tue Aug 15 2017 16:28:10 GMT+0800 (CST) ] {"err":0,"msg":"JNDh3EUMGjkqEHV42Awyv3LxDv9PAkgZzc"}
[ Tue Aug 15 2017 16:28:10 GMT+0800 (CST) ] time is 1872
[ Tue Aug 15 2017 16:28:10 GMT+0800 (CST) ] {"err":0,"msg":"JKHWgkHgV45unJyhEqKfrVNcFg1LhubXhd"}
[ Tue Aug 15 2017 16:28:10 GMT+0800 (CST) ] time is 1873
[ Tue Aug 15 2017 16:28:10 GMT+0800 (CST) ] {"err":0,"msg":"JLUKWkF1czScpwbmzksPWMMPV3ERrQJWio"}
[ Tue Aug 15 2017 16:28:10 GMT+0800 (CST) ] time is 1864
[ Tue Aug 15 2017 16:28:10 GMT+0800 (CST) ] {"err":0,"msg":"JgYzvYV29fGBeTwzjw48ujp34octeB4mjv"}
[ Tue Aug 15 2017 16:28:10 GMT+0800 (CST) ] time is 1869
[ Tue Aug 15 2017 16:28:10 GMT+0800 (CST) ] {"err":0,"msg":"JVJJKjuGnD7sEeZskDk5EpYrQKyrLMiSfE"}
[ Tue Aug 15 2017 16:28:10 GMT+0800 (CST) ] time is 1873
[ Tue Aug 15 2017 16:28:10 GMT+0800 (CST) ] {"err":0,"msg":"JUS4iwdifzdvDj7XvmonNbG9MHYWKkvJXa"}
[ Tue Aug 15 2017 16:28:10 GMT+0800 (CST) ] time is 1874
[ Tue Aug 15 2017 16:28:10 GMT+0800 (CST) ] {"err":0,"msg":"JhMGYiA49RZYenRcghmHyiQ2QiCYtcGoaw"}
[ Tue Aug 15 2017 16:28:10 GMT+0800 (CST) ] {"err":0,"msg":"JNuDzmXydAt2GmPd1QvmnWSe6zgsqJarqH"}
[ Tue Aug 15 2017 16:28:10 GMT+0800 (CST) ] time is 1865
[ Tue Aug 15 2017 16:28:10 GMT+0800 (CST) ] time is 1870
[ Tue Aug 15 2017 16:28:10 GMT+0800 (CST) ] {"err":0,"msg":"JN2rbwhsMpBwg4dQZndmN42GjBK3dsHjpB"}
[ Tue Aug 15 2017 16:28:11 GMT+0800 (CST) ] time is 1874
[ Tue Aug 15 2017 16:28:11 GMT+0800 (CST) ] {"err":0,"msg":"JcKcV9vFhHorcEaHFzTvmqNtFMdkLM5R9W"}
[ Tue Aug 15 2017 16:28:11 GMT+0800 (CST) ] time is 1875
[ Tue Aug 15 2017 16:28:11 GMT+0800 (CST) ] {"err":0,"msg":"JP4ws3gWBUVmayeFuWXAAWKZqBRYSyVZeJ"}
[ Tue Aug 15 2017 16:28:11 GMT+0800 (CST) ] time is 1866
[ Tue Aug 15 2017 16:28:11 GMT+0800 (CST) ] {"err":0,"msg":"JKZZUh87NKWm4eSHSLFQ2CbXbv2KhWHbmd"}
[ Tue Aug 15 2017 16:28:11 GMT+0800 (CST) ] time is 1871
[ Tue Aug 15 2017 16:28:11 GMT+0800 (CST) ] {"err":0,"msg":"JL6YPoUKK7Bghb2pS2wjRwWHXjUv7Xvt4L"}
[ Tue Aug 15 2017 16:28:11 GMT+0800 (CST) ] time is 1875
[ Tue Aug 15 2017 16:28:11 GMT+0800 (CST) ] {"err":0,"msg":"JLfFDhqN94Xzi2xcJ2oP5ZiopZUmFuJAEM"}
[ Tue Aug 15 2017 16:28:11 GMT+0800 (CST) ] time is 1876
[ Tue Aug 15 2017 16:28:11 GMT+0800 (CST) ] {"err":0,"msg":"Jgs6Ne42aX1D3yGfzgaMHhdqMKBMfC2sep"}
[ Tue Aug 15 2017 16:28:11 GMT+0800 (CST) ] time is 1867
[ Tue Aug 15 2017 16:28:11 GMT+0800 (CST) ] {"err":0,"msg":"JYTfN8Re2Q77UZQjDrC8XSEZzeSBm4Phzv"}
[ Tue Aug 15 2017 16:28:11 GMT+0800 (CST) ] time is 1872
[ Tue Aug 15 2017 16:28:11 GMT+0800 (CST) ] {"err":0,"msg":"Jdd2XFDrxMnuKP6v43vWJhHvom8WydQuP8"}
[ Tue Aug 15 2017 16:28:11 GMT+0800 (CST) ] time is 1877
[ Tue Aug 15 2017 16:28:11 GMT+0800 (CST) ] {"err":0,"msg":"JWQxxxDCy2mZdujNTKRThCCbnru5TPG3nV"}
[ Tue Aug 15 2017 16:28:11 GMT+0800 (CST) ] time is 1876
[ Tue Aug 15 2017 16:28:11 GMT+0800 (CST) ] {"err":0,"msg":"JgDTPyx8iyMzNCjTxGD7aCQd5e2uaxXDLq"}
[ Tue Aug 15 2017 16:28:11 GMT+0800 (CST) ] time is 1868
[ Tue Aug 15 2017 16:28:11 GMT+0800 (CST) ] {"err":0,"msg":"JYdNYX8SxFZnJ8oRB4TX86a2ZSbNZoRUeN"}
[ Tue Aug 15 2017 16:28:11 GMT+0800 (CST) ] time is 1873
[ Tue Aug 15 2017 16:28:11 GMT+0800 (CST) ] {"err":0,"msg":"JbAgjyHFuj44C3PAz5rYjced4bLBiPfdsQ"}
[ Tue Aug 15 2017 16:28:11 GMT+0800 (CST) ] time is 1878
[ Tue Aug 15 2017 16:28:11 GMT+0800 (CST) ] {"err":0,"msg":"JKkUJXjee2P8UC4cyhWY2s6zs7akGwdiVM"}
[ Tue Aug 15 2017 16:28:11 GMT+0800 (CST) ] time is 1877
[ Tue Aug 15 2017 16:28:11 GMT+0800 (CST) ] {"err":0,"msg":"JeyrzWU6D8HbCDVHUiEofRmHAp9wLaB2Hh"}
[ Tue Aug 15 2017 16:28:11 GMT+0800 (CST) ] time is 1869
[ Tue Aug 15 2017 16:28:11 GMT+0800 (CST) ] {"err":0,"msg":"JMCgM8yBV1FX8sdfAxniqZzm6dhYYzjK92"}
[ Tue Aug 15 2017 16:28:11 GMT+0800 (CST) ] time is 1874
[ Tue Aug 15 2017 16:28:11 GMT+0800 (CST) ] {"err":0,"msg":"JWKtyYuEtxYX7R1Z4tyV9JUYu1Bmt8pG7L"}
[ Tue Aug 15 2017 16:28:11 GMT+0800 (CST) ] time is 1879
[ Tue Aug 15 2017 16:28:11 GMT+0800 (CST) ] {"err":0,"msg":"JVwj9fGZD6i2aKiYHV94EcRufgZXeu4NKV"}
[ Tue Aug 15 2017 16:28:11 GMT+0800 (CST) ] time is 1878
[ Tue Aug 15 2017 16:28:11 GMT+0800 (CST) ] {"err":0,"msg":"JXU5S7aB8UiiiKgqvkiEPLgAwSTUdLSDYy"}
[ Tue Aug 15 2017 16:28:11 GMT+0800 (CST) ] time is 1870
[ Tue Aug 15 2017 16:28:11 GMT+0800 (CST) ] {"err":0,"msg":"JL3LaPQk1ShKMKpfHU2uhvWFoPujeY7uDe"}
[ Tue Aug 15 2017 16:28:11 GMT+0800 (CST) ] time is 1875
[ Tue Aug 15 2017 16:28:11 GMT+0800 (CST) ] {"err":0,"msg":"JYPWnpFPuJafxy9DUk7JZvoDV765MQtyB6"}
[ Tue Aug 15 2017 16:28:11 GMT+0800 (CST) ] time is 1871
[ Tue Aug 15 2017 16:28:11 GMT+0800 (CST) ] {"err":0,"msg":"JbbycpxGnmRoA3fJc4PFnC3YMJBrWduLJf"}
[ Tue Aug 15 2017 16:28:11 GMT+0800 (CST) ] time is 1879
[ Tue Aug 15 2017 16:28:11 GMT+0800 (CST) ] {"err":0,"msg":"JYKxGkSs6yBzhQYYuZT5eszKt5soE6eJjq"}
[ Tue Aug 15 2017 16:28:11 GMT+0800 (CST) ] time is 1880
[ Tue Aug 15 2017 16:28:11 GMT+0800 (CST) ] {"err":0,"msg":"JSpRCphVUiLEkx7Bu2Qa9jq4uR1vHpewh1"}
[ Tue Aug 15 2017 16:28:11 GMT+0800 (CST) ] time is 1876
[ Tue Aug 15 2017 16:28:11 GMT+0800 (CST) ] {"err":0,"msg":"JMvuLH7xWu2qLRiiFtuoHssC2p8XL9uT2A"}
[ Tue Aug 15 2017 16:28:11 GMT+0800 (CST) ] time is 1872
[ Tue Aug 15 2017 16:28:11 GMT+0800 (CST) ] {"err":0,"msg":"JdWJHEcAqQiQ5B6ZovB52wrX8vm6kUqMoo"}
[ Tue Aug 15 2017 16:28:11 GMT+0800 (CST) ] time is 1880
[ Tue Aug 15 2017 16:28:11 GMT+0800 (CST) ] {"err":0,"msg":"JXMpMxk3ZiwVhHXfuWiDMH4Gv6Wj8tujGJ"}
[ Tue Aug 15 2017 16:28:11 GMT+0800 (CST) ] time is 1881
[ Tue Aug 15 2017 16:28:11 GMT+0800 (CST) ] {"err":0,"msg":"JUbzEg8mtFdheBx9ZjXAxG8if1y171qmvH"}
[ Tue Aug 15 2017 16:28:11 GMT+0800 (CST) ] time is 1877
[ Tue Aug 15 2017 16:28:11 GMT+0800 (CST) ] {"err":0,"msg":"JheKiV4nqynewy7x8uSk9Rtxrd3v82hkzQ"}
[ Tue Aug 15 2017 16:28:11 GMT+0800 (CST) ] time is 1873
[ Tue Aug 15 2017 16:28:11 GMT+0800 (CST) ] {"err":0,"msg":"JTKCcTrQNEYQc1ndvTTjevPnLH2PNoeB3i"}
[ Tue Aug 15 2017 16:28:11 GMT+0800 (CST) ] time is 1882
[ Tue Aug 15 2017 16:28:11 GMT+0800 (CST) ] {"err":0,"msg":"JaZd2JD7s9iKaJrrcAGEQjKdMV6wCkAkE2"}
[ Tue Aug 15 2017 16:28:11 GMT+0800 (CST) ] time is 1881
[ Tue Aug 15 2017 16:28:11 GMT+0800 (CST) ] {"err":0,"msg":"JYo1urobqZuLFSngCjqVeomYLMLEURA4rR"}
[ Tue Aug 15 2017 16:28:11 GMT+0800 (CST) ] time is 1874
[ Tue Aug 15 2017 16:28:11 GMT+0800 (CST) ] {"err":0,"msg":"Jc7LCShD716QvqDk7LcB8ufTwEVu1Wj7zN"}
[ Tue Aug 15 2017 16:28:11 GMT+0800 (CST) ] time is 1878
[ Tue Aug 15 2017 16:28:11 GMT+0800 (CST) ] {"err":0,"msg":"JMuNk4BWrJKCCxYVv5E5yDfb5KzpWPfj9U"}
[ Tue Aug 15 2017 16:28:11 GMT+0800 (CST) ] time is 1883
[ Tue Aug 15 2017 16:28:11 GMT+0800 (CST) ] {"err":0,"msg":"JNkRZWTjocG2YNW9VyJBvbJxMdkuwArNfC"}
[ Tue Aug 15 2017 16:28:11 GMT+0800 (CST) ] time is 1882
[ Tue Aug 15 2017 16:28:11 GMT+0800 (CST) ] {"err":0,"msg":"JQpEfChXapPZHQZVLcZyXyFK2xkLgugSJB"}
[ Tue Aug 15 2017 16:28:11 GMT+0800 (CST) ] time is 1875
[ Tue Aug 15 2017 16:28:11 GMT+0800 (CST) ] {"err":0,"msg":"JKs7thoUz3M51EPXFbAHergKfvrAADz28G"}
[ Tue Aug 15 2017 16:28:11 GMT+0800 (CST) ] time is 1879
[ Tue Aug 15 2017 16:28:11 GMT+0800 (CST) ] {"err":0,"msg":"JbaNPRno3gEJkve4x4hnuqfy7cfS3pabyY"}
[ Tue Aug 15 2017 16:28:11 GMT+0800 (CST) ] time is 1884
[ Tue Aug 15 2017 16:28:11 GMT+0800 (CST) ] {"err":0,"msg":"JY4Ea2bbk7X73zJRLsqSbqpCXWmpB7nm7y"}
[ Tue Aug 15 2017 16:28:11 GMT+0800 (CST) ] time is 1883
[ Tue Aug 15 2017 16:28:11 GMT+0800 (CST) ] {"err":0,"msg":"Je3SxEpQeYxmumU9Kn7QTMBCs4n7wEMBkV"}
[ Tue Aug 15 2017 16:28:11 GMT+0800 (CST) ] time is 1876
[ Tue Aug 15 2017 16:28:11 GMT+0800 (CST) ] {"err":0,"msg":"JKqCZ1LDJNpf1CdJYomABrCS1azsY2jibQ"}
[ Tue Aug 15 2017 16:28:11 GMT+0800 (CST) ] time is 1880
[ Tue Aug 15 2017 16:28:11 GMT+0800 (CST) ] {"err":0,"msg":"JN5HDZPSKqC8CrfqMarJwT7iXpGMNT8sQ2"}
[ Tue Aug 15 2017 16:28:11 GMT+0800 (CST) ] time is 1885
[ Tue Aug 15 2017 16:28:11 GMT+0800 (CST) ] {"err":0,"msg":"JUQRiAH8Pm49fMPmdNvRib2QvL1DtWnzpN"}
[ Tue Aug 15 2017 16:28:11 GMT+0800 (CST) ] time is 1884
[ Tue Aug 15 2017 16:28:11 GMT+0800 (CST) ] {"err":0,"msg":"JQC3MpL5AZdsvENdPppw7z653MYmEfa2Yh"}
[ Tue Aug 15 2017 16:28:11 GMT+0800 (CST) ] time is 1877
[ Tue Aug 15 2017 16:28:11 GMT+0800 (CST) ] {"err":0,"msg":"JYekHTW573pNFexSutDTGAec9oYPix2DiS"}
[ Tue Aug 15 2017 16:28:11 GMT+0800 (CST) ] time is 1881
[ Tue Aug 15 2017 16:28:11 GMT+0800 (CST) ] {"err":0,"msg":"JbJdRwVFUSnsWshFcca3w9jLYKNikepQdU"}
[ Tue Aug 15 2017 16:28:11 GMT+0800 (CST) ] time is 1886
[ Tue Aug 15 2017 16:28:11 GMT+0800 (CST) ] {"err":0,"msg":"JbvgoHxPc3iS62XjBXj6JBDSR8AL3edBnS"}
[ Tue Aug 15 2017 16:28:11 GMT+0800 (CST) ] time is 1885
[ Tue Aug 15 2017 16:28:11 GMT+0800 (CST) ] {"err":0,"msg":"JV3n37fcmDgjjWyHrbezBmKBSzy3CQJGgF"}
[ Tue Aug 15 2017 16:28:11 GMT+0800 (CST) ] time is 1878
[ Tue Aug 15 2017 16:28:11 GMT+0800 (CST) ] {"err":0,"msg":"JdQWNRKjjsMFPjgFoKRAm81N1bCHDqago1"}
[ Tue Aug 15 2017 16:28:11 GMT+0800 (CST) ] time is 1882
[ Tue Aug 15 2017 16:28:11 GMT+0800 (CST) ] {"err":0,"msg":"JLhjosuPMXoUoBUEPYsaSyyPMSwmjrvDTn"}
[ Tue Aug 15 2017 16:28:11 GMT+0800 (CST) ] time is 1887
[ Tue Aug 15 2017 16:28:11 GMT+0800 (CST) ] {"err":0,"msg":"JLLTJRdo2u1kEg4exg56Bx5CMWchM9CLK7"}
[ Tue Aug 15 2017 16:28:11 GMT+0800 (CST) ] time is 1886
[ Tue Aug 15 2017 16:28:11 GMT+0800 (CST) ] {"err":0,"msg":"JJmqi5MJ84Q2x9qZbNXEu9tFN9q7zxdort"}
[ Tue Aug 15 2017 16:28:11 GMT+0800 (CST) ] time is 1879
[ Tue Aug 15 2017 16:28:11 GMT+0800 (CST) ] {"err":0,"msg":"JNsZVTrTF816i4JvwzgfH8MaSwEVUPC4ce"}
[ Tue Aug 15 2017 16:28:11 GMT+0800 (CST) ] time is 1883
[ Tue Aug 15 2017 16:28:11 GMT+0800 (CST) ] {"err":0,"msg":"JdzTGsrkD8JbVAjyPVbdWZcrF36uNYLJ75"}
[ Tue Aug 15 2017 16:28:11 GMT+0800 (CST) ] time is 1888
[ Tue Aug 15 2017 16:28:11 GMT+0800 (CST) ] {"err":0,"msg":"JbV3Wq1Sa7PUkHmukHgfeCZwfYURX17agp"}
[ Tue Aug 15 2017 16:28:11 GMT+0800 (CST) ] time is 1887
[ Tue Aug 15 2017 16:28:11 GMT+0800 (CST) ] {"err":0,"msg":"JTAt2hMa8AfYnqqVkoXX1v3hESjXJZGhfx"}
[ Tue Aug 15 2017 16:28:11 GMT+0800 (CST) ] time is 1880
[ Tue Aug 15 2017 16:28:11 GMT+0800 (CST) ] {"err":0,"msg":"JVjmVDrJNiN8RE6SZ2b1kF9RQhwL2se4s3"}
[ Tue Aug 15 2017 16:28:11 GMT+0800 (CST) ] time is 1884
[ Tue Aug 15 2017 16:28:11 GMT+0800 (CST) ] {"err":0,"msg":"JMXiRMxC78LTNw6s8k4wjXoPFE2waygZaK"}
[ Tue Aug 15 2017 16:28:11 GMT+0800 (CST) ] time is 1889
[ Tue Aug 15 2017 16:28:11 GMT+0800 (CST) ] {"err":0,"msg":"JMdiyk3nBF2f8p6MJJzkzXDrFHnitp5G6K"}
[ Tue Aug 15 2017 16:28:11 GMT+0800 (CST) ] time is 1888
[ Tue Aug 15 2017 16:28:11 GMT+0800 (CST) ] {"err":0,"msg":"JZmGWguVmHPRZk2bjmngcJUp2C2gtNfCuh"}
[ Tue Aug 15 2017 16:28:11 GMT+0800 (CST) ] time is 1881
[ Tue Aug 15 2017 16:28:11 GMT+0800 (CST) ] {"err":0,"msg":"JgnuANuyJWzRBiz7vnGCSrnAh9mfBNmWZe"}
[ Tue Aug 15 2017 16:28:11 GMT+0800 (CST) ] time is 1885
[ Tue Aug 15 2017 16:28:11 GMT+0800 (CST) ] {"err":0,"msg":"JQppT3hDmY5fS9DX19MDhPiQnGbMy53qqs"}
[ Tue Aug 15 2017 16:28:11 GMT+0800 (CST) ] time is 1890
[ Tue Aug 15 2017 16:28:11 GMT+0800 (CST) ] {"err":0,"msg":"JRzWmtC1RzvdS1u9GBibbfVfVVTh1fWQrU"}
[ Tue Aug 15 2017 16:28:11 GMT+0800 (CST) ] time is 1889
[ Tue Aug 15 2017 16:28:11 GMT+0800 (CST) ] {"err":0,"msg":"JRx4zNvzQsXtR7gMKPeyUskbQHFAa9U8Gw"}
[ Tue Aug 15 2017 16:28:11 GMT+0800 (CST) ] time is 1882
[ Tue Aug 15 2017 16:28:11 GMT+0800 (CST) ] {"err":0,"msg":"JL7ffwoy8FvzvhKmAuAWNXH5GFZJUUeZEy"}
[ Tue Aug 15 2017 16:28:11 GMT+0800 (CST) ] time is 1886
[ Tue Aug 15 2017 16:28:11 GMT+0800 (CST) ] {"err":0,"msg":"JeoTEkF61qgyiG6BaCRf75A3Fmju6dSQtw"}
[ Tue Aug 15 2017 16:28:11 GMT+0800 (CST) ] {"err":0,"msg":"JW8epLrJ44ReXNrrbRpMzS7WUPg1AsRsNu"}
[ Tue Aug 15 2017 16:28:11 GMT+0800 (CST) ] time is 1891
[ Tue Aug 15 2017 16:28:11 GMT+0800 (CST) ] time is 1890
[ Tue Aug 15 2017 16:28:11 GMT+0800 (CST) ] {"err":0,"msg":"JSpPb1qVFSwMUFc57Kn7pU4QLGs2hMXkeu"}
[ Tue Aug 15 2017 16:28:11 GMT+0800 (CST) ] time is 1883
[ Tue Aug 15 2017 16:28:11 GMT+0800 (CST) ] {"err":0,"msg":"JMsiM1FYbYM1xcgD7eq5WY5NEyaioxLUZD"}
[ Tue Aug 15 2017 16:28:11 GMT+0800 (CST) ] time is 1887
[ Tue Aug 15 2017 16:28:11 GMT+0800 (CST) ] {"err":0,"msg":"JhJhBpWUWGerHNLamA2U7npcZkhrLJ3pcm"}
[ Tue Aug 15 2017 16:28:11 GMT+0800 (CST) ] time is 1892
[ Tue Aug 15 2017 16:28:11 GMT+0800 (CST) ] {"err":0,"msg":"JQvmrpfNHaHvdjFdpH1J9GWSnK1vwx7drZ"}
[ Tue Aug 15 2017 16:28:11 GMT+0800 (CST) ] time is 1891
[ Tue Aug 15 2017 16:28:11 GMT+0800 (CST) ] {"err":0,"msg":"JTp4EzL2qu2pUPmDocJdMKuWJcKHjZ4uXw"}
[ Tue Aug 15 2017 16:28:12 GMT+0800 (CST) ] time is 1884
[ Tue Aug 15 2017 16:28:12 GMT+0800 (CST) ] {"err":0,"msg":"JK4zFEChhKT2AZAjUuUE8cW2jN64vN3uBC"}
[ Tue Aug 15 2017 16:28:12 GMT+0800 (CST) ] time is 1888
[ Tue Aug 15 2017 16:28:12 GMT+0800 (CST) ] {"err":0,"msg":"JcNYmqGQ7jtrKTBpV4GZUYSwUqtcEzDwHZ"}
[ Tue Aug 15 2017 16:28:12 GMT+0800 (CST) ] time is 1893
[ Tue Aug 15 2017 16:28:12 GMT+0800 (CST) ] {"err":0,"msg":"Jgyuhug7fVpmVwHMfCrxkepZ91L6iGaY1q"}
[ Tue Aug 15 2017 16:28:12 GMT+0800 (CST) ] time is 1892
[ Tue Aug 15 2017 16:28:12 GMT+0800 (CST) ] {"err":0,"msg":"JhZxQK9pwZ5KAB4h35BGE96qVVzYE16Upd"}
[ Tue Aug 15 2017 16:28:12 GMT+0800 (CST) ] time is 1885
[ Tue Aug 15 2017 16:28:12 GMT+0800 (CST) ] {"err":0,"msg":"JTXheD4Ga3jzj8zH1kFtStVnUCvZK83cpq"}
[ Tue Aug 15 2017 16:28:12 GMT+0800 (CST) ] time is 1889
[ Tue Aug 15 2017 16:28:12 GMT+0800 (CST) ] {"err":0,"msg":"JWZ1ENsStmSFoNGLWUyWHHK6kebti8Baay"}
[ Tue Aug 15 2017 16:28:12 GMT+0800 (CST) ] time is 1894
[ Tue Aug 15 2017 16:28:12 GMT+0800 (CST) ] {"err":0,"msg":"JdDDkFGUhxCNLJ9sNs7CwBVnVWv7ve29Pc"}
[ Tue Aug 15 2017 16:28:12 GMT+0800 (CST) ] time is 1893
[ Tue Aug 15 2017 16:28:12 GMT+0800 (CST) ] {"err":0,"msg":"JLtSf7kTp3h85cZGxmgjD2DK54bYYMjFVC"}
[ Tue Aug 15 2017 16:28:12 GMT+0800 (CST) ] time is 1886
[ Tue Aug 15 2017 16:28:12 GMT+0800 (CST) ] {"err":0,"msg":"JJtR75Npdtt1t5JwVt2sJNoSyRcpXCLcAr"}
[ Tue Aug 15 2017 16:28:12 GMT+0800 (CST) ] time is 1895
[ Tue Aug 15 2017 16:28:12 GMT+0800 (CST) ] {"err":0,"msg":"JMttmYQUnrW2QD9JBKfMWrSbr5AfSu5prC"}
[ Tue Aug 15 2017 16:28:12 GMT+0800 (CST) ] time is 1890
[ Tue Aug 15 2017 16:28:12 GMT+0800 (CST) ] {"err":0,"msg":"JXqBn7qHSGqZam6dfHCozubYrpLkGW2afg"}
[ Tue Aug 15 2017 16:28:12 GMT+0800 (CST) ] time is 1894
[ Tue Aug 15 2017 16:28:12 GMT+0800 (CST) ] {"err":0,"msg":"JNq1USmd7B5BrVTbS4DeCS3ESVRf187A1z"}
[ Tue Aug 15 2017 16:28:12 GMT+0800 (CST) ] time is 1887
[ Tue Aug 15 2017 16:28:12 GMT+0800 (CST) ] {"err":0,"msg":"JQiGqayR6aRmYYZwJq8KqBNooSwb5aVTwA"}
[ Tue Aug 15 2017 16:28:12 GMT+0800 (CST) ] time is 1896
[ Tue Aug 15 2017 16:28:12 GMT+0800 (CST) ] {"err":0,"msg":"JgyUTrnjkBpuyuiz2B6xDFaS24ZBr36xiU"}
[ Tue Aug 15 2017 16:28:12 GMT+0800 (CST) ] time is 1891
[ Tue Aug 15 2017 16:28:12 GMT+0800 (CST) ] {"err":0,"msg":"Ja5yVtntfuBke9oAWVfemkLqhPJC4rjhN4"}
[ Tue Aug 15 2017 16:28:12 GMT+0800 (CST) ] time is 1895
[ Tue Aug 15 2017 16:28:12 GMT+0800 (CST) ] {"err":0,"msg":"JbCSaLf3Mkpm55hh7AjAvsSYnSifYpgsFF"}
[ Tue Aug 15 2017 16:28:12 GMT+0800 (CST) ] time is 1888
[ Tue Aug 15 2017 16:28:12 GMT+0800 (CST) ] {"err":0,"msg":"JguqSx9GjqkACJ1i5CJkVv7ZG9GSuKmrxF"}
[ Tue Aug 15 2017 16:28:12 GMT+0800 (CST) ] time is 1897
[ Tue Aug 15 2017 16:28:12 GMT+0800 (CST) ] {"err":0,"msg":"JhesdyzK413PWZCJ1h2Lts5tWND74JH8Ud"}
[ Tue Aug 15 2017 16:28:12 GMT+0800 (CST) ] time is 1892
[ Tue Aug 15 2017 16:28:12 GMT+0800 (CST) ] {"err":0,"msg":"JVbBPBvgjVG6JdCtEryabA5ADbBthMoAw7"}
[ Tue Aug 15 2017 16:28:12 GMT+0800 (CST) ] time is 1896
[ Tue Aug 15 2017 16:28:12 GMT+0800 (CST) ] {"err":0,"msg":"JXRQk1Sde8w9132RFn8rYSwwha9Z5TaYHb"}
[ Tue Aug 15 2017 16:28:12 GMT+0800 (CST) ] time is 1889
[ Tue Aug 15 2017 16:28:12 GMT+0800 (CST) ] {"err":0,"msg":"Jh7PeHXpdH2vWsrSMagJe2ALzxFYEhDKDg"}
[ Tue Aug 15 2017 16:28:12 GMT+0800 (CST) ] time is 1898
[ Tue Aug 15 2017 16:28:12 GMT+0800 (CST) ] {"err":0,"msg":"JYqn4aPaxYDyEs1TqrfiGtADHjVP3nwPip"}
[ Tue Aug 15 2017 16:28:12 GMT+0800 (CST) ] time is 1893
[ Tue Aug 15 2017 16:28:12 GMT+0800 (CST) ] {"err":0,"msg":"JSwCTcPiz5XFHhaksHoqT6fkBCZnY3rMNB"}
[ Tue Aug 15 2017 16:28:12 GMT+0800 (CST) ] time is 1897
[ Tue Aug 15 2017 16:28:12 GMT+0800 (CST) ] {"err":0,"msg":"JPxydBezNr9R4K9Yt6tDuxKsuF23T3KK6S"}
[ Tue Aug 15 2017 16:28:12 GMT+0800 (CST) ] time is 1890
[ Tue Aug 15 2017 16:28:12 GMT+0800 (CST) ] {"err":0,"msg":"JSH5tvYDTGRZXgX1N91LD4TWab9ver7mqq"}
[ Tue Aug 15 2017 16:28:12 GMT+0800 (CST) ] time is 1899
[ Tue Aug 15 2017 16:28:12 GMT+0800 (CST) ] {"err":0,"msg":"Ja3jbBPg2NqYkRrv9G8vziKoRF86ZBDS3p"}
[ Tue Aug 15 2017 16:28:12 GMT+0800 (CST) ] time is 1894
[ Tue Aug 15 2017 16:28:12 GMT+0800 (CST) ] {"err":0,"msg":"Jg6rg2LXz81FEMcWaGHT4J2EuKY3CTyJji"}
[ Tue Aug 15 2017 16:28:12 GMT+0800 (CST) ] time is 1898
[ Tue Aug 15 2017 16:28:12 GMT+0800 (CST) ] {"err":0,"msg":"JWJ5J83WJKV5EwoaD7We6N4RvLxSfqzNa7"}
[ Tue Aug 15 2017 16:28:12 GMT+0800 (CST) ] time is 1891
[ Tue Aug 15 2017 16:28:12 GMT+0800 (CST) ] {"err":0,"msg":"JUN4X7upf59oKoTC38rtLXi3QkomGQ513d"}
[ Tue Aug 15 2017 16:28:12 GMT+0800 (CST) ] time is 1900
[ Tue Aug 15 2017 16:28:12 GMT+0800 (CST) ] {"err":0,"msg":"JPCjpeCQ2BqFX9CAR5oESTQYV4WNJGH87m"}
[ Tue Aug 15 2017 16:28:12 GMT+0800 (CST) ] time is 1895
[ Tue Aug 15 2017 16:28:12 GMT+0800 (CST) ] {"err":0,"msg":"JMYC4SVkrFhN4yydbDdB83SuhUYvJJoUcP"}
[ Tue Aug 15 2017 16:28:12 GMT+0800 (CST) ] time is 1899
[ Tue Aug 15 2017 16:28:12 GMT+0800 (CST) ] {"err":0,"msg":"JdiGDDHpuaBBLyHgTGNQyp6oZvJiRJexKb"}
[ Tue Aug 15 2017 16:28:12 GMT+0800 (CST) ] time is 1892
[ Tue Aug 15 2017 16:28:12 GMT+0800 (CST) ] {"err":0,"msg":"Jf74TeAacCvhhZDPfVX1uqWyJHBEJYiJmE"}
[ Tue Aug 15 2017 16:28:12 GMT+0800 (CST) ] time is 1901
[ Tue Aug 15 2017 16:28:12 GMT+0800 (CST) ] {"err":0,"msg":"JccwA54q7xzgycNJXeLGWbEF2FWDaNYXxE"}
[ Tue Aug 15 2017 16:28:12 GMT+0800 (CST) ] time is 1896
[ Tue Aug 15 2017 16:28:12 GMT+0800 (CST) ] {"err":0,"msg":"JdTMQpPb4umuM4RKfX24JZU3zb6hVYggRx"}
[ Tue Aug 15 2017 16:28:12 GMT+0800 (CST) ] time is 1900
[ Tue Aug 15 2017 16:28:12 GMT+0800 (CST) ] {"err":0,"msg":"JNUoCNMvw84nL1sJQ6DeQVWfNX9iS4Z4Cz"}
[ Tue Aug 15 2017 16:28:12 GMT+0800 (CST) ] time is 1893
[ Tue Aug 15 2017 16:28:12 GMT+0800 (CST) ] {"err":0,"msg":"JPRJ2uNjae3TWZGiaFJtjyrCtL3SkvGxxZ"}
[ Tue Aug 15 2017 16:28:12 GMT+0800 (CST) ] time is 1897
[ Tue Aug 15 2017 16:28:12 GMT+0800 (CST) ] {"err":0,"msg":"JR9GZKPZPV6oJXCR8MPmUdaE4D9DdL8C6H"}
[ Tue Aug 15 2017 16:28:12 GMT+0800 (CST) ] time is 1902
[ Tue Aug 15 2017 16:28:12 GMT+0800 (CST) ] {"err":0,"msg":"JQQHBACF86UtsMLpuNBV4CNmBfW2pe741r"}
[ Tue Aug 15 2017 16:28:12 GMT+0800 (CST) ] time is 1901
[ Tue Aug 15 2017 16:28:12 GMT+0800 (CST) ] {"err":0,"msg":"JRmxEtLz1xDEhufUJTyaXqWVZptDTmAVyo"}
[ Tue Aug 15 2017 16:28:12 GMT+0800 (CST) ] time is 1894
[ Tue Aug 15 2017 16:28:12 GMT+0800 (CST) ] {"err":0,"msg":"JX4NVXWfvmYyLcotw1oVk6jMDa12wdQQrm"}
[ Tue Aug 15 2017 16:28:12 GMT+0800 (CST) ] time is 1898
[ Tue Aug 15 2017 16:28:12 GMT+0800 (CST) ] {"err":0,"msg":"JKj1Vmb3TsQBsJjcC8JdwXVRApGxDvwidQ"}
[ Tue Aug 15 2017 16:28:12 GMT+0800 (CST) ] time is 1903
[ Tue Aug 15 2017 16:28:12 GMT+0800 (CST) ] {"err":0,"msg":"JXi1mpk43H6FSsGHg6ZN3a6LyAc4jtwFoF"}
[ Tue Aug 15 2017 16:28:12 GMT+0800 (CST) ] time is 1902
[ Tue Aug 15 2017 16:28:12 GMT+0800 (CST) ] {"err":0,"msg":"Jbf8ParcwedqqYFFn9HrF5G7R2UgZxhDX1"}
[ Tue Aug 15 2017 16:28:12 GMT+0800 (CST) ] time is 1895
[ Tue Aug 15 2017 16:28:12 GMT+0800 (CST) ] {"err":0,"msg":"JSLqCrmREdeRYZZXSesQRVhQ27dii1Mf51"}
[ Tue Aug 15 2017 16:28:12 GMT+0800 (CST) ] time is 1904
[ Tue Aug 15 2017 16:28:12 GMT+0800 (CST) ] {"err":0,"msg":"JdJRiNAoNox27x6mGyRExXNbZyHm674CtX"}
[ Tue Aug 15 2017 16:28:12 GMT+0800 (CST) ] time is 1899
[ Tue Aug 15 2017 16:28:12 GMT+0800 (CST) ] {"err":0,"msg":"JVbMUpxxaUhdvToMdZZm4t91iF27Eb114r"}
[ Tue Aug 15 2017 16:28:12 GMT+0800 (CST) ] time is 1903
[ Tue Aug 15 2017 16:28:12 GMT+0800 (CST) ] {"err":0,"msg":"Jdwz3GaZNpaysx1r3k9QT2JHm9bLWMcGR4"}
[ Tue Aug 15 2017 16:28:12 GMT+0800 (CST) ] time is 1896
[ Tue Aug 15 2017 16:28:12 GMT+0800 (CST) ] {"err":0,"msg":"JUWkK6rt8cmiaeZgcoB6kbHW7tWYddTmPi"}
[ Tue Aug 15 2017 16:28:12 GMT+0800 (CST) ] time is 1905
[ Tue Aug 15 2017 16:28:12 GMT+0800 (CST) ] {"err":0,"msg":"JRGdHKcT4pzRqA6wi9PrAMcuzmzYbT49PB"}
[ Tue Aug 15 2017 16:28:12 GMT+0800 (CST) ] time is 1900
[ Tue Aug 15 2017 16:28:12 GMT+0800 (CST) ] {"err":0,"msg":"JS7k9T35Am4n4WhHmrJwngAS3dP3jvnDc9"}
[ Tue Aug 15 2017 16:28:12 GMT+0800 (CST) ] time is 1904
[ Tue Aug 15 2017 16:28:12 GMT+0800 (CST) ] {"err":0,"msg":"JKochmVfQJSTXoFTXLRpavZcs9zeNqAoYc"}
[ Tue Aug 15 2017 16:28:12 GMT+0800 (CST) ] time is 1897
[ Tue Aug 15 2017 16:28:12 GMT+0800 (CST) ] {"err":0,"msg":"JWfVPC3r47v8LiF942UwEKqSCFHPAps8Z8"}
[ Tue Aug 15 2017 16:28:12 GMT+0800 (CST) ] time is 1906
[ Tue Aug 15 2017 16:28:12 GMT+0800 (CST) ] {"err":0,"msg":"JeCNHtqY5veQh4P2ffR2c92qb433ZJeSBZ"}
[ Tue Aug 15 2017 16:28:12 GMT+0800 (CST) ] time is 1901
[ Tue Aug 15 2017 16:28:12 GMT+0800 (CST) ] {"err":0,"msg":"JPU2CSqEN7nUGEECGnC6cfBNWYjCmjzeGe"}
[ Tue Aug 15 2017 16:28:12 GMT+0800 (CST) ] time is 1898
[ Tue Aug 15 2017 16:28:12 GMT+0800 (CST) ] {"err":0,"msg":"JPMRvdEZRHxbSc49N46fscq5WoWQodGYqA"}
[ Tue Aug 15 2017 16:28:12 GMT+0800 (CST) ] time is 1905
[ Tue Aug 15 2017 16:28:12 GMT+0800 (CST) ] {"err":0,"msg":"JLcx7usHN9q6EfK8ddRkwLYGr8LcDBCckk"}
[ Tue Aug 15 2017 16:28:12 GMT+0800 (CST) ] time is 1907
[ Tue Aug 15 2017 16:28:12 GMT+0800 (CST) ] {"err":0,"msg":"JZkLqRqKWrNqwb813Fe7zSKsB3eNsfyish"}
[ Tue Aug 15 2017 16:28:12 GMT+0800 (CST) ] time is 1902
[ Tue Aug 15 2017 16:28:12 GMT+0800 (CST) ] {"err":0,"msg":"JhUnu7zStB22VNniVzcHtrgeLDCmNnMvwQ"}
[ Tue Aug 15 2017 16:28:12 GMT+0800 (CST) ] time is 1899
[ Tue Aug 15 2017 16:28:12 GMT+0800 (CST) ] {"err":0,"msg":"JS3Pa59BYdePFANvtKTLhCeKiygVQRZufc"}
[ Tue Aug 15 2017 16:28:12 GMT+0800 (CST) ] time is 1906
[ Tue Aug 15 2017 16:28:12 GMT+0800 (CST) ] {"err":0,"msg":"JR5Q1LcCGwQsHZyVDTufFtwNDVdsR53baa"}
[ Tue Aug 15 2017 16:28:12 GMT+0800 (CST) ] time is 1908
[ Tue Aug 15 2017 16:28:12 GMT+0800 (CST) ] {"err":0,"msg":"Ja58FmX9f7CWhcXNGNupT2gHRCQtu3JM9n"}
[ Tue Aug 15 2017 16:28:12 GMT+0800 (CST) ] time is 1903
[ Tue Aug 15 2017 16:28:12 GMT+0800 (CST) ] {"err":0,"msg":"JKHwr41aoXB2FBC6EfFn5JEX9WGdnwTs1U"}
[ Tue Aug 15 2017 16:28:12 GMT+0800 (CST) ] time is 1900
[ Tue Aug 15 2017 16:28:12 GMT+0800 (CST) ] {"err":0,"msg":"JRCry4ASgrNgBRGGqX8nhwQ3WWLUsZ5VR2"}
[ Tue Aug 15 2017 16:28:13 GMT+0800 (CST) ] time is 1909
[ Tue Aug 15 2017 16:28:13 GMT+0800 (CST) ] {"err":0,"msg":"JZPHHTWnUQ5x7s9F69zaTb1qp2AotWfcaL"}
[ Tue Aug 15 2017 16:28:13 GMT+0800 (CST) ] time is 1907
[ Tue Aug 15 2017 16:28:13 GMT+0800 (CST) ] {"err":0,"msg":"JXa3XrNXJ1hgRvJP3WroyCNgCd2W42NPXN"}
[ Tue Aug 15 2017 16:28:13 GMT+0800 (CST) ] time is 1904
[ Tue Aug 15 2017 16:28:13 GMT+0800 (CST) ] {"err":0,"msg":"JSvFdawwwPMvxMXUUp7tBRWVhgLMK1CerY"}
[ Tue Aug 15 2017 16:28:13 GMT+0800 (CST) ] time is 1910
[ Tue Aug 15 2017 16:28:13 GMT+0800 (CST) ] {"err":0,"msg":"JgLQhERmmiXkVeaZLgNAQpFgu7WtnHRWmh"}
[ Tue Aug 15 2017 16:28:13 GMT+0800 (CST) ] time is 1901
[ Tue Aug 15 2017 16:28:13 GMT+0800 (CST) ] {"err":0,"msg":"JXYJyRp3vJ1EVJPMPU7bUjgJWZwt6bcRBw"}
[ Tue Aug 15 2017 16:28:13 GMT+0800 (CST) ] time is 1908
[ Tue Aug 15 2017 16:28:13 GMT+0800 (CST) ] {"err":0,"msg":"JZAA92UABWioGJDG9Ky9JNPE1NwrYL54iQ"}
[ Tue Aug 15 2017 16:28:13 GMT+0800 (CST) ] time is 1905
[ Tue Aug 15 2017 16:28:13 GMT+0800 (CST) ] {"err":0,"msg":"JYRFwTsDeoQBRALi6yVWpDDBQkaAuS3zuX"}
[ Tue Aug 15 2017 16:28:13 GMT+0800 (CST) ] time is 1911
[ Tue Aug 15 2017 16:28:13 GMT+0800 (CST) ] {"err":0,"msg":"JNRVWLk6UUwp7ap5Cv7Wst1Gwaoy7o6rxC"}
[ Tue Aug 15 2017 16:28:13 GMT+0800 (CST) ] time is 1902
[ Tue Aug 15 2017 16:28:13 GMT+0800 (CST) ] {"err":0,"msg":"Jeb85PJuRq49rLc9ASkQJrk6i2qYSE5m7H"}
[ Tue Aug 15 2017 16:28:13 GMT+0800 (CST) ] time is 1909
[ Tue Aug 15 2017 16:28:13 GMT+0800 (CST) ] {"err":0,"msg":"JN6cB4j1NW7bLFoZW2v43CkBs33URYnSum"}
[ Tue Aug 15 2017 16:28:13 GMT+0800 (CST) ] time is 1906
[ Tue Aug 15 2017 16:28:13 GMT+0800 (CST) ] {"err":0,"msg":"JgoNdmxxQuc4f86SxLYg5SQKEi9EEDo8Yi"}
[ Tue Aug 15 2017 16:28:13 GMT+0800 (CST) ] time is 1912
[ Tue Aug 15 2017 16:28:13 GMT+0800 (CST) ] {"err":0,"msg":"JeofYNh19RwpudrsciFnSNEgC9Tirrj8VH"}
[ Tue Aug 15 2017 16:28:13 GMT+0800 (CST) ] time is 1903
[ Tue Aug 15 2017 16:28:13 GMT+0800 (CST) ] {"err":0,"msg":"JcMRA6JoKWnYLfdrvwp5i5VLeeyRmoAqWh"}
[ Tue Aug 15 2017 16:28:13 GMT+0800 (CST) ] time is 1910
[ Tue Aug 15 2017 16:28:13 GMT+0800 (CST) ] {"err":0,"msg":"JQXY6dGLa7XAnA4JG9YiueV7xB9XnUtR6h"}
[ Tue Aug 15 2017 16:28:13 GMT+0800 (CST) ] time is 1907
[ Tue Aug 15 2017 16:28:13 GMT+0800 (CST) ] {"err":0,"msg":"JdYXR9jmAWt5NrdQbybThKrurJMREMNnLd"}
[ Tue Aug 15 2017 16:28:13 GMT+0800 (CST) ] time is 1913
[ Tue Aug 15 2017 16:28:13 GMT+0800 (CST) ] {"err":0,"msg":"JQGWj7gDKKoA1N2T2mVnqRwiMnXuD9QoDm"}
[ Tue Aug 15 2017 16:28:13 GMT+0800 (CST) ] time is 1904
[ Tue Aug 15 2017 16:28:13 GMT+0800 (CST) ] {"err":0,"msg":"JUgE1wF1GAbkK7BHR1rRe5ATPy7yNV77pc"}
[ Tue Aug 15 2017 16:28:13 GMT+0800 (CST) ] time is 1911
[ Tue Aug 15 2017 16:28:13 GMT+0800 (CST) ] {"err":0,"msg":"JTYNHmfgBmxK6rmGRsrCcAQYkzJhgYuPio"}
[ Tue Aug 15 2017 16:28:13 GMT+0800 (CST) ] time is 1908
[ Tue Aug 15 2017 16:28:13 GMT+0800 (CST) ] {"err":0,"msg":"JTasA3o2PuMFK9mcJRh8XjXtXEuiKGB3iq"}
[ Tue Aug 15 2017 16:28:13 GMT+0800 (CST) ] {"err":0,"msg":"JfHhH5NtwxaKbCCftHR6Y1bQbawCe3UsqL"}
[ Tue Aug 15 2017 16:28:13 GMT+0800 (CST) ] time is 1914
[ Tue Aug 15 2017 16:28:13 GMT+0800 (CST) ] time is 1905
[ Tue Aug 15 2017 16:28:13 GMT+0800 (CST) ] {"err":0,"msg":"JatE8YXwz5DJ3QWFexxwjnZ2CEDcgrMZp5"}
[ Tue Aug 15 2017 16:28:13 GMT+0800 (CST) ] {"err":0,"msg":"JdG71QkKwYt7vdjmugbMdNgtdbWdZ9mZF8"}
[ Tue Aug 15 2017 16:28:13 GMT+0800 (CST) ] time is 1912
[ Tue Aug 15 2017 16:28:13 GMT+0800 (CST) ] time is 1909
[ Tue Aug 15 2017 16:28:13 GMT+0800 (CST) ] {"err":0,"msg":"JXKhCkwzP7nVykqg2AHrK4Pq271ZcdyGWG"}
[ Tue Aug 15 2017 16:28:13 GMT+0800 (CST) ] time is 1915
[ Tue Aug 15 2017 16:28:13 GMT+0800 (CST) ] {"err":0,"msg":"JM77Fvh5KEVRmnawGnKktxAf2Fvic1sz6F"}
[ Tue Aug 15 2017 16:28:13 GMT+0800 (CST) ] time is 1906
[ Tue Aug 15 2017 16:28:13 GMT+0800 (CST) ] {"err":0,"msg":"JWGgGuM875R8vcJfZVsfLtogQCyzbBn7sP"}
[ Tue Aug 15 2017 16:28:13 GMT+0800 (CST) ] time is 1913
[ Tue Aug 15 2017 16:28:13 GMT+0800 (CST) ] {"err":0,"msg":"JahwaByq91xSNAV6MZySA5KQqK8auNMirk"}
[ Tue Aug 15 2017 16:28:13 GMT+0800 (CST) ] time is 1910
[ Tue Aug 15 2017 16:28:13 GMT+0800 (CST) ] {"err":0,"msg":"JQHqkAYtEgbfUhdWs6hn2bzofV66A9hRgf"}
[ Tue Aug 15 2017 16:28:13 GMT+0800 (CST) ] {"err":0,"msg":"JVVKwg3r92CpjuerMNqud4ddowcRCSr4Rp"}
[ Tue Aug 15 2017 16:28:13 GMT+0800 (CST) ] time is 1916
[ Tue Aug 15 2017 16:28:13 GMT+0800 (CST) ] time is 1907
[ Tue Aug 15 2017 16:28:13 GMT+0800 (CST) ] {"err":0,"msg":"JStxnHnA9okZgA4vTkZyKos9eVrv9zBt29"}
[ Tue Aug 15 2017 16:28:13 GMT+0800 (CST) ] time is 1914
[ Tue Aug 15 2017 16:28:13 GMT+0800 (CST) ] {"err":0,"msg":"JXTgP2fuLJhFcsCWCbeNH81zjBiuvg3DaR"}
[ Tue Aug 15 2017 16:28:13 GMT+0800 (CST) ] time is 1917
[ Tue Aug 15 2017 16:28:13 GMT+0800 (CST) ] {"err":0,"msg":"JWw3TsmgGeGLzo4uPcSywsVxjfGEj5m1Du"}
[ Tue Aug 15 2017 16:28:13 GMT+0800 (CST) ] time is 1911
[ Tue Aug 15 2017 16:28:13 GMT+0800 (CST) ] {"err":0,"msg":"JYCu5xTJJaH4gWVxY6yiUx3n6NqCGQh4yA"}
[ Tue Aug 15 2017 16:28:13 GMT+0800 (CST) ] time is 1908
[ Tue Aug 15 2017 16:28:13 GMT+0800 (CST) ] {"err":0,"msg":"JatY4GzZ25MsAYwGWT2eyekmHd8bmTVWxU"}
[ Tue Aug 15 2017 16:28:13 GMT+0800 (CST) ] {"err":0,"msg":"JXTabc2ctk6k69K6MLPytG1VqdxCApxGwG"}
[ Tue Aug 15 2017 16:28:13 GMT+0800 (CST) ] time is 1915
[ Tue Aug 15 2017 16:28:13 GMT+0800 (CST) ] {"err":0,"msg":"JPXiy8967ZAQGFWSTbM7ZqNQbd3r5KH3rm"}
[ Tue Aug 15 2017 16:28:13 GMT+0800 (CST) ] time is 1918
[ Tue Aug 15 2017 16:28:13 GMT+0800 (CST) ] time is 1912
[ Tue Aug 15 2017 16:28:13 GMT+0800 (CST) ] {"err":0,"msg":"JNouSFm1NXsJtcyqktmSmjvR8cMJC8Cje4"}
[ Tue Aug 15 2017 16:28:13 GMT+0800 (CST) ] time is 1909
[ Tue Aug 15 2017 16:28:13 GMT+0800 (CST) ] {"err":0,"msg":"JPSqhL5UuMvdLeBanDPBPQEZkqeseZ9quq"}
[ Tue Aug 15 2017 16:28:13 GMT+0800 (CST) ] time is 1916
[ Tue Aug 15 2017 16:28:13 GMT+0800 (CST) ] {"err":0,"msg":"JakKbk8pTCjtc3JMxTCib3furp7CXqVhzN"}
[ Tue Aug 15 2017 16:28:13 GMT+0800 (CST) ] time is 1919
[ Tue Aug 15 2017 16:28:13 GMT+0800 (CST) ] {"err":0,"msg":"JQVgvFMfu3e73q6iLoTr7tseB3vyVy9UV2"}
[ Tue Aug 15 2017 16:28:13 GMT+0800 (CST) ] time is 1913
[ Tue Aug 15 2017 16:28:13 GMT+0800 (CST) ] {"err":0,"msg":"JQHLBqR89p6fpZisMAjhRS5PUzDU2RTCGH"}
[ Tue Aug 15 2017 16:28:13 GMT+0800 (CST) ] time is 1910
[ Tue Aug 15 2017 16:28:13 GMT+0800 (CST) ] {"err":0,"msg":"JPErcALVPUwAPgVGg5QBDNS8fVpKYPj1ku"}
[ Tue Aug 15 2017 16:28:13 GMT+0800 (CST) ] time is 1917
[ Tue Aug 15 2017 16:28:13 GMT+0800 (CST) ] {"err":0,"msg":"JK4ZyvHYktHQasJfgLf9XD5B1PySn6FwPF"}
[ Tue Aug 15 2017 16:28:13 GMT+0800 (CST) ] time is 1920
[ Tue Aug 15 2017 16:28:13 GMT+0800 (CST) ] {"err":0,"msg":"JMdFZrUCtKfp9iqYX4Qe5MpRb4hYBLBqYi"}
[ Tue Aug 15 2017 16:28:13 GMT+0800 (CST) ] time is 1914
[ Tue Aug 15 2017 16:28:13 GMT+0800 (CST) ] {"err":0,"msg":"JUEoX63DJ338STug6VtCzYNvdnkwbSEaeq"}
[ Tue Aug 15 2017 16:28:13 GMT+0800 (CST) ] time is 1911
[ Tue Aug 15 2017 16:28:13 GMT+0800 (CST) ] {"err":0,"msg":"JhS6MoUQVA9r4un7EaETpwUu9k1NyCd1n7"}
[ Tue Aug 15 2017 16:28:13 GMT+0800 (CST) ] time is 1918
[ Tue Aug 15 2017 16:28:13 GMT+0800 (CST) ] {"err":0,"msg":"JLu4kZFkwapMkaHBtcxB5P2DzadmNVHojN"}
[ Tue Aug 15 2017 16:28:13 GMT+0800 (CST) ] time is 1921
[ Tue Aug 15 2017 16:28:13 GMT+0800 (CST) ] {"err":0,"msg":"JgYDscc7gbyTZGz4NWghxwfsbQPQgnGb2D"}
[ Tue Aug 15 2017 16:28:13 GMT+0800 (CST) ] time is 1915
[ Tue Aug 15 2017 16:28:13 GMT+0800 (CST) ] {"err":0,"msg":"Jb7J8LncfgdJ8z9kWaqNQsCnRnHKyznBBS"}
[ Tue Aug 15 2017 16:28:13 GMT+0800 (CST) ] time is 1912
[ Tue Aug 15 2017 16:28:13 GMT+0800 (CST) ] {"err":0,"msg":"Je47dqEdjPH97fWsqueHBgYPce2reLRhkL"}
[ Tue Aug 15 2017 16:28:13 GMT+0800 (CST) ] time is 1919
[ Tue Aug 15 2017 16:28:13 GMT+0800 (CST) ] {"err":0,"msg":"JYCNhJiLx7DPWsioRFKooGvMsqjWSbShqJ"}
[ Tue Aug 15 2017 16:28:13 GMT+0800 (CST) ] time is 1922
[ Tue Aug 15 2017 16:28:13 GMT+0800 (CST) ] {"err":0,"msg":"JWLHPCu8Ph9fy1SykfUMo8PVXNRqfNaBzz"}
[ Tue Aug 15 2017 16:28:13 GMT+0800 (CST) ] time is 1916
[ Tue Aug 15 2017 16:28:13 GMT+0800 (CST) ] {"err":0,"msg":"JdAjPoAgzpimr1AvmjnsiWRTj1pqJ5jFVX"}
[ Tue Aug 15 2017 16:28:13 GMT+0800 (CST) ] time is 1913
[ Tue Aug 15 2017 16:28:13 GMT+0800 (CST) ] {"err":0,"msg":"JRx8HPoQeSzbD1YFjLqzoi7Zv9JxCYMJXd"}
[ Tue Aug 15 2017 16:28:13 GMT+0800 (CST) ] time is 1920
[ Tue Aug 15 2017 16:28:13 GMT+0800 (CST) ] {"err":0,"msg":"JSuYW9AMSnNiAjTtd5A7wNqQPt8aEaVvb9"}
[ Tue Aug 15 2017 16:28:13 GMT+0800 (CST) ] time is 1923
[ Tue Aug 15 2017 16:28:13 GMT+0800 (CST) ] {"err":0,"msg":"JLbNnyizhCsxFck7WVsJKUW89qTxKANSsR"}
[ Tue Aug 15 2017 16:28:13 GMT+0800 (CST) ] time is 1917
[ Tue Aug 15 2017 16:28:13 GMT+0800 (CST) ] {"err":0,"msg":"JL1pTSxKMt7LNLDFHdygZ6CcdMCdajekT8"}
[ Tue Aug 15 2017 16:28:13 GMT+0800 (CST) ] time is 1914
[ Tue Aug 15 2017 16:28:13 GMT+0800 (CST) ] {"err":0,"msg":"JYqEijhLNdNSSVygPLYZCtuJaavH78sKGx"}
[ Tue Aug 15 2017 16:28:13 GMT+0800 (CST) ] time is 1921
[ Tue Aug 15 2017 16:28:13 GMT+0800 (CST) ] {"err":0,"msg":"JQuX1jgTAdHWPcv1D6qTLLPVmV5LzbboPt"}
[ Tue Aug 15 2017 16:28:13 GMT+0800 (CST) ] time is 1924
[ Tue Aug 15 2017 16:28:13 GMT+0800 (CST) ] {"err":0,"msg":"JU4C28oKaqrKvsX9YxygeMsUEcGoXWhQ5w"}
[ Tue Aug 15 2017 16:28:13 GMT+0800 (CST) ] time is 1918
[ Tue Aug 15 2017 16:28:13 GMT+0800 (CST) ] {"err":0,"msg":"JhKQiTtTu8waL6ekqKDmnh8T59BvqLzmZr"}
[ Tue Aug 15 2017 16:28:13 GMT+0800 (CST) ] time is 1915
[ Tue Aug 15 2017 16:28:13 GMT+0800 (CST) ] {"err":0,"msg":"JPpNe5zRaAN3knhxScBd3cbJosD8YjJsFq"}
[ Tue Aug 15 2017 16:28:13 GMT+0800 (CST) ] time is 1922
[ Tue Aug 15 2017 16:28:13 GMT+0800 (CST) ] {"err":0,"msg":"JeaVb5aNut244pfKiQqmbS48jwNzm9SqH8"}
[ Tue Aug 15 2017 16:28:13 GMT+0800 (CST) ] time is 1925
[ Tue Aug 15 2017 16:28:13 GMT+0800 (CST) ] {"err":0,"msg":"JSMjGmvxzWMH8S2fTJsVyUR8SRmXsLj9gh"}
[ Tue Aug 15 2017 16:28:13 GMT+0800 (CST) ] time is 1919
[ Tue Aug 15 2017 16:28:13 GMT+0800 (CST) ] {"err":0,"msg":"Jfz3szD7T9SerynH3Jmbr8gsJTes14eJbw"}
[ Tue Aug 15 2017 16:28:13 GMT+0800 (CST) ] time is 1916
[ Tue Aug 15 2017 16:28:13 GMT+0800 (CST) ] {"err":0,"msg":"Jg96vABGfdaoM3DAZKjnonVgbEx2pijVVf"}
[ Tue Aug 15 2017 16:28:13 GMT+0800 (CST) ] time is 1923
[ Tue Aug 15 2017 16:28:13 GMT+0800 (CST) ] {"err":0,"msg":"JbBz7yngUivHmcsqfXVZNs1zw53Bq3tBf7"}
[ Tue Aug 15 2017 16:28:13 GMT+0800 (CST) ] time is 1926
[ Tue Aug 15 2017 16:28:13 GMT+0800 (CST) ] {"err":0,"msg":"JczZqZMLM1dRQdPdu81xJhJD8uqBupyhRm"}
[ Tue Aug 15 2017 16:28:13 GMT+0800 (CST) ] time is 1920
[ Tue Aug 15 2017 16:28:13 GMT+0800 (CST) ] {"err":0,"msg":"JMEKxen7huyyEsBqd3zJpjcwSN2uTYQEBF"}
[ Tue Aug 15 2017 16:28:13 GMT+0800 (CST) ] time is 1917
[ Tue Aug 15 2017 16:28:13 GMT+0800 (CST) ] {"err":0,"msg":"JeJySCERz2pEmVVdnCnxH7dMVinGUeMZFH"}
[ Tue Aug 15 2017 16:28:13 GMT+0800 (CST) ] time is 1924
[ Tue Aug 15 2017 16:28:13 GMT+0800 (CST) ] {"err":0,"msg":"JfVwKEynhxu1RbqqUEeHp8VWmzY51MNv6c"}
[ Tue Aug 15 2017 16:28:14 GMT+0800 (CST) ] time is 1927
[ Tue Aug 15 2017 16:28:14 GMT+0800 (CST) ] {"err":0,"msg":"JWUMCzb53XnwfChXoyWEzfYVCtXPPXj98H"}
[ Tue Aug 15 2017 16:28:14 GMT+0800 (CST) ] time is 1921
[ Tue Aug 15 2017 16:28:14 GMT+0800 (CST) ] {"err":0,"msg":"JQ9wvyHfB4pVENNFXDS6XCarZmQHiMT3Xp"}
[ Tue Aug 15 2017 16:28:14 GMT+0800 (CST) ] time is 1918
[ Tue Aug 15 2017 16:28:14 GMT+0800 (CST) ] {"err":0,"msg":"JhJdefXwemCF1Pe9o1KaJJDPR3czRXQsvz"}
[ Tue Aug 15 2017 16:28:14 GMT+0800 (CST) ] time is 1925
[ Tue Aug 15 2017 16:28:14 GMT+0800 (CST) ] {"err":0,"msg":"JMDdcRk9a8BkRPziYLX6i7i3Gi3GN2Lk3o"}
[ Tue Aug 15 2017 16:28:14 GMT+0800 (CST) ] time is 1928
[ Tue Aug 15 2017 16:28:14 GMT+0800 (CST) ] {"err":0,"msg":"JSLqaXLfSvr94tXctvBBy2mAjHPE3WJuJj"}
[ Tue Aug 15 2017 16:28:14 GMT+0800 (CST) ] time is 1922
[ Tue Aug 15 2017 16:28:14 GMT+0800 (CST) ] {"err":0,"msg":"JfsVSjXoSwzaGfqGNgaicGp7QniJ2crpg4"}
[ Tue Aug 15 2017 16:28:14 GMT+0800 (CST) ] time is 1919
[ Tue Aug 15 2017 16:28:14 GMT+0800 (CST) ] {"err":0,"msg":"JMndT8EhcCKVGKvyF1iaHDsxgm56W6X9mL"}
[ Tue Aug 15 2017 16:28:14 GMT+0800 (CST) ] time is 1926
[ Tue Aug 15 2017 16:28:14 GMT+0800 (CST) ] {"err":0,"msg":"JWMhXLjrYpCL2iHZ6dKVBTWPGgm1zaYZZm"}
[ Tue Aug 15 2017 16:28:14 GMT+0800 (CST) ] time is 1929
[ Tue Aug 15 2017 16:28:14 GMT+0800 (CST) ] {"err":0,"msg":"JURhB2ML2fXaKa65PhjUJuMW6Vjxo6KrvL"}
[ Tue Aug 15 2017 16:28:14 GMT+0800 (CST) ] time is 1923
[ Tue Aug 15 2017 16:28:14 GMT+0800 (CST) ] {"err":0,"msg":"JK4UZga4dRpH9z27bQk189aJxgrXXLhEUq"}
[ Tue Aug 15 2017 16:28:14 GMT+0800 (CST) ] time is 1920
[ Tue Aug 15 2017 16:28:14 GMT+0800 (CST) ] {"err":0,"msg":"JfEqDauA2Cqwdho2BMjgWeje584uJpfmpQ"}
[ Tue Aug 15 2017 16:28:14 GMT+0800 (CST) ] time is 1927
[ Tue Aug 15 2017 16:28:14 GMT+0800 (CST) ] {"err":0,"msg":"JQizmQ2cuY48Tpk6kFMskNHqPCgybyPNq3"}
[ Tue Aug 15 2017 16:28:14 GMT+0800 (CST) ] time is 1930
[ Tue Aug 15 2017 16:28:14 GMT+0800 (CST) ] {"err":0,"msg":"JJaDb82xwwmyf1HpEEYjHQHqeU5iGEa3d7"}
[ Tue Aug 15 2017 16:28:14 GMT+0800 (CST) ] time is 1924
[ Tue Aug 15 2017 16:28:14 GMT+0800 (CST) ] {"err":0,"msg":"JK93nscYv6ebqXm9rR7tFyesCnDRkLyyeT"}
[ Tue Aug 15 2017 16:28:14 GMT+0800 (CST) ] time is 1921
[ Tue Aug 15 2017 16:28:14 GMT+0800 (CST) ] {"err":0,"msg":"JRA7uxrbNmptcNuUpCasCADcNuPbUfdak4"}
[ Tue Aug 15 2017 16:28:14 GMT+0800 (CST) ] time is 1928
[ Tue Aug 15 2017 16:28:14 GMT+0800 (CST) ] {"err":0,"msg":"JKTBYVdaeyxdtd3J1LyJxiTvnPMVoEQNQr"}
[ Tue Aug 15 2017 16:28:14 GMT+0800 (CST) ] time is 1931
[ Tue Aug 15 2017 16:28:14 GMT+0800 (CST) ] {"err":0,"msg":"JeokvBwYxX9PKsLiTxUp45CqfMoNFTeJpG"}
[ Tue Aug 15 2017 16:28:14 GMT+0800 (CST) ] time is 1925
[ Tue Aug 15 2017 16:28:14 GMT+0800 (CST) ] {"err":0,"msg":"JayWrWzNoMCVi51SV8ev6AuhLbn5WMDk82"}
[ Tue Aug 15 2017 16:28:14 GMT+0800 (CST) ] time is 1922
[ Tue Aug 15 2017 16:28:14 GMT+0800 (CST) ] {"err":0,"msg":"JV84bV34rn3881U8apmmhzA7ebDcieMkaK"}
[ Tue Aug 15 2017 16:28:14 GMT+0800 (CST) ] time is 1929
[ Tue Aug 15 2017 16:28:14 GMT+0800 (CST) ] {"err":0,"msg":"JRLqMzioFJUEcfLUbinh6ardzy7vVfkcwL"}
[ Tue Aug 15 2017 16:28:14 GMT+0800 (CST) ] time is 1932
[ Tue Aug 15 2017 16:28:14 GMT+0800 (CST) ] {"err":0,"msg":"JZsAFYaWENkU5UEJijN8v2T5YFBy7UbB2L"}
[ Tue Aug 15 2017 16:28:14 GMT+0800 (CST) ] time is 1923
[ Tue Aug 15 2017 16:28:14 GMT+0800 (CST) ] {"err":0,"msg":"JYgL8GQJ69Sn9RaYnpFoJYnWRRSX7GCE17"}
[ Tue Aug 15 2017 16:28:14 GMT+0800 (CST) ] time is 1926
[ Tue Aug 15 2017 16:28:14 GMT+0800 (CST) ] {"err":0,"msg":"JSATcRqkT5dAKEEQUuAazFvt6LdX1vDcmA"}
[ Tue Aug 15 2017 16:28:14 GMT+0800 (CST) ] time is 1930
[ Tue Aug 15 2017 16:28:14 GMT+0800 (CST) ] {"err":0,"msg":"JKZesNe69iSHPBVH6q8uNHHwJ3PUEXBMnX"}
[ Tue Aug 15 2017 16:28:14 GMT+0800 (CST) ] time is 1933
[ Tue Aug 15 2017 16:28:14 GMT+0800 (CST) ] {"err":0,"msg":"JMMqwMAAmTs9bhvwz76ttv9driZPD7erLQ"}
[ Tue Aug 15 2017 16:28:14 GMT+0800 (CST) ] time is 1924
[ Tue Aug 15 2017 16:28:14 GMT+0800 (CST) ] {"err":0,"msg":"JPFcYY8kWDgH4K8dTCYxRomPeAotwuxSYP"}
[ Tue Aug 15 2017 16:28:14 GMT+0800 (CST) ] time is 1927
[ Tue Aug 15 2017 16:28:14 GMT+0800 (CST) ] {"err":0,"msg":"JYoygrouSGuF82fuJVTVuDB7dqYTyauBcY"}
[ Tue Aug 15 2017 16:28:14 GMT+0800 (CST) ] time is 1931
[ Tue Aug 15 2017 16:28:14 GMT+0800 (CST) ] {"err":0,"msg":"Jgna7ycvdwBtKqYauTh5PL6S7dM1YSebs7"}
[ Tue Aug 15 2017 16:28:14 GMT+0800 (CST) ] time is 1934
[ Tue Aug 15 2017 16:28:14 GMT+0800 (CST) ] {"err":0,"msg":"Janaoo8giiQN2MzxVrk6tCZb6WWW2CG5QQ"}
[ Tue Aug 15 2017 16:28:14 GMT+0800 (CST) ] time is 1925
[ Tue Aug 15 2017 16:28:14 GMT+0800 (CST) ] {"err":0,"msg":"JQ8w7wSCW5V8dwDdLwS5wnutvg8xpq5PkH"}
[ Tue Aug 15 2017 16:28:14 GMT+0800 (CST) ] time is 1928
[ Tue Aug 15 2017 16:28:14 GMT+0800 (CST) ] {"err":0,"msg":"JeGyHMjEd4WN3KVfe53UL6dS8BnZts5Cc3"}
[ Tue Aug 15 2017 16:28:14 GMT+0800 (CST) ] time is 1932
[ Tue Aug 15 2017 16:28:14 GMT+0800 (CST) ] {"err":0,"msg":"JK6Pwu91LDCdYSNMnTBDKLQuXCxgL6D1VG"}
[ Tue Aug 15 2017 16:28:14 GMT+0800 (CST) ] time is 1935
[ Tue Aug 15 2017 16:28:14 GMT+0800 (CST) ] {"err":0,"msg":"JPUEwiqoE2w9kph2PAHNWy9KNzXJzeSg8Z"}
[ Tue Aug 15 2017 16:28:14 GMT+0800 (CST) ] time is 1926
[ Tue Aug 15 2017 16:28:14 GMT+0800 (CST) ] {"err":0,"msg":"JfUmsfaNp3qeWGLpMdQAfDs9VJDJaGUDsZ"}
[ Tue Aug 15 2017 16:28:14 GMT+0800 (CST) ] time is 1929
[ Tue Aug 15 2017 16:28:14 GMT+0800 (CST) ] {"err":0,"msg":"Jawt6btsD8qeevsiDtLLXQjyUwBf4KKDDC"}
[ Tue Aug 15 2017 16:28:14 GMT+0800 (CST) ] time is 1933
[ Tue Aug 15 2017 16:28:14 GMT+0800 (CST) ] {"err":0,"msg":"JeGigH6qtaHHL1KotZnkcPs9N1AMLw5Wvh"}
[ Tue Aug 15 2017 16:28:14 GMT+0800 (CST) ] time is 1936
[ Tue Aug 15 2017 16:28:14 GMT+0800 (CST) ] {"err":0,"msg":"JKwWZk1xykYvWHUKR1joY57Ya9Dh427Frm"}
[ Tue Aug 15 2017 16:28:14 GMT+0800 (CST) ] time is 1927
[ Tue Aug 15 2017 16:28:14 GMT+0800 (CST) ] {"err":0,"msg":"Jast73nuETg2nmBVyT9oZn44reb9ZcLxnF"}
[ Tue Aug 15 2017 16:28:14 GMT+0800 (CST) ] time is 1934
[ Tue Aug 15 2017 16:28:14 GMT+0800 (CST) ] {"err":0,"msg":"JVeS5cj9TwuDFjEawc47whKihUhj8m1Rw4"}
[ Tue Aug 15 2017 16:28:14 GMT+0800 (CST) ] time is 1930
[ Tue Aug 15 2017 16:28:14 GMT+0800 (CST) ] {"err":0,"msg":"JLTEFgc73fKAN8fn12VLeoQEYNXbDP6YkZ"}
[ Tue Aug 15 2017 16:28:14 GMT+0800 (CST) ] time is 1937
[ Tue Aug 15 2017 16:28:14 GMT+0800 (CST) ] {"err":0,"msg":"JfdX57C5gmbWuGKn7m3ANabqTs9zycARJN"}
[ Tue Aug 15 2017 16:28:14 GMT+0800 (CST) ] time is 1928
[ Tue Aug 15 2017 16:28:14 GMT+0800 (CST) ] {"err":0,"msg":"JYPkCWE3NCb3EnBDvNWchYtVLXwqHsffED"}
[ Tue Aug 15 2017 16:28:14 GMT+0800 (CST) ] time is 1935
[ Tue Aug 15 2017 16:28:14 GMT+0800 (CST) ] {"err":0,"msg":"Jgm1AsuQh8ujP4YZtYSUWxuT8EBNcFcZXY"}
[ Tue Aug 15 2017 16:28:14 GMT+0800 (CST) ] time is 1938
[ Tue Aug 15 2017 16:28:14 GMT+0800 (CST) ] {"err":0,"msg":"JZMdypW3BjymaXvTFzrnePFp964y7areMZ"}
[ Tue Aug 15 2017 16:28:14 GMT+0800 (CST) ] time is 1931
[ Tue Aug 15 2017 16:28:14 GMT+0800 (CST) ] {"err":0,"msg":"Je8oU9bM2qUnUiy7idXrzqUqi9LVGjjwZK"}
[ Tue Aug 15 2017 16:28:14 GMT+0800 (CST) ] time is 1929
[ Tue Aug 15 2017 16:28:14 GMT+0800 (CST) ] {"err":0,"msg":"JfVn5dX3PHwLterUKbLxCKeiNjyQ4ukhL4"}
[ Tue Aug 15 2017 16:28:14 GMT+0800 (CST) ] time is 1936
[ Tue Aug 15 2017 16:28:14 GMT+0800 (CST) ] {"err":0,"msg":"JapabN16D9U6ZDMM4GdiBSdpV2e8RHfjBz"}
[ Tue Aug 15 2017 16:28:14 GMT+0800 (CST) ] time is 1939
[ Tue Aug 15 2017 16:28:14 GMT+0800 (CST) ] {"err":0,"msg":"JQFvSx3B2QJoKp6TWGpwjtpXAzm8DZ5zCB"}
[ Tue Aug 15 2017 16:28:14 GMT+0800 (CST) ] time is 1932
[ Tue Aug 15 2017 16:28:14 GMT+0800 (CST) ] {"err":0,"msg":"JQfZ4n6J35e65sq8ceUnLCpcotnx91rGrZ"}
[ Tue Aug 15 2017 16:28:14 GMT+0800 (CST) ] time is 1930
[ Tue Aug 15 2017 16:28:14 GMT+0800 (CST) ] {"err":0,"msg":"JZnm9xuN8oQqRwYXgjCbTr1mfLCrJdUEw6"}
[ Tue Aug 15 2017 16:28:14 GMT+0800 (CST) ] time is 1937
[ Tue Aug 15 2017 16:28:14 GMT+0800 (CST) ] {"err":0,"msg":"JRFabD4CBLBUzPJxVXdfPwADy6LnarpSQt"}
[ Tue Aug 15 2017 16:28:14 GMT+0800 (CST) ] time is 1940
[ Tue Aug 15 2017 16:28:14 GMT+0800 (CST) ] {"err":0,"msg":"JLwSzZW34BFeheYWCN5HF4nrdA1uAvqXbY"}
[ Tue Aug 15 2017 16:28:14 GMT+0800 (CST) ] time is 1933
[ Tue Aug 15 2017 16:28:14 GMT+0800 (CST) ] {"err":0,"msg":"JMoGr8HaMCKhfyDKoC7t14zhHH76q8JozU"}
[ Tue Aug 15 2017 16:28:14 GMT+0800 (CST) ] time is 1931
[ Tue Aug 15 2017 16:28:14 GMT+0800 (CST) ] {"err":0,"msg":"JZp9ix7PVLGMhqS85w2BrModqcbXm331Wm"}
[ Tue Aug 15 2017 16:28:14 GMT+0800 (CST) ] time is 1938
[ Tue Aug 15 2017 16:28:14 GMT+0800 (CST) ] {"err":0,"msg":"JNsue36K42Ujp5AXL4qwvLPxsK8FRwJawX"}
[ Tue Aug 15 2017 16:28:14 GMT+0800 (CST) ] time is 1941
[ Tue Aug 15 2017 16:28:14 GMT+0800 (CST) ] {"err":0,"msg":"JQcDi63zBy3aXbbXP6whHc7U2y9ZHShMJX"}
[ Tue Aug 15 2017 16:28:14 GMT+0800 (CST) ] time is 1934
[ Tue Aug 15 2017 16:28:14 GMT+0800 (CST) ] {"err":0,"msg":"JVMvGKsLvz3XMJrfigMVK5oyKcGmwqPSsR"}
[ Tue Aug 15 2017 16:28:14 GMT+0800 (CST) ] time is 1939
[ Tue Aug 15 2017 16:28:14 GMT+0800 (CST) ] {"err":0,"msg":"JaUF7mPN3MqkazedxF78yihFtMZKRvArfj"}
[ Tue Aug 15 2017 16:28:14 GMT+0800 (CST) ] time is 1932
[ Tue Aug 15 2017 16:28:14 GMT+0800 (CST) ] {"err":0,"msg":"JJed7csZoS2T43Kkvf7Yf844d8YykFuvjH"}
[ Tue Aug 15 2017 16:28:14 GMT+0800 (CST) ] time is 1935
[ Tue Aug 15 2017 16:28:14 GMT+0800 (CST) ] {"err":0,"msg":"Jg4D6oewtoWDmt32yAxSfK3frwpNEGbs3t"}
[ Tue Aug 15 2017 16:28:14 GMT+0800 (CST) ] time is 1942
[ Tue Aug 15 2017 16:28:14 GMT+0800 (CST) ] {"err":0,"msg":"JR2jXbAiuo3aVyFeNmxaUi1fjqqJMnHqGb"}
[ Tue Aug 15 2017 16:28:14 GMT+0800 (CST) ] time is 1940
[ Tue Aug 15 2017 16:28:14 GMT+0800 (CST) ] {"err":0,"msg":"JfYx5BWEcbsDVp3aCe25eipK11iUZAxJW3"}
[ Tue Aug 15 2017 16:28:14 GMT+0800 (CST) ] time is 1933
[ Tue Aug 15 2017 16:28:14 GMT+0800 (CST) ] {"err":0,"msg":"JeyyZ8xqBzXT5m52eTmfXDFisVYfeYQXHF"}
[ Tue Aug 15 2017 16:28:14 GMT+0800 (CST) ] time is 1936
[ Tue Aug 15 2017 16:28:14 GMT+0800 (CST) ] {"err":0,"msg":"Jg9eGskCGC6iYD42cQ61j8D2FJp91tZnrZ"}
[ Tue Aug 15 2017 16:28:14 GMT+0800 (CST) ] time is 1943
[ Tue Aug 15 2017 16:28:14 GMT+0800 (CST) ] {"err":0,"msg":"JSBJ6EKG685SVQEJjfWpS1drSzMVGgrzaG"}
[ Tue Aug 15 2017 16:28:14 GMT+0800 (CST) ] time is 1941
[ Tue Aug 15 2017 16:28:14 GMT+0800 (CST) ] {"err":0,"msg":"JVBG78kzE4tNJEDnV16SMRgCPca5WACuww"}
[ Tue Aug 15 2017 16:28:14 GMT+0800 (CST) ] time is 1934
[ Tue Aug 15 2017 16:28:14 GMT+0800 (CST) ] {"err":0,"msg":"JThfVDtPQb9SRQmqwC2SYckSmr8bbUeKeB"}
[ Tue Aug 15 2017 16:28:14 GMT+0800 (CST) ] time is 1944
[ Tue Aug 15 2017 16:28:14 GMT+0800 (CST) ] {"err":0,"msg":"JUhMHKRc2AsZjxSpM6gjPzF1zB8ZbiHdBo"}
[ Tue Aug 15 2017 16:28:14 GMT+0800 (CST) ] time is 1937
[ Tue Aug 15 2017 16:28:14 GMT+0800 (CST) ] {"err":0,"msg":"Jh39Wkf3xTbhWKM5U82jwApjQ2jnGbT6iX"}
[ Tue Aug 15 2017 16:28:15 GMT+0800 (CST) ] time is 1942
[ Tue Aug 15 2017 16:28:15 GMT+0800 (CST) ] {"err":0,"msg":"JT6R89J9MNJu2dN8PTwuGeL9x7WLVzaLqV"}
[ Tue Aug 15 2017 16:28:15 GMT+0800 (CST) ] time is 1935
[ Tue Aug 15 2017 16:28:15 GMT+0800 (CST) ] {"err":0,"msg":"JWV2SYFmNoAz5mM5mRRhpyDkn7dvF799DU"}
[ Tue Aug 15 2017 16:28:15 GMT+0800 (CST) ] time is 1945
[ Tue Aug 15 2017 16:28:15 GMT+0800 (CST) ] {"err":0,"msg":"JVqkjc93SZCEJ5XL574HVPYoEcpoa9E59g"}
[ Tue Aug 15 2017 16:28:15 GMT+0800 (CST) ] time is 1938
[ Tue Aug 15 2017 16:28:15 GMT+0800 (CST) ] {"err":0,"msg":"JTTCZuTJqrUh4LPZkM4Rq1FW2YncjqKhdm"}
[ Tue Aug 15 2017 16:28:15 GMT+0800 (CST) ] time is 1943
[ Tue Aug 15 2017 16:28:15 GMT+0800 (CST) ] {"err":0,"msg":"JUzHBLsgqZkNoKSoa5oAWLzTqMDQh1wq5p"}
[ Tue Aug 15 2017 16:28:15 GMT+0800 (CST) ] time is 1936
[ Tue Aug 15 2017 16:28:15 GMT+0800 (CST) ] {"err":0,"msg":"JWdk8SMtRcdEGA4Gvqq12f5MrNrVnV96Ku"}
[ Tue Aug 15 2017 16:28:15 GMT+0800 (CST) ] time is 1939
[ Tue Aug 15 2017 16:28:15 GMT+0800 (CST) ] {"err":0,"msg":"JLAJtBpfDEhnztr8ZCqF7bUHcZS4ATLFoX"}
[ Tue Aug 15 2017 16:28:15 GMT+0800 (CST) ] time is 1946
[ Tue Aug 15 2017 16:28:15 GMT+0800 (CST) ] {"err":0,"msg":"JeSSK853kF1FzXgryq2BrmyJJeuWRyiFch"}
[ Tue Aug 15 2017 16:28:15 GMT+0800 (CST) ] time is 1944
[ Tue Aug 15 2017 16:28:15 GMT+0800 (CST) ] {"err":0,"msg":"JXcBx19AbFCrfyoy5S8GYY3bRSeLesxpBe"}
[ Tue Aug 15 2017 16:28:15 GMT+0800 (CST) ] time is 1940
[ Tue Aug 15 2017 16:28:15 GMT+0800 (CST) ] {"err":0,"msg":"JPkNhTdsCS7vg2ZvRfGVXxK4ngbqzv2WYt"}
[ Tue Aug 15 2017 16:28:15 GMT+0800 (CST) ] time is 1937
[ Tue Aug 15 2017 16:28:15 GMT+0800 (CST) ] {"err":0,"msg":"JUEeXYVv3YNeumoPUTgEvt7Nee9RnTmtL3"}
[ Tue Aug 15 2017 16:28:15 GMT+0800 (CST) ] time is 1947
[ Tue Aug 15 2017 16:28:15 GMT+0800 (CST) ] {"err":0,"msg":"JdbpXwuuq759EtrpquFK9aAiJPapFFHLAq"}
[ Tue Aug 15 2017 16:28:15 GMT+0800 (CST) ] time is 1945
[ Tue Aug 15 2017 16:28:15 GMT+0800 (CST) ] {"err":0,"msg":"JMJU7NvJ1n1DNioYe4RK62JSpuaLVoJuvR"}
[ Tue Aug 15 2017 16:28:15 GMT+0800 (CST) ] time is 1941
[ Tue Aug 15 2017 16:28:15 GMT+0800 (CST) ] {"err":0,"msg":"JbZzVY5RM6oTXDfKYKx789VpZcHvZD48Rw"}
[ Tue Aug 15 2017 16:28:15 GMT+0800 (CST) ] time is 1938
[ Tue Aug 15 2017 16:28:15 GMT+0800 (CST) ] {"err":0,"msg":"JLZwD6uj2w7RDCjPD4NUaqoYarZWsBhPF2"}
[ Tue Aug 15 2017 16:28:15 GMT+0800 (CST) ] time is 1948
[ Tue Aug 15 2017 16:28:15 GMT+0800 (CST) ] {"err":0,"msg":"JeSR2GSgDQz7U4dmZirbMvgUtnoUcJ3uXg"}
[ Tue Aug 15 2017 16:28:15 GMT+0800 (CST) ] time is 1946
[ Tue Aug 15 2017 16:28:15 GMT+0800 (CST) ] {"err":0,"msg":"JQJs9nAQB3rpnpTJYrhfS7JpdqNEjwtn9o"}
[ Tue Aug 15 2017 16:28:15 GMT+0800 (CST) ] time is 1942
[ Tue Aug 15 2017 16:28:15 GMT+0800 (CST) ] {"err":0,"msg":"JXCpRYqZwSE6BF3tYhHoBuTZ61hbg2g919"}
[ Tue Aug 15 2017 16:28:15 GMT+0800 (CST) ] time is 1939
[ Tue Aug 15 2017 16:28:15 GMT+0800 (CST) ] {"err":0,"msg":"JT1eRJXknxejrH1RKVnLoCj9c1WRZevusa"}
[ Tue Aug 15 2017 16:28:15 GMT+0800 (CST) ] time is 1949
[ Tue Aug 15 2017 16:28:15 GMT+0800 (CST) ] {"err":0,"msg":"JLFEAkUcxykpLQvudkEK7BSZuaEeA863if"}
[ Tue Aug 15 2017 16:28:15 GMT+0800 (CST) ] time is 1947
[ Tue Aug 15 2017 16:28:15 GMT+0800 (CST) ] {"err":0,"msg":"JRgxem7ohcDFx2UZXRdctQ7HwBssmavBLi"}
[ Tue Aug 15 2017 16:28:15 GMT+0800 (CST) ] time is 1943
[ Tue Aug 15 2017 16:28:15 GMT+0800 (CST) ] {"err":0,"msg":"JTctt46KvYidbbFya3oJYrxxTgKPatNzMu"}
[ Tue Aug 15 2017 16:28:15 GMT+0800 (CST) ] time is 1940
[ Tue Aug 15 2017 16:28:15 GMT+0800 (CST) ] {"err":0,"msg":"Je4us1C3UosCVLHvdjYcFxMyznjMYGhaCz"}
[ Tue Aug 15 2017 16:28:15 GMT+0800 (CST) ] time is 1950
[ Tue Aug 15 2017 16:28:15 GMT+0800 (CST) ] {"err":0,"msg":"JUVb4DEqE8fKkxtrkkvUhtzVJ8JCTqt7Am"}
[ Tue Aug 15 2017 16:28:15 GMT+0800 (CST) ] time is 1944
[ Tue Aug 15 2017 16:28:15 GMT+0800 (CST) ] {"err":0,"msg":"JN75CMWPVyqwh93WeSq1kbW7ncY4h1PBvm"}
[ Tue Aug 15 2017 16:28:15 GMT+0800 (CST) ] time is 1948
[ Tue Aug 15 2017 16:28:15 GMT+0800 (CST) ] {"err":0,"msg":"JXv7TBtNm1sBPUc9xZh7YCTEcd9LfQErKF"}
[ Tue Aug 15 2017 16:28:15 GMT+0800 (CST) ] time is 1941
[ Tue Aug 15 2017 16:28:15 GMT+0800 (CST) ] {"err":0,"msg":"JX15jpSBEpMV8LqQ4yC1gidWUHn9J6YUhr"}
[ Tue Aug 15 2017 16:28:15 GMT+0800 (CST) ] time is 1951
[ Tue Aug 15 2017 16:28:15 GMT+0800 (CST) ] {"err":0,"msg":"JeqwuA3M5qbDhUzPgutY6VBQTakw9HoYV4"}
[ Tue Aug 15 2017 16:28:15 GMT+0800 (CST) ] time is 1945
[ Tue Aug 15 2017 16:28:15 GMT+0800 (CST) ] {"err":0,"msg":"JeMTf1VqjzXJUASDXTW3VSwB3asTycL1bv"}
[ Tue Aug 15 2017 16:28:15 GMT+0800 (CST) ] time is 1949
[ Tue Aug 15 2017 16:28:15 GMT+0800 (CST) ] {"err":0,"msg":"JeSs1WvukUEF8U94ehnuPPT2mKNhUzVoaX"}
[ Tue Aug 15 2017 16:28:15 GMT+0800 (CST) ] time is 1942
[ Tue Aug 15 2017 16:28:15 GMT+0800 (CST) ] {"err":0,"msg":"JK53NxJ8dZkivMyV8PysDKXFCsfd9M8sTR"}
[ Tue Aug 15 2017 16:28:15 GMT+0800 (CST) ] time is 1952
[ Tue Aug 15 2017 16:28:15 GMT+0800 (CST) ] {"err":0,"msg":"JW3Gy9ciKZZpLHNpJPPCoSH92JyFE1THc2"}
[ Tue Aug 15 2017 16:28:15 GMT+0800 (CST) ] time is 1946
[ Tue Aug 15 2017 16:28:15 GMT+0800 (CST) ] {"err":0,"msg":"JSbd1kDPzu6UUC2zFUJTBcRPYJ9aGodHEE"}
[ Tue Aug 15 2017 16:28:15 GMT+0800 (CST) ] time is 1950
[ Tue Aug 15 2017 16:28:15 GMT+0800 (CST) ] {"err":0,"msg":"JaNrnKjtDWe7zDiFXdfarKJaP41bsfJZo6"}
[ Tue Aug 15 2017 16:28:15 GMT+0800 (CST) ] time is 1943
[ Tue Aug 15 2017 16:28:15 GMT+0800 (CST) ] {"err":0,"msg":"JMuJVCKa6JcyCjJ1mYcakorYVjwibnzMFq"}
[ Tue Aug 15 2017 16:28:15 GMT+0800 (CST) ] time is 1953
[ Tue Aug 15 2017 16:28:15 GMT+0800 (CST) ] {"err":0,"msg":"JUmP9kwrwk4DSEenu9z3aN3ZaXnANyzuhy"}
[ Tue Aug 15 2017 16:28:15 GMT+0800 (CST) ] time is 1947
[ Tue Aug 15 2017 16:28:15 GMT+0800 (CST) ] {"err":0,"msg":"JT6BW93doAYR5xzqUtRd4Lfd37k62XUfa4"}
[ Tue Aug 15 2017 16:28:15 GMT+0800 (CST) ] time is 1951
[ Tue Aug 15 2017 16:28:15 GMT+0800 (CST) ] {"err":0,"msg":"Jews1dCaXiGn7yVBMCrgY5c5i2xNGQYCHk"}
[ Tue Aug 15 2017 16:28:15 GMT+0800 (CST) ] time is 1944
[ Tue Aug 15 2017 16:28:15 GMT+0800 (CST) ] {"err":0,"msg":"JUwJBrJAiwamXV7var6AWvk5mdVqn1iN73"}
[ Tue Aug 15 2017 16:28:15 GMT+0800 (CST) ] time is 1954
[ Tue Aug 15 2017 16:28:15 GMT+0800 (CST) ] {"err":0,"msg":"JfgCrrSkXgh3swHz1LfpmV1VspRwQWMPcD"}
[ Tue Aug 15 2017 16:28:15 GMT+0800 (CST) ] time is 1948
[ Tue Aug 15 2017 16:28:15 GMT+0800 (CST) ] {"err":0,"msg":"JdC9Pd16FgYFe1TTqkKJVyCJEAG78cZJrK"}
[ Tue Aug 15 2017 16:28:15 GMT+0800 (CST) ] time is 1952
[ Tue Aug 15 2017 16:28:15 GMT+0800 (CST) ] {"err":0,"msg":"JbDHnfbVqboSpASWGU1dHB4P8z4WXmjfN2"}
[ Tue Aug 15 2017 16:28:15 GMT+0800 (CST) ] time is 1945
[ Tue Aug 15 2017 16:28:15 GMT+0800 (CST) ] {"err":0,"msg":"JS9wotURdMuFNLcxKw6jwdJGYzaFP4agou"}
[ Tue Aug 15 2017 16:28:15 GMT+0800 (CST) ] time is 1955
[ Tue Aug 15 2017 16:28:15 GMT+0800 (CST) ] {"err":0,"msg":"JW5QiFkJjqHhA3reGtvKoLFpQdbQ7WiB69"}
[ Tue Aug 15 2017 16:28:15 GMT+0800 (CST) ] time is 1949
[ Tue Aug 15 2017 16:28:15 GMT+0800 (CST) ] {"err":0,"msg":"Jb8tXeEyYUrrv7T8Sdyhfsiu5LUvcFtMGV"}
[ Tue Aug 15 2017 16:28:15 GMT+0800 (CST) ] time is 1953
[ Tue Aug 15 2017 16:28:15 GMT+0800 (CST) ] {"err":0,"msg":"JTWdiHXkfEmxjZkbPHHEgHwFAhadxURX8N"}
[ Tue Aug 15 2017 16:28:15 GMT+0800 (CST) ] time is 1946
[ Tue Aug 15 2017 16:28:15 GMT+0800 (CST) ] {"err":0,"msg":"JbSeQYTpMFs6P2PdcSKEHBLTyqCFPbqWe4"}
[ Tue Aug 15 2017 16:28:15 GMT+0800 (CST) ] time is 1956
[ Tue Aug 15 2017 16:28:15 GMT+0800 (CST) ] {"err":0,"msg":"JQ24r9Uav2agb1H5qPq5NVcbBo3TUYyf4B"}
[ Tue Aug 15 2017 16:28:15 GMT+0800 (CST) ] time is 1950
[ Tue Aug 15 2017 16:28:15 GMT+0800 (CST) ] {"err":0,"msg":"JKhUBZYvhnXvABZ3JgkBL2kWCifPtvPKN6"}
[ Tue Aug 15 2017 16:28:15 GMT+0800 (CST) ] time is 1954
[ Tue Aug 15 2017 16:28:15 GMT+0800 (CST) ] {"err":0,"msg":"JT2EPFyEBQzauPGLEfZwW4Zchzeo5Vzsfv"}
[ Tue Aug 15 2017 16:28:15 GMT+0800 (CST) ] time is 1947
[ Tue Aug 15 2017 16:28:15 GMT+0800 (CST) ] {"err":0,"msg":"JXFFB21d92bC4E5GYXuVFrpqsBwxcbpd5r"}
[ Tue Aug 15 2017 16:28:15 GMT+0800 (CST) ] time is 1957
[ Tue Aug 15 2017 16:28:15 GMT+0800 (CST) ] {"err":0,"msg":"JW8ZRphbkspMg9d87qbBqmJ7QxajNcjXRv"}
[ Tue Aug 15 2017 16:28:15 GMT+0800 (CST) ] time is 1951
[ Tue Aug 15 2017 16:28:15 GMT+0800 (CST) ] {"err":0,"msg":"JTdhPcV8srdKRQhax8dS1o1fbx7xSq7XcE"}
[ Tue Aug 15 2017 16:28:15 GMT+0800 (CST) ] time is 1955
[ Tue Aug 15 2017 16:28:15 GMT+0800 (CST) ] {"err":0,"msg":"JRLBa5tZYGEUjPFgpQmwccXKQmgyiBsjxx"}
[ Tue Aug 15 2017 16:28:15 GMT+0800 (CST) ] time is 1948
[ Tue Aug 15 2017 16:28:15 GMT+0800 (CST) ] {"err":0,"msg":"JhaJ1VjkqrcDhmcbZ8nowND957K87TXbWN"}
[ Tue Aug 15 2017 16:28:15 GMT+0800 (CST) ] time is 1958
[ Tue Aug 15 2017 16:28:15 GMT+0800 (CST) ] {"err":0,"msg":"JasiX7HEHMcsDCFsXvDBzk822gVSK1DydD"}
[ Tue Aug 15 2017 16:28:15 GMT+0800 (CST) ] time is 1952
[ Tue Aug 15 2017 16:28:15 GMT+0800 (CST) ] {"err":0,"msg":"JY5FRrZXfJ1RzA5xjwNHLsbk24GqcFtXzK"}
[ Tue Aug 15 2017 16:28:15 GMT+0800 (CST) ] time is 1956
[ Tue Aug 15 2017 16:28:15 GMT+0800 (CST) ] {"err":0,"msg":"JTeF2zMGYunDWeZq4dGdB4g7btdsq7aJxv"}
[ Tue Aug 15 2017 16:28:15 GMT+0800 (CST) ] time is 1949
[ Tue Aug 15 2017 16:28:15 GMT+0800 (CST) ] {"err":0,"msg":"JZKFCSHZXyS3TdofL89JfRMEbPJiqwbQNs"}
[ Tue Aug 15 2017 16:28:15 GMT+0800 (CST) ] time is 1959
[ Tue Aug 15 2017 16:28:15 GMT+0800 (CST) ] {"err":0,"msg":"JK8XDUK8DtuRGt2o5nJtan26KGVhvx5HHn"}
[ Tue Aug 15 2017 16:28:15 GMT+0800 (CST) ] time is 1953
[ Tue Aug 15 2017 16:28:15 GMT+0800 (CST) ] {"err":0,"msg":"JRD1S5CSfE4FhH79G681hbT8dZcx65HarW"}
[ Tue Aug 15 2017 16:28:15 GMT+0800 (CST) ] time is 1957
[ Tue Aug 15 2017 16:28:15 GMT+0800 (CST) ] {"err":0,"msg":"JbJdpsxBu9XitSkHioaMPe8QSGA7X7cLE2"}
[ Tue Aug 15 2017 16:28:15 GMT+0800 (CST) ] {"err":0,"msg":"JQD7HeJPLfxBUnzpQCwWfef5Nq6q4nyDye"}
[ Tue Aug 15 2017 16:28:15 GMT+0800 (CST) ] time is 1950
[ Tue Aug 15 2017 16:28:15 GMT+0800 (CST) ] time is 1960
[ Tue Aug 15 2017 16:28:15 GMT+0800 (CST) ] {"err":0,"msg":"JYApdwY8o5a8urqbBi3x4iV13G8NXj2HRb"}
[ Tue Aug 15 2017 16:28:15 GMT+0800 (CST) ] time is 1954
[ Tue Aug 15 2017 16:28:15 GMT+0800 (CST) ] {"err":0,"msg":"JYZ2eJjFanP39pmodBQ4iroCNmuj9MmtbE"}
[ Tue Aug 15 2017 16:28:15 GMT+0800 (CST) ] time is 1958
[ Tue Aug 15 2017 16:28:15 GMT+0800 (CST) ] {"err":0,"msg":"JRnutP1F3Fw42q4bEz4jGRJRaNmYYPgvtY"}
[ Tue Aug 15 2017 16:28:15 GMT+0800 (CST) ] time is 1951
[ Tue Aug 15 2017 16:28:15 GMT+0800 (CST) ] {"err":0,"msg":"Jhonkjagvtr7Hiw5H4VcTwYU68S58mNSxn"}
[ Tue Aug 15 2017 16:28:15 GMT+0800 (CST) ] time is 1961
[ Tue Aug 15 2017 16:28:15 GMT+0800 (CST) ] {"err":0,"msg":"JP1VE4nsM9H5g66beNniJYHTsbGcqqrrze"}
[ Tue Aug 15 2017 16:28:15 GMT+0800 (CST) ] time is 1955
[ Tue Aug 15 2017 16:28:15 GMT+0800 (CST) ] {"err":0,"msg":"Jcxui27me1goGA2TQirSAfrJmGsmZSsSYc"}
[ Tue Aug 15 2017 16:28:15 GMT+0800 (CST) ] time is 1959
[ Tue Aug 15 2017 16:28:15 GMT+0800 (CST) ] {"err":0,"msg":"JLYrvx56158ghanhnRGbQdK3RpDxVFHcCo"}
[ Tue Aug 15 2017 16:28:15 GMT+0800 (CST) ] time is 1952
[ Tue Aug 15 2017 16:28:15 GMT+0800 (CST) ] {"err":0,"msg":"JVLXHePFVSjf95DvG2nnJ8viLeBijamcTp"}
[ Tue Aug 15 2017 16:28:15 GMT+0800 (CST) ] time is 1962
[ Tue Aug 15 2017 16:28:15 GMT+0800 (CST) ] {"err":0,"msg":"JZKtmp1kmL8TxQ62DZhGdkGBtkTfLynATD"}
[ Tue Aug 15 2017 16:28:15 GMT+0800 (CST) ] time is 1956
[ Tue Aug 15 2017 16:28:15 GMT+0800 (CST) ] {"err":0,"msg":"JNHcrZG6WavSd8kCWLDN9dJw8WUoJH3cgU"}
[ Tue Aug 15 2017 16:28:15 GMT+0800 (CST) ] time is 1960
[ Tue Aug 15 2017 16:28:15 GMT+0800 (CST) ] {"err":0,"msg":"JfSXp75Ho5DWMPX336piokQ1kqjG5uBZTp"}
[ Tue Aug 15 2017 16:28:16 GMT+0800 (CST) ] time is 1953
[ Tue Aug 15 2017 16:28:16 GMT+0800 (CST) ] {"err":0,"msg":"JfV8YWVFMuSwjtQYfkqCYnU5Se3W6yb2KC"}
[ Tue Aug 15 2017 16:28:16 GMT+0800 (CST) ] time is 1963
[ Tue Aug 15 2017 16:28:16 GMT+0800 (CST) ] {"err":0,"msg":"JUYtFcaN7nhEp7H2rdeQX4E2kE2bfmGiQJ"}
[ Tue Aug 15 2017 16:28:16 GMT+0800 (CST) ] time is 1957
[ Tue Aug 15 2017 16:28:16 GMT+0800 (CST) ] {"err":0,"msg":"JhVnUJoY2R4jUdwkRNhuUGHTxCaHopsb83"}
[ Tue Aug 15 2017 16:28:16 GMT+0800 (CST) ] time is 1961
[ Tue Aug 15 2017 16:28:16 GMT+0800 (CST) ] {"err":0,"msg":"JXsaGDyFsbobdvKWM7Cjgvi9r5TVushxLn"}
[ Tue Aug 15 2017 16:28:16 GMT+0800 (CST) ] time is 1954
[ Tue Aug 15 2017 16:28:16 GMT+0800 (CST) ] {"err":0,"msg":"JKTrBt1Af1zU6uWC7rb9TRPvxuL4J15goJ"}
[ Tue Aug 15 2017 16:28:16 GMT+0800 (CST) ] time is 1964
[ Tue Aug 15 2017 16:28:16 GMT+0800 (CST) ] {"err":0,"msg":"JcnYxqZyoxmEDJyABRNdYzvQSq44JikNih"}
[ Tue Aug 15 2017 16:28:16 GMT+0800 (CST) ] time is 1958
[ Tue Aug 15 2017 16:28:16 GMT+0800 (CST) ] {"err":0,"msg":"JKyAUZDeDBf1PeKui9ThQSByzyXkyTW3zr"}
[ Tue Aug 15 2017 16:28:16 GMT+0800 (CST) ] time is 1962
[ Tue Aug 15 2017 16:28:16 GMT+0800 (CST) ] {"err":0,"msg":"JWShGeurYDds1Q5rucL189uBvaxAqapY89"}
[ Tue Aug 15 2017 16:28:16 GMT+0800 (CST) ] time is 1955
[ Tue Aug 15 2017 16:28:16 GMT+0800 (CST) ] {"err":0,"msg":"JMGnHQ1Sz8X3bHY6d3u56s81kzdU7hvypm"}
[ Tue Aug 15 2017 16:28:16 GMT+0800 (CST) ] time is 1965
[ Tue Aug 15 2017 16:28:16 GMT+0800 (CST) ] {"err":0,"msg":"JPbRjDLF3xfjTtsPCe3RLt1T7cwgvVzP4v"}
[ Tue Aug 15 2017 16:28:16 GMT+0800 (CST) ] time is 1959
[ Tue Aug 15 2017 16:28:16 GMT+0800 (CST) ] {"err":0,"msg":"JR8Hmk1qMx8wF1DqPMCG1tfBSUbRaZh71s"}
[ Tue Aug 15 2017 16:28:16 GMT+0800 (CST) ] time is 1963
[ Tue Aug 15 2017 16:28:16 GMT+0800 (CST) ] {"err":0,"msg":"JL3NdWMAx2ssAfX18ZjFGG77x8ESNRWdoW"}
[ Tue Aug 15 2017 16:28:16 GMT+0800 (CST) ] time is 1956
[ Tue Aug 15 2017 16:28:16 GMT+0800 (CST) ] {"err":0,"msg":"JTwS8RmsrgNwzY5GgHPtX5EBGaEG7Zk84D"}
[ Tue Aug 15 2017 16:28:16 GMT+0800 (CST) ] time is 1966
[ Tue Aug 15 2017 16:28:16 GMT+0800 (CST) ] {"err":0,"msg":"JJz7PA7qKFdbZrZHek2fRqE6JhELdhejuS"}
[ Tue Aug 15 2017 16:28:16 GMT+0800 (CST) ] time is 1960
[ Tue Aug 15 2017 16:28:16 GMT+0800 (CST) ] {"err":0,"msg":"JSgVAHd8RNZr1mRWsXVgTG9AU8P9UUtwhs"}
[ Tue Aug 15 2017 16:28:16 GMT+0800 (CST) ] time is 1964
[ Tue Aug 15 2017 16:28:16 GMT+0800 (CST) ] {"err":0,"msg":"JaYSqyFFdKs3dj41nHgSeu8iVa5J8aynU5"}
[ Tue Aug 15 2017 16:28:16 GMT+0800 (CST) ] time is 1957
[ Tue Aug 15 2017 16:28:16 GMT+0800 (CST) ] {"err":0,"msg":"JMEBRVPRc3ehedEvZfZTZrdjSEdW22yCwe"}
[ Tue Aug 15 2017 16:28:16 GMT+0800 (CST) ] time is 1967
[ Tue Aug 15 2017 16:28:16 GMT+0800 (CST) ] {"err":0,"msg":"JKcaee48GD7eS4pPniCWDnBE61g2mXP9ey"}
[ Tue Aug 15 2017 16:28:16 GMT+0800 (CST) ] time is 1961
[ Tue Aug 15 2017 16:28:16 GMT+0800 (CST) ] {"err":0,"msg":"JVy6JyMEiTdax3TmUfAxP4x1eamSwBkjno"}
[ Tue Aug 15 2017 16:28:16 GMT+0800 (CST) ] time is 1965
[ Tue Aug 15 2017 16:28:16 GMT+0800 (CST) ] {"err":0,"msg":"JXZFgBMz6K7LDTSKvty3a8izpZQWNcebD8"}
[ Tue Aug 15 2017 16:28:16 GMT+0800 (CST) ] time is 1958
[ Tue Aug 15 2017 16:28:16 GMT+0800 (CST) ] {"err":0,"msg":"JXxyRMaMo9YAFAVctx8F6CpBaN8w54bwUu"}
[ Tue Aug 15 2017 16:28:16 GMT+0800 (CST) ] time is 1968
[ Tue Aug 15 2017 16:28:16 GMT+0800 (CST) ] {"err":0,"msg":"JdbQgEgLbVecfMx6XLWeenrKUjpiWHLmbw"}
[ Tue Aug 15 2017 16:28:16 GMT+0800 (CST) ] time is 1962
[ Tue Aug 15 2017 16:28:16 GMT+0800 (CST) ] {"err":0,"msg":"JLmYLC4x7pvh21xnU75wyn584LEHEk1HbR"}
[ Tue Aug 15 2017 16:28:16 GMT+0800 (CST) ] time is 1966
[ Tue Aug 15 2017 16:28:16 GMT+0800 (CST) ] {"err":0,"msg":"JSc9BUBMeZQtCn7BnTPHUrnQ5q6gxccfFS"}
[ Tue Aug 15 2017 16:28:16 GMT+0800 (CST) ] time is 1959
[ Tue Aug 15 2017 16:28:16 GMT+0800 (CST) ] {"err":0,"msg":"JTrapEWoupxR7eXGv67ECY62XcdzQ7g8RM"}
[ Tue Aug 15 2017 16:28:16 GMT+0800 (CST) ] time is 1969
[ Tue Aug 15 2017 16:28:16 GMT+0800 (CST) ] {"err":0,"msg":"JMrTvEqcTRCSPrN2XebhrtJsKnPrRCDhyB"}
[ Tue Aug 15 2017 16:28:16 GMT+0800 (CST) ] time is 1963
[ Tue Aug 15 2017 16:28:16 GMT+0800 (CST) ] {"err":0,"msg":"JgsUWQJxWNRwr9HPmhV5UacmW1kDv2xQ9m"}
[ Tue Aug 15 2017 16:28:16 GMT+0800 (CST) ] time is 1967
[ Tue Aug 15 2017 16:28:16 GMT+0800 (CST) ] {"err":0,"msg":"JbUNK52AhgqeF2G939UZDcjtSK8kwxJEZS"}
[ Tue Aug 15 2017 16:28:16 GMT+0800 (CST) ] time is 1960
[ Tue Aug 15 2017 16:28:16 GMT+0800 (CST) ] {"err":0,"msg":"JYzj9TnRLLADdFtV7DKwRNgyHgcypnMD3b"}
[ Tue Aug 15 2017 16:28:16 GMT+0800 (CST) ] time is 1970
[ Tue Aug 15 2017 16:28:16 GMT+0800 (CST) ] {"err":0,"msg":"JX6uTPtsTgdckVkpfsczpWqn93vnr88k8P"}
[ Tue Aug 15 2017 16:28:16 GMT+0800 (CST) ] time is 1964
[ Tue Aug 15 2017 16:28:16 GMT+0800 (CST) ] {"err":0,"msg":"JJs78EwBWaL2yRF82h9dpagepcVNpeg6kV"}
[ Tue Aug 15 2017 16:28:16 GMT+0800 (CST) ] time is 1968
[ Tue Aug 15 2017 16:28:16 GMT+0800 (CST) ] {"err":0,"msg":"JWhQWLFHhUGwMCHx8HwikjWXSXGffEeNr2"}
[ Tue Aug 15 2017 16:28:16 GMT+0800 (CST) ] time is 1961
[ Tue Aug 15 2017 16:28:16 GMT+0800 (CST) ] {"err":0,"msg":"JUXotZj3pjqh2Bp4mLQK1HDB2sfPMro2Zt"}
[ Tue Aug 15 2017 16:28:16 GMT+0800 (CST) ] time is 1971
[ Tue Aug 15 2017 16:28:16 GMT+0800 (CST) ] {"err":0,"msg":"JV4f3fh7xqrD3NPm1ecPkyuZ5FTBknLQHb"}
[ Tue Aug 15 2017 16:28:16 GMT+0800 (CST) ] time is 1965
[ Tue Aug 15 2017 16:28:16 GMT+0800 (CST) ] {"err":0,"msg":"JSS44rE156PPTaUWHS6bYCX9mEgQvGTgiy"}
[ Tue Aug 15 2017 16:28:16 GMT+0800 (CST) ] time is 1969
[ Tue Aug 15 2017 16:28:16 GMT+0800 (CST) ] {"err":0,"msg":"JarHudwMEC1dir3BojRkkjd84qd2nNqK7C"}
[ Tue Aug 15 2017 16:28:16 GMT+0800 (CST) ] time is 1962
[ Tue Aug 15 2017 16:28:16 GMT+0800 (CST) ] {"err":0,"msg":"JeHtJHtnQzsWtbXCdQow86rKutT8GJ3M67"}
[ Tue Aug 15 2017 16:28:16 GMT+0800 (CST) ] time is 1972
[ Tue Aug 15 2017 16:28:16 GMT+0800 (CST) ] {"err":0,"msg":"JQVNLDqrdVjtxF6aB26ySxDHbj9DVUPHvG"}
[ Tue Aug 15 2017 16:28:16 GMT+0800 (CST) ] time is 1966
[ Tue Aug 15 2017 16:28:16 GMT+0800 (CST) ] {"err":0,"msg":"JRXtEJNPd4hiz5nqwjC7QTa3poq2Exp3nu"}
[ Tue Aug 15 2017 16:28:16 GMT+0800 (CST) ] time is 1970
[ Tue Aug 15 2017 16:28:16 GMT+0800 (CST) ] {"err":0,"msg":"JX5c3k2E3JPkhN3pZuiHdFDAGqfvwnufUi"}
[ Tue Aug 15 2017 16:28:16 GMT+0800 (CST) ] time is 1963
[ Tue Aug 15 2017 16:28:16 GMT+0800 (CST) ] {"err":0,"msg":"JLUEpEYUZHWS5MK9DqFCuR1jQzG8K6my2o"}
[ Tue Aug 15 2017 16:28:16 GMT+0800 (CST) ] time is 1973
[ Tue Aug 15 2017 16:28:16 GMT+0800 (CST) ] {"err":0,"msg":"JSrudvGx6Z8RVRTb1XEB5x7jS85T8hJUZq"}
[ Tue Aug 15 2017 16:28:16 GMT+0800 (CST) ] time is 1967
[ Tue Aug 15 2017 16:28:16 GMT+0800 (CST) ] {"err":0,"msg":"JP4Rhoy4jRfDu6ASjkt4hYbyr9Jy9m74K6"}
[ Tue Aug 15 2017 16:28:16 GMT+0800 (CST) ] time is 1971
[ Tue Aug 15 2017 16:28:16 GMT+0800 (CST) ] {"err":0,"msg":"JZpcaUeV2iBNndzyS9qxoBbwgF7GAfMZ2s"}
[ Tue Aug 15 2017 16:28:16 GMT+0800 (CST) ] time is 1964
[ Tue Aug 15 2017 16:28:16 GMT+0800 (CST) ] {"err":0,"msg":"JJgbM8RbH8q2QE5HJNB4uVwkLuiXr4t1uj"}
[ Tue Aug 15 2017 16:28:16 GMT+0800 (CST) ] time is 1974
[ Tue Aug 15 2017 16:28:16 GMT+0800 (CST) ] {"err":0,"msg":"JK4STaEgFRSqn9MmYPVCfTXvwC1BPjaMug"}
[ Tue Aug 15 2017 16:28:16 GMT+0800 (CST) ] time is 1968
[ Tue Aug 15 2017 16:28:16 GMT+0800 (CST) ] {"err":0,"msg":"JVxMHMHUMMubT3uWSkgNRKhdAQyKqrtzXg"}
[ Tue Aug 15 2017 16:28:16 GMT+0800 (CST) ] time is 1972
[ Tue Aug 15 2017 16:28:16 GMT+0800 (CST) ] {"err":0,"msg":"Jf4kgo6X89BSRCHf22u9XGamg7jUNjHv6o"}
[ Tue Aug 15 2017 16:28:16 GMT+0800 (CST) ] time is 1965
[ Tue Aug 15 2017 16:28:16 GMT+0800 (CST) ] {"err":0,"msg":"JeKVXKc9uXFyXJv1TxMjsTJyjJRXNfnauN"}
[ Tue Aug 15 2017 16:28:16 GMT+0800 (CST) ] time is 1975
[ Tue Aug 15 2017 16:28:16 GMT+0800 (CST) ] {"err":0,"msg":"JScj43s5Vu9F4g3XqRE1UpVjczYHn53t7U"}
[ Tue Aug 15 2017 16:28:16 GMT+0800 (CST) ] time is 1969
[ Tue Aug 15 2017 16:28:16 GMT+0800 (CST) ] {"err":0,"msg":"JSokbdHakTR5iQNEWZfae2WGbL3nQ8G94G"}
[ Tue Aug 15 2017 16:28:16 GMT+0800 (CST) ] {"err":0,"msg":"JeKYQzvJLDmo9dA2dXZCzMo75kseetWLs1"}
[ Tue Aug 15 2017 16:28:16 GMT+0800 (CST) ] time is 1973
[ Tue Aug 15 2017 16:28:16 GMT+0800 (CST) ] time is 1966
[ Tue Aug 15 2017 16:28:16 GMT+0800 (CST) ] {"err":0,"msg":"JTk17kYYBfwcT2yfcgD3CVhtiHicHcG62B"}
[ Tue Aug 15 2017 16:28:16 GMT+0800 (CST) ] time is 1976
[ Tue Aug 15 2017 16:28:16 GMT+0800 (CST) ] {"err":0,"msg":"JdKgrgfDZRBs1ia9jvSHTkxmWTYPcpAe7q"}
[ Tue Aug 15 2017 16:28:16 GMT+0800 (CST) ] time is 1970
[ Tue Aug 15 2017 16:28:16 GMT+0800 (CST) ] {"err":0,"msg":"JdKXSeGVKhwLModiXxvHmCvDd8pgeYAg92"}
[ Tue Aug 15 2017 16:28:16 GMT+0800 (CST) ] time is 1974
[ Tue Aug 15 2017 16:28:16 GMT+0800 (CST) ] {"err":0,"msg":"JSEpm9kbLDzJkXuc4hHSAMofk7tRVesCa4"}
[ Tue Aug 15 2017 16:28:16 GMT+0800 (CST) ] time is 1967
[ Tue Aug 15 2017 16:28:16 GMT+0800 (CST) ] {"err":0,"msg":"JZeetrvGTXZRcfAxRiixvDpXyCvGxs8gSt"}
[ Tue Aug 15 2017 16:28:16 GMT+0800 (CST) ] time is 1977
[ Tue Aug 15 2017 16:28:16 GMT+0800 (CST) ] {"err":0,"msg":"JKnk3q3qCyBHQ64hSxdAasz3QSQbnF2pWT"}
[ Tue Aug 15 2017 16:28:16 GMT+0800 (CST) ] time is 1971
[ Tue Aug 15 2017 16:28:16 GMT+0800 (CST) ] {"err":0,"msg":"JULfmXRxGDdhwXWEgKR7b6yeg91DwJ56zB"}
[ Tue Aug 15 2017 16:28:16 GMT+0800 (CST) ] time is 1975
[ Tue Aug 15 2017 16:28:16 GMT+0800 (CST) ] {"err":0,"msg":"JYUcBQaDDM8FtwbmCepCivu6kvP3d645Zp"}
[ Tue Aug 15 2017 16:28:16 GMT+0800 (CST) ] time is 1968
[ Tue Aug 15 2017 16:28:16 GMT+0800 (CST) ] {"err":0,"msg":"JUgBKzH5dpJCeDwZpMa1vHWFed3q2EL7ZP"}
[ Tue Aug 15 2017 16:28:16 GMT+0800 (CST) ] time is 1978
[ Tue Aug 15 2017 16:28:16 GMT+0800 (CST) ] {"err":0,"msg":"JYdZAVrdYAvugFsjVYFTdREZ3sTYPpcPk7"}
[ Tue Aug 15 2017 16:28:16 GMT+0800 (CST) ] time is 1972
[ Tue Aug 15 2017 16:28:16 GMT+0800 (CST) ] {"err":0,"msg":"JVr4U1au3otVCCcQWYDaSo9fcaPdVB7GTx"}
[ Tue Aug 15 2017 16:28:16 GMT+0800 (CST) ] time is 1976
[ Tue Aug 15 2017 16:28:16 GMT+0800 (CST) ] {"err":0,"msg":"JbDUKN1wTLBPrUrsa5YZxpgWBDC9tHCUkC"}
[ Tue Aug 15 2017 16:28:16 GMT+0800 (CST) ] time is 1969
[ Tue Aug 15 2017 16:28:16 GMT+0800 (CST) ] {"err":0,"msg":"JLM4LXcVFsZKFXMPBpsY7RXv8EU8vWtP7g"}
[ Tue Aug 15 2017 16:28:16 GMT+0800 (CST) ] time is 1979
[ Tue Aug 15 2017 16:28:16 GMT+0800 (CST) ] {"err":0,"msg":"JLL9KjBfwozWmfbL1G2XFgu9YVdKWzyao7"}
[ Tue Aug 15 2017 16:28:16 GMT+0800 (CST) ] time is 1977
[ Tue Aug 15 2017 16:28:16 GMT+0800 (CST) ] {"err":0,"msg":"JW7BRQx6S1UWE647ye8EjNaRLSAcAxKnMV"}
[ Tue Aug 15 2017 16:28:16 GMT+0800 (CST) ] time is 1973
[ Tue Aug 15 2017 16:28:16 GMT+0800 (CST) ] {"err":0,"msg":"JcNU2tS9qbrytm5D8fJC1TzGXoTajmweJJ"}
[ Tue Aug 15 2017 16:28:16 GMT+0800 (CST) ] time is 1970
[ Tue Aug 15 2017 16:28:16 GMT+0800 (CST) ] {"err":0,"msg":"JgzTutC5WxJpckXANDCPJjyk9mvnx8gg9u"}
[ Tue Aug 15 2017 16:28:16 GMT+0800 (CST) ] time is 1980
[ Tue Aug 15 2017 16:28:16 GMT+0800 (CST) ] {"err":0,"msg":"JR6LQ8YXixciyXcTtDQJMa12L6CsoDY532"}
[ Tue Aug 15 2017 16:28:16 GMT+0800 (CST) ] time is 1974
[ Tue Aug 15 2017 16:28:16 GMT+0800 (CST) ] {"err":0,"msg":"JZi4mz9WVojTsP9LHFGaHVKqrPr5kLUM2B"}
[ Tue Aug 15 2017 16:28:16 GMT+0800 (CST) ] time is 1978
[ Tue Aug 15 2017 16:28:16 GMT+0800 (CST) ] {"err":0,"msg":"JfRwt3ZR32BZv16Z7GyXxVS2jqD46DwFiB"}
[ Tue Aug 15 2017 16:28:17 GMT+0800 (CST) ] time is 1971
[ Tue Aug 15 2017 16:28:17 GMT+0800 (CST) ] {"err":0,"msg":"Jb8eRAKB7RTXdxAWQNMTn3xASQ2zGGwr1x"}
[ Tue Aug 15 2017 16:28:17 GMT+0800 (CST) ] time is 1981
[ Tue Aug 15 2017 16:28:17 GMT+0800 (CST) ] {"err":0,"msg":"JQt6tP8iSRBUruYrxpamZAuASC2pxKdofB"}
[ Tue Aug 15 2017 16:28:17 GMT+0800 (CST) ] time is 1975
[ Tue Aug 15 2017 16:28:17 GMT+0800 (CST) ] {"err":0,"msg":"JdGpre3jVYntwkzEUcMxCaA12ipdYvse44"}
[ Tue Aug 15 2017 16:28:17 GMT+0800 (CST) ] time is 1979
[ Tue Aug 15 2017 16:28:17 GMT+0800 (CST) ] {"err":0,"msg":"Jfp1BM4WXDK3QYsAiUs3ozCmrSN4vxg2Em"}
[ Tue Aug 15 2017 16:28:17 GMT+0800 (CST) ] time is 1972
[ Tue Aug 15 2017 16:28:17 GMT+0800 (CST) ] {"err":0,"msg":"JLs9np523ZRE962XrQZzoPmWZTomEzign6"}
[ Tue Aug 15 2017 16:28:17 GMT+0800 (CST) ] time is 1982
[ Tue Aug 15 2017 16:28:17 GMT+0800 (CST) ] {"err":0,"msg":"JX653rYuN2otqAMBbdQ8toc2Neb9taWPPY"}
[ Tue Aug 15 2017 16:28:17 GMT+0800 (CST) ] time is 1976
[ Tue Aug 15 2017 16:28:17 GMT+0800 (CST) ] {"err":0,"msg":"JQVAfzxXmtPunh5uJUDkYqzAw6GtTGfPdN"}
[ Tue Aug 15 2017 16:28:17 GMT+0800 (CST) ] time is 1973
[ Tue Aug 15 2017 16:28:17 GMT+0800 (CST) ] {"err":0,"msg":"JPVYwePh5MSYF8kWkrPBkkRjwAFnP348vw"}
[ Tue Aug 15 2017 16:28:17 GMT+0800 (CST) ] time is 1980
[ Tue Aug 15 2017 16:28:17 GMT+0800 (CST) ] {"err":0,"msg":"JLFy3dGjHTiRyQaYRerE4fFoWXfp7XjieB"}
[ Tue Aug 15 2017 16:28:17 GMT+0800 (CST) ] time is 1983
[ Tue Aug 15 2017 16:28:17 GMT+0800 (CST) ] {"err":0,"msg":"JefYkjhuYVxbs2GzFp9chnomDeoB8GykEL"}
[ Tue Aug 15 2017 16:28:17 GMT+0800 (CST) ] {"err":0,"msg":"JWkP9EC8ZN5j4bwnYWb6j8p3YykVWVET4b"}
[ Tue Aug 15 2017 16:28:17 GMT+0800 (CST) ] time is 1977
[ Tue Aug 15 2017 16:28:17 GMT+0800 (CST) ] time is 1974
[ Tue Aug 15 2017 16:28:17 GMT+0800 (CST) ] {"err":0,"msg":"JNjdHBG2XtuxG8anbW9Xj3svZH8rbtK8f5"}
[ Tue Aug 15 2017 16:28:17 GMT+0800 (CST) ] time is 1981
[ Tue Aug 15 2017 16:28:17 GMT+0800 (CST) ] {"err":0,"msg":"JLvyxcPHRYao8wGV9g9MyWvAiuwjL62axD"}
[ Tue Aug 15 2017 16:28:17 GMT+0800 (CST) ] time is 1984
[ Tue Aug 15 2017 16:28:17 GMT+0800 (CST) ] {"err":0,"msg":"JenGLJ7aHYQ7NNpbe9ss3pyzT6BR2YxXYs"}
[ Tue Aug 15 2017 16:28:17 GMT+0800 (CST) ] time is 1975
[ Tue Aug 15 2017 16:28:17 GMT+0800 (CST) ] {"err":0,"msg":"JQ3HrczfAXCtDxXQZnqjiAzvir5CVM2gXZ"}
[ Tue Aug 15 2017 16:28:17 GMT+0800 (CST) ] time is 1978
[ Tue Aug 15 2017 16:28:17 GMT+0800 (CST) ] {"err":0,"msg":"JdhYTBFaxrwhy9T9e9MPgUnQPe7x2cU7EF"}
[ Tue Aug 15 2017 16:28:17 GMT+0800 (CST) ] time is 1982
[ Tue Aug 15 2017 16:28:17 GMT+0800 (CST) ] {"err":0,"msg":"JbH15U6fddnutDnYZcBtgakgREVycbHUY5"}
[ Tue Aug 15 2017 16:28:17 GMT+0800 (CST) ] time is 1985
[ Tue Aug 15 2017 16:28:17 GMT+0800 (CST) ] {"err":0,"msg":"JcFRxkGDGju27iW2NHHBWgud71FSJgFHYv"}
[ Tue Aug 15 2017 16:28:17 GMT+0800 (CST) ] time is 1976
[ Tue Aug 15 2017 16:28:17 GMT+0800 (CST) ] {"err":0,"msg":"JapJJVMtGBMqN3P1HFfZwVT7ZiyS5kQogT"}
[ Tue Aug 15 2017 16:28:17 GMT+0800 (CST) ] time is 1979
[ Tue Aug 15 2017 16:28:17 GMT+0800 (CST) ] {"err":0,"msg":"JKXYfpQygkdLCgAoaQnt22AbMxeguJJiYA"}
[ Tue Aug 15 2017 16:28:17 GMT+0800 (CST) ] time is 1983
[ Tue Aug 15 2017 16:28:17 GMT+0800 (CST) ] {"err":0,"msg":"JabEAXRHHPj2zAEhGWJ1qoQRXbW1SUhyjz"}
[ Tue Aug 15 2017 16:28:17 GMT+0800 (CST) ] {"err":0,"msg":"JaiBzp8HHy6qvNhdyJpKZU2yyQvMnDZoFT"}
[ Tue Aug 15 2017 16:28:17 GMT+0800 (CST) ] time is 1986
[ Tue Aug 15 2017 16:28:17 GMT+0800 (CST) ] time is 1977
[ Tue Aug 15 2017 16:28:17 GMT+0800 (CST) ] {"err":0,"msg":"JSmv6HrJvuD8EKd8GzBatGDjd6iSqM4x5i"}
[ Tue Aug 15 2017 16:28:17 GMT+0800 (CST) ] time is 1980
[ Tue Aug 15 2017 16:28:17 GMT+0800 (CST) ] {"err":0,"msg":"JewhmgPqsNfKYD31UNEtwj5DFbbVi6oVxA"}
[ Tue Aug 15 2017 16:28:17 GMT+0800 (CST) ] time is 1984
[ Tue Aug 15 2017 16:28:17 GMT+0800 (CST) ] {"err":0,"msg":"JUY7ArSZXnSwS1FWZHdZKFand5SMhESrZM"}
[ Tue Aug 15 2017 16:28:17 GMT+0800 (CST) ] time is 1987
[ Tue Aug 15 2017 16:28:17 GMT+0800 (CST) ] {"err":0,"msg":"JfXaLxDTYKmCU483fTtzTQAYVSCZA6hsjv"}
[ Tue Aug 15 2017 16:28:17 GMT+0800 (CST) ] time is 1978
[ Tue Aug 15 2017 16:28:17 GMT+0800 (CST) ] {"err":0,"msg":"JgG4ZKEaxWoXHRx26dMf7MiofEPok3vtPa"}
[ Tue Aug 15 2017 16:28:17 GMT+0800 (CST) ] time is 1981
[ Tue Aug 15 2017 16:28:17 GMT+0800 (CST) ] {"err":0,"msg":"JPvAF54qmu7WgXwSdbpaZKE27xqFirNemP"}
[ Tue Aug 15 2017 16:28:17 GMT+0800 (CST) ] time is 1985
[ Tue Aug 15 2017 16:28:17 GMT+0800 (CST) ] {"err":0,"msg":"Jf4HBYqbyPytFYfvzXpuymg2Pc9ppiwiKc"}
[ Tue Aug 15 2017 16:28:17 GMT+0800 (CST) ] time is 1988
[ Tue Aug 15 2017 16:28:17 GMT+0800 (CST) ] {"err":0,"msg":"JN3dxk6oddmLizgvPAx5W4nwStkD2tHeao"}
[ Tue Aug 15 2017 16:28:17 GMT+0800 (CST) ] time is 1979
[ Tue Aug 15 2017 16:28:17 GMT+0800 (CST) ] {"err":0,"msg":"JZts7DsezRpimj5t5XTytoiuocQbmuUX6c"}
[ Tue Aug 15 2017 16:28:17 GMT+0800 (CST) ] time is 1982
[ Tue Aug 15 2017 16:28:17 GMT+0800 (CST) ] {"err":0,"msg":"JRur1ke5nnCdq228yxSifsiYmdEEaNNoZK"}
[ Tue Aug 15 2017 16:28:17 GMT+0800 (CST) ] {"err":0,"msg":"JU1QUQphjJfLET5qXvE4WjXyTRh771bJDm"}
[ Tue Aug 15 2017 16:28:17 GMT+0800 (CST) ] time is 1980
[ Tue Aug 15 2017 16:28:17 GMT+0800 (CST) ] time is 1986
[ Tue Aug 15 2017 16:28:17 GMT+0800 (CST) ] {"err":0,"msg":"JZwu7buV5Fwd5cnwU166PmrD5EXuqL2eZP"}
[ Tue Aug 15 2017 16:28:17 GMT+0800 (CST) ] time is 1989
[ Tue Aug 15 2017 16:28:17 GMT+0800 (CST) ] {"err":0,"msg":"JYTmzS4Q3VeSYXuo5xqnJiAFnjEjg62C8h"}
[ Tue Aug 15 2017 16:28:17 GMT+0800 (CST) ] time is 1983
[ Tue Aug 15 2017 16:28:17 GMT+0800 (CST) ] {"err":0,"msg":"Ja7NgkzGRKMv66HhP9oUufunhXe2MMsNvQ"}
[ Tue Aug 15 2017 16:28:17 GMT+0800 (CST) ] time is 1981
[ Tue Aug 15 2017 16:28:17 GMT+0800 (CST) ] {"err":0,"msg":"JM2U7SHiCpbiR5RJBMCesG7e9hyMzLUu2p"}
[ Tue Aug 15 2017 16:28:17 GMT+0800 (CST) ] time is 1987
[ Tue Aug 15 2017 16:28:17 GMT+0800 (CST) ] {"err":0,"msg":"Ja63hXJvuJevvw8qNVqtz1JLjBVfGe3R1x"}
[ Tue Aug 15 2017 16:28:17 GMT+0800 (CST) ] time is 1990
[ Tue Aug 15 2017 16:28:17 GMT+0800 (CST) ] {"err":0,"msg":"JVp6UYZ55CqYbxD5iZJ77HWd3utyDkSs53"}
[ Tue Aug 15 2017 16:28:17 GMT+0800 (CST) ] time is 1984
[ Tue Aug 15 2017 16:28:17 GMT+0800 (CST) ] {"err":0,"msg":"JKAyC2M3gFtwqSFKThoMVRSzBYXJCWq3Sm"}
[ Tue Aug 15 2017 16:28:17 GMT+0800 (CST) ] time is 1982
[ Tue Aug 15 2017 16:28:17 GMT+0800 (CST) ] {"err":0,"msg":"JWHU2CqkVPXAVEiTAa557oRa733Zwit18U"}
[ Tue Aug 15 2017 16:28:17 GMT+0800 (CST) ] time is 1988
[ Tue Aug 15 2017 16:28:17 GMT+0800 (CST) ] {"err":0,"msg":"JdQGtjeKuUuXXmiSX1nNY8TzmThRp1DLtB"}
[ Tue Aug 15 2017 16:28:17 GMT+0800 (CST) ] time is 1991
[ Tue Aug 15 2017 16:28:17 GMT+0800 (CST) ] {"err":0,"msg":"JVFphi8D7qNuZTvWXzknwiQG3fvKisU15i"}
[ Tue Aug 15 2017 16:28:17 GMT+0800 (CST) ] time is 1985
[ Tue Aug 15 2017 16:28:17 GMT+0800 (CST) ] {"err":0,"msg":"JVB4xNsZY6xjsTeuP3VQnE2tG8j9ZyoL8m"}
[ Tue Aug 15 2017 16:28:17 GMT+0800 (CST) ] time is 1989
[ Tue Aug 15 2017 16:28:17 GMT+0800 (CST) ] {"err":0,"msg":"JbvToTCxEZWNc7gaVBeDxGBMsPGezbRjib"}
[ Tue Aug 15 2017 16:28:17 GMT+0800 (CST) ] time is 1983
[ Tue Aug 15 2017 16:28:17 GMT+0800 (CST) ] {"err":0,"msg":"JKL926XgxLdxQ2hcgBrHmhFdj7dB9muiHP"}
[ Tue Aug 15 2017 16:28:17 GMT+0800 (CST) ] time is 1992
[ Tue Aug 15 2017 16:28:17 GMT+0800 (CST) ] {"err":0,"msg":"JaTkM5oXSUmYHLgrAtjDvQce8VpnxqmYnx"}
[ Tue Aug 15 2017 16:28:17 GMT+0800 (CST) ] time is 1986
[ Tue Aug 15 2017 16:28:17 GMT+0800 (CST) ] {"err":0,"msg":"JZEdqu9zt68ZhXxprW12e5Z8ZNUcDCdMkm"}
[ Tue Aug 15 2017 16:28:17 GMT+0800 (CST) ] time is 1990
[ Tue Aug 15 2017 16:28:17 GMT+0800 (CST) ] {"err":0,"msg":"JLhtUYWWxKVBZTpDDgiu2wn6akpcuwKin4"}
[ Tue Aug 15 2017 16:28:17 GMT+0800 (CST) ] time is 1984
[ Tue Aug 15 2017 16:28:17 GMT+0800 (CST) ] {"err":0,"msg":"JTkpPu2ULiMwS1zBNakbR3VUvo3Y5VqXXN"}
[ Tue Aug 15 2017 16:28:17 GMT+0800 (CST) ] time is 1993
[ Tue Aug 15 2017 16:28:17 GMT+0800 (CST) ] {"err":0,"msg":"JVDLCMduPauK7bu5mSya1j7NyxbQdv5YHD"}
[ Tue Aug 15 2017 16:28:17 GMT+0800 (CST) ] time is 1987
[ Tue Aug 15 2017 16:28:17 GMT+0800 (CST) ] {"err":0,"msg":"JYc1dUZ34KqDBAAAMQyKRy9aKvnL6H8Koc"}
[ Tue Aug 15 2017 16:28:17 GMT+0800 (CST) ] time is 1991
[ Tue Aug 15 2017 16:28:17 GMT+0800 (CST) ] {"err":0,"msg":"JLDj3PX4YKkCti6fxHiZRrNS9RserFAhwG"}
[ Tue Aug 15 2017 16:28:17 GMT+0800 (CST) ] time is 1994
[ Tue Aug 15 2017 16:28:17 GMT+0800 (CST) ] {"err":0,"msg":"JKDfZWoUgEHJKDQHJj5XHQScML3fTBRZ8G"}
[ Tue Aug 15 2017 16:28:17 GMT+0800 (CST) ] time is 1985
[ Tue Aug 15 2017 16:28:17 GMT+0800 (CST) ] {"err":0,"msg":"JSPtfAnFksrChK4mApWyTQRp7dWbqLVtSu"}
[ Tue Aug 15 2017 16:28:17 GMT+0800 (CST) ] time is 1988
[ Tue Aug 15 2017 16:28:17 GMT+0800 (CST) ] {"err":0,"msg":"JPQEYNbZijeiuuk4eun34WkKuupWRWqqu1"}
[ Tue Aug 15 2017 16:28:17 GMT+0800 (CST) ] time is 1992
[ Tue Aug 15 2017 16:28:17 GMT+0800 (CST) ] {"err":0,"msg":"JJexqYktPZutaVp8rJXBUVgDGgL73rTSjG"}
[ Tue Aug 15 2017 16:28:17 GMT+0800 (CST) ] time is 1995
[ Tue Aug 15 2017 16:28:17 GMT+0800 (CST) ] {"err":0,"msg":"JYyMo9WqXRABfRYzwGm15aLrMhGP32Sqk4"}
[ Tue Aug 15 2017 16:28:17 GMT+0800 (CST) ] time is 1986
[ Tue Aug 15 2017 16:28:17 GMT+0800 (CST) ] {"err":0,"msg":"JMfCSnVyAfBFNbFZksSzreR7GNEoKuqDdS"}
[ Tue Aug 15 2017 16:28:18 GMT+0800 (CST) ] time is 1989
[ Tue Aug 15 2017 16:28:18 GMT+0800 (CST) ] {"err":0,"msg":"JVaam2phApUbH4JaGy2siPtEMp213mifzT"}
[ Tue Aug 15 2017 16:28:18 GMT+0800 (CST) ] time is 1993
[ Tue Aug 15 2017 16:28:18 GMT+0800 (CST) ] {"err":0,"msg":"JdVfnGmXZKbdJkN1XQU5FKZ62ANa263p8T"}
[ Tue Aug 15 2017 16:28:18 GMT+0800 (CST) ] time is 1990
[ Tue Aug 15 2017 16:28:18 GMT+0800 (CST) ] {"err":0,"msg":"JTwGYHM8PzZeC2e6fbUKxcGw2Buvc1yk8C"}
[ Tue Aug 15 2017 16:28:18 GMT+0800 (CST) ] time is 1996
[ Tue Aug 15 2017 16:28:18 GMT+0800 (CST) ] {"err":0,"msg":"JaK8DwgJLBfFfUZGDMiuxTegHu9eDLcYPq"}
[ Tue Aug 15 2017 16:28:18 GMT+0800 (CST) ] time is 1987
[ Tue Aug 15 2017 16:28:18 GMT+0800 (CST) ] {"err":0,"msg":"JRxYommqggVxtgdNRcgMKpdY51cg1YsPmP"}
[ Tue Aug 15 2017 16:28:18 GMT+0800 (CST) ] time is 1994
[ Tue Aug 15 2017 16:28:18 GMT+0800 (CST) ] {"err":0,"msg":"JNDLkXfC8JiyT29G8NRaHhsZ4V1KKuSecf"}
[ Tue Aug 15 2017 16:28:18 GMT+0800 (CST) ] time is 1991
[ Tue Aug 15 2017 16:28:18 GMT+0800 (CST) ] {"err":0,"msg":"JhJojFMLwCPpJr17fnnxEm5E4HtLq2iSn7"}
[ Tue Aug 15 2017 16:28:18 GMT+0800 (CST) ] time is 1997
[ Tue Aug 15 2017 16:28:18 GMT+0800 (CST) ] {"err":0,"msg":"JSchmDU3nWBsrSMxmBqvE97M8EVkxiNGhZ"}
[ Tue Aug 15 2017 16:28:18 GMT+0800 (CST) ] time is 1988
[ Tue Aug 15 2017 16:28:18 GMT+0800 (CST) ] {"err":0,"msg":"JQkdjUGaJ6AHgJNqWfd4LTkVH4bxM4HzLk"}
[ Tue Aug 15 2017 16:28:18 GMT+0800 (CST) ] time is 1995
[ Tue Aug 15 2017 16:28:18 GMT+0800 (CST) ] {"err":0,"msg":"JSXXSUyrG7ndwWnrrBGEDvqG5V7MwNT3fF"}
[ Tue Aug 15 2017 16:28:18 GMT+0800 (CST) ] time is 1992
[ Tue Aug 15 2017 16:28:18 GMT+0800 (CST) ] {"err":0,"msg":"JY8GMZRkshWDidgAzAKVksgcYWcqhFMwNj"}
[ Tue Aug 15 2017 16:28:18 GMT+0800 (CST) ] time is 1998
[ Tue Aug 15 2017 16:28:18 GMT+0800 (CST) ] {"err":0,"msg":"JXtwE1eseF7M9pri2Mx35kmQv71Zjf62Yg"}
[ Tue Aug 15 2017 16:28:18 GMT+0800 (CST) ] time is 1989
[ Tue Aug 15 2017 16:28:18 GMT+0800 (CST) ] {"err":0,"msg":"JKgCZjKxN2WrpaZeoKfXtn1pnMrdiSSiZ8"}
[ Tue Aug 15 2017 16:28:18 GMT+0800 (CST) ] time is 1996
[ Tue Aug 15 2017 16:28:18 GMT+0800 (CST) ] {"err":0,"msg":"JSMt9LHXpc5942LPcxjqYWPRXcuGuPn3SS"}
[ Tue Aug 15 2017 16:28:18 GMT+0800 (CST) ] time is 1993
[ Tue Aug 15 2017 16:28:18 GMT+0800 (CST) ] {"err":0,"msg":"JVZcVENAQEzvEn6GARQ3ythAfJovtExHME"}
[ Tue Aug 15 2017 16:28:18 GMT+0800 (CST) ] time is 1999
[ Tue Aug 15 2017 16:28:18 GMT+0800 (CST) ] {"err":0,"msg":"JbiMCRqXp3AQSFVSo9Co1FJ8zCnoguMjDs"}
[ Tue Aug 15 2017 16:28:18 GMT+0800 (CST) ] time is 1997
[ Tue Aug 15 2017 16:28:18 GMT+0800 (CST) ] {"err":0,"msg":"JaHwH6E2cKsi6vrQ3CRDoYhXiJAyVFRN5j"}
[ Tue Aug 15 2017 16:28:18 GMT+0800 (CST) ] time is 1990
[ Tue Aug 15 2017 16:28:18 GMT+0800 (CST) ] {"err":0,"msg":"JbfX68BDJMjZAErtW5aMB9pcQ1u2dRjDHx"}
[ Tue Aug 15 2017 16:28:18 GMT+0800 (CST) ] time is 1994
[ Tue Aug 15 2017 16:28:18 GMT+0800 (CST) ] {"err":0,"msg":"JaM45URfs469Xb8uP5Dv6dEqEgTnTiJEqg"}
[ Tue Aug 15 2017 16:28:18 GMT+0800 (CST) ] time is 2000
[ Tue Aug 15 2017 16:28:18 GMT+0800 (CST) ] {"err":0,"msg":"JYkZaHEi9BZBV3tFeE2JPUghQn1hHNhxRx"}
[ Tue Aug 15 2017 16:28:18 GMT+0800 (CST) ] time is 1991
[ Tue Aug 15 2017 16:28:18 GMT+0800 (CST) ] {"err":0,"msg":"JeaCcCZkZwBGCxFKhWuGmnbJMP2NiFbboU"}
[ Tue Aug 15 2017 16:28:18 GMT+0800 (CST) ] time is 1995
[ Tue Aug 15 2017 16:28:18 GMT+0800 (CST) ] {"err":0,"msg":"JgMVwwf18jgB94tZyrHDbziF3xiQa9xmkR"}
[ Tue Aug 15 2017 16:28:18 GMT+0800 (CST) ] time is 1998
[ Tue Aug 15 2017 16:28:18 GMT+0800 (CST) ] {"err":0,"msg":"JY4A9yDin4H7KEpjXfgMs9Ju8ugzVffH6z"}
[ Tue Aug 15 2017 16:28:18 GMT+0800 (CST) ] time is 2001
[ Tue Aug 15 2017 16:28:18 GMT+0800 (CST) ] {"err":0,"msg":"JbPogB6abgXk4MH8aZaCw4geJ17eH7dDJq"}
[ Tue Aug 15 2017 16:28:18 GMT+0800 (CST) ] time is 1992
[ Tue Aug 15 2017 16:28:18 GMT+0800 (CST) ] {"err":0,"msg":"JTJXAFMLYR6QXrDUXNKfNxcXmGUPvS59kq"}
[ Tue Aug 15 2017 16:28:18 GMT+0800 (CST) ] time is 1996
[ Tue Aug 15 2017 16:28:18 GMT+0800 (CST) ] {"err":0,"msg":"JUYuGq7o3BqKoEp8rEUoXE3ACW25fkrQgs"}
[ Tue Aug 15 2017 16:28:18 GMT+0800 (CST) ] time is 1999
[ Tue Aug 15 2017 16:28:18 GMT+0800 (CST) ] {"err":0,"msg":"JR9BKjk2MhrC3tnyTywVAxmHVu4HdfEAWU"}
[ Tue Aug 15 2017 16:28:18 GMT+0800 (CST) ] time is 2002
[ Tue Aug 15 2017 16:28:18 GMT+0800 (CST) ] {"err":0,"msg":"JZNzB8zZeeKxuMofBJum6TdZWi5AcXMkcY"}
[ Tue Aug 15 2017 16:28:18 GMT+0800 (CST) ] time is 1993
[ Tue Aug 15 2017 16:28:18 GMT+0800 (CST) ] {"err":0,"msg":"JV7JyWzW2sbe531asS7Q7fas4reSpvPbsx"}
[ Tue Aug 15 2017 16:28:18 GMT+0800 (CST) ] time is 1997
[ Tue Aug 15 2017 16:28:18 GMT+0800 (CST) ] {"err":0,"msg":"JgvVC1aqF9cqAc2Scf9Fetsq2jhApt4XBh"}
[ Tue Aug 15 2017 16:28:18 GMT+0800 (CST) ] time is 2000
[ Tue Aug 15 2017 16:28:18 GMT+0800 (CST) ] {"err":0,"msg":"JVWGo45RSwXZAtN479oG7R82MNfZaXQNNt"}
[ Tue Aug 15 2017 16:28:18 GMT+0800 (CST) ] time is 2003
[ Tue Aug 15 2017 16:28:18 GMT+0800 (CST) ] {"err":0,"msg":"JR6g7H1NFrY6CiELyd4MrspGqhXPfZEFWu"}
[ Tue Aug 15 2017 16:28:18 GMT+0800 (CST) ] time is 1994
[ Tue Aug 15 2017 16:28:18 GMT+0800 (CST) ] {"err":0,"msg":"JfqPANeCwavQCLEChwhZ4fVBwjPdSGR5JP"}
[ Tue Aug 15 2017 16:28:18 GMT+0800 (CST) ] time is 1998
[ Tue Aug 15 2017 16:28:18 GMT+0800 (CST) ] {"err":0,"msg":"JcKBoDHsfgaS9vpYT52k19PduHxtt9m8RB"}
[ Tue Aug 15 2017 16:28:18 GMT+0800 (CST) ] time is 2001
[ Tue Aug 15 2017 16:28:18 GMT+0800 (CST) ] {"err":0,"msg":"JdUnULqfY5Cmrp8fJSPuZ8TknALn7MikwY"}
[ Tue Aug 15 2017 16:28:18 GMT+0800 (CST) ] time is 2004
[ Tue Aug 15 2017 16:28:18 GMT+0800 (CST) ] {"err":0,"msg":"JdUcNnnCGPKnpuLYhDgM3BeYurZLzyVcbV"}
[ Tue Aug 15 2017 16:28:18 GMT+0800 (CST) ] time is 1995
[ Tue Aug 15 2017 16:28:18 GMT+0800 (CST) ] {"err":0,"msg":"JaLWuS2VWg1pe9Q1Uxi6goFGJNwEaQag6x"}
[ Tue Aug 15 2017 16:28:18 GMT+0800 (CST) ] time is 1999
[ Tue Aug 15 2017 16:28:18 GMT+0800 (CST) ] {"err":0,"msg":"JaLxD9d9ZUoqJMNt6Lg1YzC9qyudzBLSZg"}
[ Tue Aug 15 2017 16:28:18 GMT+0800 (CST) ] time is 2002
[ Tue Aug 15 2017 16:28:18 GMT+0800 (CST) ] {"err":0,"msg":"JbKN54i174Fmi61g2ugdKBKMRAHtZPdApY"}
[ Tue Aug 15 2017 16:28:18 GMT+0800 (CST) ] time is 2005
[ Tue Aug 15 2017 16:28:18 GMT+0800 (CST) ] {"err":0,"msg":"JhZKRmSMjuFwVJ9b6TQHvXaU2DEhyh1NWG"}
[ Tue Aug 15 2017 16:28:18 GMT+0800 (CST) ] time is 1996
[ Tue Aug 15 2017 16:28:18 GMT+0800 (CST) ] {"err":0,"msg":"Jas29DkGtL1TEExZGJFQpPSCvV2VqPYWp4"}
[ Tue Aug 15 2017 16:28:18 GMT+0800 (CST) ] time is 2000
[ Tue Aug 15 2017 16:28:18 GMT+0800 (CST) ] {"err":0,"msg":"JZmfzi6Tf28ne6MZCYGCjKYjryaQGunbue"}
[ Tue Aug 15 2017 16:28:18 GMT+0800 (CST) ] time is 2003
[ Tue Aug 15 2017 16:28:18 GMT+0800 (CST) ] {"err":0,"msg":"JMd2hRo79Us9q8a2LXSGALuzpp3KmTPJZf"}
[ Tue Aug 15 2017 16:28:18 GMT+0800 (CST) ] time is 2006
[ Tue Aug 15 2017 16:28:18 GMT+0800 (CST) ] {"err":0,"msg":"JQQqeaedJsLPPAYJpbqtvWgrAH2VxSwcV8"}
[ Tue Aug 15 2017 16:28:18 GMT+0800 (CST) ] time is 1997
[ Tue Aug 15 2017 16:28:18 GMT+0800 (CST) ] {"err":0,"msg":"JLHwwpDhv2WWvQfzqCAutqmsXJjHvwPPYD"}
[ Tue Aug 15 2017 16:28:18 GMT+0800 (CST) ] time is 2001
[ Tue Aug 15 2017 16:28:18 GMT+0800 (CST) ] {"err":0,"msg":"JN6b2YdB9M5PHYsAEuoJiNvzLy1pSLDY6F"}
[ Tue Aug 15 2017 16:28:18 GMT+0800 (CST) ] time is 2004
[ Tue Aug 15 2017 16:28:18 GMT+0800 (CST) ] {"err":0,"msg":"JZbkhf4JMpVQDFJsD5pEXnnmb6C5Bbjcmz"}
[ Tue Aug 15 2017 16:28:18 GMT+0800 (CST) ] time is 2007
[ Tue Aug 15 2017 16:28:18 GMT+0800 (CST) ] {"err":0,"msg":"JVDswTYcEZRTKMMiS5rCKMTWKLvhouzJPR"}
[ Tue Aug 15 2017 16:28:18 GMT+0800 (CST) ] time is 2002
[ Tue Aug 15 2017 16:28:18 GMT+0800 (CST) ] {"err":0,"msg":"JfEyJCorb7aicWRApCyEWrirW6heW1DUGt"}
[ Tue Aug 15 2017 16:28:18 GMT+0800 (CST) ] time is 1998
[ Tue Aug 15 2017 16:28:18 GMT+0800 (CST) ] {"err":0,"msg":"JTGSEhgafnGjNTZULgsT23wvzNwP5EWxPt"}
[ Tue Aug 15 2017 16:28:18 GMT+0800 (CST) ] time is 2005
[ Tue Aug 15 2017 16:28:18 GMT+0800 (CST) ] {"err":0,"msg":"JNM2HRXcQRvhLPmn4HG8zBgxFpSUFRPWWH"}
[ Tue Aug 15 2017 16:28:18 GMT+0800 (CST) ] time is 2008
[ Tue Aug 15 2017 16:28:18 GMT+0800 (CST) ] {"err":0,"msg":"JYCU66Nd63hodUtW9QxA5U4XL7AiB4pvw5"}
[ Tue Aug 15 2017 16:28:18 GMT+0800 (CST) ] time is 2003
[ Tue Aug 15 2017 16:28:18 GMT+0800 (CST) ] {"err":0,"msg":"JMErbPtbRRS7rTSzW5nzq3uH64bEeWoBfw"}
[ Tue Aug 15 2017 16:28:18 GMT+0800 (CST) ] time is 1999
[ Tue Aug 15 2017 16:28:18 GMT+0800 (CST) ] {"err":0,"msg":"Jhg5364w2ARMJ8kQYmKyQy3rPQVnVDTHZa"}
[ Tue Aug 15 2017 16:28:18 GMT+0800 (CST) ] time is 2006
[ Tue Aug 15 2017 16:28:18 GMT+0800 (CST) ] {"err":0,"msg":"JhMeZ8PpYaZFt6sJsTgYG6T8rdygh71MeR"}
[ Tue Aug 15 2017 16:28:18 GMT+0800 (CST) ] time is 2009
[ Tue Aug 15 2017 16:28:18 GMT+0800 (CST) ] {"err":0,"msg":"JX5rNn5ZiePZmFqGppEswp4PqzDqttqsrL"}
[ Tue Aug 15 2017 16:28:18 GMT+0800 (CST) ] time is 2004
[ Tue Aug 15 2017 16:28:18 GMT+0800 (CST) ] {"err":0,"msg":"JcVEctHSQv52wkpFU5WiUD1jtq73XueVPc"}
[ Tue Aug 15 2017 16:28:18 GMT+0800 (CST) ] time is 2000
[ Tue Aug 15 2017 16:28:18 GMT+0800 (CST) ] {"err":0,"msg":"JWuMsvqFND7T2Ffu1oeyE8HiYqp71GXgM5"}
[ Tue Aug 15 2017 16:28:18 GMT+0800 (CST) ] time is 2007
[ Tue Aug 15 2017 16:28:18 GMT+0800 (CST) ] {"err":0,"msg":"JTSo2iV89kGSnDgjRGoPeBMdG3aX84VtC4"}
[ Tue Aug 15 2017 16:28:18 GMT+0800 (CST) ] time is 2010
[ Tue Aug 15 2017 16:28:18 GMT+0800 (CST) ] {"err":0,"msg":"JZ4ThT6gNDZk8CbprmuCSZXVtbMzrQEH3V"}
[ Tue Aug 15 2017 16:28:18 GMT+0800 (CST) ] time is 2005
[ Tue Aug 15 2017 16:28:18 GMT+0800 (CST) ] {"err":0,"msg":"JggBNjYMmqNto19MMVUtKoiyanPyFbv8qH"}
[ Tue Aug 15 2017 16:28:18 GMT+0800 (CST) ] time is 2001
[ Tue Aug 15 2017 16:28:18 GMT+0800 (CST) ] {"err":0,"msg":"Ja1bpTo3K6osya726mapa3FTChbsLPnLdf"}
[ Tue Aug 15 2017 16:28:19 GMT+0800 (CST) ] time is 2008
[ Tue Aug 15 2017 16:28:19 GMT+0800 (CST) ] {"err":0,"msg":"JaeHNvQbTe7a1kiesHQisoFDyVpqXxfCs4"}
[ Tue Aug 15 2017 16:28:19 GMT+0800 (CST) ] time is 2011
[ Tue Aug 15 2017 16:28:19 GMT+0800 (CST) ] {"err":0,"msg":"JMGG8tqHUkyCQhnTAFmi94wgYpqqys7YrZ"}
[ Tue Aug 15 2017 16:28:19 GMT+0800 (CST) ] {"err":0,"msg":"JSVUaZCTcSCpfBamEy8JFY9YiRGAVRCmDV"}
[ Tue Aug 15 2017 16:28:19 GMT+0800 (CST) ] time is 2006
[ Tue Aug 15 2017 16:28:19 GMT+0800 (CST) ] time is 2002
[ Tue Aug 15 2017 16:28:19 GMT+0800 (CST) ] {"err":0,"msg":"JPRa3antX3k5mHc3aup5irpJmG6cZt5o74"}
[ Tue Aug 15 2017 16:28:19 GMT+0800 (CST) ] time is 2009
[ Tue Aug 15 2017 16:28:19 GMT+0800 (CST) ] {"err":0,"msg":"JU6QfeN2gWeFneBorc1cmeteCB97eYBEnB"}
[ Tue Aug 15 2017 16:28:19 GMT+0800 (CST) ] time is 2012
[ Tue Aug 15 2017 16:28:19 GMT+0800 (CST) ] {"err":0,"msg":"Jc1JTXwBze4DErQ5JL2FveBCgHZEezNAW6"}
[ Tue Aug 15 2017 16:28:19 GMT+0800 (CST) ] time is 2007
[ Tue Aug 15 2017 16:28:19 GMT+0800 (CST) ] {"err":0,"msg":"JPcH19UctPskgEpW88GEMW6QrLZnENqtjF"}
[ Tue Aug 15 2017 16:28:19 GMT+0800 (CST) ] time is 2003
[ Tue Aug 15 2017 16:28:19 GMT+0800 (CST) ] {"err":0,"msg":"JgDY9baiJxn6qPA3jFZK37oofRtCU4FCzw"}
[ Tue Aug 15 2017 16:28:19 GMT+0800 (CST) ] time is 2010
[ Tue Aug 15 2017 16:28:19 GMT+0800 (CST) ] {"err":0,"msg":"JSsrcuyuPx4tEnmKqFiM1KjVnvfTG4gQXY"}
[ Tue Aug 15 2017 16:28:19 GMT+0800 (CST) ] time is 2008
[ Tue Aug 15 2017 16:28:19 GMT+0800 (CST) ] {"err":0,"msg":"JdgK4yMhPvogYuxxdB5jjux6GnrKyuga7E"}
[ Tue Aug 15 2017 16:28:19 GMT+0800 (CST) ] time is 2013
[ Tue Aug 15 2017 16:28:19 GMT+0800 (CST) ] {"err":0,"msg":"JRRYmUvKMm8BFNjVHtYBppxhJJxq917pLZ"}
[ Tue Aug 15 2017 16:28:19 GMT+0800 (CST) ] time is 2004
[ Tue Aug 15 2017 16:28:19 GMT+0800 (CST) ] {"err":0,"msg":"JMpk4yjeYBx2EbVaMMXTF9aNT7gyQJwFug"}
[ Tue Aug 15 2017 16:28:19 GMT+0800 (CST) ] time is 2011
[ Tue Aug 15 2017 16:28:19 GMT+0800 (CST) ] {"err":0,"msg":"JRwbahHJ9PVNVv29f1Y5Khfiovj1F3RzHi"}
[ Tue Aug 15 2017 16:28:19 GMT+0800 (CST) ] time is 2009
[ Tue Aug 15 2017 16:28:19 GMT+0800 (CST) ] {"err":0,"msg":"JhMwUurWRMJK4en18UMDfJfRqPWby4pDeD"}
[ Tue Aug 15 2017 16:28:19 GMT+0800 (CST) ] time is 2005
[ Tue Aug 15 2017 16:28:19 GMT+0800 (CST) ] {"err":0,"msg":"JhjzJer5h3mdnKQrcwfXno8CHQxhubnnxf"}
[ Tue Aug 15 2017 16:28:19 GMT+0800 (CST) ] time is 2014
[ Tue Aug 15 2017 16:28:19 GMT+0800 (CST) ] {"err":0,"msg":"JYCQjKibV44Pec1vTSwwud2rW827hCDZbY"}
[ Tue Aug 15 2017 16:28:19 GMT+0800 (CST) ] time is 2012
[ Tue Aug 15 2017 16:28:19 GMT+0800 (CST) ] {"err":0,"msg":"Jd2EUFFptaq4PMU2JXx5NgVczFrZVJrHLc"}
[ Tue Aug 15 2017 16:28:19 GMT+0800 (CST) ] time is 2010
[ Tue Aug 15 2017 16:28:19 GMT+0800 (CST) ] {"err":0,"msg":"Jbd9YHNmLXgGCN5X1beCDiYSrqdNwqsc43"}
[ Tue Aug 15 2017 16:28:19 GMT+0800 (CST) ] time is 2006
[ Tue Aug 15 2017 16:28:19 GMT+0800 (CST) ] {"err":0,"msg":"JS74SsoBRdUJLHD8r41c5CkwHia7vBGxLM"}
[ Tue Aug 15 2017 16:28:19 GMT+0800 (CST) ] time is 2015
[ Tue Aug 15 2017 16:28:19 GMT+0800 (CST) ] {"err":0,"msg":"JarUy8nFv9s6PmvrS5kdEi8epCn9rDtKJE"}
[ Tue Aug 15 2017 16:28:19 GMT+0800 (CST) ] time is 2011
[ Tue Aug 15 2017 16:28:19 GMT+0800 (CST) ] {"err":0,"msg":"JLK6tfsscAbGdpD155hdSqDWYHbceUqtnz"}
[ Tue Aug 15 2017 16:28:19 GMT+0800 (CST) ] time is 2013
[ Tue Aug 15 2017 16:28:19 GMT+0800 (CST) ] {"err":0,"msg":"JPaUw9HqrwKKryKSZkp5H7Jta8JYC7WSsE"}
[ Tue Aug 15 2017 16:28:19 GMT+0800 (CST) ] time is 2007
[ Tue Aug 15 2017 16:28:19 GMT+0800 (CST) ] {"err":0,"msg":"JN9PJhkJg8qF8hNDb3C1Uj7aozzEnaoPee"}
[ Tue Aug 15 2017 16:28:19 GMT+0800 (CST) ] time is 2016
[ Tue Aug 15 2017 16:28:19 GMT+0800 (CST) ] {"err":0,"msg":"Ja5kGQ8zhJSaFQWPbm99EUEZtvGxWfE8uP"}
[ Tue Aug 15 2017 16:28:19 GMT+0800 (CST) ] time is 2012
[ Tue Aug 15 2017 16:28:19 GMT+0800 (CST) ] {"err":0,"msg":"JdiLXHCoi911ckMKo2fLBG2vzxpSJc5poJ"}
[ Tue Aug 15 2017 16:28:19 GMT+0800 (CST) ] time is 2014
[ Tue Aug 15 2017 16:28:19 GMT+0800 (CST) ] {"err":0,"msg":"JTVRmGnoidDRsd742Dtt7SkHz4hWeSqRCB"}
[ Tue Aug 15 2017 16:28:19 GMT+0800 (CST) ] time is 2008
[ Tue Aug 15 2017 16:28:19 GMT+0800 (CST) ] {"err":0,"msg":"JYi92HjFFeaWagBXPYHGhvUyR8GuR82KVa"}
[ Tue Aug 15 2017 16:28:19 GMT+0800 (CST) ] time is 2017
[ Tue Aug 15 2017 16:28:19 GMT+0800 (CST) ] {"err":0,"msg":"JTMjmp3UV2HbYS8h8FobP724izLpFHaNzr"}
[ Tue Aug 15 2017 16:28:19 GMT+0800 (CST) ] time is 2015
[ Tue Aug 15 2017 16:28:19 GMT+0800 (CST) ] {"err":0,"msg":"JTKixYFBNbGgLxoDYYE4kdYtCGpXgWr1Pr"}
[ Tue Aug 15 2017 16:28:19 GMT+0800 (CST) ] time is 2013
[ Tue Aug 15 2017 16:28:19 GMT+0800 (CST) ] {"err":0,"msg":"JU1cQ7tZKVzvXV8ag5pTnz8XjbVQBzRrY8"}
[ Tue Aug 15 2017 16:28:19 GMT+0800 (CST) ] time is 2009
[ Tue Aug 15 2017 16:28:19 GMT+0800 (CST) ] {"err":0,"msg":"JdHHE8RvxJt6zSqBkUhCS8DFmK4pkpzXz2"}
[ Tue Aug 15 2017 16:28:19 GMT+0800 (CST) ] time is 2018
[ Tue Aug 15 2017 16:28:19 GMT+0800 (CST) ] {"err":0,"msg":"JZTmzUMdGkykpSKYnBqsVL4UKHkVkq2c2q"}
[ Tue Aug 15 2017 16:28:19 GMT+0800 (CST) ] time is 2016
[ Tue Aug 15 2017 16:28:19 GMT+0800 (CST) ] {"err":0,"msg":"JLzxeT98UoDnbjdCBwM4Nkycev1ZtwmGhG"}
[ Tue Aug 15 2017 16:28:19 GMT+0800 (CST) ] time is 2014
[ Tue Aug 15 2017 16:28:19 GMT+0800 (CST) ] {"err":0,"msg":"Jdn9x2X4DduUYVBEhfrCjS6pdsowvb2ydY"}
[ Tue Aug 15 2017 16:28:19 GMT+0800 (CST) ] time is 2010
[ Tue Aug 15 2017 16:28:19 GMT+0800 (CST) ] {"err":0,"msg":"JWMGqrBW3CT55BEVWMhxzGBj1rj1vd2cWv"}
[ Tue Aug 15 2017 16:28:19 GMT+0800 (CST) ] time is 2019
[ Tue Aug 15 2017 16:28:19 GMT+0800 (CST) ] {"err":0,"msg":"JeePMssVhrzU23onEpiSg1UJd1Wwrny9Jv"}
[ Tue Aug 15 2017 16:28:19 GMT+0800 (CST) ] time is 2017
[ Tue Aug 15 2017 16:28:19 GMT+0800 (CST) ] {"err":0,"msg":"JcYUUd4X591Qcf8TM4Qudy4WAiw9rk5wLa"}
[ Tue Aug 15 2017 16:28:19 GMT+0800 (CST) ] time is 2015
[ Tue Aug 15 2017 16:28:19 GMT+0800 (CST) ] {"err":0,"msg":"JNuFxx67o8vCci2fR6bztHbGeZYaSoYMzb"}
[ Tue Aug 15 2017 16:28:19 GMT+0800 (CST) ] time is 2020
[ Tue Aug 15 2017 16:28:19 GMT+0800 (CST) ] {"err":0,"msg":"JLshAi11hDwT8aqxAks6XVMKAuVDPq4g8R"}
[ Tue Aug 15 2017 16:28:19 GMT+0800 (CST) ] time is 2011
[ Tue Aug 15 2017 16:28:19 GMT+0800 (CST) ] {"err":0,"msg":"JaWxchFoyEdG8WJvcvycCVyRcr3UtJuqPg"}
[ Tue Aug 15 2017 16:28:19 GMT+0800 (CST) ] time is 2018
[ Tue Aug 15 2017 16:28:19 GMT+0800 (CST) ] {"err":0,"msg":"JNrCaKom6Keyr6V7FfVQStrPnGGiKPFs6i"}
[ Tue Aug 15 2017 16:28:19 GMT+0800 (CST) ] time is 2016
[ Tue Aug 15 2017 16:28:19 GMT+0800 (CST) ] {"err":0,"msg":"JXg8SgDzmoG6hK5B1wmt7RuhHna2DhniVP"}
[ Tue Aug 15 2017 16:28:19 GMT+0800 (CST) ] time is 2021
[ Tue Aug 15 2017 16:28:19 GMT+0800 (CST) ] {"err":0,"msg":"JgD6VKPTpv2cgTvHy8Zr3FJ8nLc8R1pC8a"}
[ Tue Aug 15 2017 16:28:19 GMT+0800 (CST) ] time is 2012
[ Tue Aug 15 2017 16:28:19 GMT+0800 (CST) ] {"err":0,"msg":"JTCqzZsV5ytQsVF8TFbKKY9Y4jddfB2MGe"}
[ Tue Aug 15 2017 16:28:19 GMT+0800 (CST) ] time is 2019
[ Tue Aug 15 2017 16:28:19 GMT+0800 (CST) ] {"err":0,"msg":"JZH6tSawqP6GRA9ij7JcqgnaAdoaq3dCaV"}
[ Tue Aug 15 2017 16:28:19 GMT+0800 (CST) ] time is 2017
[ Tue Aug 15 2017 16:28:19 GMT+0800 (CST) ] {"err":0,"msg":"JMZ2gk2Apy1HQNmyXnZiAesbHbiG5NeLiy"}
[ Tue Aug 15 2017 16:28:19 GMT+0800 (CST) ] time is 2022
[ Tue Aug 15 2017 16:28:19 GMT+0800 (CST) ] {"err":0,"msg":"JNeD782n34B4U8p7AjGqmVPHTzBxcyuLdw"}
[ Tue Aug 15 2017 16:28:19 GMT+0800 (CST) ] time is 2013
[ Tue Aug 15 2017 16:28:19 GMT+0800 (CST) ] {"err":0,"msg":"JUfHHWhnnUD8QmDszD1CC5cuiAVKrjXmvP"}
[ Tue Aug 15 2017 16:28:19 GMT+0800 (CST) ] time is 2020
[ Tue Aug 15 2017 16:28:19 GMT+0800 (CST) ] {"err":0,"msg":"JQE3G3L1cWwj5bKH6tVd21VPiPctfRwcq8"}
[ Tue Aug 15 2017 16:28:19 GMT+0800 (CST) ] time is 2018
[ Tue Aug 15 2017 16:28:19 GMT+0800 (CST) ] {"err":0,"msg":"JR1iKCMVBB9dF5935VaYiJ6QBTQJwrnsFq"}
[ Tue Aug 15 2017 16:28:19 GMT+0800 (CST) ] time is 2023
[ Tue Aug 15 2017 16:28:19 GMT+0800 (CST) ] {"err":0,"msg":"JWayGpxpx5YsX5rFJ526E22veGYYedvULh"}
[ Tue Aug 15 2017 16:28:19 GMT+0800 (CST) ] time is 2014
[ Tue Aug 15 2017 16:28:19 GMT+0800 (CST) ] {"err":0,"msg":"JT5qMDvVwVZszh7ASdwqtQUZeTnJDBtC5N"}
[ Tue Aug 15 2017 16:28:19 GMT+0800 (CST) ] time is 2021
[ Tue Aug 15 2017 16:28:19 GMT+0800 (CST) ] {"err":0,"msg":"JhBpQSicmSKz8noK5h5sgjiVRMEokQ3xta"}
[ Tue Aug 15 2017 16:28:19 GMT+0800 (CST) ] time is 2019
[ Tue Aug 15 2017 16:28:19 GMT+0800 (CST) ] {"err":0,"msg":"JgDtM2RShhretck2bRGm9VXTLZkmuj3t53"}
[ Tue Aug 15 2017 16:28:19 GMT+0800 (CST) ] time is 2024
[ Tue Aug 15 2017 16:28:19 GMT+0800 (CST) ] {"err":0,"msg":"JWCBjjf4i2Mo7puHkHHg6CAdVGWzt8PkfS"}
[ Tue Aug 15 2017 16:28:19 GMT+0800 (CST) ] time is 2015
[ Tue Aug 15 2017 16:28:19 GMT+0800 (CST) ] {"err":0,"msg":"JaKMhCPjvLiKvifCXzNkaobyrnz1KqvJpR"}
[ Tue Aug 15 2017 16:28:19 GMT+0800 (CST) ] time is 2022
[ Tue Aug 15 2017 16:28:19 GMT+0800 (CST) ] {"err":0,"msg":"JSqZRhJv8iGxratNag6JCgWJnBKKRBQkHZ"}
[ Tue Aug 15 2017 16:28:19 GMT+0800 (CST) ] time is 2020
[ Tue Aug 15 2017 16:28:19 GMT+0800 (CST) ] {"err":0,"msg":"JM9jPd1EabmJ7xjWGYU4PsL3ihaYAhnzdj"}
[ Tue Aug 15 2017 16:28:19 GMT+0800 (CST) ] time is 2016
[ Tue Aug 15 2017 16:28:19 GMT+0800 (CST) ] {"err":0,"msg":"JgRyHXP3iGeRNcx7Fa2C8Y4CN7k35tizx4"}
[ Tue Aug 15 2017 16:28:19 GMT+0800 (CST) ] time is 2025
[ Tue Aug 15 2017 16:28:19 GMT+0800 (CST) ] {"err":0,"msg":"JXpMPGu9E6svUoti1s2pnHu8U57DSD6jgc"}
[ Tue Aug 15 2017 16:28:19 GMT+0800 (CST) ] time is 2023
[ Tue Aug 15 2017 16:28:19 GMT+0800 (CST) ] {"err":0,"msg":"JanbQP87jCrBUDhoA6kR8chUZ1CXKLaCcj"}
[ Tue Aug 15 2017 16:28:19 GMT+0800 (CST) ] time is 2021
[ Tue Aug 15 2017 16:28:19 GMT+0800 (CST) ] {"err":0,"msg":"JStUjDvFFqQMckF91YmsKvg3Hc7bHTUXjD"}
[ Tue Aug 15 2017 16:28:19 GMT+0800 (CST) ] time is 2017
[ Tue Aug 15 2017 16:28:19 GMT+0800 (CST) ] {"err":0,"msg":"JfCVGBLtjqyGG3N8Vy1Cu8FepkhqMg8Snt"}
[ Tue Aug 15 2017 16:28:19 GMT+0800 (CST) ] time is 2026
[ Tue Aug 15 2017 16:28:19 GMT+0800 (CST) ] {"err":0,"msg":"Jg5VooZWRradhUkZbdth3v8aN6mNi19Pyb"}
[ Tue Aug 15 2017 16:28:19 GMT+0800 (CST) ] time is 2024
[ Tue Aug 15 2017 16:28:19 GMT+0800 (CST) ] {"err":0,"msg":"JVc57678ZfY6y84W8Cxo4qwdSAmcQntgKs"}
[ Tue Aug 15 2017 16:28:19 GMT+0800 (CST) ] time is 2022
[ Tue Aug 15 2017 16:28:19 GMT+0800 (CST) ] {"err":0,"msg":"JhmxYokDL9Hg1quPw5Fnoc9Xkez5vf9S1c"}
[ Tue Aug 15 2017 16:28:19 GMT+0800 (CST) ] time is 2018
[ Tue Aug 15 2017 16:28:19 GMT+0800 (CST) ] {"err":0,"msg":"Jbsj7uxsFSUs2TvgCaiSmFtRuwFg6zxzUJ"}
[ Tue Aug 15 2017 16:28:19 GMT+0800 (CST) ] time is 2027
[ Tue Aug 15 2017 16:28:19 GMT+0800 (CST) ] {"err":0,"msg":"JX1hQ9ddunSajjDNpkCG63UFJrstunDx1i"}
[ Tue Aug 15 2017 16:28:19 GMT+0800 (CST) ] time is 2025
[ Tue Aug 15 2017 16:28:19 GMT+0800 (CST) ] {"err":0,"msg":"JMVZqZnca8wkEy625w21EPGiTFSWhn1GWn"}
[ Tue Aug 15 2017 16:28:19 GMT+0800 (CST) ] time is 2023
[ Tue Aug 15 2017 16:28:19 GMT+0800 (CST) ] {"err":0,"msg":"JXbT9sub45iA7KCweRubFaDj3FkdPYVd3V"}
[ Tue Aug 15 2017 16:28:20 GMT+0800 (CST) ] time is 2019
[ Tue Aug 15 2017 16:28:20 GMT+0800 (CST) ] {"err":0,"msg":"JMXsWK8bkrB38qPRT66uSzpXosiPEWfCNh"}
[ Tue Aug 15 2017 16:28:20 GMT+0800 (CST) ] time is 2028
[ Tue Aug 15 2017 16:28:20 GMT+0800 (CST) ] {"err":0,"msg":"Jau4Ka2aqpzgPSum9F9amsCDkD8k64n4Dd"}
[ Tue Aug 15 2017 16:28:20 GMT+0800 (CST) ] time is 2026
[ Tue Aug 15 2017 16:28:20 GMT+0800 (CST) ] {"err":0,"msg":"JPxKk7UEHEv6vDY2NkyUkTibnrXoMw5aTA"}
[ Tue Aug 15 2017 16:28:20 GMT+0800 (CST) ] time is 2024
[ Tue Aug 15 2017 16:28:20 GMT+0800 (CST) ] {"err":0,"msg":"JZEGwhQ4wm7Q8tqLhW2ozWhG1hkwqaxrQb"}
[ Tue Aug 15 2017 16:28:20 GMT+0800 (CST) ] time is 2020
[ Tue Aug 15 2017 16:28:20 GMT+0800 (CST) ] {"err":0,"msg":"JYzK3MA4p5YgFf62NMbqRncMGLCkPn6vzF"}
[ Tue Aug 15 2017 16:28:20 GMT+0800 (CST) ] time is 2029
[ Tue Aug 15 2017 16:28:20 GMT+0800 (CST) ] {"err":0,"msg":"JMz39RF8oqQoDAiCS5ijeLoCRWdAhARaL2"}
[ Tue Aug 15 2017 16:28:20 GMT+0800 (CST) ] time is 2027
[ Tue Aug 15 2017 16:28:20 GMT+0800 (CST) ] {"err":0,"msg":"JPzpMw6XaJWLGt8MW7qfi2Z9VRuLkBYrew"}
[ Tue Aug 15 2017 16:28:20 GMT+0800 (CST) ] time is 2025
[ Tue Aug 15 2017 16:28:20 GMT+0800 (CST) ] {"err":0,"msg":"JT6tX2jXFiJinXxr4Aqzz59KgeNND59vWu"}
[ Tue Aug 15 2017 16:28:20 GMT+0800 (CST) ] time is 2021
[ Tue Aug 15 2017 16:28:20 GMT+0800 (CST) ] {"err":0,"msg":"JTtuZy6cZBgz9qZkm6d9EKKxkAgvsCmhDD"}
[ Tue Aug 15 2017 16:28:20 GMT+0800 (CST) ] time is 2030
[ Tue Aug 15 2017 16:28:20 GMT+0800 (CST) ] {"err":0,"msg":"JfnqhRE1fWu5i4enjjHBH7RRKUku7S8f3P"}
[ Tue Aug 15 2017 16:28:20 GMT+0800 (CST) ] time is 2028
[ Tue Aug 15 2017 16:28:20 GMT+0800 (CST) ] {"err":0,"msg":"JYf81P27nk5rYSaEhhGeadfVy3NX1aSWcP"}
[ Tue Aug 15 2017 16:28:20 GMT+0800 (CST) ] time is 2026
[ Tue Aug 15 2017 16:28:20 GMT+0800 (CST) ] {"err":0,"msg":"JVY7KruvAh8nU2CqYHxstymJpaVmm8gYZn"}
[ Tue Aug 15 2017 16:28:20 GMT+0800 (CST) ] time is 2022
[ Tue Aug 15 2017 16:28:20 GMT+0800 (CST) ] {"err":0,"msg":"JV6kgZNvEExKMe4sfuQVHma94euShi3gPX"}
[ Tue Aug 15 2017 16:28:20 GMT+0800 (CST) ] time is 2031
[ Tue Aug 15 2017 16:28:20 GMT+0800 (CST) ] {"err":0,"msg":"JeU5MVLvcYKqY73AcZSrz2d9KwXYu15ZnT"}
[ Tue Aug 15 2017 16:28:20 GMT+0800 (CST) ] time is 2027
[ Tue Aug 15 2017 16:28:20 GMT+0800 (CST) ] {"err":0,"msg":"JU8wgYMPwK1h2a8GB6mV7kPxMhvnJUsZhQ"}
[ Tue Aug 15 2017 16:28:20 GMT+0800 (CST) ] time is 2029
[ Tue Aug 15 2017 16:28:20 GMT+0800 (CST) ] {"err":0,"msg":"Jb4iUu1BmP2BTEKiFe5LNd6Z9jovA1vG91"}
[ Tue Aug 15 2017 16:28:20 GMT+0800 (CST) ] time is 2023
[ Tue Aug 15 2017 16:28:20 GMT+0800 (CST) ] {"err":0,"msg":"JKRbxxvfxBA2qxedeEwEcf45kqvahnYGXY"}
[ Tue Aug 15 2017 16:28:20 GMT+0800 (CST) ] time is 2028
[ Tue Aug 15 2017 16:28:20 GMT+0800 (CST) ] {"err":0,"msg":"JQLL6mX1nLnzzWDSWfgCLz3zNhyZprBjYW"}
[ Tue Aug 15 2017 16:28:20 GMT+0800 (CST) ] time is 2032
[ Tue Aug 15 2017 16:28:20 GMT+0800 (CST) ] {"err":0,"msg":"JSWiJSh7ui1pcc4a2cZgcfVq5Tpu7rDs7x"}
[ Tue Aug 15 2017 16:28:20 GMT+0800 (CST) ] time is 2030
[ Tue Aug 15 2017 16:28:20 GMT+0800 (CST) ] {"err":0,"msg":"JfRHMskDca2Y3FQHrPKGHaheb8Ci7ZnSDm"}
[ Tue Aug 15 2017 16:28:20 GMT+0800 (CST) ] time is 2024
[ Tue Aug 15 2017 16:28:20 GMT+0800 (CST) ] {"err":0,"msg":"JSQVsSScorxEMSkxk4R2Cgr7kmSuGHU86z"}
[ Tue Aug 15 2017 16:28:20 GMT+0800 (CST) ] time is 2029
[ Tue Aug 15 2017 16:28:20 GMT+0800 (CST) ] {"err":0,"msg":"JQBAqsnss3DspfqzVRkWMinijrmoQBnhfd"}
[ Tue Aug 15 2017 16:28:20 GMT+0800 (CST) ] time is 2033
[ Tue Aug 15 2017 16:28:20 GMT+0800 (CST) ] {"err":0,"msg":"JauLNybjFr79JSwVyv4GpYfEuLsZUtVk4k"}
[ Tue Aug 15 2017 16:28:20 GMT+0800 (CST) ] time is 2025
[ Tue Aug 15 2017 16:28:20 GMT+0800 (CST) ] {"err":0,"msg":"JLqHHd9yYBfMjCMXXdqHQjZB6dkrBtAABJ"}
[ Tue Aug 15 2017 16:28:20 GMT+0800 (CST) ] time is 2031
[ Tue Aug 15 2017 16:28:20 GMT+0800 (CST) ] {"err":0,"msg":"JfYHEMySwpVxaJ2c9Kfdun5khBifP91nvu"}
[ Tue Aug 15 2017 16:28:20 GMT+0800 (CST) ] time is 2030
[ Tue Aug 15 2017 16:28:20 GMT+0800 (CST) ] {"err":0,"msg":"JTZhqyYJ2dLkqvgbmdT2BxGhMzT4VqFzaN"}
[ Tue Aug 15 2017 16:28:20 GMT+0800 (CST) ] time is 2034
[ Tue Aug 15 2017 16:28:20 GMT+0800 (CST) ] {"err":0,"msg":"JPUy1PnSdcYUWRHyQoKby53nFHoWxRRU9B"}
[ Tue Aug 15 2017 16:28:20 GMT+0800 (CST) ] time is 2026
[ Tue Aug 15 2017 16:28:20 GMT+0800 (CST) ] {"err":0,"msg":"JXJgjo6vkzyxYMK29VahZrYo2PUbNMnoR3"}
[ Tue Aug 15 2017 16:28:20 GMT+0800 (CST) ] time is 2032
[ Tue Aug 15 2017 16:28:20 GMT+0800 (CST) ] {"err":0,"msg":"JXuv1DRqTzczu78PdgeDsLffsu5uJ4WPHr"}
[ Tue Aug 15 2017 16:28:20 GMT+0800 (CST) ] time is 2031
[ Tue Aug 15 2017 16:28:20 GMT+0800 (CST) ] {"err":0,"msg":"JNFx2EktaZmqu2j1ERHrxurTewPG25pTNT"}
[ Tue Aug 15 2017 16:28:20 GMT+0800 (CST) ] time is 2035
[ Tue Aug 15 2017 16:28:20 GMT+0800 (CST) ] {"err":0,"msg":"JgCkhBzraRBxCeNpAnDmGRgiZgFx6pCSXX"}
[ Tue Aug 15 2017 16:28:20 GMT+0800 (CST) ] time is 2027
[ Tue Aug 15 2017 16:28:20 GMT+0800 (CST) ] {"err":0,"msg":"JeED2FuamvRbQ6cSsYQMUxWjvPbo6gTySH"}
[ Tue Aug 15 2017 16:28:20 GMT+0800 (CST) ] time is 2033
[ Tue Aug 15 2017 16:28:20 GMT+0800 (CST) ] {"err":0,"msg":"JYUouXfR1VLCH4ULWyDabvxY3mEix7i5AC"}
[ Tue Aug 15 2017 16:28:20 GMT+0800 (CST) ] time is 2032
[ Tue Aug 15 2017 16:28:20 GMT+0800 (CST) ] {"err":0,"msg":"Jer8yX72jLgmn7kggXot7iWCED8w1tQUMX"}
[ Tue Aug 15 2017 16:28:20 GMT+0800 (CST) ] time is 2036
[ Tue Aug 15 2017 16:28:20 GMT+0800 (CST) ] {"err":0,"msg":"JYD3aqaDK5pJeNpynNPGv3kYZB4WsngE5o"}
[ Tue Aug 15 2017 16:28:20 GMT+0800 (CST) ] time is 2028
[ Tue Aug 15 2017 16:28:20 GMT+0800 (CST) ] {"err":0,"msg":"JLGMojTK1UEz78a5oXRxM7gjcBdwjpfhu7"}
[ Tue Aug 15 2017 16:28:20 GMT+0800 (CST) ] time is 2033
[ Tue Aug 15 2017 16:28:20 GMT+0800 (CST) ] {"err":0,"msg":"JcMb31TsChJ2AHT1N1S7NQXLm1PPyc9nv2"}
[ Tue Aug 15 2017 16:28:20 GMT+0800 (CST) ] time is 2034
[ Tue Aug 15 2017 16:28:20 GMT+0800 (CST) ] {"err":0,"msg":"JdtUmu9Z9uemuCmCFWuzgz23TyycMgpEF8"}
[ Tue Aug 15 2017 16:28:20 GMT+0800 (CST) ] time is 2037
[ Tue Aug 15 2017 16:28:20 GMT+0800 (CST) ] {"err":0,"msg":"JZr6ZzeuoMiQGfU2fT6P842UKWGGjYtus6"}
[ Tue Aug 15 2017 16:28:20 GMT+0800 (CST) ] time is 2029
[ Tue Aug 15 2017 16:28:20 GMT+0800 (CST) ] {"err":0,"msg":"JcRxCXCcWSZPRJDJjCyTFFNTYCvYwHytUh"}
[ Tue Aug 15 2017 16:28:20 GMT+0800 (CST) ] time is 2034
[ Tue Aug 15 2017 16:28:20 GMT+0800 (CST) ] {"err":0,"msg":"Je5etzoTXGHxBNpt9qQDjPudNT6R1RNowH"}
[ Tue Aug 15 2017 16:28:20 GMT+0800 (CST) ] time is 2035
[ Tue Aug 15 2017 16:28:20 GMT+0800 (CST) ] {"err":0,"msg":"JNQRxFdLtowRumpvDbMHo7UDBGNqs4BXFi"}
[ Tue Aug 15 2017 16:28:20 GMT+0800 (CST) ] time is 2038
[ Tue Aug 15 2017 16:28:20 GMT+0800 (CST) ] {"err":0,"msg":"JbPANhvj7WPgMCk7SnTtjgpXzTckvswqJw"}
[ Tue Aug 15 2017 16:28:20 GMT+0800 (CST) ] time is 2035
[ Tue Aug 15 2017 16:28:20 GMT+0800 (CST) ] {"err":0,"msg":"JMPamh4SiiAdy7TGvNZ3eSEVSPL9iFvHGr"}
[ Tue Aug 15 2017 16:28:20 GMT+0800 (CST) ] time is 2036
[ Tue Aug 15 2017 16:28:20 GMT+0800 (CST) ] {"err":0,"msg":"JgXjTARkMpNt8wR8XTjR4yV65z5h11FUto"}
[ Tue Aug 15 2017 16:28:20 GMT+0800 (CST) ] time is 2030
[ Tue Aug 15 2017 16:28:20 GMT+0800 (CST) ] {"err":0,"msg":"JdhHbkr13tStKSQqacr7vMLCmnZtEWxPxd"}
[ Tue Aug 15 2017 16:28:20 GMT+0800 (CST) ] time is 2039
[ Tue Aug 15 2017 16:28:20 GMT+0800 (CST) ] {"err":0,"msg":"JeLRaNhu3fRd2u8s27Z1HpNprdYyAXvCMs"}
[ Tue Aug 15 2017 16:28:20 GMT+0800 (CST) ] time is 2036
[ Tue Aug 15 2017 16:28:20 GMT+0800 (CST) ] {"err":0,"msg":"Jfm46R53Dms8NARJKB9p4Qaba3MmZaz9Sj"}
[ Tue Aug 15 2017 16:28:20 GMT+0800 (CST) ] time is 2037
[ Tue Aug 15 2017 16:28:20 GMT+0800 (CST) ] {"err":0,"msg":"JgcEytWZcQf1nHTkhkB7LgzVgvU2EkTkRh"}
[ Tue Aug 15 2017 16:28:20 GMT+0800 (CST) ] time is 2031
[ Tue Aug 15 2017 16:28:20 GMT+0800 (CST) ] {"err":0,"msg":"JTRnGouua7bXcYgs6DNoDsFnBqvHboTNik"}
[ Tue Aug 15 2017 16:28:20 GMT+0800 (CST) ] time is 2040
[ Tue Aug 15 2017 16:28:20 GMT+0800 (CST) ] {"err":0,"msg":"JbmQCezRS8j41jnsHg7Y2Au7Sypqpa64hW"}
[ Tue Aug 15 2017 16:28:20 GMT+0800 (CST) ] time is 2037
[ Tue Aug 15 2017 16:28:20 GMT+0800 (CST) ] {"err":0,"msg":"JS43wkNDPpYBaD1zZVenDXq4KDuCPfzRxC"}
[ Tue Aug 15 2017 16:28:20 GMT+0800 (CST) ] time is 2038
[ Tue Aug 15 2017 16:28:20 GMT+0800 (CST) ] {"err":0,"msg":"JVSq3n7GELUqzfnQFemhzAE19kvo24rmDB"}
[ Tue Aug 15 2017 16:28:20 GMT+0800 (CST) ] time is 2032
[ Tue Aug 15 2017 16:28:20 GMT+0800 (CST) ] {"err":0,"msg":"JRkcVhvNXyB4qLHe3s74uS53ife3PXGk4n"}
[ Tue Aug 15 2017 16:28:20 GMT+0800 (CST) ] time is 2041
[ Tue Aug 15 2017 16:28:20 GMT+0800 (CST) ] {"err":0,"msg":"Jf3ZxaoudGVQ6oFJtLEWJBEpDveDZMZDMi"}
[ Tue Aug 15 2017 16:28:20 GMT+0800 (CST) ] time is 2038
[ Tue Aug 15 2017 16:28:20 GMT+0800 (CST) ] {"err":0,"msg":"JSs43KiTRKX5tQ8jnU2syaLYrV8Ksmqv6x"}
[ Tue Aug 15 2017 16:28:20 GMT+0800 (CST) ] time is 2039
[ Tue Aug 15 2017 16:28:20 GMT+0800 (CST) ] {"err":0,"msg":"Ja7nJQFPtKwUpRnkLKMa8HMUKPTVecitA6"}
[ Tue Aug 15 2017 16:28:20 GMT+0800 (CST) ] time is 2033
[ Tue Aug 15 2017 16:28:20 GMT+0800 (CST) ] {"err":0,"msg":"JcPY15DLV44LHSUmyYHYufanNbuEcLrMpe"}
[ Tue Aug 15 2017 16:28:20 GMT+0800 (CST) ] time is 2042
[ Tue Aug 15 2017 16:28:20 GMT+0800 (CST) ] {"err":0,"msg":"JUAriwtnm11UqdeWXCQ4qoRag7VBki1QF5"}
[ Tue Aug 15 2017 16:28:20 GMT+0800 (CST) ] time is 2039
[ Tue Aug 15 2017 16:28:20 GMT+0800 (CST) ] {"err":0,"msg":"JTDtnLo7mWRAHMQwtighEzUq7s9pdJNGrk"}
[ Tue Aug 15 2017 16:28:20 GMT+0800 (CST) ] time is 2040
[ Tue Aug 15 2017 16:28:20 GMT+0800 (CST) ] {"err":0,"msg":"JTawf1dipzvRNEZ7YMGNkJWzGmCKbMjhHG"}
[ Tue Aug 15 2017 16:28:20 GMT+0800 (CST) ] time is 2034
[ Tue Aug 15 2017 16:28:20 GMT+0800 (CST) ] {"err":0,"msg":"JUm4JZyqLaAGLxfdshPZpc4GzSBjg7STFh"}
[ Tue Aug 15 2017 16:28:20 GMT+0800 (CST) ] time is 2043
[ Tue Aug 15 2017 16:28:20 GMT+0800 (CST) ] {"err":0,"msg":"JXD68zuTczw6SSh3TNmC33UtvxzXNwkwCc"}
[ Tue Aug 15 2017 16:28:20 GMT+0800 (CST) ] time is 2040
[ Tue Aug 15 2017 16:28:20 GMT+0800 (CST) ] {"err":0,"msg":"JWCfaoWGHJrqtJt7kRa9LUm6TEWgixphVs"}
[ Tue Aug 15 2017 16:28:20 GMT+0800 (CST) ] time is 2041
[ Tue Aug 15 2017 16:28:20 GMT+0800 (CST) ] {"err":0,"msg":"JbAqhn8FMzeBhHmWj9fDHjdYd6XvzsV38u"}
[ Tue Aug 15 2017 16:28:20 GMT+0800 (CST) ] time is 2035
[ Tue Aug 15 2017 16:28:20 GMT+0800 (CST) ] {"err":0,"msg":"JbsoEQw4Hvb9DkMKgHMJAmgHYgtYNyXBu7"}
[ Tue Aug 15 2017 16:28:21 GMT+0800 (CST) ] time is 2041
[ Tue Aug 15 2017 16:28:21 GMT+0800 (CST) ] {"err":0,"msg":"Jbx77NzEisYUAagsnrWyAEfkJy7ECa6A9A"}
[ Tue Aug 15 2017 16:28:21 GMT+0800 (CST) ] time is 2044
[ Tue Aug 15 2017 16:28:21 GMT+0800 (CST) ] {"err":0,"msg":"JeUCsanqkp4ft5NJV7aU2LWBXodWskysnq"}
[ Tue Aug 15 2017 16:28:21 GMT+0800 (CST) ] time is 2042
[ Tue Aug 15 2017 16:28:21 GMT+0800 (CST) ] {"err":0,"msg":"JN89FHNgYjcQFiShz5FxLNkJ8LJr31W6Wz"}
[ Tue Aug 15 2017 16:28:21 GMT+0800 (CST) ] time is 2036
[ Tue Aug 15 2017 16:28:21 GMT+0800 (CST) ] {"err":0,"msg":"JR3AVD3qFd6BYy2pKrL2B3XpuD461zNsbx"}
[ Tue Aug 15 2017 16:28:21 GMT+0800 (CST) ] time is 2042
[ Tue Aug 15 2017 16:28:21 GMT+0800 (CST) ] {"err":0,"msg":"JZosmshkB2cnivESqRPqgn1VAkdFZS7XjH"}
[ Tue Aug 15 2017 16:28:21 GMT+0800 (CST) ] time is 2045
[ Tue Aug 15 2017 16:28:21 GMT+0800 (CST) ] {"err":0,"msg":"JPdiMQkvBaTabDNovvvN6qcqpDDDs7GVok"}
[ Tue Aug 15 2017 16:28:21 GMT+0800 (CST) ] time is 2043
[ Tue Aug 15 2017 16:28:21 GMT+0800 (CST) ] {"err":0,"msg":"JSAGXxUh2HhB2u7V13q8PMGKH8dGQjjTVo"}
[ Tue Aug 15 2017 16:28:21 GMT+0800 (CST) ] time is 2037
[ Tue Aug 15 2017 16:28:21 GMT+0800 (CST) ] {"err":0,"msg":"Jbvz8jj6QjfybGSUDtr42DJMdGNHDoYMC9"}
[ Tue Aug 15 2017 16:28:21 GMT+0800 (CST) ] time is 2043
[ Tue Aug 15 2017 16:28:21 GMT+0800 (CST) ] {"err":0,"msg":"JLGaVxjBatpc5v6pcSqizr5FDhJzYUL4hQ"}
[ Tue Aug 15 2017 16:28:21 GMT+0800 (CST) ] time is 2046
[ Tue Aug 15 2017 16:28:21 GMT+0800 (CST) ] {"err":0,"msg":"JLTm3F8RSJT81UA3c29xuJ28kWnYtkzKys"}
[ Tue Aug 15 2017 16:28:21 GMT+0800 (CST) ] time is 2044
[ Tue Aug 15 2017 16:28:21 GMT+0800 (CST) ] {"err":0,"msg":"JRXf7mgcNS8sJ8ruZQe6thVDA8TzwPNxMM"}
[ Tue Aug 15 2017 16:28:21 GMT+0800 (CST) ] {"err":0,"msg":"JV6Rgv6er97XU527jmdmg8MF7VfuiQJXQT"}
[ Tue Aug 15 2017 16:28:21 GMT+0800 (CST) ] time is 2038
[ Tue Aug 15 2017 16:28:21 GMT+0800 (CST) ] time is 2044
[ Tue Aug 15 2017 16:28:21 GMT+0800 (CST) ] {"err":0,"msg":"JNGx6qggwrgS2z1PPLT5BKYfhh2nT4ozCG"}
[ Tue Aug 15 2017 16:28:21 GMT+0800 (CST) ] time is 2047
[ Tue Aug 15 2017 16:28:21 GMT+0800 (CST) ] {"err":0,"msg":"JV36dJDU9xS4pP1XZ4iJ3rKS1XnAymcWhr"}
[ Tue Aug 15 2017 16:28:21 GMT+0800 (CST) ] time is 2045
[ Tue Aug 15 2017 16:28:21 GMT+0800 (CST) ] {"err":0,"msg":"JQecSHeRb6WkQhy6NaoKKZLFsPGz5AQ6Mi"}
[ Tue Aug 15 2017 16:28:21 GMT+0800 (CST) ] time is 2039
[ Tue Aug 15 2017 16:28:21 GMT+0800 (CST) ] {"err":0,"msg":"Jh9JuGZrTNthwd115SvnwTQWKXQYaERRSr"}
[ Tue Aug 15 2017 16:28:21 GMT+0800 (CST) ] time is 2045
[ Tue Aug 15 2017 16:28:21 GMT+0800 (CST) ] {"err":0,"msg":"JNgimhwiux11x5v9d44DSQzzcXBQ24r7RM"}
[ Tue Aug 15 2017 16:28:21 GMT+0800 (CST) ] time is 2046
[ Tue Aug 15 2017 16:28:21 GMT+0800 (CST) ] {"err":0,"msg":"JL5rKjFCmdRRk5p4Mct7Zr5WKAHFtKqmWF"}
[ Tue Aug 15 2017 16:28:21 GMT+0800 (CST) ] time is 2040
[ Tue Aug 15 2017 16:28:21 GMT+0800 (CST) ] {"err":0,"msg":"JhdvkcayS2XiHwPjDcDVwudmK8wjuMr674"}
[ Tue Aug 15 2017 16:28:21 GMT+0800 (CST) ] {"err":0,"msg":"JeUBwThbBghwSZwVaWmRkUEJ8nRN6ouvgi"}
[ Tue Aug 15 2017 16:28:21 GMT+0800 (CST) ] time is 2048
[ Tue Aug 15 2017 16:28:21 GMT+0800 (CST) ] time is 2046
[ Tue Aug 15 2017 16:28:21 GMT+0800 (CST) ] {"err":0,"msg":"Jaje3w2gu52PH9cTygepVVp8Hx6gwfNUZd"}
[ Tue Aug 15 2017 16:28:21 GMT+0800 (CST) ] time is 2047
[ Tue Aug 15 2017 16:28:21 GMT+0800 (CST) ] {"err":0,"msg":"JdwXc18sBVm8k7eiXkC4FKELWanto1XYkz"}
[ Tue Aug 15 2017 16:28:21 GMT+0800 (CST) ] time is 2041
[ Tue Aug 15 2017 16:28:21 GMT+0800 (CST) ] {"err":0,"msg":"JdXh9bUT9idfYdxzEiPvteWPMhkCfscsvp"}
[ Tue Aug 15 2017 16:28:21 GMT+0800 (CST) ] time is 2049
[ Tue Aug 15 2017 16:28:21 GMT+0800 (CST) ] {"err":0,"msg":"JUhTHjXdVxVAVSjhuVaFetFxQSqGqdnzWf"}
[ Tue Aug 15 2017 16:28:21 GMT+0800 (CST) ] time is 2047
[ Tue Aug 15 2017 16:28:21 GMT+0800 (CST) ] {"err":0,"msg":"JM2zuAKxHFsR27DKxjUKmhDcLHy6i2p4HH"}
[ Tue Aug 15 2017 16:28:21 GMT+0800 (CST) ] time is 2048
[ Tue Aug 15 2017 16:28:21 GMT+0800 (CST) ] {"err":0,"msg":"JgFMu3mrhiXoEt1pgozSZ5BoD8QeDdtKBc"}
[ Tue Aug 15 2017 16:28:21 GMT+0800 (CST) ] time is 2050
[ Tue Aug 15 2017 16:28:21 GMT+0800 (CST) ] {"err":0,"msg":"JMwZ7E253NMxggNVwfyerXVkAHaXmi2vZW"}
[ Tue Aug 15 2017 16:28:21 GMT+0800 (CST) ] time is 2048
[ Tue Aug 15 2017 16:28:21 GMT+0800 (CST) ] {"err":0,"msg":"JVtBCSqvDZZM9PWapF3dUuok9QP7nSGP3s"}
[ Tue Aug 15 2017 16:28:21 GMT+0800 (CST) ] time is 2042
[ Tue Aug 15 2017 16:28:21 GMT+0800 (CST) ] {"err":0,"msg":"Jcemv5UUeufKkBur1bfHJ61m1N3f1mvRB1"}
[ Tue Aug 15 2017 16:28:21 GMT+0800 (CST) ] time is 2049
[ Tue Aug 15 2017 16:28:21 GMT+0800 (CST) ] {"err":0,"msg":"JYGHydWZV57wKiPBdZuknPaFC8yPkRQU3F"}
[ Tue Aug 15 2017 16:28:21 GMT+0800 (CST) ] time is 2049
[ Tue Aug 15 2017 16:28:21 GMT+0800 (CST) ] {"err":0,"msg":"JghkYEK4vXYgA2ZUBP1RX2EXgdibPLwnPq"}
[ Tue Aug 15 2017 16:28:21 GMT+0800 (CST) ] time is 2051
[ Tue Aug 15 2017 16:28:21 GMT+0800 (CST) ] {"err":0,"msg":"JgEeU2Ag35eZe59bLAEujKTvfC5t2qm9EZ"}
[ Tue Aug 15 2017 16:28:21 GMT+0800 (CST) ] time is 2043
[ Tue Aug 15 2017 16:28:21 GMT+0800 (CST) ] {"err":0,"msg":"JS8ZH2ReLeiVjCJ8xKroYvtmmN3bQqoccw"}
[ Tue Aug 15 2017 16:28:21 GMT+0800 (CST) ] time is 2050
[ Tue Aug 15 2017 16:28:21 GMT+0800 (CST) ] {"err":0,"msg":"JTToxDgrE16M72eBF69LsTqJiTVX3jFWk5"}
[ Tue Aug 15 2017 16:28:21 GMT+0800 (CST) ] time is 2050
[ Tue Aug 15 2017 16:28:21 GMT+0800 (CST) ] {"err":0,"msg":"JVp5odMzyfYTunNXaYG9cdYK1N7UD116xH"}
[ Tue Aug 15 2017 16:28:21 GMT+0800 (CST) ] time is 2052
[ Tue Aug 15 2017 16:28:21 GMT+0800 (CST) ] {"err":0,"msg":"JZHtW1JWxxzC7qjwYbzTJ9dPK197hdDwZD"}
[ Tue Aug 15 2017 16:28:21 GMT+0800 (CST) ] {"err":0,"msg":"JM9ktsYar1mnU1K1ZQQ5kiLD3NHBCHaHG7"}
[ Tue Aug 15 2017 16:28:21 GMT+0800 (CST) ] time is 2044
[ Tue Aug 15 2017 16:28:21 GMT+0800 (CST) ] time is 2051
[ Tue Aug 15 2017 16:28:21 GMT+0800 (CST) ] {"err":0,"msg":"JVZfxA5YYkqNsCwkHzXDnfCsQYGnQ3aRgp"}
[ Tue Aug 15 2017 16:28:21 GMT+0800 (CST) ] time is 2051
[ Tue Aug 15 2017 16:28:21 GMT+0800 (CST) ] {"err":0,"msg":"JZisqgEYKZ9wV92jhcQpqebJ8YERrkS1En"}
[ Tue Aug 15 2017 16:28:21 GMT+0800 (CST) ] time is 2053
[ Tue Aug 15 2017 16:28:21 GMT+0800 (CST) ] {"err":0,"msg":"JQtaBgUCYEMe9HeYpTPytpeF93136kLj59"}
[ Tue Aug 15 2017 16:28:21 GMT+0800 (CST) ] time is 2045
[ Tue Aug 15 2017 16:28:21 GMT+0800 (CST) ] {"err":0,"msg":"JTrxDuQVsRaqXkREEeMEv8pxHRPQ8jF6E5"}
[ Tue Aug 15 2017 16:28:21 GMT+0800 (CST) ] time is 2052
[ Tue Aug 15 2017 16:28:21 GMT+0800 (CST) ] {"err":0,"msg":"JhefD2Zs9TCmndtea5LX6nAearS3VVQJyt"}
[ Tue Aug 15 2017 16:28:21 GMT+0800 (CST) ] time is 2052
[ Tue Aug 15 2017 16:28:21 GMT+0800 (CST) ] {"err":0,"msg":"JZLcJU9kkDwDXM8R6c67YjpT999BMjh2q2"}
[ Tue Aug 15 2017 16:28:21 GMT+0800 (CST) ] time is 2054
[ Tue Aug 15 2017 16:28:21 GMT+0800 (CST) ] {"err":0,"msg":"JVntp4awDnhQUFaLN6LYSjK4HadJVkEWRX"}
[ Tue Aug 15 2017 16:28:21 GMT+0800 (CST) ] time is 2046
[ Tue Aug 15 2017 16:28:21 GMT+0800 (CST) ] {"err":0,"msg":"JacH6qYdeBryXYRkzqcq5sVHYosKBqhFzH"}
[ Tue Aug 15 2017 16:28:21 GMT+0800 (CST) ] time is 2053
[ Tue Aug 15 2017 16:28:21 GMT+0800 (CST) ] {"err":0,"msg":"JK5K6W8LZ6hm7MNCPKtRDSFe1phHRaaq1p"}
[ Tue Aug 15 2017 16:28:21 GMT+0800 (CST) ] time is 2053
[ Tue Aug 15 2017 16:28:21 GMT+0800 (CST) ] {"err":0,"msg":"JUiTaEK8QC9aTxKzGs2UYDoSMjkvypZkGa"}
[ Tue Aug 15 2017 16:28:21 GMT+0800 (CST) ] time is 2055
[ Tue Aug 15 2017 16:28:21 GMT+0800 (CST) ] {"err":0,"msg":"JUP3gprzNKkjZpyntajsfPenU1KQS94LdN"}
[ Tue Aug 15 2017 16:28:21 GMT+0800 (CST) ] time is 2047
[ Tue Aug 15 2017 16:28:21 GMT+0800 (CST) ] {"err":0,"msg":"JavGL4npv8b8n3ewESpZdA9qURqiK2ogn1"}
[ Tue Aug 15 2017 16:28:21 GMT+0800 (CST) ] time is 2054
[ Tue Aug 15 2017 16:28:21 GMT+0800 (CST) ] {"err":0,"msg":"JJwYQ4iBbFLwYXbr1AcD2dF8YuWvFz5YDd"}
[ Tue Aug 15 2017 16:28:21 GMT+0800 (CST) ] time is 2054
[ Tue Aug 15 2017 16:28:21 GMT+0800 (CST) ] {"err":0,"msg":"JgcikpS3deVay8DkzBtsbCa2NwLN1dpjZU"}
[ Tue Aug 15 2017 16:28:21 GMT+0800 (CST) ] time is 2056
[ Tue Aug 15 2017 16:28:21 GMT+0800 (CST) ] {"err":0,"msg":"JJYXcPMWUdfjiGTAEAYSKKdnJWwb3S4y3u"}
[ Tue Aug 15 2017 16:28:21 GMT+0800 (CST) ] time is 2048
[ Tue Aug 15 2017 16:28:21 GMT+0800 (CST) ] {"err":0,"msg":"JUAArseAevZbJjp15FzUvjRu4oDMdKMPmA"}
[ Tue Aug 15 2017 16:28:21 GMT+0800 (CST) ] time is 2055
[ Tue Aug 15 2017 16:28:21 GMT+0800 (CST) ] {"err":0,"msg":"JRwy2AA27DYgLg6xFQsJatFSUGvASr6Wbv"}
[ Tue Aug 15 2017 16:28:21 GMT+0800 (CST) ] time is 2055
[ Tue Aug 15 2017 16:28:21 GMT+0800 (CST) ] {"err":0,"msg":"JfkKeRQrNELZkG6APmyQeSP1iwbKMnbW2B"}
[ Tue Aug 15 2017 16:28:21 GMT+0800 (CST) ] time is 2057
[ Tue Aug 15 2017 16:28:21 GMT+0800 (CST) ] {"err":0,"msg":"JUHW68crkisL3sb8d3HwPcUqXZWcHzio3V"}
[ Tue Aug 15 2017 16:28:21 GMT+0800 (CST) ] time is 2049
[ Tue Aug 15 2017 16:28:21 GMT+0800 (CST) ] {"err":0,"msg":"JdthKa9KNWWiwp6E1xV26ubmWYpLUw5pSW"}
[ Tue Aug 15 2017 16:28:21 GMT+0800 (CST) ] time is 2056
[ Tue Aug 15 2017 16:28:21 GMT+0800 (CST) ] {"err":0,"msg":"JcJ6bgBAZE4KjfuPGg1pkyN3h1VQwMsDUs"}
[ Tue Aug 15 2017 16:28:21 GMT+0800 (CST) ] time is 2056
[ Tue Aug 15 2017 16:28:21 GMT+0800 (CST) ] {"err":0,"msg":"Jh8yQ7NZxwNAU9fyScEhjEPP3ZbKvKaKDw"}
[ Tue Aug 15 2017 16:28:21 GMT+0800 (CST) ] time is 2058
[ Tue Aug 15 2017 16:28:21 GMT+0800 (CST) ] {"err":0,"msg":"Jg14DDrse3XRuxgmjsuWBieksCC3xydjgo"}
[ Tue Aug 15 2017 16:28:21 GMT+0800 (CST) ] time is 2050
[ Tue Aug 15 2017 16:28:21 GMT+0800 (CST) ] {"err":0,"msg":"JNhfGSuVm7LVB1VvYwmtG6ESqvocLss5aJ"}
[ Tue Aug 15 2017 16:28:21 GMT+0800 (CST) ] time is 2057
[ Tue Aug 15 2017 16:28:21 GMT+0800 (CST) ] {"err":0,"msg":"JWSaMtrD747th6gv3wx2JPonvomKtSFphv"}
[ Tue Aug 15 2017 16:28:21 GMT+0800 (CST) ] time is 2057
[ Tue Aug 15 2017 16:28:21 GMT+0800 (CST) ] {"err":0,"msg":"JfDNWDPNBWVWseQWfpXfX2jXAvPPxBVq47"}
[ Tue Aug 15 2017 16:28:21 GMT+0800 (CST) ] time is 2059
[ Tue Aug 15 2017 16:28:21 GMT+0800 (CST) ] {"err":0,"msg":"JN1k3FXHTGAWhzNiLcWRwaPtMqSMN7W3AS"}
[ Tue Aug 15 2017 16:28:21 GMT+0800 (CST) ] time is 2051
[ Tue Aug 15 2017 16:28:21 GMT+0800 (CST) ] {"err":0,"msg":"JhrvfDiDXhwcJbVoX8qNytcea9BdDcE3ui"}
[ Tue Aug 15 2017 16:28:21 GMT+0800 (CST) ] time is 2058
[ Tue Aug 15 2017 16:28:21 GMT+0800 (CST) ] {"err":0,"msg":"JP1Urc9N1azztEGNbZioqqkSm5r2VPqXzB"}
[ Tue Aug 15 2017 16:28:21 GMT+0800 (CST) ] time is 2058
[ Tue Aug 15 2017 16:28:21 GMT+0800 (CST) ] {"err":0,"msg":"JfxirdhrqmJTzCqjxbv7LPqQSzhHy2Kh6F"}
[ Tue Aug 15 2017 16:28:21 GMT+0800 (CST) ] time is 2060
[ Tue Aug 15 2017 16:28:21 GMT+0800 (CST) ] {"err":0,"msg":"JahzCm1FjwWWsLKFdtK2oV4TBjB8ejSK8w"}
[ Tue Aug 15 2017 16:28:21 GMT+0800 (CST) ] time is 2059
[ Tue Aug 15 2017 16:28:21 GMT+0800 (CST) ] {"err":0,"msg":"JWwyLuRfzDQwWPDoTkCuWTUpse27HzSmE3"}
[ Tue Aug 15 2017 16:28:22 GMT+0800 (CST) ] time is 2052
[ Tue Aug 15 2017 16:28:22 GMT+0800 (CST) ] {"err":0,"msg":"JgHf8qFNqy61KbiWpRp7dABhCcCK9pKSKf"}
[ Tue Aug 15 2017 16:28:22 GMT+0800 (CST) ] time is 2059
[ Tue Aug 15 2017 16:28:22 GMT+0800 (CST) ] {"err":0,"msg":"JbRnYg9a5SKSwugioHfq8DD9Fasw1U1j7U"}
[ Tue Aug 15 2017 16:28:22 GMT+0800 (CST) ] time is 2061
[ Tue Aug 15 2017 16:28:22 GMT+0800 (CST) ] {"err":0,"msg":"JX3j3XDzC1SsgeoEz7LHMK4eGy5BwsoiPc"}
[ Tue Aug 15 2017 16:28:22 GMT+0800 (CST) ] time is 2060
[ Tue Aug 15 2017 16:28:22 GMT+0800 (CST) ] {"err":0,"msg":"JaU2ouyHe6xtg7ZPbpdnHiMmFvAaZ3k9JJ"}
[ Tue Aug 15 2017 16:28:22 GMT+0800 (CST) ] time is 2053
[ Tue Aug 15 2017 16:28:22 GMT+0800 (CST) ] {"err":0,"msg":"JKY1ubNqQtiragNaxnnuMw7cRiT5rz4BcT"}
[ Tue Aug 15 2017 16:28:22 GMT+0800 (CST) ] time is 2060
[ Tue Aug 15 2017 16:28:22 GMT+0800 (CST) ] {"err":0,"msg":"Ja2kNpdm2B5Gt9JcJ1MdkiMBWRtM6nSEPG"}
[ Tue Aug 15 2017 16:28:22 GMT+0800 (CST) ] time is 2062
[ Tue Aug 15 2017 16:28:22 GMT+0800 (CST) ] {"err":0,"msg":"JJxhkTpnaTALR14c7AeDyWDPP7RJqSLTW3"}
[ Tue Aug 15 2017 16:28:22 GMT+0800 (CST) ] time is 2061
[ Tue Aug 15 2017 16:28:22 GMT+0800 (CST) ] {"err":0,"msg":"Jd4jEoQ4wN3DQ3o1K6XJSnacfUayrR4XJm"}
[ Tue Aug 15 2017 16:28:22 GMT+0800 (CST) ] time is 2054
[ Tue Aug 15 2017 16:28:22 GMT+0800 (CST) ] {"err":0,"msg":"JMq23Ry73epPKmkeCNp2Z27pGJ93qb8GLA"}
[ Tue Aug 15 2017 16:28:22 GMT+0800 (CST) ] time is 2061
[ Tue Aug 15 2017 16:28:22 GMT+0800 (CST) ] {"err":0,"msg":"JSMnTrYvyuutowNHsm3kNxmp7EtkGFmWFL"}
[ Tue Aug 15 2017 16:28:22 GMT+0800 (CST) ] time is 2063
[ Tue Aug 15 2017 16:28:22 GMT+0800 (CST) ] {"err":0,"msg":"JQkwFEjra9SuAq7vs2vFyZZbfN7uuo9sab"}
[ Tue Aug 15 2017 16:28:22 GMT+0800 (CST) ] time is 2062
[ Tue Aug 15 2017 16:28:22 GMT+0800 (CST) ] {"err":0,"msg":"JNNTEXn5u36HyBHvx2bH7dUo2AuRCmq7ja"}
[ Tue Aug 15 2017 16:28:22 GMT+0800 (CST) ] time is 2055
[ Tue Aug 15 2017 16:28:22 GMT+0800 (CST) ] {"err":0,"msg":"JV1eybPqUJK56TtFf6uCALMByXxuX8azxU"}
[ Tue Aug 15 2017 16:28:22 GMT+0800 (CST) ] time is 2062
[ Tue Aug 15 2017 16:28:22 GMT+0800 (CST) ] {"err":0,"msg":"JWhA3kVsi7BKWZam3MaVgD94nU8kMV4hBu"}
[ Tue Aug 15 2017 16:28:22 GMT+0800 (CST) ] time is 2064
[ Tue Aug 15 2017 16:28:22 GMT+0800 (CST) ] {"err":0,"msg":"JSHWyELTsdn59vxLEaHV3Ya73AmWuQPfbM"}
[ Tue Aug 15 2017 16:28:22 GMT+0800 (CST) ] time is 2056
[ Tue Aug 15 2017 16:28:22 GMT+0800 (CST) ] {"err":0,"msg":"JSdpJeCroHYQBmVXMqhA5gNrhQzrevgrFu"}
[ Tue Aug 15 2017 16:28:22 GMT+0800 (CST) ] time is 2063
[ Tue Aug 15 2017 16:28:22 GMT+0800 (CST) ] {"err":0,"msg":"JVASU3tqdwLWxJaffieDtnk2PkRes7tJCb"}
[ Tue Aug 15 2017 16:28:22 GMT+0800 (CST) ] time is 2063
[ Tue Aug 15 2017 16:28:22 GMT+0800 (CST) ] {"err":0,"msg":"JXPLYg1XSyRoSk13mHUU34YH7RWBkTiDqj"}
[ Tue Aug 15 2017 16:28:22 GMT+0800 (CST) ] time is 2065
[ Tue Aug 15 2017 16:28:22 GMT+0800 (CST) ] {"err":0,"msg":"JRNaP1Rnmhwu5nk75DnoAf4GhhAf22bBBF"}
[ Tue Aug 15 2017 16:28:22 GMT+0800 (CST) ] time is 2057
[ Tue Aug 15 2017 16:28:22 GMT+0800 (CST) ] {"err":0,"msg":"JY634pHVWJ9bkcx7iUc1Z8cyS6rAU7KdGk"}
[ Tue Aug 15 2017 16:28:22 GMT+0800 (CST) ] time is 2064
[ Tue Aug 15 2017 16:28:22 GMT+0800 (CST) ] {"err":0,"msg":"Jb51JxbBnHuQCjvt48WH2Up7znfFA9NrJJ"}
[ Tue Aug 15 2017 16:28:22 GMT+0800 (CST) ] time is 2064
[ Tue Aug 15 2017 16:28:22 GMT+0800 (CST) ] {"err":0,"msg":"Jf3e12PF2HaWNnPoaZD9fxCqBSZi5we4xE"}
[ Tue Aug 15 2017 16:28:22 GMT+0800 (CST) ] time is 2066
[ Tue Aug 15 2017 16:28:22 GMT+0800 (CST) ] {"err":0,"msg":"JezkmCycB2Ru8an6cAkq4NJa3jvfzAwgF1"}
[ Tue Aug 15 2017 16:28:22 GMT+0800 (CST) ] time is 2058
[ Tue Aug 15 2017 16:28:22 GMT+0800 (CST) ] {"err":0,"msg":"JXnvccVNVMLNyHv6mxaRfMvfgrHtAVGvX3"}
[ Tue Aug 15 2017 16:28:22 GMT+0800 (CST) ] time is 2065
[ Tue Aug 15 2017 16:28:22 GMT+0800 (CST) ] {"err":0,"msg":"JTeUmZQmyCfnSemLYEQcsBhFd6WFWhZWA1"}
[ Tue Aug 15 2017 16:28:22 GMT+0800 (CST) ] time is 2067
[ Tue Aug 15 2017 16:28:22 GMT+0800 (CST) ] {"err":0,"msg":"JRf5s99Z2mBMxiir2je4QAxiTpyGCk9Tph"}
[ Tue Aug 15 2017 16:28:22 GMT+0800 (CST) ] time is 2065
[ Tue Aug 15 2017 16:28:22 GMT+0800 (CST) ] {"err":0,"msg":"JSBe8bR1TwheLQxprN2xQqmGBUdMifXtY4"}
[ Tue Aug 15 2017 16:28:22 GMT+0800 (CST) ] time is 2059
[ Tue Aug 15 2017 16:28:22 GMT+0800 (CST) ] {"err":0,"msg":"Ja5xffvjpv4p4z8gkxb6J83ghG4L7jTH54"}
[ Tue Aug 15 2017 16:28:22 GMT+0800 (CST) ] time is 2066
[ Tue Aug 15 2017 16:28:22 GMT+0800 (CST) ] {"err":0,"msg":"JU5yeTKMUkKzCc6JAVE43eHLwnzBjUpXYq"}
[ Tue Aug 15 2017 16:28:22 GMT+0800 (CST) ] time is 2068
[ Tue Aug 15 2017 16:28:22 GMT+0800 (CST) ] {"err":0,"msg":"JUi4D3vPFaUnk8eCaT8GgUFDspPxj1J2Ax"}
[ Tue Aug 15 2017 16:28:22 GMT+0800 (CST) ] time is 2066
[ Tue Aug 15 2017 16:28:22 GMT+0800 (CST) ] {"err":0,"msg":"JTsEaeTaNuRgiHxjmMocHg9nLpgxMtKfD9"}
[ Tue Aug 15 2017 16:28:22 GMT+0800 (CST) ] time is 2060
[ Tue Aug 15 2017 16:28:22 GMT+0800 (CST) ] {"err":0,"msg":"JhVH67uL5eU11MCcjDma5rigp1ou8nFTXW"}
[ Tue Aug 15 2017 16:28:22 GMT+0800 (CST) ] time is 2067
[ Tue Aug 15 2017 16:28:22 GMT+0800 (CST) ] {"err":0,"msg":"JZ9vVFEYb6qENeLtYVv5u1r2ndgKmnGYJZ"}
[ Tue Aug 15 2017 16:28:22 GMT+0800 (CST) ] time is 2069
[ Tue Aug 15 2017 16:28:22 GMT+0800 (CST) ] {"err":0,"msg":"JQJ8AzD56RYNZytAFbvatCbhGZrxUpsSqG"}
[ Tue Aug 15 2017 16:28:22 GMT+0800 (CST) ] time is 2067
[ Tue Aug 15 2017 16:28:22 GMT+0800 (CST) ] {"err":0,"msg":"JTKMa7mqaEVqm23EY4Rvo2v5EgtmoPKhmd"}
[ Tue Aug 15 2017 16:28:22 GMT+0800 (CST) ] time is 2061
[ Tue Aug 15 2017 16:28:22 GMT+0800 (CST) ] {"err":0,"msg":"JVUhZX31f9azEHpJ5rqUQHTht9AobJbyBH"}
[ Tue Aug 15 2017 16:28:22 GMT+0800 (CST) ] time is 2068
[ Tue Aug 15 2017 16:28:22 GMT+0800 (CST) ] {"err":0,"msg":"JKWpcLWSr5ZehX5g7bTbp3vfMDydg55Vtu"}
[ Tue Aug 15 2017 16:28:22 GMT+0800 (CST) ] time is 2070
[ Tue Aug 15 2017 16:28:22 GMT+0800 (CST) ] {"err":0,"msg":"JfxvLpTCKVSvnt6fdWCmkcB5kkESi5gupY"}
[ Tue Aug 15 2017 16:28:22 GMT+0800 (CST) ] time is 2068
[ Tue Aug 15 2017 16:28:22 GMT+0800 (CST) ] {"err":0,"msg":"JRLAPMwAq3GPcAfo4cGz4E5QMgSvUFCKRH"}
[ Tue Aug 15 2017 16:28:22 GMT+0800 (CST) ] time is 2062
[ Tue Aug 15 2017 16:28:22 GMT+0800 (CST) ] {"err":0,"msg":"JVSwu24gfgA3zk6o5AgXmHzbtFKf9PHUoH"}
[ Tue Aug 15 2017 16:28:22 GMT+0800 (CST) ] time is 2069
[ Tue Aug 15 2017 16:28:22 GMT+0800 (CST) ] {"err":0,"msg":"JU765DbYjpfSNivzMSADUQqk7amQdP377P"}
[ Tue Aug 15 2017 16:28:22 GMT+0800 (CST) ] time is 2071
[ Tue Aug 15 2017 16:28:22 GMT+0800 (CST) ] {"err":0,"msg":"JVoujQi2pb1k4xo5wkhjDMa4EFwfazs9ye"}
[ Tue Aug 15 2017 16:28:22 GMT+0800 (CST) ] time is 2063
[ Tue Aug 15 2017 16:28:22 GMT+0800 (CST) ] {"err":0,"msg":"JPhsVxGBDBDKgjot1T76Lm8jLXiMRxAXMf"}
[ Tue Aug 15 2017 16:28:22 GMT+0800 (CST) ] {"err":0,"msg":"JPJMSVwsuNv7Gcyk2qN8RcX9Q56c6HgZqi"}
[ Tue Aug 15 2017 16:28:22 GMT+0800 (CST) ] time is 2069
[ Tue Aug 15 2017 16:28:22 GMT+0800 (CST) ] time is 2070
[ Tue Aug 15 2017 16:28:22 GMT+0800 (CST) ] {"err":0,"msg":"JVfttyZJ7NXTRgbjJ8DShSghxpTMhq2odz"}
[ Tue Aug 15 2017 16:28:22 GMT+0800 (CST) ] time is 2072
[ Tue Aug 15 2017 16:28:22 GMT+0800 (CST) ] {"err":0,"msg":"JSZerfwDeo66bZxFzSmVwwMFD3Sv1Dynv3"}
[ Tue Aug 15 2017 16:28:22 GMT+0800 (CST) ] time is 2064
[ Tue Aug 15 2017 16:28:22 GMT+0800 (CST) ] {"err":0,"msg":"JJj5AiY4tVLf8dGA2XGNViWNBmQpoES4L8"}
[ Tue Aug 15 2017 16:28:22 GMT+0800 (CST) ] time is 2070
[ Tue Aug 15 2017 16:28:22 GMT+0800 (CST) ] {"err":0,"msg":"JX4sUXXTrsqDEsN2qY6P6GXYE6GWbBmqRe"}
[ Tue Aug 15 2017 16:28:22 GMT+0800 (CST) ] time is 2071
[ Tue Aug 15 2017 16:28:22 GMT+0800 (CST) ] {"err":0,"msg":"JfiKVJgXA2YpZbiCyDEsjHXixP5wyzHyLR"}
[ Tue Aug 15 2017 16:28:22 GMT+0800 (CST) ] time is 2073
[ Tue Aug 15 2017 16:28:22 GMT+0800 (CST) ] {"err":0,"msg":"Jcm2NxhjEhf7Hym5XKmreffsPopsRrpbUq"}
[ Tue Aug 15 2017 16:28:22 GMT+0800 (CST) ] time is 2065
[ Tue Aug 15 2017 16:28:22 GMT+0800 (CST) ] {"err":0,"msg":"JXMnqbY9A3N9C3jMHbSy3TqLqMBawyywMp"}
[ Tue Aug 15 2017 16:28:22 GMT+0800 (CST) ] time is 2071
[ Tue Aug 15 2017 16:28:22 GMT+0800 (CST) ] {"err":0,"msg":"JSHgheR8RyeeUAv5fbLKqGBX2F9fWRYt37"}
[ Tue Aug 15 2017 16:28:22 GMT+0800 (CST) ] time is 2072
[ Tue Aug 15 2017 16:28:22 GMT+0800 (CST) ] {"err":0,"msg":"JgXgYAcy8sn2gHtrh87a5vgGQrAA23V3i6"}
[ Tue Aug 15 2017 16:28:22 GMT+0800 (CST) ] time is 2074
[ Tue Aug 15 2017 16:28:22 GMT+0800 (CST) ] {"err":0,"msg":"JWs98Do2SW8SAGdDwAWTZRCabT23E5TNjP"}
[ Tue Aug 15 2017 16:28:22 GMT+0800 (CST) ] time is 2066
[ Tue Aug 15 2017 16:28:22 GMT+0800 (CST) ] {"err":0,"msg":"JU5NkE8xh2ALiRaL6MtMiTy1R9dHSsHk4g"}
[ Tue Aug 15 2017 16:28:22 GMT+0800 (CST) ] time is 2072
[ Tue Aug 15 2017 16:28:22 GMT+0800 (CST) ] {"err":0,"msg":"JUnaeG87xX99hxEhJ4eaVfVi3NTseAXcCs"}
[ Tue Aug 15 2017 16:28:22 GMT+0800 (CST) ] time is 2073
[ Tue Aug 15 2017 16:28:22 GMT+0800 (CST) ] {"err":0,"msg":"JV2FX8FphU7MM5bUpop33KjB7PwYiS7Ps3"}
[ Tue Aug 15 2017 16:28:22 GMT+0800 (CST) ] time is 2075
[ Tue Aug 15 2017 16:28:22 GMT+0800 (CST) ] {"err":0,"msg":"JRRDfE9v5oQ9ZtKHX6Fx2qSe3ZE9wyysYY"}
[ Tue Aug 15 2017 16:28:22 GMT+0800 (CST) ] time is 2067
[ Tue Aug 15 2017 16:28:22 GMT+0800 (CST) ] {"err":0,"msg":"JcKMLBEtUzD8KL6g9ScQA1zjbQ1fhkD98e"}
[ Tue Aug 15 2017 16:28:22 GMT+0800 (CST) ] time is 2073
[ Tue Aug 15 2017 16:28:22 GMT+0800 (CST) ] {"err":0,"msg":"JgJR9f658sCmeLBnQPDzWf5JhLqZcNtEZx"}
[ Tue Aug 15 2017 16:28:22 GMT+0800 (CST) ] time is 2074
[ Tue Aug 15 2017 16:28:22 GMT+0800 (CST) ] {"err":0,"msg":"JbCvzkQ7xNKF8qqPqzdxpVxyvxCnAsaPS1"}
[ Tue Aug 15 2017 16:28:22 GMT+0800 (CST) ] time is 2076
[ Tue Aug 15 2017 16:28:22 GMT+0800 (CST) ] {"err":0,"msg":"Jdj3dySk3Yii28UmMAf4vbVF78NENN7D9u"}
[ Tue Aug 15 2017 16:28:22 GMT+0800 (CST) ] time is 2068
[ Tue Aug 15 2017 16:28:22 GMT+0800 (CST) ] {"err":0,"msg":"JSYUZ1iZK5FrZiSE3Dp9UbL6SG3FAmCe5f"}
[ Tue Aug 15 2017 16:28:22 GMT+0800 (CST) ] time is 2074
[ Tue Aug 15 2017 16:28:22 GMT+0800 (CST) ] {"err":0,"msg":"JXv8xvuEVgun6f3dJih9cBim6sUVFaJuyH"}
[ Tue Aug 15 2017 16:28:22 GMT+0800 (CST) ] time is 2075
[ Tue Aug 15 2017 16:28:22 GMT+0800 (CST) ] {"err":0,"msg":"Jdyi2fC9Kwoki2LzWcnBtPnXNfRRBGjkNP"}
[ Tue Aug 15 2017 16:28:22 GMT+0800 (CST) ] time is 2077
[ Tue Aug 15 2017 16:28:22 GMT+0800 (CST) ] {"err":0,"msg":"JPPmh6XbhPnFeCi2G99kiwDQVbqmYJmoZi"}
[ Tue Aug 15 2017 16:28:22 GMT+0800 (CST) ] time is 2069
[ Tue Aug 15 2017 16:28:22 GMT+0800 (CST) ] {"err":0,"msg":"JhXi9f2TebE66vEzJG7nbCZb5ULu4FC9o8"}
[ Tue Aug 15 2017 16:28:22 GMT+0800 (CST) ] time is 2075
[ Tue Aug 15 2017 16:28:22 GMT+0800 (CST) ] {"err":0,"msg":"JUWoZCjUEsxrfyz2iVnjmN98nfrvdyX1q5"}
[ Tue Aug 15 2017 16:28:23 GMT+0800 (CST) ] time is 2076
[ Tue Aug 15 2017 16:28:23 GMT+0800 (CST) ] {"err":0,"msg":"JfhvvnNgqCEr3siXYfc2A5v9aZj2Ujppv8"}
[ Tue Aug 15 2017 16:28:23 GMT+0800 (CST) ] time is 2078
[ Tue Aug 15 2017 16:28:23 GMT+0800 (CST) ] {"err":0,"msg":"JXVyAUxhWDiz3BECCczwL2mTTMRgnUPxrw"}
[ Tue Aug 15 2017 16:28:23 GMT+0800 (CST) ] time is 2070
[ Tue Aug 15 2017 16:28:23 GMT+0800 (CST) ] {"err":0,"msg":"JKs1fy22MvFMsBKrC7XnRTvLWXD262v7zd"}
[ Tue Aug 15 2017 16:28:23 GMT+0800 (CST) ] time is 2076
[ Tue Aug 15 2017 16:28:23 GMT+0800 (CST) ] {"err":0,"msg":"JJxGhXRBs4HQJESLM4g2zUAmQC5n84F16b"}
[ Tue Aug 15 2017 16:28:23 GMT+0800 (CST) ] time is 2077
[ Tue Aug 15 2017 16:28:23 GMT+0800 (CST) ] {"err":0,"msg":"JSW5Hboonpc8MNknuQs4r5uEWNyGG7C4Gi"}
[ Tue Aug 15 2017 16:28:23 GMT+0800 (CST) ] time is 2079
[ Tue Aug 15 2017 16:28:23 GMT+0800 (CST) ] {"err":0,"msg":"Jf1UWPGhrASsB8Nh5WnBLXtppHGHMWZfT9"}
[ Tue Aug 15 2017 16:28:23 GMT+0800 (CST) ] time is 2071
[ Tue Aug 15 2017 16:28:23 GMT+0800 (CST) ] {"err":0,"msg":"JMdWTAPnJCUVDmVCwL3jELgTA38F2s7LQ2"}
[ Tue Aug 15 2017 16:28:23 GMT+0800 (CST) ] time is 2077
[ Tue Aug 15 2017 16:28:23 GMT+0800 (CST) ] {"err":0,"msg":"JVd4wqN1abmTYsvueKjRa2RhMYwUbHSXEZ"}
[ Tue Aug 15 2017 16:28:23 GMT+0800 (CST) ] time is 2078
[ Tue Aug 15 2017 16:28:23 GMT+0800 (CST) ] {"err":0,"msg":"JUzwYswWiDCVST51H7VYzHqSjC8yiQ9PgQ"}
[ Tue Aug 15 2017 16:28:23 GMT+0800 (CST) ] time is 2080
[ Tue Aug 15 2017 16:28:23 GMT+0800 (CST) ] {"err":0,"msg":"JKbA1RH5YwiVVJBdGbMRFWvLP5Bb2mLs49"}
[ Tue Aug 15 2017 16:28:23 GMT+0800 (CST) ] time is 2072
[ Tue Aug 15 2017 16:28:23 GMT+0800 (CST) ] {"err":0,"msg":"JPVszbUGpQzkP6H9rwjSJqF3sNCZosvbJy"}
[ Tue Aug 15 2017 16:28:23 GMT+0800 (CST) ] time is 2078
[ Tue Aug 15 2017 16:28:23 GMT+0800 (CST) ] {"err":0,"msg":"JNgM4aAYN32r8WKkuMkVh6JvutpAVrmvju"}
[ Tue Aug 15 2017 16:28:23 GMT+0800 (CST) ] time is 2079
[ Tue Aug 15 2017 16:28:23 GMT+0800 (CST) ] {"err":0,"msg":"Jb95Nzmntp1jb6rkYhhLqdNALFHj1xe4Z6"}
[ Tue Aug 15 2017 16:28:23 GMT+0800 (CST) ] time is 2081
[ Tue Aug 15 2017 16:28:23 GMT+0800 (CST) ] {"err":0,"msg":"JR76YRJRjr2BWb4FKd7xKdXMQ2Pck4k4wL"}
[ Tue Aug 15 2017 16:28:23 GMT+0800 (CST) ] time is 2073
[ Tue Aug 15 2017 16:28:23 GMT+0800 (CST) ] {"err":0,"msg":"JhLY7C2WhGg3A48sdhjZYZpNdXNTdNSxSP"}
[ Tue Aug 15 2017 16:28:23 GMT+0800 (CST) ] time is 2079
[ Tue Aug 15 2017 16:28:23 GMT+0800 (CST) ] {"err":0,"msg":"JdSiL1ibkRfk3BdPQYucqsYaPJV9F7F2Pn"}
[ Tue Aug 15 2017 16:28:23 GMT+0800 (CST) ] time is 2080
[ Tue Aug 15 2017 16:28:23 GMT+0800 (CST) ] {"err":0,"msg":"JRpzSZDQzJXRQWZ46Fe3dRUToX3xi24ob7"}
[ Tue Aug 15 2017 16:28:23 GMT+0800 (CST) ] time is 2082
[ Tue Aug 15 2017 16:28:23 GMT+0800 (CST) ] {"err":0,"msg":"JbQYpTUzKN99FMMYqdk3SJGkumZiChLu1E"}
[ Tue Aug 15 2017 16:28:23 GMT+0800 (CST) ] time is 2074
[ Tue Aug 15 2017 16:28:23 GMT+0800 (CST) ] {"err":0,"msg":"JYrUJCH8t5ZYfSzxHztF1zsQKHduCarrZf"}
[ Tue Aug 15 2017 16:28:23 GMT+0800 (CST) ] time is 2080
[ Tue Aug 15 2017 16:28:23 GMT+0800 (CST) ] {"err":0,"msg":"JJZk1Kebppohps5wbDn6DSdGPM7Ajo5Kiy"}
[ Tue Aug 15 2017 16:28:23 GMT+0800 (CST) ] time is 2083
[ Tue Aug 15 2017 16:28:23 GMT+0800 (CST) ] {"err":0,"msg":"JWRCaTG48URBDhScj1MedUBsYtHEWRtyQw"}
[ Tue Aug 15 2017 16:28:23 GMT+0800 (CST) ] time is 2081
[ Tue Aug 15 2017 16:28:23 GMT+0800 (CST) ] {"err":0,"msg":"JaRmjaxXKxTwXSjiV5RQNtkmEdXVrnKpvo"}
[ Tue Aug 15 2017 16:28:23 GMT+0800 (CST) ] time is 2075
[ Tue Aug 15 2017 16:28:23 GMT+0800 (CST) ] {"err":0,"msg":"JaakTMbQ7zsWnNJckAUjnnzmHjXdi5SBon"}
[ Tue Aug 15 2017 16:28:23 GMT+0800 (CST) ] time is 2081
[ Tue Aug 15 2017 16:28:23 GMT+0800 (CST) ] {"err":0,"msg":"JYdX51Nr8Yv48kFZMMHJypVFP9347AvEbM"}
[ Tue Aug 15 2017 16:28:23 GMT+0800 (CST) ] time is 2084
[ Tue Aug 15 2017 16:28:23 GMT+0800 (CST) ] {"err":0,"msg":"JKujhGdBx3TuyAzXV3qkHhtpfjPvYjWGcg"}
[ Tue Aug 15 2017 16:28:23 GMT+0800 (CST) ] time is 2082
[ Tue Aug 15 2017 16:28:23 GMT+0800 (CST) ] {"err":0,"msg":"JMhX7dir2npyoa8B7qd8jjncV8PEaseyx5"}
[ Tue Aug 15 2017 16:28:23 GMT+0800 (CST) ] time is 2076
[ Tue Aug 15 2017 16:28:23 GMT+0800 (CST) ] {"err":0,"msg":"JgTLcC4qQB1DPbq6nJjZo8xojsqnRcFVKd"}
[ Tue Aug 15 2017 16:28:23 GMT+0800 (CST) ] time is 2082
[ Tue Aug 15 2017 16:28:23 GMT+0800 (CST) ] {"err":0,"msg":"JKP8dQoz7TW2MymMyW5QMFPhJFSAAoiiFR"}
[ Tue Aug 15 2017 16:28:23 GMT+0800 (CST) ] time is 2085
[ Tue Aug 15 2017 16:28:23 GMT+0800 (CST) ] {"err":0,"msg":"JeUJ5tFW46Lco5pN8K44yqiECQYE94hVhh"}
[ Tue Aug 15 2017 16:28:23 GMT+0800 (CST) ] time is 2083
[ Tue Aug 15 2017 16:28:23 GMT+0800 (CST) ] {"err":0,"msg":"JWYMgLsZnS2m87rcUNnWZdw5w85DLFpkZA"}
[ Tue Aug 15 2017 16:28:23 GMT+0800 (CST) ] time is 2077
[ Tue Aug 15 2017 16:28:23 GMT+0800 (CST) ] {"err":0,"msg":"JfrZxxszsve5uZi3p7wo6XAv11kBRAQxG4"}
[ Tue Aug 15 2017 16:28:23 GMT+0800 (CST) ] time is 2083
[ Tue Aug 15 2017 16:28:23 GMT+0800 (CST) ] {"err":0,"msg":"Jd4byuaWGjD9NEVXisQJ3ayfBVB75ojjgr"}
[ Tue Aug 15 2017 16:28:23 GMT+0800 (CST) ] time is 2086
[ Tue Aug 15 2017 16:28:23 GMT+0800 (CST) ] {"err":0,"msg":"JV6tHL7EML26o2Xpwu864eAhVRz6pP2n83"}
[ Tue Aug 15 2017 16:28:23 GMT+0800 (CST) ] time is 2084
[ Tue Aug 15 2017 16:28:23 GMT+0800 (CST) ] {"err":0,"msg":"JdRuQM1df2GrGyUbDw4yhXfXHZ7hzPtavg"}
[ Tue Aug 15 2017 16:28:23 GMT+0800 (CST) ] time is 2078
[ Tue Aug 15 2017 16:28:23 GMT+0800 (CST) ] {"err":0,"msg":"JdAS6cGyZ89LWUsALgj6Y4MdDMezu24Xqe"}
[ Tue Aug 15 2017 16:28:23 GMT+0800 (CST) ] time is 2084
[ Tue Aug 15 2017 16:28:23 GMT+0800 (CST) ] {"err":0,"msg":"JNSs6f1sh9R1NbWSX39wadf4uPTAB9nUB6"}
[ Tue Aug 15 2017 16:28:23 GMT+0800 (CST) ] time is 2087
[ Tue Aug 15 2017 16:28:23 GMT+0800 (CST) ] {"err":0,"msg":"JY1GaUFzwoKkmib5RbjFdkeQDkcmMcBJxt"}
[ Tue Aug 15 2017 16:28:23 GMT+0800 (CST) ] time is 2085
[ Tue Aug 15 2017 16:28:23 GMT+0800 (CST) ] {"err":0,"msg":"JffN6vLmM9Fv4ZGyfycFxKteByF28YT62q"}
[ Tue Aug 15 2017 16:28:23 GMT+0800 (CST) ] time is 2079
[ Tue Aug 15 2017 16:28:23 GMT+0800 (CST) ] {"err":0,"msg":"JbpDpFZNgUJ2avV6qDQMTHF4mwAUr297y3"}
[ Tue Aug 15 2017 16:28:23 GMT+0800 (CST) ] time is 2085
[ Tue Aug 15 2017 16:28:23 GMT+0800 (CST) ] {"err":0,"msg":"Jeip749Z6rD8kiVDLRTCZRy6SFpiFyYNoQ"}
[ Tue Aug 15 2017 16:28:23 GMT+0800 (CST) ] time is 2088
[ Tue Aug 15 2017 16:28:23 GMT+0800 (CST) ] {"err":0,"msg":"JSsNdcPUMUpWxukYLutyFGXUVMkaDnaWu3"}
[ Tue Aug 15 2017 16:28:23 GMT+0800 (CST) ] time is 2080
[ Tue Aug 15 2017 16:28:23 GMT+0800 (CST) ] {"err":0,"msg":"JWSTM6rWLsSYXK54BVhCPUsUM2VVQTk7qM"}
[ Tue Aug 15 2017 16:28:23 GMT+0800 (CST) ] time is 2086
[ Tue Aug 15 2017 16:28:23 GMT+0800 (CST) ] {"err":0,"msg":"Jh6NEqMWuETyY65TnnNidHZb7qw94qPp2X"}
[ Tue Aug 15 2017 16:28:23 GMT+0800 (CST) ] time is 2086
[ Tue Aug 15 2017 16:28:23 GMT+0800 (CST) ] {"err":0,"msg":"JW9ribeUugeWKw2MGVZGFSd6tWDwK6xrQc"}
[ Tue Aug 15 2017 16:28:23 GMT+0800 (CST) ] time is 2089
[ Tue Aug 15 2017 16:28:23 GMT+0800 (CST) ] {"err":0,"msg":"JgksC9B14Eepzte7pEJgsn868qJvDtvnnB"}
[ Tue Aug 15 2017 16:28:23 GMT+0800 (CST) ] time is 2081
[ Tue Aug 15 2017 16:28:23 GMT+0800 (CST) ] {"err":0,"msg":"JKSezvDwZqWCgEBBsTA2KCAyG13X6xDyeC"}
[ Tue Aug 15 2017 16:28:23 GMT+0800 (CST) ] time is 2087
[ Tue Aug 15 2017 16:28:23 GMT+0800 (CST) ] {"err":0,"msg":"JRutjyj3JyPD5fq1J6dFxUAmP79J16qPks"}
[ Tue Aug 15 2017 16:28:23 GMT+0800 (CST) ] time is 2087
[ Tue Aug 15 2017 16:28:23 GMT+0800 (CST) ] {"err":0,"msg":"JbAjuPFK3phuaaHsAC8bdzxGAt6cKzP21W"}
[ Tue Aug 15 2017 16:28:23 GMT+0800 (CST) ] time is 2090
[ Tue Aug 15 2017 16:28:23 GMT+0800 (CST) ] {"err":0,"msg":"JMpPM1D9fWRxG6Z3LMoDavMF6oAZKCujq8"}
[ Tue Aug 15 2017 16:28:23 GMT+0800 (CST) ] time is 2082
[ Tue Aug 15 2017 16:28:23 GMT+0800 (CST) ] {"err":0,"msg":"JWir9WUHVv2twDpqbCWGN1TfL2QuztfwJs"}
[ Tue Aug 15 2017 16:28:23 GMT+0800 (CST) ] time is 2088
[ Tue Aug 15 2017 16:28:23 GMT+0800 (CST) ] {"err":0,"msg":"JgcrS1Jk2ttFotrABgaRX5fwjFPN1rPwVP"}
[ Tue Aug 15 2017 16:28:23 GMT+0800 (CST) ] time is 2088
[ Tue Aug 15 2017 16:28:23 GMT+0800 (CST) ] {"err":0,"msg":"JLgJzwnzZiG5Gaw4xphxsUGySiXh1isEfn"}
[ Tue Aug 15 2017 16:28:23 GMT+0800 (CST) ] time is 2091
[ Tue Aug 15 2017 16:28:23 GMT+0800 (CST) ] {"err":0,"msg":"JdyFCZoKSV7FL84oPBPVfEFoNCqyw6AgUW"}
[ Tue Aug 15 2017 16:28:23 GMT+0800 (CST) ] time is 2083
[ Tue Aug 15 2017 16:28:23 GMT+0800 (CST) ] {"err":0,"msg":"JZsNk7m5BuN4kZnFrtcXD8N8Z54NqR9z1L"}
[ Tue Aug 15 2017 16:28:23 GMT+0800 (CST) ] time is 2089
[ Tue Aug 15 2017 16:28:23 GMT+0800 (CST) ] {"err":0,"msg":"JesdvHRxQxvCXJBETovgbSVLBudFUKfLHg"}
[ Tue Aug 15 2017 16:28:23 GMT+0800 (CST) ] time is 2089
[ Tue Aug 15 2017 16:28:23 GMT+0800 (CST) ] {"err":0,"msg":"JUhzQEAQAtDS4QLsrE8sjbryjamJvKc9cy"}
[ Tue Aug 15 2017 16:28:23 GMT+0800 (CST) ] time is 2092
[ Tue Aug 15 2017 16:28:23 GMT+0800 (CST) ] {"err":0,"msg":"JU2nZYSpHSfkFNbF1NEJw8gda9eviR289a"}
[ Tue Aug 15 2017 16:28:23 GMT+0800 (CST) ] time is 2084
[ Tue Aug 15 2017 16:28:23 GMT+0800 (CST) ] {"err":0,"msg":"JVZCdePKp97NDmpq29ZNHNAbCbuGbsyK3C"}
[ Tue Aug 15 2017 16:28:23 GMT+0800 (CST) ] time is 2090
[ Tue Aug 15 2017 16:28:23 GMT+0800 (CST) ] {"err":0,"msg":"Jc66m4QK8Mp35qzFwKY76gtsmdHgGg2xhw"}
[ Tue Aug 15 2017 16:28:23 GMT+0800 (CST) ] time is 2090
[ Tue Aug 15 2017 16:28:23 GMT+0800 (CST) ] {"err":0,"msg":"Jb1F5sBXrMFtYYKaxcnwRPR3h6DRaiWi6S"}
[ Tue Aug 15 2017 16:28:23 GMT+0800 (CST) ] time is 2093
[ Tue Aug 15 2017 16:28:23 GMT+0800 (CST) ] {"err":0,"msg":"JR9EXwhhDPABkGvcBnbX5jg43zC5xtXvsN"}
[ Tue Aug 15 2017 16:28:23 GMT+0800 (CST) ] time is 2085
[ Tue Aug 15 2017 16:28:23 GMT+0800 (CST) ] {"err":0,"msg":"JUyi4NspvB1Gk38eP88TPatvKSTEgKPwDi"}
[ Tue Aug 15 2017 16:28:23 GMT+0800 (CST) ] time is 2091
[ Tue Aug 15 2017 16:28:23 GMT+0800 (CST) ] {"err":0,"msg":"JM38kbDauaqnNDv9v5yr3UQ9hhsFres9Wu"}
[ Tue Aug 15 2017 16:28:23 GMT+0800 (CST) ] time is 2091
[ Tue Aug 15 2017 16:28:23 GMT+0800 (CST) ] {"err":0,"msg":"JdsS5fVX1qDPKCtEycHqwPtBtCkxR7f7j8"}
[ Tue Aug 15 2017 16:28:23 GMT+0800 (CST) ] time is 2094
[ Tue Aug 15 2017 16:28:23 GMT+0800 (CST) ] {"err":0,"msg":"JXwjCMH6onLbfLUPvs5LVxw6C8MYCf62gi"}
[ Tue Aug 15 2017 16:28:23 GMT+0800 (CST) ] time is 2086
[ Tue Aug 15 2017 16:28:23 GMT+0800 (CST) ] {"err":0,"msg":"JbTKijgmPQVH8r2uoEYF2grwmTn4aNhcP4"}
[ Tue Aug 15 2017 16:28:23 GMT+0800 (CST) ] time is 2092
[ Tue Aug 15 2017 16:28:23 GMT+0800 (CST) ] {"err":0,"msg":"JQj7UaxynX3M3sWKJk6xZh4Tr4XmmGDdti"}
[ Tue Aug 15 2017 16:28:23 GMT+0800 (CST) ] time is 2092
[ Tue Aug 15 2017 16:28:23 GMT+0800 (CST) ] {"err":0,"msg":"JM9zkAFMTkCwsB9sHbYifK6Fa7uJF7AkSL"}
[ Tue Aug 15 2017 16:28:23 GMT+0800 (CST) ] time is 2095
[ Tue Aug 15 2017 16:28:23 GMT+0800 (CST) ] {"err":0,"msg":"JMQWgveF2BZZD1tc6xjdsGYFdv6N9z51sJ"}
[ Tue Aug 15 2017 16:28:23 GMT+0800 (CST) ] time is 2087
[ Tue Aug 15 2017 16:28:23 GMT+0800 (CST) ] {"err":0,"msg":"JV3sSCAMWPdYSx6Hr4mUnvbzU21mtVFyYt"}
[ Tue Aug 15 2017 16:28:24 GMT+0800 (CST) ] time is 2093
[ Tue Aug 15 2017 16:28:24 GMT+0800 (CST) ] {"err":0,"msg":"JSfBq5dXqqTx7p2eWi8MbPtBxWyYV59VmP"}
[ Tue Aug 15 2017 16:28:24 GMT+0800 (CST) ] time is 2093
[ Tue Aug 15 2017 16:28:24 GMT+0800 (CST) ] {"err":0,"msg":"JYSXGjGRHSUaE26bcuDBGBd47pvGNzrkRN"}
[ Tue Aug 15 2017 16:28:24 GMT+0800 (CST) ] time is 2096
[ Tue Aug 15 2017 16:28:24 GMT+0800 (CST) ] {"err":0,"msg":"JRatvEKd8vpapgYQJvVgJzzAEd7gpEKWXY"}
[ Tue Aug 15 2017 16:28:24 GMT+0800 (CST) ] time is 2088
[ Tue Aug 15 2017 16:28:24 GMT+0800 (CST) ] {"err":0,"msg":"JgUJoqvwLhPBjnbvwLVp72cpyMA7qd2pxW"}
[ Tue Aug 15 2017 16:28:24 GMT+0800 (CST) ] time is 2094
[ Tue Aug 15 2017 16:28:24 GMT+0800 (CST) ] {"err":0,"msg":"JY2wsQDwC8PxMPYUbdvZMkMwaxGS3Xv9Re"}
[ Tue Aug 15 2017 16:28:24 GMT+0800 (CST) ] time is 2094
[ Tue Aug 15 2017 16:28:24 GMT+0800 (CST) ] {"err":0,"msg":"JNGc14YuzoP2CdjN3LH4Dg55ZezmMw7m3K"}
[ Tue Aug 15 2017 16:28:24 GMT+0800 (CST) ] time is 2097
[ Tue Aug 15 2017 16:28:24 GMT+0800 (CST) ] {"err":0,"msg":"JdFZKWRY6DLqAEfNHFZCWZphdkBjwkjrgo"}
[ Tue Aug 15 2017 16:28:24 GMT+0800 (CST) ] time is 2089
[ Tue Aug 15 2017 16:28:24 GMT+0800 (CST) ] {"err":0,"msg":"JY2snCnGa97NoswMz5h1BoHbG6pwn9XiRo"}
[ Tue Aug 15 2017 16:28:24 GMT+0800 (CST) ] time is 2095
[ Tue Aug 15 2017 16:28:24 GMT+0800 (CST) ] {"err":0,"msg":"JW5CkK2UK4bavSW1LGE3fe4ZFzKp7P5QNQ"}
[ Tue Aug 15 2017 16:28:24 GMT+0800 (CST) ] time is 2098
[ Tue Aug 15 2017 16:28:24 GMT+0800 (CST) ] {"err":0,"msg":"JTi721fSusLGVyyeashPBj1cCW8fedRQvP"}
[ Tue Aug 15 2017 16:28:24 GMT+0800 (CST) ] time is 2095
[ Tue Aug 15 2017 16:28:24 GMT+0800 (CST) ] {"err":0,"msg":"JMV8ZMkebTDHFTrdNCvcskuTPJRwz35RKU"}
[ Tue Aug 15 2017 16:28:24 GMT+0800 (CST) ] time is 2090
[ Tue Aug 15 2017 16:28:24 GMT+0800 (CST) ] {"err":0,"msg":"JTugfiyVa3VQnxk4KoS4CZbfwM5BhPRfsp"}
[ Tue Aug 15 2017 16:28:24 GMT+0800 (CST) ] time is 2099
[ Tue Aug 15 2017 16:28:24 GMT+0800 (CST) ] {"err":0,"msg":"JNNWu4GyLzqLpCtwpzbyePXeE5xsmNsngc"}
[ Tue Aug 15 2017 16:28:24 GMT+0800 (CST) ] time is 2096
[ Tue Aug 15 2017 16:28:24 GMT+0800 (CST) ] {"err":0,"msg":"JNbwBx1aGzL9Jdszw2rTFr71AF1hp49pRJ"}
[ Tue Aug 15 2017 16:28:24 GMT+0800 (CST) ] time is 2096
[ Tue Aug 15 2017 16:28:24 GMT+0800 (CST) ] {"err":0,"msg":"JSRr3AzgeJG9nkm3w3RS9mEdTA9R9hHdKs"}
[ Tue Aug 15 2017 16:28:24 GMT+0800 (CST) ] time is 2091
[ Tue Aug 15 2017 16:28:24 GMT+0800 (CST) ] {"err":0,"msg":"JLHCytro6bUtCRCBMJ8JtEiNBADTzVWeRC"}
[ Tue Aug 15 2017 16:28:24 GMT+0800 (CST) ] time is 2097
[ Tue Aug 15 2017 16:28:24 GMT+0800 (CST) ] {"err":0,"msg":"JJenZY7crKkDN34xneFv9WwbjgemAkwNZR"}
[ Tue Aug 15 2017 16:28:24 GMT+0800 (CST) ] time is 2097
[ Tue Aug 15 2017 16:28:24 GMT+0800 (CST) ] {"err":0,"msg":"JcKGsCA9ZHeZTtni2TeaiVaZTv7gDePtrJ"}
[ Tue Aug 15 2017 16:28:24 GMT+0800 (CST) ] time is 2100
[ Tue Aug 15 2017 16:28:24 GMT+0800 (CST) ] {"err":0,"msg":"JL3mBJuqeKthDhgKd5oaUNXXY3GppYeM1K"}
[ Tue Aug 15 2017 16:28:24 GMT+0800 (CST) ] time is 2092
[ Tue Aug 15 2017 16:28:24 GMT+0800 (CST) ] {"err":0,"msg":"JR19mJkEpHCCZqFqPzWWvN3RutCYFmWCSS"}
[ Tue Aug 15 2017 16:28:24 GMT+0800 (CST) ] time is 2098
[ Tue Aug 15 2017 16:28:24 GMT+0800 (CST) ] {"err":0,"msg":"Jaenk5eD8wnmZ9jYVa3HCzh8moCp7ivpgi"}
[ Tue Aug 15 2017 16:28:24 GMT+0800 (CST) ] time is 2098
[ Tue Aug 15 2017 16:28:24 GMT+0800 (CST) ] {"err":0,"msg":"JbUYMwp3MC8mhx5fNUh1MbwodxrVfg596e"}
[ Tue Aug 15 2017 16:28:24 GMT+0800 (CST) ] time is 2101
[ Tue Aug 15 2017 16:28:24 GMT+0800 (CST) ] {"err":0,"msg":"JeEA2BDRLfZj24j95tSHdoWuNNphc5WPYe"}
[ Tue Aug 15 2017 16:28:24 GMT+0800 (CST) ] time is 2093
[ Tue Aug 15 2017 16:28:24 GMT+0800 (CST) ] {"err":0,"msg":"JeBowSiEzvZF31GBA5qhL6F1E4HJRekDBm"}
[ Tue Aug 15 2017 16:28:24 GMT+0800 (CST) ] time is 2099
[ Tue Aug 15 2017 16:28:24 GMT+0800 (CST) ] {"err":0,"msg":"JXwAEtGQCnMkn8qxZUTRweio5tsxrpATHg"}
[ Tue Aug 15 2017 16:28:24 GMT+0800 (CST) ] time is 2099
[ Tue Aug 15 2017 16:28:24 GMT+0800 (CST) ] {"err":0,"msg":"JVPSMNx9WHH5wrRDQaCp5kNaK4HPjC6E6m"}
[ Tue Aug 15 2017 16:28:24 GMT+0800 (CST) ] time is 2102
[ Tue Aug 15 2017 16:28:24 GMT+0800 (CST) ] {"err":0,"msg":"JgwCyNfNmZuH5u261Q4x3HjMGr28WwMBvz"}
[ Tue Aug 15 2017 16:28:24 GMT+0800 (CST) ] time is 2094
[ Tue Aug 15 2017 16:28:24 GMT+0800 (CST) ] {"err":0,"msg":"JW6oeDkxUtmSbXvQ6tuqMh7xQgfikaUBKJ"}
[ Tue Aug 15 2017 16:28:24 GMT+0800 (CST) ] time is 2100
[ Tue Aug 15 2017 16:28:24 GMT+0800 (CST) ] {"err":0,"msg":"JQ9boehiKS6owLAzt6QWwonLaBjW5HftAK"}
[ Tue Aug 15 2017 16:28:24 GMT+0800 (CST) ] time is 2100
[ Tue Aug 15 2017 16:28:24 GMT+0800 (CST) ] {"err":0,"msg":"JbARUj6MAFge61Ydw9HSbKcvq1Dp5xPDRp"}
[ Tue Aug 15 2017 16:28:24 GMT+0800 (CST) ] time is 2103
[ Tue Aug 15 2017 16:28:24 GMT+0800 (CST) ] {"err":0,"msg":"Jhkti28ecrGk8t1yKzK76EmtkaWEKHnMQ4"}
[ Tue Aug 15 2017 16:28:24 GMT+0800 (CST) ] time is 2095
[ Tue Aug 15 2017 16:28:24 GMT+0800 (CST) ] {"err":0,"msg":"JLApeRpnxAGEdRps2YG3Hbv1voZjbwnvzu"}
[ Tue Aug 15 2017 16:28:24 GMT+0800 (CST) ] time is 2101
[ Tue Aug 15 2017 16:28:24 GMT+0800 (CST) ] {"err":0,"msg":"JJqt3XkUfsBFs5x5WefeyzALSFn4Uaoohu"}
[ Tue Aug 15 2017 16:28:24 GMT+0800 (CST) ] time is 2101
[ Tue Aug 15 2017 16:28:24 GMT+0800 (CST) ] {"err":0,"msg":"JeQhAVb4r5B7Bw42sK2LZ6E3E9SnSiNVwQ"}
[ Tue Aug 15 2017 16:28:24 GMT+0800 (CST) ] time is 2104
[ Tue Aug 15 2017 16:28:24 GMT+0800 (CST) ] {"err":0,"msg":"JdWXCRnotvfW5DdCQovepkmMVLtipuhC5u"}
[ Tue Aug 15 2017 16:28:24 GMT+0800 (CST) ] time is 2096
[ Tue Aug 15 2017 16:28:24 GMT+0800 (CST) ] {"err":0,"msg":"JPtscVoquUbriXMWQ9d2qhCv2Le2tCAkfF"}
[ Tue Aug 15 2017 16:28:24 GMT+0800 (CST) ] time is 2102
[ Tue Aug 15 2017 16:28:24 GMT+0800 (CST) ] {"err":0,"msg":"JZGA7x7zDqzsAEmr4wCjvcxx5ij9W1vYmj"}
[ Tue Aug 15 2017 16:28:24 GMT+0800 (CST) ] time is 2102
[ Tue Aug 15 2017 16:28:24 GMT+0800 (CST) ] {"err":0,"msg":"JLMbvkxcCdFCqo3bgKvpFFny92RM8ZPmxw"}
[ Tue Aug 15 2017 16:28:24 GMT+0800 (CST) ] time is 2105
[ Tue Aug 15 2017 16:28:24 GMT+0800 (CST) ] {"err":0,"msg":"JV5xXZ1x2Y1LvQMKFgq6c972v2mbHQwKWx"}
[ Tue Aug 15 2017 16:28:24 GMT+0800 (CST) ] time is 2097
[ Tue Aug 15 2017 16:28:24 GMT+0800 (CST) ] {"err":0,"msg":"JNbQHZB1cCJ7Pxi95CyQW3QPNNMdcud8bS"}
[ Tue Aug 15 2017 16:28:24 GMT+0800 (CST) ] time is 2103
[ Tue Aug 15 2017 16:28:24 GMT+0800 (CST) ] {"err":0,"msg":"JW1ttVpu3DjWXAH9EEjAjci6awwAYMeFSp"}
[ Tue Aug 15 2017 16:28:24 GMT+0800 (CST) ] time is 2103
[ Tue Aug 15 2017 16:28:24 GMT+0800 (CST) ] {"err":0,"msg":"JTgE99HD6KMKDugPHa8W6WYdoSkveRpwb6"}
[ Tue Aug 15 2017 16:28:24 GMT+0800 (CST) ] time is 2106
[ Tue Aug 15 2017 16:28:24 GMT+0800 (CST) ] {"err":0,"msg":"JJybDZQFj1fHRV5WAjX9oMncpHyY4tnbgh"}
[ Tue Aug 15 2017 16:28:24 GMT+0800 (CST) ] time is 2098
[ Tue Aug 15 2017 16:28:24 GMT+0800 (CST) ] {"err":0,"msg":"JNmKEEzS7TFQw9zngTEVfiWdtpRL61jnHS"}
[ Tue Aug 15 2017 16:28:24 GMT+0800 (CST) ] time is 2104
[ Tue Aug 15 2017 16:28:24 GMT+0800 (CST) ] {"err":0,"msg":"JP61gqDYGC4CoMJ7ex5FtopuJvGoHb7LKz"}
[ Tue Aug 15 2017 16:28:24 GMT+0800 (CST) ] time is 2104
[ Tue Aug 15 2017 16:28:24 GMT+0800 (CST) ] {"err":0,"msg":"JSWZEtDouwkzdSrV8494ZJU1ZsmjVrv5Kz"}
[ Tue Aug 15 2017 16:28:24 GMT+0800 (CST) ] time is 2107
[ Tue Aug 15 2017 16:28:24 GMT+0800 (CST) ] {"err":0,"msg":"JWoBButxXjnY9bZdrx1jnese3vyRhTxeMK"}
[ Tue Aug 15 2017 16:28:24 GMT+0800 (CST) ] time is 2099
[ Tue Aug 15 2017 16:28:24 GMT+0800 (CST) ] {"err":0,"msg":"JPvQ2cEiMVw9sJ8hwWamEbzzuoo8cVQQGz"}
[ Tue Aug 15 2017 16:28:24 GMT+0800 (CST) ] time is 2105
[ Tue Aug 15 2017 16:28:24 GMT+0800 (CST) ] {"err":0,"msg":"JbdK9DtYmhD1f1XBBhkET6y9Nj6eBG3iRp"}
[ Tue Aug 15 2017 16:28:24 GMT+0800 (CST) ] time is 2105
[ Tue Aug 15 2017 16:28:24 GMT+0800 (CST) ] {"err":0,"msg":"JdWNTcsmsVxTKFe7Vz4Q2g7fvJvWDREqTu"}
[ Tue Aug 15 2017 16:28:24 GMT+0800 (CST) ] time is 2108
[ Tue Aug 15 2017 16:28:24 GMT+0800 (CST) ] {"err":0,"msg":"JhR2BGL8WHVFNvYh8HjuuPzTKvuao5yPjc"}
[ Tue Aug 15 2017 16:28:24 GMT+0800 (CST) ] time is 2100
[ Tue Aug 15 2017 16:28:24 GMT+0800 (CST) ] {"err":0,"msg":"Jh4HnzSs8YcD5hK9F6LUiMNdRkC9a3TWh5"}
[ Tue Aug 15 2017 16:28:24 GMT+0800 (CST) ] time is 2106
[ Tue Aug 15 2017 16:28:24 GMT+0800 (CST) ] {"err":0,"msg":"JQodNK569wUAHddpFJ3cMHQiCqNobGpv1E"}
[ Tue Aug 15 2017 16:28:24 GMT+0800 (CST) ] time is 2106
[ Tue Aug 15 2017 16:28:24 GMT+0800 (CST) ] {"err":0,"msg":"JbnRqrhYDw2KpcAz5zBQYutBggh5EWhj9v"}
[ Tue Aug 15 2017 16:28:24 GMT+0800 (CST) ] time is 2109
[ Tue Aug 15 2017 16:28:24 GMT+0800 (CST) ] {"err":0,"msg":"Jeb111N9unCUCBwsHZtvq2e2GQraRA99jg"}
[ Tue Aug 15 2017 16:28:24 GMT+0800 (CST) ] time is 2101
[ Tue Aug 15 2017 16:28:24 GMT+0800 (CST) ] {"err":0,"msg":"JQ7HVP34LiLM6pQRHhNC5rm3vAfo67aj41"}
[ Tue Aug 15 2017 16:28:24 GMT+0800 (CST) ] time is 2107
[ Tue Aug 15 2017 16:28:24 GMT+0800 (CST) ] {"err":0,"msg":"Jd1MrVeTCsSa1hG8eTKyKknrNYToM7C2Qs"}
[ Tue Aug 15 2017 16:28:24 GMT+0800 (CST) ] time is 2107
[ Tue Aug 15 2017 16:28:24 GMT+0800 (CST) ] {"err":0,"msg":"Jaz8KnSDi4zmg9hffB8oYNgjWYUHwMYpuq"}
[ Tue Aug 15 2017 16:28:24 GMT+0800 (CST) ] time is 2110
[ Tue Aug 15 2017 16:28:24 GMT+0800 (CST) ] {"err":0,"msg":"Jac8KpHtaBYstaSP8AkaBKLAZEJLXhg8HD"}
[ Tue Aug 15 2017 16:28:24 GMT+0800 (CST) ] time is 2102
[ Tue Aug 15 2017 16:28:24 GMT+0800 (CST) ] {"err":0,"msg":"JWvbzPzTk8wkL8GVTuGvWuBzEYb4j1D5VB"}
[ Tue Aug 15 2017 16:28:24 GMT+0800 (CST) ] time is 2108
[ Tue Aug 15 2017 16:28:24 GMT+0800 (CST) ] {"err":0,"msg":"Jfs5JtKwhnnxHUVcK1CDVhYNfFLRr1xCuo"}
[ Tue Aug 15 2017 16:28:24 GMT+0800 (CST) ] time is 2108
[ Tue Aug 15 2017 16:28:24 GMT+0800 (CST) ] {"err":0,"msg":"JVaQXzJiaBtBpmauQiyeLjQVuYBzaLU92H"}
[ Tue Aug 15 2017 16:28:24 GMT+0800 (CST) ] time is 2103
[ Tue Aug 15 2017 16:28:24 GMT+0800 (CST) ] {"err":0,"msg":"JhPt9SHR9CoxkT5wAAm99BWGqmjJEsMdGD"}
[ Tue Aug 15 2017 16:28:24 GMT+0800 (CST) ] time is 2111
[ Tue Aug 15 2017 16:28:24 GMT+0800 (CST) ] {"err":0,"msg":"JQvKPBwKry7Mcrfwcs9SkJrWHoNBLXnoSb"}
[ Tue Aug 15 2017 16:28:24 GMT+0800 (CST) ] time is 2109
[ Tue Aug 15 2017 16:28:24 GMT+0800 (CST) ] {"err":0,"msg":"JUvQAEWh51dvh4Tp94EfShdXF647eJwwbV"}
[ Tue Aug 15 2017 16:28:24 GMT+0800 (CST) ] time is 2109
[ Tue Aug 15 2017 16:28:24 GMT+0800 (CST) ] {"err":0,"msg":"JKnJFFuVuVL1URLu6mCpxtpLZUAqTcwCDc"}
[ Tue Aug 15 2017 16:28:24 GMT+0800 (CST) ] time is 2104
[ Tue Aug 15 2017 16:28:24 GMT+0800 (CST) ] {"err":0,"msg":"JPvNPiAjc4vr6pt6r3yHQBNaadR7wZDXMj"}
[ Tue Aug 15 2017 16:28:24 GMT+0800 (CST) ] time is 2112
[ Tue Aug 15 2017 16:28:24 GMT+0800 (CST) ] {"err":0,"msg":"JfQHEM3g6G9bXmsHpZaTXdLZ56GhJ2H8te"}
[ Tue Aug 15 2017 16:28:24 GMT+0800 (CST) ] time is 2110
[ Tue Aug 15 2017 16:28:24 GMT+0800 (CST) ] {"err":0,"msg":"JWfUNFZ6eZJ2X1335gxNdWGqMD6gjq5KBP"}
[ Tue Aug 15 2017 16:28:24 GMT+0800 (CST) ] time is 2110
[ Tue Aug 15 2017 16:28:24 GMT+0800 (CST) ] {"err":0,"msg":"JQavL9Bw1XSFiiUAgr3p52D2eT6rD59U6J"}
[ Tue Aug 15 2017 16:28:25 GMT+0800 (CST) ] time is 2105
[ Tue Aug 15 2017 16:28:25 GMT+0800 (CST) ] {"err":0,"msg":"Jguvfst7Z1ppvrgTp53svy9XS7eui2pABV"}
[ Tue Aug 15 2017 16:28:25 GMT+0800 (CST) ] time is 2113
[ Tue Aug 15 2017 16:28:25 GMT+0800 (CST) ] {"err":0,"msg":"JTkVBEFhXnUbnYqcYx9VL1iTsPXbCXho4U"}
[ Tue Aug 15 2017 16:28:25 GMT+0800 (CST) ] time is 2111
[ Tue Aug 15 2017 16:28:25 GMT+0800 (CST) ] {"err":0,"msg":"JPzB5KxjZKqgqX9sSEJsHk6DWxoyFyco2S"}
[ Tue Aug 15 2017 16:28:25 GMT+0800 (CST) ] time is 2111
[ Tue Aug 15 2017 16:28:25 GMT+0800 (CST) ] {"err":0,"msg":"JeafX9p2i8gGgFmSbDiRqRg7X4RZ2gwMHF"}
[ Tue Aug 15 2017 16:28:25 GMT+0800 (CST) ] time is 2114
[ Tue Aug 15 2017 16:28:25 GMT+0800 (CST) ] {"err":0,"msg":"JdxRhfhu9A3bz1aaytDpQRi4K4vAghtHkj"}
[ Tue Aug 15 2017 16:28:25 GMT+0800 (CST) ] time is 2106
[ Tue Aug 15 2017 16:28:25 GMT+0800 (CST) ] {"err":0,"msg":"JVNvPeKgPv5Kg9WccVMu5mdVGUZj3NWAnN"}
[ Tue Aug 15 2017 16:28:25 GMT+0800 (CST) ] time is 2112
[ Tue Aug 15 2017 16:28:25 GMT+0800 (CST) ] {"err":0,"msg":"JUwwJ36LYQ2Hg14CEQk1eGeBLMDKqgvGqs"}
[ Tue Aug 15 2017 16:28:25 GMT+0800 (CST) ] time is 2112
[ Tue Aug 15 2017 16:28:25 GMT+0800 (CST) ] {"err":0,"msg":"JTxdsqqLmTHb29rK3a4aQACSGqr4WsjE82"}
[ Tue Aug 15 2017 16:28:25 GMT+0800 (CST) ] time is 2115
[ Tue Aug 15 2017 16:28:25 GMT+0800 (CST) ] {"err":0,"msg":"JV4UiMMRJtiR8kD4cANgqph62vuDerJw7g"}
[ Tue Aug 15 2017 16:28:25 GMT+0800 (CST) ] time is 2107
[ Tue Aug 15 2017 16:28:25 GMT+0800 (CST) ] {"err":0,"msg":"JaCE2Wx4gFu2UBxvtZL6erWHhoHgKwHALm"}
[ Tue Aug 15 2017 16:28:25 GMT+0800 (CST) ] time is 2113
[ Tue Aug 15 2017 16:28:25 GMT+0800 (CST) ] {"err":0,"msg":"JX8MLHKjfT2skTsMiJ7NRnPAHbodZTbJmT"}
[ Tue Aug 15 2017 16:28:25 GMT+0800 (CST) ] time is 2113
[ Tue Aug 15 2017 16:28:25 GMT+0800 (CST) ] {"err":0,"msg":"JLeWKraaDtyKZkwjbDmL6znKUUh6x4fQd6"}
[ Tue Aug 15 2017 16:28:25 GMT+0800 (CST) ] time is 2116
[ Tue Aug 15 2017 16:28:25 GMT+0800 (CST) ] {"err":0,"msg":"Je79PCoxFUNALcjiTcZVmLmc7QWNLjs6Lk"}
[ Tue Aug 15 2017 16:28:25 GMT+0800 (CST) ] time is 2108
[ Tue Aug 15 2017 16:28:25 GMT+0800 (CST) ] {"err":0,"msg":"JSV8zMrYVAm5r6PmfQz7YkkfL7f4koKbW4"}
[ Tue Aug 15 2017 16:28:25 GMT+0800 (CST) ] time is 2114
[ Tue Aug 15 2017 16:28:25 GMT+0800 (CST) ] {"err":0,"msg":"JPZohMz5U1BdhRrKVer5ahnrrb5TGcujRj"}
[ Tue Aug 15 2017 16:28:25 GMT+0800 (CST) ] time is 2114
[ Tue Aug 15 2017 16:28:25 GMT+0800 (CST) ] {"err":0,"msg":"JLfCi2H2oH6FU7UvfpWQiWmzWS1zjL87VH"}
[ Tue Aug 15 2017 16:28:25 GMT+0800 (CST) ] time is 2117
[ Tue Aug 15 2017 16:28:25 GMT+0800 (CST) ] {"err":0,"msg":"JePdrrRP772pn9nHFM1iwEhsfDLHZvNj54"}
[ Tue Aug 15 2017 16:28:25 GMT+0800 (CST) ] {"err":0,"msg":"JTxcegEjJbBS4zGdVaSVzVGPujGnCyzYkH"}
[ Tue Aug 15 2017 16:28:25 GMT+0800 (CST) ] time is 2109
[ Tue Aug 15 2017 16:28:25 GMT+0800 (CST) ] time is 2115
[ Tue Aug 15 2017 16:28:25 GMT+0800 (CST) ] {"err":0,"msg":"JgW79s7mgmm5EY2WUksBEjNSj9J4ij9qoD"}
[ Tue Aug 15 2017 16:28:25 GMT+0800 (CST) ] time is 2115
[ Tue Aug 15 2017 16:28:25 GMT+0800 (CST) ] {"err":0,"msg":"JfieF1br5WxBW3JgExLUwqezNumqQnzVZA"}
[ Tue Aug 15 2017 16:28:25 GMT+0800 (CST) ] time is 2118
[ Tue Aug 15 2017 16:28:25 GMT+0800 (CST) ] {"err":0,"msg":"JNtNQAMdXNmh1sEdoFirmfFT51knaB6RGH"}
[ Tue Aug 15 2017 16:28:25 GMT+0800 (CST) ] time is 2110
[ Tue Aug 15 2017 16:28:25 GMT+0800 (CST) ] {"err":0,"msg":"JdyCyhLmjgJjt2Z6XYrbkswVTmS6HareQ2"}
[ Tue Aug 15 2017 16:28:25 GMT+0800 (CST) ] time is 2116
[ Tue Aug 15 2017 16:28:25 GMT+0800 (CST) ] {"err":0,"msg":"JRaBmvuKZw6rTBvZf3LQKp9ivRtaXfDQhr"}
[ Tue Aug 15 2017 16:28:25 GMT+0800 (CST) ] time is 2116
[ Tue Aug 15 2017 16:28:25 GMT+0800 (CST) ] {"err":0,"msg":"JL9RnpmBTUr7oWy8FEZqRYNBTU1JV118in"}
[ Tue Aug 15 2017 16:28:25 GMT+0800 (CST) ] time is 2119
[ Tue Aug 15 2017 16:28:25 GMT+0800 (CST) ] {"err":0,"msg":"JJqqW9ReeQW97MbmdQyEiiy4SJWmczB8NY"}
[ Tue Aug 15 2017 16:28:25 GMT+0800 (CST) ] time is 2111
[ Tue Aug 15 2017 16:28:25 GMT+0800 (CST) ] {"err":0,"msg":"JPLuJqiNg5egwTaGcgzzbVG2Wi5q3GKAWV"}
[ Tue Aug 15 2017 16:28:25 GMT+0800 (CST) ] time is 2117
[ Tue Aug 15 2017 16:28:25 GMT+0800 (CST) ] {"err":0,"msg":"JgCsKtnAFo1xGWKYRYK262r3nvnPFqog5W"}
[ Tue Aug 15 2017 16:28:25 GMT+0800 (CST) ] time is 2117
[ Tue Aug 15 2017 16:28:25 GMT+0800 (CST) ] {"err":0,"msg":"JX3kFVWs4GTitpxrtLm2C97QhJrkWfDgXd"}
[ Tue Aug 15 2017 16:28:25 GMT+0800 (CST) ] time is 2120
[ Tue Aug 15 2017 16:28:25 GMT+0800 (CST) ] {"err":0,"msg":"JWUCHDZWhPJygeLAC6UUYfsgnDWC4TUixs"}
[ Tue Aug 15 2017 16:28:25 GMT+0800 (CST) ] time is 2112
[ Tue Aug 15 2017 16:28:25 GMT+0800 (CST) ] {"err":0,"msg":"JUDHDQmyZm2sbUKheXMD1Yoe5zg2SSHXau"}
[ Tue Aug 15 2017 16:28:25 GMT+0800 (CST) ] time is 2118
[ Tue Aug 15 2017 16:28:25 GMT+0800 (CST) ] {"err":0,"msg":"JKn6smpC6NGFypGp1N7hJfT7pbNppwy7hT"}
[ Tue Aug 15 2017 16:28:25 GMT+0800 (CST) ] time is 2118
[ Tue Aug 15 2017 16:28:25 GMT+0800 (CST) ] {"err":0,"msg":"JTqVnEzUZT3yx79CLPCo8d3q8pGR3ssV2p"}
[ Tue Aug 15 2017 16:28:25 GMT+0800 (CST) ] time is 2121
[ Tue Aug 15 2017 16:28:25 GMT+0800 (CST) ] {"err":0,"msg":"JLLYWWic6eP4ZZsQid2kwbYCDStzeQzris"}
[ Tue Aug 15 2017 16:28:25 GMT+0800 (CST) ] time is 2113
[ Tue Aug 15 2017 16:28:25 GMT+0800 (CST) ] {"err":0,"msg":"JVKTvhFDjorWWs3orxV9n9DPqypj7DwGYJ"}
[ Tue Aug 15 2017 16:28:25 GMT+0800 (CST) ] time is 2122
[ Tue Aug 15 2017 16:28:25 GMT+0800 (CST) ] {"err":0,"msg":"JX5T8aabNEjY9tkc72im1CQqdTSFAAB6Ps"}
[ Tue Aug 15 2017 16:28:25 GMT+0800 (CST) ] time is 2119
[ Tue Aug 15 2017 16:28:25 GMT+0800 (CST) ] {"err":0,"msg":"JPpJidpdNJq6YUvpxCNiJKv1DnkMMzoo6n"}
[ Tue Aug 15 2017 16:28:25 GMT+0800 (CST) ] time is 2119
[ Tue Aug 15 2017 16:28:25 GMT+0800 (CST) ] {"err":0,"msg":"JYBoe6iSEohjxF8DHhSWu8qYYmGpVjuLvr"}
[ Tue Aug 15 2017 16:28:25 GMT+0800 (CST) ] time is 2114
[ Tue Aug 15 2017 16:28:25 GMT+0800 (CST) ] {"err":0,"msg":"JbntbPa21WBPcmv6yopnauUPvLU4nVD5cy"}
[ Tue Aug 15 2017 16:28:25 GMT+0800 (CST) ] time is 2123
[ Tue Aug 15 2017 16:28:25 GMT+0800 (CST) ] {"err":0,"msg":"JNctpEBNsmdP5EKhyEY6772uvrxut73Arv"}
[ Tue Aug 15 2017 16:28:25 GMT+0800 (CST) ] time is 2120
[ Tue Aug 15 2017 16:28:25 GMT+0800 (CST) ] {"err":0,"msg":"JNUmhk54tAm2K1xKg2Qojcq1aEjmyBiraP"}
[ Tue Aug 15 2017 16:28:25 GMT+0800 (CST) ] time is 2120
[ Tue Aug 15 2017 16:28:25 GMT+0800 (CST) ] {"err":0,"msg":"JWZwMq2iee7WcAf4Z1AuTyD6dg6LsgbGmt"}
[ Tue Aug 15 2017 16:28:25 GMT+0800 (CST) ] time is 2115
[ Tue Aug 15 2017 16:28:25 GMT+0800 (CST) ] {"err":0,"msg":"JTuUiKZMXDwGRiC8Jv2FqntR5AKGtq3AqC"}
[ Tue Aug 15 2017 16:28:25 GMT+0800 (CST) ] time is 2124
[ Tue Aug 15 2017 16:28:25 GMT+0800 (CST) ] {"err":0,"msg":"JVCoFe8hDhLhG8HpiJHNpKpnrzWLj3HRiV"}
[ Tue Aug 15 2017 16:28:25 GMT+0800 (CST) ] time is 2121
[ Tue Aug 15 2017 16:28:25 GMT+0800 (CST) ] {"err":0,"msg":"Jf5P6QvQtJSy7t4Wx8JgWeq8NEqyDeRpyN"}
[ Tue Aug 15 2017 16:28:25 GMT+0800 (CST) ] time is 2121
[ Tue Aug 15 2017 16:28:25 GMT+0800 (CST) ] {"err":0,"msg":"JTmaCrPdbx8bhvmmEXE6xqaSfotYUG9ekj"}
[ Tue Aug 15 2017 16:28:25 GMT+0800 (CST) ] time is 2116
[ Tue Aug 15 2017 16:28:25 GMT+0800 (CST) ] {"err":0,"msg":"JN2pgN2SNNH9KYs5JWb3i98UwNnHoag7s8"}
[ Tue Aug 15 2017 16:28:25 GMT+0800 (CST) ] time is 2125
[ Tue Aug 15 2017 16:28:25 GMT+0800 (CST) ] {"err":0,"msg":"JKnG1bBnZaSw1GfVPAc2tmX3YHjnUp5yHz"}
[ Tue Aug 15 2017 16:28:25 GMT+0800 (CST) ] time is 2122
[ Tue Aug 15 2017 16:28:25 GMT+0800 (CST) ] {"err":0,"msg":"JVAcoBdS4ytFu5DSbDkm3yi5oXwAHyQJAe"}
[ Tue Aug 15 2017 16:28:25 GMT+0800 (CST) ] time is 2122
[ Tue Aug 15 2017 16:28:25 GMT+0800 (CST) ] {"err":0,"msg":"JWKP9WGoEa4pEBFt7P6GmcQGFm5c4vK4ig"}
[ Tue Aug 15 2017 16:28:25 GMT+0800 (CST) ] time is 2117
[ Tue Aug 15 2017 16:28:25 GMT+0800 (CST) ] {"err":0,"msg":"JcGFLsQMp4HZX5iqMTwZJjG4RtPRHq9Vxw"}
[ Tue Aug 15 2017 16:28:25 GMT+0800 (CST) ] time is 2126
[ Tue Aug 15 2017 16:28:25 GMT+0800 (CST) ] {"err":0,"msg":"JYHKsJSTqn9fYWmqPBzM3PUU2ifRQEgPa6"}
[ Tue Aug 15 2017 16:28:25 GMT+0800 (CST) ] time is 2123
[ Tue Aug 15 2017 16:28:25 GMT+0800 (CST) ] {"err":0,"msg":"JeM29gpjprVGTwK9vWidPmgNqu2VnzHGTC"}
[ Tue Aug 15 2017 16:28:25 GMT+0800 (CST) ] time is 2123
[ Tue Aug 15 2017 16:28:25 GMT+0800 (CST) ] {"err":0,"msg":"JZoX2FvgqWWFhMpMD4BF6SoBwf6qPuUuBm"}
[ Tue Aug 15 2017 16:28:25 GMT+0800 (CST) ] time is 2118
[ Tue Aug 15 2017 16:28:25 GMT+0800 (CST) ] {"err":0,"msg":"JdXZg9fiH1hcsmPcfscqdmxggCygMtdjCg"}
[ Tue Aug 15 2017 16:28:25 GMT+0800 (CST) ] time is 2127
[ Tue Aug 15 2017 16:28:25 GMT+0800 (CST) ] {"err":0,"msg":"JZWtUsDyz1mbEJczyeyiCaDHnz5WRN6XYt"}
[ Tue Aug 15 2017 16:28:25 GMT+0800 (CST) ] time is 2124
[ Tue Aug 15 2017 16:28:25 GMT+0800 (CST) ] {"err":0,"msg":"JNYGzV4wXWfmZPYfVMYtQUNTCTtn5srj2U"}
[ Tue Aug 15 2017 16:28:25 GMT+0800 (CST) ] time is 2119
[ Tue Aug 15 2017 16:28:25 GMT+0800 (CST) ] {"err":0,"msg":"JYgx3ZQNUmEiaCnCP79bWoEuUW5M5ovWu5"}
[ Tue Aug 15 2017 16:28:25 GMT+0800 (CST) ] time is 2124
[ Tue Aug 15 2017 16:28:25 GMT+0800 (CST) ] {"err":0,"msg":"JWbgsAfvmRi4gTVFRQNd88VqbTTeEARdp8"}
[ Tue Aug 15 2017 16:28:25 GMT+0800 (CST) ] {"err":0,"msg":"JeDsozeTS3T9zTpMMNPgBkQxPy7BWEJBmd"}
[ Tue Aug 15 2017 16:28:25 GMT+0800 (CST) ] time is 2128
[ Tue Aug 15 2017 16:28:25 GMT+0800 (CST) ] time is 2125
[ Tue Aug 15 2017 16:28:25 GMT+0800 (CST) ] {"err":0,"msg":"JaJ9GjbzrZz7Kug2cdMSSHYZ1BihYjNdwY"}
[ Tue Aug 15 2017 16:28:25 GMT+0800 (CST) ] time is 2120
[ Tue Aug 15 2017 16:28:25 GMT+0800 (CST) ] {"err":0,"msg":"Jf9QkCUPE9217osvz5iXWaS3be1CfsL7He"}
[ Tue Aug 15 2017 16:28:25 GMT+0800 (CST) ] time is 2125
[ Tue Aug 15 2017 16:28:25 GMT+0800 (CST) ] {"err":0,"msg":"JgtoFP5WbsjujNnMvaCZiUNWtXqViTpsym"}
[ Tue Aug 15 2017 16:28:25 GMT+0800 (CST) ] time is 2129
[ Tue Aug 15 2017 16:28:25 GMT+0800 (CST) ] {"err":0,"msg":"JhHEasfuW27VgFRHCVGoqMd9SVXUG6Rtm6"}
[ Tue Aug 15 2017 16:28:25 GMT+0800 (CST) ] time is 2126
[ Tue Aug 15 2017 16:28:25 GMT+0800 (CST) ] {"err":0,"msg":"JX7DcEtsbeVkmKPdZ9UyRDbaHPDFwTU5Z1"}
[ Tue Aug 15 2017 16:28:25 GMT+0800 (CST) ] time is 2121
[ Tue Aug 15 2017 16:28:25 GMT+0800 (CST) ] {"err":0,"msg":"JMdThMPGX11iqhZeaPxLabC5C9k7dx7hXy"}
[ Tue Aug 15 2017 16:28:25 GMT+0800 (CST) ] time is 2126
[ Tue Aug 15 2017 16:28:25 GMT+0800 (CST) ] {"err":0,"msg":"JbKPJgwCVRPwVwk2KRXnsmPciKEyiqLHVy"}
[ Tue Aug 15 2017 16:28:25 GMT+0800 (CST) ] time is 2127
[ Tue Aug 15 2017 16:28:25 GMT+0800 (CST) ] {"err":0,"msg":"JYCCeEwwLURNXgbCK8uRXXNs6dG692gPPQ"}
[ Tue Aug 15 2017 16:28:25 GMT+0800 (CST) ] time is 2130
[ Tue Aug 15 2017 16:28:25 GMT+0800 (CST) ] {"err":0,"msg":"JRYR3p9SWyVEQtuERMThNXcLDuWf3FeKaq"}
[ Tue Aug 15 2017 16:28:25 GMT+0800 (CST) ] time is 2122
[ Tue Aug 15 2017 16:28:25 GMT+0800 (CST) ] {"err":0,"msg":"JatreYZn957AQ4upkwnXdtBckSaoBfuqWw"}
[ Tue Aug 15 2017 16:28:26 GMT+0800 (CST) ] time is 2128
[ Tue Aug 15 2017 16:28:26 GMT+0800 (CST) ] {"err":0,"msg":"JMXperopiiTpgZk2GE4oUNA7FirjpP8orf"}
[ Tue Aug 15 2017 16:28:26 GMT+0800 (CST) ] time is 2127
[ Tue Aug 15 2017 16:28:26 GMT+0800 (CST) ] {"err":0,"msg":"Jh46A18mYY1hAWWmwdC9Z4a3st29gjyt4p"}
[ Tue Aug 15 2017 16:28:26 GMT+0800 (CST) ] time is 2131
[ Tue Aug 15 2017 16:28:26 GMT+0800 (CST) ] {"err":0,"msg":"JW2krT2NEVf6DdmkNk8phTwKmtrSYZutNG"}
[ Tue Aug 15 2017 16:28:26 GMT+0800 (CST) ] time is 2123
[ Tue Aug 15 2017 16:28:26 GMT+0800 (CST) ] {"err":0,"msg":"Jbem5vybWqqSoKjY1kZZN33PnADrD6rL66"}
[ Tue Aug 15 2017 16:28:26 GMT+0800 (CST) ] time is 2128
[ Tue Aug 15 2017 16:28:26 GMT+0800 (CST) ] {"err":0,"msg":"JVwe8YENDKHbdEGcujFZhgBVNNroRV9ySE"}
[ Tue Aug 15 2017 16:28:26 GMT+0800 (CST) ] time is 2129
[ Tue Aug 15 2017 16:28:26 GMT+0800 (CST) ] {"err":0,"msg":"JYG8rwwG1gHatM8AF2bLCsxxxjyXFX8Pw2"}
[ Tue Aug 15 2017 16:28:26 GMT+0800 (CST) ] time is 2132
[ Tue Aug 15 2017 16:28:26 GMT+0800 (CST) ] {"err":0,"msg":"Jf8BVfDDb4TMZPFzVZf3i7cTr36SnK3piU"}
[ Tue Aug 15 2017 16:28:26 GMT+0800 (CST) ] time is 2124
[ Tue Aug 15 2017 16:28:26 GMT+0800 (CST) ] {"err":0,"msg":"JJff8Bv8Mme7DfXaQdAJhyWVcbxMMUv4XD"}
[ Tue Aug 15 2017 16:28:26 GMT+0800 (CST) ] time is 2129
[ Tue Aug 15 2017 16:28:26 GMT+0800 (CST) ] {"err":0,"msg":"JY7HuPo34iGWvaTAXZDzCuND96AB5GLUgB"}
[ Tue Aug 15 2017 16:28:26 GMT+0800 (CST) ] time is 2130
[ Tue Aug 15 2017 16:28:26 GMT+0800 (CST) ] {"err":0,"msg":"JYYf4qDTEogDVuJtdjscHDp8bUVpnoToi8"}
[ Tue Aug 15 2017 16:28:26 GMT+0800 (CST) ] time is 2133
[ Tue Aug 15 2017 16:28:26 GMT+0800 (CST) ] {"err":0,"msg":"JfjwTa4DRGxBVt2WSn1YZqzmgVP7JxdJCa"}
[ Tue Aug 15 2017 16:28:26 GMT+0800 (CST) ] time is 2125
[ Tue Aug 15 2017 16:28:26 GMT+0800 (CST) ] {"err":0,"msg":"JTyseBTR1dSQhGfqgrbPL8sYRHzwYfpCdp"}
[ Tue Aug 15 2017 16:28:26 GMT+0800 (CST) ] time is 2130
[ Tue Aug 15 2017 16:28:26 GMT+0800 (CST) ] {"err":0,"msg":"JSQVG4eB785cqqz4eVo9vvCDdTSvLTsAWt"}
[ Tue Aug 15 2017 16:28:26 GMT+0800 (CST) ] time is 2131
[ Tue Aug 15 2017 16:28:26 GMT+0800 (CST) ] {"err":0,"msg":"Jb3X5xEuEVKPp1vNSpfkePxV43rLWMakNj"}
[ Tue Aug 15 2017 16:28:26 GMT+0800 (CST) ] time is 2134
[ Tue Aug 15 2017 16:28:26 GMT+0800 (CST) ] {"err":0,"msg":"JasoaHKYeiS1Fuk7o7aUwnuPHjoPg28JQV"}
[ Tue Aug 15 2017 16:28:26 GMT+0800 (CST) ] time is 2126
[ Tue Aug 15 2017 16:28:26 GMT+0800 (CST) ] {"err":0,"msg":"JNGpG8dwx6ZSio5vvsw7fgwneCQMzD488A"}
[ Tue Aug 15 2017 16:28:26 GMT+0800 (CST) ] time is 2131
[ Tue Aug 15 2017 16:28:26 GMT+0800 (CST) ] {"err":0,"msg":"Jakuk2yYBcCeYAZ57rfrnKEfahujHh4r7S"}
[ Tue Aug 15 2017 16:28:26 GMT+0800 (CST) ] time is 2132
[ Tue Aug 15 2017 16:28:26 GMT+0800 (CST) ] {"err":0,"msg":"JQZrHSXeK9KGHqqBEU5h9DwS5rvhavmKHe"}
[ Tue Aug 15 2017 16:28:26 GMT+0800 (CST) ] time is 2135
[ Tue Aug 15 2017 16:28:26 GMT+0800 (CST) ] {"err":0,"msg":"JSJifTbwqoFHyVsbxYEy7Kvtnf3yofQspg"}
[ Tue Aug 15 2017 16:28:26 GMT+0800 (CST) ] time is 2127
[ Tue Aug 15 2017 16:28:26 GMT+0800 (CST) ] {"err":0,"msg":"JWFYTCP9kMz7ZPqkm3sBNQDZjKoES66t9L"}
[ Tue Aug 15 2017 16:28:26 GMT+0800 (CST) ] time is 2132
[ Tue Aug 15 2017 16:28:26 GMT+0800 (CST) ] {"err":0,"msg":"JZL9HRQTa1LgEy1BtEUF2Sp48dSpK5wcp1"}
[ Tue Aug 15 2017 16:28:26 GMT+0800 (CST) ] time is 2133
[ Tue Aug 15 2017 16:28:26 GMT+0800 (CST) ] {"err":0,"msg":"Jg2WVK7HyjYBezkA3mq1AxkzaCodMq5Goi"}
[ Tue Aug 15 2017 16:28:26 GMT+0800 (CST) ] time is 2136
[ Tue Aug 15 2017 16:28:26 GMT+0800 (CST) ] {"err":0,"msg":"JdHiJ2QvWYHwu3BsiWaDbPwL4hDSyRA3hE"}
[ Tue Aug 15 2017 16:28:26 GMT+0800 (CST) ] time is 2133
[ Tue Aug 15 2017 16:28:26 GMT+0800 (CST) ] {"err":0,"msg":"JL6kYNQhp1XHwR3cYiTyngayEWXxFrhjbP"}
[ Tue Aug 15 2017 16:28:26 GMT+0800 (CST) ] time is 2128
[ Tue Aug 15 2017 16:28:26 GMT+0800 (CST) ] {"err":0,"msg":"JRQ4MEMXqkb5Fzkb9kiQYZD9jsDMuDrPNd"}
[ Tue Aug 15 2017 16:28:26 GMT+0800 (CST) ] time is 2134
[ Tue Aug 15 2017 16:28:26 GMT+0800 (CST) ] {"err":0,"msg":"JTNEsLbWjnvtMVpvkBP15YnfZ9dxXYQdpZ"}
[ Tue Aug 15 2017 16:28:26 GMT+0800 (CST) ] time is 2137
[ Tue Aug 15 2017 16:28:26 GMT+0800 (CST) ] {"err":0,"msg":"JKUjBJ4zYEEPDmLvvBSnDfrVPyjigsDf1y"}
[ Tue Aug 15 2017 16:28:26 GMT+0800 (CST) ] time is 2134
[ Tue Aug 15 2017 16:28:26 GMT+0800 (CST) ] {"err":0,"msg":"JSGHVXWY7j3Ab9Xrujr7uhVYR4ekNmTcRT"}
[ Tue Aug 15 2017 16:28:26 GMT+0800 (CST) ] time is 2129
[ Tue Aug 15 2017 16:28:26 GMT+0800 (CST) ] {"err":0,"msg":"JNvJk4GSphtwUYs7xNf6xF8L5qxXik8nvu"}
[ Tue Aug 15 2017 16:28:26 GMT+0800 (CST) ] time is 2135
[ Tue Aug 15 2017 16:28:26 GMT+0800 (CST) ] {"err":0,"msg":"JYTXTyvHLWQCBv7c5DpQEDeNxvNCEBBaVq"}
[ Tue Aug 15 2017 16:28:26 GMT+0800 (CST) ] time is 2138
[ Tue Aug 15 2017 16:28:26 GMT+0800 (CST) ] {"err":0,"msg":"JKW4tQTkJU5F4k3KZmUqg3mMSUMtfhTPCq"}
[ Tue Aug 15 2017 16:28:26 GMT+0800 (CST) ] time is 2135
[ Tue Aug 15 2017 16:28:26 GMT+0800 (CST) ] {"err":0,"msg":"JdWxCmJ9a6kwnApXbJvUsbE1atmMdTBrcj"}
[ Tue Aug 15 2017 16:28:26 GMT+0800 (CST) ] time is 2130
[ Tue Aug 15 2017 16:28:26 GMT+0800 (CST) ] {"err":0,"msg":"JQs7SHqqPv3rjWk2Nd56J8HRtCA7QoNvcS"}
[ Tue Aug 15 2017 16:28:26 GMT+0800 (CST) ] time is 2136
[ Tue Aug 15 2017 16:28:26 GMT+0800 (CST) ] {"err":0,"msg":"JK6UyfQcxsM7uxnKJ5WTdFpQ3CebfuayFP"}
[ Tue Aug 15 2017 16:28:26 GMT+0800 (CST) ] time is 2139
[ Tue Aug 15 2017 16:28:26 GMT+0800 (CST) ] {"err":0,"msg":"JLEn8ucJ6PZtSrcvrWmUBZ3qqnnEbaBiTx"}
[ Tue Aug 15 2017 16:28:26 GMT+0800 (CST) ] time is 2136
[ Tue Aug 15 2017 16:28:26 GMT+0800 (CST) ] {"err":0,"msg":"JeTJyHdCxx52qFdwi9hxcqnFMoeFyA1GvL"}
[ Tue Aug 15 2017 16:28:26 GMT+0800 (CST) ] time is 2131
[ Tue Aug 15 2017 16:28:26 GMT+0800 (CST) ] {"err":0,"msg":"JZSnmL2MMkPhrs4KNSAzPSZuSa2yRDWtVV"}
[ Tue Aug 15 2017 16:28:26 GMT+0800 (CST) ] time is 2137
[ Tue Aug 15 2017 16:28:26 GMT+0800 (CST) ] {"err":0,"msg":"JaaYDpLKtXa9hcTFS6Kx1kiqNG9gGD848z"}
[ Tue Aug 15 2017 16:28:26 GMT+0800 (CST) ] time is 2140
[ Tue Aug 15 2017 16:28:26 GMT+0800 (CST) ] {"err":0,"msg":"JVhSjk8fGh9WpWA92h2xesrXahyFXNqivB"}
[ Tue Aug 15 2017 16:28:26 GMT+0800 (CST) ] time is 2132
[ Tue Aug 15 2017 16:28:26 GMT+0800 (CST) ] {"err":0,"msg":"JQvjFRowqx1EW2ZzEL2m7TDASYyjcKxZEJ"}
[ Tue Aug 15 2017 16:28:26 GMT+0800 (CST) ] time is 2137
[ Tue Aug 15 2017 16:28:26 GMT+0800 (CST) ] {"err":0,"msg":"JLbFm6z4pF5pGr3u9MAEYoj9YrJCuuYutg"}
[ Tue Aug 15 2017 16:28:26 GMT+0800 (CST) ] time is 2138
[ Tue Aug 15 2017 16:28:26 GMT+0800 (CST) ] {"err":0,"msg":"JTyx77sSqtJt5yb6QqjaLSPxUrxcPpnGyP"}
[ Tue Aug 15 2017 16:28:26 GMT+0800 (CST) ] time is 2141
[ Tue Aug 15 2017 16:28:26 GMT+0800 (CST) ] {"err":0,"msg":"JSaNBdGV5dwmCVc4hMToQBzwZxsvSv5KK9"}
[ Tue Aug 15 2017 16:28:26 GMT+0800 (CST) ] time is 2133
[ Tue Aug 15 2017 16:28:26 GMT+0800 (CST) ] {"err":0,"msg":"JS55tDCEnTki5a9EGqJZc7oG25piGptcM7"}
[ Tue Aug 15 2017 16:28:26 GMT+0800 (CST) ] time is 2138
[ Tue Aug 15 2017 16:28:26 GMT+0800 (CST) ] {"err":0,"msg":"Jc3VaeqSVTdrDrLhaUBZMezSbVyWyUXbt4"}
[ Tue Aug 15 2017 16:28:26 GMT+0800 (CST) ] time is 2139
[ Tue Aug 15 2017 16:28:26 GMT+0800 (CST) ] {"err":0,"msg":"JRrxsVXcpcdC1y6LUHKxGxirS137cW8B6w"}
[ Tue Aug 15 2017 16:28:26 GMT+0800 (CST) ] time is 2142
[ Tue Aug 15 2017 16:28:26 GMT+0800 (CST) ] {"err":0,"msg":"JR9QD5xKXKqNcLrkcFuouuDkETPoGiunz9"}
[ Tue Aug 15 2017 16:28:26 GMT+0800 (CST) ] time is 2134
[ Tue Aug 15 2017 16:28:26 GMT+0800 (CST) ] {"err":0,"msg":"JPQH6YjkvTFGhAHWBoMd3LW5WqAMHEc9w1"}
[ Tue Aug 15 2017 16:28:26 GMT+0800 (CST) ] time is 2139
[ Tue Aug 15 2017 16:28:26 GMT+0800 (CST) ] {"err":0,"msg":"JbkR56CgZhzU2J1EjQWNj5yn1xyTLKexgF"}
[ Tue Aug 15 2017 16:28:26 GMT+0800 (CST) ] time is 2143
[ Tue Aug 15 2017 16:28:26 GMT+0800 (CST) ] {"err":0,"msg":"JcYBZ7xf91CowAUgNGe4Fd3GrEPAcKxEgG"}
[ Tue Aug 15 2017 16:28:26 GMT+0800 (CST) ] time is 2140
[ Tue Aug 15 2017 16:28:26 GMT+0800 (CST) ] {"err":0,"msg":"JfgAuLheHF1S39VNThcpwbGpMhy4NcE1M6"}
[ Tue Aug 15 2017 16:28:26 GMT+0800 (CST) ] time is 2135
[ Tue Aug 15 2017 16:28:26 GMT+0800 (CST) ] {"err":0,"msg":"Jbdr9Tr2TBLxHf8o6eCAmCTJcfGq3ChEEt"}
[ Tue Aug 15 2017 16:28:26 GMT+0800 (CST) ] time is 2140
[ Tue Aug 15 2017 16:28:26 GMT+0800 (CST) ] {"err":0,"msg":"JWJ9FitCqVCSgWUQA4H4NAvN2u8GDeY3QD"}
[ Tue Aug 15 2017 16:28:26 GMT+0800 (CST) ] time is 2144
[ Tue Aug 15 2017 16:28:26 GMT+0800 (CST) ] {"err":0,"msg":"JKmuvqbzqUFkC2EXrNVn3SGNHfmoppd2Gd"}
[ Tue Aug 15 2017 16:28:26 GMT+0800 (CST) ] {"err":0,"msg":"Ja1ZLqXDFveJXwzohNvYVSToKNGsyrRBi2"}
[ Tue Aug 15 2017 16:28:26 GMT+0800 (CST) ] time is 2141
[ Tue Aug 15 2017 16:28:26 GMT+0800 (CST) ] time is 2136
[ Tue Aug 15 2017 16:28:26 GMT+0800 (CST) ] {"err":0,"msg":"JgiszrSfS4QsPzKTCyXwyY2rXwsZ1nWwLu"}
[ Tue Aug 15 2017 16:28:26 GMT+0800 (CST) ] time is 2141
[ Tue Aug 15 2017 16:28:26 GMT+0800 (CST) ] {"err":0,"msg":"JPtheWhJf37Picy42r5efoQ59xmonefUqS"}
[ Tue Aug 15 2017 16:28:26 GMT+0800 (CST) ] time is 2145
[ Tue Aug 15 2017 16:28:26 GMT+0800 (CST) ] {"err":0,"msg":"JWxARomNCdGY9kYPkHXMZDjnrsC3ThYMy5"}
[ Tue Aug 15 2017 16:28:26 GMT+0800 (CST) ] time is 2142
[ Tue Aug 15 2017 16:28:26 GMT+0800 (CST) ] {"err":0,"msg":"JUq9gXPoARrtkRvGmc9VYnByLfPCxp7rzo"}
[ Tue Aug 15 2017 16:28:26 GMT+0800 (CST) ] time is 2137
[ Tue Aug 15 2017 16:28:26 GMT+0800 (CST) ] {"err":0,"msg":"JWTcm9mqNPwHieyy3rmvCRe8X4msE9Uahv"}
[ Tue Aug 15 2017 16:28:26 GMT+0800 (CST) ] time is 2142
[ Tue Aug 15 2017 16:28:26 GMT+0800 (CST) ] {"err":0,"msg":"JPcgVGf7W77iNxsBn9sCMBysH5jrpinnsy"}
[ Tue Aug 15 2017 16:28:26 GMT+0800 (CST) ] time is 2146
[ Tue Aug 15 2017 16:28:26 GMT+0800 (CST) ] {"err":0,"msg":"JbBZcfdKGtg1T93G3cnnMyjjKQ9Q2hqVBQ"}
[ Tue Aug 15 2017 16:28:26 GMT+0800 (CST) ] time is 2143
[ Tue Aug 15 2017 16:28:26 GMT+0800 (CST) ] {"err":0,"msg":"Javf66SJvZNE13Hf2Z1nfkXr9AFTrcoWTJ"}
[ Tue Aug 15 2017 16:28:26 GMT+0800 (CST) ] time is 2138
[ Tue Aug 15 2017 16:28:26 GMT+0800 (CST) ] {"err":0,"msg":"JRuJs4h7TQi2VkpWAnyv7u7ngv3kPj5ESb"}
[ Tue Aug 15 2017 16:28:26 GMT+0800 (CST) ] time is 2143
[ Tue Aug 15 2017 16:28:26 GMT+0800 (CST) ] {"err":0,"msg":"JVxVgrVPZay4hJeiAk6KdmcCxG6gLU5Azz"}
[ Tue Aug 15 2017 16:28:26 GMT+0800 (CST) ] time is 2147
[ Tue Aug 15 2017 16:28:26 GMT+0800 (CST) ] {"err":0,"msg":"JhZC4qv6xfRC8igwa49woxTs7rW4gWX9ny"}
[ Tue Aug 15 2017 16:28:26 GMT+0800 (CST) ] time is 2144
[ Tue Aug 15 2017 16:28:26 GMT+0800 (CST) ] {"err":0,"msg":"JcAziomtuuxdsgcjd9QNy7cdYWNz97rveG"}
[ Tue Aug 15 2017 16:28:26 GMT+0800 (CST) ] time is 2144
[ Tue Aug 15 2017 16:28:26 GMT+0800 (CST) ] {"err":0,"msg":"JNeaSTm9GfSAkmM6L1LgDJXzQvCzSu9wn2"}
[ Tue Aug 15 2017 16:28:26 GMT+0800 (CST) ] time is 2139
[ Tue Aug 15 2017 16:28:26 GMT+0800 (CST) ] {"err":0,"msg":"Jf1XQjLRUMs97Te1qzoEjxoBbjKu3snkv4"}
[ Tue Aug 15 2017 16:28:27 GMT+0800 (CST) ] time is 2148
[ Tue Aug 15 2017 16:28:27 GMT+0800 (CST) ] {"err":0,"msg":"JJrJkZRfuhKDMZhYcrfNw3YnrcuL7sUz9m"}
[ Tue Aug 15 2017 16:28:27 GMT+0800 (CST) ] time is 2145
[ Tue Aug 15 2017 16:28:27 GMT+0800 (CST) ] {"err":0,"msg":"JdvRj1cZ83MyhsF9cuD78oCVJS3Wyorj1s"}
[ Tue Aug 15 2017 16:28:27 GMT+0800 (CST) ] time is 2145
[ Tue Aug 15 2017 16:28:27 GMT+0800 (CST) ] {"err":0,"msg":"JLuiPiBdnH5gSKZKzZbcPNTjX8ort8sXur"}
[ Tue Aug 15 2017 16:28:27 GMT+0800 (CST) ] time is 2140
[ Tue Aug 15 2017 16:28:27 GMT+0800 (CST) ] {"err":0,"msg":"JdXxkEeCjdDfGGz9H7YBzJxHHKRAJGzRP7"}
[ Tue Aug 15 2017 16:28:27 GMT+0800 (CST) ] time is 2149
[ Tue Aug 15 2017 16:28:27 GMT+0800 (CST) ] {"err":0,"msg":"JfaUBo2paGVztawgNACdGremyB3ERT3Ptu"}
[ Tue Aug 15 2017 16:28:27 GMT+0800 (CST) ] time is 2146
[ Tue Aug 15 2017 16:28:27 GMT+0800 (CST) ] {"err":0,"msg":"JKpMfQcm9exUrqEiWxiQPPoVCLatiRRGYj"}
[ Tue Aug 15 2017 16:28:27 GMT+0800 (CST) ] time is 2146
[ Tue Aug 15 2017 16:28:27 GMT+0800 (CST) ] {"err":0,"msg":"JSgw4CKp7S1tv2yNgyeHx8QxqiSQyWMTDa"}
[ Tue Aug 15 2017 16:28:27 GMT+0800 (CST) ] time is 2141
[ Tue Aug 15 2017 16:28:27 GMT+0800 (CST) ] {"err":0,"msg":"JgiauZr7wBPN12p2Xb89soYFxeBRVCS9GP"}
[ Tue Aug 15 2017 16:28:27 GMT+0800 (CST) ] time is 2150
[ Tue Aug 15 2017 16:28:27 GMT+0800 (CST) ] {"err":0,"msg":"JdbWmmAETTpJedpTCuarYXySzJPDn4fgq2"}
[ Tue Aug 15 2017 16:28:27 GMT+0800 (CST) ] time is 2147
[ Tue Aug 15 2017 16:28:27 GMT+0800 (CST) ] {"err":0,"msg":"JbaA3XQsC7mUS8fR3P8JGb7KFy832v6V12"}
[ Tue Aug 15 2017 16:28:27 GMT+0800 (CST) ] time is 2147
[ Tue Aug 15 2017 16:28:27 GMT+0800 (CST) ] {"err":0,"msg":"JVLctm3zxi3qCFwbAiHD2vAB3xVFh5turm"}
[ Tue Aug 15 2017 16:28:27 GMT+0800 (CST) ] time is 2142
[ Tue Aug 15 2017 16:28:27 GMT+0800 (CST) ] {"err":0,"msg":"JcYzxxMCjL4P8TqYCjngD5a6p3dK2NrQUf"}
[ Tue Aug 15 2017 16:28:27 GMT+0800 (CST) ] time is 2151
[ Tue Aug 15 2017 16:28:27 GMT+0800 (CST) ] {"err":0,"msg":"JaV38z6GkDYp9tAe5nPjJdpX88arfmFuRq"}
[ Tue Aug 15 2017 16:28:27 GMT+0800 (CST) ] time is 2148
[ Tue Aug 15 2017 16:28:27 GMT+0800 (CST) ] {"err":0,"msg":"JgPVCLSxVnDtma64xQwNNS6peun21RMEE6"}
[ Tue Aug 15 2017 16:28:27 GMT+0800 (CST) ] time is 2148
[ Tue Aug 15 2017 16:28:27 GMT+0800 (CST) ] {"err":0,"msg":"JW6btGkRW4MhATiNszNmvjNmJhe4ZuQVzF"}
[ Tue Aug 15 2017 16:28:27 GMT+0800 (CST) ] time is 2143
[ Tue Aug 15 2017 16:28:27 GMT+0800 (CST) ] {"err":0,"msg":"JZYc2XxYLHhVqmqQXPvDkxEnE9vQxawC7z"}
[ Tue Aug 15 2017 16:28:27 GMT+0800 (CST) ] time is 2152
[ Tue Aug 15 2017 16:28:27 GMT+0800 (CST) ] {"err":0,"msg":"JhaQGr9V9BU9ZHLMTEwu5qCbz1BAHboBoA"}
[ Tue Aug 15 2017 16:28:27 GMT+0800 (CST) ] time is 2149
[ Tue Aug 15 2017 16:28:27 GMT+0800 (CST) ] {"err":0,"msg":"JMpCsnVcWgbReH7Lb35Y36s2DETnb6L2BR"}
[ Tue Aug 15 2017 16:28:27 GMT+0800 (CST) ] time is 2149
[ Tue Aug 15 2017 16:28:27 GMT+0800 (CST) ] {"err":0,"msg":"JRCkbvejv9ZMH3Wuyyj77PSs3kofTGHSYm"}
[ Tue Aug 15 2017 16:28:27 GMT+0800 (CST) ] time is 2144
[ Tue Aug 15 2017 16:28:27 GMT+0800 (CST) ] {"err":0,"msg":"Jc9pNbbJCc7KjBMmb6HBs6Su7fzm1cQ3jS"}
[ Tue Aug 15 2017 16:28:27 GMT+0800 (CST) ] time is 2153
[ Tue Aug 15 2017 16:28:27 GMT+0800 (CST) ] {"err":0,"msg":"JZcLAzsf2QXiZ54AHJ4GeyfBB73jiZwqMR"}
[ Tue Aug 15 2017 16:28:27 GMT+0800 (CST) ] time is 2150
[ Tue Aug 15 2017 16:28:27 GMT+0800 (CST) ] {"err":0,"msg":"Jf5DSTEhgnQ4TDvTjZrinQ9Rx1ZT1DdTez"}
[ Tue Aug 15 2017 16:28:27 GMT+0800 (CST) ] time is 2150
[ Tue Aug 15 2017 16:28:27 GMT+0800 (CST) ] {"err":0,"msg":"JhVoBh7bHadnXJ5cBmAmRAQjUkGTXNjxrm"}
[ Tue Aug 15 2017 16:28:27 GMT+0800 (CST) ] time is 2145
[ Tue Aug 15 2017 16:28:27 GMT+0800 (CST) ] {"err":0,"msg":"JdFePBctnJpcnM7j2Zc9bEFSMfBCciA1au"}
[ Tue Aug 15 2017 16:28:27 GMT+0800 (CST) ] time is 2154
[ Tue Aug 15 2017 16:28:27 GMT+0800 (CST) ] {"err":0,"msg":"JRG4sAUALiyHjN1at7gxb9GLSf2U2RpNkg"}
[ Tue Aug 15 2017 16:28:27 GMT+0800 (CST) ] {"err":0,"msg":"JgwGAN3gWDTstE8KzvDKAjzyKsd3vrjdXw"}
[ Tue Aug 15 2017 16:28:27 GMT+0800 (CST) ] time is 2151
[ Tue Aug 15 2017 16:28:27 GMT+0800 (CST) ] time is 2151
[ Tue Aug 15 2017 16:28:27 GMT+0800 (CST) ] {"err":0,"msg":"JgKQLDVMz83DmfY78McVJL7MuNRn7zhNJW"}
[ Tue Aug 15 2017 16:28:27 GMT+0800 (CST) ] time is 2146
[ Tue Aug 15 2017 16:28:27 GMT+0800 (CST) ] {"err":0,"msg":"JT8PcjT9b95iMydYyyLYtEuNy5H2EefBAB"}
[ Tue Aug 15 2017 16:28:27 GMT+0800 (CST) ] time is 2155
[ Tue Aug 15 2017 16:28:27 GMT+0800 (CST) ] {"err":0,"msg":"JcH4r98gbjb2edkgNmPHSTuCozY9YutNu9"}
[ Tue Aug 15 2017 16:28:27 GMT+0800 (CST) ] time is 2152
[ Tue Aug 15 2017 16:28:27 GMT+0800 (CST) ] {"err":0,"msg":"Jbe2wx2KTFrCfnLSriHhv4rxCtS7NnS2k1"}
[ Tue Aug 15 2017 16:28:27 GMT+0800 (CST) ] {"err":0,"msg":"JMrvCRGyAHeZHjdAtbVxdEpfFC37KiEMnQ"}
[ Tue Aug 15 2017 16:28:27 GMT+0800 (CST) ] time is 2152
[ Tue Aug 15 2017 16:28:27 GMT+0800 (CST) ] time is 2147
[ Tue Aug 15 2017 16:28:27 GMT+0800 (CST) ] {"err":0,"msg":"JUHkh1bsBXMpL6PiRaDy7zQtQB2Q1CE9Q8"}
[ Tue Aug 15 2017 16:28:27 GMT+0800 (CST) ] time is 2156
[ Tue Aug 15 2017 16:28:27 GMT+0800 (CST) ] {"err":0,"msg":"JVUggtDc7NXjKqAKfYvhrV7r1G7C47dUzd"}
[ Tue Aug 15 2017 16:28:27 GMT+0800 (CST) ] time is 2153
[ Tue Aug 15 2017 16:28:27 GMT+0800 (CST) ] {"err":0,"msg":"Jcjr3GTQZQ9Xo1RNs59PDgQ7ddBJgWDDXr"}
[ Tue Aug 15 2017 16:28:27 GMT+0800 (CST) ] time is 2153
[ Tue Aug 15 2017 16:28:27 GMT+0800 (CST) ] {"err":0,"msg":"JKGFDj7z5h6Msd3FuPf3brTkGFbTcMoQbf"}
[ Tue Aug 15 2017 16:28:27 GMT+0800 (CST) ] time is 2148
[ Tue Aug 15 2017 16:28:27 GMT+0800 (CST) ] {"err":0,"msg":"JVmNadC59gupuCt1bc6orpZh7JsLkosh39"}
[ Tue Aug 15 2017 16:28:27 GMT+0800 (CST) ] time is 2157
[ Tue Aug 15 2017 16:28:27 GMT+0800 (CST) ] {"err":0,"msg":"JRkv35pRczNgrecUSdWKrYCycFcW75JLtj"}
[ Tue Aug 15 2017 16:28:27 GMT+0800 (CST) ] time is 2154
[ Tue Aug 15 2017 16:28:27 GMT+0800 (CST) ] {"err":0,"msg":"JSv1aw5PWJXvi9WiLt6EJZJgLAxUcgWYAD"}
[ Tue Aug 15 2017 16:28:27 GMT+0800 (CST) ] time is 2154
[ Tue Aug 15 2017 16:28:27 GMT+0800 (CST) ] {"err":0,"msg":"JgwE6pME15DQzTojwXFdKYBsMLPisPgXx6"}
[ Tue Aug 15 2017 16:28:27 GMT+0800 (CST) ] time is 2149
[ Tue Aug 15 2017 16:28:27 GMT+0800 (CST) ] {"err":0,"msg":"JQbhkWMMauRMTV47bxFsJsTuZrpMMR5ytv"}
[ Tue Aug 15 2017 16:28:27 GMT+0800 (CST) ] time is 2158
[ Tue Aug 15 2017 16:28:27 GMT+0800 (CST) ] {"err":0,"msg":"Je3Vi7PkktNDtWdCw7fLmCTuscpAAn4Zsv"}
[ Tue Aug 15 2017 16:28:27 GMT+0800 (CST) ] time is 2155
[ Tue Aug 15 2017 16:28:27 GMT+0800 (CST) ] {"err":0,"msg":"JZEYD9APcuxbsnfa1tw7ieFAaqdD81CRBG"}
[ Tue Aug 15 2017 16:28:27 GMT+0800 (CST) ] {"err":0,"msg":"JX3Kr38qzJaQTxpM7Pm7cKWpnu7DVjAkAm"}
[ Tue Aug 15 2017 16:28:27 GMT+0800 (CST) ] time is 2159
[ Tue Aug 15 2017 16:28:27 GMT+0800 (CST) ] time is 2155
[ Tue Aug 15 2017 16:28:27 GMT+0800 (CST) ] {"err":0,"msg":"JfzXzrXLpPFiQea2rxgHytutfYJMZ937vh"}
[ Tue Aug 15 2017 16:28:27 GMT+0800 (CST) ] time is 2150
[ Tue Aug 15 2017 16:28:27 GMT+0800 (CST) ] {"err":0,"msg":"JXcvtC9YZbzVBu6XjEvenjEHBAHrvwSwfE"}
[ Tue Aug 15 2017 16:28:27 GMT+0800 (CST) ] time is 2156
[ Tue Aug 15 2017 16:28:27 GMT+0800 (CST) ] {"err":0,"msg":"JJcp6pfo9trVUpmrmNYCzL648Fwkz39DFH"}
[ Tue Aug 15 2017 16:28:27 GMT+0800 (CST) ] time is 2156
[ Tue Aug 15 2017 16:28:27 GMT+0800 (CST) ] {"err":0,"msg":"JN3FkoFJJ8kGRv1unzQhvP3dBMRfPbzukx"}
[ Tue Aug 15 2017 16:28:27 GMT+0800 (CST) ] time is 2160
[ Tue Aug 15 2017 16:28:27 GMT+0800 (CST) ] {"err":0,"msg":"JdH8UnHKLv6hRkTm17qWxbTDSBQKHLhX4c"}
[ Tue Aug 15 2017 16:28:27 GMT+0800 (CST) ] time is 2157
[ Tue Aug 15 2017 16:28:27 GMT+0800 (CST) ] {"err":0,"msg":"JgbStSt6SLnuPLovpdFnYNpdK3MbqCFddx"}
[ Tue Aug 15 2017 16:28:27 GMT+0800 (CST) ] time is 2151
[ Tue Aug 15 2017 16:28:27 GMT+0800 (CST) ] {"err":0,"msg":"Jf2qDcGGUCicQmqt5tPUJTTCakjNNJce7f"}
[ Tue Aug 15 2017 16:28:27 GMT+0800 (CST) ] time is 2157
[ Tue Aug 15 2017 16:28:27 GMT+0800 (CST) ] {"err":0,"msg":"JW2ckBeXNWV6UdRYiUTc3w8jR365UnwynR"}
[ Tue Aug 15 2017 16:28:27 GMT+0800 (CST) ] time is 2161
[ Tue Aug 15 2017 16:28:27 GMT+0800 (CST) ] {"err":0,"msg":"JTMSze8XmesCgiNQPgTLkJznEJLSXDe9rU"}
[ Tue Aug 15 2017 16:28:27 GMT+0800 (CST) ] time is 2158
[ Tue Aug 15 2017 16:28:27 GMT+0800 (CST) ] {"err":0,"msg":"Jfbj83F9eveVkXFCX5a4aFmg5PUYiGv1rx"}
[ Tue Aug 15 2017 16:28:27 GMT+0800 (CST) ] time is 2152
[ Tue Aug 15 2017 16:28:27 GMT+0800 (CST) ] {"err":0,"msg":"JXE49gJXbe5t7DVuuS6vHpzYq2jt2kkxm3"}
[ Tue Aug 15 2017 16:28:27 GMT+0800 (CST) ] time is 2158
[ Tue Aug 15 2017 16:28:27 GMT+0800 (CST) ] {"err":0,"msg":"JYwcjsJ3wXsPi6rv61XaNFFjt9MhecVfb3"}
[ Tue Aug 15 2017 16:28:27 GMT+0800 (CST) ] time is 2162
[ Tue Aug 15 2017 16:28:27 GMT+0800 (CST) ] {"err":0,"msg":"JYBSnYYrVERL3NVKhefswhoUAy6uLtrtsf"}
[ Tue Aug 15 2017 16:28:27 GMT+0800 (CST) ] time is 2153
[ Tue Aug 15 2017 16:28:27 GMT+0800 (CST) ] {"err":0,"msg":"JWPPsVbQqm5aovkkFce1bDvXwH6N6EbHsN"}
[ Tue Aug 15 2017 16:28:27 GMT+0800 (CST) ] time is 2159
[ Tue Aug 15 2017 16:28:27 GMT+0800 (CST) ] {"err":0,"msg":"JLWZ1Zfxx2wYBEfxp829cjZfrKPRgsLaCL"}
[ Tue Aug 15 2017 16:28:27 GMT+0800 (CST) ] time is 2159
[ Tue Aug 15 2017 16:28:27 GMT+0800 (CST) ] {"err":0,"msg":"Jf4HyCridp9ToPTj1b1gDyZDzQkgW2zsFa"}
[ Tue Aug 15 2017 16:28:27 GMT+0800 (CST) ] time is 2163
[ Tue Aug 15 2017 16:28:27 GMT+0800 (CST) ] {"err":0,"msg":"JUbWjFuk5z8YcNT85ssKdF5oe9ASt6qStG"}
[ Tue Aug 15 2017 16:28:27 GMT+0800 (CST) ] time is 2154
[ Tue Aug 15 2017 16:28:27 GMT+0800 (CST) ] {"err":0,"msg":"JYL2f9fYSTZ6pBU73pHRVprzSBdLh2fZBy"}
[ Tue Aug 15 2017 16:28:27 GMT+0800 (CST) ] {"err":0,"msg":"JeuefjpT3MJKbk6cNnqpDkuhDvfep4dyvo"}
[ Tue Aug 15 2017 16:28:27 GMT+0800 (CST) ] time is 2164
[ Tue Aug 15 2017 16:28:27 GMT+0800 (CST) ] time is 2160
[ Tue Aug 15 2017 16:28:27 GMT+0800 (CST) ] {"err":0,"msg":"JXsbMWvQNDLReBAszuaKrVTuVPgFHz9j6M"}
[ Tue Aug 15 2017 16:28:27 GMT+0800 (CST) ] time is 2160
[ Tue Aug 15 2017 16:28:27 GMT+0800 (CST) ] {"err":0,"msg":"JYigJAc8H377J3mLxVnNUoWGhedr632VgR"}
[ Tue Aug 15 2017 16:28:27 GMT+0800 (CST) ] time is 2155
[ Tue Aug 15 2017 16:28:27 GMT+0800 (CST) ] {"err":0,"msg":"JSSVJZKtd1N9pB8tFmSrnXbkaN13P9eA1U"}
[ Tue Aug 15 2017 16:28:27 GMT+0800 (CST) ] time is 2165
[ Tue Aug 15 2017 16:28:27 GMT+0800 (CST) ] {"err":0,"msg":"JRGWJSLBa8E4QTXckn31HUd7eVKu2HSNC4"}
[ Tue Aug 15 2017 16:28:28 GMT+0800 (CST) ] time is 2161
[ Tue Aug 15 2017 16:28:28 GMT+0800 (CST) ] {"err":0,"msg":"Jd17uAzbpT8GvigyaTjCupLLpfYnZpSu7e"}
[ Tue Aug 15 2017 16:28:28 GMT+0800 (CST) ] time is 2161
[ Tue Aug 15 2017 16:28:28 GMT+0800 (CST) ] {"err":0,"msg":"JMaCEeXH3im4ULjdAVgcnSnm721BzndoKv"}
[ Tue Aug 15 2017 16:28:28 GMT+0800 (CST) ] time is 2166
[ Tue Aug 15 2017 16:28:28 GMT+0800 (CST) ] {"err":0,"msg":"JJZssd5n7xfuDg5ybteXvnP8pwV8YC5RXy"}
[ Tue Aug 15 2017 16:28:28 GMT+0800 (CST) ] {"err":0,"msg":"JYoaDgCR6CmR5gnBGkfZ8k64JZgNR6F9bH"}
[ Tue Aug 15 2017 16:28:28 GMT+0800 (CST) ] time is 2156
[ Tue Aug 15 2017 16:28:28 GMT+0800 (CST) ] time is 2162
[ Tue Aug 15 2017 16:28:28 GMT+0800 (CST) ] {"err":0,"msg":"JR7tdoNBUmQmNA2aXf4j6XkDB3krjSYaoo"}
[ Tue Aug 15 2017 16:28:28 GMT+0800 (CST) ] time is 2162
[ Tue Aug 15 2017 16:28:28 GMT+0800 (CST) ] {"err":0,"msg":"Jh8gjSX4WVzobAhUG2nSrrRPLZXueLtVue"}
[ Tue Aug 15 2017 16:28:28 GMT+0800 (CST) ] time is 2167
[ Tue Aug 15 2017 16:28:28 GMT+0800 (CST) ] {"err":0,"msg":"Jdmc7tLzDPx3gAENBLb269uxD3fviEkufU"}
[ Tue Aug 15 2017 16:28:28 GMT+0800 (CST) ] time is 2157
[ Tue Aug 15 2017 16:28:28 GMT+0800 (CST) ] {"err":0,"msg":"JfKKDNZK7F2x7HBokKTDGKARj6Spxmf5tN"}
[ Tue Aug 15 2017 16:28:28 GMT+0800 (CST) ] time is 2163
[ Tue Aug 15 2017 16:28:28 GMT+0800 (CST) ] {"err":0,"msg":"JMNSHCNywBATLCh83JGL6jFqzd35p1gqxC"}
[ Tue Aug 15 2017 16:28:28 GMT+0800 (CST) ] time is 2163
[ Tue Aug 15 2017 16:28:28 GMT+0800 (CST) ] {"err":0,"msg":"Jdjpptw7GcqmgEzCawT1JWwqB6MaVxKmPk"}
[ Tue Aug 15 2017 16:28:28 GMT+0800 (CST) ] time is 2168
[ Tue Aug 15 2017 16:28:28 GMT+0800 (CST) ] {"err":0,"msg":"JgDnj2KPax8R1jF6VXV5kdMRHMx97nE6TA"}
[ Tue Aug 15 2017 16:28:28 GMT+0800 (CST) ] time is 2158
[ Tue Aug 15 2017 16:28:28 GMT+0800 (CST) ] {"err":0,"msg":"JUqu445uZGrdgjnUZe1nkXM6Sj8wsz9761"}
[ Tue Aug 15 2017 16:28:28 GMT+0800 (CST) ] time is 2164
[ Tue Aug 15 2017 16:28:28 GMT+0800 (CST) ] {"err":0,"msg":"JVCPHr8jk35AUBWK25NViKs2kRGvounPiy"}
[ Tue Aug 15 2017 16:28:28 GMT+0800 (CST) ] time is 2164
[ Tue Aug 15 2017 16:28:28 GMT+0800 (CST) ] {"err":0,"msg":"JKGoK6d5GpXpekNAXFTjtEakYSsjaFuXFt"}
[ Tue Aug 15 2017 16:28:28 GMT+0800 (CST) ] time is 2169
[ Tue Aug 15 2017 16:28:28 GMT+0800 (CST) ] {"err":0,"msg":"JhMXqZ7YHzBNW5xPeG4oaZ9dg4gSiUG2Bk"}
[ Tue Aug 15 2017 16:28:28 GMT+0800 (CST) ] time is 2159
[ Tue Aug 15 2017 16:28:28 GMT+0800 (CST) ] {"err":0,"msg":"JVpSxro9ZBPF4gRLc6G3tJBs8wuiFsfpcE"}
[ Tue Aug 15 2017 16:28:28 GMT+0800 (CST) ] time is 2165
[ Tue Aug 15 2017 16:28:28 GMT+0800 (CST) ] {"err":0,"msg":"JaBfL9VzrZkrnh7bsT7BkauAL8ShU4vdtC"}
[ Tue Aug 15 2017 16:28:28 GMT+0800 (CST) ] time is 2165
[ Tue Aug 15 2017 16:28:28 GMT+0800 (CST) ] {"err":0,"msg":"JLy3Y4wAxCHGVU3zwP6WEQyHdnUW8oSeuh"}
[ Tue Aug 15 2017 16:28:28 GMT+0800 (CST) ] time is 2170
[ Tue Aug 15 2017 16:28:28 GMT+0800 (CST) ] {"err":0,"msg":"JTXxkmws2Yh68sBzRJTncoH8JgoiqrRH2v"}
[ Tue Aug 15 2017 16:28:28 GMT+0800 (CST) ] time is 2160
[ Tue Aug 15 2017 16:28:28 GMT+0800 (CST) ] {"err":0,"msg":"JRKWP2zewS8x6ntZSkCLD2JrRyLkboqamZ"}
[ Tue Aug 15 2017 16:28:28 GMT+0800 (CST) ] time is 2166
[ Tue Aug 15 2017 16:28:28 GMT+0800 (CST) ] {"err":0,"msg":"JfMoL5eaiQ4KBZqGeBnQcaqqvwEDcAwrBk"}
[ Tue Aug 15 2017 16:28:28 GMT+0800 (CST) ] time is 2166
[ Tue Aug 15 2017 16:28:28 GMT+0800 (CST) ] {"err":0,"msg":"JW3NgoFyUApuaZPdwPWJP1UjkvgLEV9WGc"}
[ Tue Aug 15 2017 16:28:28 GMT+0800 (CST) ] time is 2161
[ Tue Aug 15 2017 16:28:28 GMT+0800 (CST) ] {"err":0,"msg":"JM6XV5fK4BXLjCvvaWw5AqS815ZMMebds7"}
[ Tue Aug 15 2017 16:28:28 GMT+0800 (CST) ] time is 2171
[ Tue Aug 15 2017 16:28:28 GMT+0800 (CST) ] {"err":0,"msg":"JMks6nTRCotVh2e1QM4kFDyThayRxzafix"}
[ Tue Aug 15 2017 16:28:28 GMT+0800 (CST) ] time is 2167
[ Tue Aug 15 2017 16:28:28 GMT+0800 (CST) ] {"err":0,"msg":"JUqxCEMKStWZ71jGfCJzZAgkhBv93EiEHH"}
[ Tue Aug 15 2017 16:28:28 GMT+0800 (CST) ] time is 2167
[ Tue Aug 15 2017 16:28:28 GMT+0800 (CST) ] {"err":0,"msg":"JXNLPH378yUkfmY7QDsKLeU2D4UETp4eyu"}
[ Tue Aug 15 2017 16:28:28 GMT+0800 (CST) ] time is 2162
[ Tue Aug 15 2017 16:28:28 GMT+0800 (CST) ] {"err":0,"msg":"JfUx9HXZdDVTti7w4s2EgKanMZfBjdAAEJ"}
[ Tue Aug 15 2017 16:28:28 GMT+0800 (CST) ] time is 2172
[ Tue Aug 15 2017 16:28:28 GMT+0800 (CST) ] {"err":0,"msg":"JWQkKtjUtg1bahowpSwKG9J1stcCCoo5Cs"}
[ Tue Aug 15 2017 16:28:28 GMT+0800 (CST) ] time is 2168
[ Tue Aug 15 2017 16:28:28 GMT+0800 (CST) ] {"err":0,"msg":"JNQwmY5nVGsBY8y88Zk1GJg8YVKVGqftzJ"}
[ Tue Aug 15 2017 16:28:28 GMT+0800 (CST) ] time is 2168
[ Tue Aug 15 2017 16:28:28 GMT+0800 (CST) ] {"err":0,"msg":"JXLLjrV1iMMZsgoNCJ94nmjMQjsTwp3UHX"}
[ Tue Aug 15 2017 16:28:28 GMT+0800 (CST) ] {"err":0,"msg":"JdCKiD1UCs1JRLAis4jEHPpo2Rw4F1TA1p"}
[ Tue Aug 15 2017 16:28:28 GMT+0800 (CST) ] time is 2163
[ Tue Aug 15 2017 16:28:28 GMT+0800 (CST) ] time is 2169
[ Tue Aug 15 2017 16:28:28 GMT+0800 (CST) ] {"err":0,"msg":"JfEjLQqk5PKAVjiyWVkiTLvCK4PFKYYvQP"}
[ Tue Aug 15 2017 16:28:28 GMT+0800 (CST) ] time is 2173
[ Tue Aug 15 2017 16:28:28 GMT+0800 (CST) ] {"err":0,"msg":"Jf84VvADHFvLDBAbjpZQpp7hhK5MkcJA8t"}
[ Tue Aug 15 2017 16:28:28 GMT+0800 (CST) ] time is 2169
[ Tue Aug 15 2017 16:28:28 GMT+0800 (CST) ] {"err":0,"msg":"JfwAuirqXt9EueAFJQsmR9MUtMEPfkBVX1"}
[ Tue Aug 15 2017 16:28:28 GMT+0800 (CST) ] time is 2170
[ Tue Aug 15 2017 16:28:28 GMT+0800 (CST) ] {"err":0,"msg":"JYNnYgwhCV635EhRbHAbknjs2pKd4Mezeq"}
[ Tue Aug 15 2017 16:28:28 GMT+0800 (CST) ] time is 2164
[ Tue Aug 15 2017 16:28:28 GMT+0800 (CST) ] {"err":0,"msg":"Jd69m5ZEwwe8AYPxhTMjzPXHNDxfrh8owb"}
[ Tue Aug 15 2017 16:28:28 GMT+0800 (CST) ] time is 2174
[ Tue Aug 15 2017 16:28:28 GMT+0800 (CST) ] {"err":0,"msg":"JNmVM31RQB343GqqWnkmzNFuSZHZCLa75F"}
[ Tue Aug 15 2017 16:28:28 GMT+0800 (CST) ] time is 2170
[ Tue Aug 15 2017 16:28:28 GMT+0800 (CST) ] {"err":0,"msg":"JdRi7ZAuTRHPihEbifePC3HHWsjPduBJBj"}
[ Tue Aug 15 2017 16:28:28 GMT+0800 (CST) ] time is 2171
[ Tue Aug 15 2017 16:28:28 GMT+0800 (CST) ] {"err":0,"msg":"JWunwMNAm6jzjChG9VYxRNDrVXt5VhWhF7"}
[ Tue Aug 15 2017 16:28:28 GMT+0800 (CST) ] time is 2165
[ Tue Aug 15 2017 16:28:28 GMT+0800 (CST) ] {"err":0,"msg":"Je8hxw2KF5ppW6rLbtMZWQz7RYT1rBxnsb"}
[ Tue Aug 15 2017 16:28:28 GMT+0800 (CST) ] time is 2175
[ Tue Aug 15 2017 16:28:28 GMT+0800 (CST) ] {"err":0,"msg":"Jcbp3HRM8Krxe7yX51gGKxt9Gu5V9M56eF"}
[ Tue Aug 15 2017 16:28:28 GMT+0800 (CST) ] time is 2171
[ Tue Aug 15 2017 16:28:28 GMT+0800 (CST) ] {"err":0,"msg":"JQjgJNcPX48ZPJnFyZgXg6q9nQUNSeD8Kd"}
[ Tue Aug 15 2017 16:28:28 GMT+0800 (CST) ] time is 2172
[ Tue Aug 15 2017 16:28:28 GMT+0800 (CST) ] {"err":0,"msg":"JLkzC2ZNW4AfSjRKkvNaPVJfJgbpymxiSG"}
[ Tue Aug 15 2017 16:28:28 GMT+0800 (CST) ] time is 2166
[ Tue Aug 15 2017 16:28:28 GMT+0800 (CST) ] {"err":0,"msg":"JU51DaaFP9otR5KhnFR2QSnUXVbq2hH9xv"}
[ Tue Aug 15 2017 16:28:28 GMT+0800 (CST) ] time is 2176
[ Tue Aug 15 2017 16:28:28 GMT+0800 (CST) ] {"err":0,"msg":"JXs1aHfsVyN8Z5Ga7coWopykjHBXEkczyf"}
[ Tue Aug 15 2017 16:28:28 GMT+0800 (CST) ] time is 2172
[ Tue Aug 15 2017 16:28:28 GMT+0800 (CST) ] {"err":0,"msg":"JcXtgPcg34RgkJAxkq8ZtHt667w18E3vHC"}
[ Tue Aug 15 2017 16:28:28 GMT+0800 (CST) ] time is 2173
[ Tue Aug 15 2017 16:28:28 GMT+0800 (CST) ] {"err":0,"msg":"JYCgY348zhG5b3EPW2dSUXsGpBdEMfkgaq"}
[ Tue Aug 15 2017 16:28:28 GMT+0800 (CST) ] time is 2167
[ Tue Aug 15 2017 16:28:28 GMT+0800 (CST) ] {"err":0,"msg":"Jg9BUgnWCccWy7xXt5J7EWq1DJXqvQh5pS"}
[ Tue Aug 15 2017 16:28:28 GMT+0800 (CST) ] time is 2177
[ Tue Aug 15 2017 16:28:28 GMT+0800 (CST) ] {"err":0,"msg":"JgNBswUV7uy5Ju8XyRRKTYQaAx5mt9JmDz"}
[ Tue Aug 15 2017 16:28:28 GMT+0800 (CST) ] time is 2173
[ Tue Aug 15 2017 16:28:28 GMT+0800 (CST) ] {"err":0,"msg":"JLUfmYur7ADBLzE8XzotaYjUCEqJBP3Fzc"}
[ Tue Aug 15 2017 16:28:28 GMT+0800 (CST) ] time is 2174
[ Tue Aug 15 2017 16:28:28 GMT+0800 (CST) ] {"err":0,"msg":"JeY94Y6ytuWwT3rv6tzSRmZTqQrjHBQXPL"}
[ Tue Aug 15 2017 16:28:28 GMT+0800 (CST) ] time is 2168
[ Tue Aug 15 2017 16:28:28 GMT+0800 (CST) ] {"err":0,"msg":"JfRkrR6Hc9FVKN3KSnrweSEQHdnKxgokj3"}
[ Tue Aug 15 2017 16:28:28 GMT+0800 (CST) ] time is 2178
[ Tue Aug 15 2017 16:28:28 GMT+0800 (CST) ] {"err":0,"msg":"JRDSvaSkcRQffHidQiGBXBfFz1t6GpE8sS"}
[ Tue Aug 15 2017 16:28:28 GMT+0800 (CST) ] time is 2174
[ Tue Aug 15 2017 16:28:28 GMT+0800 (CST) ] {"err":0,"msg":"JLvA3PgNhZDto7LXYMkNk4NAB2Xx1Kima1"}
[ Tue Aug 15 2017 16:28:28 GMT+0800 (CST) ] time is 2175
[ Tue Aug 15 2017 16:28:28 GMT+0800 (CST) ] {"err":0,"msg":"Jf37bgD4Zu56mJ9pGtVxWhG9Yxf4RdB7Fo"}
[ Tue Aug 15 2017 16:28:28 GMT+0800 (CST) ] time is 2175
[ Tue Aug 15 2017 16:28:28 GMT+0800 (CST) ] {"err":0,"msg":"JWTyVDpgReijSfhzQVr2Gys9ToQTuyeGx2"}
[ Tue Aug 15 2017 16:28:28 GMT+0800 (CST) ] time is 2169
[ Tue Aug 15 2017 16:28:28 GMT+0800 (CST) ] {"err":0,"msg":"JVHCHBqg42DePo8q348ZAHVxSC1q1dTPfe"}
[ Tue Aug 15 2017 16:28:28 GMT+0800 (CST) ] time is 2179
[ Tue Aug 15 2017 16:28:28 GMT+0800 (CST) ] {"err":0,"msg":"JTG3dVqJkutuz9rvwgUzBMWk3aRyspVnCt"}
[ Tue Aug 15 2017 16:28:28 GMT+0800 (CST) ] time is 2176
[ Tue Aug 15 2017 16:28:28 GMT+0800 (CST) ] {"err":0,"msg":"JYx7seqQ4dafgJ8p3K1Cm1nUZ1cMBZAVzp"}
[ Tue Aug 15 2017 16:28:28 GMT+0800 (CST) ] time is 2176
[ Tue Aug 15 2017 16:28:28 GMT+0800 (CST) ] {"err":0,"msg":"JPNHZM3U9PTeZxH8YJpfJegQuVpZin4RWy"}
[ Tue Aug 15 2017 16:28:28 GMT+0800 (CST) ] time is 2170
[ Tue Aug 15 2017 16:28:28 GMT+0800 (CST) ] {"err":0,"msg":"Jg2C9Fz3sjNQ2x7YwtxsMzYzC3jUNHNwRp"}
[ Tue Aug 15 2017 16:28:28 GMT+0800 (CST) ] time is 2180
[ Tue Aug 15 2017 16:28:28 GMT+0800 (CST) ] {"err":0,"msg":"JVVMd4frq3p84JD1EAbHPGsRRmefgCkYLU"}
[ Tue Aug 15 2017 16:28:28 GMT+0800 (CST) ] time is 2177
[ Tue Aug 15 2017 16:28:28 GMT+0800 (CST) ] {"err":0,"msg":"JMJBfFyCozoZPURydsuc9ehaqcjPjJFFHr"}
[ Tue Aug 15 2017 16:28:28 GMT+0800 (CST) ] time is 2177
[ Tue Aug 15 2017 16:28:28 GMT+0800 (CST) ] {"err":0,"msg":"JYtDuQHgk3R72gVjkgVFnD57pw1cWkf17B"}
[ Tue Aug 15 2017 16:28:28 GMT+0800 (CST) ] time is 2171
[ Tue Aug 15 2017 16:28:28 GMT+0800 (CST) ] {"err":0,"msg":"JLUUsz4uzUmVJxHmvVvbqDA5rJ1w4nr4wS"}
[ Tue Aug 15 2017 16:28:28 GMT+0800 (CST) ] time is 2181
[ Tue Aug 15 2017 16:28:28 GMT+0800 (CST) ] {"err":0,"msg":"JSDLDLfr2pwMJvsrUdoH8PXZZPGpP2iWop"}
[ Tue Aug 15 2017 16:28:29 GMT+0800 (CST) ] time is 2178
[ Tue Aug 15 2017 16:28:29 GMT+0800 (CST) ] {"err":0,"msg":"JNaDQ9eE818n97xtgchC8iiYbn3nxB5Bd8"}
[ Tue Aug 15 2017 16:28:29 GMT+0800 (CST) ] time is 2178
[ Tue Aug 15 2017 16:28:29 GMT+0800 (CST) ] {"err":0,"msg":"JPcAnCTG2p1PaZ2mSUczNQS9A4wZVs7dji"}
[ Tue Aug 15 2017 16:28:29 GMT+0800 (CST) ] time is 2172
[ Tue Aug 15 2017 16:28:29 GMT+0800 (CST) ] {"err":0,"msg":"JV1gVvBVTaYxPeZi6BHMHkEhPE1qqK73QJ"}
[ Tue Aug 15 2017 16:28:29 GMT+0800 (CST) ] time is 2182
[ Tue Aug 15 2017 16:28:29 GMT+0800 (CST) ] {"err":0,"msg":"JXzhiruDQRc4BZedfp4rzfujbhStFfuBVD"}
[ Tue Aug 15 2017 16:28:29 GMT+0800 (CST) ] time is 2179
[ Tue Aug 15 2017 16:28:29 GMT+0800 (CST) ] {"err":0,"msg":"JKbs4q7V5wKaztKsiqaXnw6sQjto3SZc94"}
[ Tue Aug 15 2017 16:28:29 GMT+0800 (CST) ] time is 2179
[ Tue Aug 15 2017 16:28:29 GMT+0800 (CST) ] {"err":0,"msg":"JQrnYK2mPPYBQpBxxBv95NQNvQxYfx3kEM"}
[ Tue Aug 15 2017 16:28:29 GMT+0800 (CST) ] time is 2173
[ Tue Aug 15 2017 16:28:29 GMT+0800 (CST) ] {"err":0,"msg":"JQcXbdha3zCTSM3xHfcKFAfswMsyqmWfVU"}
[ Tue Aug 15 2017 16:28:29 GMT+0800 (CST) ] time is 2183
[ Tue Aug 15 2017 16:28:29 GMT+0800 (CST) ] {"err":0,"msg":"JTxdCqRRaARo9Ur5xA2fVYfH1wodySSaoV"}
[ Tue Aug 15 2017 16:28:29 GMT+0800 (CST) ] time is 2180
[ Tue Aug 15 2017 16:28:29 GMT+0800 (CST) ] {"err":0,"msg":"JX2X6BNuZhj6Baj8iX2vCQU3PtRSVT37Sn"}
[ Tue Aug 15 2017 16:28:29 GMT+0800 (CST) ] time is 2180
[ Tue Aug 15 2017 16:28:29 GMT+0800 (CST) ] {"err":0,"msg":"JSvRZNAaNfiqMvqXbZizBc56XL2BM1DbJb"}
[ Tue Aug 15 2017 16:28:29 GMT+0800 (CST) ] time is 2174
[ Tue Aug 15 2017 16:28:29 GMT+0800 (CST) ] {"err":0,"msg":"Je4pJkF9wmbEFbQZp1WNwnTjiawGdiqLme"}
[ Tue Aug 15 2017 16:28:29 GMT+0800 (CST) ] time is 2184
[ Tue Aug 15 2017 16:28:29 GMT+0800 (CST) ] {"err":0,"msg":"JginvEez5n344nqJu3DzxvkABh8xjCMaeo"}
[ Tue Aug 15 2017 16:28:29 GMT+0800 (CST) ] time is 2181
[ Tue Aug 15 2017 16:28:29 GMT+0800 (CST) ] {"err":0,"msg":"JfUdBf56govNbZmMCLbD3okxz6esUAtARK"}
[ Tue Aug 15 2017 16:28:29 GMT+0800 (CST) ] time is 2181
[ Tue Aug 15 2017 16:28:29 GMT+0800 (CST) ] {"err":0,"msg":"JZ3jiapEnf7SB3t6CUyMVheFBrn9TECiGq"}
[ Tue Aug 15 2017 16:28:29 GMT+0800 (CST) ] time is 2175
[ Tue Aug 15 2017 16:28:29 GMT+0800 (CST) ] {"err":0,"msg":"JLFuVPK7jFGktqEFNTCXBC1ttGdTLJtfrK"}
[ Tue Aug 15 2017 16:28:29 GMT+0800 (CST) ] time is 2185
[ Tue Aug 15 2017 16:28:29 GMT+0800 (CST) ] {"err":0,"msg":"JX2Q9dieuN3EH8vSXTVxipQtYEz3AaKF5p"}
[ Tue Aug 15 2017 16:28:29 GMT+0800 (CST) ] time is 2182
[ Tue Aug 15 2017 16:28:29 GMT+0800 (CST) ] {"err":0,"msg":"JQGnQHwrC2o4T7JHDTgZNJMpMX72KukCZz"}
[ Tue Aug 15 2017 16:28:29 GMT+0800 (CST) ] time is 2182
[ Tue Aug 15 2017 16:28:29 GMT+0800 (CST) ] {"err":0,"msg":"JP5UPiCQqMFfAmu2deHMFhvaReJUF25dZc"}
[ Tue Aug 15 2017 16:28:29 GMT+0800 (CST) ] time is 2176
[ Tue Aug 15 2017 16:28:29 GMT+0800 (CST) ] {"err":0,"msg":"JMoP7CWDuQZfyaUKZZAEHP48G51Hz78jhX"}
[ Tue Aug 15 2017 16:28:29 GMT+0800 (CST) ] time is 2186
[ Tue Aug 15 2017 16:28:29 GMT+0800 (CST) ] {"err":0,"msg":"JgLDwcMuEq8W9RLC83TAfKrP7VKpyT9NbW"}
[ Tue Aug 15 2017 16:28:29 GMT+0800 (CST) ] time is 2183
[ Tue Aug 15 2017 16:28:29 GMT+0800 (CST) ] {"err":0,"msg":"JTRVWqbhUv2aenn4X19PvwKsQvkNPDbAvC"}
[ Tue Aug 15 2017 16:28:29 GMT+0800 (CST) ] time is 2183
[ Tue Aug 15 2017 16:28:29 GMT+0800 (CST) ] {"err":0,"msg":"JRrE8n3FP4sRYcvAhYJ5BUXvmR8MBKhDJd"}
[ Tue Aug 15 2017 16:28:29 GMT+0800 (CST) ] time is 2177
[ Tue Aug 15 2017 16:28:29 GMT+0800 (CST) ] {"err":0,"msg":"JSdMciLh9TN4PeQNXPFcBkTTHusrEpcx3b"}
[ Tue Aug 15 2017 16:28:29 GMT+0800 (CST) ] time is 2187
[ Tue Aug 15 2017 16:28:29 GMT+0800 (CST) ] {"err":0,"msg":"JKqQUaaujDw5HcTzrMNJagFoaUmKmjLtfF"}
[ Tue Aug 15 2017 16:28:29 GMT+0800 (CST) ] time is 2184
[ Tue Aug 15 2017 16:28:29 GMT+0800 (CST) ] {"err":0,"msg":"Jfp1Hjt7w9vo86KfNQpNwWN1yJnPfoqPE8"}
[ Tue Aug 15 2017 16:28:29 GMT+0800 (CST) ] time is 2184
[ Tue Aug 15 2017 16:28:29 GMT+0800 (CST) ] {"err":0,"msg":"JYPp8mLG1at9P1g8DHSWGrNNqpGvhkwcL6"}
[ Tue Aug 15 2017 16:28:29 GMT+0800 (CST) ] time is 2178
[ Tue Aug 15 2017 16:28:29 GMT+0800 (CST) ] {"err":0,"msg":"JWs8WSuvJhzcbqDnP6Ei4hNXAhS8G2iPpv"}
[ Tue Aug 15 2017 16:28:29 GMT+0800 (CST) ] time is 2188
[ Tue Aug 15 2017 16:28:29 GMT+0800 (CST) ] {"err":0,"msg":"JL9qdR1WRARhMs92m9sFug2HWMMpbVzwhj"}
[ Tue Aug 15 2017 16:28:29 GMT+0800 (CST) ] time is 2185
[ Tue Aug 15 2017 16:28:29 GMT+0800 (CST) ] {"err":0,"msg":"JYP7tSVyaL7nZdaewub91jie77FeNRnGeC"}
[ Tue Aug 15 2017 16:28:29 GMT+0800 (CST) ] time is 2185
[ Tue Aug 15 2017 16:28:29 GMT+0800 (CST) ] {"err":0,"msg":"JWBsKFrt7i5FdHDQ8DrLokPL28kGKWgpQa"}
[ Tue Aug 15 2017 16:28:29 GMT+0800 (CST) ] time is 2179
[ Tue Aug 15 2017 16:28:29 GMT+0800 (CST) ] {"err":0,"msg":"JVq8bHhHp6etxjS9rZbjbdh6cNz97aWUSR"}
[ Tue Aug 15 2017 16:28:29 GMT+0800 (CST) ] time is 2189
[ Tue Aug 15 2017 16:28:29 GMT+0800 (CST) ] {"err":0,"msg":"JWpoiZFFEKy6hQofFKCWimcfrk9gf46Uzi"}
[ Tue Aug 15 2017 16:28:29 GMT+0800 (CST) ] time is 2186
[ Tue Aug 15 2017 16:28:29 GMT+0800 (CST) ] {"err":0,"msg":"JTBuE7XepNRHdXYdeDR2ZVQwkqpNmqqYHw"}
[ Tue Aug 15 2017 16:28:29 GMT+0800 (CST) ] time is 2186
[ Tue Aug 15 2017 16:28:29 GMT+0800 (CST) ] {"err":0,"msg":"JhTpYBRyAgHs2ecuzcxbQeX1iaagK67qQs"}
[ Tue Aug 15 2017 16:28:29 GMT+0800 (CST) ] time is 2180
[ Tue Aug 15 2017 16:28:29 GMT+0800 (CST) ] {"err":0,"msg":"JeDQzjsFjjnU8iAfVtMngL7H7cNgBoDZ7Z"}
[ Tue Aug 15 2017 16:28:29 GMT+0800 (CST) ] time is 2190
[ Tue Aug 15 2017 16:28:29 GMT+0800 (CST) ] {"err":0,"msg":"JLjmygrVyawP7YjHJrPjftwuHyYYTac5ap"}
[ Tue Aug 15 2017 16:28:29 GMT+0800 (CST) ] time is 2181
[ Tue Aug 15 2017 16:28:29 GMT+0800 (CST) ] {"err":0,"msg":"JKfp86TsvmsaeWQot5tBfxdpkiRiApAzXB"}
[ Tue Aug 15 2017 16:28:29 GMT+0800 (CST) ] time is 2187
[ Tue Aug 15 2017 16:28:29 GMT+0800 (CST) ] {"err":0,"msg":"JSgmWTP9sjjGRTkfGgTEQnAXQzYSaYtXPt"}
[ Tue Aug 15 2017 16:28:29 GMT+0800 (CST) ] time is 2187
[ Tue Aug 15 2017 16:28:29 GMT+0800 (CST) ] {"err":0,"msg":"JTDepB5ugPyZFRf9AEHMofJJ2VBeV5yvrz"}
[ Tue Aug 15 2017 16:28:29 GMT+0800 (CST) ] time is 2191
[ Tue Aug 15 2017 16:28:29 GMT+0800 (CST) ] {"err":0,"msg":"JPnfq2t3mbAANP2h2gVEAmZitR2jRn8Yx9"}
[ Tue Aug 15 2017 16:28:29 GMT+0800 (CST) ] time is 2182
[ Tue Aug 15 2017 16:28:29 GMT+0800 (CST) ] {"err":0,"msg":"Je4EZ71hPZTJrjkU1DRFt6fKThHDVziGcY"}
[ Tue Aug 15 2017 16:28:29 GMT+0800 (CST) ] time is 2188
[ Tue Aug 15 2017 16:28:29 GMT+0800 (CST) ] {"err":0,"msg":"JaB8XfwPkEQiMDRvEoLQEam1DWbAHrAgLY"}
[ Tue Aug 15 2017 16:28:29 GMT+0800 (CST) ] time is 2188
[ Tue Aug 15 2017 16:28:29 GMT+0800 (CST) ] {"err":0,"msg":"JLQpTHbvwfSmQj4RzGFUhh6H4zB78eNaJp"}
[ Tue Aug 15 2017 16:28:29 GMT+0800 (CST) ] time is 2192
[ Tue Aug 15 2017 16:28:29 GMT+0800 (CST) ] {"err":0,"msg":"JTVq1bUhkKb7BdHHi3Pss8RxmbfmafBF9D"}
[ Tue Aug 15 2017 16:28:29 GMT+0800 (CST) ] time is 2183
[ Tue Aug 15 2017 16:28:29 GMT+0800 (CST) ] {"err":0,"msg":"JfQVK5bZb67SGwvWE6xrvrPkSkcaPZiC93"}
[ Tue Aug 15 2017 16:28:29 GMT+0800 (CST) ] time is 2189
[ Tue Aug 15 2017 16:28:29 GMT+0800 (CST) ] {"err":0,"msg":"JYAs7nocjMxketPUZBgs2jgLZzouS8uuGg"}
[ Tue Aug 15 2017 16:28:29 GMT+0800 (CST) ] time is 2189
[ Tue Aug 15 2017 16:28:29 GMT+0800 (CST) ] {"err":0,"msg":"JR9xUw32chA5e3EUKvCC3TmbemqbEV18y7"}
[ Tue Aug 15 2017 16:28:29 GMT+0800 (CST) ] time is 2184
[ Tue Aug 15 2017 16:28:29 GMT+0800 (CST) ] {"err":0,"msg":"JaQhmDecvFftJ9U5gCbbQnh31gQdLsNwUY"}
[ Tue Aug 15 2017 16:28:29 GMT+0800 (CST) ] time is 2193
[ Tue Aug 15 2017 16:28:29 GMT+0800 (CST) ] {"err":0,"msg":"JgHf2M5Fjjho61u3nEL44B9jNdQjZG93VH"}
[ Tue Aug 15 2017 16:28:29 GMT+0800 (CST) ] time is 2190
[ Tue Aug 15 2017 16:28:29 GMT+0800 (CST) ] {"err":0,"msg":"JP5uDm39FsapM2v6Hxzsaerqy59WjGvcWF"}
[ Tue Aug 15 2017 16:28:29 GMT+0800 (CST) ] time is 2190
[ Tue Aug 15 2017 16:28:29 GMT+0800 (CST) ] {"err":0,"msg":"JLzqAk9iaAeFNbnN8cRPJBa4x5UQj2FjB7"}
[ Tue Aug 15 2017 16:28:29 GMT+0800 (CST) ] time is 2185
[ Tue Aug 15 2017 16:28:29 GMT+0800 (CST) ] {"err":0,"msg":"JZNZknmZygfJ1xWefBdJMjvGJjQVkVMkmL"}
[ Tue Aug 15 2017 16:28:29 GMT+0800 (CST) ] time is 2194
[ Tue Aug 15 2017 16:28:29 GMT+0800 (CST) ] {"err":0,"msg":"JWHVuSYM4XrmjaUcUcV2dEVn6qChFjrHkZ"}
[ Tue Aug 15 2017 16:28:29 GMT+0800 (CST) ] time is 2191
[ Tue Aug 15 2017 16:28:29 GMT+0800 (CST) ] {"err":0,"msg":"JQRo7tBQSiGMN4vKZTfwtTctBqxiXJ6hkD"}
[ Tue Aug 15 2017 16:28:29 GMT+0800 (CST) ] time is 2191
[ Tue Aug 15 2017 16:28:29 GMT+0800 (CST) ] {"err":0,"msg":"JN4xf2JoGqFieDrnabLZtHTXKzidpjkeyg"}
[ Tue Aug 15 2017 16:28:29 GMT+0800 (CST) ] time is 2186
[ Tue Aug 15 2017 16:28:29 GMT+0800 (CST) ] {"err":0,"msg":"Ja7HoyWFMa5VnG1iDLGuSzFRSrhtCCV1jJ"}
[ Tue Aug 15 2017 16:28:29 GMT+0800 (CST) ] time is 2195
[ Tue Aug 15 2017 16:28:29 GMT+0800 (CST) ] {"err":0,"msg":"JSJ3TQEWTbVYHA9xwjJVMMWkFVANfwrjF3"}
[ Tue Aug 15 2017 16:28:29 GMT+0800 (CST) ] time is 2192
[ Tue Aug 15 2017 16:28:29 GMT+0800 (CST) ] {"err":0,"msg":"JUCFcBLyE8PRq6UdNH5cpfUaG6vrnAQw6w"}
[ Tue Aug 15 2017 16:28:29 GMT+0800 (CST) ] time is 2192
[ Tue Aug 15 2017 16:28:29 GMT+0800 (CST) ] {"err":0,"msg":"JViRG4xawD7FEUg7JLMRV1BBs7Pi6ed6ZE"}
[ Tue Aug 15 2017 16:28:29 GMT+0800 (CST) ] time is 2187
[ Tue Aug 15 2017 16:28:29 GMT+0800 (CST) ] {"err":0,"msg":"JbCZ5Fcn7GqyKNGfYgHmPCtbcjiwuHsBLQ"}
[ Tue Aug 15 2017 16:28:29 GMT+0800 (CST) ] time is 2196
[ Tue Aug 15 2017 16:28:29 GMT+0800 (CST) ] {"err":0,"msg":"Jg6in4zVFQH3HppJiGYCohEhYMaSZzKe7X"}
[ Tue Aug 15 2017 16:28:29 GMT+0800 (CST) ] time is 2193
[ Tue Aug 15 2017 16:28:29 GMT+0800 (CST) ] {"err":0,"msg":"Jdvpp5xezxYeLDPAeHbyphvgMU89ngUiA2"}
[ Tue Aug 15 2017 16:28:29 GMT+0800 (CST) ] time is 2193
[ Tue Aug 15 2017 16:28:29 GMT+0800 (CST) ] {"err":0,"msg":"JZdrieuZ5PPePQG1Q2B9rPpdAnDJFSKWLD"}
[ Tue Aug 15 2017 16:28:29 GMT+0800 (CST) ] time is 2188
[ Tue Aug 15 2017 16:28:29 GMT+0800 (CST) ] {"err":0,"msg":"JekhsaPVjBvumL23pw8bHEyyq8i5fo5TQA"}
[ Tue Aug 15 2017 16:28:29 GMT+0800 (CST) ] time is 2197
[ Tue Aug 15 2017 16:28:29 GMT+0800 (CST) ] {"err":0,"msg":"JfBu9MsY4VtwWWkrhtKdg7D2gBA99kgbNr"}
[ Tue Aug 15 2017 16:28:30 GMT+0800 (CST) ] time is 2194
[ Tue Aug 15 2017 16:28:30 GMT+0800 (CST) ] {"err":0,"msg":"JVAnnv8hyw82u1DT9TeVQY43FZsMr8L7kL"}
[ Tue Aug 15 2017 16:28:30 GMT+0800 (CST) ] time is 2194
[ Tue Aug 15 2017 16:28:30 GMT+0800 (CST) ] {"err":0,"msg":"JWHUVmoeGqQMF5A4wGsPknNsyRkr4kZDPV"}
[ Tue Aug 15 2017 16:28:30 GMT+0800 (CST) ] time is 2189
[ Tue Aug 15 2017 16:28:30 GMT+0800 (CST) ] {"err":0,"msg":"JWEHxBvq7qzJmSntbSvPh4G4WpWobRLRN7"}
[ Tue Aug 15 2017 16:28:30 GMT+0800 (CST) ] time is 2198
[ Tue Aug 15 2017 16:28:30 GMT+0800 (CST) ] {"err":0,"msg":"JNvfHS48YBcSj4D9A6JAMkrMEAyMgdLiAq"}
[ Tue Aug 15 2017 16:28:30 GMT+0800 (CST) ] time is 2195
[ Tue Aug 15 2017 16:28:30 GMT+0800 (CST) ] {"err":0,"msg":"JfGMY5SJmkHcwHJAbfBZes8fD5wnPTXbsn"}
[ Tue Aug 15 2017 16:28:30 GMT+0800 (CST) ] time is 2195
[ Tue Aug 15 2017 16:28:30 GMT+0800 (CST) ] {"err":0,"msg":"JfGgWDeW6Zq1K1tLd4Pq8ia1tcvy6JMANc"}
[ Tue Aug 15 2017 16:28:30 GMT+0800 (CST) ] time is 2190
[ Tue Aug 15 2017 16:28:30 GMT+0800 (CST) ] {"err":0,"msg":"JKAiZRu2YrHhy6eeiPYvdap74NVKTgQSuJ"}
[ Tue Aug 15 2017 16:28:30 GMT+0800 (CST) ] time is 2199
[ Tue Aug 15 2017 16:28:30 GMT+0800 (CST) ] {"err":0,"msg":"JPrJ6fCZais9qeTFqz3bgxwweEoYGg8Jfi"}
[ Tue Aug 15 2017 16:28:30 GMT+0800 (CST) ] time is 2196
[ Tue Aug 15 2017 16:28:30 GMT+0800 (CST) ] {"err":0,"msg":"JXmotrZ2VsXefC8sxoGEyggkFSCx13qwzC"}
[ Tue Aug 15 2017 16:28:30 GMT+0800 (CST) ] time is 2196
[ Tue Aug 15 2017 16:28:30 GMT+0800 (CST) ] {"err":0,"msg":"JRtkSwVmFiPohaSY58dAbeA3oTpQKBrmcg"}
[ Tue Aug 15 2017 16:28:30 GMT+0800 (CST) ] time is 2191
[ Tue Aug 15 2017 16:28:30 GMT+0800 (CST) ] {"err":0,"msg":"JQDDUz6DET8gc9pgaZLVkQGXUhtE12aFF2"}
[ Tue Aug 15 2017 16:28:30 GMT+0800 (CST) ] time is 2200
[ Tue Aug 15 2017 16:28:30 GMT+0800 (CST) ] {"err":0,"msg":"JQ6ikVKVAF2VSmGbyB8PBKtZeyo2qeHktG"}
[ Tue Aug 15 2017 16:28:30 GMT+0800 (CST) ] time is 2197
[ Tue Aug 15 2017 16:28:30 GMT+0800 (CST) ] {"err":0,"msg":"JU4LmRRNUzrCAZKJp8SZhavnP1gyoKiHro"}
[ Tue Aug 15 2017 16:28:30 GMT+0800 (CST) ] time is 2197
[ Tue Aug 15 2017 16:28:30 GMT+0800 (CST) ] {"err":0,"msg":"Ja4CZd2cdAJDVmMTYJcvbzsdhZHsHTzy7f"}
[ Tue Aug 15 2017 16:28:30 GMT+0800 (CST) ] time is 2192
[ Tue Aug 15 2017 16:28:30 GMT+0800 (CST) ] {"err":0,"msg":"Jeh5ngSYSbcLumfuTcnGzecqqrXPkb1eFS"}
[ Tue Aug 15 2017 16:28:30 GMT+0800 (CST) ] time is 2201
[ Tue Aug 15 2017 16:28:30 GMT+0800 (CST) ] {"err":0,"msg":"JfHauFe9AvfoCQ2mKhFFnymnu8w6Guqg8z"}
[ Tue Aug 15 2017 16:28:30 GMT+0800 (CST) ] time is 2198
[ Tue Aug 15 2017 16:28:30 GMT+0800 (CST) ] {"err":0,"msg":"JMM18RdvqFKXTpt8X9hDUCa9xAM8nxsw8G"}
[ Tue Aug 15 2017 16:28:30 GMT+0800 (CST) ] time is 2198
[ Tue Aug 15 2017 16:28:30 GMT+0800 (CST) ] {"err":0,"msg":"JLwX37CxXsNTCy2Ho6usWuust5ahc7BAqY"}
[ Tue Aug 15 2017 16:28:30 GMT+0800 (CST) ] time is 2193
[ Tue Aug 15 2017 16:28:30 GMT+0800 (CST) ] {"err":0,"msg":"JS3v3LnaiGdz3vPmCVJTTmVXRWuNQfQ8pP"}
[ Tue Aug 15 2017 16:28:30 GMT+0800 (CST) ] time is 2202
[ Tue Aug 15 2017 16:28:30 GMT+0800 (CST) ] {"err":0,"msg":"JRq4AyYSGpfDZAdTm8w1ieoj1ALsCyB4BC"}
[ Tue Aug 15 2017 16:28:30 GMT+0800 (CST) ] time is 2199
[ Tue Aug 15 2017 16:28:30 GMT+0800 (CST) ] {"err":0,"msg":"JMJF7d1pFfiBHiGkeVSaWFoFNCcjZquDkY"}
[ Tue Aug 15 2017 16:28:30 GMT+0800 (CST) ] time is 2199
[ Tue Aug 15 2017 16:28:30 GMT+0800 (CST) ] {"err":0,"msg":"JXfgqaNmvaurLCf1HmKLDRPjm7Q6LUmqWQ"}
[ Tue Aug 15 2017 16:28:30 GMT+0800 (CST) ] time is 2194
[ Tue Aug 15 2017 16:28:30 GMT+0800 (CST) ] {"err":0,"msg":"JJcW8h6uSW9sGKoFxcKXM62QQU4hZqQQFg"}
[ Tue Aug 15 2017 16:28:30 GMT+0800 (CST) ] time is 2203
[ Tue Aug 15 2017 16:28:30 GMT+0800 (CST) ] {"err":0,"msg":"JXuMGQtQEqR3uQ7c1cideYjmW4yye2Y84X"}
[ Tue Aug 15 2017 16:28:30 GMT+0800 (CST) ] time is 2200
[ Tue Aug 15 2017 16:28:30 GMT+0800 (CST) ] {"err":0,"msg":"JLRnPxRFjp29sZF2LrJMYfQrGB8UDMNQk4"}
[ Tue Aug 15 2017 16:28:30 GMT+0800 (CST) ] time is 2200
[ Tue Aug 15 2017 16:28:30 GMT+0800 (CST) ] {"err":0,"msg":"JgXekb9nQtT4AxkzCHKbgL4BbDy4QZfbEb"}
[ Tue Aug 15 2017 16:28:30 GMT+0800 (CST) ] time is 2204
[ Tue Aug 15 2017 16:28:30 GMT+0800 (CST) ] {"err":0,"msg":"JNp28uwo6zMVrg87axjh3H91FToPRLFrCb"}
[ Tue Aug 15 2017 16:28:30 GMT+0800 (CST) ] time is 2195
[ Tue Aug 15 2017 16:28:30 GMT+0800 (CST) ] {"err":0,"msg":"JcQKKV4vdfdoyzpNim3mEgSTMsAvbxjjoH"}
[ Tue Aug 15 2017 16:28:30 GMT+0800 (CST) ] time is 2201
[ Tue Aug 15 2017 16:28:30 GMT+0800 (CST) ] {"err":0,"msg":"JPFAF2AeA1HHWiHjsRkfkMimAEXoM74Y2a"}
[ Tue Aug 15 2017 16:28:30 GMT+0800 (CST) ] time is 2201
[ Tue Aug 15 2017 16:28:30 GMT+0800 (CST) ] {"err":0,"msg":"JT7AuPxNfNYYYKXXDhiKB5f3Rvp3uUYF7U"}
[ Tue Aug 15 2017 16:28:30 GMT+0800 (CST) ] time is 2205
[ Tue Aug 15 2017 16:28:30 GMT+0800 (CST) ] {"err":0,"msg":"JgQoJsQMyNYJS69py2YUd8Gf56ihGdZ8jY"}
[ Tue Aug 15 2017 16:28:30 GMT+0800 (CST) ] time is 2196
[ Tue Aug 15 2017 16:28:30 GMT+0800 (CST) ] {"err":0,"msg":"JhC9FJkxHVQ8pHq4cAWCDUtLHJbGULTJJ3"}
[ Tue Aug 15 2017 16:28:30 GMT+0800 (CST) ] time is 2202
[ Tue Aug 15 2017 16:28:30 GMT+0800 (CST) ] {"err":0,"msg":"JTJH7Z7WFU44VxscTdY4aysFVcJgUWR3Wu"}
[ Tue Aug 15 2017 16:28:30 GMT+0800 (CST) ] time is 2206
[ Tue Aug 15 2017 16:28:30 GMT+0800 (CST) ] {"err":0,"msg":"JeRyPWPUZQVbYatkCWAnKzmdCyd6RrKGGA"}
[ Tue Aug 15 2017 16:28:30 GMT+0800 (CST) ] time is 2202
[ Tue Aug 15 2017 16:28:30 GMT+0800 (CST) ] {"err":0,"msg":"JhWgVPQNbx6nZwjzAfix4MkALJp52g1Kd8"}
[ Tue Aug 15 2017 16:28:30 GMT+0800 (CST) ] time is 2197
[ Tue Aug 15 2017 16:28:30 GMT+0800 (CST) ] {"err":0,"msg":"JMZDQWh4z6xtgMyxSzGa1ZucsRYuYnfSJW"}
[ Tue Aug 15 2017 16:28:30 GMT+0800 (CST) ] time is 2203
[ Tue Aug 15 2017 16:28:30 GMT+0800 (CST) ] {"err":0,"msg":"JYf6522T5XG4eqPN1RPzNsDAp7qw4BcDVw"}
[ Tue Aug 15 2017 16:28:30 GMT+0800 (CST) ] time is 2207
[ Tue Aug 15 2017 16:28:30 GMT+0800 (CST) ] {"err":0,"msg":"JcMSwjjewfcVQVneLYSsFUi5xh3Ladqt5Z"}
[ Tue Aug 15 2017 16:28:30 GMT+0800 (CST) ] time is 2203
[ Tue Aug 15 2017 16:28:30 GMT+0800 (CST) ] {"err":0,"msg":"JaKbxBUTxXHSYE4h4M2nSso1svW3bQk7Bn"}
[ Tue Aug 15 2017 16:28:30 GMT+0800 (CST) ] time is 2198
[ Tue Aug 15 2017 16:28:30 GMT+0800 (CST) ] {"err":0,"msg":"JXKXdpeX6ewiAto8Qk7MNn9qnnDZXPg1GU"}
[ Tue Aug 15 2017 16:28:30 GMT+0800 (CST) ] time is 2204
[ Tue Aug 15 2017 16:28:30 GMT+0800 (CST) ] {"err":0,"msg":"JeXCcdCfVLwdwdzxpeuqusyeXvu9uoWKzz"}
[ Tue Aug 15 2017 16:28:30 GMT+0800 (CST) ] time is 2208
[ Tue Aug 15 2017 16:28:30 GMT+0800 (CST) ] {"err":0,"msg":"JKyUdpYsRPJ8CC2iYR5L2uFCMXaN1ncQw4"}
[ Tue Aug 15 2017 16:28:30 GMT+0800 (CST) ] time is 2199
[ Tue Aug 15 2017 16:28:30 GMT+0800 (CST) ] {"err":0,"msg":"JWAkMsrranLmXm4dgEp2KZsUiNCaqJZSeC"}
[ Tue Aug 15 2017 16:28:30 GMT+0800 (CST) ] time is 2204
[ Tue Aug 15 2017 16:28:30 GMT+0800 (CST) ] {"err":0,"msg":"JPkDZeAeDGxNj5mmsYdqcjUrH2r92Cu3eB"}
[ Tue Aug 15 2017 16:28:30 GMT+0800 (CST) ] time is 2205
[ Tue Aug 15 2017 16:28:30 GMT+0800 (CST) ] {"err":0,"msg":"JTKXV8hm82JswHRSLvgBCwY9BRzXY2v3rq"}
[ Tue Aug 15 2017 16:28:30 GMT+0800 (CST) ] time is 2209
[ Tue Aug 15 2017 16:28:30 GMT+0800 (CST) ] {"err":0,"msg":"JdasMHKVQmLmPvfmw4feKHW3jiZqKKqW7v"}
[ Tue Aug 15 2017 16:28:30 GMT+0800 (CST) ] time is 2200
[ Tue Aug 15 2017 16:28:30 GMT+0800 (CST) ] {"err":0,"msg":"JeMeP8kjMsjMTcH1HiHkykrYLL6D9brFuC"}
[ Tue Aug 15 2017 16:28:30 GMT+0800 (CST) ] time is 2205
[ Tue Aug 15 2017 16:28:30 GMT+0800 (CST) ] {"err":0,"msg":"JKdLCYJTNoaXPS1ELe7b2VbJKnEX1pCCsg"}
[ Tue Aug 15 2017 16:28:30 GMT+0800 (CST) ] time is 2206
[ Tue Aug 15 2017 16:28:30 GMT+0800 (CST) ] {"err":0,"msg":"Jf5PQyDr43fFSR9jD9zwp7CMEgWLd7ELa5"}
[ Tue Aug 15 2017 16:28:30 GMT+0800 (CST) ] time is 2210
[ Tue Aug 15 2017 16:28:30 GMT+0800 (CST) ] {"err":0,"msg":"JacKLvGbCCdsBuLhhsmcGaK8qynBkV6UES"}
[ Tue Aug 15 2017 16:28:30 GMT+0800 (CST) ] time is 2201
[ Tue Aug 15 2017 16:28:30 GMT+0800 (CST) ] {"err":0,"msg":"JWvsetNZLkjen5DyZaMbCcawecUMR5wi3v"}
[ Tue Aug 15 2017 16:28:30 GMT+0800 (CST) ] time is 2207
[ Tue Aug 15 2017 16:28:30 GMT+0800 (CST) ] {"err":0,"msg":"JXZ1XkJwXzjmYJsGwvp2WhqRWiR59ZuVen"}
[ Tue Aug 15 2017 16:28:30 GMT+0800 (CST) ] time is 2206
[ Tue Aug 15 2017 16:28:30 GMT+0800 (CST) ] {"err":0,"msg":"JTvzuUE7Z7dadPUn1g8KzZXAk4XimjHd2D"}
[ Tue Aug 15 2017 16:28:30 GMT+0800 (CST) ] time is 2211
[ Tue Aug 15 2017 16:28:30 GMT+0800 (CST) ] {"err":0,"msg":"JMHuXkpQvPmqyG5bprxWcdvYUR6K2BUejm"}
[ Tue Aug 15 2017 16:28:30 GMT+0800 (CST) ] time is 2202
[ Tue Aug 15 2017 16:28:30 GMT+0800 (CST) ] {"err":0,"msg":"JZJKrJq8KHcxN3V3XsTJAc75AmPWGbQzpX"}
[ Tue Aug 15 2017 16:28:30 GMT+0800 (CST) ] time is 2208
[ Tue Aug 15 2017 16:28:30 GMT+0800 (CST) ] {"err":0,"msg":"JefqtNUFwRGu8MVHvo9g59MeLy8ix6LU4H"}
[ Tue Aug 15 2017 16:28:30 GMT+0800 (CST) ] time is 2207
[ Tue Aug 15 2017 16:28:30 GMT+0800 (CST) ] {"err":0,"msg":"JTgLqjesDYWMzV1wxsxToZ1c4oH3kFC9ZA"}
[ Tue Aug 15 2017 16:28:30 GMT+0800 (CST) ] time is 2212
[ Tue Aug 15 2017 16:28:30 GMT+0800 (CST) ] {"err":0,"msg":"JbnXJSkvBajRoQaxwZz7cyDTAS6qEm98p1"}
[ Tue Aug 15 2017 16:28:30 GMT+0800 (CST) ] time is 2203
[ Tue Aug 15 2017 16:28:30 GMT+0800 (CST) ] {"err":0,"msg":"JSyHoUH8FLerWtgjTJVLfU47snbAERrCBw"}
[ Tue Aug 15 2017 16:28:30 GMT+0800 (CST) ] time is 2209
[ Tue Aug 15 2017 16:28:30 GMT+0800 (CST) ] {"err":0,"msg":"JcNNoLUcWhgThvFY1rUUBjcnSK22Eh94RX"}
[ Tue Aug 15 2017 16:28:30 GMT+0800 (CST) ] time is 2208
[ Tue Aug 15 2017 16:28:30 GMT+0800 (CST) ] {"err":0,"msg":"JLBQsNT4opzAHuQxqYaGzsPWhddj4AWJui"}
[ Tue Aug 15 2017 16:28:30 GMT+0800 (CST) ] time is 2213
[ Tue Aug 15 2017 16:28:30 GMT+0800 (CST) ] {"err":0,"msg":"JhLVuRtX9ApTYqEy29VfaFmvg7TD4svJhv"}
[ Tue Aug 15 2017 16:28:30 GMT+0800 (CST) ] time is 2204
[ Tue Aug 15 2017 16:28:30 GMT+0800 (CST) ] {"err":0,"msg":"JTo8RxxTvZco8iTfVfQufdSS8zFDYXfwf2"}
[ Tue Aug 15 2017 16:28:30 GMT+0800 (CST) ] time is 2210
[ Tue Aug 15 2017 16:28:30 GMT+0800 (CST) ] {"err":0,"msg":"JdsRnHYhxkr5NxwNdDE7gHBaKqhzzAq6uf"}
[ Tue Aug 15 2017 16:28:30 GMT+0800 (CST) ] time is 2209
[ Tue Aug 15 2017 16:28:30 GMT+0800 (CST) ] {"err":0,"msg":"JUE1JpdJeUjXR9uDXoG1BtXT7m6xJspPw6"}
[ Tue Aug 15 2017 16:28:30 GMT+0800 (CST) ] time is 2214
[ Tue Aug 15 2017 16:28:30 GMT+0800 (CST) ] {"err":0,"msg":"JP66q8kAeERyD1rASPeq6i6bpi4rvqTvyz"}
[ Tue Aug 15 2017 16:28:30 GMT+0800 (CST) ] time is 2205
[ Tue Aug 15 2017 16:28:30 GMT+0800 (CST) ] {"err":0,"msg":"JJmHZPqHDNb7juWnDqmMcNZgHXSAuyhAxg"}
[ Tue Aug 15 2017 16:28:30 GMT+0800 (CST) ] time is 2211
[ Tue Aug 15 2017 16:28:30 GMT+0800 (CST) ] {"err":0,"msg":"Jhk2MVxJ2pTY9QEZsBwPYHGehvMWeszFaF"}
[ Tue Aug 15 2017 16:28:30 GMT+0800 (CST) ] time is 2210
[ Tue Aug 15 2017 16:28:30 GMT+0800 (CST) ] {"err":0,"msg":"JXJL4oAVDWx7EYgCpvgNXYPT4PsapqyVWa"}
[ Tue Aug 15 2017 16:28:31 GMT+0800 (CST) ] time is 2215
[ Tue Aug 15 2017 16:28:31 GMT+0800 (CST) ] {"err":0,"msg":"JPSjcWmmmaZcKAvmuu8RpWSco9M1BRTYso"}
[ Tue Aug 15 2017 16:28:31 GMT+0800 (CST) ] time is 2206
[ Tue Aug 15 2017 16:28:31 GMT+0800 (CST) ] {"err":0,"msg":"JS1pujoEJtBL1EVRnybmbK5MMKu7auo8g7"}
[ Tue Aug 15 2017 16:28:31 GMT+0800 (CST) ] {"err":0,"msg":"JQom1GpJvNhyGiVbPfw2y5xwWA469KjHsu"}
[ Tue Aug 15 2017 16:28:31 GMT+0800 (CST) ] time is 2212
[ Tue Aug 15 2017 16:28:31 GMT+0800 (CST) ] time is 2211
[ Tue Aug 15 2017 16:28:31 GMT+0800 (CST) ] {"err":0,"msg":"JdvtVE7V6gHwqG4w1phx6PPoCknzjGqxKy"}
[ Tue Aug 15 2017 16:28:31 GMT+0800 (CST) ] time is 2216
[ Tue Aug 15 2017 16:28:31 GMT+0800 (CST) ] {"err":0,"msg":"JTKzCwqF28iwjFDvgxLMfoPG1oJSSMuKft"}
[ Tue Aug 15 2017 16:28:31 GMT+0800 (CST) ] time is 2207
[ Tue Aug 15 2017 16:28:31 GMT+0800 (CST) ] {"err":0,"msg":"JXHpEQUSxPkqLHbmK38SyNnXw8UFfbgHrp"}
[ Tue Aug 15 2017 16:28:31 GMT+0800 (CST) ] time is 2213
[ Tue Aug 15 2017 16:28:31 GMT+0800 (CST) ] {"err":0,"msg":"JKPs77qULXFwuRcniQyqCesdgJ6KLsemn8"}
[ Tue Aug 15 2017 16:28:31 GMT+0800 (CST) ] time is 2212
[ Tue Aug 15 2017 16:28:31 GMT+0800 (CST) ] {"err":0,"msg":"JX6zHtjbpoykdUEuzSDRbSV5V8J5J9PAex"}
[ Tue Aug 15 2017 16:28:31 GMT+0800 (CST) ] time is 2217
[ Tue Aug 15 2017 16:28:31 GMT+0800 (CST) ] {"err":0,"msg":"JLk4P8VtR9jPCfVyLT5ebngHYpf2VUqc8Z"}
[ Tue Aug 15 2017 16:28:31 GMT+0800 (CST) ] time is 2208
[ Tue Aug 15 2017 16:28:31 GMT+0800 (CST) ] {"err":0,"msg":"Jazm4gdXHg65uEskdQmxtGUgCzfsJ7tsRp"}
[ Tue Aug 15 2017 16:28:31 GMT+0800 (CST) ] time is 2214
[ Tue Aug 15 2017 16:28:31 GMT+0800 (CST) ] {"err":0,"msg":"JaswnXaWe76TKXDSFg1NQUaFUZMCSPk6F1"}
[ Tue Aug 15 2017 16:28:31 GMT+0800 (CST) ] time is 2213
[ Tue Aug 15 2017 16:28:31 GMT+0800 (CST) ] {"err":0,"msg":"JQGi1NP6hxQ55YahyTs3TPRpwxys48Ne3b"}
[ Tue Aug 15 2017 16:28:31 GMT+0800 (CST) ] time is 2218
[ Tue Aug 15 2017 16:28:31 GMT+0800 (CST) ] {"err":0,"msg":"JUJwkQF2rjJSgWQXRPkCUH61BVv14CTwwB"}
[ Tue Aug 15 2017 16:28:31 GMT+0800 (CST) ] time is 2209
[ Tue Aug 15 2017 16:28:31 GMT+0800 (CST) ] {"err":0,"msg":"JhFkdAAHHSbyoXjgq9SjcHSegj56CP6LV5"}
[ Tue Aug 15 2017 16:28:31 GMT+0800 (CST) ] time is 2215
[ Tue Aug 15 2017 16:28:31 GMT+0800 (CST) ] {"err":0,"msg":"JLQQDK7YogJEr64n9jjcqUVPiSY9Mrt6T8"}
[ Tue Aug 15 2017 16:28:31 GMT+0800 (CST) ] time is 2214
[ Tue Aug 15 2017 16:28:31 GMT+0800 (CST) ] {"err":0,"msg":"JPJtnsPLUzBj9SoZS1K8MajA3ufysuT3Jc"}
[ Tue Aug 15 2017 16:28:31 GMT+0800 (CST) ] time is 2219
[ Tue Aug 15 2017 16:28:31 GMT+0800 (CST) ] {"err":0,"msg":"JTjPEm8Vtwy6rQrqPLmLqomBrFrUVoD9nm"}
[ Tue Aug 15 2017 16:28:31 GMT+0800 (CST) ] time is 2210
[ Tue Aug 15 2017 16:28:31 GMT+0800 (CST) ] {"err":0,"msg":"JU6AkVHnh8LJ65ikU2hM7TwNdaevNzerwN"}
[ Tue Aug 15 2017 16:28:31 GMT+0800 (CST) ] time is 2216
[ Tue Aug 15 2017 16:28:31 GMT+0800 (CST) ] {"err":0,"msg":"JUeyzAFsCDHFj89HwM119Ut64nLh6mJKJF"}
[ Tue Aug 15 2017 16:28:31 GMT+0800 (CST) ] time is 2215
[ Tue Aug 15 2017 16:28:31 GMT+0800 (CST) ] {"err":0,"msg":"JemmKkCiosv9tsBGv7YQeiycvkh7z5DrmB"}
[ Tue Aug 15 2017 16:28:31 GMT+0800 (CST) ] time is 2220
[ Tue Aug 15 2017 16:28:31 GMT+0800 (CST) ] {"err":0,"msg":"JV1EBV6RcqvyLrL9VWH6dvp32t5Duu5Qoq"}
[ Tue Aug 15 2017 16:28:31 GMT+0800 (CST) ] time is 2211
[ Tue Aug 15 2017 16:28:31 GMT+0800 (CST) ] {"err":0,"msg":"JgN4tbMu5EFghLrdNxGXxyT3Zhek8eJFnm"}
[ Tue Aug 15 2017 16:28:31 GMT+0800 (CST) ] time is 2217
[ Tue Aug 15 2017 16:28:31 GMT+0800 (CST) ] {"err":0,"msg":"JLMnL4BU7hEq9WkkMYLcWMkjPfUJZAdtqK"}
[ Tue Aug 15 2017 16:28:31 GMT+0800 (CST) ] time is 2216
[ Tue Aug 15 2017 16:28:31 GMT+0800 (CST) ] {"err":0,"msg":"JPSYD3MLzaHmy96x5zCs5h2uK8huEEMANS"}
[ Tue Aug 15 2017 16:28:31 GMT+0800 (CST) ] time is 2221
[ Tue Aug 15 2017 16:28:31 GMT+0800 (CST) ] {"err":0,"msg":"JhTeyuDNHJG6ZRcQJaFQAfE3wRjGkZFfUX"}
[ Tue Aug 15 2017 16:28:31 GMT+0800 (CST) ] time is 2212
[ Tue Aug 15 2017 16:28:31 GMT+0800 (CST) ] {"err":0,"msg":"JTPRiETW4ToX6PRSvQetzpTPFjnDphWb6C"}
[ Tue Aug 15 2017 16:28:31 GMT+0800 (CST) ] time is 2218
[ Tue Aug 15 2017 16:28:31 GMT+0800 (CST) ] {"err":0,"msg":"JMnmrgtBnGNAvKV21119whBruvN4c1UFMJ"}
[ Tue Aug 15 2017 16:28:31 GMT+0800 (CST) ] time is 2222
[ Tue Aug 15 2017 16:28:31 GMT+0800 (CST) ] {"err":0,"msg":"JNAgNffkxoUrxwyppPqGK4u8n1QKysNUrx"}
[ Tue Aug 15 2017 16:28:31 GMT+0800 (CST) ] time is 2217
[ Tue Aug 15 2017 16:28:31 GMT+0800 (CST) ] {"err":0,"msg":"Jg6btuLXAQdiy6ZgX7fHotsMt95rKcA9ok"}
[ Tue Aug 15 2017 16:28:31 GMT+0800 (CST) ] time is 2213
[ Tue Aug 15 2017 16:28:31 GMT+0800 (CST) ] {"err":0,"msg":"JWntK2kW2Cod4uXu4VcucF7dRHt32HevGG"}
[ Tue Aug 15 2017 16:28:31 GMT+0800 (CST) ] time is 2219
[ Tue Aug 15 2017 16:28:31 GMT+0800 (CST) ] {"err":0,"msg":"Ja9VGkyCvJ37cS5TBrAWpmdtWpHBK43g6y"}
[ Tue Aug 15 2017 16:28:31 GMT+0800 (CST) ] time is 2223
[ Tue Aug 15 2017 16:28:31 GMT+0800 (CST) ] {"err":0,"msg":"JVsKZDRy6pxHUaG7LqMc7xqFcE89ppUkcH"}
[ Tue Aug 15 2017 16:28:31 GMT+0800 (CST) ] time is 2218
[ Tue Aug 15 2017 16:28:31 GMT+0800 (CST) ] {"err":0,"msg":"JWcAZz1LgdcoySewHr9AiebTMY3zPeE3Lz"}
[ Tue Aug 15 2017 16:28:31 GMT+0800 (CST) ] time is 2214
[ Tue Aug 15 2017 16:28:31 GMT+0800 (CST) ] {"err":0,"msg":"JhaJxspd8EJJe3QJTFLZJESZf1A8QNVowK"}
[ Tue Aug 15 2017 16:28:31 GMT+0800 (CST) ] time is 2220
[ Tue Aug 15 2017 16:28:31 GMT+0800 (CST) ] {"err":0,"msg":"JPthgNYGFPs6eHrrYDAMJv834rCLAkQY91"}
[ Tue Aug 15 2017 16:28:31 GMT+0800 (CST) ] time is 2224
[ Tue Aug 15 2017 16:28:31 GMT+0800 (CST) ] {"err":0,"msg":"JTiNkVZADCWPPLk8y7aYyKsdebei2N3gdR"}
[ Tue Aug 15 2017 16:28:31 GMT+0800 (CST) ] time is 2219
[ Tue Aug 15 2017 16:28:31 GMT+0800 (CST) ] {"err":0,"msg":"JXfUQuDbmFzaU1QRJQNNc6uutetvLt5YKm"}
[ Tue Aug 15 2017 16:28:31 GMT+0800 (CST) ] time is 2215
[ Tue Aug 15 2017 16:28:31 GMT+0800 (CST) ] {"err":0,"msg":"JLKYK4Qp69uB7Wo7dHpf5JnWqyX3KM78Mv"}
[ Tue Aug 15 2017 16:28:31 GMT+0800 (CST) ] time is 2221
[ Tue Aug 15 2017 16:28:31 GMT+0800 (CST) ] {"err":0,"msg":"JgXUJBWYC5wj941DAUxFZWyMboCqKAnAUq"}
[ Tue Aug 15 2017 16:28:31 GMT+0800 (CST) ] time is 2225
[ Tue Aug 15 2017 16:28:31 GMT+0800 (CST) ] {"err":0,"msg":"JRDCMrkNWbsbUAZp98bYU3f14HzkBdFLvM"}
[ Tue Aug 15 2017 16:28:31 GMT+0800 (CST) ] time is 2220
[ Tue Aug 15 2017 16:28:31 GMT+0800 (CST) ] {"err":0,"msg":"JKeeBzTArXsrKYJ3rChuJJ66QJNvVUtuKj"}
[ Tue Aug 15 2017 16:28:31 GMT+0800 (CST) ] time is 2216
[ Tue Aug 15 2017 16:28:31 GMT+0800 (CST) ] {"err":0,"msg":"JZXvBX8r8oT2UindRoimbUPMU77PbHUtsM"}
[ Tue Aug 15 2017 16:28:31 GMT+0800 (CST) ] time is 2222
[ Tue Aug 15 2017 16:28:31 GMT+0800 (CST) ] {"err":0,"msg":"JchurJgMooMEcE7q7iDi3TEb6DZUg5anTT"}
[ Tue Aug 15 2017 16:28:31 GMT+0800 (CST) ] time is 2226
[ Tue Aug 15 2017 16:28:31 GMT+0800 (CST) ] {"err":0,"msg":"JR2vjDNd5mZaoNy6EWQKXEzN4XPM5AdRFN"}
[ Tue Aug 15 2017 16:28:31 GMT+0800 (CST) ] time is 2221
[ Tue Aug 15 2017 16:28:31 GMT+0800 (CST) ] {"err":0,"msg":"JU3Psqyjb2EfrxU5x2f6pvrs1D3NJGmT1i"}
[ Tue Aug 15 2017 16:28:31 GMT+0800 (CST) ] time is 2217
[ Tue Aug 15 2017 16:28:31 GMT+0800 (CST) ] {"err":0,"msg":"JcPH3cwMRYXw86hhA87Z7ewrrd2PeejgDe"}
[ Tue Aug 15 2017 16:28:31 GMT+0800 (CST) ] time is 2223
[ Tue Aug 15 2017 16:28:31 GMT+0800 (CST) ] {"err":0,"msg":"JehHsyF3rzA5k3GMZb4Uw2ggff2ApiPr4M"}
[ Tue Aug 15 2017 16:28:31 GMT+0800 (CST) ] time is 2227
[ Tue Aug 15 2017 16:28:31 GMT+0800 (CST) ] {"err":0,"msg":"JKSMEciEMZrUQXmmgS5pE38ghAQTe2ETMH"}
[ Tue Aug 15 2017 16:28:31 GMT+0800 (CST) ] time is 2222
[ Tue Aug 15 2017 16:28:31 GMT+0800 (CST) ] {"err":0,"msg":"JV6TB5f7tSwqVhf1k5bFkxjgy3tZj3Bckd"}
[ Tue Aug 15 2017 16:28:31 GMT+0800 (CST) ] time is 2218
[ Tue Aug 15 2017 16:28:31 GMT+0800 (CST) ] {"err":0,"msg":"Ja9aDqALY3qHyiRQo95QtQ2gvSMufQeqNh"}
[ Tue Aug 15 2017 16:28:31 GMT+0800 (CST) ] time is 2224
[ Tue Aug 15 2017 16:28:31 GMT+0800 (CST) ] {"err":0,"msg":"JaPkusSDEQXeZ7BAjHPumRZkRDtMSThGpy"}
[ Tue Aug 15 2017 16:28:31 GMT+0800 (CST) ] time is 2228
[ Tue Aug 15 2017 16:28:31 GMT+0800 (CST) ] {"err":0,"msg":"JTiDBDAqzueqimTud5Zv1bAx5sHw4WL3Kr"}
[ Tue Aug 15 2017 16:28:31 GMT+0800 (CST) ] time is 2223
[ Tue Aug 15 2017 16:28:31 GMT+0800 (CST) ] {"err":0,"msg":"JX81PBTnZsHCSMKzbJtc2SaFy7s7xrppVN"}
[ Tue Aug 15 2017 16:28:31 GMT+0800 (CST) ] time is 2219
[ Tue Aug 15 2017 16:28:31 GMT+0800 (CST) ] {"err":0,"msg":"JfYCXT9hHvXbuqeAPHe2nkv3awS3WhUW8x"}
[ Tue Aug 15 2017 16:28:31 GMT+0800 (CST) ] time is 2225
[ Tue Aug 15 2017 16:28:31 GMT+0800 (CST) ] {"err":0,"msg":"JbcvcqiweAA3qLcxoe6ZQWhe6F6URzorrJ"}
[ Tue Aug 15 2017 16:28:31 GMT+0800 (CST) ] time is 2229
[ Tue Aug 15 2017 16:28:31 GMT+0800 (CST) ] {"err":0,"msg":"JSxbBvMEeo4BCppHnntozLcH4wgKGQcid6"}
[ Tue Aug 15 2017 16:28:31 GMT+0800 (CST) ] time is 2224
[ Tue Aug 15 2017 16:28:31 GMT+0800 (CST) ] {"err":0,"msg":"JT6pgQmdG5xEDwJkUGDoGoW9vNaqgV37z1"}
[ Tue Aug 15 2017 16:28:31 GMT+0800 (CST) ] time is 2220
[ Tue Aug 15 2017 16:28:31 GMT+0800 (CST) ] {"err":0,"msg":"JhmPuYk14cuBTR498DJeeffQcW8Yb63hcn"}
[ Tue Aug 15 2017 16:28:31 GMT+0800 (CST) ] time is 2226
[ Tue Aug 15 2017 16:28:31 GMT+0800 (CST) ] {"err":0,"msg":"JPUsLdcsX1J4KdSY3VACEgonnz7eg21mkG"}
[ Tue Aug 15 2017 16:28:31 GMT+0800 (CST) ] time is 2230
[ Tue Aug 15 2017 16:28:31 GMT+0800 (CST) ] {"err":0,"msg":"JXTZRM7ife83Aan7e9E6RCURdszP8mAVXU"}
[ Tue Aug 15 2017 16:28:31 GMT+0800 (CST) ] time is 2225
[ Tue Aug 15 2017 16:28:31 GMT+0800 (CST) ] {"err":0,"msg":"JSxqRGLQ8N6CBjKgRPJDbVeNSMjbMGa4jA"}
[ Tue Aug 15 2017 16:28:31 GMT+0800 (CST) ] time is 2221
[ Tue Aug 15 2017 16:28:31 GMT+0800 (CST) ] {"err":0,"msg":"JeLRhioUmURNBBmeZ9cK49vX66wM94uG8o"}
[ Tue Aug 15 2017 16:28:31 GMT+0800 (CST) ] time is 2227
[ Tue Aug 15 2017 16:28:31 GMT+0800 (CST) ] {"err":0,"msg":"JdRgtcj81d7w6qDj2QQKgnJmH49G3NhWrw"}
[ Tue Aug 15 2017 16:28:31 GMT+0800 (CST) ] time is 2231
[ Tue Aug 15 2017 16:28:31 GMT+0800 (CST) ] {"err":0,"msg":"JePm6bmCZL3Zn1Uk94Q1hbC52jbcm8Yyuf"}
[ Tue Aug 15 2017 16:28:31 GMT+0800 (CST) ] time is 2226
[ Tue Aug 15 2017 16:28:31 GMT+0800 (CST) ] {"err":0,"msg":"JMYWR4JLE9qyfHA3WTC1vz7SCb3uzwvXY7"}
[ Tue Aug 15 2017 16:28:31 GMT+0800 (CST) ] time is 2222
[ Tue Aug 15 2017 16:28:31 GMT+0800 (CST) ] {"err":0,"msg":"JY6WzLpjW8evWzimG75H3AnDAhW96KMNY2"}
[ Tue Aug 15 2017 16:28:31 GMT+0800 (CST) ] time is 2228
[ Tue Aug 15 2017 16:28:31 GMT+0800 (CST) ] {"err":0,"msg":"JcLDjhtU8ZLdPZzx6iSvfK31iRnxPU3GQV"}
[ Tue Aug 15 2017 16:28:31 GMT+0800 (CST) ] time is 2232
[ Tue Aug 15 2017 16:28:31 GMT+0800 (CST) ] {"err":0,"msg":"JYv2wvHBYfPURwCzb2V9jK3wzGtZZEEfcB"}
[ Tue Aug 15 2017 16:28:31 GMT+0800 (CST) ] time is 2227
[ Tue Aug 15 2017 16:28:31 GMT+0800 (CST) ] {"err":0,"msg":"JJqjQXfr29JEfo9s3SuNPbN9wLyMF3DMHC"}
[ Tue Aug 15 2017 16:28:32 GMT+0800 (CST) ] time is 2223
[ Tue Aug 15 2017 16:28:32 GMT+0800 (CST) ] {"err":0,"msg":"JaqYf5QzpwVRoeSu2BUWfGVhEesjymsMyE"}
[ Tue Aug 15 2017 16:28:32 GMT+0800 (CST) ] time is 2229
[ Tue Aug 15 2017 16:28:32 GMT+0800 (CST) ] {"err":0,"msg":"JKHYMhb1riYaj2Vt1r3gf3p5HgrpzXw9af"}
[ Tue Aug 15 2017 16:28:32 GMT+0800 (CST) ] time is 2228
[ Tue Aug 15 2017 16:28:32 GMT+0800 (CST) ] {"err":0,"msg":"JU3ZjjNgF2oBgo9T9eEv5YFwg5hkNxbwWz"}
[ Tue Aug 15 2017 16:28:32 GMT+0800 (CST) ] time is 2233
[ Tue Aug 15 2017 16:28:32 GMT+0800 (CST) ] {"err":0,"msg":"JXGNUf98VRGCiBUs2mVJYjBgWyqJYsCW23"}
[ Tue Aug 15 2017 16:28:32 GMT+0800 (CST) ] time is 2224
[ Tue Aug 15 2017 16:28:32 GMT+0800 (CST) ] {"err":0,"msg":"JQTsoVSPiv2C18Xr2XoetthhBN9cMaFyaB"}
[ Tue Aug 15 2017 16:28:32 GMT+0800 (CST) ] time is 2230
[ Tue Aug 15 2017 16:28:32 GMT+0800 (CST) ] {"err":0,"msg":"Jet5B5v8hysk1kyZAJo8iH37L4pUS262to"}
[ Tue Aug 15 2017 16:28:32 GMT+0800 (CST) ] time is 2229
[ Tue Aug 15 2017 16:28:32 GMT+0800 (CST) ] {"err":0,"msg":"JZ4uSeqjgzPwC6phh4tdpb36BtVXrBJcFQ"}
[ Tue Aug 15 2017 16:28:32 GMT+0800 (CST) ] time is 2234
[ Tue Aug 15 2017 16:28:32 GMT+0800 (CST) ] {"err":0,"msg":"JSix53UK8hi6ELVpUqjKiqUsTDYmzRQyz8"}
[ Tue Aug 15 2017 16:28:32 GMT+0800 (CST) ] time is 2225
[ Tue Aug 15 2017 16:28:32 GMT+0800 (CST) ] {"err":0,"msg":"JWh6WsrHobfZwimJeBPsgYABBjXq2Xh3UQ"}
[ Tue Aug 15 2017 16:28:32 GMT+0800 (CST) ] time is 2231
[ Tue Aug 15 2017 16:28:32 GMT+0800 (CST) ] {"err":0,"msg":"JZhnLxDLEbf9sGqrtjUDzyijYmRhtGGUb1"}
[ Tue Aug 15 2017 16:28:32 GMT+0800 (CST) ] time is 2230
[ Tue Aug 15 2017 16:28:32 GMT+0800 (CST) ] {"err":0,"msg":"JZQ3AnkCQ18e7diTiUfo1GvaktX62Xk2QM"}
[ Tue Aug 15 2017 16:28:32 GMT+0800 (CST) ] time is 2235
[ Tue Aug 15 2017 16:28:32 GMT+0800 (CST) ] {"err":0,"msg":"JeRmJLWn2FJw8gojLDnT3PeFe8qkEUjbmG"}
[ Tue Aug 15 2017 16:28:32 GMT+0800 (CST) ] time is 2226
[ Tue Aug 15 2017 16:28:32 GMT+0800 (CST) ] {"err":0,"msg":"JXsNdwqYrtNL2Vh14mXgeWTYzvau1KFTBo"}
[ Tue Aug 15 2017 16:28:32 GMT+0800 (CST) ] time is 2232
[ Tue Aug 15 2017 16:28:32 GMT+0800 (CST) ] {"err":0,"msg":"JLM1RVJ5s7nFH4Kooyn8tPqWR8dJ5cPPjz"}
[ Tue Aug 15 2017 16:28:32 GMT+0800 (CST) ] time is 2231
[ Tue Aug 15 2017 16:28:32 GMT+0800 (CST) ] {"err":0,"msg":"JQYVhxmAeK5VFeiy3ZMY2KR9CjmAxbD3RY"}
[ Tue Aug 15 2017 16:28:32 GMT+0800 (CST) ] time is 2236
[ Tue Aug 15 2017 16:28:32 GMT+0800 (CST) ] {"err":0,"msg":"JR3YbFziyccWxeHtmXGFQX88uh6jisJR4b"}
[ Tue Aug 15 2017 16:28:32 GMT+0800 (CST) ] time is 2227
[ Tue Aug 15 2017 16:28:32 GMT+0800 (CST) ] {"err":0,"msg":"JVfWuRH8iA4yyhXWPQrLFvABwa2suNrWVV"}
[ Tue Aug 15 2017 16:28:32 GMT+0800 (CST) ] time is 2233
[ Tue Aug 15 2017 16:28:32 GMT+0800 (CST) ] {"err":0,"msg":"JTQZMSv8cW9ceNozpprQyJcebPKeA7thR1"}
[ Tue Aug 15 2017 16:28:32 GMT+0800 (CST) ] time is 2232
[ Tue Aug 15 2017 16:28:32 GMT+0800 (CST) ] {"err":0,"msg":"JTS2yxGJXNAQUQzcBWCjWgrh5d6u1MmkbD"}
[ Tue Aug 15 2017 16:28:32 GMT+0800 (CST) ] time is 2237
[ Tue Aug 15 2017 16:28:32 GMT+0800 (CST) ] {"err":0,"msg":"JgoYNAU2XpL1DQXUt1tBkW6V6HQeMGur4k"}
[ Tue Aug 15 2017 16:28:32 GMT+0800 (CST) ] time is 2228
[ Tue Aug 15 2017 16:28:32 GMT+0800 (CST) ] {"err":0,"msg":"JVigMEVYTubSdUyaw5QQjNYKydeCUaNS9t"}
[ Tue Aug 15 2017 16:28:32 GMT+0800 (CST) ] time is 2234
[ Tue Aug 15 2017 16:28:32 GMT+0800 (CST) ] {"err":0,"msg":"JXtQJ3eU3g4vbevRQSemGWVy1VNEQMt6p9"}
[ Tue Aug 15 2017 16:28:32 GMT+0800 (CST) ] time is 2233
[ Tue Aug 15 2017 16:28:32 GMT+0800 (CST) ] {"err":0,"msg":"JbgeMyYDrqaZnx3noLjqvdDxLMFhGMWRUQ"}
[ Tue Aug 15 2017 16:28:32 GMT+0800 (CST) ] time is 2238
[ Tue Aug 15 2017 16:28:32 GMT+0800 (CST) ] {"err":0,"msg":"JWudEZvz28kLNbenuKq7keDSG3q4VeG1ax"}
[ Tue Aug 15 2017 16:28:32 GMT+0800 (CST) ] time is 2229
[ Tue Aug 15 2017 16:28:32 GMT+0800 (CST) ] {"err":0,"msg":"JKbaC4JMp6KUgkb1xAadAEbW7X83JWFLBb"}
[ Tue Aug 15 2017 16:28:32 GMT+0800 (CST) ] time is 2235
[ Tue Aug 15 2017 16:28:32 GMT+0800 (CST) ] {"err":0,"msg":"JJwEvet3CVwjRfpDSvjk8Ekt5ry1pAjxDw"}
[ Tue Aug 15 2017 16:28:32 GMT+0800 (CST) ] time is 2234
[ Tue Aug 15 2017 16:28:32 GMT+0800 (CST) ] {"err":0,"msg":"JQro9MCHULBGpyxtgCFPf3x1EBHLivxB77"}
[ Tue Aug 15 2017 16:28:32 GMT+0800 (CST) ] time is 2239
[ Tue Aug 15 2017 16:28:32 GMT+0800 (CST) ] {"err":0,"msg":"JcAGHpf3RQmcgCWgXfkXEvwXdegzR25AGk"}
[ Tue Aug 15 2017 16:28:32 GMT+0800 (CST) ] time is 2230
[ Tue Aug 15 2017 16:28:32 GMT+0800 (CST) ] {"err":0,"msg":"JamTwFhTQUDYhrqNDQgGVF9tMEJJcTz7Nu"}
[ Tue Aug 15 2017 16:28:32 GMT+0800 (CST) ] time is 2236
[ Tue Aug 15 2017 16:28:32 GMT+0800 (CST) ] {"err":0,"msg":"JYoeC2nEKghyokfufydFVRM4H6YRi1QzDo"}
[ Tue Aug 15 2017 16:28:32 GMT+0800 (CST) ] time is 2235
[ Tue Aug 15 2017 16:28:32 GMT+0800 (CST) ] {"err":0,"msg":"JfYrLSwvR2GxW5pezV1jYoCvm38ypVipFz"}
[ Tue Aug 15 2017 16:28:32 GMT+0800 (CST) ] time is 2240
[ Tue Aug 15 2017 16:28:32 GMT+0800 (CST) ] {"err":0,"msg":"JLSprkdaEVHDnkcxZe6QHmVW7NPdhNX69L"}
[ Tue Aug 15 2017 16:28:32 GMT+0800 (CST) ] time is 2231
[ Tue Aug 15 2017 16:28:32 GMT+0800 (CST) ] {"err":0,"msg":"JZxpTcrZyFzftgK77eRy2burVbugNjFnW3"}
[ Tue Aug 15 2017 16:28:32 GMT+0800 (CST) ] time is 2237
[ Tue Aug 15 2017 16:28:32 GMT+0800 (CST) ] {"err":0,"msg":"JTQDe6ADnZCW9Pa7nh6KYhd9J7fDFAdWEG"}
[ Tue Aug 15 2017 16:28:32 GMT+0800 (CST) ] time is 2236
[ Tue Aug 15 2017 16:28:32 GMT+0800 (CST) ] {"err":0,"msg":"JVtR766oVzVfubV2Q2qcj8AoUWeKUBfJxF"}
[ Tue Aug 15 2017 16:28:32 GMT+0800 (CST) ] time is 2241
[ Tue Aug 15 2017 16:28:32 GMT+0800 (CST) ] {"err":0,"msg":"JX73W35s4NCHcf3LEi3xqRFpH4eC1Fdnwe"}
[ Tue Aug 15 2017 16:28:32 GMT+0800 (CST) ] time is 2232
[ Tue Aug 15 2017 16:28:32 GMT+0800 (CST) ] {"err":0,"msg":"JbQP1iaLCH3Cnxx6kHznfhZpm5zdX6cyEU"}
[ Tue Aug 15 2017 16:28:32 GMT+0800 (CST) ] time is 2238
[ Tue Aug 15 2017 16:28:32 GMT+0800 (CST) ] {"err":0,"msg":"JLqKWZgjFGaQBnmXvfHWu3jaehnwy5CAGs"}
[ Tue Aug 15 2017 16:28:32 GMT+0800 (CST) ] time is 2237
[ Tue Aug 15 2017 16:28:32 GMT+0800 (CST) ] {"err":0,"msg":"JUAvuYHCJqrBY99r8MwPSLdbKaahZsKaU9"}
[ Tue Aug 15 2017 16:28:32 GMT+0800 (CST) ] time is 2242
[ Tue Aug 15 2017 16:28:32 GMT+0800 (CST) ] {"err":0,"msg":"JQzRt9R67wcRJX6yy1kaXmsQ3VYn7Wd56F"}
[ Tue Aug 15 2017 16:28:32 GMT+0800 (CST) ] time is 2233
[ Tue Aug 15 2017 16:28:32 GMT+0800 (CST) ] {"err":0,"msg":"JcWxWEFViqpAejqrQPcHFHtEkqpS7RypNp"}
[ Tue Aug 15 2017 16:28:32 GMT+0800 (CST) ] time is 2239
[ Tue Aug 15 2017 16:28:32 GMT+0800 (CST) ] {"err":0,"msg":"JX93m8YeLe9n9zFCburHr5NqujcsKzWmuC"}
[ Tue Aug 15 2017 16:28:32 GMT+0800 (CST) ] time is 2238
[ Tue Aug 15 2017 16:28:32 GMT+0800 (CST) ] {"err":0,"msg":"JNnEtCtH7BPEG95xUkadBYVwjChDjjeT8S"}
[ Tue Aug 15 2017 16:28:32 GMT+0800 (CST) ] time is 2243
[ Tue Aug 15 2017 16:28:32 GMT+0800 (CST) ] {"err":0,"msg":"JQw1jSSyqgwTUgJ5LcHcJzaX839zB9MKbn"}
[ Tue Aug 15 2017 16:28:32 GMT+0800 (CST) ] time is 2234
[ Tue Aug 15 2017 16:28:32 GMT+0800 (CST) ] {"err":0,"msg":"JNxYgYHeQh7Rhug5yokKiWRZxmcH8pM1Dy"}
[ Tue Aug 15 2017 16:28:32 GMT+0800 (CST) ] time is 2240
[ Tue Aug 15 2017 16:28:32 GMT+0800 (CST) ] {"err":0,"msg":"Jb9JeaVHZMkBnxELKYN9rGt4SoWMx9ahE2"}
[ Tue Aug 15 2017 16:28:32 GMT+0800 (CST) ] time is 2239
[ Tue Aug 15 2017 16:28:32 GMT+0800 (CST) ] {"err":0,"msg":"JVzBWDkqTBswBr3cBYvedLzj4g8eesEmqs"}
[ Tue Aug 15 2017 16:28:32 GMT+0800 (CST) ] time is 2244
[ Tue Aug 15 2017 16:28:32 GMT+0800 (CST) ] {"err":0,"msg":"JeMvdpmr4wZ3aub5rUUYLh9GS1uQZimKzt"}
[ Tue Aug 15 2017 16:28:32 GMT+0800 (CST) ] time is 2235
[ Tue Aug 15 2017 16:28:32 GMT+0800 (CST) ] {"err":0,"msg":"JVcuJsGJb8Pa6sB1EqsVKbry16ZC9Guw1B"}
[ Tue Aug 15 2017 16:28:32 GMT+0800 (CST) ] time is 2241
[ Tue Aug 15 2017 16:28:32 GMT+0800 (CST) ] {"err":0,"msg":"JZj4GihLrSb7X39EAyL6q1uUY7V6QpzXya"}
[ Tue Aug 15 2017 16:28:32 GMT+0800 (CST) ] time is 2240
[ Tue Aug 15 2017 16:28:32 GMT+0800 (CST) ] {"err":0,"msg":"Je2eS2FA9EifB45a21ffLQ6iQyyBEPhUut"}
[ Tue Aug 15 2017 16:28:32 GMT+0800 (CST) ] time is 2236
[ Tue Aug 15 2017 16:28:32 GMT+0800 (CST) ] {"err":0,"msg":"JJZhqMQ59GL8QLyd1dpRokpwWb9D9Mq6db"}
[ Tue Aug 15 2017 16:28:32 GMT+0800 (CST) ] time is 2245
[ Tue Aug 15 2017 16:28:32 GMT+0800 (CST) ] {"err":0,"msg":"JgjUZ1XBD9Midv6LWb7AD4HG9Ucfurfpn3"}
[ Tue Aug 15 2017 16:28:32 GMT+0800 (CST) ] time is 2242
[ Tue Aug 15 2017 16:28:32 GMT+0800 (CST) ] {"err":0,"msg":"JJvmsH7bBFj3sPCkvwcNB6dv11SCTme52f"}
[ Tue Aug 15 2017 16:28:32 GMT+0800 (CST) ] time is 2241
[ Tue Aug 15 2017 16:28:32 GMT+0800 (CST) ] {"err":0,"msg":"JSwGLq5VG2ds2dx7gyqfPgcQeDJB72pegb"}
[ Tue Aug 15 2017 16:28:32 GMT+0800 (CST) ] time is 2237
[ Tue Aug 15 2017 16:28:32 GMT+0800 (CST) ] {"err":0,"msg":"JZchaKWVeQWpSxiVYxo56tBZJ7jGXCxshZ"}
[ Tue Aug 15 2017 16:28:32 GMT+0800 (CST) ] time is 2246
[ Tue Aug 15 2017 16:28:32 GMT+0800 (CST) ] {"err":0,"msg":"JNXfeEUxRqkShk1n6qgc3a3pJSAi66fjd7"}
[ Tue Aug 15 2017 16:28:32 GMT+0800 (CST) ] time is 2243
[ Tue Aug 15 2017 16:28:32 GMT+0800 (CST) ] {"err":0,"msg":"Jec4JzcZpQ2yxohksH1i4ncb4PZcbQaFLa"}
[ Tue Aug 15 2017 16:28:32 GMT+0800 (CST) ] time is 2242
[ Tue Aug 15 2017 16:28:32 GMT+0800 (CST) ] {"err":0,"msg":"JMUxq6f4kV4d1dBjdP2Vg5QJ7CpC3Sr4nT"}
[ Tue Aug 15 2017 16:28:32 GMT+0800 (CST) ] time is 2238
[ Tue Aug 15 2017 16:28:32 GMT+0800 (CST) ] {"err":0,"msg":"JdASoGfdtgbc7WjBQpgA7exMC23pCvhgVN"}
[ Tue Aug 15 2017 16:28:32 GMT+0800 (CST) ] time is 2247
[ Tue Aug 15 2017 16:28:32 GMT+0800 (CST) ] {"err":0,"msg":"JMz8LfPRDUVb98qnDJk1mL1ihPhMQRbiFo"}
[ Tue Aug 15 2017 16:28:32 GMT+0800 (CST) ] time is 2244
[ Tue Aug 15 2017 16:28:32 GMT+0800 (CST) ] {"err":0,"msg":"JZLJq8gm9qbFyEzH2HZMMU5PxJRyiuvXA3"}
[ Tue Aug 15 2017 16:28:32 GMT+0800 (CST) ] time is 2243
[ Tue Aug 15 2017 16:28:32 GMT+0800 (CST) ] {"err":0,"msg":"JP8jNUN3jHWGHWjArV663QphVF5rDchxxv"}
[ Tue Aug 15 2017 16:28:32 GMT+0800 (CST) ] time is 2239
[ Tue Aug 15 2017 16:28:32 GMT+0800 (CST) ] {"err":0,"msg":"Jh3i51NcqCeWdFBoRwQsyMGGi7cUmihrv8"}
[ Tue Aug 15 2017 16:28:32 GMT+0800 (CST) ] time is 2248
[ Tue Aug 15 2017 16:28:32 GMT+0800 (CST) ] {"err":0,"msg":"JSDYVB97siGdd1CcCRm4JLptL1CDPzqdzr"}
[ Tue Aug 15 2017 16:28:32 GMT+0800 (CST) ] time is 2245
[ Tue Aug 15 2017 16:28:32 GMT+0800 (CST) ] {"err":0,"msg":"JaqTVvSyjb7cbFYJHdMVtmPKbKcu66ZP93"}
[ Tue Aug 15 2017 16:28:32 GMT+0800 (CST) ] time is 2244
[ Tue Aug 15 2017 16:28:32 GMT+0800 (CST) ] {"err":0,"msg":"JXV8oendehu1Dp8hTLMn84PgzvkRUpMhZG"}
[ Tue Aug 15 2017 16:28:32 GMT+0800 (CST) ] time is 2240
[ Tue Aug 15 2017 16:28:32 GMT+0800 (CST) ] {"err":0,"msg":"JUzCWPGhZWzT12At2ZbVYaXaD7YCNj6ZBN"}
[ Tue Aug 15 2017 16:28:32 GMT+0800 (CST) ] time is 2249
[ Tue Aug 15 2017 16:28:32 GMT+0800 (CST) ] {"err":0,"msg":"JQ4WzhBjiEEXmd13FDxGsuU5AKJoP73xpS"}
[ Tue Aug 15 2017 16:28:32 GMT+0800 (CST) ] time is 2245
[ Tue Aug 15 2017 16:28:32 GMT+0800 (CST) ] {"err":0,"msg":"JfUNp48exwirWLi86UjTgorVgNTq7MNQnB"}
[ Tue Aug 15 2017 16:28:32 GMT+0800 (CST) ] time is 2246
[ Tue Aug 15 2017 16:28:32 GMT+0800 (CST) ] {"err":0,"msg":"JVy6vdeUVEGiceFfAviNHWVpaPEGEMkDz9"}
[ Tue Aug 15 2017 16:28:33 GMT+0800 (CST) ] time is 2241
[ Tue Aug 15 2017 16:28:33 GMT+0800 (CST) ] {"err":0,"msg":"JTz65NS6L53mMchQXweY19udTQqYcJCtxw"}
[ Tue Aug 15 2017 16:28:33 GMT+0800 (CST) ] time is 2250
[ Tue Aug 15 2017 16:28:33 GMT+0800 (CST) ] {"err":0,"msg":"JQUaruWbEvUMxLPRDJjDnSNNtPJ9cjNuvq"}
[ Tue Aug 15 2017 16:28:33 GMT+0800 (CST) ] time is 2246
[ Tue Aug 15 2017 16:28:33 GMT+0800 (CST) ] {"err":0,"msg":"JUbgvyCdPvPxxkyUJCn3FwhviEyRHy83As"}
[ Tue Aug 15 2017 16:28:33 GMT+0800 (CST) ] time is 2247
[ Tue Aug 15 2017 16:28:33 GMT+0800 (CST) ] {"err":0,"msg":"Jhiw45Ecxoope6FvArC5YUyRQkPRH9LJkM"}
[ Tue Aug 15 2017 16:28:33 GMT+0800 (CST) ] time is 2242
[ Tue Aug 15 2017 16:28:33 GMT+0800 (CST) ] {"err":0,"msg":"JKV5usyheQ9T9LKYH1r6YvcQou3hgt4iUS"}
[ Tue Aug 15 2017 16:28:33 GMT+0800 (CST) ] time is 2251
[ Tue Aug 15 2017 16:28:33 GMT+0800 (CST) ] {"err":0,"msg":"JUMQZEFraaWqEmVvXQSs7q6FLk9A9QsfCr"}
[ Tue Aug 15 2017 16:28:33 GMT+0800 (CST) ] time is 2247
[ Tue Aug 15 2017 16:28:33 GMT+0800 (CST) ] {"err":0,"msg":"JVMaYE9yjG9p5h2kc44EnWgSjijpWEuyUQ"}
[ Tue Aug 15 2017 16:28:33 GMT+0800 (CST) ] time is 2248
[ Tue Aug 15 2017 16:28:33 GMT+0800 (CST) ] {"err":0,"msg":"JMcXrzrH9WRbNMyvyHsmw3nkN4h7Ewb2au"}
[ Tue Aug 15 2017 16:28:33 GMT+0800 (CST) ] time is 2243
[ Tue Aug 15 2017 16:28:33 GMT+0800 (CST) ] {"err":0,"msg":"JQbqZGYRi2CKeG46VSnHcsBHDQz5KGMfpV"}
[ Tue Aug 15 2017 16:28:33 GMT+0800 (CST) ] time is 2252
[ Tue Aug 15 2017 16:28:33 GMT+0800 (CST) ] {"err":0,"msg":"JNknASqsMXEvrr5qbaxCofufhhzQDxQgsc"}
[ Tue Aug 15 2017 16:28:33 GMT+0800 (CST) ] time is 2249
[ Tue Aug 15 2017 16:28:33 GMT+0800 (CST) ] {"err":0,"msg":"JTKizB1ZbnE1vNieTaVv3oNoSgtRhppG5U"}
[ Tue Aug 15 2017 16:28:33 GMT+0800 (CST) ] {"err":0,"msg":"JabSRErbK6pYEAiMnGVnUrXo6CZ7xarzis"}
[ Tue Aug 15 2017 16:28:33 GMT+0800 (CST) ] time is 2248
[ Tue Aug 15 2017 16:28:33 GMT+0800 (CST) ] time is 2244
[ Tue Aug 15 2017 16:28:33 GMT+0800 (CST) ] {"err":0,"msg":"JKnh31SkqxJatsso3LCSA1PPCAHPU3UDz5"}
[ Tue Aug 15 2017 16:28:33 GMT+0800 (CST) ] time is 2253
[ Tue Aug 15 2017 16:28:33 GMT+0800 (CST) ] {"err":0,"msg":"JMxm2Jr5qEaygPyK88yxdPZPDNoNnikWvV"}
[ Tue Aug 15 2017 16:28:33 GMT+0800 (CST) ] time is 2249
[ Tue Aug 15 2017 16:28:33 GMT+0800 (CST) ] {"err":0,"msg":"JgC5wZENMsyzQH5Ru2NFdd197Ngp7xRyxM"}
[ Tue Aug 15 2017 16:28:33 GMT+0800 (CST) ] time is 2250
[ Tue Aug 15 2017 16:28:33 GMT+0800 (CST) ] {"err":0,"msg":"Jh1ELNf8PcGVawwFnw1aeaaji5MteTSYF5"}
[ Tue Aug 15 2017 16:28:33 GMT+0800 (CST) ] time is 2245
[ Tue Aug 15 2017 16:28:33 GMT+0800 (CST) ] {"err":0,"msg":"JXh73rv6qjjBKvz5MiX9E97SCk9Pm6X1P4"}
[ Tue Aug 15 2017 16:28:33 GMT+0800 (CST) ] time is 2254
[ Tue Aug 15 2017 16:28:33 GMT+0800 (CST) ] {"err":0,"msg":"JRhnsWGnyCE6WPFXQjRt5bbv4KybyjQJzh"}
[ Tue Aug 15 2017 16:28:33 GMT+0800 (CST) ] time is 2251
[ Tue Aug 15 2017 16:28:33 GMT+0800 (CST) ] {"err":0,"msg":"JMcAmBvyhbFTTjpo5rj7Eym34w4FWKNgNW"}
[ Tue Aug 15 2017 16:28:33 GMT+0800 (CST) ] time is 2250
[ Tue Aug 15 2017 16:28:33 GMT+0800 (CST) ] {"err":0,"msg":"JX5B1LiTUKduia9mrN6L1uEC5orL7EMcvk"}
[ Tue Aug 15 2017 16:28:33 GMT+0800 (CST) ] time is 2246
[ Tue Aug 15 2017 16:28:33 GMT+0800 (CST) ] {"err":0,"msg":"Jf1Gu29PumPdRKf1sqqZgptTUt8v2FW2Xv"}
[ Tue Aug 15 2017 16:28:33 GMT+0800 (CST) ] time is 2255
[ Tue Aug 15 2017 16:28:33 GMT+0800 (CST) ] {"err":0,"msg":"Jg5BPhsczkCfb67UAZELAGWKKK4KewsETA"}
[ Tue Aug 15 2017 16:28:33 GMT+0800 (CST) ] time is 2252
[ Tue Aug 15 2017 16:28:33 GMT+0800 (CST) ] {"err":0,"msg":"JYfrFXbYuNp588mgfodkgkPQVbXANB6T4V"}
[ Tue Aug 15 2017 16:28:33 GMT+0800 (CST) ] time is 2251
[ Tue Aug 15 2017 16:28:33 GMT+0800 (CST) ] {"err":0,"msg":"JdU9cRHbcusQDYyZMPUTPhijtZGqenc196"}
[ Tue Aug 15 2017 16:28:33 GMT+0800 (CST) ] time is 2247
[ Tue Aug 15 2017 16:28:33 GMT+0800 (CST) ] {"err":0,"msg":"JLP4ZuuG6p5C1wBaSEbBhHYhiEUKLFHsg1"}
[ Tue Aug 15 2017 16:28:33 GMT+0800 (CST) ] time is 2256
[ Tue Aug 15 2017 16:28:33 GMT+0800 (CST) ] {"err":0,"msg":"JdUynwt5tyAT8y97pTNAMXAKesUnPtMWnU"}
[ Tue Aug 15 2017 16:28:33 GMT+0800 (CST) ] time is 2253
[ Tue Aug 15 2017 16:28:33 GMT+0800 (CST) ] {"err":0,"msg":"JM3jWrt8vUivMz7z2HZWHozJwxsYqBjsrm"}
[ Tue Aug 15 2017 16:28:33 GMT+0800 (CST) ] time is 2252
[ Tue Aug 15 2017 16:28:33 GMT+0800 (CST) ] {"err":0,"msg":"JNhJrN6oH9mBR6okq98CwCwwpA5pZ5rwrg"}
[ Tue Aug 15 2017 16:28:33 GMT+0800 (CST) ] time is 2248
[ Tue Aug 15 2017 16:28:33 GMT+0800 (CST) ] {"err":0,"msg":"JMEB2CAzeKQ2tsdR9VseVpj7e5cEdnK3Ko"}
[ Tue Aug 15 2017 16:28:33 GMT+0800 (CST) ] time is 2257
[ Tue Aug 15 2017 16:28:33 GMT+0800 (CST) ] {"err":0,"msg":"JXUYJ3mackWPmjsKAd9GvCkwTMC59V8oEs"}
[ Tue Aug 15 2017 16:28:33 GMT+0800 (CST) ] time is 2254
[ Tue Aug 15 2017 16:28:33 GMT+0800 (CST) ] {"err":0,"msg":"JTpB3LuG6NkuVgRjCf9TobbSrCzwspj2ej"}
[ Tue Aug 15 2017 16:28:33 GMT+0800 (CST) ] time is 2253
[ Tue Aug 15 2017 16:28:33 GMT+0800 (CST) ] {"err":0,"msg":"JcNSBKCbdxwxrDHnvE5TbFHrDKuS51jdhZ"}
[ Tue Aug 15 2017 16:28:33 GMT+0800 (CST) ] time is 2249
[ Tue Aug 15 2017 16:28:33 GMT+0800 (CST) ] {"err":0,"msg":"JP3KfqqZ5m25JvZm4hRvdfrLQnyCeDHLdK"}
[ Tue Aug 15 2017 16:28:33 GMT+0800 (CST) ] time is 2258
[ Tue Aug 15 2017 16:28:33 GMT+0800 (CST) ] {"err":0,"msg":"JcD4ugKWuqV1NvCyg7rQ3N7L43AD3jAbT9"}
[ Tue Aug 15 2017 16:28:33 GMT+0800 (CST) ] time is 2255
[ Tue Aug 15 2017 16:28:33 GMT+0800 (CST) ] {"err":0,"msg":"JVTZ3RNsCbWPtCKx9M48cJwbau47aP5vH2"}
[ Tue Aug 15 2017 16:28:33 GMT+0800 (CST) ] time is 2254
[ Tue Aug 15 2017 16:28:33 GMT+0800 (CST) ] {"err":0,"msg":"JVa6oqSxQMf9oLvEZLR4eqZbWW3FiChqUD"}
[ Tue Aug 15 2017 16:28:33 GMT+0800 (CST) ] time is 2250
[ Tue Aug 15 2017 16:28:33 GMT+0800 (CST) ] {"err":0,"msg":"JLYCwbT7KUffVEMo7V3XbQnjVNAXpp4vvB"}
[ Tue Aug 15 2017 16:28:33 GMT+0800 (CST) ] time is 2259
[ Tue Aug 15 2017 16:28:33 GMT+0800 (CST) ] {"err":0,"msg":"JcTQxh6ZWu4rvxfkjzFKRbobNoxWwhAQ15"}
[ Tue Aug 15 2017 16:28:33 GMT+0800 (CST) ] time is 2256
[ Tue Aug 15 2017 16:28:33 GMT+0800 (CST) ] {"err":0,"msg":"JYkNGq4HgMP8BAsiRQJ6P6J2HfEzPJ1aeh"}
[ Tue Aug 15 2017 16:28:33 GMT+0800 (CST) ] time is 2255
[ Tue Aug 15 2017 16:28:33 GMT+0800 (CST) ] {"err":0,"msg":"Jfh6UuPfmGxbqxHTmaYzTcPTfzw1z1semk"}
[ Tue Aug 15 2017 16:28:33 GMT+0800 (CST) ] time is 2251
[ Tue Aug 15 2017 16:28:33 GMT+0800 (CST) ] {"err":0,"msg":"JTfhCcAGHwM7nG1CnJZt9GArVQ6akJSRys"}
[ Tue Aug 15 2017 16:28:33 GMT+0800 (CST) ] time is 2260
[ Tue Aug 15 2017 16:28:33 GMT+0800 (CST) ] {"err":0,"msg":"Jhf2tfEHDQzHAFGBD4neaQFgjTDs43eUWJ"}
[ Tue Aug 15 2017 16:28:33 GMT+0800 (CST) ] time is 2257
[ Tue Aug 15 2017 16:28:33 GMT+0800 (CST) ] {"err":0,"msg":"JQExyZC1kAHoAuEiyvymmTKuXur9vakzPq"}
[ Tue Aug 15 2017 16:28:33 GMT+0800 (CST) ] time is 2256
[ Tue Aug 15 2017 16:28:33 GMT+0800 (CST) ] {"err":0,"msg":"JhU19KKy94czinXkzrcK4uG957RAjFwU1s"}
[ Tue Aug 15 2017 16:28:33 GMT+0800 (CST) ] time is 2252
[ Tue Aug 15 2017 16:28:33 GMT+0800 (CST) ] {"err":0,"msg":"JSrKuRC7TfW5U6edRiPGJD6yLhowJk4jZT"}
[ Tue Aug 15 2017 16:28:33 GMT+0800 (CST) ] time is 2261
[ Tue Aug 15 2017 16:28:33 GMT+0800 (CST) ] {"err":0,"msg":"JP2SnoLxN2JbN9NRDabGeJSsbYLqtdzaZA"}
[ Tue Aug 15 2017 16:28:33 GMT+0800 (CST) ] time is 2258
[ Tue Aug 15 2017 16:28:33 GMT+0800 (CST) ] {"err":0,"msg":"JcZuaxLyu2nmJkUG79QQUUATsF9X7YVFYL"}
[ Tue Aug 15 2017 16:28:33 GMT+0800 (CST) ] time is 2257
[ Tue Aug 15 2017 16:28:33 GMT+0800 (CST) ] {"err":0,"msg":"JS5bPCvSoi8wjPcD2feZDPf34a2WzdajSA"}
[ Tue Aug 15 2017 16:28:33 GMT+0800 (CST) ] time is 2253
[ Tue Aug 15 2017 16:28:33 GMT+0800 (CST) ] {"err":0,"msg":"JXfAf1pyW3gdSveZUtXq3x1A5nKrgoznpE"}
[ Tue Aug 15 2017 16:28:33 GMT+0800 (CST) ] time is 2262
[ Tue Aug 15 2017 16:28:33 GMT+0800 (CST) ] {"err":0,"msg":"JZ1fKC1s8fiAynBMViLaRqU7tbX7SRVyr7"}
[ Tue Aug 15 2017 16:28:33 GMT+0800 (CST) ] time is 2259
[ Tue Aug 15 2017 16:28:33 GMT+0800 (CST) ] {"err":0,"msg":"JStKd65hMSQmWkFiWPEYzaG3tWy8Zs6Ldz"}
[ Tue Aug 15 2017 16:28:33 GMT+0800 (CST) ] time is 2258
[ Tue Aug 15 2017 16:28:33 GMT+0800 (CST) ] {"err":0,"msg":"Jec2B6Cv9nYMSWdh6o9kmGfDDgMonTKWZ8"}
[ Tue Aug 15 2017 16:28:33 GMT+0800 (CST) ] time is 2254
[ Tue Aug 15 2017 16:28:33 GMT+0800 (CST) ] {"err":0,"msg":"JUKJSgh8tb5ug9jFvckh9NBDkrYdA7u2tx"}
[ Tue Aug 15 2017 16:28:33 GMT+0800 (CST) ] time is 2263
[ Tue Aug 15 2017 16:28:33 GMT+0800 (CST) ] {"err":0,"msg":"JNjju3iLjD4JK9NJrj1ygT49zLJ46rjmd9"}
[ Tue Aug 15 2017 16:28:33 GMT+0800 (CST) ] time is 2260
[ Tue Aug 15 2017 16:28:33 GMT+0800 (CST) ] {"err":0,"msg":"Ja1hdjJVuRpe9sdndezzfQ8NnPUf5mMP89"}
[ Tue Aug 15 2017 16:28:33 GMT+0800 (CST) ] time is 2259
[ Tue Aug 15 2017 16:28:33 GMT+0800 (CST) ] {"err":0,"msg":"JLnLWfpSJd2Bv2Yr7wMfEcNbRGdvrGDfUQ"}
[ Tue Aug 15 2017 16:28:33 GMT+0800 (CST) ] time is 2255
[ Tue Aug 15 2017 16:28:33 GMT+0800 (CST) ] {"err":0,"msg":"JQnLFuKmDAtY1vFnZ5b8Fp14oqWr8w881J"}
[ Tue Aug 15 2017 16:28:33 GMT+0800 (CST) ] time is 2264
[ Tue Aug 15 2017 16:28:33 GMT+0800 (CST) ] {"err":0,"msg":"JaaZQF7inSkcW7QH2xcTKMRyzNrrHnHD9U"}
[ Tue Aug 15 2017 16:28:33 GMT+0800 (CST) ] time is 2261
[ Tue Aug 15 2017 16:28:33 GMT+0800 (CST) ] {"err":0,"msg":"JZhbCEHKcKoJ4DLfuFRbyMm8Xf5MjSjjbM"}
[ Tue Aug 15 2017 16:28:33 GMT+0800 (CST) ] time is 2260
[ Tue Aug 15 2017 16:28:33 GMT+0800 (CST) ] {"err":0,"msg":"JhiLTfw3fvf2NVms9vE8TfkNJ8ong7xCAT"}
[ Tue Aug 15 2017 16:28:33 GMT+0800 (CST) ] time is 2256
[ Tue Aug 15 2017 16:28:33 GMT+0800 (CST) ] {"err":0,"msg":"JQE3NRYpaXq9vfJzJUMXDBcM9QuZasE3s8"}
[ Tue Aug 15 2017 16:28:33 GMT+0800 (CST) ] time is 2265
[ Tue Aug 15 2017 16:28:33 GMT+0800 (CST) ] {"err":0,"msg":"JQG1BDTjAR3PESEtSfcMK5JXaAYZtbLA2T"}
[ Tue Aug 15 2017 16:28:33 GMT+0800 (CST) ] time is 2262
[ Tue Aug 15 2017 16:28:33 GMT+0800 (CST) ] {"err":0,"msg":"JU3nJa3X3YwKFoCrrjeULsDfEawFuejuU2"}
[ Tue Aug 15 2017 16:28:33 GMT+0800 (CST) ] time is 2261
[ Tue Aug 15 2017 16:28:33 GMT+0800 (CST) ] {"err":0,"msg":"JcwVMLT1VdxtCz2rPx335DNqc4TntejsmT"}
[ Tue Aug 15 2017 16:28:33 GMT+0800 (CST) ] time is 2257
[ Tue Aug 15 2017 16:28:33 GMT+0800 (CST) ] {"err":0,"msg":"Jbuhrnj99ke8Y6hurebQvi5PVEy4AEdm7z"}
[ Tue Aug 15 2017 16:28:33 GMT+0800 (CST) ] time is 2266
[ Tue Aug 15 2017 16:28:33 GMT+0800 (CST) ] {"err":0,"msg":"JTdTTbMP2bYuHV9L84cLKyartkHkSo25q3"}
[ Tue Aug 15 2017 16:28:33 GMT+0800 (CST) ] time is 2263
[ Tue Aug 15 2017 16:28:33 GMT+0800 (CST) ] {"err":0,"msg":"JPrq51wmdJHkzALgFYEqviL2H5pjSDzupH"}
[ Tue Aug 15 2017 16:28:33 GMT+0800 (CST) ] time is 2262
[ Tue Aug 15 2017 16:28:33 GMT+0800 (CST) ] {"err":0,"msg":"JLmqR1HNNrgTEyJwSF9pfBVotQCWKUgbJ4"}
[ Tue Aug 15 2017 16:28:33 GMT+0800 (CST) ] time is 2258
[ Tue Aug 15 2017 16:28:33 GMT+0800 (CST) ] {"err":0,"msg":"JhRrgygzZn6TUaJws5bWqwFF4BLRwoGJtp"}
[ Tue Aug 15 2017 16:28:34 GMT+0800 (CST) ] time is 2267
[ Tue Aug 15 2017 16:28:34 GMT+0800 (CST) ] {"err":0,"msg":"JP6uvLJvVoR7aBFgptzQ7erWSjZiqmtfMn"}
[ Tue Aug 15 2017 16:28:34 GMT+0800 (CST) ] time is 2264
[ Tue Aug 15 2017 16:28:34 GMT+0800 (CST) ] {"err":0,"msg":"JchvZ9ChSKzfFeHFsPrDJcA51ENyudhQW4"}
[ Tue Aug 15 2017 16:28:34 GMT+0800 (CST) ] time is 2263
[ Tue Aug 15 2017 16:28:34 GMT+0800 (CST) ] {"err":0,"msg":"JY1uo4SK5XxhxV3QakKAvx8ZzS4gHvV23u"}
[ Tue Aug 15 2017 16:28:34 GMT+0800 (CST) ] time is 2259
[ Tue Aug 15 2017 16:28:34 GMT+0800 (CST) ] {"err":0,"msg":"Je6wxJr8bwgcLtGeDCAbkVdXoFsbChvVeK"}
[ Tue Aug 15 2017 16:28:34 GMT+0800 (CST) ] time is 2268
[ Tue Aug 15 2017 16:28:34 GMT+0800 (CST) ] {"err":0,"msg":"JZxU7oMR2ooA3HGu9UuNcCi68XPKUZ9ibe"}
[ Tue Aug 15 2017 16:28:34 GMT+0800 (CST) ] time is 2265
[ Tue Aug 15 2017 16:28:34 GMT+0800 (CST) ] {"err":0,"msg":"Jc9fU2SW47VGKMVSbgLaKtR1ACj3mLQm1r"}
[ Tue Aug 15 2017 16:28:34 GMT+0800 (CST) ] time is 2264
[ Tue Aug 15 2017 16:28:34 GMT+0800 (CST) ] {"err":0,"msg":"Jf7jXJA34v5kka8PuL8pcn6JrjW2m2zcsT"}
[ Tue Aug 15 2017 16:28:34 GMT+0800 (CST) ] time is 2260
[ Tue Aug 15 2017 16:28:34 GMT+0800 (CST) ] {"err":0,"msg":"JNRR6ZWZoJamDgvXPPPRqJBvBQfWgus5MK"}
[ Tue Aug 15 2017 16:28:34 GMT+0800 (CST) ] time is 2269
[ Tue Aug 15 2017 16:28:34 GMT+0800 (CST) ] {"err":0,"msg":"JZiGwobv5BKu3Pdm12twruqcCJoGW1uzAs"}
[ Tue Aug 15 2017 16:28:34 GMT+0800 (CST) ] time is 2266
[ Tue Aug 15 2017 16:28:34 GMT+0800 (CST) ] {"err":0,"msg":"JP55hGqTm3iYdBaPywDXkyeGEdySxnXWXD"}
[ Tue Aug 15 2017 16:28:34 GMT+0800 (CST) ] time is 2265
[ Tue Aug 15 2017 16:28:34 GMT+0800 (CST) ] {"err":0,"msg":"JbFw3dvudL2ADASpnQ3jamJsaPMTfFVbJF"}
[ Tue Aug 15 2017 16:28:34 GMT+0800 (CST) ] time is 2261
[ Tue Aug 15 2017 16:28:34 GMT+0800 (CST) ] {"err":0,"msg":"JbBqDRC2obYujWaAYNKNNWqjJGtYHXm7AY"}
[ Tue Aug 15 2017 16:28:34 GMT+0800 (CST) ] time is 2270
[ Tue Aug 15 2017 16:28:34 GMT+0800 (CST) ] {"err":0,"msg":"JJYAu3d3gktTipzfCxQe88GwSEExS5M5PY"}
[ Tue Aug 15 2017 16:28:34 GMT+0800 (CST) ] time is 2267
[ Tue Aug 15 2017 16:28:34 GMT+0800 (CST) ] {"err":0,"msg":"JL9czoWvwYqKkuXYnCSSi1mkNj2bJDkYW5"}
[ Tue Aug 15 2017 16:28:34 GMT+0800 (CST) ] time is 2266
[ Tue Aug 15 2017 16:28:34 GMT+0800 (CST) ] {"err":0,"msg":"JR8RYwRBagjU1wAKGDzwxs8CMbTirLLqTj"}
[ Tue Aug 15 2017 16:28:34 GMT+0800 (CST) ] time is 2262
[ Tue Aug 15 2017 16:28:34 GMT+0800 (CST) ] {"err":0,"msg":"JSRokARZgVeDX24PaA1PFtKdN2MgErAS8Q"}
[ Tue Aug 15 2017 16:28:34 GMT+0800 (CST) ] time is 2271
[ Tue Aug 15 2017 16:28:34 GMT+0800 (CST) ] {"err":0,"msg":"JP3mxqEb1RK8oJEcWEjddADitCrzzCKqjU"}
[ Tue Aug 15 2017 16:28:34 GMT+0800 (CST) ] time is 2268
[ Tue Aug 15 2017 16:28:34 GMT+0800 (CST) ] {"err":0,"msg":"Jc8fJB6TQZn3eN63Reyk7D4mFSTUxGYfec"}
[ Tue Aug 15 2017 16:28:34 GMT+0800 (CST) ] time is 2267
[ Tue Aug 15 2017 16:28:34 GMT+0800 (CST) ] {"err":0,"msg":"JgQUpD7YkKBDkfEU3mWs2BaMdH19zG1kj9"}
[ Tue Aug 15 2017 16:28:34 GMT+0800 (CST) ] time is 2263
[ Tue Aug 15 2017 16:28:34 GMT+0800 (CST) ] {"err":0,"msg":"JQtkWFZVgTnr3ojvxnoMrJKNYdrDNRXzQL"}
[ Tue Aug 15 2017 16:28:34 GMT+0800 (CST) ] time is 2272
[ Tue Aug 15 2017 16:28:34 GMT+0800 (CST) ] {"err":0,"msg":"JeJTv8T5UPU5hGzGWRXJqtz8fvvV3nu9Ci"}
[ Tue Aug 15 2017 16:28:34 GMT+0800 (CST) ] time is 2269
[ Tue Aug 15 2017 16:28:34 GMT+0800 (CST) ] {"err":0,"msg":"JXtUc9dfP76a2EA6SftDdchhM8EEKYxpHY"}
[ Tue Aug 15 2017 16:28:34 GMT+0800 (CST) ] time is 2268
[ Tue Aug 15 2017 16:28:34 GMT+0800 (CST) ] {"err":0,"msg":"JXrVNrMTEvZyzJEYU5cq6VE2TMQHtumUUo"}
[ Tue Aug 15 2017 16:28:34 GMT+0800 (CST) ] time is 2264
[ Tue Aug 15 2017 16:28:34 GMT+0800 (CST) ] {"err":0,"msg":"Jck4Sp7XepyRxiutXsAKbYcX9GwrZGLFZm"}
[ Tue Aug 15 2017 16:28:34 GMT+0800 (CST) ] time is 2273
[ Tue Aug 15 2017 16:28:34 GMT+0800 (CST) ] {"err":0,"msg":"Jei4qejCq6YkGAKJYqzwKDBZqCn1YcPu8o"}
[ Tue Aug 15 2017 16:28:34 GMT+0800 (CST) ] time is 2270
[ Tue Aug 15 2017 16:28:34 GMT+0800 (CST) ] {"err":0,"msg":"JhBi9xnMWEnx4TrFEUgEmBVe7Hj53c98Lj"}
[ Tue Aug 15 2017 16:28:34 GMT+0800 (CST) ] time is 2269
[ Tue Aug 15 2017 16:28:34 GMT+0800 (CST) ] {"err":0,"msg":"JfVD3EFBBnBfX8RSMPeYS8AB1Tms5oExAa"}
[ Tue Aug 15 2017 16:28:34 GMT+0800 (CST) ] time is 2265
[ Tue Aug 15 2017 16:28:34 GMT+0800 (CST) ] {"err":0,"msg":"Jc73fp96i9QHpW78aPCYYNPwsLeGYtAk5t"}
[ Tue Aug 15 2017 16:28:34 GMT+0800 (CST) ] time is 2274
[ Tue Aug 15 2017 16:28:34 GMT+0800 (CST) ] {"err":0,"msg":"JQ664D6EbwBsQHvsaNsw1Tya5v4KKnjArR"}
[ Tue Aug 15 2017 16:28:34 GMT+0800 (CST) ] time is 2271
[ Tue Aug 15 2017 16:28:34 GMT+0800 (CST) ] {"err":0,"msg":"JhBCUaJguNE3KzChHMqj7FZvD8ayUGJjzk"}
[ Tue Aug 15 2017 16:28:34 GMT+0800 (CST) ] time is 2270
[ Tue Aug 15 2017 16:28:34 GMT+0800 (CST) ] {"err":0,"msg":"JeqA4fzM8qqpsxYtuXM1H1v7tFGcXXXLcL"}
[ Tue Aug 15 2017 16:28:34 GMT+0800 (CST) ] time is 2266
[ Tue Aug 15 2017 16:28:34 GMT+0800 (CST) ] {"err":0,"msg":"JeDNjr1dQULckCcoKGgdzdiohEpCZNwdys"}
[ Tue Aug 15 2017 16:28:34 GMT+0800 (CST) ] time is 2275
[ Tue Aug 15 2017 16:28:34 GMT+0800 (CST) ] {"err":0,"msg":"JP55tyCxDXgjdXA22trG6VpD1vAoXpmWf4"}
[ Tue Aug 15 2017 16:28:34 GMT+0800 (CST) ] time is 2272
[ Tue Aug 15 2017 16:28:34 GMT+0800 (CST) ] {"err":0,"msg":"JTXK1nxcsdZm994tgQB7cQPu5xkEXXGTFz"}
[ Tue Aug 15 2017 16:28:34 GMT+0800 (CST) ] time is 2271
[ Tue Aug 15 2017 16:28:34 GMT+0800 (CST) ] {"err":0,"msg":"JbdaY9to7Hd6Xg9wqYdfQ3KvuVFr7gchYB"}
[ Tue Aug 15 2017 16:28:34 GMT+0800 (CST) ] time is 2267
[ Tue Aug 15 2017 16:28:34 GMT+0800 (CST) ] {"err":0,"msg":"JbZPwoPckHVvpHvTrgihZtvNWu5yBkpoaN"}
[ Tue Aug 15 2017 16:28:34 GMT+0800 (CST) ] time is 2276
[ Tue Aug 15 2017 16:28:34 GMT+0800 (CST) ] {"err":0,"msg":"JgbM4dBscv9bzMKbcMBo9uHu9sPeMKnKUp"}
[ Tue Aug 15 2017 16:28:34 GMT+0800 (CST) ] time is 2273
[ Tue Aug 15 2017 16:28:34 GMT+0800 (CST) ] {"err":0,"msg":"JPDCrMA2UU7H9FTwa7fCGZC4SpH2fhzNqs"}
[ Tue Aug 15 2017 16:28:34 GMT+0800 (CST) ] time is 2272
[ Tue Aug 15 2017 16:28:34 GMT+0800 (CST) ] {"err":0,"msg":"JXBfbYdsByRcFaFNH7HgPjyBkgoeJFr9kQ"}
[ Tue Aug 15 2017 16:28:34 GMT+0800 (CST) ] time is 2268
[ Tue Aug 15 2017 16:28:34 GMT+0800 (CST) ] {"err":0,"msg":"JgqLPtzpCTmzrDhs85Ch94xJJGZks1joJA"}
[ Tue Aug 15 2017 16:28:34 GMT+0800 (CST) ] time is 2277
[ Tue Aug 15 2017 16:28:34 GMT+0800 (CST) ] {"err":0,"msg":"JNLK5w9dQGL9PLoe9JGZHQvunxBMUdi9DX"}
[ Tue Aug 15 2017 16:28:34 GMT+0800 (CST) ] time is 2274
[ Tue Aug 15 2017 16:28:34 GMT+0800 (CST) ] {"err":0,"msg":"Je5uawJxVeHmGPasVhQUytxrU4cxuKt61v"}
[ Tue Aug 15 2017 16:28:34 GMT+0800 (CST) ] time is 2273
[ Tue Aug 15 2017 16:28:34 GMT+0800 (CST) ] {"err":0,"msg":"JP1QMnu6DkUY5WRah7pys7CApkdDRPW9Ko"}
[ Tue Aug 15 2017 16:28:34 GMT+0800 (CST) ] time is 2269
[ Tue Aug 15 2017 16:28:34 GMT+0800 (CST) ] {"err":0,"msg":"JVzRijnbi7jf3ykCrgR2A39mncaEQwSpZb"}
[ Tue Aug 15 2017 16:28:34 GMT+0800 (CST) ] time is 2278
[ Tue Aug 15 2017 16:28:34 GMT+0800 (CST) ] {"err":0,"msg":"JMEx7gypw5g7zinfkRojjvRZUe44aq3par"}
[ Tue Aug 15 2017 16:28:34 GMT+0800 (CST) ] time is 2275
[ Tue Aug 15 2017 16:28:34 GMT+0800 (CST) ] {"err":0,"msg":"Jd3B5nktjqBwpsi8owc41njfUdy975WUZy"}
[ Tue Aug 15 2017 16:28:34 GMT+0800 (CST) ] time is 2274
[ Tue Aug 15 2017 16:28:34 GMT+0800 (CST) ] {"err":0,"msg":"Jf9jNNiXoFTA9Er1S6TJfSk8D2x1bquqzv"}
[ Tue Aug 15 2017 16:28:34 GMT+0800 (CST) ] time is 2270
[ Tue Aug 15 2017 16:28:34 GMT+0800 (CST) ] {"err":0,"msg":"JabixgsYefvKJTFaKkdicd1Hs3xb1SvBmv"}
[ Tue Aug 15 2017 16:28:34 GMT+0800 (CST) ] time is 2279
[ Tue Aug 15 2017 16:28:34 GMT+0800 (CST) ] {"err":0,"msg":"JaP69qUbRyfX72wWbQVWYTLYYHJGLH7ff3"}
[ Tue Aug 15 2017 16:28:34 GMT+0800 (CST) ] time is 2276
[ Tue Aug 15 2017 16:28:34 GMT+0800 (CST) ] {"err":0,"msg":"Jh2WjpMtwRY2qjyvkgT8PJLXxtEa3TiY9Q"}
[ Tue Aug 15 2017 16:28:34 GMT+0800 (CST) ] time is 2280
[ Tue Aug 15 2017 16:28:34 GMT+0800 (CST) ] {"err":0,"msg":"JbAEyMibA8hj73MDSMLte3HraY7y1rFWY4"}
[ Tue Aug 15 2017 16:28:34 GMT+0800 (CST) ] time is 2275
[ Tue Aug 15 2017 16:28:34 GMT+0800 (CST) ] {"err":0,"msg":"JUr4NozEHtJ1oh8vUHWZkNfnJxAzXmTbuw"}
[ Tue Aug 15 2017 16:28:34 GMT+0800 (CST) ] time is 2271
[ Tue Aug 15 2017 16:28:34 GMT+0800 (CST) ] {"err":0,"msg":"JWxhBuErdvx6BkWF5ibETokhj49Moz6iw2"}
[ Tue Aug 15 2017 16:28:34 GMT+0800 (CST) ] time is 2277
[ Tue Aug 15 2017 16:28:34 GMT+0800 (CST) ] {"err":0,"msg":"Jf9gAx9ix43CTEXqz77TQRMRqgAhvGRzjF"}
[ Tue Aug 15 2017 16:28:34 GMT+0800 (CST) ] time is 2276
[ Tue Aug 15 2017 16:28:34 GMT+0800 (CST) ] {"err":0,"msg":"JXpbsLYDH7uGxkFtabG9iymjn3C2VPTuvx"}
[ Tue Aug 15 2017 16:28:34 GMT+0800 (CST) ] time is 2281
[ Tue Aug 15 2017 16:28:34 GMT+0800 (CST) ] {"err":0,"msg":"JZsCk3vBmmTQTVN4VjhdQZu46JJDvJWXW7"}
[ Tue Aug 15 2017 16:28:34 GMT+0800 (CST) ] time is 2272
[ Tue Aug 15 2017 16:28:34 GMT+0800 (CST) ] {"err":0,"msg":"JTTbPRCPEH9MAC2gdePcSZMoSCxkpuyTvV"}
[ Tue Aug 15 2017 16:28:34 GMT+0800 (CST) ] time is 2277
[ Tue Aug 15 2017 16:28:34 GMT+0800 (CST) ] {"err":0,"msg":"JgxPPPh3oRwNKjP93NViftnE9q7bh6TNeo"}
[ Tue Aug 15 2017 16:28:34 GMT+0800 (CST) ] time is 2278
[ Tue Aug 15 2017 16:28:34 GMT+0800 (CST) ] {"err":0,"msg":"JT2W9tixKt65pCWjnb6m8k38ds6zGyaYND"}
[ Tue Aug 15 2017 16:28:34 GMT+0800 (CST) ] time is 2282
[ Tue Aug 15 2017 16:28:34 GMT+0800 (CST) ] {"err":0,"msg":"Jc7aZPT8C36ufWP3Th1bEwaMCoFpeAvjKg"}
[ Tue Aug 15 2017 16:28:34 GMT+0800 (CST) ] time is 2273
[ Tue Aug 15 2017 16:28:34 GMT+0800 (CST) ] {"err":0,"msg":"JPFFmi7g4oTcFjNgbS3qSESdsXbSWxrih2"}
[ Tue Aug 15 2017 16:28:34 GMT+0800 (CST) ] time is 2278
[ Tue Aug 15 2017 16:28:34 GMT+0800 (CST) ] {"err":0,"msg":"JQAsLqhXDTnXKqsQeBF6qfBkgAoHkysxj9"}
[ Tue Aug 15 2017 16:28:34 GMT+0800 (CST) ] time is 2279
[ Tue Aug 15 2017 16:28:34 GMT+0800 (CST) ] {"err":0,"msg":"JVMB84tg9xDdagaqd5kNFgNqYG62NkxbR1"}
[ Tue Aug 15 2017 16:28:34 GMT+0800 (CST) ] time is 2283
[ Tue Aug 15 2017 16:28:34 GMT+0800 (CST) ] {"err":0,"msg":"JcZL8AfpfJfkVMMDBKGsFUPpvmGKFjdkmb"}
[ Tue Aug 15 2017 16:28:34 GMT+0800 (CST) ] time is 2279
[ Tue Aug 15 2017 16:28:34 GMT+0800 (CST) ] {"err":0,"msg":"JMvJz8R3XRvNWNPoVJAfmcaCfeYWT6hzHV"}
[ Tue Aug 15 2017 16:28:34 GMT+0800 (CST) ] time is 2274
[ Tue Aug 15 2017 16:28:34 GMT+0800 (CST) ] {"err":0,"msg":"JTE8R5Tm2bpPQcSiE3LirYsX6588jEyJcV"}
[ Tue Aug 15 2017 16:28:34 GMT+0800 (CST) ] time is 2280
[ Tue Aug 15 2017 16:28:34 GMT+0800 (CST) ] {"err":0,"msg":"JUwuRYFgPzxnUiFGG7yNTR6JTx5qMQwKHc"}
[ Tue Aug 15 2017 16:28:34 GMT+0800 (CST) ] time is 2284
[ Tue Aug 15 2017 16:28:34 GMT+0800 (CST) ] {"err":0,"msg":"JaSVzsg19xikEVd2nz34y354fgD33U8qDG"}
[ Tue Aug 15 2017 16:28:34 GMT+0800 (CST) ] {"err":0,"msg":"JdcFgWMRWYWiDTcNjqFXX17c8stqQxuYrk"}
[ Tue Aug 15 2017 16:28:34 GMT+0800 (CST) ] time is 2280
[ Tue Aug 15 2017 16:28:34 GMT+0800 (CST) ] time is 2275
[ Tue Aug 15 2017 16:28:34 GMT+0800 (CST) ] {"err":0,"msg":"JXZkbuJwUbK9aZ5bKqmFH1YXJpbbh1d2yW"}
[ Tue Aug 15 2017 16:28:34 GMT+0800 (CST) ] time is 2281
[ Tue Aug 15 2017 16:28:34 GMT+0800 (CST) ] {"err":0,"msg":"JMFRJtD5M4zbB1D3VutbDrZpjR68fEf5CH"}
[ Tue Aug 15 2017 16:28:35 GMT+0800 (CST) ] time is 2285
[ Tue Aug 15 2017 16:28:35 GMT+0800 (CST) ] {"err":0,"msg":"JLFp4xH9QCbw7WFSDa1zazHNGLeGdNEdmQ"}
[ Tue Aug 15 2017 16:28:35 GMT+0800 (CST) ] time is 2281
[ Tue Aug 15 2017 16:28:35 GMT+0800 (CST) ] {"err":0,"msg":"JhECCrnCRVTtxQdqzCxTnTippaymD6Ack9"}
[ Tue Aug 15 2017 16:28:35 GMT+0800 (CST) ] time is 2276
[ Tue Aug 15 2017 16:28:35 GMT+0800 (CST) ] {"err":0,"msg":"JTaXSzfr1uC8vvzewdwwJQCbN58cx7rnKD"}
[ Tue Aug 15 2017 16:28:35 GMT+0800 (CST) ] time is 2282
[ Tue Aug 15 2017 16:28:35 GMT+0800 (CST) ] {"err":0,"msg":"JMgEeadRTAbYjaLssA3HDG6wiuFC6wENkG"}
[ Tue Aug 15 2017 16:28:35 GMT+0800 (CST) ] time is 2286
[ Tue Aug 15 2017 16:28:35 GMT+0800 (CST) ] {"err":0,"msg":"JThKpAF9fTx4gpnLZ2BTuZw5tgZGsQCbGu"}
[ Tue Aug 15 2017 16:28:35 GMT+0800 (CST) ] time is 2282
[ Tue Aug 15 2017 16:28:35 GMT+0800 (CST) ] {"err":0,"msg":"JaF9askSi4FyrqSu4hQVupk3kvofXYKKK5"}
[ Tue Aug 15 2017 16:28:35 GMT+0800 (CST) ] time is 2277
[ Tue Aug 15 2017 16:28:35 GMT+0800 (CST) ] {"err":0,"msg":"JNokvMdnrTXdECTCdXdcLjWzQm9w7Gpyie"}
[ Tue Aug 15 2017 16:28:35 GMT+0800 (CST) ] time is 2283
[ Tue Aug 15 2017 16:28:35 GMT+0800 (CST) ] {"err":0,"msg":"JNt3ESsvarCPifEYMvWmkUYFbjXfamJMyV"}
[ Tue Aug 15 2017 16:28:35 GMT+0800 (CST) ] time is 2287
[ Tue Aug 15 2017 16:28:35 GMT+0800 (CST) ] {"err":0,"msg":"JZ5RyNZKSXhGmZvC9BLeh3eAaohbLUxypW"}
[ Tue Aug 15 2017 16:28:35 GMT+0800 (CST) ] time is 2283
[ Tue Aug 15 2017 16:28:35 GMT+0800 (CST) ] {"err":0,"msg":"JaoL3kj6DhcLrtbQCi57Mww1rpg6TEFfjM"}
[ Tue Aug 15 2017 16:28:35 GMT+0800 (CST) ] time is 2278
[ Tue Aug 15 2017 16:28:35 GMT+0800 (CST) ] {"err":0,"msg":"JLVYMJjijkwTjv3Ve83HV27GYud9GbL3Tk"}
[ Tue Aug 15 2017 16:28:35 GMT+0800 (CST) ] time is 2288
[ Tue Aug 15 2017 16:28:35 GMT+0800 (CST) ] {"err":0,"msg":"JR3beyeaTHc6GE7Kd4AmXHVa6aFevXT8NF"}
[ Tue Aug 15 2017 16:28:35 GMT+0800 (CST) ] time is 2284
[ Tue Aug 15 2017 16:28:35 GMT+0800 (CST) ] {"err":0,"msg":"JeH5BjvbFGCMJZFLxPkmRjEWmC1orBPras"}
[ Tue Aug 15 2017 16:28:35 GMT+0800 (CST) ] time is 2284
[ Tue Aug 15 2017 16:28:35 GMT+0800 (CST) ] {"err":0,"msg":"Jgy1DMqFNEwKrqLtLMaChUgm9JnLELsaoJ"}
[ Tue Aug 15 2017 16:28:35 GMT+0800 (CST) ] time is 2279
[ Tue Aug 15 2017 16:28:35 GMT+0800 (CST) ] {"err":0,"msg":"JR8GmUaeR7Nt5d1MXBwmtwHZc1kxmQz46F"}
[ Tue Aug 15 2017 16:28:35 GMT+0800 (CST) ] time is 2285
[ Tue Aug 15 2017 16:28:35 GMT+0800 (CST) ] {"err":0,"msg":"JXd4fFQraZVkP3RuGPTqGzhEccsR7YmAeh"}
[ Tue Aug 15 2017 16:28:35 GMT+0800 (CST) ] time is 2289
[ Tue Aug 15 2017 16:28:35 GMT+0800 (CST) ] {"err":0,"msg":"JWospRbcJTbN1pUcms73xzyEBu1NNPUoL9"}
[ Tue Aug 15 2017 16:28:35 GMT+0800 (CST) ] time is 2285
[ Tue Aug 15 2017 16:28:35 GMT+0800 (CST) ] {"err":0,"msg":"JaUogPHLCKqwFk82i3tEbXkniD9LYUWN5N"}
[ Tue Aug 15 2017 16:28:35 GMT+0800 (CST) ] time is 2280
[ Tue Aug 15 2017 16:28:35 GMT+0800 (CST) ] {"err":0,"msg":"JMfrqpFdPGMyGMnaNvz5G64B3c8jLcwjyB"}
[ Tue Aug 15 2017 16:28:35 GMT+0800 (CST) ] time is 2286
[ Tue Aug 15 2017 16:28:35 GMT+0800 (CST) ] {"err":0,"msg":"JYsWomnECfjVqa268etsAQjgzcgN1F883j"}
[ Tue Aug 15 2017 16:28:35 GMT+0800 (CST) ] time is 2290
[ Tue Aug 15 2017 16:28:35 GMT+0800 (CST) ] {"err":0,"msg":"JZ5akQpbuLx2Ce1Ea7q87Bvgkoz4tn5g5K"}
[ Tue Aug 15 2017 16:28:35 GMT+0800 (CST) ] time is 2286
[ Tue Aug 15 2017 16:28:35 GMT+0800 (CST) ] {"err":0,"msg":"JbxPXFwmoPxdUvwrRBULsrFwJU2jL6PMv4"}
[ Tue Aug 15 2017 16:28:35 GMT+0800 (CST) ] time is 2281
[ Tue Aug 15 2017 16:28:35 GMT+0800 (CST) ] {"err":0,"msg":"JYoAbf9XhsqCxQ7vETpNEyWxDYwfudWyxP"}
[ Tue Aug 15 2017 16:28:35 GMT+0800 (CST) ] time is 2287
[ Tue Aug 15 2017 16:28:35 GMT+0800 (CST) ] {"err":0,"msg":"JX8DJfNarpaAXwXXX3M9GjbQEbET3f73Vv"}
[ Tue Aug 15 2017 16:28:35 GMT+0800 (CST) ] time is 2291
[ Tue Aug 15 2017 16:28:35 GMT+0800 (CST) ] {"err":0,"msg":"JbmcBBKNqbY85qSaXXW32bzwoA9TCbEaFU"}
[ Tue Aug 15 2017 16:28:35 GMT+0800 (CST) ] time is 2287
[ Tue Aug 15 2017 16:28:35 GMT+0800 (CST) ] {"err":0,"msg":"JWencfrtQfjAMLejnCqUu7yJ4qXpZ5VSjx"}
[ Tue Aug 15 2017 16:28:35 GMT+0800 (CST) ] time is 2282
[ Tue Aug 15 2017 16:28:35 GMT+0800 (CST) ] {"err":0,"msg":"JPT9zJHvUQjoBs3UXugj94WmFXYCZnsfWX"}
[ Tue Aug 15 2017 16:28:35 GMT+0800 (CST) ] time is 2288
[ Tue Aug 15 2017 16:28:35 GMT+0800 (CST) ] {"err":0,"msg":"JZaEA3dCxHvhmb7HuFbHTUTR1sqY52Umro"}
[ Tue Aug 15 2017 16:28:35 GMT+0800 (CST) ] time is 2292
[ Tue Aug 15 2017 16:28:35 GMT+0800 (CST) ] {"err":0,"msg":"JZaGg4bgmogkRzhqhXYYeqcmc1n5x4RKnc"}
[ Tue Aug 15 2017 16:28:35 GMT+0800 (CST) ] time is 2288
[ Tue Aug 15 2017 16:28:35 GMT+0800 (CST) ] {"err":0,"msg":"JgvNg46ubJVdU8XAmoyXrshPVDCRvTdauS"}
[ Tue Aug 15 2017 16:28:35 GMT+0800 (CST) ] time is 2283
[ Tue Aug 15 2017 16:28:35 GMT+0800 (CST) ] {"err":0,"msg":"JbL3ZH2Hhpne51XBvJCPfvmBz2agjNJP76"}
[ Tue Aug 15 2017 16:28:35 GMT+0800 (CST) ] time is 2289
[ Tue Aug 15 2017 16:28:35 GMT+0800 (CST) ] {"err":0,"msg":"JaFcFmcXALWwrsRyQR3dPdSRHguWEHnKGi"}
[ Tue Aug 15 2017 16:28:35 GMT+0800 (CST) ] time is 2293
[ Tue Aug 15 2017 16:28:35 GMT+0800 (CST) ] {"err":0,"msg":"JSPiN7mU3mfznbpuqo1eye3Kkhpx6W8uzi"}
[ Tue Aug 15 2017 16:28:35 GMT+0800 (CST) ] time is 2284
[ Tue Aug 15 2017 16:28:35 GMT+0800 (CST) ] {"err":0,"msg":"JYZgEdAX9i1PEyxWjqXY1tRMPDPdexcanJ"}
[ Tue Aug 15 2017 16:28:35 GMT+0800 (CST) ] time is 2289
[ Tue Aug 15 2017 16:28:35 GMT+0800 (CST) ] {"err":0,"msg":"JKXFsRc6GWL7Th1cRpYdGuGDmWSgjZXtTo"}
[ Tue Aug 15 2017 16:28:35 GMT+0800 (CST) ] time is 2290
[ Tue Aug 15 2017 16:28:35 GMT+0800 (CST) ] {"err":0,"msg":"JXczAY6DjgzNpy273hm7Bm31dPxyhSnn68"}
[ Tue Aug 15 2017 16:28:35 GMT+0800 (CST) ] time is 2294
[ Tue Aug 15 2017 16:28:35 GMT+0800 (CST) ] {"err":0,"msg":"Je6msL8XGaeXmddKm2DTEkK46AeTL1Erdg"}
[ Tue Aug 15 2017 16:28:35 GMT+0800 (CST) ] time is 2285
[ Tue Aug 15 2017 16:28:35 GMT+0800 (CST) ] {"err":0,"msg":"JfR9iBH5HugJr7CwehVJ43o7BfzUSUrNe2"}
[ Tue Aug 15 2017 16:28:35 GMT+0800 (CST) ] time is 2290
[ Tue Aug 15 2017 16:28:35 GMT+0800 (CST) ] {"err":0,"msg":"JTr5Mm6M3XNkWF78h3tYF6szdT9XGJgJEC"}
[ Tue Aug 15 2017 16:28:35 GMT+0800 (CST) ] time is 2291
[ Tue Aug 15 2017 16:28:35 GMT+0800 (CST) ] {"err":0,"msg":"JfRJHNELNqNzHmLVtg7MAh34CrzjK4bFgX"}
[ Tue Aug 15 2017 16:28:35 GMT+0800 (CST) ] time is 2295
[ Tue Aug 15 2017 16:28:35 GMT+0800 (CST) ] {"err":0,"msg":"JfxgSegWSWdw9smx4tQUj7b6EYCAM3SDew"}
[ Tue Aug 15 2017 16:28:35 GMT+0800 (CST) ] time is 2286
[ Tue Aug 15 2017 16:28:35 GMT+0800 (CST) ] {"err":0,"msg":"JW6BoJr75o7XFWAWNLMs8wThCatbsQPeh8"}
[ Tue Aug 15 2017 16:28:35 GMT+0800 (CST) ] time is 2291
[ Tue Aug 15 2017 16:28:35 GMT+0800 (CST) ] {"err":0,"msg":"Jf94wqQPrUFf3da5UahcxEQUdnsxsU9Ti8"}
[ Tue Aug 15 2017 16:28:35 GMT+0800 (CST) ] time is 2292
[ Tue Aug 15 2017 16:28:35 GMT+0800 (CST) ] {"err":0,"msg":"JeFSzqkeaC35xLwTNVMbmKxvDsvkJuqgae"}
[ Tue Aug 15 2017 16:28:35 GMT+0800 (CST) ] time is 2296
[ Tue Aug 15 2017 16:28:35 GMT+0800 (CST) ] {"err":0,"msg":"JaEBtrbBZgPxHbKUB5zZAsht6A82jCokqs"}
[ Tue Aug 15 2017 16:28:35 GMT+0800 (CST) ] time is 2287
[ Tue Aug 15 2017 16:28:35 GMT+0800 (CST) ] {"err":0,"msg":"JeHekt5dRwt8NKFpXTgXTjpLrBSMrh94Jb"}
[ Tue Aug 15 2017 16:28:35 GMT+0800 (CST) ] time is 2292
[ Tue Aug 15 2017 16:28:35 GMT+0800 (CST) ] {"err":0,"msg":"JM8iod8YCGcPXaKXUTuTHSJ4mxvKNVpdj6"}
[ Tue Aug 15 2017 16:28:35 GMT+0800 (CST) ] time is 2293
[ Tue Aug 15 2017 16:28:35 GMT+0800 (CST) ] {"err":0,"msg":"Jd83BKXNBRpZ5wKeGpKhv4n7zNUqw5Zkwp"}
[ Tue Aug 15 2017 16:28:35 GMT+0800 (CST) ] time is 2297
[ Tue Aug 15 2017 16:28:35 GMT+0800 (CST) ] {"err":0,"msg":"JbqCkyRjjvzBWvSJaa1Udyaea9VnpbWvRB"}
[ Tue Aug 15 2017 16:28:35 GMT+0800 (CST) ] time is 2288
[ Tue Aug 15 2017 16:28:35 GMT+0800 (CST) ] {"err":0,"msg":"JLBmrNNbR49eFW85EAFRWB6V5LcfejkY7S"}
[ Tue Aug 15 2017 16:28:35 GMT+0800 (CST) ] time is 2293
[ Tue Aug 15 2017 16:28:35 GMT+0800 (CST) ] {"err":0,"msg":"JVh7vYqjUChLhPcrkDePqhG4Sgz1sCQuYJ"}
[ Tue Aug 15 2017 16:28:35 GMT+0800 (CST) ] time is 2294
[ Tue Aug 15 2017 16:28:35 GMT+0800 (CST) ] {"err":0,"msg":"JTCqZaBzbgyVbaYktwQoG5EiDAU5wvuhRU"}
[ Tue Aug 15 2017 16:28:35 GMT+0800 (CST) ] time is 2298
[ Tue Aug 15 2017 16:28:35 GMT+0800 (CST) ] {"err":0,"msg":"JcG8tDyZVk3WmBgN9UcZXQ7Dypm9CB25xR"}
[ Tue Aug 15 2017 16:28:35 GMT+0800 (CST) ] {"err":0,"msg":"JXLxrwrYeSymeP4dmuLzTJmjVyBhZbddYa"}
[ Tue Aug 15 2017 16:28:35 GMT+0800 (CST) ] time is 2289
[ Tue Aug 15 2017 16:28:35 GMT+0800 (CST) ] time is 2294
[ Tue Aug 15 2017 16:28:35 GMT+0800 (CST) ] {"err":0,"msg":"JgDoVkPSoUJAX84tQWFhWpdpuA7cGm38PR"}
[ Tue Aug 15 2017 16:28:35 GMT+0800 (CST) ] time is 2295
[ Tue Aug 15 2017 16:28:35 GMT+0800 (CST) ] {"err":0,"msg":"JK7uj4pPGNmdkznRdMXZ4HEGoXHoGSsHeV"}
[ Tue Aug 15 2017 16:28:35 GMT+0800 (CST) ] time is 2299
[ Tue Aug 15 2017 16:28:35 GMT+0800 (CST) ] {"err":0,"msg":"JY5hvSfNTwaMRRXrzqfnzfZKGWK76SAEm5"}
[ Tue Aug 15 2017 16:28:35 GMT+0800 (CST) ] time is 2290
[ Tue Aug 15 2017 16:28:35 GMT+0800 (CST) ] {"err":0,"msg":"JYtVNtQGBVQyyjMjpbQRFZzHqPqo5FzCXM"}
[ Tue Aug 15 2017 16:28:35 GMT+0800 (CST) ] time is 2295
[ Tue Aug 15 2017 16:28:35 GMT+0800 (CST) ] {"err":0,"msg":"JQV9riPGujcp5eptLVevCH8woUoNbzeUdQ"}
[ Tue Aug 15 2017 16:28:35 GMT+0800 (CST) ] time is 2296
[ Tue Aug 15 2017 16:28:35 GMT+0800 (CST) ] {"err":0,"msg":"JdvtBdFQcv29J1d55KX1fPYcTeTCPimtdd"}
[ Tue Aug 15 2017 16:28:35 GMT+0800 (CST) ] time is 2300
[ Tue Aug 15 2017 16:28:35 GMT+0800 (CST) ] {"err":0,"msg":"JZZE4h2KQxAyngDZtcZkuiZd1jea3e8Hso"}
[ Tue Aug 15 2017 16:28:35 GMT+0800 (CST) ] time is 2291
[ Tue Aug 15 2017 16:28:35 GMT+0800 (CST) ] {"err":0,"msg":"JMXnBwvLsibffteLJreW5DvxJf8zQS6h1w"}
[ Tue Aug 15 2017 16:28:35 GMT+0800 (CST) ] time is 2296
[ Tue Aug 15 2017 16:28:35 GMT+0800 (CST) ] {"err":0,"msg":"JTDsQDX2W3jtAREwyGnkVCYANQtZ5cXTmQ"}
[ Tue Aug 15 2017 16:28:35 GMT+0800 (CST) ] time is 2297
[ Tue Aug 15 2017 16:28:35 GMT+0800 (CST) ] {"err":0,"msg":"JZGJ8Cfe1xz9gkxRyUBxk5nQtzAMGeSiZQ"}
[ Tue Aug 15 2017 16:28:35 GMT+0800 (CST) ] time is 2301
[ Tue Aug 15 2017 16:28:35 GMT+0800 (CST) ] {"err":0,"msg":"JfB8c1aAD8it8qca3pqd54fqMM2bVP74vx"}
[ Tue Aug 15 2017 16:28:36 GMT+0800 (CST) ] time is 2292
[ Tue Aug 15 2017 16:28:36 GMT+0800 (CST) ] {"err":0,"msg":"JT36STZ3Pcc1VYpUCTnCBAUW9QR84RmDDT"}
[ Tue Aug 15 2017 16:28:36 GMT+0800 (CST) ] time is 2297
[ Tue Aug 15 2017 16:28:36 GMT+0800 (CST) ] {"err":0,"msg":"JJuHMyZoQLj5a4U9KrcRD7Us4q7cbojurJ"}
[ Tue Aug 15 2017 16:28:36 GMT+0800 (CST) ] time is 2298
[ Tue Aug 15 2017 16:28:36 GMT+0800 (CST) ] {"err":0,"msg":"JLQ3WCA7vsAmD5WpYcnw8VUWnuaHgT6dii"}
[ Tue Aug 15 2017 16:28:36 GMT+0800 (CST) ] time is 2302
[ Tue Aug 15 2017 16:28:36 GMT+0800 (CST) ] {"err":0,"msg":"JRzqRBXurrkErtzk8kTVVkUEWPubp6HvsF"}
[ Tue Aug 15 2017 16:28:36 GMT+0800 (CST) ] time is 2293
[ Tue Aug 15 2017 16:28:36 GMT+0800 (CST) ] {"err":0,"msg":"Jf3QYDmAV24UTiK3aqdeofs9yK6c7kg5HN"}
[ Tue Aug 15 2017 16:28:36 GMT+0800 (CST) ] time is 2298
[ Tue Aug 15 2017 16:28:36 GMT+0800 (CST) ] {"err":0,"msg":"JUUU1FpQYvQgp5YFJZuY7Z67kiCGieDXEy"}
[ Tue Aug 15 2017 16:28:36 GMT+0800 (CST) ] time is 2299
[ Tue Aug 15 2017 16:28:36 GMT+0800 (CST) ] {"err":0,"msg":"JTwcMurx4HmKRFc4m6BaVQ2GVkjm8Yj2pJ"}
[ Tue Aug 15 2017 16:28:36 GMT+0800 (CST) ] time is 2303
[ Tue Aug 15 2017 16:28:36 GMT+0800 (CST) ] {"err":0,"msg":"JXUspm8m9Y3Sm3ASZNzWQF2jQeP4NoQiBh"}
[ Tue Aug 15 2017 16:28:36 GMT+0800 (CST) ] time is 2294
[ Tue Aug 15 2017 16:28:36 GMT+0800 (CST) ] {"err":0,"msg":"Ja99GAYic8Uy9afBPMCfTddbQPx4ZzWAAf"}
[ Tue Aug 15 2017 16:28:36 GMT+0800 (CST) ] time is 2299
[ Tue Aug 15 2017 16:28:36 GMT+0800 (CST) ] {"err":0,"msg":"JdFuzHUJG5tonm5bFDG8ZMV4dnaDGR1jkd"}
[ Tue Aug 15 2017 16:28:36 GMT+0800 (CST) ] time is 2300
[ Tue Aug 15 2017 16:28:36 GMT+0800 (CST) ] {"err":0,"msg":"JKm835mi59oLCzARtBJz5i32qnny1fdU6Z"}
[ Tue Aug 15 2017 16:28:36 GMT+0800 (CST) ] time is 2304
[ Tue Aug 15 2017 16:28:36 GMT+0800 (CST) ] {"err":0,"msg":"JTNxz9g12dVRZZQ4dJmv3L8zL8bRr5kdJU"}
[ Tue Aug 15 2017 16:28:36 GMT+0800 (CST) ] time is 2295
[ Tue Aug 15 2017 16:28:36 GMT+0800 (CST) ] {"err":0,"msg":"JX2YnY2Jhj2LF5RuEAkmzJXnCVJb8X3exq"}
[ Tue Aug 15 2017 16:28:36 GMT+0800 (CST) ] time is 2300
[ Tue Aug 15 2017 16:28:36 GMT+0800 (CST) ] {"err":0,"msg":"JWaELFyVYs3bxjVBZKFNynwyWjTCf2nxoQ"}
[ Tue Aug 15 2017 16:28:36 GMT+0800 (CST) ] time is 2301
[ Tue Aug 15 2017 16:28:36 GMT+0800 (CST) ] {"err":0,"msg":"JRRHtEfvNXLLn9UJe8EoRVEFKkKgro797r"}
[ Tue Aug 15 2017 16:28:36 GMT+0800 (CST) ] time is 2305
[ Tue Aug 15 2017 16:28:36 GMT+0800 (CST) ] {"err":0,"msg":"JQftcBuRgeTrrS8x4zAemKtVNb3b4dqiLt"}
[ Tue Aug 15 2017 16:28:36 GMT+0800 (CST) ] time is 2296
[ Tue Aug 15 2017 16:28:36 GMT+0800 (CST) ] {"err":0,"msg":"JcLp35HsVDJvKbtma8C6Ky659NHgF3MeL6"}
[ Tue Aug 15 2017 16:28:36 GMT+0800 (CST) ] time is 2302
[ Tue Aug 15 2017 16:28:36 GMT+0800 (CST) ] {"err":0,"msg":"JcZ7NjN63YZFcCNPoApvJFb3f31i4k93qb"}
[ Tue Aug 15 2017 16:28:36 GMT+0800 (CST) ] time is 2301
[ Tue Aug 15 2017 16:28:36 GMT+0800 (CST) ] {"err":0,"msg":"JczC6QzTVNn82vL9Yq4i64DmoZgtxibdJk"}
[ Tue Aug 15 2017 16:28:36 GMT+0800 (CST) ] time is 2306
[ Tue Aug 15 2017 16:28:36 GMT+0800 (CST) ] {"err":0,"msg":"JSvZ6g88Sf9jyU2mj9DPm6MG8R5mGQjRLQ"}
[ Tue Aug 15 2017 16:28:36 GMT+0800 (CST) ] time is 2297
[ Tue Aug 15 2017 16:28:36 GMT+0800 (CST) ] {"err":0,"msg":"JVL1GqZ7u3BajGoTHxv1KE2LQMpKJZNetP"}
[ Tue Aug 15 2017 16:28:36 GMT+0800 (CST) ] time is 2303
[ Tue Aug 15 2017 16:28:36 GMT+0800 (CST) ] {"err":0,"msg":"JPsPpYaTGpb9fLdqNzTpRZXi9DRUJxZH6K"}
[ Tue Aug 15 2017 16:28:36 GMT+0800 (CST) ] time is 2307
[ Tue Aug 15 2017 16:28:36 GMT+0800 (CST) ] {"err":0,"msg":"JcP39y9MdfFpxwxS7mMpUSe33ZRpGjFYas"}
[ Tue Aug 15 2017 16:28:36 GMT+0800 (CST) ] time is 2302
[ Tue Aug 15 2017 16:28:36 GMT+0800 (CST) ] {"err":0,"msg":"JbDu1JcVNGCbqYJPRwVLWh2EFVMsLmronb"}
[ Tue Aug 15 2017 16:28:36 GMT+0800 (CST) ] time is 2298
[ Tue Aug 15 2017 16:28:36 GMT+0800 (CST) ] {"err":0,"msg":"Jbey6k2m2dDrywo7rmHmg5Ngz3MK1jpKui"}
[ Tue Aug 15 2017 16:28:36 GMT+0800 (CST) ] time is 2304
[ Tue Aug 15 2017 16:28:36 GMT+0800 (CST) ] {"err":0,"msg":"JgEK2R3koEDYQ1PmfKKsgya1pKv1x5A38V"}
[ Tue Aug 15 2017 16:28:36 GMT+0800 (CST) ] time is 2308
[ Tue Aug 15 2017 16:28:36 GMT+0800 (CST) ] {"err":0,"msg":"JXAXD4F4X2g3zi3YyGw6gJW4b6U9DocdL9"}
[ Tue Aug 15 2017 16:28:36 GMT+0800 (CST) ] time is 2303
[ Tue Aug 15 2017 16:28:36 GMT+0800 (CST) ] {"err":0,"msg":"JgUQ6kPrywhts2yQ16K3fJ8fwPpzrx9YYT"}
[ Tue Aug 15 2017 16:28:36 GMT+0800 (CST) ] time is 2299
[ Tue Aug 15 2017 16:28:36 GMT+0800 (CST) ] {"err":0,"msg":"JeN66YrxpqsVpp6kSnJh7jbJe9P73Afxby"}
[ Tue Aug 15 2017 16:28:36 GMT+0800 (CST) ] {"err":0,"msg":"JNkgvXBuqcQktMUjFzs8wPLzkzfHMiZZRw"}
[ Tue Aug 15 2017 16:28:36 GMT+0800 (CST) ] time is 2305
[ Tue Aug 15 2017 16:28:36 GMT+0800 (CST) ] time is 2309
[ Tue Aug 15 2017 16:28:36 GMT+0800 (CST) ] {"err":0,"msg":"JQNGFDeHF89pds36CLFH5C1YYgZJGsdZX2"}
[ Tue Aug 15 2017 16:28:36 GMT+0800 (CST) ] time is 2300
[ Tue Aug 15 2017 16:28:36 GMT+0800 (CST) ] {"err":0,"msg":"Jcg3uJ94mwNuBZWbqp3qas2ieStBuGSsVY"}
[ Tue Aug 15 2017 16:28:36 GMT+0800 (CST) ] time is 2304
[ Tue Aug 15 2017 16:28:36 GMT+0800 (CST) ] {"err":0,"msg":"JWPNhYd4rXygW4bgw35VvVCrt84YhA9fWa"}
[ Tue Aug 15 2017 16:28:36 GMT+0800 (CST) ] time is 2306
[ Tue Aug 15 2017 16:28:36 GMT+0800 (CST) ] {"err":0,"msg":"JYqDGahScea79HvcEcd66TGLx9bRLp2PwR"}
[ Tue Aug 15 2017 16:28:36 GMT+0800 (CST) ] time is 2310
[ Tue Aug 15 2017 16:28:36 GMT+0800 (CST) ] {"err":0,"msg":"JgU4qkDM1FkJTyP6EmBDKhg2QSpXygKFop"}
[ Tue Aug 15 2017 16:28:36 GMT+0800 (CST) ] time is 2301
[ Tue Aug 15 2017 16:28:36 GMT+0800 (CST) ] {"err":0,"msg":"JWsEggNVuRooTyabcVbKqZsGrLc7qRSEsw"}
[ Tue Aug 15 2017 16:28:36 GMT+0800 (CST) ] time is 2305
[ Tue Aug 15 2017 16:28:36 GMT+0800 (CST) ] {"err":0,"msg":"JJhPCJ3o7Ns6aap3xFkkBiwRfkWWUpVYaM"}
[ Tue Aug 15 2017 16:28:36 GMT+0800 (CST) ] time is 2307
[ Tue Aug 15 2017 16:28:36 GMT+0800 (CST) ] {"err":0,"msg":"Je7Yw5ZugmzoWUNghAxYwytxqXYTWu2jym"}
[ Tue Aug 15 2017 16:28:36 GMT+0800 (CST) ] time is 2311
[ Tue Aug 15 2017 16:28:36 GMT+0800 (CST) ] {"err":0,"msg":"JXtAxkngwkSSD3oxtB8ZBtACot12bHecWG"}
[ Tue Aug 15 2017 16:28:36 GMT+0800 (CST) ] time is 2306
[ Tue Aug 15 2017 16:28:36 GMT+0800 (CST) ] {"err":0,"msg":"JPzy855LRAmZi8TffEJq6Aw8FT1UxpRSLS"}
[ Tue Aug 15 2017 16:28:36 GMT+0800 (CST) ] time is 2302
[ Tue Aug 15 2017 16:28:36 GMT+0800 (CST) ] {"err":0,"msg":"Jbj9rJWzrwAPmDtGJk72F3Ae3mwqXTdeLn"}
[ Tue Aug 15 2017 16:28:36 GMT+0800 (CST) ] time is 2308
[ Tue Aug 15 2017 16:28:36 GMT+0800 (CST) ] {"err":0,"msg":"JZfvNXXeWrLgknKnx61pDvwnf3auAHSN4E"}
[ Tue Aug 15 2017 16:28:36 GMT+0800 (CST) ] time is 2312
[ Tue Aug 15 2017 16:28:36 GMT+0800 (CST) ] {"err":0,"msg":"JSmEqVnU6ZXxy9X1AUntheBMovLX8mqBCX"}
[ Tue Aug 15 2017 16:28:36 GMT+0800 (CST) ] time is 2307
[ Tue Aug 15 2017 16:28:36 GMT+0800 (CST) ] {"err":0,"msg":"JNkBmUL7P4rmV9iZnP2yQMjUZiAVNSjC8b"}
[ Tue Aug 15 2017 16:28:36 GMT+0800 (CST) ] time is 2303
[ Tue Aug 15 2017 16:28:36 GMT+0800 (CST) ] {"err":0,"msg":"Je2ZCTMaeZKBnFFgKWPPZNgGBFPzLARdHK"}
[ Tue Aug 15 2017 16:28:36 GMT+0800 (CST) ] time is 2309
[ Tue Aug 15 2017 16:28:36 GMT+0800 (CST) ] {"err":0,"msg":"JVB8tFg3MTxNwnZSnkdWHe8YUaCMyqffCC"}
[ Tue Aug 15 2017 16:28:36 GMT+0800 (CST) ] time is 2313
[ Tue Aug 15 2017 16:28:36 GMT+0800 (CST) ] {"err":0,"msg":"JcWCAs8GkiEhctzfRdNPTFV1bb5KTArWJT"}
[ Tue Aug 15 2017 16:28:36 GMT+0800 (CST) ] time is 2308
[ Tue Aug 15 2017 16:28:36 GMT+0800 (CST) ] {"err":0,"msg":"JNhdSxP9V9bUV2HV3Qdjw3u78J5fvMeoQF"}
[ Tue Aug 15 2017 16:28:36 GMT+0800 (CST) ] time is 2304
[ Tue Aug 15 2017 16:28:36 GMT+0800 (CST) ] {"err":0,"msg":"JUKkiidCNbeFtPfAXwsFrdV6QspYALTpjD"}
[ Tue Aug 15 2017 16:28:36 GMT+0800 (CST) ] {"err":0,"msg":"JK78DaKcBKCa16SAuvL3rm1pZ6xzx9MeWe"}
[ Tue Aug 15 2017 16:28:36 GMT+0800 (CST) ] time is 2310
[ Tue Aug 15 2017 16:28:36 GMT+0800 (CST) ] time is 2314
[ Tue Aug 15 2017 16:28:36 GMT+0800 (CST) ] {"err":0,"msg":"Ja2L1ENVhaAmvUxhSDrF14QtZCsReQUyMU"}
[ Tue Aug 15 2017 16:28:36 GMT+0800 (CST) ] time is 2309
[ Tue Aug 15 2017 16:28:36 GMT+0800 (CST) ] {"err":0,"msg":"JcRedaYJ8geyAk7XyXub8RzkhdmhbpKmbj"}
[ Tue Aug 15 2017 16:28:36 GMT+0800 (CST) ] time is 2311
[ Tue Aug 15 2017 16:28:36 GMT+0800 (CST) ] {"err":0,"msg":"JQvMtdyWJorCRjYJGmWuQYDRHMhXbKHaDh"}
[ Tue Aug 15 2017 16:28:36 GMT+0800 (CST) ] time is 2305
[ Tue Aug 15 2017 16:28:36 GMT+0800 (CST) ] {"err":0,"msg":"JheCPinyNsVmLRuQorwg5NECamF3rFi7G6"}
[ Tue Aug 15 2017 16:28:36 GMT+0800 (CST) ] time is 2315
[ Tue Aug 15 2017 16:28:36 GMT+0800 (CST) ] {"err":0,"msg":"JcpreeKmS4CY3saxCfmEkhZBywYfSJhhNu"}
[ Tue Aug 15 2017 16:28:36 GMT+0800 (CST) ] time is 2310
[ Tue Aug 15 2017 16:28:36 GMT+0800 (CST) ] {"err":0,"msg":"JS3HELYmaqnFNPto45NsqnFpHfMW6imZhY"}
[ Tue Aug 15 2017 16:28:36 GMT+0800 (CST) ] time is 2312
[ Tue Aug 15 2017 16:28:36 GMT+0800 (CST) ] {"err":0,"msg":"JLTcSsPU7E5onpkUgz9yrc89Vwh3q27aDX"}
[ Tue Aug 15 2017 16:28:36 GMT+0800 (CST) ] time is 2306
[ Tue Aug 15 2017 16:28:36 GMT+0800 (CST) ] {"err":0,"msg":"JeTDu3XkA7FKeJHCXux8DzDR9pjmpZRVb9"}
[ Tue Aug 15 2017 16:28:36 GMT+0800 (CST) ] time is 2316
[ Tue Aug 15 2017 16:28:36 GMT+0800 (CST) ] {"err":0,"msg":"JTKDV8XWmXbrLTnDyuS3DAs32isAVfcQLS"}
[ Tue Aug 15 2017 16:28:36 GMT+0800 (CST) ] time is 2311
[ Tue Aug 15 2017 16:28:36 GMT+0800 (CST) ] {"err":0,"msg":"Jfn4M1pVrH4GjJAwUJcyMqzGqNMWdVyLSa"}
[ Tue Aug 15 2017 16:28:36 GMT+0800 (CST) ] time is 2313
[ Tue Aug 15 2017 16:28:36 GMT+0800 (CST) ] {"err":0,"msg":"JZfaFWCufde4WZahdEeiFKhxXZEZBA6pFy"}
[ Tue Aug 15 2017 16:28:36 GMT+0800 (CST) ] time is 2307
[ Tue Aug 15 2017 16:28:36 GMT+0800 (CST) ] {"err":0,"msg":"JXkFAxsqkGsKeJyRvvW75mGCvoNgsVd5bg"}
[ Tue Aug 15 2017 16:28:36 GMT+0800 (CST) ] time is 2317
[ Tue Aug 15 2017 16:28:36 GMT+0800 (CST) ] {"err":0,"msg":"JcFs7W6ZnA29P2ZqZUxTG7REdgcRUmXqDA"}
[ Tue Aug 15 2017 16:28:36 GMT+0800 (CST) ] time is 2312
[ Tue Aug 15 2017 16:28:36 GMT+0800 (CST) ] {"err":0,"msg":"JNDkDJ2kc3YsC83K5toQtuSpKYS39fiQak"}
[ Tue Aug 15 2017 16:28:36 GMT+0800 (CST) ] time is 2314
[ Tue Aug 15 2017 16:28:36 GMT+0800 (CST) ] {"err":0,"msg":"JbqFdwueJ4UEqoF85hhBkQ8ufUMfxhpPxk"}
[ Tue Aug 15 2017 16:28:36 GMT+0800 (CST) ] time is 2308
[ Tue Aug 15 2017 16:28:36 GMT+0800 (CST) ] {"err":0,"msg":"JZW2zudBZDeZWoBWsN3tMHx63QZQ4TdCEs"}
[ Tue Aug 15 2017 16:28:36 GMT+0800 (CST) ] time is 2318
[ Tue Aug 15 2017 16:28:36 GMT+0800 (CST) ] {"err":0,"msg":"JLNftN9BKPhC3g9A8jWRuxTBRo8sQhTb81"}
[ Tue Aug 15 2017 16:28:36 GMT+0800 (CST) ] time is 2313
[ Tue Aug 15 2017 16:28:36 GMT+0800 (CST) ] {"err":0,"msg":"JReWc2ocaGkSW7pW5tFHjxiEj6frYjVZtU"}
[ Tue Aug 15 2017 16:28:36 GMT+0800 (CST) ] time is 2315
[ Tue Aug 15 2017 16:28:36 GMT+0800 (CST) ] {"err":0,"msg":"JMf5QK25spBU5DW4X1KVumEycaXw8fCyzz"}
[ Tue Aug 15 2017 16:28:36 GMT+0800 (CST) ] time is 2309
[ Tue Aug 15 2017 16:28:36 GMT+0800 (CST) ] {"err":0,"msg":"JKsFkkC3BBopvw5iKon3zN9EMqqZezFsiA"}
[ Tue Aug 15 2017 16:28:36 GMT+0800 (CST) ] time is 2319
[ Tue Aug 15 2017 16:28:36 GMT+0800 (CST) ] {"err":0,"msg":"JbNVmGSytj7Y7kTfMUJpni2sHJ89oAbPBN"}
[ Tue Aug 15 2017 16:28:36 GMT+0800 (CST) ] time is 2314
[ Tue Aug 15 2017 16:28:36 GMT+0800 (CST) ] {"err":0,"msg":"JbUCwsebpKY8kNB4G6oRs2zW9TGmsaQFkd"}
[ Tue Aug 15 2017 16:28:36 GMT+0800 (CST) ] time is 2316
[ Tue Aug 15 2017 16:28:36 GMT+0800 (CST) ] {"err":0,"msg":"JMaFW6mvUwBvAexmZPLBNwu2MwjBymBPko"}
[ Tue Aug 15 2017 16:28:36 GMT+0800 (CST) ] time is 2310
[ Tue Aug 15 2017 16:28:36 GMT+0800 (CST) ] {"err":0,"msg":"JhGheJYPezz4NJGt3ALGNVcFbjxwscab1a"}
[ Tue Aug 15 2017 16:28:37 GMT+0800 (CST) ] time is 2320
[ Tue Aug 15 2017 16:28:37 GMT+0800 (CST) ] {"err":0,"msg":"JayebhjfNERhz2rFvVh4UPjbmZEdamF7WF"}
[ Tue Aug 15 2017 16:28:37 GMT+0800 (CST) ] time is 2315
[ Tue Aug 15 2017 16:28:37 GMT+0800 (CST) ] {"err":0,"msg":"JPMMxbBi9YDPCyMK3hMmnqMo3qX5SGvoXD"}
[ Tue Aug 15 2017 16:28:37 GMT+0800 (CST) ] time is 2317
[ Tue Aug 15 2017 16:28:37 GMT+0800 (CST) ] {"err":0,"msg":"JdZUoFbnWm8vg84PiuCcLfmvpdM6BEY4a2"}
[ Tue Aug 15 2017 16:28:37 GMT+0800 (CST) ] time is 2311
[ Tue Aug 15 2017 16:28:37 GMT+0800 (CST) ] {"err":0,"msg":"JZ5CLHxQQeD2dscmwaoTN6H3WxECAiqfcR"}
[ Tue Aug 15 2017 16:28:37 GMT+0800 (CST) ] time is 2321
[ Tue Aug 15 2017 16:28:37 GMT+0800 (CST) ] {"err":0,"msg":"JapBRZ3iNhCL2MTyiw6SX3jEqemz5MeYL4"}
[ Tue Aug 15 2017 16:28:37 GMT+0800 (CST) ] time is 2316
[ Tue Aug 15 2017 16:28:37 GMT+0800 (CST) ] {"err":0,"msg":"JJpxydNJtePuSxrE7yqBo3AHFytEjE1AQz"}
[ Tue Aug 15 2017 16:28:37 GMT+0800 (CST) ] time is 2318
[ Tue Aug 15 2017 16:28:37 GMT+0800 (CST) ] {"err":0,"msg":"JK7U7rfLRmBpp7JJmriX1LNSSgu2i8sa6e"}
[ Tue Aug 15 2017 16:28:37 GMT+0800 (CST) ] {"err":0,"msg":"JaWGz2ENXx2Cgr3x38SeN2qnsyszz8Egi4"}
[ Tue Aug 15 2017 16:28:37 GMT+0800 (CST) ] time is 2312
[ Tue Aug 15 2017 16:28:37 GMT+0800 (CST) ] time is 2322
[ Tue Aug 15 2017 16:28:37 GMT+0800 (CST) ] {"err":0,"msg":"Jaos3UqT7YWcwgN9j1FwcoDAEySiaCNPSg"}
[ Tue Aug 15 2017 16:28:37 GMT+0800 (CST) ] {"err":0,"msg":"JbMnBkjzHu9tLtSd4PvTwiHMw1oVSZZxGq"}
[ Tue Aug 15 2017 16:28:37 GMT+0800 (CST) ] time is 2317
[ Tue Aug 15 2017 16:28:37 GMT+0800 (CST) ] time is 2319
[ Tue Aug 15 2017 16:28:37 GMT+0800 (CST) ] {"err":0,"msg":"JMKNpjnBt6Udvs6VCCLPo69eupjwZLYsTH"}
[ Tue Aug 15 2017 16:28:37 GMT+0800 (CST) ] time is 2313
[ Tue Aug 15 2017 16:28:37 GMT+0800 (CST) ] {"err":0,"msg":"JSeR81VFGLXkBwZ4SmYgLTRBWnqSeSxUF8"}
[ Tue Aug 15 2017 16:28:37 GMT+0800 (CST) ] time is 2323
[ Tue Aug 15 2017 16:28:37 GMT+0800 (CST) ] {"err":0,"msg":"JPWmEDYmhi3GvQgqWPYtHYEtaG7EjWfcLi"}
[ Tue Aug 15 2017 16:28:37 GMT+0800 (CST) ] time is 2318
[ Tue Aug 15 2017 16:28:37 GMT+0800 (CST) ] {"err":0,"msg":"JSabrT1y57MMDr9fiNkzrnSRniF7px5n7m"}
[ Tue Aug 15 2017 16:28:37 GMT+0800 (CST) ] time is 2320
[ Tue Aug 15 2017 16:28:37 GMT+0800 (CST) ] {"err":0,"msg":"JgCTXncx92ZYLdBgNA63LM2VH3tfdsHQA9"}
[ Tue Aug 15 2017 16:28:37 GMT+0800 (CST) ] time is 2314
[ Tue Aug 15 2017 16:28:37 GMT+0800 (CST) ] {"err":0,"msg":"JVejhcEr45VfTGxNRyq9AGzZ4vNiyDgPpz"}
[ Tue Aug 15 2017 16:28:37 GMT+0800 (CST) ] time is 2324
[ Tue Aug 15 2017 16:28:37 GMT+0800 (CST) ] {"err":0,"msg":"Je5qZLFsbBwygF7nzZDchkBFmbbftezmPd"}
[ Tue Aug 15 2017 16:28:37 GMT+0800 (CST) ] time is 2319
[ Tue Aug 15 2017 16:28:37 GMT+0800 (CST) ] {"err":0,"msg":"JRGhgb6Bf5sLHmuRCtj9GE1Byr6bDpJU42"}
[ Tue Aug 15 2017 16:28:37 GMT+0800 (CST) ] time is 2321
[ Tue Aug 15 2017 16:28:37 GMT+0800 (CST) ] {"err":0,"msg":"JMz5iHq3VMu5CJHq7p76mB3gn8sZs3BMBJ"}
[ Tue Aug 15 2017 16:28:37 GMT+0800 (CST) ] time is 2325
[ Tue Aug 15 2017 16:28:37 GMT+0800 (CST) ] {"err":0,"msg":"JThHc7iC2pwQta8XyLpDD2D1PrfFVJVRAX"}
[ Tue Aug 15 2017 16:28:37 GMT+0800 (CST) ] time is 2315
[ Tue Aug 15 2017 16:28:37 GMT+0800 (CST) ] {"err":0,"msg":"JhEqY8WBc5shY72AvMDJWZsZizmGYtV7j9"}
[ Tue Aug 15 2017 16:28:37 GMT+0800 (CST) ] time is 2322
[ Tue Aug 15 2017 16:28:37 GMT+0800 (CST) ] {"err":0,"msg":"JRYe2fTDgSfa1Pbnjf4cVSxFScp8KXzfrK"}
[ Tue Aug 15 2017 16:28:37 GMT+0800 (CST) ] time is 2320
[ Tue Aug 15 2017 16:28:37 GMT+0800 (CST) ] {"err":0,"msg":"JZ31yaLeht4Y1RycctGpeoyxJ4dqUGoTMH"}
[ Tue Aug 15 2017 16:28:37 GMT+0800 (CST) ] time is 2326
[ Tue Aug 15 2017 16:28:37 GMT+0800 (CST) ] {"err":0,"msg":"JP9VzgYVemJXR5yEK1xnQVhPBT6ATshj85"}
[ Tue Aug 15 2017 16:28:37 GMT+0800 (CST) ] {"err":0,"msg":"JYgdzKJLfWyLHmajYME8Y3oDsjz7TjuhWh"}
[ Tue Aug 15 2017 16:28:37 GMT+0800 (CST) ] time is 2316
[ Tue Aug 15 2017 16:28:37 GMT+0800 (CST) ] time is 2323
[ Tue Aug 15 2017 16:28:37 GMT+0800 (CST) ] {"err":0,"msg":"Jbfp9TZahzQ7P2KgNVLYr2nGXsu7AWZog5"}
[ Tue Aug 15 2017 16:28:37 GMT+0800 (CST) ] time is 2327
[ Tue Aug 15 2017 16:28:37 GMT+0800 (CST) ] {"err":0,"msg":"JeoAi1MgnyCxWnPyAUxSUURbRkDdgyy6rd"}
[ Tue Aug 15 2017 16:28:37 GMT+0800 (CST) ] time is 2321
[ Tue Aug 15 2017 16:28:37 GMT+0800 (CST) ] {"err":0,"msg":"JVB33tH4pEpXWEGqjEEgZeKxQx9oytdCn9"}
[ Tue Aug 15 2017 16:28:37 GMT+0800 (CST) ] time is 2317
[ Tue Aug 15 2017 16:28:37 GMT+0800 (CST) ] {"err":0,"msg":"JXXhvygKohEuixoZkV2ZVt6r5CTDKbN3TX"}
[ Tue Aug 15 2017 16:28:37 GMT+0800 (CST) ] time is 2324
[ Tue Aug 15 2017 16:28:37 GMT+0800 (CST) ] {"err":0,"msg":"Ja9TVBjPzDfyktotRJwUASdwQUpUV5tkpp"}
[ Tue Aug 15 2017 16:28:37 GMT+0800 (CST) ] time is 2328
[ Tue Aug 15 2017 16:28:37 GMT+0800 (CST) ] {"err":0,"msg":"JhXkepAJ5ddYi9H44p68BTkzUiT2UTJjXJ"}
[ Tue Aug 15 2017 16:28:37 GMT+0800 (CST) ] time is 2322
[ Tue Aug 15 2017 16:28:37 GMT+0800 (CST) ] {"err":0,"msg":"JV4sMHGQi4KFBvVtW1qyqEL6Nj6fzMoWjQ"}
[ Tue Aug 15 2017 16:28:37 GMT+0800 (CST) ] time is 2318
[ Tue Aug 15 2017 16:28:37 GMT+0800 (CST) ] {"err":0,"msg":"JQNAKPo2j6Q5WR6y3qo3hShU9ZBHf57oz6"}
[ Tue Aug 15 2017 16:28:37 GMT+0800 (CST) ] time is 2325
[ Tue Aug 15 2017 16:28:37 GMT+0800 (CST) ] {"err":0,"msg":"JeG49ywgGD7qYg5Ufdmzfg4WzNLVQ5WX5C"}
[ Tue Aug 15 2017 16:28:37 GMT+0800 (CST) ] time is 2329
[ Tue Aug 15 2017 16:28:37 GMT+0800 (CST) ] {"err":0,"msg":"JYG2LRn4gqjRuLRiwff2V9WzWHf2WSewzs"}
[ Tue Aug 15 2017 16:28:37 GMT+0800 (CST) ] time is 2323
[ Tue Aug 15 2017 16:28:37 GMT+0800 (CST) ] {"err":0,"msg":"JafgTzUUa9ZeCrhiCDqzL7ZAY4jjVsHHWc"}
[ Tue Aug 15 2017 16:28:37 GMT+0800 (CST) ] time is 2319
[ Tue Aug 15 2017 16:28:37 GMT+0800 (CST) ] {"err":0,"msg":"JTJwFefUiSn7RdN312wRjiW7ZQ5WkfGHT3"}
[ Tue Aug 15 2017 16:28:37 GMT+0800 (CST) ] time is 2326
[ Tue Aug 15 2017 16:28:37 GMT+0800 (CST) ] {"err":0,"msg":"JeprrnPaMXT6jvEy5Agd5CfTf5WcEmSsYF"}
[ Tue Aug 15 2017 16:28:37 GMT+0800 (CST) ] time is 2330
[ Tue Aug 15 2017 16:28:37 GMT+0800 (CST) ] {"err":0,"msg":"Jd8SBjeDByMsoDhzTN3pLp4gzrBWNNc3Fh"}
[ Tue Aug 15 2017 16:28:37 GMT+0800 (CST) ] time is 2324
[ Tue Aug 15 2017 16:28:37 GMT+0800 (CST) ] {"err":0,"msg":"Jgz5ZCLmhLfY4rrHEKFKvz3rGH8V4p5dFt"}
[ Tue Aug 15 2017 16:28:37 GMT+0800 (CST) ] time is 2320
[ Tue Aug 15 2017 16:28:37 GMT+0800 (CST) ] {"err":0,"msg":"JM25mzQM2oHUa2jvXg7eUU92WpfZCpUL3b"}
[ Tue Aug 15 2017 16:28:37 GMT+0800 (CST) ] time is 2327
[ Tue Aug 15 2017 16:28:37 GMT+0800 (CST) ] {"err":0,"msg":"JcakWJivXSzXrtXWbw6D956c2ENKeJVnAy"}
[ Tue Aug 15 2017 16:28:37 GMT+0800 (CST) ] time is 2331
[ Tue Aug 15 2017 16:28:37 GMT+0800 (CST) ] {"err":0,"msg":"JTcqyp22YW5jAr55U28fFR7WNZz4nxZ5gW"}
[ Tue Aug 15 2017 16:28:37 GMT+0800 (CST) ] time is 2325
[ Tue Aug 15 2017 16:28:37 GMT+0800 (CST) ] {"err":0,"msg":"JMU2Xewg6MtdqLNCx5kz8piNr1LeZkG8Ci"}
[ Tue Aug 15 2017 16:28:37 GMT+0800 (CST) ] time is 2321
[ Tue Aug 15 2017 16:28:37 GMT+0800 (CST) ] {"err":0,"msg":"JMEbpqpvG54AeX9rJJmwmaS9y4wRP1aF6b"}
[ Tue Aug 15 2017 16:28:37 GMT+0800 (CST) ] time is 2328
[ Tue Aug 15 2017 16:28:37 GMT+0800 (CST) ] {"err":0,"msg":"JRvU559cKia3trt6ZtX2cESMz6RcQckqGA"}
[ Tue Aug 15 2017 16:28:37 GMT+0800 (CST) ] time is 2332
[ Tue Aug 15 2017 16:28:37 GMT+0800 (CST) ] {"err":0,"msg":"JSd1R5w3joUH7KJgFQdffT6KL13NYyZQtx"}
[ Tue Aug 15 2017 16:28:37 GMT+0800 (CST) ] time is 2326
[ Tue Aug 15 2017 16:28:37 GMT+0800 (CST) ] {"err":0,"msg":"JgnjoxVLKvX1Dkk9vTsFfoFySR6dCrsQn6"}
[ Tue Aug 15 2017 16:28:37 GMT+0800 (CST) ] time is 2322
[ Tue Aug 15 2017 16:28:37 GMT+0800 (CST) ] {"err":0,"msg":"JT8QSBrisMvsXd6Erg2tpTPfcQEDR5Ki1i"}
[ Tue Aug 15 2017 16:28:37 GMT+0800 (CST) ] time is 2329
[ Tue Aug 15 2017 16:28:37 GMT+0800 (CST) ] {"err":0,"msg":"JKXrAy5csgDvXFi6yQNhBxy35WgttMCU54"}
[ Tue Aug 15 2017 16:28:37 GMT+0800 (CST) ] time is 2333
[ Tue Aug 15 2017 16:28:37 GMT+0800 (CST) ] {"err":0,"msg":"JUJfo47dNUME4tscvkHskBWRMEXP6Tqpa8"}
[ Tue Aug 15 2017 16:28:37 GMT+0800 (CST) ] time is 2327
[ Tue Aug 15 2017 16:28:37 GMT+0800 (CST) ] {"err":0,"msg":"JJbdV3GDzvduLWeZXisapUa2A1fmHx9QXr"}
[ Tue Aug 15 2017 16:28:37 GMT+0800 (CST) ] time is 2323
[ Tue Aug 15 2017 16:28:37 GMT+0800 (CST) ] {"err":0,"msg":"JXjHX6EQuxb5QtmoBEwP8SpQH5MgtRejfm"}
[ Tue Aug 15 2017 16:28:37 GMT+0800 (CST) ] time is 2330
[ Tue Aug 15 2017 16:28:37 GMT+0800 (CST) ] {"err":0,"msg":"JZtMJ2a51MoSQyUhH2cCFknFdWZRzhFi5D"}
[ Tue Aug 15 2017 16:28:37 GMT+0800 (CST) ] time is 2334
[ Tue Aug 15 2017 16:28:37 GMT+0800 (CST) ] {"err":0,"msg":"JQuAw3ZXgMKwZupNJYXpzvdtUAdaMq8RQf"}
[ Tue Aug 15 2017 16:28:37 GMT+0800 (CST) ] time is 2328
[ Tue Aug 15 2017 16:28:37 GMT+0800 (CST) ] {"err":0,"msg":"JeJ5XwKZanTsVbPjqzTnCZ53gqtUe83oSX"}
[ Tue Aug 15 2017 16:28:37 GMT+0800 (CST) ] time is 2324
[ Tue Aug 15 2017 16:28:37 GMT+0800 (CST) ] {"err":0,"msg":"JZC46i1z9XF7vBLKA6k7yNZthqGQU5EvNu"}
[ Tue Aug 15 2017 16:28:37 GMT+0800 (CST) ] time is 2331
[ Tue Aug 15 2017 16:28:37 GMT+0800 (CST) ] {"err":0,"msg":"JXiUfFxnpC1dB4htwDN6vnaT9skLQ91A6v"}
[ Tue Aug 15 2017 16:28:37 GMT+0800 (CST) ] time is 2335
[ Tue Aug 15 2017 16:28:37 GMT+0800 (CST) ] {"err":0,"msg":"JcnmKsBxRM5rnVDYQD6FSteXjoojh4rzmk"}
[ Tue Aug 15 2017 16:28:37 GMT+0800 (CST) ] time is 2329
[ Tue Aug 15 2017 16:28:37 GMT+0800 (CST) ] {"err":0,"msg":"JY6sSM65TtaehF6YpgAPKDrBL46BzZ7ZTG"}
[ Tue Aug 15 2017 16:28:37 GMT+0800 (CST) ] time is 2332
[ Tue Aug 15 2017 16:28:37 GMT+0800 (CST) ] {"err":0,"msg":"JVDgMBCf5hd5GCjjCJckQDHXQhRKkdHxjr"}
[ Tue Aug 15 2017 16:28:37 GMT+0800 (CST) ] time is 2325
[ Tue Aug 15 2017 16:28:37 GMT+0800 (CST) ] {"err":0,"msg":"JbvhnqopK1qeBBxKDoZ4Zppc1dat7xKz7e"}
[ Tue Aug 15 2017 16:28:37 GMT+0800 (CST) ] time is 2336
[ Tue Aug 15 2017 16:28:37 GMT+0800 (CST) ] {"err":0,"msg":"JRPqNLpTxmLL5yqbqGfvXnaADx6e3MPtbw"}
[ Tue Aug 15 2017 16:28:37 GMT+0800 (CST) ] time is 2330
[ Tue Aug 15 2017 16:28:37 GMT+0800 (CST) ] {"err":0,"msg":"JPLQLDvnc6SHESiJaq5eNqKWomM9WJtFbF"}
[ Tue Aug 15 2017 16:28:37 GMT+0800 (CST) ] time is 2333
[ Tue Aug 15 2017 16:28:37 GMT+0800 (CST) ] {"err":0,"msg":"JXpMppUtW721a99SocuHS7RXFKZiuGNM5q"}
[ Tue Aug 15 2017 16:28:37 GMT+0800 (CST) ] time is 2326
[ Tue Aug 15 2017 16:28:37 GMT+0800 (CST) ] {"err":0,"msg":"Jbj7tVCiujKZx7eJNrg9Cr138GRigBXPJD"}
[ Tue Aug 15 2017 16:28:37 GMT+0800 (CST) ] time is 2337
[ Tue Aug 15 2017 16:28:37 GMT+0800 (CST) ] {"err":0,"msg":"JfXbwNRu2uP53xme9daigcjDnqyrHn7Dck"}
[ Tue Aug 15 2017 16:28:37 GMT+0800 (CST) ] time is 2331
[ Tue Aug 15 2017 16:28:37 GMT+0800 (CST) ] {"err":0,"msg":"JfM4mYbt3kBXdf2VSyAGpMXkkcyprGLMGf"}
[ Tue Aug 15 2017 16:28:38 GMT+0800 (CST) ] time is 2334
[ Tue Aug 15 2017 16:28:38 GMT+0800 (CST) ] {"err":0,"msg":"JcTaDkEiAyGmneV3VJNf7xioNH5G32FL5Z"}
[ Tue Aug 15 2017 16:28:38 GMT+0800 (CST) ] time is 2327
[ Tue Aug 15 2017 16:28:38 GMT+0800 (CST) ] {"err":0,"msg":"JTnk1cTQqs3cuJtzja8okC6X17m3HXpzoS"}
[ Tue Aug 15 2017 16:28:38 GMT+0800 (CST) ] time is 2338
[ Tue Aug 15 2017 16:28:38 GMT+0800 (CST) ] {"err":0,"msg":"JQLjfUraFfQYkpWP8iSdMwZ8or8oVLz8Bp"}
[ Tue Aug 15 2017 16:28:38 GMT+0800 (CST) ] {"err":0,"msg":"JK1VpACp1iyUYygkaVKCwsgyNtYUwEgXaP"}
[ Tue Aug 15 2017 16:28:38 GMT+0800 (CST) ] time is 2332
[ Tue Aug 15 2017 16:28:38 GMT+0800 (CST) ] time is 2335
[ Tue Aug 15 2017 16:28:38 GMT+0800 (CST) ] {"err":0,"msg":"JVmnZUGHtsr4WG9yYYbWgFmMpHkw18Xd2w"}
[ Tue Aug 15 2017 16:28:38 GMT+0800 (CST) ] {"err":0,"msg":"JhX5w2hoAbK2XsqktnkkZ54PWzQ13vbdRt"}
[ Tue Aug 15 2017 16:28:38 GMT+0800 (CST) ] time is 2339
[ Tue Aug 15 2017 16:28:38 GMT+0800 (CST) ] time is 2328
[ Tue Aug 15 2017 16:28:38 GMT+0800 (CST) ] {"err":0,"msg":"JPwjqCpVJehXCLujxEq5qbGnqp73REUD7E"}
[ Tue Aug 15 2017 16:28:38 GMT+0800 (CST) ] time is 2333
[ Tue Aug 15 2017 16:28:38 GMT+0800 (CST) ] {"err":0,"msg":"JeNmkVpq3uoZugKogTKfsh2AmMgvdYwRbD"}
[ Tue Aug 15 2017 16:28:38 GMT+0800 (CST) ] time is 2340
[ Tue Aug 15 2017 16:28:38 GMT+0800 (CST) ] {"err":0,"msg":"JSALgCsbatoq5FqwReLDtK2n3hL2yXfMLS"}
[ Tue Aug 15 2017 16:28:38 GMT+0800 (CST) ] time is 2336
[ Tue Aug 15 2017 16:28:38 GMT+0800 (CST) ] {"err":0,"msg":"JM3TLHpNbwWStiPquQxfgBa314PUo8SQ7v"}
[ Tue Aug 15 2017 16:28:38 GMT+0800 (CST) ] time is 2329
[ Tue Aug 15 2017 16:28:38 GMT+0800 (CST) ] {"err":0,"msg":"JJiiCUPhqSPsn7o7XbzG3pU2UYJNguupBR"}
[ Tue Aug 15 2017 16:28:38 GMT+0800 (CST) ] time is 2334
[ Tue Aug 15 2017 16:28:38 GMT+0800 (CST) ] {"err":0,"msg":"JZQYnoPGU2VaBN2gQPA4KJHnanVxHRqYzX"}
[ Tue Aug 15 2017 16:28:38 GMT+0800 (CST) ] time is 2341
[ Tue Aug 15 2017 16:28:38 GMT+0800 (CST) ] {"err":0,"msg":"JhLVCpGjPUCSEpCDixsQNBbTxZeRk9Kni3"}
[ Tue Aug 15 2017 16:28:38 GMT+0800 (CST) ] time is 2337
[ Tue Aug 15 2017 16:28:38 GMT+0800 (CST) ] {"err":0,"msg":"JfDcchjqjJr284pLCnyDEzNAbxyz4DeJE4"}
[ Tue Aug 15 2017 16:28:38 GMT+0800 (CST) ] time is 2330
[ Tue Aug 15 2017 16:28:38 GMT+0800 (CST) ] {"err":0,"msg":"JLyXb1Wf4Lcfof95fzoE8GULQvdEcZk3Hn"}
[ Tue Aug 15 2017 16:28:38 GMT+0800 (CST) ] time is 2335
[ Tue Aug 15 2017 16:28:38 GMT+0800 (CST) ] {"err":0,"msg":"JJb6NMwHeNpq4etPV5YoGsTgoSyBAA8V17"}
[ Tue Aug 15 2017 16:28:38 GMT+0800 (CST) ] time is 2338
[ Tue Aug 15 2017 16:28:38 GMT+0800 (CST) ] {"err":0,"msg":"JRJQ9uQp82U6TF3Mkp5cd3kG3hCBkteXvh"}
[ Tue Aug 15 2017 16:28:38 GMT+0800 (CST) ] time is 2342
[ Tue Aug 15 2017 16:28:38 GMT+0800 (CST) ] {"err":0,"msg":"JS2ZcxG2iZrVcQ9LXjFbUHtUWTmkaeKYUg"}
[ Tue Aug 15 2017 16:28:38 GMT+0800 (CST) ] time is 2331
[ Tue Aug 15 2017 16:28:38 GMT+0800 (CST) ] {"err":0,"msg":"JggZV8o1rmwGaSEfSrXcUbBTn8FFepzKK7"}
[ Tue Aug 15 2017 16:28:38 GMT+0800 (CST) ] time is 2336
[ Tue Aug 15 2017 16:28:38 GMT+0800 (CST) ] {"err":0,"msg":"JJtT9rjnnh26LzcF1cnvL3d4BJ6cSftzWt"}
[ Tue Aug 15 2017 16:28:38 GMT+0800 (CST) ] time is 2343
[ Tue Aug 15 2017 16:28:38 GMT+0800 (CST) ] {"err":0,"msg":"JJp6zDJE8qRBiwuPf3FaWRJUVXdCxXnY1X"}
[ Tue Aug 15 2017 16:28:38 GMT+0800 (CST) ] time is 2339
[ Tue Aug 15 2017 16:28:38 GMT+0800 (CST) ] {"err":0,"msg":"JN8QzvbPxUBJAXXvx6AeDhj5wt5HiqY9UY"}
[ Tue Aug 15 2017 16:28:38 GMT+0800 (CST) ] time is 2332
[ Tue Aug 15 2017 16:28:38 GMT+0800 (CST) ] {"err":0,"msg":"JQDnS3ygxwDwAhxGJDCtREZqNo6h7vwyHj"}
[ Tue Aug 15 2017 16:28:38 GMT+0800 (CST) ] time is 2337
[ Tue Aug 15 2017 16:28:38 GMT+0800 (CST) ] {"err":0,"msg":"JM2P7XdRPJq94C3xCmnkoPBn35qf6ttL7r"}
[ Tue Aug 15 2017 16:28:38 GMT+0800 (CST) ] time is 2340
[ Tue Aug 15 2017 16:28:38 GMT+0800 (CST) ] {"err":0,"msg":"JUS37qzghzdFssrfiVEAc8MT4ytuNJB7Db"}
[ Tue Aug 15 2017 16:28:38 GMT+0800 (CST) ] time is 2344
[ Tue Aug 15 2017 16:28:38 GMT+0800 (CST) ] {"err":0,"msg":"JS27LEffgB4f5i5cwDcWonaysnRvzdPqsW"}
[ Tue Aug 15 2017 16:28:38 GMT+0800 (CST) ] {"err":0,"msg":"JgF1fSevUJpfGueQwLAuGVTu6rpR9BXzAq"}
[ Tue Aug 15 2017 16:28:38 GMT+0800 (CST) ] time is 2333
[ Tue Aug 15 2017 16:28:38 GMT+0800 (CST) ] time is 2338
[ Tue Aug 15 2017 16:28:38 GMT+0800 (CST) ] {"err":0,"msg":"JTH1BqsXZTWqYrQd9uBmf8kRzkHQj3Fqva"}
[ Tue Aug 15 2017 16:28:38 GMT+0800 (CST) ] time is 2341
[ Tue Aug 15 2017 16:28:38 GMT+0800 (CST) ] {"err":0,"msg":"JSLqZzJnXXsNRLqP66GwQao19RCYnASpfJ"}
[ Tue Aug 15 2017 16:28:38 GMT+0800 (CST) ] time is 2345
[ Tue Aug 15 2017 16:28:38 GMT+0800 (CST) ] {"err":0,"msg":"JZerjE9EqJFk2Mah5SsHoXumWudkpdBFum"}
[ Tue Aug 15 2017 16:28:38 GMT+0800 (CST) ] time is 2334
[ Tue Aug 15 2017 16:28:38 GMT+0800 (CST) ] {"err":0,"msg":"JSeeq2bSR78NW13CWugAQTXyZLM6Kih9XX"}
[ Tue Aug 15 2017 16:28:38 GMT+0800 (CST) ] time is 2339
[ Tue Aug 15 2017 16:28:38 GMT+0800 (CST) ] {"err":0,"msg":"JTH38VpStJjmBm4YN8LCzzjaZwvEdoMLJE"}
[ Tue Aug 15 2017 16:28:38 GMT+0800 (CST) ] time is 2342
[ Tue Aug 15 2017 16:28:38 GMT+0800 (CST) ] {"err":0,"msg":"JRVpPuZvztv2oTahA4mvBpfgcuivcvfFib"}
[ Tue Aug 15 2017 16:28:38 GMT+0800 (CST) ] time is 2346
[ Tue Aug 15 2017 16:28:38 GMT+0800 (CST) ] {"err":0,"msg":"Jg6hu7fsUNbiGbtNC7pGNuBaeFw8cihR4W"}
[ Tue Aug 15 2017 16:28:38 GMT+0800 (CST) ] time is 2335
[ Tue Aug 15 2017 16:28:38 GMT+0800 (CST) ] {"err":0,"msg":"JYpYMnfmGFhuSotqNJ15AcxY5zZErjdLWF"}
[ Tue Aug 15 2017 16:28:38 GMT+0800 (CST) ] time is 2340
[ Tue Aug 15 2017 16:28:38 GMT+0800 (CST) ] {"err":0,"msg":"JfcXqUkk6AxVnQN5gD5ub1v5PfsCY5QrKw"}
[ Tue Aug 15 2017 16:28:38 GMT+0800 (CST) ] time is 2343
[ Tue Aug 15 2017 16:28:38 GMT+0800 (CST) ] {"err":0,"msg":"JQZs7H5FALdvdY5t4Cf7Q7zRWa3B2vtJHU"}
[ Tue Aug 15 2017 16:28:38 GMT+0800 (CST) ] time is 2347
[ Tue Aug 15 2017 16:28:38 GMT+0800 (CST) ] {"err":0,"msg":"JaiJQYtY3QSvVzKfZpqcLtZAEMnj5Ryuzu"}
[ Tue Aug 15 2017 16:28:38 GMT+0800 (CST) ] time is 2336
[ Tue Aug 15 2017 16:28:38 GMT+0800 (CST) ] {"err":0,"msg":"JcQGKkuES2dooCLGwPmHe5tpZAp9gnqfUx"}
[ Tue Aug 15 2017 16:28:38 GMT+0800 (CST) ] time is 2341
[ Tue Aug 15 2017 16:28:38 GMT+0800 (CST) ] {"err":0,"msg":"JdnHA1VrNsFVZb4JNdSDyYedNF8L1SgXUv"}
[ Tue Aug 15 2017 16:28:38 GMT+0800 (CST) ] time is 2344
[ Tue Aug 15 2017 16:28:38 GMT+0800 (CST) ] {"err":0,"msg":"JLV3UFtNZCFVXCVcLGpVBYPrST7AM2foNW"}
[ Tue Aug 15 2017 16:28:38 GMT+0800 (CST) ] time is 2348
[ Tue Aug 15 2017 16:28:38 GMT+0800 (CST) ] {"err":0,"msg":"JhdibtXm63fAAWVLrZbHnuWxGa3tZPCLKh"}
[ Tue Aug 15 2017 16:28:38 GMT+0800 (CST) ] time is 2337
[ Tue Aug 15 2017 16:28:38 GMT+0800 (CST) ] {"err":0,"msg":"JWJUf5BbVPFXi8AkypUYEgLgXochx3ADCG"}
[ Tue Aug 15 2017 16:28:38 GMT+0800 (CST) ] time is 2342
[ Tue Aug 15 2017 16:28:38 GMT+0800 (CST) ] {"err":0,"msg":"JeeBaSCjc4sBQGgZ9fzxAFRctjzQemuL6Z"}
[ Tue Aug 15 2017 16:28:38 GMT+0800 (CST) ] time is 2345
[ Tue Aug 15 2017 16:28:38 GMT+0800 (CST) ] {"err":0,"msg":"JK91XXGrkG8fvUPup5RD1LYmr6Zdgp8Lms"}
[ Tue Aug 15 2017 16:28:38 GMT+0800 (CST) ] time is 2349
[ Tue Aug 15 2017 16:28:38 GMT+0800 (CST) ] {"err":0,"msg":"JJt2ZHKjjdKMeN233cB25yfmd4GGG3q9Yp"}
[ Tue Aug 15 2017 16:28:38 GMT+0800 (CST) ] time is 2338
[ Tue Aug 15 2017 16:28:38 GMT+0800 (CST) ] {"err":0,"msg":"JfXzBNhJUMuL8zmXTLBJ3S5RsXt3jXNqes"}
[ Tue Aug 15 2017 16:28:38 GMT+0800 (CST) ] time is 2343
[ Tue Aug 15 2017 16:28:38 GMT+0800 (CST) ] {"err":0,"msg":"JLzdVWEfnVwC9KG6otNwdWfefqoPs784qP"}
[ Tue Aug 15 2017 16:28:38 GMT+0800 (CST) ] time is 2346
[ Tue Aug 15 2017 16:28:38 GMT+0800 (CST) ] {"err":0,"msg":"JVqVUdXWUhb5UeiXrzv9DxVZ5x36Py1Z2z"}
[ Tue Aug 15 2017 16:28:38 GMT+0800 (CST) ] time is 2350
[ Tue Aug 15 2017 16:28:38 GMT+0800 (CST) ] {"err":0,"msg":"Jc75sTwo876gMzxHMXfGqJWYq2nVswcZpG"}
[ Tue Aug 15 2017 16:28:38 GMT+0800 (CST) ] time is 2339
[ Tue Aug 15 2017 16:28:38 GMT+0800 (CST) ] {"err":0,"msg":"JZVoTK7NFfNQfZTVCuvx9gS8VmjFcRmJBU"}
[ Tue Aug 15 2017 16:28:38 GMT+0800 (CST) ] time is 2344
[ Tue Aug 15 2017 16:28:38 GMT+0800 (CST) ] {"err":0,"msg":"JgCbUwG8cA7b98d29AFZFLj36Nh3emUmV8"}
[ Tue Aug 15 2017 16:28:38 GMT+0800 (CST) ] time is 2347
[ Tue Aug 15 2017 16:28:38 GMT+0800 (CST) ] {"err":0,"msg":"JhTB1d8gT1cBb6i4WmiF9BgDcYyCgHCQHF"}
[ Tue Aug 15 2017 16:28:38 GMT+0800 (CST) ] time is 2351
[ Tue Aug 15 2017 16:28:38 GMT+0800 (CST) ] {"err":0,"msg":"JZgXMU4Nxwk31ADCnXkr2XLK9J1wrp338M"}
[ Tue Aug 15 2017 16:28:38 GMT+0800 (CST) ] time is 2340
[ Tue Aug 15 2017 16:28:38 GMT+0800 (CST) ] {"err":0,"msg":"JPTU53k8YkZts4VYqPPHroERSMRa8QamEd"}
[ Tue Aug 15 2017 16:28:38 GMT+0800 (CST) ] time is 2345
[ Tue Aug 15 2017 16:28:38 GMT+0800 (CST) ] {"err":0,"msg":"Jc9wDPmHHuSJM4XHPEVb4S6AzepuMiBUxb"}
[ Tue Aug 15 2017 16:28:38 GMT+0800 (CST) ] time is 2348
[ Tue Aug 15 2017 16:28:38 GMT+0800 (CST) ] {"err":0,"msg":"JYNx3PuSaxHZY7unDr2vJUaXNm2dKmzWha"}
[ Tue Aug 15 2017 16:28:38 GMT+0800 (CST) ] time is 2352
[ Tue Aug 15 2017 16:28:38 GMT+0800 (CST) ] {"err":0,"msg":"JYNKdSwfseefrTm73wbFkEfizTm79pNAb2"}
[ Tue Aug 15 2017 16:28:38 GMT+0800 (CST) ] time is 2341
[ Tue Aug 15 2017 16:28:38 GMT+0800 (CST) ] {"err":0,"msg":"JPYup3AmHparQkZfx5TviZ39oLte1L68no"}
[ Tue Aug 15 2017 16:28:38 GMT+0800 (CST) ] time is 2346
[ Tue Aug 15 2017 16:28:38 GMT+0800 (CST) ] {"err":0,"msg":"Jaxey3Z3YsqnSVqEQsqBMaRPtQYW493Vd5"}
[ Tue Aug 15 2017 16:28:38 GMT+0800 (CST) ] time is 2349
[ Tue Aug 15 2017 16:28:38 GMT+0800 (CST) ] {"err":0,"msg":"Jedjt9ES9rpabcTgKFVaCokUtRreShtsjj"}
[ Tue Aug 15 2017 16:28:38 GMT+0800 (CST) ] time is 2353
[ Tue Aug 15 2017 16:28:38 GMT+0800 (CST) ] {"err":0,"msg":"JPxo4u9Ak7W1irmTkbeoQPQ6KLpqpKfWXa"}
[ Tue Aug 15 2017 16:28:38 GMT+0800 (CST) ] time is 2342
[ Tue Aug 15 2017 16:28:38 GMT+0800 (CST) ] {"err":0,"msg":"JXa97dY31r8RHGerRQivfbYnY82fFUeZhL"}
[ Tue Aug 15 2017 16:28:38 GMT+0800 (CST) ] time is 2347
[ Tue Aug 15 2017 16:28:38 GMT+0800 (CST) ] {"err":0,"msg":"JcnjH5VHxvnmPWPjLuDZ5mrmTpvFpGGGoh"}
[ Tue Aug 15 2017 16:28:38 GMT+0800 (CST) ] time is 2350
[ Tue Aug 15 2017 16:28:38 GMT+0800 (CST) ] {"err":0,"msg":"JKFbEJWQz13exfcitS6BZsZAX2aexkQ6WU"}
[ Tue Aug 15 2017 16:28:38 GMT+0800 (CST) ] time is 2354
[ Tue Aug 15 2017 16:28:38 GMT+0800 (CST) ] {"err":0,"msg":"JdKJLnAcncZGGW2S1EYrv41hCrofYhtSX7"}
[ Tue Aug 15 2017 16:28:38 GMT+0800 (CST) ] time is 2343
[ Tue Aug 15 2017 16:28:38 GMT+0800 (CST) ] {"err":0,"msg":"JhJYUtve8GAgdqyCB2zGT12XrqxZf82VVH"}
[ Tue Aug 15 2017 16:28:38 GMT+0800 (CST) ] time is 2348
[ Tue Aug 15 2017 16:28:38 GMT+0800 (CST) ] {"err":0,"msg":"JWjcTQKXYSTa3XTnp9EZuj23kF1TFY3m1g"}
[ Tue Aug 15 2017 16:28:38 GMT+0800 (CST) ] time is 2351
[ Tue Aug 15 2017 16:28:38 GMT+0800 (CST) ] {"err":0,"msg":"JgmUvKNdwyALA8AQJSzo1GhVe7nN2suDcs"}
[ Tue Aug 15 2017 16:28:38 GMT+0800 (CST) ] time is 2355
[ Tue Aug 15 2017 16:28:38 GMT+0800 (CST) ] {"err":0,"msg":"JUYpFe6PQKBXzTAkeKZVViQmSTbufTYFU6"}
[ Tue Aug 15 2017 16:28:38 GMT+0800 (CST) ] time is 2344
[ Tue Aug 15 2017 16:28:38 GMT+0800 (CST) ] {"err":0,"msg":"JJoYHLhuXQN8nmJjoTcdf3GW3d59SWnnkA"}
[ Tue Aug 15 2017 16:28:38 GMT+0800 (CST) ] time is 2349
[ Tue Aug 15 2017 16:28:38 GMT+0800 (CST) ] {"err":0,"msg":"Jfzisn1jffzzBUsHYbiKXSsF7PJ11T3RqL"}
[ Tue Aug 15 2017 16:28:39 GMT+0800 (CST) ] time is 2352
[ Tue Aug 15 2017 16:28:39 GMT+0800 (CST) ] {"err":0,"msg":"JPw6NAoSxczrWLRNAtV6Gs9QQgbK4pmKQ9"}
[ Tue Aug 15 2017 16:28:39 GMT+0800 (CST) ] time is 2356
[ Tue Aug 15 2017 16:28:39 GMT+0800 (CST) ] {"err":0,"msg":"Jfm7QUW5Muy62WyThd2izrhTyQW88Xgcsh"}
[ Tue Aug 15 2017 16:28:39 GMT+0800 (CST) ] time is 2345
[ Tue Aug 15 2017 16:28:39 GMT+0800 (CST) ] {"err":0,"msg":"Jb7i8611qPdp4UfgPUcPBjSXUWoM2MJ1c6"}
[ Tue Aug 15 2017 16:28:39 GMT+0800 (CST) ] time is 2350
[ Tue Aug 15 2017 16:28:39 GMT+0800 (CST) ] {"err":0,"msg":"JTMpUKVHfpUsS3fzeqQrxxKzivdbLW5pnL"}
[ Tue Aug 15 2017 16:28:39 GMT+0800 (CST) ] time is 2353
[ Tue Aug 15 2017 16:28:39 GMT+0800 (CST) ] {"err":0,"msg":"JamUDP4ZvfZoGHx9VbZJmYBtoDqKj5LDDp"}
[ Tue Aug 15 2017 16:28:39 GMT+0800 (CST) ] time is 2357
[ Tue Aug 15 2017 16:28:39 GMT+0800 (CST) ] {"err":0,"msg":"JPKGhyftZPLDYmJi31JfhTJzvE3U72gJz8"}
[ Tue Aug 15 2017 16:28:39 GMT+0800 (CST) ] time is 2346
[ Tue Aug 15 2017 16:28:39 GMT+0800 (CST) ] {"err":0,"msg":"JcNEpaYMbBLLfLCcqVwDK8ek6BU1t9NAKm"}
[ Tue Aug 15 2017 16:28:39 GMT+0800 (CST) ] time is 2351
[ Tue Aug 15 2017 16:28:39 GMT+0800 (CST) ] {"err":0,"msg":"JNBoN2pUSXamn3gfQYKnXpwgyAmGxgw6LJ"}
[ Tue Aug 15 2017 16:28:39 GMT+0800 (CST) ] time is 2354
[ Tue Aug 15 2017 16:28:39 GMT+0800 (CST) ] {"err":0,"msg":"JhjAXP1a4Rm12zRrW3EVLgiLfbF2tQ4c8R"}
[ Tue Aug 15 2017 16:28:39 GMT+0800 (CST) ] time is 2358
[ Tue Aug 15 2017 16:28:39 GMT+0800 (CST) ] {"err":0,"msg":"JcmGWpsvHbQvh5P4jLYJjpzgtehTPYvEDc"}
[ Tue Aug 15 2017 16:28:39 GMT+0800 (CST) ] time is 2347
[ Tue Aug 15 2017 16:28:39 GMT+0800 (CST) ] {"err":0,"msg":"Jcz9kMXD7kmYLuRUHeyx8YK13BvZQ1ReFV"}
[ Tue Aug 15 2017 16:28:39 GMT+0800 (CST) ] time is 2355
[ Tue Aug 15 2017 16:28:39 GMT+0800 (CST) ] {"err":0,"msg":"JUbL8f8cBoSYYLCpyGeUHcFPpgWgRiWffG"}
[ Tue Aug 15 2017 16:28:39 GMT+0800 (CST) ] time is 2352
[ Tue Aug 15 2017 16:28:39 GMT+0800 (CST) ] {"err":0,"msg":"JZotouU35hF7WQFEFDzMspvyNwTPXJiFSN"}
[ Tue Aug 15 2017 16:28:39 GMT+0800 (CST) ] time is 2359
[ Tue Aug 15 2017 16:28:39 GMT+0800 (CST) ] {"err":0,"msg":"JXbDznNNQL4sp2ekDBP9cbPsfmMwgWQKiU"}
[ Tue Aug 15 2017 16:28:39 GMT+0800 (CST) ] time is 2348
[ Tue Aug 15 2017 16:28:39 GMT+0800 (CST) ] {"err":0,"msg":"JLFdRJh1HX43vnrQvuyzpgn8EaKrGtjUCK"}
[ Tue Aug 15 2017 16:28:39 GMT+0800 (CST) ] time is 2356
[ Tue Aug 15 2017 16:28:39 GMT+0800 (CST) ] {"err":0,"msg":"JWp5i8na5Ti2frsd1msYjsD7XKUWNrwBeQ"}
[ Tue Aug 15 2017 16:28:39 GMT+0800 (CST) ] time is 2353
[ Tue Aug 15 2017 16:28:39 GMT+0800 (CST) ] {"err":0,"msg":"JQpeYN6FcUpEXf7h6koAZDRBHKfbiJY4xd"}
[ Tue Aug 15 2017 16:28:39 GMT+0800 (CST) ] time is 2360
[ Tue Aug 15 2017 16:28:39 GMT+0800 (CST) ] {"err":0,"msg":"Jc65gJWBVjnsECeBGwTkLEksVvVMXC8Bnh"}
[ Tue Aug 15 2017 16:28:39 GMT+0800 (CST) ] time is 2349
[ Tue Aug 15 2017 16:28:39 GMT+0800 (CST) ] {"err":0,"msg":"JRcLqDWoGz4ZSTjhZL6otAZ9dA4GJ6fscG"}
[ Tue Aug 15 2017 16:28:39 GMT+0800 (CST) ] time is 2357
[ Tue Aug 15 2017 16:28:39 GMT+0800 (CST) ] {"err":0,"msg":"Jf8uRjPL9ohPhMqmdqXw6qpRGQn3VK8Rt4"}
[ Tue Aug 15 2017 16:28:39 GMT+0800 (CST) ] time is 2354
[ Tue Aug 15 2017 16:28:39 GMT+0800 (CST) ] {"err":0,"msg":"Jc6kTB6epUtUmoh97twSrsdC7N3cerCUUQ"}
[ Tue Aug 15 2017 16:28:39 GMT+0800 (CST) ] time is 2361
[ Tue Aug 15 2017 16:28:39 GMT+0800 (CST) ] {"err":0,"msg":"JM5E4MozohukhDfdvxYFrX6WujDG7A1wtt"}
[ Tue Aug 15 2017 16:28:39 GMT+0800 (CST) ] time is 2350
[ Tue Aug 15 2017 16:28:39 GMT+0800 (CST) ] {"err":0,"msg":"JctwWQ6fdL4jxW4inpX2Ld1KL9jLU7V2MQ"}
[ Tue Aug 15 2017 16:28:39 GMT+0800 (CST) ] time is 2358
[ Tue Aug 15 2017 16:28:39 GMT+0800 (CST) ] {"err":0,"msg":"JhBdA66uwDVBya2mAQ4Q7TLq4yNdTrzmvR"}
[ Tue Aug 15 2017 16:28:39 GMT+0800 (CST) ] time is 2355
[ Tue Aug 15 2017 16:28:39 GMT+0800 (CST) ] {"err":0,"msg":"JNkDYtDCP87rUwZonUvC5d7iinze7JcMPs"}
[ Tue Aug 15 2017 16:28:39 GMT+0800 (CST) ] time is 2362
[ Tue Aug 15 2017 16:28:39 GMT+0800 (CST) ] {"err":0,"msg":"Jemaw7bYxPqCEgzEpchzxvGpxwh4KruAzP"}
[ Tue Aug 15 2017 16:28:39 GMT+0800 (CST) ] time is 2351
[ Tue Aug 15 2017 16:28:39 GMT+0800 (CST) ] {"err":0,"msg":"JgkJ6GCbx6ZnfeDU8eqjRpFdgF2cRMnLz3"}
[ Tue Aug 15 2017 16:28:39 GMT+0800 (CST) ] time is 2356
[ Tue Aug 15 2017 16:28:39 GMT+0800 (CST) ] {"err":0,"msg":"JNxyChK5HvdJCyYDCPrf15G74buHwy3NfX"}
[ Tue Aug 15 2017 16:28:39 GMT+0800 (CST) ] time is 2359
[ Tue Aug 15 2017 16:28:39 GMT+0800 (CST) ] {"err":0,"msg":"JgePiyaNaiuNXnUoWWHjDCUb9Km2zCPAbP"}
[ Tue Aug 15 2017 16:28:39 GMT+0800 (CST) ] time is 2363
[ Tue Aug 15 2017 16:28:39 GMT+0800 (CST) ] {"err":0,"msg":"JgjFj4d12JMBB6GsB779cuPeyTdA8uaQoC"}
[ Tue Aug 15 2017 16:28:39 GMT+0800 (CST) ] time is 2352
[ Tue Aug 15 2017 16:28:39 GMT+0800 (CST) ] {"err":0,"msg":"JTmKM5V9NwqEbxTW8mzmCk7NwEdspJfrPk"}
[ Tue Aug 15 2017 16:28:39 GMT+0800 (CST) ] time is 2357
[ Tue Aug 15 2017 16:28:39 GMT+0800 (CST) ] {"err":0,"msg":"JW34qqVnqerxVbuqbdfWksZGrNVQ7b321a"}
[ Tue Aug 15 2017 16:28:39 GMT+0800 (CST) ] time is 2360
[ Tue Aug 15 2017 16:28:39 GMT+0800 (CST) ] {"err":0,"msg":"Jf9EPfwVTE3GoJHscqSex9J26RypCPrSrr"}
[ Tue Aug 15 2017 16:28:39 GMT+0800 (CST) ] time is 2364
[ Tue Aug 15 2017 16:28:39 GMT+0800 (CST) ] {"err":0,"msg":"JMaf7bV1SCpErpRHcoJUeDikkk4v8f5kEK"}
[ Tue Aug 15 2017 16:28:39 GMT+0800 (CST) ] time is 2353
[ Tue Aug 15 2017 16:28:39 GMT+0800 (CST) ] {"err":0,"msg":"JcP4gPbPNDvzh7A8vHD8mFtraT9hRQ2tM6"}
[ Tue Aug 15 2017 16:28:39 GMT+0800 (CST) ] time is 2358
[ Tue Aug 15 2017 16:28:39 GMT+0800 (CST) ] {"err":0,"msg":"JYCwZB23SnPT3HyiMJnnwqMWFB12MHAhPy"}
[ Tue Aug 15 2017 16:28:39 GMT+0800 (CST) ] time is 2361
[ Tue Aug 15 2017 16:28:39 GMT+0800 (CST) ] {"err":0,"msg":"JUgTLTtXomzaz71x4fRWFqW8EJ8v3ubXty"}
[ Tue Aug 15 2017 16:28:39 GMT+0800 (CST) ] time is 2365
[ Tue Aug 15 2017 16:28:39 GMT+0800 (CST) ] {"err":0,"msg":"JThGa7aUu5g8rLXn3BKZKJafcKQ6Wwi9ug"}
[ Tue Aug 15 2017 16:28:39 GMT+0800 (CST) ] time is 2354
[ Tue Aug 15 2017 16:28:39 GMT+0800 (CST) ] {"err":0,"msg":"JPgMwcsvjGws39pRPbWvmpaXD61mdBdFHp"}
[ Tue Aug 15 2017 16:28:39 GMT+0800 (CST) ] time is 2359
[ Tue Aug 15 2017 16:28:39 GMT+0800 (CST) ] {"err":0,"msg":"JbaKCf93xGPRYr9ca7VBq9BTm7nkiD8a5j"}
[ Tue Aug 15 2017 16:28:39 GMT+0800 (CST) ] time is 2366
[ Tue Aug 15 2017 16:28:39 GMT+0800 (CST) ] {"err":0,"msg":"Jgu1KPgXxv7MrJKXbYQYGZodCAmj5T2L9Q"}
[ Tue Aug 15 2017 16:28:39 GMT+0800 (CST) ] time is 2362
[ Tue Aug 15 2017 16:28:39 GMT+0800 (CST) ] {"err":0,"msg":"JVWuSYo36EnfXX7mZpAWJKxeJCc9i3Bzoh"}
[ Tue Aug 15 2017 16:28:39 GMT+0800 (CST) ] time is 2355
[ Tue Aug 15 2017 16:28:39 GMT+0800 (CST) ] {"err":0,"msg":"JTMahmZZSFe5AekWHHa66pK7BVsDUjkmeE"}
[ Tue Aug 15 2017 16:28:39 GMT+0800 (CST) ] time is 2360
[ Tue Aug 15 2017 16:28:39 GMT+0800 (CST) ] {"err":0,"msg":"JcAoLPC8Kf2ehjWY2Yr8B4XsKdtWoQyyM3"}
[ Tue Aug 15 2017 16:28:39 GMT+0800 (CST) ] time is 2367
[ Tue Aug 15 2017 16:28:39 GMT+0800 (CST) ] {"err":0,"msg":"JRFrNP7TKxcYSVJbmyh31ChohWxv4LkYxF"}
[ Tue Aug 15 2017 16:28:39 GMT+0800 (CST) ] time is 2363
[ Tue Aug 15 2017 16:28:39 GMT+0800 (CST) ] {"err":0,"msg":"JZMbjvqpudLggQaDDv31hs9sTXU2nUWP2X"}
[ Tue Aug 15 2017 16:28:39 GMT+0800 (CST) ] time is 2356
[ Tue Aug 15 2017 16:28:39 GMT+0800 (CST) ] {"err":0,"msg":"JWM8h3d5LyEqhW4BjHnmB5erjk2hXKHW8R"}
[ Tue Aug 15 2017 16:28:39 GMT+0800 (CST) ] time is 2361
[ Tue Aug 15 2017 16:28:39 GMT+0800 (CST) ] {"err":0,"msg":"JM9gR1vdJnuVvmcfLjbrqi7LnwwSbiY5Gf"}
[ Tue Aug 15 2017 16:28:39 GMT+0800 (CST) ] time is 2368
[ Tue Aug 15 2017 16:28:39 GMT+0800 (CST) ] {"err":0,"msg":"JVWLwZkG1uKPWdN8prK2wWsPZPr7MGnGLY"}
[ Tue Aug 15 2017 16:28:39 GMT+0800 (CST) ] time is 2364
[ Tue Aug 15 2017 16:28:39 GMT+0800 (CST) ] {"err":0,"msg":"JXSFmyBKgEfjCY9yoQJh4AeCSvNLbTQmCA"}
[ Tue Aug 15 2017 16:28:39 GMT+0800 (CST) ] time is 2357
[ Tue Aug 15 2017 16:28:39 GMT+0800 (CST) ] {"err":0,"msg":"JXsH7PtfnMi5qHnVdmWx5883D3Gm91p8WE"}
[ Tue Aug 15 2017 16:28:39 GMT+0800 (CST) ] time is 2362
[ Tue Aug 15 2017 16:28:39 GMT+0800 (CST) ] {"err":0,"msg":"JPbqv3J3vLjzuAR6eiQ18cPhJ5WVom9R94"}
[ Tue Aug 15 2017 16:28:39 GMT+0800 (CST) ] time is 2369
[ Tue Aug 15 2017 16:28:39 GMT+0800 (CST) ] {"err":0,"msg":"JMUXhh21vSGvnzG5QaVZb8HMp23MzzxZf2"}
[ Tue Aug 15 2017 16:28:39 GMT+0800 (CST) ] time is 2365
[ Tue Aug 15 2017 16:28:39 GMT+0800 (CST) ] {"err":0,"msg":"JMre7AeEbuybjmGY8XST2DEquBGXwcsgzW"}
[ Tue Aug 15 2017 16:28:39 GMT+0800 (CST) ] time is 2358
[ Tue Aug 15 2017 16:28:39 GMT+0800 (CST) ] {"err":0,"msg":"JJY7jZHj5MVWEoV5g6QQbihTxGJrkB1sWH"}
[ Tue Aug 15 2017 16:28:39 GMT+0800 (CST) ] time is 2363
[ Tue Aug 15 2017 16:28:39 GMT+0800 (CST) ] {"err":0,"msg":"JXBtcDipMPkRachscvCFP5vrEbJtixPM8q"}
[ Tue Aug 15 2017 16:28:39 GMT+0800 (CST) ] time is 2370
[ Tue Aug 15 2017 16:28:39 GMT+0800 (CST) ] {"err":0,"msg":"JcxUxgVoQDPwDfdwPcA9FGCXGu1G9G3o74"}
[ Tue Aug 15 2017 16:28:39 GMT+0800 (CST) ] time is 2366
[ Tue Aug 15 2017 16:28:39 GMT+0800 (CST) ] {"err":0,"msg":"JXiDuH2tVgRKvksfsz1QxgG1xvfyAfAkzX"}
[ Tue Aug 15 2017 16:28:39 GMT+0800 (CST) ] time is 2359
[ Tue Aug 15 2017 16:28:39 GMT+0800 (CST) ] {"err":0,"msg":"JbBETEqff7GKnV2AjTb8hXcjwm3AWRrEMh"}
[ Tue Aug 15 2017 16:28:39 GMT+0800 (CST) ] time is 2364
[ Tue Aug 15 2017 16:28:39 GMT+0800 (CST) ] {"err":0,"msg":"JYuwCkzyYLUCHo1CzLKTCjZTWB9kwHVbSy"}
[ Tue Aug 15 2017 16:28:39 GMT+0800 (CST) ] time is 2371
[ Tue Aug 15 2017 16:28:39 GMT+0800 (CST) ] {"err":0,"msg":"JPL4QkPRYdMNGuLnKfvdjjCiEtLUA6ZcNw"}
[ Tue Aug 15 2017 16:28:39 GMT+0800 (CST) ] time is 2367
[ Tue Aug 15 2017 16:28:39 GMT+0800 (CST) ] {"err":0,"msg":"JWxemXYbRH3CNNhWNpMj1y5AygQinXFTfF"}
[ Tue Aug 15 2017 16:28:39 GMT+0800 (CST) ] time is 2360
[ Tue Aug 15 2017 16:28:39 GMT+0800 (CST) ] {"err":0,"msg":"JfP2onSRz84PfmTCjdHCc43tRSJjk3YerU"}
[ Tue Aug 15 2017 16:28:39 GMT+0800 (CST) ] time is 2365
[ Tue Aug 15 2017 16:28:39 GMT+0800 (CST) ] {"err":0,"msg":"JJdtCdLWsZukYMpyef362uchxf8TZr1geZ"}
[ Tue Aug 15 2017 16:28:39 GMT+0800 (CST) ] time is 2372
[ Tue Aug 15 2017 16:28:39 GMT+0800 (CST) ] {"err":0,"msg":"JdVRkMrX7hZ9tuSbGaRo2RgXS8jHxkwncA"}
[ Tue Aug 15 2017 16:28:39 GMT+0800 (CST) ] time is 2368
[ Tue Aug 15 2017 16:28:39 GMT+0800 (CST) ] {"err":0,"msg":"JeVTK6YPCdQhDDwbRgQfVQtoAxJsv3Jgoe"}
[ Tue Aug 15 2017 16:28:39 GMT+0800 (CST) ] time is 2361
[ Tue Aug 15 2017 16:28:39 GMT+0800 (CST) ] {"err":0,"msg":"JTqwoDrqTQboeQ1X7cquNeUUiJWjPpimGD"}
[ Tue Aug 15 2017 16:28:39 GMT+0800 (CST) ] time is 2366
[ Tue Aug 15 2017 16:28:39 GMT+0800 (CST) ] {"err":0,"msg":"Jd9JsHGkvhBGbdEqazDszMmLEZy3yMEYFQ"}
[ Tue Aug 15 2017 16:28:39 GMT+0800 (CST) ] time is 2373
[ Tue Aug 15 2017 16:28:39 GMT+0800 (CST) ] {"err":0,"msg":"JPgcnPcE1VpGMWrLmrzbmcejt16H3eujXP"}
[ Tue Aug 15 2017 16:28:39 GMT+0800 (CST) ] time is 2369
[ Tue Aug 15 2017 16:28:39 GMT+0800 (CST) ] {"err":0,"msg":"Je3ZRLJJYkHrD4S8t6bSiQWrtx7Je1NVKU"}
[ Tue Aug 15 2017 16:28:40 GMT+0800 (CST) ] time is 2362
[ Tue Aug 15 2017 16:28:40 GMT+0800 (CST) ] {"err":0,"msg":"JY3jmoFrkLpi8ce1dnUbqEEg9jL77518ZY"}
[ Tue Aug 15 2017 16:28:40 GMT+0800 (CST) ] time is 2367
[ Tue Aug 15 2017 16:28:40 GMT+0800 (CST) ] {"err":0,"msg":"JQXp3JC1f44LSSRYZ2Cf4z7CdwgH47F67D"}
[ Tue Aug 15 2017 16:28:40 GMT+0800 (CST) ] time is 2370
[ Tue Aug 15 2017 16:28:40 GMT+0800 (CST) ] {"err":0,"msg":"JWXzoYHoPNuj4FfL4SvTEr4Knw1A7hgJXZ"}
[ Tue Aug 15 2017 16:28:40 GMT+0800 (CST) ] time is 2374
[ Tue Aug 15 2017 16:28:40 GMT+0800 (CST) ] {"err":0,"msg":"JUahYMbhdnihCgZTi6BakoqsrSJFj8GfKb"}
[ Tue Aug 15 2017 16:28:40 GMT+0800 (CST) ] time is 2363
[ Tue Aug 15 2017 16:28:40 GMT+0800 (CST) ] {"err":0,"msg":"JLymizdyRhZvPSWawP2EQG11CD3cMdRWxQ"}
[ Tue Aug 15 2017 16:28:40 GMT+0800 (CST) ] {"err":0,"msg":"JQ2YEkoJJ54nxBJp6Wrd5rGJAS5y8TxwYw"}
[ Tue Aug 15 2017 16:28:40 GMT+0800 (CST) ] time is 2368
[ Tue Aug 15 2017 16:28:40 GMT+0800 (CST) ] time is 2371
[ Tue Aug 15 2017 16:28:40 GMT+0800 (CST) ] {"err":0,"msg":"JgnBdfGAi1cvu9V7cVJzM1ZrzPs55nnwor"}
[ Tue Aug 15 2017 16:28:40 GMT+0800 (CST) ] time is 2375
[ Tue Aug 15 2017 16:28:40 GMT+0800 (CST) ] {"err":0,"msg":"Jdgg69mf2eT5rcZE91ABPxKRb3QmCPq4Rg"}
[ Tue Aug 15 2017 16:28:40 GMT+0800 (CST) ] time is 2364
[ Tue Aug 15 2017 16:28:40 GMT+0800 (CST) ] {"err":0,"msg":"JL3XJ9NZivip2FsM2Pj1yee5f5nReiXjks"}
[ Tue Aug 15 2017 16:28:40 GMT+0800 (CST) ] time is 2369
[ Tue Aug 15 2017 16:28:40 GMT+0800 (CST) ] {"err":0,"msg":"JTonXqdy5dv9NCULVDXXVBG5Fype6aZRUS"}
[ Tue Aug 15 2017 16:28:40 GMT+0800 (CST) ] time is 2372
[ Tue Aug 15 2017 16:28:40 GMT+0800 (CST) ] {"err":0,"msg":"JcVZsjioykXqanvRD4YHzymSFJauaE4QN7"}
[ Tue Aug 15 2017 16:28:40 GMT+0800 (CST) ] time is 2376
[ Tue Aug 15 2017 16:28:40 GMT+0800 (CST) ] {"err":0,"msg":"JMFz4diPVUtA5ChuWwBYGTCFoYgeiu4axC"}
[ Tue Aug 15 2017 16:28:40 GMT+0800 (CST) ] time is 2365
[ Tue Aug 15 2017 16:28:40 GMT+0800 (CST) ] {"err":0,"msg":"Jc4BK7nB2xgqXG6xB3xyBgJq3T79dgj32X"}
[ Tue Aug 15 2017 16:28:40 GMT+0800 (CST) ] time is 2370
[ Tue Aug 15 2017 16:28:40 GMT+0800 (CST) ] {"err":0,"msg":"JPSmT7eq2zfwUYvTeUfDGjTrGDQeTjix4N"}
[ Tue Aug 15 2017 16:28:40 GMT+0800 (CST) ] time is 2373
[ Tue Aug 15 2017 16:28:40 GMT+0800 (CST) ] {"err":0,"msg":"JP8ura4jiihBPr5JRoo5pQrtNF8Eh96juw"}
[ Tue Aug 15 2017 16:28:40 GMT+0800 (CST) ] time is 2366
[ Tue Aug 15 2017 16:28:40 GMT+0800 (CST) ] {"err":0,"msg":"JeP5ev1wNcTuZ9z7GpKW1psoenSrMqCqYA"}
[ Tue Aug 15 2017 16:28:40 GMT+0800 (CST) ] time is 2377
[ Tue Aug 15 2017 16:28:40 GMT+0800 (CST) ] {"err":0,"msg":"JNNMky5eGY2G6wZYVXY1gQ6YdNPxYgoEMB"}
[ Tue Aug 15 2017 16:28:40 GMT+0800 (CST) ] time is 2371
[ Tue Aug 15 2017 16:28:40 GMT+0800 (CST) ] {"err":0,"msg":"JRNCvdjxSc5MbyLMtAqtsYcsQt6ma7nQwF"}
[ Tue Aug 15 2017 16:28:40 GMT+0800 (CST) ] time is 2374
[ Tue Aug 15 2017 16:28:40 GMT+0800 (CST) ] {"err":0,"msg":"JT2rLE8Ks3femAB6P2mN9QXNnKaXoKy144"}
[ Tue Aug 15 2017 16:28:40 GMT+0800 (CST) ] time is 2367
[ Tue Aug 15 2017 16:28:40 GMT+0800 (CST) ] {"err":0,"msg":"JfQoGoT8mZxaYaj9FSRoz7FDPCqUFnXGmJ"}
[ Tue Aug 15 2017 16:28:40 GMT+0800 (CST) ] time is 2378
[ Tue Aug 15 2017 16:28:40 GMT+0800 (CST) ] {"err":0,"msg":"JZsipZczDVCpcCZUGbL1BcjD4AFp9Znush"}
[ Tue Aug 15 2017 16:28:40 GMT+0800 (CST) ] time is 2372
[ Tue Aug 15 2017 16:28:40 GMT+0800 (CST) ] {"err":0,"msg":"JfD3m8SDsTKiwh2c5whp2yLRx6yL3ETRVa"}
[ Tue Aug 15 2017 16:28:40 GMT+0800 (CST) ] time is 2375
[ Tue Aug 15 2017 16:28:40 GMT+0800 (CST) ] {"err":0,"msg":"JQ3qtc46hUmL5fwnGhys8uo62bvWwyR6HY"}
[ Tue Aug 15 2017 16:28:40 GMT+0800 (CST) ] time is 2379
[ Tue Aug 15 2017 16:28:40 GMT+0800 (CST) ] {"err":0,"msg":"JL3PF8WcHKkCVzqDdQEonLfCco6odHFkQy"}
[ Tue Aug 15 2017 16:28:40 GMT+0800 (CST) ] time is 2368
[ Tue Aug 15 2017 16:28:40 GMT+0800 (CST) ] {"err":0,"msg":"JKV9wK4QrXDWfh5S9cvqmuAv8yvEoXo8dt"}
[ Tue Aug 15 2017 16:28:40 GMT+0800 (CST) ] time is 2373
[ Tue Aug 15 2017 16:28:40 GMT+0800 (CST) ] {"err":0,"msg":"Jdfg4j8JhzUF25qpA15GsPGozHNge9eSRF"}
[ Tue Aug 15 2017 16:28:40 GMT+0800 (CST) ] time is 2376
[ Tue Aug 15 2017 16:28:40 GMT+0800 (CST) ] {"err":0,"msg":"JeGkg9XuBFB7WY4mAw5YSdLSyVgDxthZ3p"}
[ Tue Aug 15 2017 16:28:40 GMT+0800 (CST) ] time is 2380
[ Tue Aug 15 2017 16:28:40 GMT+0800 (CST) ] {"err":0,"msg":"JUtHCoKjvvCMZF3bcwQjSwWFDy9CF14ThA"}
[ Tue Aug 15 2017 16:28:40 GMT+0800 (CST) ] time is 2369
[ Tue Aug 15 2017 16:28:40 GMT+0800 (CST) ] {"err":0,"msg":"JS3aVq9g4ywtxJ3t6iQGAF5PsrgNzxggr5"}
[ Tue Aug 15 2017 16:28:40 GMT+0800 (CST) ] time is 2374
[ Tue Aug 15 2017 16:28:40 GMT+0800 (CST) ] {"err":0,"msg":"JZ4otdv8rzr4pqM9RQEEW1fxpR1xEBMbkR"}
[ Tue Aug 15 2017 16:28:40 GMT+0800 (CST) ] time is 2377
[ Tue Aug 15 2017 16:28:40 GMT+0800 (CST) ] {"err":0,"msg":"JLgfRsTa8VouC7Mc9rM1MnLCx1je54Vgzr"}
[ Tue Aug 15 2017 16:28:40 GMT+0800 (CST) ] time is 2381
[ Tue Aug 15 2017 16:28:40 GMT+0800 (CST) ] {"err":0,"msg":"JgQpWagcACYro4Lbh5AW4ipKfTXVz6LGxJ"}
[ Tue Aug 15 2017 16:28:40 GMT+0800 (CST) ] time is 2370
[ Tue Aug 15 2017 16:28:40 GMT+0800 (CST) ] {"err":0,"msg":"JWafvagiwkFBZR9RH9KzvjazDnvk2bavwk"}
[ Tue Aug 15 2017 16:28:40 GMT+0800 (CST) ] time is 2375
[ Tue Aug 15 2017 16:28:40 GMT+0800 (CST) ] {"err":0,"msg":"JTvncvmF61pSUgroG2eCwqptQXSy9GnKDN"}
[ Tue Aug 15 2017 16:28:40 GMT+0800 (CST) ] time is 2378
[ Tue Aug 15 2017 16:28:40 GMT+0800 (CST) ] {"err":0,"msg":"Je14in2a7WA2aQFq3HbwaWbsDUkxfq4wRo"}
[ Tue Aug 15 2017 16:28:40 GMT+0800 (CST) ] time is 2382
[ Tue Aug 15 2017 16:28:40 GMT+0800 (CST) ] {"err":0,"msg":"JLrKeKd8noutHqV411e2cH4ZVUCCmv4BZt"}
[ Tue Aug 15 2017 16:28:40 GMT+0800 (CST) ] time is 2371
[ Tue Aug 15 2017 16:28:40 GMT+0800 (CST) ] {"err":0,"msg":"JJk4PzEgp5zNjzregjXPGjX8YPomd9v1hT"}
[ Tue Aug 15 2017 16:28:40 GMT+0800 (CST) ] time is 2376
[ Tue Aug 15 2017 16:28:40 GMT+0800 (CST) ] {"err":0,"msg":"JZnKGUGDSe3Jj9E1VRNNpQuAFaBrmRHGYf"}
[ Tue Aug 15 2017 16:28:40 GMT+0800 (CST) ] time is 2379
[ Tue Aug 15 2017 16:28:40 GMT+0800 (CST) ] {"err":0,"msg":"JU7TdJbsZgJXTWi1B6edRLguXtes2x6Yg8"}
[ Tue Aug 15 2017 16:28:40 GMT+0800 (CST) ] time is 2383
[ Tue Aug 15 2017 16:28:40 GMT+0800 (CST) ] {"err":0,"msg":"JZZm2qabcEe2vHT7XWMPs3Nas6kuQthacj"}
[ Tue Aug 15 2017 16:28:40 GMT+0800 (CST) ] time is 2372
[ Tue Aug 15 2017 16:28:40 GMT+0800 (CST) ] {"err":0,"msg":"JM7BQZe2bKKhVzjcVWvjihED7ntY5iNkFW"}
[ Tue Aug 15 2017 16:28:40 GMT+0800 (CST) ] time is 2377
[ Tue Aug 15 2017 16:28:40 GMT+0800 (CST) ] {"err":0,"msg":"JdtHS8FzFANg5xx5FpiHos4UbR5b1yhcTF"}
[ Tue Aug 15 2017 16:28:40 GMT+0800 (CST) ] time is 2380
[ Tue Aug 15 2017 16:28:40 GMT+0800 (CST) ] {"err":0,"msg":"JV2vyXAK25Aqyg7JphkgG9oqAbdtTPvEWE"}
[ Tue Aug 15 2017 16:28:40 GMT+0800 (CST) ] time is 2384
[ Tue Aug 15 2017 16:28:40 GMT+0800 (CST) ] {"err":0,"msg":"JgNwRMKgBtKvPWXrA8V6wTFmAa6NZuboWu"}
[ Tue Aug 15 2017 16:28:40 GMT+0800 (CST) ] time is 2373
[ Tue Aug 15 2017 16:28:40 GMT+0800 (CST) ] {"err":0,"msg":"JNuYFqZFoe7vSKWrDQh9TojAAwDek9jbyJ"}
[ Tue Aug 15 2017 16:28:40 GMT+0800 (CST) ] time is 2378
[ Tue Aug 15 2017 16:28:40 GMT+0800 (CST) ] {"err":0,"msg":"JP1o6gW1tqt8r6qjDJnpMfv7ANej6Hh6WW"}
[ Tue Aug 15 2017 16:28:40 GMT+0800 (CST) ] time is 2381
[ Tue Aug 15 2017 16:28:40 GMT+0800 (CST) ] {"err":0,"msg":"JKdLgj2sfXkYQZq2zMYB8XAh1o6GJ9HspG"}
[ Tue Aug 15 2017 16:28:40 GMT+0800 (CST) ] time is 2385
[ Tue Aug 15 2017 16:28:40 GMT+0800 (CST) ] {"err":0,"msg":"Jd8qSuzbuNczNpzEJcD6ugXaErP1oNhxAy"}
[ Tue Aug 15 2017 16:28:40 GMT+0800 (CST) ] time is 2374
[ Tue Aug 15 2017 16:28:40 GMT+0800 (CST) ] {"err":0,"msg":"JQA6NQQcE72HR7CYwduyRQUHQzJMMkTwjh"}
[ Tue Aug 15 2017 16:28:40 GMT+0800 (CST) ] time is 2379
[ Tue Aug 15 2017 16:28:40 GMT+0800 (CST) ] {"err":0,"msg":"JSxURJQPbFtB9yUVd2cNMLjM8j3LFpafTN"}
[ Tue Aug 15 2017 16:28:40 GMT+0800 (CST) ] time is 2382
[ Tue Aug 15 2017 16:28:40 GMT+0800 (CST) ] {"err":0,"msg":"JMVfM3bK2dDJ5iWHw5Jq7MR7Z1WjqXJKih"}
[ Tue Aug 15 2017 16:28:40 GMT+0800 (CST) ] time is 2386
[ Tue Aug 15 2017 16:28:40 GMT+0800 (CST) ] {"err":0,"msg":"Jhs6Pep7Kgb5wR5ZrcZnXGXkWQFiKw3Gnr"}
[ Tue Aug 15 2017 16:28:40 GMT+0800 (CST) ] time is 2383
[ Tue Aug 15 2017 16:28:40 GMT+0800 (CST) ] {"err":0,"msg":"JSK3MJrEV9eapgPHY8fo1vuSshy81yJ4yN"}
[ Tue Aug 15 2017 16:28:40 GMT+0800 (CST) ] time is 2375
[ Tue Aug 15 2017 16:28:40 GMT+0800 (CST) ] {"err":0,"msg":"JgxyRThsiHzHRAxo8z1rs4gprdg9NWHHu2"}
[ Tue Aug 15 2017 16:28:40 GMT+0800 (CST) ] time is 2380
[ Tue Aug 15 2017 16:28:40 GMT+0800 (CST) ] {"err":0,"msg":"JPxAfyoH8iu4ib1JEZgTBqVVLpWc94aEWu"}
[ Tue Aug 15 2017 16:28:40 GMT+0800 (CST) ] time is 2387
[ Tue Aug 15 2017 16:28:40 GMT+0800 (CST) ] {"err":0,"msg":"JWQeDuU2HKxbJRYKr2qVQdqJgCgXU77eQu"}
[ Tue Aug 15 2017 16:28:40 GMT+0800 (CST) ] time is 2384
[ Tue Aug 15 2017 16:28:40 GMT+0800 (CST) ] {"err":0,"msg":"JcNeLvCRwaxw1XT9swBiaCtqEPKAF6LPso"}
[ Tue Aug 15 2017 16:28:40 GMT+0800 (CST) ] time is 2376
[ Tue Aug 15 2017 16:28:40 GMT+0800 (CST) ] {"err":0,"msg":"JZQMTsMdya4mkfmzgBz9wWqpshZAb3kXaW"}
[ Tue Aug 15 2017 16:28:40 GMT+0800 (CST) ] time is 2381
[ Tue Aug 15 2017 16:28:40 GMT+0800 (CST) ] {"err":0,"msg":"JMi3FiqVpjoW2ffrj3g8acwkjKFEjjc8MK"}
[ Tue Aug 15 2017 16:28:40 GMT+0800 (CST) ] time is 2388
[ Tue Aug 15 2017 16:28:40 GMT+0800 (CST) ] {"err":0,"msg":"Jcg2xq6jVN1z9zQdNrKpub41keovCZfbyV"}
[ Tue Aug 15 2017 16:28:40 GMT+0800 (CST) ] time is 2385
[ Tue Aug 15 2017 16:28:40 GMT+0800 (CST) ] {"err":0,"msg":"JYG9JzQFAubjbAdsExJW1AG36djHmN94Dj"}
[ Tue Aug 15 2017 16:28:40 GMT+0800 (CST) ] time is 2377
[ Tue Aug 15 2017 16:28:40 GMT+0800 (CST) ] {"err":0,"msg":"JdZxmAybVzVreo9ArC5ubEt25EAgrjyC4d"}
[ Tue Aug 15 2017 16:28:40 GMT+0800 (CST) ] time is 2382
[ Tue Aug 15 2017 16:28:40 GMT+0800 (CST) ] {"err":0,"msg":"JY6xSGuR3k2MGDGhruqhhxnDjqxKcM2R5N"}
[ Tue Aug 15 2017 16:28:40 GMT+0800 (CST) ] time is 2389
[ Tue Aug 15 2017 16:28:40 GMT+0800 (CST) ] {"err":0,"msg":"JhnoCvqMFVkoR8eA9LEjfNqvd8jWsrrYDt"}
[ Tue Aug 15 2017 16:28:40 GMT+0800 (CST) ] time is 2386
[ Tue Aug 15 2017 16:28:40 GMT+0800 (CST) ] {"err":0,"msg":"JZCL7JFofNgz1DjWd4RL1wbWBDtNkP8e43"}
[ Tue Aug 15 2017 16:28:40 GMT+0800 (CST) ] time is 2378
[ Tue Aug 15 2017 16:28:40 GMT+0800 (CST) ] {"err":0,"msg":"JcEPb4Mgd9KoSLR9nRB6WXHDsxZXKnQJtV"}
[ Tue Aug 15 2017 16:28:40 GMT+0800 (CST) ] time is 2383
[ Tue Aug 15 2017 16:28:40 GMT+0800 (CST) ] {"err":0,"msg":"JZzYEbT7Wds74zXZggTWHaNkPyHWq4ZTKf"}
[ Tue Aug 15 2017 16:28:40 GMT+0800 (CST) ] time is 2390
[ Tue Aug 15 2017 16:28:40 GMT+0800 (CST) ] {"err":0,"msg":"JMnVsvb8eL96wCpKjKAb1475n3TGD1LpwW"}
[ Tue Aug 15 2017 16:28:41 GMT+0800 (CST) ] time is 2387
[ Tue Aug 15 2017 16:28:41 GMT+0800 (CST) ] {"err":0,"msg":"JUnQq5R6EsMAwVU2EreSpN6P5g1SddgFLp"}
[ Tue Aug 15 2017 16:28:41 GMT+0800 (CST) ] time is 2379
[ Tue Aug 15 2017 16:28:41 GMT+0800 (CST) ] {"err":0,"msg":"JS6m428TAF52V6mrwQgMwxR1x9HnCFUv2D"}
[ Tue Aug 15 2017 16:28:41 GMT+0800 (CST) ] time is 2384
[ Tue Aug 15 2017 16:28:41 GMT+0800 (CST) ] {"err":0,"msg":"JdZ4dwJhRAGKQqGNq2TpcofMe5LMeXJeFS"}
[ Tue Aug 15 2017 16:28:41 GMT+0800 (CST) ] time is 2391
[ Tue Aug 15 2017 16:28:41 GMT+0800 (CST) ] {"err":0,"msg":"JgWQ3ouv1or1rSHrw7mtzkzVcNoqArjiuB"}
[ Tue Aug 15 2017 16:28:41 GMT+0800 (CST) ] time is 2388
[ Tue Aug 15 2017 16:28:41 GMT+0800 (CST) ] {"err":0,"msg":"Jgv7fe3Zfv42pDJQdADWCWpL6fjPQbLeru"}
[ Tue Aug 15 2017 16:28:41 GMT+0800 (CST) ] time is 2380
[ Tue Aug 15 2017 16:28:41 GMT+0800 (CST) ] {"err":0,"msg":"JQuc6NpfeeWE642orGgqUbWc5r8QiDy8rG"}
[ Tue Aug 15 2017 16:28:41 GMT+0800 (CST) ] time is 2385
[ Tue Aug 15 2017 16:28:41 GMT+0800 (CST) ] {"err":0,"msg":"Jc3hGTJVHiuainMG8pDf22wtbqm9sRPszt"}
[ Tue Aug 15 2017 16:28:41 GMT+0800 (CST) ] time is 2392
[ Tue Aug 15 2017 16:28:41 GMT+0800 (CST) ] {"err":0,"msg":"JaDpQbP5W8RYSegpwZKXFRX24yc4eMqY1a"}
[ Tue Aug 15 2017 16:28:41 GMT+0800 (CST) ] time is 2389
[ Tue Aug 15 2017 16:28:41 GMT+0800 (CST) ] {"err":0,"msg":"JbPFZLxKP4knz6dMV9xXHzLDVdGQnwCmK4"}
[ Tue Aug 15 2017 16:28:41 GMT+0800 (CST) ] time is 2381
[ Tue Aug 15 2017 16:28:41 GMT+0800 (CST) ] {"err":0,"msg":"JZ6pGwpUaZkYBdPvBPHTxaB7JCjdWqJe1t"}
[ Tue Aug 15 2017 16:28:41 GMT+0800 (CST) ] time is 2386
[ Tue Aug 15 2017 16:28:41 GMT+0800 (CST) ] {"err":0,"msg":"JTorZkAfrJcYJDVxHVRBLoPzB1VHycyAmU"}
[ Tue Aug 15 2017 16:28:41 GMT+0800 (CST) ] time is 2393
[ Tue Aug 15 2017 16:28:41 GMT+0800 (CST) ] {"err":0,"msg":"JbG13EVQ83Ayz2Y1j7de5dpCokjbEVo1y3"}
[ Tue Aug 15 2017 16:28:41 GMT+0800 (CST) ] time is 2382
[ Tue Aug 15 2017 16:28:41 GMT+0800 (CST) ] {"err":0,"msg":"JN8PdCr975FS8VRAjxpXaoTqP5XPkiPMv3"}
[ Tue Aug 15 2017 16:28:41 GMT+0800 (CST) ] time is 2390
[ Tue Aug 15 2017 16:28:41 GMT+0800 (CST) ] {"err":0,"msg":"JLk1tkNAHEpRVsuNLnr4E5PkUZ5j3z1kz9"}
[ Tue Aug 15 2017 16:28:41 GMT+0800 (CST) ] time is 2387
[ Tue Aug 15 2017 16:28:41 GMT+0800 (CST) ] {"err":0,"msg":"JQAWzXn3e6Qsik94FePhDrgw1Pw1HbAJJS"}
[ Tue Aug 15 2017 16:28:41 GMT+0800 (CST) ] time is 2394
[ Tue Aug 15 2017 16:28:41 GMT+0800 (CST) ] {"err":0,"msg":"JVMnojjScz8Hgdd8T1C4XQHCSmkRP76Ajo"}
[ Tue Aug 15 2017 16:28:41 GMT+0800 (CST) ] time is 2383
[ Tue Aug 15 2017 16:28:41 GMT+0800 (CST) ] {"err":0,"msg":"JJcWa5PRnJTh2ppjsjPgvRiYQ6VRbVutRW"}
[ Tue Aug 15 2017 16:28:41 GMT+0800 (CST) ] time is 2391
[ Tue Aug 15 2017 16:28:41 GMT+0800 (CST) ] {"err":0,"msg":"JbB7kBMpwe5giavi6wpLHEMHVsMB9RihEf"}
[ Tue Aug 15 2017 16:28:41 GMT+0800 (CST) ] time is 2388
[ Tue Aug 15 2017 16:28:41 GMT+0800 (CST) ] {"err":0,"msg":"Jem3Uz1vZcxEE35aEPmVgygXsXXc8Sic2P"}
[ Tue Aug 15 2017 16:28:41 GMT+0800 (CST) ] time is 2395
[ Tue Aug 15 2017 16:28:41 GMT+0800 (CST) ] {"err":0,"msg":"JPS1hjeRWLa7UfGAtbsWG5UPvz1NHUvuxt"}
[ Tue Aug 15 2017 16:28:41 GMT+0800 (CST) ] time is 2384
[ Tue Aug 15 2017 16:28:41 GMT+0800 (CST) ] {"err":0,"msg":"JeQthQco2hGTU4df8YCLhVixtDdh6Mc8pM"}
[ Tue Aug 15 2017 16:28:41 GMT+0800 (CST) ] time is 2392
[ Tue Aug 15 2017 16:28:41 GMT+0800 (CST) ] {"err":0,"msg":"JPRU1ux88e2HXczW8dB8WCR8SAUBo27k6p"}
[ Tue Aug 15 2017 16:28:41 GMT+0800 (CST) ] time is 2389
[ Tue Aug 15 2017 16:28:41 GMT+0800 (CST) ] {"err":0,"msg":"JbxeaDRNeAc4k6jxkuLWbkJvzSJLL2krjR"}
[ Tue Aug 15 2017 16:28:41 GMT+0800 (CST) ] time is 2396
[ Tue Aug 15 2017 16:28:41 GMT+0800 (CST) ] {"err":0,"msg":"JXSBo64GqKXuEuVGpGjUa8tWgLZ3nxWm8Q"}
[ Tue Aug 15 2017 16:28:41 GMT+0800 (CST) ] time is 2385
[ Tue Aug 15 2017 16:28:41 GMT+0800 (CST) ] {"err":0,"msg":"Jb2AuYTyBzJucqFanhvDiPVup9y7Z7H2Ry"}
[ Tue Aug 15 2017 16:28:41 GMT+0800 (CST) ] time is 2393
[ Tue Aug 15 2017 16:28:41 GMT+0800 (CST) ] {"err":0,"msg":"JKFHphr5Wnb2LLp7fBddTnDmpSXPbr6tX7"}
[ Tue Aug 15 2017 16:28:41 GMT+0800 (CST) ] time is 2390
[ Tue Aug 15 2017 16:28:41 GMT+0800 (CST) ] {"err":0,"msg":"JdJWyLZLaeVLuBScS6TWzicmwRkp83PHmv"}
[ Tue Aug 15 2017 16:28:41 GMT+0800 (CST) ] time is 2397
[ Tue Aug 15 2017 16:28:41 GMT+0800 (CST) ] {"err":0,"msg":"Jg9eVCLSRaBfcCJsjvJS1Sv6YhAnwAv8ms"}
[ Tue Aug 15 2017 16:28:41 GMT+0800 (CST) ] time is 2386
[ Tue Aug 15 2017 16:28:41 GMT+0800 (CST) ] {"err":0,"msg":"Jcab3BiFnrZZCPoZDRU5DHmp7NCLx5SHtF"}
[ Tue Aug 15 2017 16:28:41 GMT+0800 (CST) ] time is 2394
[ Tue Aug 15 2017 16:28:41 GMT+0800 (CST) ] {"err":0,"msg":"JTfXMS1V3y8nBqvPZc4RoAh6g8k9h4uMeR"}
[ Tue Aug 15 2017 16:28:41 GMT+0800 (CST) ] time is 2391
[ Tue Aug 15 2017 16:28:41 GMT+0800 (CST) ] {"err":0,"msg":"JeEizT9ZrrL8NnG6XU7VwjjtKFuo173NRU"}
[ Tue Aug 15 2017 16:28:41 GMT+0800 (CST) ] time is 2398
[ Tue Aug 15 2017 16:28:41 GMT+0800 (CST) ] {"err":0,"msg":"JRkgAhfXoxuL2xsXeFMFm3HTjuSxDfj8mo"}
[ Tue Aug 15 2017 16:28:41 GMT+0800 (CST) ] time is 2387
[ Tue Aug 15 2017 16:28:41 GMT+0800 (CST) ] {"err":0,"msg":"JQHRwvAZdSkEUgE4UnGZURfcQqCRgxdfmM"}
[ Tue Aug 15 2017 16:28:41 GMT+0800 (CST) ] time is 2395
[ Tue Aug 15 2017 16:28:41 GMT+0800 (CST) ] {"err":0,"msg":"JK9uiVjatimUwo7fdBb3vm4BD811dJU7Pe"}
[ Tue Aug 15 2017 16:28:41 GMT+0800 (CST) ] time is 2392
[ Tue Aug 15 2017 16:28:41 GMT+0800 (CST) ] {"err":0,"msg":"Jfv77fSkp5KB6rbRMvzf8TgVwZUS2ZwS95"}
[ Tue Aug 15 2017 16:28:41 GMT+0800 (CST) ] time is 2399
[ Tue Aug 15 2017 16:28:41 GMT+0800 (CST) ] {"err":0,"msg":"JLtXLGkQ7vJ9DCWK9nUFyfw7sg7TXUCGts"}
[ Tue Aug 15 2017 16:28:41 GMT+0800 (CST) ] time is 2388
[ Tue Aug 15 2017 16:28:41 GMT+0800 (CST) ] {"err":0,"msg":"JgtQPUgeYgPjKVKjYgJEsptmpT5Mhc3gbn"}
[ Tue Aug 15 2017 16:28:41 GMT+0800 (CST) ] time is 2396
[ Tue Aug 15 2017 16:28:41 GMT+0800 (CST) ] {"err":0,"msg":"JgzYwYntkoGa1d7D8Y7weZWMCSwT1nGUoq"}
[ Tue Aug 15 2017 16:28:41 GMT+0800 (CST) ] time is 2393
[ Tue Aug 15 2017 16:28:41 GMT+0800 (CST) ] {"err":0,"msg":"JUvxMvD5Wb8oYZ5cGarDA2jkvdbatykviz"}
[ Tue Aug 15 2017 16:28:41 GMT+0800 (CST) ] time is 2400
[ Tue Aug 15 2017 16:28:41 GMT+0800 (CST) ] {"err":0,"msg":"JPzKswvCCG8QFQFMyUfREYWRAzQ91Xuoff"}
[ Tue Aug 15 2017 16:28:41 GMT+0800 (CST) ] time is 2389
[ Tue Aug 15 2017 16:28:41 GMT+0800 (CST) ] {"err":0,"msg":"JUvDu4b2UJ2zvQg9KNkTozCCLiYksNFEvc"}
[ Tue Aug 15 2017 16:28:41 GMT+0800 (CST) ] {"err":0,"msg":"JVQ3p3iVzLAL3wdUxqb8H2BhWfBLUDnHcr"}
[ Tue Aug 15 2017 16:28:41 GMT+0800 (CST) ] time is 2397
[ Tue Aug 15 2017 16:28:41 GMT+0800 (CST) ] time is 2394
[ Tue Aug 15 2017 16:28:41 GMT+0800 (CST) ] {"err":0,"msg":"JN6sc6pLynUBnXBbLfgd65CBUVpfAQ1q2i"}
[ Tue Aug 15 2017 16:28:41 GMT+0800 (CST) ] time is 2401
[ Tue Aug 15 2017 16:28:41 GMT+0800 (CST) ] {"err":0,"msg":"JKdQRfSNtdqNrA3FBJWttWHKasAxYVwSmr"}
[ Tue Aug 15 2017 16:28:41 GMT+0800 (CST) ] time is 2390
[ Tue Aug 15 2017 16:28:41 GMT+0800 (CST) ] {"err":0,"msg":"JVouF87vezoCkgqWLGazp18RZzPSuf7nma"}
[ Tue Aug 15 2017 16:28:41 GMT+0800 (CST) ] time is 2398
[ Tue Aug 15 2017 16:28:41 GMT+0800 (CST) ] {"err":0,"msg":"JTTr2JBv5JGXY8bdYrwcEhjFVdTet5mPny"}
[ Tue Aug 15 2017 16:28:41 GMT+0800 (CST) ] time is 2395
[ Tue Aug 15 2017 16:28:41 GMT+0800 (CST) ] {"err":0,"msg":"JVFNNJsBSWJRhUL2ZQfZKZKgKLvgSurbbV"}
[ Tue Aug 15 2017 16:28:41 GMT+0800 (CST) ] time is 2402
[ Tue Aug 15 2017 16:28:41 GMT+0800 (CST) ] {"err":0,"msg":"JXEcCaBV1Cye9Bo1wqiKfZ355HGNg44KCm"}
[ Tue Aug 15 2017 16:28:41 GMT+0800 (CST) ] time is 2391
[ Tue Aug 15 2017 16:28:41 GMT+0800 (CST) ] {"err":0,"msg":"JT7kiE2sCyT5H3zR8L2CZyewj14hD14g3T"}
[ Tue Aug 15 2017 16:28:41 GMT+0800 (CST) ] time is 2399
[ Tue Aug 15 2017 16:28:41 GMT+0800 (CST) ] {"err":0,"msg":"JWuE7TvqjLvPf2gqmbn7fNgvBoDgB6P775"}
[ Tue Aug 15 2017 16:28:41 GMT+0800 (CST) ] time is 2396
[ Tue Aug 15 2017 16:28:41 GMT+0800 (CST) ] {"err":0,"msg":"JbeLtXHLbKxQJ12FUgzoomMrEqpbD4Cfjn"}
[ Tue Aug 15 2017 16:28:41 GMT+0800 (CST) ] time is 2403
[ Tue Aug 15 2017 16:28:41 GMT+0800 (CST) ] {"err":0,"msg":"JL2Bk2h1J1kjo9xa3o5LjxZtwFHM9B6FYQ"}
[ Tue Aug 15 2017 16:28:41 GMT+0800 (CST) ] time is 2392
[ Tue Aug 15 2017 16:28:41 GMT+0800 (CST) ] {"err":0,"msg":"JShGGkegH7SFpQ85FjakJK9zNDfwmxCjCp"}
[ Tue Aug 15 2017 16:28:41 GMT+0800 (CST) ] time is 2400
[ Tue Aug 15 2017 16:28:41 GMT+0800 (CST) ] {"err":0,"msg":"JR2XQy4Qf5eV6tsQS3QmERb6f2DpwnPfEc"}
[ Tue Aug 15 2017 16:28:41 GMT+0800 (CST) ] time is 2404
[ Tue Aug 15 2017 16:28:41 GMT+0800 (CST) ] {"err":0,"msg":"JX7HwmEdh5tu7DvZyC9hVFRHyH214pAaKS"}
[ Tue Aug 15 2017 16:28:41 GMT+0800 (CST) ] time is 2397
[ Tue Aug 15 2017 16:28:41 GMT+0800 (CST) ] {"err":0,"msg":"JVVn8m1tWVvywtZjZivB3FdssKxSgtTNV6"}
[ Tue Aug 15 2017 16:28:41 GMT+0800 (CST) ] time is 2393
[ Tue Aug 15 2017 16:28:41 GMT+0800 (CST) ] {"err":0,"msg":"JhAoKATB8VmfbiHBS8gKzxMqZjPv8j2SLp"}
[ Tue Aug 15 2017 16:28:41 GMT+0800 (CST) ] time is 2401
[ Tue Aug 15 2017 16:28:41 GMT+0800 (CST) ] {"err":0,"msg":"JS9PoDcECKoUnRrZr9zM4NLVp3DHgxVTCW"}
[ Tue Aug 15 2017 16:28:41 GMT+0800 (CST) ] time is 2405
[ Tue Aug 15 2017 16:28:41 GMT+0800 (CST) ] {"err":0,"msg":"JKGzeym4b1GqX6ZSqJFdC13ymdGHN53Zsw"}
[ Tue Aug 15 2017 16:28:41 GMT+0800 (CST) ] time is 2398
[ Tue Aug 15 2017 16:28:41 GMT+0800 (CST) ] {"err":0,"msg":"JPAJNvF6vMNuQN5xRncTvfvg9V7RG4kYxh"}
[ Tue Aug 15 2017 16:28:41 GMT+0800 (CST) ] time is 2394
[ Tue Aug 15 2017 16:28:41 GMT+0800 (CST) ] {"err":0,"msg":"JL2qUFF4L8LuNjLmoww2Mf1nNwsRbsTuAp"}
[ Tue Aug 15 2017 16:28:41 GMT+0800 (CST) ] time is 2402
[ Tue Aug 15 2017 16:28:41 GMT+0800 (CST) ] {"err":0,"msg":"JbNEoUFURcihyWsU4oPQ2KEJAckDq54zQR"}
[ Tue Aug 15 2017 16:28:41 GMT+0800 (CST) ] time is 2406
[ Tue Aug 15 2017 16:28:41 GMT+0800 (CST) ] {"err":0,"msg":"JLEFMHYzaRsxDWiVvdPFJZovCS65r3yaXy"}
[ Tue Aug 15 2017 16:28:41 GMT+0800 (CST) ] time is 2399
[ Tue Aug 15 2017 16:28:41 GMT+0800 (CST) ] {"err":0,"msg":"JRUhSQ9sybLt6dnM9dDHikWn6sEWLrczff"}
[ Tue Aug 15 2017 16:28:41 GMT+0800 (CST) ] time is 2403
[ Tue Aug 15 2017 16:28:41 GMT+0800 (CST) ] {"err":0,"msg":"JSRczbC54FMUqzUWnpn7PURjiYLCzEfc4K"}
[ Tue Aug 15 2017 16:28:41 GMT+0800 (CST) ] time is 2395
[ Tue Aug 15 2017 16:28:41 GMT+0800 (CST) ] {"err":0,"msg":"JK65x3wDPSwB1WWYjBHQCjJcntR66nXTk8"}
[ Tue Aug 15 2017 16:28:41 GMT+0800 (CST) ] time is 2407
[ Tue Aug 15 2017 16:28:41 GMT+0800 (CST) ] {"err":0,"msg":"JhK7Wtfwd7TUAsVCmtCRrBQKAn23W51Hd2"}
[ Tue Aug 15 2017 16:28:41 GMT+0800 (CST) ] time is 2400
[ Tue Aug 15 2017 16:28:41 GMT+0800 (CST) ] {"err":0,"msg":"JPhPsaDDrAy8MoB1T3veDCnhPY3Zg5qvnW"}
[ Tue Aug 15 2017 16:28:42 GMT+0800 (CST) ] time is 2404
[ Tue Aug 15 2017 16:28:42 GMT+0800 (CST) ] {"err":0,"msg":"JPHbiPnBTdYMHqdzkNjgVUW1ToN7wwqn14"}
[ Tue Aug 15 2017 16:28:42 GMT+0800 (CST) ] time is 2396
[ Tue Aug 15 2017 16:28:42 GMT+0800 (CST) ] {"err":0,"msg":"JceJdwZRFahkaKpzS4YhS4HNh5dijdmYrw"}
[ Tue Aug 15 2017 16:28:42 GMT+0800 (CST) ] time is 2408
[ Tue Aug 15 2017 16:28:42 GMT+0800 (CST) ] {"err":0,"msg":"JKjzewB7gLvpGg3pFcjeL6KEvVe5HCq4D3"}
[ Tue Aug 15 2017 16:28:42 GMT+0800 (CST) ] time is 2401
[ Tue Aug 15 2017 16:28:42 GMT+0800 (CST) ] {"err":0,"msg":"JLvHpm5ygrpyBQguVoKbrh3WHNkZzxfiFY"}
[ Tue Aug 15 2017 16:28:42 GMT+0800 (CST) ] time is 2405
[ Tue Aug 15 2017 16:28:42 GMT+0800 (CST) ] {"err":0,"msg":"JLswHCMwy4SV5d4GS6Lo2kj7RVYJNSavXg"}
[ Tue Aug 15 2017 16:28:42 GMT+0800 (CST) ] time is 2397
[ Tue Aug 15 2017 16:28:42 GMT+0800 (CST) ] {"err":0,"msg":"JXndCeuxpsFHDEzXxDDPf98wEK6k67Av7Z"}
[ Tue Aug 15 2017 16:28:42 GMT+0800 (CST) ] time is 2406
[ Tue Aug 15 2017 16:28:42 GMT+0800 (CST) ] {"err":0,"msg":"JUKa5gBX6hBkJDX1LAXRXFqJVpfpLn7X7i"}
[ Tue Aug 15 2017 16:28:42 GMT+0800 (CST) ] time is 2402
[ Tue Aug 15 2017 16:28:42 GMT+0800 (CST) ] {"err":0,"msg":"JPbrp5g3iQJtjSvJSj47sYa1LALahgFUGV"}
[ Tue Aug 15 2017 16:28:42 GMT+0800 (CST) ] time is 2409
[ Tue Aug 15 2017 16:28:42 GMT+0800 (CST) ] {"err":0,"msg":"JPnwFA7HGzs7GRTdtwCmkb4Q1vnEK1Umqk"}
[ Tue Aug 15 2017 16:28:42 GMT+0800 (CST) ] time is 2398
[ Tue Aug 15 2017 16:28:42 GMT+0800 (CST) ] {"err":0,"msg":"JWJRSRRAHpV7k2Fhpmp4SpmwMNdyBrRrjh"}
[ Tue Aug 15 2017 16:28:42 GMT+0800 (CST) ] time is 2407
[ Tue Aug 15 2017 16:28:42 GMT+0800 (CST) ] {"err":0,"msg":"JePsFy4SQhAbjURReAW7gHa3MPUdX5BmB8"}
[ Tue Aug 15 2017 16:28:42 GMT+0800 (CST) ] time is 2403
[ Tue Aug 15 2017 16:28:42 GMT+0800 (CST) ] {"err":0,"msg":"JWuNoc8VCaza9aG1dt81bbdSE7QJzwtzWP"}
[ Tue Aug 15 2017 16:28:42 GMT+0800 (CST) ] time is 2410
[ Tue Aug 15 2017 16:28:42 GMT+0800 (CST) ] {"err":0,"msg":"JTCLw8MxyDSCMYDTSmTFh1k55tuWrwXzPv"}
[ Tue Aug 15 2017 16:28:42 GMT+0800 (CST) ] time is 2399
[ Tue Aug 15 2017 16:28:42 GMT+0800 (CST) ] {"err":0,"msg":"JZGCMotSd4bp4SS8i4Drv4Sduu1uSVTtEu"}
[ Tue Aug 15 2017 16:28:42 GMT+0800 (CST) ] time is 2408
[ Tue Aug 15 2017 16:28:42 GMT+0800 (CST) ] {"err":0,"msg":"JWL46fWesaLtzzm6tety6yCSdGNcJcAquy"}
[ Tue Aug 15 2017 16:28:42 GMT+0800 (CST) ] time is 2404
[ Tue Aug 15 2017 16:28:42 GMT+0800 (CST) ] {"err":0,"msg":"JTqAJRJTiSbQiWwj8rnN5mb8TJwiRZoe7b"}
[ Tue Aug 15 2017 16:28:42 GMT+0800 (CST) ] time is 2411
[ Tue Aug 15 2017 16:28:42 GMT+0800 (CST) ] {"err":0,"msg":"JaD4qVPjY9ykVN2Z6vZAKZzd9yz4kPVKdP"}
[ Tue Aug 15 2017 16:28:42 GMT+0800 (CST) ] time is 2400
[ Tue Aug 15 2017 16:28:42 GMT+0800 (CST) ] {"err":0,"msg":"JNJS2vDqrsiHN2vEXkZ8myBojpk37ejNyg"}
[ Tue Aug 15 2017 16:28:42 GMT+0800 (CST) ] time is 2409
[ Tue Aug 15 2017 16:28:42 GMT+0800 (CST) ] {"err":0,"msg":"Jd9qJ6gyEfLBbVx4bENip3vyhcTuKEzQzn"}
[ Tue Aug 15 2017 16:28:42 GMT+0800 (CST) ] time is 2405
[ Tue Aug 15 2017 16:28:42 GMT+0800 (CST) ] {"err":0,"msg":"JKf1zkQNc4Ms5WdDtXtsVXcHmGuRWMpv8a"}
[ Tue Aug 15 2017 16:28:42 GMT+0800 (CST) ] time is 2412
[ Tue Aug 15 2017 16:28:42 GMT+0800 (CST) ] {"err":0,"msg":"Ja5p973MhyYjRwtj9haHAH2zvg5ymv7a95"}
[ Tue Aug 15 2017 16:28:42 GMT+0800 (CST) ] {"err":0,"msg":"JKD1hf3kKUrnSkNaX9aqhPiuCp5WuK6SGd"}
[ Tue Aug 15 2017 16:28:42 GMT+0800 (CST) ] time is 2401
[ Tue Aug 15 2017 16:28:42 GMT+0800 (CST) ] time is 2410
[ Tue Aug 15 2017 16:28:42 GMT+0800 (CST) ] {"err":0,"msg":"JQX9azhnamkvrDjzfh4LFq79FfHHrfRiyE"}
[ Tue Aug 15 2017 16:28:42 GMT+0800 (CST) ] {"err":0,"msg":"JQT6YktmxTjoC9fimjFGaxabM3wtPbcbLs"}
[ Tue Aug 15 2017 16:28:42 GMT+0800 (CST) ] time is 2406
[ Tue Aug 15 2017 16:28:42 GMT+0800 (CST) ] time is 2413
[ Tue Aug 15 2017 16:28:42 GMT+0800 (CST) ] {"err":0,"msg":"Jghy9dfXYzwfAV6ATi4EEmTWe5oEKF7b4r"}
[ Tue Aug 15 2017 16:28:42 GMT+0800 (CST) ] time is 2402
[ Tue Aug 15 2017 16:28:42 GMT+0800 (CST) ] {"err":0,"msg":"JYDcqzu7hpaE64R62TFSZnLfpRJTTFv2MH"}
[ Tue Aug 15 2017 16:28:42 GMT+0800 (CST) ] time is 2411
[ Tue Aug 15 2017 16:28:42 GMT+0800 (CST) ] {"err":0,"msg":"Jh86yyL9vug7z7QbafbtxdUBQw1gUzS8tY"}
[ Tue Aug 15 2017 16:28:42 GMT+0800 (CST) ] time is 2407
[ Tue Aug 15 2017 16:28:42 GMT+0800 (CST) ] {"err":0,"msg":"JaaQ6hV8eFPmPaYnJrf3aYTUmAx65kVqxL"}
[ Tue Aug 15 2017 16:28:42 GMT+0800 (CST) ] time is 2414
[ Tue Aug 15 2017 16:28:42 GMT+0800 (CST) ] {"err":0,"msg":"JQxjn6LafbqoxuNmWs6VyuV9dKSa7mZy73"}
[ Tue Aug 15 2017 16:28:42 GMT+0800 (CST) ] time is 2403
[ Tue Aug 15 2017 16:28:42 GMT+0800 (CST) ] {"err":0,"msg":"Jf3RqMKyLGRTZSkXEWTCGTLyH1PYpMHibn"}
[ Tue Aug 15 2017 16:28:42 GMT+0800 (CST) ] time is 2412
[ Tue Aug 15 2017 16:28:42 GMT+0800 (CST) ] {"err":0,"msg":"JMzYv1x4tF8jvcWsKi2GcQeNPCfTjB1auB"}
[ Tue Aug 15 2017 16:28:42 GMT+0800 (CST) ] time is 2408
[ Tue Aug 15 2017 16:28:42 GMT+0800 (CST) ] {"err":0,"msg":"JTYx5g9Q7HDk5Z9J7gfCynKRtwV8WCjj8x"}
[ Tue Aug 15 2017 16:28:42 GMT+0800 (CST) ] time is 2415
[ Tue Aug 15 2017 16:28:42 GMT+0800 (CST) ] {"err":0,"msg":"JXywEN1uzZNsZYcuUqVfzGZSFd1DSsEs9C"}
[ Tue Aug 15 2017 16:28:42 GMT+0800 (CST) ] time is 2404
[ Tue Aug 15 2017 16:28:42 GMT+0800 (CST) ] {"err":0,"msg":"JZu7tnH28jUUVywe1o1mXM7rs4pZRUZtq5"}
[ Tue Aug 15 2017 16:28:42 GMT+0800 (CST) ] time is 2413
[ Tue Aug 15 2017 16:28:42 GMT+0800 (CST) ] {"err":0,"msg":"JY8y8Szd6C54f3PiGvN48oB8ymjK21WfoV"}
[ Tue Aug 15 2017 16:28:42 GMT+0800 (CST) ] time is 2409
[ Tue Aug 15 2017 16:28:42 GMT+0800 (CST) ] {"err":0,"msg":"JXiiHAS9u1G9g6QiJ6SSYQbPHzResZceHi"}
[ Tue Aug 15 2017 16:28:42 GMT+0800 (CST) ] time is 2416
[ Tue Aug 15 2017 16:28:42 GMT+0800 (CST) ] {"err":0,"msg":"JdL58Ap1JVtrv4Q7nYdTdXGDhYZ8bpiWuS"}
[ Tue Aug 15 2017 16:28:42 GMT+0800 (CST) ] time is 2405
[ Tue Aug 15 2017 16:28:42 GMT+0800 (CST) ] {"err":0,"msg":"JcgmwnRCfUNVfFDg4u6Eh7QFdc4mjuYi9s"}
[ Tue Aug 15 2017 16:28:42 GMT+0800 (CST) ] time is 2414
[ Tue Aug 15 2017 16:28:42 GMT+0800 (CST) ] {"err":0,"msg":"JXNpmHi6ayfpJm1GqTzSqkmPzLV81vPKh6"}
[ Tue Aug 15 2017 16:28:42 GMT+0800 (CST) ] time is 2410
[ Tue Aug 15 2017 16:28:42 GMT+0800 (CST) ] {"err":0,"msg":"JYBguj8k7ZGCbYLyXjGfXKA5SgMsbhNTm5"}
[ Tue Aug 15 2017 16:28:42 GMT+0800 (CST) ] time is 2417
[ Tue Aug 15 2017 16:28:42 GMT+0800 (CST) ] {"err":0,"msg":"JY3BC7igedasVH6x3hpV83WhhzRCRrnFLB"}
[ Tue Aug 15 2017 16:28:42 GMT+0800 (CST) ] time is 2406
[ Tue Aug 15 2017 16:28:42 GMT+0800 (CST) ] {"err":0,"msg":"JhKV84GJbuXbcDUFhyt6ge94KjZAPEPHzP"}
[ Tue Aug 15 2017 16:28:42 GMT+0800 (CST) ] time is 2415
[ Tue Aug 15 2017 16:28:42 GMT+0800 (CST) ] {"err":0,"msg":"JR5YiWeJuUWx1wPt732f4bPE8ky6tdDiWM"}
[ Tue Aug 15 2017 16:28:42 GMT+0800 (CST) ] time is 2411
[ Tue Aug 15 2017 16:28:42 GMT+0800 (CST) ] {"err":0,"msg":"Jg8z7oA9bWResNJ1BdDWr16BiJUpF9jfpg"}
[ Tue Aug 15 2017 16:28:42 GMT+0800 (CST) ] time is 2418
[ Tue Aug 15 2017 16:28:42 GMT+0800 (CST) ] {"err":0,"msg":"JLeUrkzPPabHPTFEug3WEDmzHndm3pHNNy"}
[ Tue Aug 15 2017 16:28:42 GMT+0800 (CST) ] time is 2407
[ Tue Aug 15 2017 16:28:42 GMT+0800 (CST) ] {"err":0,"msg":"JfkWU6D5Q9CKT56kXBvrcwgqfdLfybRSpy"}
[ Tue Aug 15 2017 16:28:42 GMT+0800 (CST) ] time is 2416
[ Tue Aug 15 2017 16:28:42 GMT+0800 (CST) ] {"err":0,"msg":"JNDgDYN41vKv9JkZRSkL5jrVRzwCsVBuBp"}
[ Tue Aug 15 2017 16:28:42 GMT+0800 (CST) ] time is 2412
[ Tue Aug 15 2017 16:28:42 GMT+0800 (CST) ] {"err":0,"msg":"JLRBbTibbYZX5cCXYJxAnW6Mr2PARnMv5m"}
[ Tue Aug 15 2017 16:28:42 GMT+0800 (CST) ] time is 2419
[ Tue Aug 15 2017 16:28:42 GMT+0800 (CST) ] {"err":0,"msg":"JLggJUsWm8DeZ3caGmfanRZDXTZLRzwyJ7"}
[ Tue Aug 15 2017 16:28:42 GMT+0800 (CST) ] time is 2408
[ Tue Aug 15 2017 16:28:42 GMT+0800 (CST) ] {"err":0,"msg":"JSiYWYhPuG1iRhN9BR8uiFPwQCUcZJ6m8t"}
[ Tue Aug 15 2017 16:28:42 GMT+0800 (CST) ] time is 2417
[ Tue Aug 15 2017 16:28:42 GMT+0800 (CST) ] {"err":0,"msg":"JNQrxXQkRoq6eovGXDP5h4FisbeY4zm6A1"}
[ Tue Aug 15 2017 16:28:42 GMT+0800 (CST) ] time is 2413
[ Tue Aug 15 2017 16:28:42 GMT+0800 (CST) ] {"err":0,"msg":"JUrmYsbCxYf3TKFE95FQ787cSorxdj6na5"}
[ Tue Aug 15 2017 16:28:42 GMT+0800 (CST) ] time is 2420
[ Tue Aug 15 2017 16:28:42 GMT+0800 (CST) ] {"err":0,"msg":"Jd63qv11UF6ZigRuCSJmZsDLjtKqLXhxpB"}
[ Tue Aug 15 2017 16:28:42 GMT+0800 (CST) ] time is 2409
[ Tue Aug 15 2017 16:28:42 GMT+0800 (CST) ] {"err":0,"msg":"JQuvF4asGLT94ayiewAKNv9fACBjAxB9Lm"}
[ Tue Aug 15 2017 16:28:42 GMT+0800 (CST) ] time is 2418
[ Tue Aug 15 2017 16:28:42 GMT+0800 (CST) ] {"err":0,"msg":"JUQmmBzCaL39MkqbRrFz6eTu6mVwJP4xzK"}
[ Tue Aug 15 2017 16:28:42 GMT+0800 (CST) ] time is 2414
[ Tue Aug 15 2017 16:28:42 GMT+0800 (CST) ] {"err":0,"msg":"JV3oFzGT1VRSqxNZbZnZipFvarkjscz27P"}
[ Tue Aug 15 2017 16:28:42 GMT+0800 (CST) ] time is 2421
[ Tue Aug 15 2017 16:28:42 GMT+0800 (CST) ] {"err":0,"msg":"JNT13nWhZsgoT2R4f2YCXuHWTLuhUPqQed"}
[ Tue Aug 15 2017 16:28:42 GMT+0800 (CST) ] time is 2410
[ Tue Aug 15 2017 16:28:42 GMT+0800 (CST) ] {"err":0,"msg":"JeGcs3xKVj8bmMGHUwcoNJJHJUmgBFA7Wq"}
[ Tue Aug 15 2017 16:28:42 GMT+0800 (CST) ] time is 2419
[ Tue Aug 15 2017 16:28:42 GMT+0800 (CST) ] {"err":0,"msg":"JY1wGPe8hZzwNEzocYBcqV7wKtTRKDMp6J"}
[ Tue Aug 15 2017 16:28:42 GMT+0800 (CST) ] time is 2415
[ Tue Aug 15 2017 16:28:42 GMT+0800 (CST) ] {"err":0,"msg":"JXRWQ1BYDvWQGiPwZTCwW77MnUDJGFX5Hf"}
[ Tue Aug 15 2017 16:28:42 GMT+0800 (CST) ] time is 2422
[ Tue Aug 15 2017 16:28:42 GMT+0800 (CST) ] {"err":0,"msg":"JUmn3sQ5fddVWDd4xEVvkqE7dvAPzfG4uA"}
[ Tue Aug 15 2017 16:28:42 GMT+0800 (CST) ] time is 2411
[ Tue Aug 15 2017 16:28:42 GMT+0800 (CST) ] {"err":0,"msg":"JNVjfaT5AQe1odLEwYkiVJY1dKMzi36qJh"}
[ Tue Aug 15 2017 16:28:42 GMT+0800 (CST) ] time is 2420
[ Tue Aug 15 2017 16:28:42 GMT+0800 (CST) ] {"err":0,"msg":"JXmZ8ACtMQXMJt5w7VN3bYzV2Wb9PD45nA"}
[ Tue Aug 15 2017 16:28:42 GMT+0800 (CST) ] time is 2423
[ Tue Aug 15 2017 16:28:42 GMT+0800 (CST) ] {"err":0,"msg":"Jb3NS1m2jn8iuvMKWJFVt2NkTyAKxFmw5W"}
[ Tue Aug 15 2017 16:28:42 GMT+0800 (CST) ] {"err":0,"msg":"Jg314Vo4vSKjjwPqAn9e8gVHkdxPYamdAw"}
[ Tue Aug 15 2017 16:28:42 GMT+0800 (CST) ] time is 2416
[ Tue Aug 15 2017 16:28:42 GMT+0800 (CST) ] time is 2412
[ Tue Aug 15 2017 16:28:42 GMT+0800 (CST) ] {"err":0,"msg":"JYopJoxYfVtXujK8TfBoGkwZh4ip2Sp7BR"}
[ Tue Aug 15 2017 16:28:42 GMT+0800 (CST) ] time is 2421
[ Tue Aug 15 2017 16:28:42 GMT+0800 (CST) ] {"err":0,"msg":"JMcHbDFbihJkruPqo56E8ZNSjgdk7BM3B4"}
[ Tue Aug 15 2017 16:28:42 GMT+0800 (CST) ] time is 2424
[ Tue Aug 15 2017 16:28:42 GMT+0800 (CST) ] {"err":0,"msg":"JbzD3tL2QxG2bqRJz3hczYZsEbpWW72VQk"}
[ Tue Aug 15 2017 16:28:43 GMT+0800 (CST) ] time is 2417
[ Tue Aug 15 2017 16:28:43 GMT+0800 (CST) ] {"err":0,"msg":"JTLWEV7utV4obGciY7RwENJ3RHsDRtRBU4"}
[ Tue Aug 15 2017 16:28:43 GMT+0800 (CST) ] time is 2413
[ Tue Aug 15 2017 16:28:43 GMT+0800 (CST) ] {"err":0,"msg":"JXsZySiCkca6bj8sf1G1ryi2aRY4vBVLYY"}
[ Tue Aug 15 2017 16:28:43 GMT+0800 (CST) ] time is 2422
[ Tue Aug 15 2017 16:28:43 GMT+0800 (CST) ] {"err":0,"msg":"JVobWbyxxu4RgXKqZzqicieiEWyxNLGhV4"}
[ Tue Aug 15 2017 16:28:43 GMT+0800 (CST) ] time is 2425
[ Tue Aug 15 2017 16:28:43 GMT+0800 (CST) ] {"err":0,"msg":"JL6n6qtWQL8qVVwBXjp1BUFPDwtTpjn6N7"}
[ Tue Aug 15 2017 16:28:43 GMT+0800 (CST) ] time is 2418
[ Tue Aug 15 2017 16:28:43 GMT+0800 (CST) ] {"err":0,"msg":"Jas92bACSJ2WcHwGabqQN3WbcomNXpNAqy"}
[ Tue Aug 15 2017 16:28:43 GMT+0800 (CST) ] time is 2414
[ Tue Aug 15 2017 16:28:43 GMT+0800 (CST) ] {"err":0,"msg":"JQjVGEYzcfsXnthy3FtZzrpD5rGkmBfofp"}
[ Tue Aug 15 2017 16:28:43 GMT+0800 (CST) ] time is 2423
[ Tue Aug 15 2017 16:28:43 GMT+0800 (CST) ] {"err":0,"msg":"Jgd3tr7e2GjsAG7sMonC7QM7WtLDcEvvMu"}
[ Tue Aug 15 2017 16:28:43 GMT+0800 (CST) ] time is 2426
[ Tue Aug 15 2017 16:28:43 GMT+0800 (CST) ] {"err":0,"msg":"JQ3zV1HWN7wCq1J1ZTCW2ZKJX99sC2W1dA"}
[ Tue Aug 15 2017 16:28:43 GMT+0800 (CST) ] time is 2419
[ Tue Aug 15 2017 16:28:43 GMT+0800 (CST) ] {"err":0,"msg":"JXqEpMZrTtZ8JZgz113V9XFW9ZLrnViD9D"}
[ Tue Aug 15 2017 16:28:43 GMT+0800 (CST) ] time is 2415
[ Tue Aug 15 2017 16:28:43 GMT+0800 (CST) ] {"err":0,"msg":"JSVCERvuijLMERyHfqk5rnv2q5vTg5caFR"}
[ Tue Aug 15 2017 16:28:43 GMT+0800 (CST) ] time is 2424
[ Tue Aug 15 2017 16:28:43 GMT+0800 (CST) ] {"err":0,"msg":"JPhZbnakhwHJNLZPhdagcAAbF4nJGv47Mq"}
[ Tue Aug 15 2017 16:28:43 GMT+0800 (CST) ] time is 2427
[ Tue Aug 15 2017 16:28:43 GMT+0800 (CST) ] {"err":0,"msg":"JNVNQ6jtzhcq34Zna1HmcM6FVjDPZyWvMs"}
[ Tue Aug 15 2017 16:28:43 GMT+0800 (CST) ] time is 2420
[ Tue Aug 15 2017 16:28:43 GMT+0800 (CST) ] {"err":0,"msg":"JUW8BSKtaF7YWriVyRXccRrVdcbjjHVqN5"}
[ Tue Aug 15 2017 16:28:43 GMT+0800 (CST) ] time is 2416
[ Tue Aug 15 2017 16:28:43 GMT+0800 (CST) ] {"err":0,"msg":"JQbYfzhQ59MC44J1TGKgBYdLUedD7jbH7Q"}
[ Tue Aug 15 2017 16:28:43 GMT+0800 (CST) ] time is 2425
[ Tue Aug 15 2017 16:28:43 GMT+0800 (CST) ] {"err":0,"msg":"JSVF1J6VFLMbNFD7NRjkzebvYsoFDyt5cn"}
[ Tue Aug 15 2017 16:28:43 GMT+0800 (CST) ] {"err":0,"msg":"JahQTvhXEj1vNYFRq98n6zcFCTtMLqvi6R"}
[ Tue Aug 15 2017 16:28:43 GMT+0800 (CST) ] time is 2428
[ Tue Aug 15 2017 16:28:43 GMT+0800 (CST) ] time is 2421
[ Tue Aug 15 2017 16:28:43 GMT+0800 (CST) ] {"err":0,"msg":"JhmkTsR9SAiZwduN2u7uTiDM9cWHcskWLu"}
[ Tue Aug 15 2017 16:28:43 GMT+0800 (CST) ] time is 2417
[ Tue Aug 15 2017 16:28:43 GMT+0800 (CST) ] {"err":0,"msg":"JMkMxrehR1JJEMgRp117VQTyDLtGnp2ctu"}
[ Tue Aug 15 2017 16:28:43 GMT+0800 (CST) ] time is 2426
[ Tue Aug 15 2017 16:28:43 GMT+0800 (CST) ] {"err":0,"msg":"JU4XvMzb56wvBjqkhs8HFGrCFakgjnAB1i"}
[ Tue Aug 15 2017 16:28:43 GMT+0800 (CST) ] time is 2429
[ Tue Aug 15 2017 16:28:43 GMT+0800 (CST) ] {"err":0,"msg":"JWEeSDHm8tpR9DgVFj4FX8YJRnm76JzgnL"}
[ Tue Aug 15 2017 16:28:43 GMT+0800 (CST) ] time is 2422
[ Tue Aug 15 2017 16:28:43 GMT+0800 (CST) ] {"err":0,"msg":"JZ1249To4gV9dMmZNngiWgkseiVZ1qG9vF"}
[ Tue Aug 15 2017 16:28:43 GMT+0800 (CST) ] time is 2418
[ Tue Aug 15 2017 16:28:43 GMT+0800 (CST) ] {"err":0,"msg":"JWBMM6PheR86nKdRZfSXuKuJJfYdLcJzWj"}
[ Tue Aug 15 2017 16:28:43 GMT+0800 (CST) ] time is 2427
[ Tue Aug 15 2017 16:28:43 GMT+0800 (CST) ] {"err":0,"msg":"JKfYfhwFzw3y6FoQ4zUmqcP9JptzhJy5Fu"}
[ Tue Aug 15 2017 16:28:43 GMT+0800 (CST) ] time is 2423
[ Tue Aug 15 2017 16:28:43 GMT+0800 (CST) ] {"err":0,"msg":"JKQPTFUzUUjTFVwW8xhS8MVeNNpegeug6G"}
[ Tue Aug 15 2017 16:28:43 GMT+0800 (CST) ] time is 2430
[ Tue Aug 15 2017 16:28:43 GMT+0800 (CST) ] {"err":0,"msg":"Je8CaukZvaAcWCFjjHkumhr2kq8fQkoYyA"}
[ Tue Aug 15 2017 16:28:43 GMT+0800 (CST) ] time is 2419
[ Tue Aug 15 2017 16:28:43 GMT+0800 (CST) ] {"err":0,"msg":"JcvfvaC2GQEcBUJJdn49bV6CkSeK9L9vaZ"}
[ Tue Aug 15 2017 16:28:43 GMT+0800 (CST) ] time is 2428
[ Tue Aug 15 2017 16:28:43 GMT+0800 (CST) ] {"err":0,"msg":"Je1nWkKobniRFMQmzSvJw6ETDkBXrf5TR1"}
[ Tue Aug 15 2017 16:28:43 GMT+0800 (CST) ] time is 2424
[ Tue Aug 15 2017 16:28:43 GMT+0800 (CST) ] {"err":0,"msg":"JYFtL1DmWUDGNhKwTgjBbEnZHu6AturyTJ"}
[ Tue Aug 15 2017 16:28:43 GMT+0800 (CST) ] time is 2420
[ Tue Aug 15 2017 16:28:43 GMT+0800 (CST) ] {"err":0,"msg":"JenkT2VA9EW2NSkDr9MinhnByWH3KUzbh1"}
[ Tue Aug 15 2017 16:28:43 GMT+0800 (CST) ] time is 2431
[ Tue Aug 15 2017 16:28:43 GMT+0800 (CST) ] {"err":0,"msg":"JfmkRoNqSiM48WWYsrTriALVuAdkNyDnEY"}
[ Tue Aug 15 2017 16:28:43 GMT+0800 (CST) ] time is 2429
[ Tue Aug 15 2017 16:28:43 GMT+0800 (CST) ] {"err":0,"msg":"JQdkD4tSVF5Fy9oMW8sVxY5Q4AUarJy3tG"}
[ Tue Aug 15 2017 16:28:43 GMT+0800 (CST) ] time is 2425
[ Tue Aug 15 2017 16:28:43 GMT+0800 (CST) ] {"err":0,"msg":"Jdc71CsXg6sQems3UNfJ8G4q21WH3Pi4DQ"}
[ Tue Aug 15 2017 16:28:43 GMT+0800 (CST) ] time is 2421
[ Tue Aug 15 2017 16:28:43 GMT+0800 (CST) ] {"err":0,"msg":"JcMBJrqVW71GsKSVKNKKg9oycPRV2mzUwn"}
[ Tue Aug 15 2017 16:28:43 GMT+0800 (CST) ] {"err":0,"msg":"JKxDMptHzSj6toxSzJhhuuVnXXxxX75CCz"}
[ Tue Aug 15 2017 16:28:43 GMT+0800 (CST) ] time is 2432
[ Tue Aug 15 2017 16:28:43 GMT+0800 (CST) ] time is 2430
[ Tue Aug 15 2017 16:28:43 GMT+0800 (CST) ] {"err":0,"msg":"JUUZRzSpLCooANryR9bi4Ls3cxGUhJy5Jk"}
[ Tue Aug 15 2017 16:28:43 GMT+0800 (CST) ] time is 2426
[ Tue Aug 15 2017 16:28:43 GMT+0800 (CST) ] {"err":0,"msg":"JTT6ri6rNrTiRgXaDwg1EVRnhdFzuPEbPF"}
[ Tue Aug 15 2017 16:28:43 GMT+0800 (CST) ] time is 2422
[ Tue Aug 15 2017 16:28:43 GMT+0800 (CST) ] {"err":0,"msg":"JRXdbAeCmdWp3Zv7XePDdL5qTTQ5Zc5CxJ"}
[ Tue Aug 15 2017 16:28:43 GMT+0800 (CST) ] time is 2433
[ Tue Aug 15 2017 16:28:43 GMT+0800 (CST) ] {"err":0,"msg":"JYN6GXCr9xUsGUBFwmGxd71sRimugHQ4PN"}
[ Tue Aug 15 2017 16:28:43 GMT+0800 (CST) ] time is 2431
[ Tue Aug 15 2017 16:28:43 GMT+0800 (CST) ] {"err":0,"msg":"JJg2h7t49tenR21TR5qZBGZkQePidk2diG"}
[ Tue Aug 15 2017 16:28:43 GMT+0800 (CST) ] time is 2427
[ Tue Aug 15 2017 16:28:43 GMT+0800 (CST) ] {"err":0,"msg":"JTLzcyWj3PBUE3F6Hpqe3e7bK15WocTPyA"}
[ Tue Aug 15 2017 16:28:43 GMT+0800 (CST) ] time is 2423
[ Tue Aug 15 2017 16:28:43 GMT+0800 (CST) ] {"err":0,"msg":"JeJhTxGG1ZpEHbuxU4BvQnetZUqMYyejNE"}
[ Tue Aug 15 2017 16:28:43 GMT+0800 (CST) ] time is 2434
[ Tue Aug 15 2017 16:28:43 GMT+0800 (CST) ] {"err":0,"msg":"JY2r1dwKFBLreByxEd6fNjibZ7DweX6NAt"}
[ Tue Aug 15 2017 16:28:43 GMT+0800 (CST) ] time is 2432
[ Tue Aug 15 2017 16:28:43 GMT+0800 (CST) ] {"err":0,"msg":"JdQLC3KRJ8sSraWuMCG6Y6h7UBTp1VdLgw"}
[ Tue Aug 15 2017 16:28:43 GMT+0800 (CST) ] time is 2428
[ Tue Aug 15 2017 16:28:43 GMT+0800 (CST) ] {"err":0,"msg":"JKLuZy8DdZtwZjsyPcNVQvbwhnkquBTAdU"}
[ Tue Aug 15 2017 16:28:43 GMT+0800 (CST) ] {"err":0,"msg":"Ja7RVc4G63x7PQxxMYCZAUFtxvn5ksQFLz"}
[ Tue Aug 15 2017 16:28:43 GMT+0800 (CST) ] time is 2424
[ Tue Aug 15 2017 16:28:43 GMT+0800 (CST) ] time is 2435
[ Tue Aug 15 2017 16:28:43 GMT+0800 (CST) ] {"err":0,"msg":"JhGAoyDzb1oiZtQ6W9FZecxfF8YqAeD5bY"}
[ Tue Aug 15 2017 16:28:43 GMT+0800 (CST) ] time is 2433
[ Tue Aug 15 2017 16:28:43 GMT+0800 (CST) ] {"err":0,"msg":"JT5u3KDxRiqgBdbvchcVBvrb2pcpYjBCAA"}
[ Tue Aug 15 2017 16:28:43 GMT+0800 (CST) ] time is 2429
[ Tue Aug 15 2017 16:28:43 GMT+0800 (CST) ] {"err":0,"msg":"JfCMnKgLECCPLirUMWGAedhSSQjNyZ1QZE"}
[ Tue Aug 15 2017 16:28:43 GMT+0800 (CST) ] time is 2425
[ Tue Aug 15 2017 16:28:43 GMT+0800 (CST) ] {"err":0,"msg":"JZn2NqgKSndRbnXwVPsvMML1uAoKLxmsKH"}
[ Tue Aug 15 2017 16:28:43 GMT+0800 (CST) ] time is 2436
[ Tue Aug 15 2017 16:28:43 GMT+0800 (CST) ] {"err":0,"msg":"JhD1akLLaQcLHJ27Q9EafWpRnht76quC4s"}
[ Tue Aug 15 2017 16:28:43 GMT+0800 (CST) ] time is 2434
[ Tue Aug 15 2017 16:28:43 GMT+0800 (CST) ] {"err":0,"msg":"JUxth8bts87uxjCPeEQAd1fxREXiTvatdE"}
[ Tue Aug 15 2017 16:28:43 GMT+0800 (CST) ] time is 2430
[ Tue Aug 15 2017 16:28:43 GMT+0800 (CST) ] {"err":0,"msg":"JeRm3QyZgV7CpFCop83x2m26m6S5DyJ4SX"}
[ Tue Aug 15 2017 16:28:43 GMT+0800 (CST) ] time is 2426
[ Tue Aug 15 2017 16:28:43 GMT+0800 (CST) ] {"err":0,"msg":"JNUZppbuNdJsCKBS5CAUrsWZ1of9YeSuNu"}
[ Tue Aug 15 2017 16:28:43 GMT+0800 (CST) ] time is 2437
[ Tue Aug 15 2017 16:28:43 GMT+0800 (CST) ] {"err":0,"msg":"JK8Lm9ugKD7JikW4mXX7YKw8KZQEp4Sh4P"}
[ Tue Aug 15 2017 16:28:43 GMT+0800 (CST) ] time is 2435
[ Tue Aug 15 2017 16:28:43 GMT+0800 (CST) ] {"err":0,"msg":"JUhHthvGGTd6SEicgCGCDhGVxCVWWcnri6"}
[ Tue Aug 15 2017 16:28:43 GMT+0800 (CST) ] time is 2431
[ Tue Aug 15 2017 16:28:43 GMT+0800 (CST) ] {"err":0,"msg":"JgDfUbck9grokHE33tY7EL5wRWhCgtdFNZ"}
[ Tue Aug 15 2017 16:28:43 GMT+0800 (CST) ] time is 2427
[ Tue Aug 15 2017 16:28:43 GMT+0800 (CST) ] {"err":0,"msg":"JV6rrxXV6BJgHJHuNZiZUqWTCVnHx1iSru"}
[ Tue Aug 15 2017 16:28:43 GMT+0800 (CST) ] time is 2438
[ Tue Aug 15 2017 16:28:43 GMT+0800 (CST) ] {"err":0,"msg":"JZS1UM9AN4CN7mi7C46H2WPCaxFGpKBYNc"}
[ Tue Aug 15 2017 16:28:43 GMT+0800 (CST) ] time is 2436
[ Tue Aug 15 2017 16:28:43 GMT+0800 (CST) ] {"err":0,"msg":"JQ31zZnByXK1ccU7PW8zRHmdH4f7yGMetT"}
[ Tue Aug 15 2017 16:28:43 GMT+0800 (CST) ] time is 2432
[ Tue Aug 15 2017 16:28:43 GMT+0800 (CST) ] {"err":0,"msg":"JaaduwdWA5Cg8xy3a318VbZT69nbEEcuH8"}
[ Tue Aug 15 2017 16:28:43 GMT+0800 (CST) ] time is 2428
[ Tue Aug 15 2017 16:28:43 GMT+0800 (CST) ] {"err":0,"msg":"JhfYKsG6LL4rxyLGPz1bLSYczN7pS5f5ia"}
[ Tue Aug 15 2017 16:28:43 GMT+0800 (CST) ] time is 2439
[ Tue Aug 15 2017 16:28:43 GMT+0800 (CST) ] {"err":0,"msg":"JKnfVyj7NdhCTCbTnBC5ugp17FEgpXtrMp"}
[ Tue Aug 15 2017 16:28:43 GMT+0800 (CST) ] time is 2437
[ Tue Aug 15 2017 16:28:43 GMT+0800 (CST) ] {"err":0,"msg":"JTYCgszt5yB4LxuTzZKsSj9g8RTJqdH5ff"}
[ Tue Aug 15 2017 16:28:43 GMT+0800 (CST) ] time is 2433
[ Tue Aug 15 2017 16:28:43 GMT+0800 (CST) ] {"err":0,"msg":"JgSZtnDhHrNY8ozYKTso6jmfbbJpbfDcNk"}
[ Tue Aug 15 2017 16:28:43 GMT+0800 (CST) ] time is 2429
[ Tue Aug 15 2017 16:28:43 GMT+0800 (CST) ] {"err":0,"msg":"JdXZbhPTxEF8yD75zuwpBgSYkCWBUQsu7C"}
[ Tue Aug 15 2017 16:28:43 GMT+0800 (CST) ] time is 2440
[ Tue Aug 15 2017 16:28:43 GMT+0800 (CST) ] {"err":0,"msg":"JcwUnjEsaEvC9huKgdDpHv7rHTv4TNZBsz"}
[ Tue Aug 15 2017 16:28:44 GMT+0800 (CST) ] time is 2438
[ Tue Aug 15 2017 16:28:44 GMT+0800 (CST) ] {"err":0,"msg":"JSnYQBshVk1hnuea7xgsK72fYfTCbhxk1C"}
[ Tue Aug 15 2017 16:28:44 GMT+0800 (CST) ] time is 2434
[ Tue Aug 15 2017 16:28:44 GMT+0800 (CST) ] {"err":0,"msg":"JS5xCapguZxkvCygn1datYukqCMTssbT8U"}
[ Tue Aug 15 2017 16:28:44 GMT+0800 (CST) ] time is 2441
[ Tue Aug 15 2017 16:28:44 GMT+0800 (CST) ] {"err":0,"msg":"JT37ePfm1JBi8uNegXFFzAEo7zFc3oMaex"}
[ Tue Aug 15 2017 16:28:44 GMT+0800 (CST) ] time is 2430
[ Tue Aug 15 2017 16:28:44 GMT+0800 (CST) ] {"err":0,"msg":"JZPm8q5PLnLbK9GW2NoSA9m233WbQGGVqw"}
[ Tue Aug 15 2017 16:28:44 GMT+0800 (CST) ] time is 2439
[ Tue Aug 15 2017 16:28:44 GMT+0800 (CST) ] {"err":0,"msg":"JhouWbd36GqAuKztfBTUr7uf3XyS47dJtx"}
[ Tue Aug 15 2017 16:28:44 GMT+0800 (CST) ] time is 2435
[ Tue Aug 15 2017 16:28:44 GMT+0800 (CST) ] {"err":0,"msg":"JbhM5gP2KyknRjjGHmBPYvVRFonQRGM2cZ"}
[ Tue Aug 15 2017 16:28:44 GMT+0800 (CST) ] time is 2431
[ Tue Aug 15 2017 16:28:44 GMT+0800 (CST) ] {"err":0,"msg":"JWkspi8nBdpk9ceUNqZ5t5Wm7qvLH52Nyf"}
[ Tue Aug 15 2017 16:28:44 GMT+0800 (CST) ] time is 2442
[ Tue Aug 15 2017 16:28:44 GMT+0800 (CST) ] {"err":0,"msg":"JaVpQoUHnT1qPXrCfZDGF4fCBkE5vUP1Mb"}
[ Tue Aug 15 2017 16:28:44 GMT+0800 (CST) ] time is 2440
[ Tue Aug 15 2017 16:28:44 GMT+0800 (CST) ] {"err":0,"msg":"JWKYv6xPcWdsAHEZzPM7C49uBZmTi7AaHN"}
[ Tue Aug 15 2017 16:28:44 GMT+0800 (CST) ] time is 2436
[ Tue Aug 15 2017 16:28:44 GMT+0800 (CST) ] {"err":0,"msg":"JfegwNbPKQteduiUztSgDxvWFLKT9Yfj7v"}
[ Tue Aug 15 2017 16:28:44 GMT+0800 (CST) ] time is 2432
[ Tue Aug 15 2017 16:28:44 GMT+0800 (CST) ] {"err":0,"msg":"JKmt98BRzmVE1wP489a3H7YRXGHUJvUJjP"}
[ Tue Aug 15 2017 16:28:44 GMT+0800 (CST) ] time is 2443
[ Tue Aug 15 2017 16:28:44 GMT+0800 (CST) ] {"err":0,"msg":"JgmPU5hRAYk7pKuVDsVfaSZ5XSZTiFS2bZ"}
[ Tue Aug 15 2017 16:28:44 GMT+0800 (CST) ] time is 2441
[ Tue Aug 15 2017 16:28:44 GMT+0800 (CST) ] {"err":0,"msg":"JS9tP2GRtVq4Hy6NaBu1rjRwqLT24tVktr"}
[ Tue Aug 15 2017 16:28:44 GMT+0800 (CST) ] time is 2437
[ Tue Aug 15 2017 16:28:44 GMT+0800 (CST) ] {"err":0,"msg":"JSsjcuxMViDm26fjt2fG25JCisL886vDtT"}
[ Tue Aug 15 2017 16:28:44 GMT+0800 (CST) ] time is 2433
[ Tue Aug 15 2017 16:28:44 GMT+0800 (CST) ] {"err":0,"msg":"JRnBtUmZUxys1NCkD5q1KCk21j1Hv1qkmL"}
[ Tue Aug 15 2017 16:28:44 GMT+0800 (CST) ] time is 2444
[ Tue Aug 15 2017 16:28:44 GMT+0800 (CST) ] {"err":0,"msg":"JM7rDZCYeUY1Aa3x9iQUugvVx1xaVU5ciK"}
[ Tue Aug 15 2017 16:28:44 GMT+0800 (CST) ] time is 2442
[ Tue Aug 15 2017 16:28:44 GMT+0800 (CST) ] {"err":0,"msg":"Jf4aJUmnfuW2TpAJnJm2XBUx5NxMwwkXuT"}
[ Tue Aug 15 2017 16:28:44 GMT+0800 (CST) ] time is 2438
[ Tue Aug 15 2017 16:28:44 GMT+0800 (CST) ] {"err":0,"msg":"JfURhQ8G1aNP86xnRz1sMsFqe3UqjvWsNW"}
[ Tue Aug 15 2017 16:28:44 GMT+0800 (CST) ] time is 2445
[ Tue Aug 15 2017 16:28:44 GMT+0800 (CST) ] {"err":0,"msg":"JM1CuXqJyjZM9tdsGA2aG57oNApyoy8pnp"}
[ Tue Aug 15 2017 16:28:44 GMT+0800 (CST) ] time is 2434
[ Tue Aug 15 2017 16:28:44 GMT+0800 (CST) ] {"err":0,"msg":"JNhyEMgBuS7qBqemofmWaXShcZiedx7QPt"}
[ Tue Aug 15 2017 16:28:44 GMT+0800 (CST) ] time is 2443
[ Tue Aug 15 2017 16:28:44 GMT+0800 (CST) ] {"err":0,"msg":"JM1dWy5XfJy3tddgTXVCa4JTn3ZkkGutjd"}
[ Tue Aug 15 2017 16:28:44 GMT+0800 (CST) ] time is 2446
[ Tue Aug 15 2017 16:28:44 GMT+0800 (CST) ] {"err":0,"msg":"JS5WkFen5bPnWrpt6yso3TYPgUL2KBcWpr"}
[ Tue Aug 15 2017 16:28:44 GMT+0800 (CST) ] time is 2435
[ Tue Aug 15 2017 16:28:44 GMT+0800 (CST) ] {"err":0,"msg":"JcWpnMGQVux2f9F1Ly3MaqoyrCezskkJtD"}
[ Tue Aug 15 2017 16:28:44 GMT+0800 (CST) ] time is 2439
[ Tue Aug 15 2017 16:28:44 GMT+0800 (CST) ] {"err":0,"msg":"JN1WnAsiCK46AJrhaPa23GdboJifuTBrNC"}
[ Tue Aug 15 2017 16:28:44 GMT+0800 (CST) ] time is 2447
[ Tue Aug 15 2017 16:28:44 GMT+0800 (CST) ] {"err":0,"msg":"Jd44V24aWAoNpPdpgoGfyTLipcKGPKx6bi"}
[ Tue Aug 15 2017 16:28:44 GMT+0800 (CST) ] time is 2444
[ Tue Aug 15 2017 16:28:44 GMT+0800 (CST) ] {"err":0,"msg":"JZLhGkPShbRAJ519RJWs1i6H2MjpckT4VA"}
[ Tue Aug 15 2017 16:28:44 GMT+0800 (CST) ] time is 2436
[ Tue Aug 15 2017 16:28:44 GMT+0800 (CST) ] {"err":0,"msg":"JekgZRS8uyfxwL6qnyzUq2ReDeH8PaZv58"}
[ Tue Aug 15 2017 16:28:44 GMT+0800 (CST) ] time is 2440
[ Tue Aug 15 2017 16:28:44 GMT+0800 (CST) ] {"err":0,"msg":"JTYtvg8TeUEiygAhE83guxLeDVf3M9xpcu"}
[ Tue Aug 15 2017 16:28:44 GMT+0800 (CST) ] time is 2448
[ Tue Aug 15 2017 16:28:44 GMT+0800 (CST) ] {"err":0,"msg":"JSppLs9cFwtcEfM2YF2q9Agb8svHXTT5vA"}
[ Tue Aug 15 2017 16:28:44 GMT+0800 (CST) ] time is 2437
[ Tue Aug 15 2017 16:28:44 GMT+0800 (CST) ] {"err":0,"msg":"JY9yGoHwjQoyRAaWNMJnByV6HLRqktgqve"}
[ Tue Aug 15 2017 16:28:44 GMT+0800 (CST) ] time is 2445
[ Tue Aug 15 2017 16:28:44 GMT+0800 (CST) ] {"err":0,"msg":"JWArfSL9AGR4Ciq7ahmZFoRCdU2MJqhX55"}
[ Tue Aug 15 2017 16:28:44 GMT+0800 (CST) ] time is 2441
[ Tue Aug 15 2017 16:28:44 GMT+0800 (CST) ] {"err":0,"msg":"Jc8SKuqDE8G72pDi1fnxy9fGsnXHbUEQGM"}
[ Tue Aug 15 2017 16:28:44 GMT+0800 (CST) ] time is 2449
[ Tue Aug 15 2017 16:28:44 GMT+0800 (CST) ] {"err":0,"msg":"JYKS7ryrc8sBWornimrjwUpv8Xrt7VTmUL"}
[ Tue Aug 15 2017 16:28:44 GMT+0800 (CST) ] time is 2438
[ Tue Aug 15 2017 16:28:44 GMT+0800 (CST) ] {"err":0,"msg":"JXvndsfV95YSh9kQMb5Q1PAVq8MKzASVhP"}
[ Tue Aug 15 2017 16:28:44 GMT+0800 (CST) ] time is 2446
[ Tue Aug 15 2017 16:28:44 GMT+0800 (CST) ] {"err":0,"msg":"JYrNppRJYkMjbznjMU6zYCPhyXMXQ91juz"}
[ Tue Aug 15 2017 16:28:44 GMT+0800 (CST) ] time is 2442
[ Tue Aug 15 2017 16:28:44 GMT+0800 (CST) ] {"err":0,"msg":"JSf1WD5St4apuDythVprCUgvxjuWv52LF9"}
[ Tue Aug 15 2017 16:28:44 GMT+0800 (CST) ] time is 2450
[ Tue Aug 15 2017 16:28:44 GMT+0800 (CST) ] {"err":0,"msg":"JMk2n3QsPcKPxVRAnMAELkutGsFFR4tFYk"}
[ Tue Aug 15 2017 16:28:44 GMT+0800 (CST) ] {"err":0,"msg":"JQ5Pw8gtSxC4tZb3opgsy8zDdS3Pb7LJ3G"}
[ Tue Aug 15 2017 16:28:44 GMT+0800 (CST) ] time is 2439
[ Tue Aug 15 2017 16:28:44 GMT+0800 (CST) ] time is 2443
[ Tue Aug 15 2017 16:28:44 GMT+0800 (CST) ] {"err":0,"msg":"JUtbcn6wrUP7nkgh1k47Hvvh5ZGgiNw2Xy"}
[ Tue Aug 15 2017 16:28:44 GMT+0800 (CST) ] time is 2447
[ Tue Aug 15 2017 16:28:44 GMT+0800 (CST) ] {"err":0,"msg":"JSvvCGujh69oPhA44xsvFGACadn1b3VZmB"}
[ Tue Aug 15 2017 16:28:44 GMT+0800 (CST) ] time is 2451
[ Tue Aug 15 2017 16:28:44 GMT+0800 (CST) ] {"err":0,"msg":"JVT7MDEbM2JgAa37bNHCd94X7xuayBhd4Q"}
[ Tue Aug 15 2017 16:28:44 GMT+0800 (CST) ] time is 2440
[ Tue Aug 15 2017 16:28:44 GMT+0800 (CST) ] {"err":0,"msg":"JJuFMcZyGh6TUjfRjwNCcP647wCGuzYgqQ"}
[ Tue Aug 15 2017 16:28:44 GMT+0800 (CST) ] time is 2444
[ Tue Aug 15 2017 16:28:44 GMT+0800 (CST) ] {"err":0,"msg":"JJZGdevKxMUE58JasXQK1jMxuZd4qQav73"}
[ Tue Aug 15 2017 16:28:44 GMT+0800 (CST) ] time is 2448
[ Tue Aug 15 2017 16:28:44 GMT+0800 (CST) ] {"err":0,"msg":"JTRrwsQudGpCYVeSS6QVLdnNQLJYLLBhxY"}
[ Tue Aug 15 2017 16:28:44 GMT+0800 (CST) ] time is 2452
[ Tue Aug 15 2017 16:28:44 GMT+0800 (CST) ] {"err":0,"msg":"JNWQLQN8TNa7hMbgecpN4vM3tpiCLyTGB1"}
[ Tue Aug 15 2017 16:28:44 GMT+0800 (CST) ] time is 2441
[ Tue Aug 15 2017 16:28:44 GMT+0800 (CST) ] {"err":0,"msg":"JdGQBqwa2Qfytm4Gp8HTW3d6Papc612Xh3"}
[ Tue Aug 15 2017 16:28:44 GMT+0800 (CST) ] time is 2445
[ Tue Aug 15 2017 16:28:44 GMT+0800 (CST) ] {"err":0,"msg":"JXjE3yrSdkf74x4MnbdQMxQYm4gcQMpgm8"}
[ Tue Aug 15 2017 16:28:44 GMT+0800 (CST) ] time is 2449
[ Tue Aug 15 2017 16:28:44 GMT+0800 (CST) ] {"err":0,"msg":"JahzC1ANzW9s7tEduyYpxJi3Aea6LHQ2b1"}
[ Tue Aug 15 2017 16:28:44 GMT+0800 (CST) ] time is 2453
[ Tue Aug 15 2017 16:28:44 GMT+0800 (CST) ] {"err":0,"msg":"JTYUtPomhjHbRVRz5TwaQDHFCnoRcgN4iE"}
[ Tue Aug 15 2017 16:28:44 GMT+0800 (CST) ] time is 2442
[ Tue Aug 15 2017 16:28:44 GMT+0800 (CST) ] {"err":0,"msg":"JMm8SVyqDQjhAk6CYHeCXZYLsXaj3eWqU3"}
[ Tue Aug 15 2017 16:28:44 GMT+0800 (CST) ] time is 2446
[ Tue Aug 15 2017 16:28:44 GMT+0800 (CST) ] {"err":0,"msg":"JNG1z9YNVCNvyKAuf2Z8sQy5vSvPUVCkt8"}
[ Tue Aug 15 2017 16:28:44 GMT+0800 (CST) ] time is 2450
[ Tue Aug 15 2017 16:28:44 GMT+0800 (CST) ] {"err":0,"msg":"JT5wT481iiJjTbjzSFzPv7kWRAzZ6ZkxbL"}
[ Tue Aug 15 2017 16:28:44 GMT+0800 (CST) ] time is 2454
[ Tue Aug 15 2017 16:28:44 GMT+0800 (CST) ] {"err":0,"msg":"JdcPu2ug8E3qcDVCbnMmwpzVegaV5yfT2n"}
[ Tue Aug 15 2017 16:28:44 GMT+0800 (CST) ] time is 2443
[ Tue Aug 15 2017 16:28:44 GMT+0800 (CST) ] {"err":0,"msg":"Ja9BQj5oYPtwFeZ9fVzSkUqG87xgMEPkD8"}
[ Tue Aug 15 2017 16:28:44 GMT+0800 (CST) ] time is 2447
[ Tue Aug 15 2017 16:28:44 GMT+0800 (CST) ] {"err":0,"msg":"JY872gfPqLrmruoG9wTJ7afvCTKfdsbm4R"}
[ Tue Aug 15 2017 16:28:44 GMT+0800 (CST) ] time is 2451
[ Tue Aug 15 2017 16:28:44 GMT+0800 (CST) ] {"err":0,"msg":"JSHXcnermWifeh7geaVMgGpPtaMs63KWU2"}
[ Tue Aug 15 2017 16:28:44 GMT+0800 (CST) ] time is 2455
[ Tue Aug 15 2017 16:28:44 GMT+0800 (CST) ] {"err":0,"msg":"JN6j29agqSZXGX1hUVYym6hEWViwnu8vym"}
[ Tue Aug 15 2017 16:28:44 GMT+0800 (CST) ] time is 2444
[ Tue Aug 15 2017 16:28:44 GMT+0800 (CST) ] {"err":0,"msg":"JeV6iqrKrvg7NKgvkpUTCDpoyhMYtmuHKz"}
[ Tue Aug 15 2017 16:28:44 GMT+0800 (CST) ] time is 2448
[ Tue Aug 15 2017 16:28:44 GMT+0800 (CST) ] {"err":0,"msg":"JhEHQG7aVjnYfDhJhoyzzdNvQcw72iVG4L"}
[ Tue Aug 15 2017 16:28:44 GMT+0800 (CST) ] time is 2452
[ Tue Aug 15 2017 16:28:44 GMT+0800 (CST) ] {"err":0,"msg":"JQXtRLDGsmAJ1UjrkhfJYs7ue5oBQ6BLJ5"}
[ Tue Aug 15 2017 16:28:44 GMT+0800 (CST) ] time is 2456
[ Tue Aug 15 2017 16:28:44 GMT+0800 (CST) ] {"err":0,"msg":"JYcPJAeK2J6uHei4kE9AhBFB3rb1Sb4ajU"}
[ Tue Aug 15 2017 16:28:44 GMT+0800 (CST) ] time is 2445
[ Tue Aug 15 2017 16:28:44 GMT+0800 (CST) ] {"err":0,"msg":"JaawV7kMWWrbizu57BPPBDsqLusbq2EMGJ"}
[ Tue Aug 15 2017 16:28:44 GMT+0800 (CST) ] time is 2449
[ Tue Aug 15 2017 16:28:44 GMT+0800 (CST) ] {"err":0,"msg":"Jf4pUcSJbZSfWKKSMzcJocH9dQGoMS4ud3"}
[ Tue Aug 15 2017 16:28:44 GMT+0800 (CST) ] time is 2453
[ Tue Aug 15 2017 16:28:44 GMT+0800 (CST) ] {"err":0,"msg":"JPm9Xk1SvmLr1rWzGfUTz5CpKwrjfiYPGW"}
[ Tue Aug 15 2017 16:28:44 GMT+0800 (CST) ] time is 2457
[ Tue Aug 15 2017 16:28:44 GMT+0800 (CST) ] {"err":0,"msg":"JYfFax3yiTgy3DB5MwgyBQH3sTabzxU4e8"}
[ Tue Aug 15 2017 16:28:44 GMT+0800 (CST) ] time is 2446
[ Tue Aug 15 2017 16:28:44 GMT+0800 (CST) ] {"err":0,"msg":"JaMrwZNbq6mydVhXhnE5yw4L7Y5eCe8rNw"}
[ Tue Aug 15 2017 16:28:44 GMT+0800 (CST) ] time is 2450
[ Tue Aug 15 2017 16:28:44 GMT+0800 (CST) ] {"err":0,"msg":"JLrnzWo2zc1krZVqeYfaMUMGMWcQRoHjz1"}
[ Tue Aug 15 2017 16:28:44 GMT+0800 (CST) ] time is 2454
[ Tue Aug 15 2017 16:28:44 GMT+0800 (CST) ] {"err":0,"msg":"JWkkE7oqvAxGfVx1XmGqaN8rEjJLaSDei7"}
[ Tue Aug 15 2017 16:28:45 GMT+0800 (CST) ] time is 2458
[ Tue Aug 15 2017 16:28:45 GMT+0800 (CST) ] {"err":0,"msg":"JXD9gzsJyzUnb4DHSHL9nfmSFc8bQNMsuP"}
[ Tue Aug 15 2017 16:28:45 GMT+0800 (CST) ] time is 2447
[ Tue Aug 15 2017 16:28:45 GMT+0800 (CST) ] {"err":0,"msg":"JhGsYJgYRAfpdxqp8QXXfsVLjuo3mujLJ4"}
[ Tue Aug 15 2017 16:28:45 GMT+0800 (CST) ] time is 2451
[ Tue Aug 15 2017 16:28:45 GMT+0800 (CST) ] {"err":0,"msg":"JbPmyYnJVEFeXp97tfdVAxiNzETziE4UBk"}
[ Tue Aug 15 2017 16:28:45 GMT+0800 (CST) ] time is 2455
[ Tue Aug 15 2017 16:28:45 GMT+0800 (CST) ] {"err":0,"msg":"Jen8LwhvS3u6w8csS7ThfdmQ8HzMby3fEV"}
[ Tue Aug 15 2017 16:28:45 GMT+0800 (CST) ] time is 2448
[ Tue Aug 15 2017 16:28:45 GMT+0800 (CST) ] {"err":0,"msg":"JhKVMmACuBwEWDi7DRKLtGBsL1wh9AJdee"}
[ Tue Aug 15 2017 16:28:45 GMT+0800 (CST) ] time is 2459
[ Tue Aug 15 2017 16:28:45 GMT+0800 (CST) ] {"err":0,"msg":"JZGkZqNhgHns4NzZRwcWHvoNEizeHjQmPB"}
[ Tue Aug 15 2017 16:28:45 GMT+0800 (CST) ] time is 2452
[ Tue Aug 15 2017 16:28:45 GMT+0800 (CST) ] {"err":0,"msg":"JgRto7xG6DtR9QYY9hHwtDNgnC7P3BWgFb"}
[ Tue Aug 15 2017 16:28:45 GMT+0800 (CST) ] time is 2456
[ Tue Aug 15 2017 16:28:45 GMT+0800 (CST) ] {"err":0,"msg":"JKiv1wWA8yoLDrR682g9Qsh2iNUNqogTyF"}
[ Tue Aug 15 2017 16:28:45 GMT+0800 (CST) ] time is 2460
[ Tue Aug 15 2017 16:28:45 GMT+0800 (CST) ] {"err":0,"msg":"Je7nJrAhfYTBLxptgvx6uu98BVETvEL4vL"}
[ Tue Aug 15 2017 16:28:45 GMT+0800 (CST) ] time is 2449
[ Tue Aug 15 2017 16:28:45 GMT+0800 (CST) ] {"err":0,"msg":"JPqJ59zSypaHiWH9EJdYoa68EG4ZVi2WPU"}
[ Tue Aug 15 2017 16:28:45 GMT+0800 (CST) ] time is 2453
[ Tue Aug 15 2017 16:28:45 GMT+0800 (CST) ] {"err":0,"msg":"JSJ2Vv1rPSCR9yVQHN8HTYMNXVopGVekDZ"}
[ Tue Aug 15 2017 16:28:45 GMT+0800 (CST) ] time is 2457
[ Tue Aug 15 2017 16:28:45 GMT+0800 (CST) ] {"err":0,"msg":"JXaXrLCeXsBJ4KZZDGzvFgsFNekUmZUdKf"}
[ Tue Aug 15 2017 16:28:45 GMT+0800 (CST) ] time is 2461
[ Tue Aug 15 2017 16:28:45 GMT+0800 (CST) ] {"err":0,"msg":"JK7cqjEhf3RF1EJb97m69M5ke4azM4VoQ9"}
[ Tue Aug 15 2017 16:28:45 GMT+0800 (CST) ] time is 2450
[ Tue Aug 15 2017 16:28:45 GMT+0800 (CST) ] {"err":0,"msg":"JQ1kEkUfjHd6Ui2wproiVgdbor1bVj3QHa"}
[ Tue Aug 15 2017 16:28:45 GMT+0800 (CST) ] time is 2454
[ Tue Aug 15 2017 16:28:45 GMT+0800 (CST) ] {"err":0,"msg":"JeQxvu8JpQZ2vgHJ9mvWvNm5r6NRPr9s76"}
[ Tue Aug 15 2017 16:28:45 GMT+0800 (CST) ] time is 2458
[ Tue Aug 15 2017 16:28:45 GMT+0800 (CST) ] {"err":0,"msg":"JSGoWweE3xeGSCBvNgNzPcMjGuu6k1xwSp"}
[ Tue Aug 15 2017 16:28:45 GMT+0800 (CST) ] time is 2462
[ Tue Aug 15 2017 16:28:45 GMT+0800 (CST) ] {"err":0,"msg":"JfDWX4ScBrD2VM3xVG4iyyiipSZvZQ2dT7"}
[ Tue Aug 15 2017 16:28:45 GMT+0800 (CST) ] time is 2451
[ Tue Aug 15 2017 16:28:45 GMT+0800 (CST) ] {"err":0,"msg":"Jf4g1CX6u1RVq9U7SvCwaHrDpJJLNGeQ5R"}
[ Tue Aug 15 2017 16:28:45 GMT+0800 (CST) ] time is 2455
[ Tue Aug 15 2017 16:28:45 GMT+0800 (CST) ] {"err":0,"msg":"JS87Gad6zKRxngfokAEo6CiNpcbRbsDYCD"}
[ Tue Aug 15 2017 16:28:45 GMT+0800 (CST) ] time is 2459
[ Tue Aug 15 2017 16:28:45 GMT+0800 (CST) ] {"err":0,"msg":"JL6TQNJgu1iTgnu4Yh1Nr339V8zoDnwYe3"}
[ Tue Aug 15 2017 16:28:45 GMT+0800 (CST) ] time is 2463
[ Tue Aug 15 2017 16:28:45 GMT+0800 (CST) ] {"err":0,"msg":"JYy8chsnnRwhiL4ieiik4SyoJMjXYhn1qt"}
[ Tue Aug 15 2017 16:28:45 GMT+0800 (CST) ] time is 2452
[ Tue Aug 15 2017 16:28:45 GMT+0800 (CST) ] {"err":0,"msg":"JgxEkbajVLvT3gXFtYbTcYGfbRpPyLsBdp"}
[ Tue Aug 15 2017 16:28:45 GMT+0800 (CST) ] time is 2456
[ Tue Aug 15 2017 16:28:45 GMT+0800 (CST) ] {"err":0,"msg":"JMmrXKAJZR6WUDLCAT5rJmaVcZM1CRvSrs"}
[ Tue Aug 15 2017 16:28:45 GMT+0800 (CST) ] time is 2460
[ Tue Aug 15 2017 16:28:45 GMT+0800 (CST) ] {"err":0,"msg":"Jc8kgfuyu4cEdw9JZcnGtbkJgqYeCDUQ5M"}
[ Tue Aug 15 2017 16:28:45 GMT+0800 (CST) ] time is 2464
[ Tue Aug 15 2017 16:28:45 GMT+0800 (CST) ] {"err":0,"msg":"JVFBEvGpqJ3d7Bty5ipkH5aqM1dE1DnaYb"}
[ Tue Aug 15 2017 16:28:45 GMT+0800 (CST) ] time is 2453
[ Tue Aug 15 2017 16:28:45 GMT+0800 (CST) ] {"err":0,"msg":"JcYvKepFxA6DJ9RKZPm9UgYrkCvrqhr9Hf"}
[ Tue Aug 15 2017 16:28:45 GMT+0800 (CST) ] time is 2457
[ Tue Aug 15 2017 16:28:45 GMT+0800 (CST) ] {"err":0,"msg":"JUCjAXvfMmBHS8f2sqyeGMtUKp4kQvtDpu"}
[ Tue Aug 15 2017 16:28:45 GMT+0800 (CST) ] time is 2461
[ Tue Aug 15 2017 16:28:45 GMT+0800 (CST) ] {"err":0,"msg":"JUM5UibkYbErLgWJb5gChxNbV98vyBiKWv"}
[ Tue Aug 15 2017 16:28:45 GMT+0800 (CST) ] time is 2465
[ Tue Aug 15 2017 16:28:45 GMT+0800 (CST) ] {"err":0,"msg":"JZXqR1jHiUHbisgiTbVYZ2UqgJdYYVmHFi"}
[ Tue Aug 15 2017 16:28:45 GMT+0800 (CST) ] time is 2454
[ Tue Aug 15 2017 16:28:45 GMT+0800 (CST) ] {"err":0,"msg":"JVWMZ569rY9AaxYLJDWvThhvfZUp37bajU"}
[ Tue Aug 15 2017 16:28:45 GMT+0800 (CST) ] time is 2458
[ Tue Aug 15 2017 16:28:45 GMT+0800 (CST) ] {"err":0,"msg":"Jf4vNoaY4tEgir7y6RU1FJnsY7woUxtBZ2"}
[ Tue Aug 15 2017 16:28:45 GMT+0800 (CST) ] time is 2462
[ Tue Aug 15 2017 16:28:45 GMT+0800 (CST) ] {"err":0,"msg":"JYffSQ3pGoNSEypbQtGgAGbR5aG8nZt15t"}
[ Tue Aug 15 2017 16:28:45 GMT+0800 (CST) ] time is 2466
[ Tue Aug 15 2017 16:28:45 GMT+0800 (CST) ] {"err":0,"msg":"JcGozmw5omALw9TLWm2K6Ygn6Mrr6uHoNK"}
[ Tue Aug 15 2017 16:28:45 GMT+0800 (CST) ] time is 2455
[ Tue Aug 15 2017 16:28:45 GMT+0800 (CST) ] {"err":0,"msg":"JSo28r3eMPgSnRuw669SvTmee2ZqzYfvhv"}
[ Tue Aug 15 2017 16:28:45 GMT+0800 (CST) ] time is 2459
[ Tue Aug 15 2017 16:28:45 GMT+0800 (CST) ] {"err":0,"msg":"JbyKWyCR5MwzDHAUCNF9sp3qyoPNAo4tnN"}
[ Tue Aug 15 2017 16:28:45 GMT+0800 (CST) ] time is 2463
[ Tue Aug 15 2017 16:28:45 GMT+0800 (CST) ] {"err":0,"msg":"JW2km1oSicK89xcJ4NX6xmbCVdj5Y9pjw9"}
[ Tue Aug 15 2017 16:28:45 GMT+0800 (CST) ] time is 2467
[ Tue Aug 15 2017 16:28:45 GMT+0800 (CST) ] {"err":0,"msg":"JNcAEWRSXfaE7rSRTGVjAfoXhX2ffskGZD"}
[ Tue Aug 15 2017 16:28:45 GMT+0800 (CST) ] time is 2456
[ Tue Aug 15 2017 16:28:45 GMT+0800 (CST) ] {"err":0,"msg":"JP49tH3VpuQb37XUrXcmsytroLk46X4cBo"}
[ Tue Aug 15 2017 16:28:45 GMT+0800 (CST) ] time is 2460
[ Tue Aug 15 2017 16:28:45 GMT+0800 (CST) ] {"err":0,"msg":"JYHD9v75o7sNUbJzFSRveDmxJ9X5oXDSzS"}
[ Tue Aug 15 2017 16:28:45 GMT+0800 (CST) ] time is 2464
[ Tue Aug 15 2017 16:28:45 GMT+0800 (CST) ] {"err":0,"msg":"JdWMU9xh9qiBboKV7JKGzN24p77fFDhdhm"}
[ Tue Aug 15 2017 16:28:45 GMT+0800 (CST) ] time is 2468
[ Tue Aug 15 2017 16:28:45 GMT+0800 (CST) ] {"err":0,"msg":"JfPTqTCjJrgzzcQs2MPape7aZJjHKjKa46"}
[ Tue Aug 15 2017 16:28:45 GMT+0800 (CST) ] time is 2457
[ Tue Aug 15 2017 16:28:45 GMT+0800 (CST) ] {"err":0,"msg":"JSFio1As9RqsD674UThbjFi4WKaQfbqMtN"}
[ Tue Aug 15 2017 16:28:45 GMT+0800 (CST) ] time is 2461
[ Tue Aug 15 2017 16:28:45 GMT+0800 (CST) ] {"err":0,"msg":"JKjZDpD6gHn1Xh4f6mxmHCio5znx2iRPot"}
[ Tue Aug 15 2017 16:28:45 GMT+0800 (CST) ] time is 2465
[ Tue Aug 15 2017 16:28:45 GMT+0800 (CST) ] {"err":0,"msg":"JbuVFs76Kdt1jPhe4kcibB9fucvF1qQ6v7"}
[ Tue Aug 15 2017 16:28:45 GMT+0800 (CST) ] time is 2469
[ Tue Aug 15 2017 16:28:45 GMT+0800 (CST) ] {"err":0,"msg":"JbAio7YCXrRwcAZVduS3hRRkef4qKVqE5a"}
[ Tue Aug 15 2017 16:28:45 GMT+0800 (CST) ] time is 2458
[ Tue Aug 15 2017 16:28:45 GMT+0800 (CST) ] {"err":0,"msg":"JhoFCdx6FVfgPY3jPhkVgh5e4BQ2ghetTc"}
[ Tue Aug 15 2017 16:28:45 GMT+0800 (CST) ] time is 2462
[ Tue Aug 15 2017 16:28:45 GMT+0800 (CST) ] {"err":0,"msg":"JKf72aKsYBcNVGbhg3MDuWzfNyqpCujPEG"}
[ Tue Aug 15 2017 16:28:45 GMT+0800 (CST) ] time is 2466
[ Tue Aug 15 2017 16:28:45 GMT+0800 (CST) ] {"err":0,"msg":"JNq2dPYkvFCW3UjgzKU3BRbmbDKvMUpia4"}
[ Tue Aug 15 2017 16:28:45 GMT+0800 (CST) ] time is 2470
[ Tue Aug 15 2017 16:28:45 GMT+0800 (CST) ] {"err":0,"msg":"JLuGRVA7aWrdBZGaa5dRuk9ASWZbjhBvQd"}
[ Tue Aug 15 2017 16:28:45 GMT+0800 (CST) ] time is 2459
[ Tue Aug 15 2017 16:28:45 GMT+0800 (CST) ] {"err":0,"msg":"JXNm8yQBEjTijjq2jj4CoWQxZhhPo7p2xC"}
[ Tue Aug 15 2017 16:28:45 GMT+0800 (CST) ] time is 2463
[ Tue Aug 15 2017 16:28:45 GMT+0800 (CST) ] {"err":0,"msg":"JXj9M3T4BqpTVqTbVqu2hy8baiq3D32Huo"}
[ Tue Aug 15 2017 16:28:45 GMT+0800 (CST) ] time is 2467
[ Tue Aug 15 2017 16:28:45 GMT+0800 (CST) ] {"err":0,"msg":"JPkUjegvPUFVDr8gqPnVcrfqP15nnwkM3A"}
[ Tue Aug 15 2017 16:28:45 GMT+0800 (CST) ] time is 2471
[ Tue Aug 15 2017 16:28:45 GMT+0800 (CST) ] {"err":0,"msg":"JbWU2J9ruXoZcmSvauQZQUEudPZx3ByBcD"}
[ Tue Aug 15 2017 16:28:45 GMT+0800 (CST) ] time is 2460
[ Tue Aug 15 2017 16:28:45 GMT+0800 (CST) ] {"err":0,"msg":"JgGp3ehESFXFVrSv4tkFdfh484wU4uv6jm"}
[ Tue Aug 15 2017 16:28:45 GMT+0800 (CST) ] time is 2464
[ Tue Aug 15 2017 16:28:45 GMT+0800 (CST) ] {"err":0,"msg":"JdzaRww85en3hDKDepUCSN5mtpmz7RbEdt"}
[ Tue Aug 15 2017 16:28:45 GMT+0800 (CST) ] time is 2468
[ Tue Aug 15 2017 16:28:45 GMT+0800 (CST) ] {"err":0,"msg":"JQwV8c2LNn5YzRWsaWgehuNqHsujXsowmW"}
[ Tue Aug 15 2017 16:28:45 GMT+0800 (CST) ] time is 2472
[ Tue Aug 15 2017 16:28:45 GMT+0800 (CST) ] {"err":0,"msg":"JMa9Uy5rAunUHK76r5dPfHLTga559YYswH"}
[ Tue Aug 15 2017 16:28:45 GMT+0800 (CST) ] time is 2461
[ Tue Aug 15 2017 16:28:45 GMT+0800 (CST) ] {"err":0,"msg":"JTdLD1y9tWSm6sboWJqtFQCRv4PpEoyEgQ"}
[ Tue Aug 15 2017 16:28:45 GMT+0800 (CST) ] time is 2465
[ Tue Aug 15 2017 16:28:45 GMT+0800 (CST) ] {"err":0,"msg":"JLR31QQaRKFUmEs4VaKDMWzHAsi6YPCuDm"}
[ Tue Aug 15 2017 16:28:45 GMT+0800 (CST) ] time is 2469
[ Tue Aug 15 2017 16:28:45 GMT+0800 (CST) ] {"err":0,"msg":"JdXaUJARuc2dfpigiv3qzfxZDxXnE31qZK"}
[ Tue Aug 15 2017 16:28:45 GMT+0800 (CST) ] time is 2473
[ Tue Aug 15 2017 16:28:45 GMT+0800 (CST) ] {"err":0,"msg":"JMUv8Bbby5sSvW4ASTz9agKvNGdz2XPLp3"}
[ Tue Aug 15 2017 16:28:45 GMT+0800 (CST) ] time is 2462
[ Tue Aug 15 2017 16:28:45 GMT+0800 (CST) ] {"err":0,"msg":"JacvbRwxKAviwYVMtNjDEBofTm48SCyobU"}
[ Tue Aug 15 2017 16:28:45 GMT+0800 (CST) ] time is 2466
[ Tue Aug 15 2017 16:28:45 GMT+0800 (CST) ] {"err":0,"msg":"JcU17BRGQb6pqsL7UusrLduWwrE6ChNts5"}
[ Tue Aug 15 2017 16:28:45 GMT+0800 (CST) ] time is 2470
[ Tue Aug 15 2017 16:28:45 GMT+0800 (CST) ] {"err":0,"msg":"JVU7uc71CZd9eXZcsn2QXQdd2ct7oWXCRA"}
[ Tue Aug 15 2017 16:28:45 GMT+0800 (CST) ] {"err":0,"msg":"JWMUvCaeMoR3tRsjiZDNij8V3TWLdAdiwC"}
[ Tue Aug 15 2017 16:28:45 GMT+0800 (CST) ] time is 2474
[ Tue Aug 15 2017 16:28:45 GMT+0800 (CST) ] time is 2463
[ Tue Aug 15 2017 16:28:45 GMT+0800 (CST) ] {"err":0,"msg":"JXpiTUrPGF9n2F3azcZJvv9bbwai8oJhcM"}
[ Tue Aug 15 2017 16:28:45 GMT+0800 (CST) ] time is 2467
[ Tue Aug 15 2017 16:28:45 GMT+0800 (CST) ] {"err":0,"msg":"JUiS3HrBjDSATMsR3oBXT8MRY1MqGbHXT9"}
[ Tue Aug 15 2017 16:28:45 GMT+0800 (CST) ] time is 2471
[ Tue Aug 15 2017 16:28:45 GMT+0800 (CST) ] {"err":0,"msg":"JLxUzuMBoTwdjikP7ePpkmh1qSfNqmHYpZ"}
[ Tue Aug 15 2017 16:28:45 GMT+0800 (CST) ] time is 2464
[ Tue Aug 15 2017 16:28:45 GMT+0800 (CST) ] {"err":0,"msg":"JcLDaghEQUbZBf1oGXPQWN6AAAhmNEqeeT"}
[ Tue Aug 15 2017 16:28:45 GMT+0800 (CST) ] time is 2475
[ Tue Aug 15 2017 16:28:45 GMT+0800 (CST) ] {"err":0,"msg":"JTAwdMETWYa3XHZqJMteh6DNWZbQBk9oAM"}
[ Tue Aug 15 2017 16:28:46 GMT+0800 (CST) ] time is 2472
[ Tue Aug 15 2017 16:28:46 GMT+0800 (CST) ] {"err":0,"msg":"JZaM9ZCG8L6AvC9T2uAKx8adPChUUQaBRx"}
[ Tue Aug 15 2017 16:28:46 GMT+0800 (CST) ] time is 2468
[ Tue Aug 15 2017 16:28:46 GMT+0800 (CST) ] {"err":0,"msg":"JT8DqNRP3FaruB7NbHn2nc9mJ6Ldo4uenU"}
[ Tue Aug 15 2017 16:28:46 GMT+0800 (CST) ] time is 2465
[ Tue Aug 15 2017 16:28:46 GMT+0800 (CST) ] {"err":0,"msg":"JeRSh7uG5umt5US46Sv8Lp67yWk1HS1YdD"}
[ Tue Aug 15 2017 16:28:46 GMT+0800 (CST) ] time is 2476
[ Tue Aug 15 2017 16:28:46 GMT+0800 (CST) ] {"err":0,"msg":"JLRtkAAo3oELaD1zLEetBYZ9rfXyWkbdUm"}
[ Tue Aug 15 2017 16:28:46 GMT+0800 (CST) ] time is 2469
[ Tue Aug 15 2017 16:28:46 GMT+0800 (CST) ] {"err":0,"msg":"JNtS58WdwUzXeacNp9aS6b9F72VjugYutt"}
[ Tue Aug 15 2017 16:28:46 GMT+0800 (CST) ] time is 2473
[ Tue Aug 15 2017 16:28:46 GMT+0800 (CST) ] {"err":0,"msg":"JSdpZpMJDH4ufni417KK8k1BHjsP5DwJdN"}
[ Tue Aug 15 2017 16:28:46 GMT+0800 (CST) ] time is 2466
[ Tue Aug 15 2017 16:28:46 GMT+0800 (CST) ] {"err":0,"msg":"JRDXc77ib91kAZ8ySry7PB8jWtqDP6cUJn"}
[ Tue Aug 15 2017 16:28:46 GMT+0800 (CST) ] time is 2477
[ Tue Aug 15 2017 16:28:46 GMT+0800 (CST) ] {"err":0,"msg":"JKNE87HmBECc9buBTFcqbVRSGMimrkJFCh"}
[ Tue Aug 15 2017 16:28:46 GMT+0800 (CST) ] time is 2470
[ Tue Aug 15 2017 16:28:46 GMT+0800 (CST) ] {"err":0,"msg":"JKFwesYU59Ef4vzPvRBjUt8LL818fvAR8T"}
[ Tue Aug 15 2017 16:28:46 GMT+0800 (CST) ] time is 2474
[ Tue Aug 15 2017 16:28:46 GMT+0800 (CST) ] {"err":0,"msg":"JRXsRgRcdTGaueCtzySe3n4EHdVsiCWAhY"}
[ Tue Aug 15 2017 16:28:46 GMT+0800 (CST) ] time is 2467
[ Tue Aug 15 2017 16:28:46 GMT+0800 (CST) ] {"err":0,"msg":"JKVehMwnARSbrSCbXcD4za1aVAPVTvR8vG"}
[ Tue Aug 15 2017 16:28:46 GMT+0800 (CST) ] time is 2478
[ Tue Aug 15 2017 16:28:46 GMT+0800 (CST) ] {"err":0,"msg":"JeDN7pUzmnFwrKzxh5NtY1m4MRuJz9SP9J"}
[ Tue Aug 15 2017 16:28:46 GMT+0800 (CST) ] time is 2471
[ Tue Aug 15 2017 16:28:46 GMT+0800 (CST) ] {"err":0,"msg":"JhbhHLnC55PJy6LEs3HuvRPBfDdNpovVEF"}
[ Tue Aug 15 2017 16:28:46 GMT+0800 (CST) ] time is 2475
[ Tue Aug 15 2017 16:28:46 GMT+0800 (CST) ] {"err":0,"msg":"JKH9nXNa7GJQxeZGFR8VPkUr9J3QEVUzEJ"}
[ Tue Aug 15 2017 16:28:46 GMT+0800 (CST) ] time is 2468
[ Tue Aug 15 2017 16:28:46 GMT+0800 (CST) ] {"err":0,"msg":"JdXUzSTKRime3eECHvkvv26GaEdrfrtH2e"}
[ Tue Aug 15 2017 16:28:46 GMT+0800 (CST) ] time is 2479
[ Tue Aug 15 2017 16:28:46 GMT+0800 (CST) ] {"err":0,"msg":"JYgEdor2YHTExfN1p9gc5BEQLfBdxBWsEH"}
[ Tue Aug 15 2017 16:28:46 GMT+0800 (CST) ] time is 2472
[ Tue Aug 15 2017 16:28:46 GMT+0800 (CST) ] {"err":0,"msg":"JTwn2v8KFkQVixvHmyB7WXqjigK4WqhRt4"}
[ Tue Aug 15 2017 16:28:46 GMT+0800 (CST) ] time is 2476
[ Tue Aug 15 2017 16:28:46 GMT+0800 (CST) ] {"err":0,"msg":"JbydUNH8V1tMvcydpQ44Rvt9HZuJNN1Amq"}
[ Tue Aug 15 2017 16:28:46 GMT+0800 (CST) ] time is 2469
[ Tue Aug 15 2017 16:28:46 GMT+0800 (CST) ] {"err":0,"msg":"JKJQwrRKZcF6kSvBX5H3NdnPD9dx2vUVd1"}
[ Tue Aug 15 2017 16:28:46 GMT+0800 (CST) ] time is 2480
[ Tue Aug 15 2017 16:28:46 GMT+0800 (CST) ] {"err":0,"msg":"JdQq6ooNyY63Rqf6nwqGgb29DMbRPZVojv"}
[ Tue Aug 15 2017 16:28:46 GMT+0800 (CST) ] time is 2473
[ Tue Aug 15 2017 16:28:46 GMT+0800 (CST) ] {"err":0,"msg":"JKzS4HZwdSVrG5qTQgtxvNty2DqvzGzXxA"}
[ Tue Aug 15 2017 16:28:46 GMT+0800 (CST) ] time is 2477
[ Tue Aug 15 2017 16:28:46 GMT+0800 (CST) ] {"err":0,"msg":"JVLsAUvsbe3GNzRgJR9qxrzX9TpWTfhkn6"}
[ Tue Aug 15 2017 16:28:46 GMT+0800 (CST) ] time is 2481
[ Tue Aug 15 2017 16:28:46 GMT+0800 (CST) ] {"err":0,"msg":"JaYGbQx9KZPPmFxwcJHgKAtTCDSRG4zD3x"}
[ Tue Aug 15 2017 16:28:46 GMT+0800 (CST) ] time is 2470
[ Tue Aug 15 2017 16:28:46 GMT+0800 (CST) ] {"err":0,"msg":"Jcf2RFmbaAtGUXPyGV3QckpbWD6B8XRdzi"}
[ Tue Aug 15 2017 16:28:46 GMT+0800 (CST) ] time is 2474
[ Tue Aug 15 2017 16:28:46 GMT+0800 (CST) ] {"err":0,"msg":"JU2SJ6m28QF4pA5UBRv63fLYHyY9xsUnUE"}
[ Tue Aug 15 2017 16:28:46 GMT+0800 (CST) ] time is 2478
[ Tue Aug 15 2017 16:28:46 GMT+0800 (CST) ] {"err":0,"msg":"Jgcot3e3s1RcbvuDJvPH31CRdgEk8HzkUw"}
[ Tue Aug 15 2017 16:28:46 GMT+0800 (CST) ] time is 2482
[ Tue Aug 15 2017 16:28:46 GMT+0800 (CST) ] {"err":0,"msg":"JcWy6m5q8RpsvuMT2xpJkXKwMLzLeAXN6g"}
[ Tue Aug 15 2017 16:28:46 GMT+0800 (CST) ] time is 2471
[ Tue Aug 15 2017 16:28:46 GMT+0800 (CST) ] {"err":0,"msg":"Jf5VhP7TB2ztZdKAxupg3SkM7ua6L8yhku"}
[ Tue Aug 15 2017 16:28:46 GMT+0800 (CST) ] time is 2475
[ Tue Aug 15 2017 16:28:46 GMT+0800 (CST) ] {"err":0,"msg":"JXB1frZy4wirYVncbw6Rnu4UVAn7YfB3YG"}
[ Tue Aug 15 2017 16:28:46 GMT+0800 (CST) ] time is 2479
[ Tue Aug 15 2017 16:28:46 GMT+0800 (CST) ] {"err":0,"msg":"JhRDHohPtCmRb3vgtRBxDvft2Y1BhxDFt9"}
[ Tue Aug 15 2017 16:28:46 GMT+0800 (CST) ] time is 2483
[ Tue Aug 15 2017 16:28:46 GMT+0800 (CST) ] {"err":0,"msg":"JNzh9Fm7GiV2gac95ESkRYxEHiybMuJGSY"}
[ Tue Aug 15 2017 16:28:46 GMT+0800 (CST) ] time is 2472
[ Tue Aug 15 2017 16:28:46 GMT+0800 (CST) ] {"err":0,"msg":"JcyJVHTRv4cwxT1APET3B7boAzYv6cY6Hb"}
[ Tue Aug 15 2017 16:28:46 GMT+0800 (CST) ] time is 2476
[ Tue Aug 15 2017 16:28:46 GMT+0800 (CST) ] {"err":0,"msg":"JM3zy6LKYBB1qKctTSZ2ywvx4Xs83TcCjB"}
[ Tue Aug 15 2017 16:28:46 GMT+0800 (CST) ] time is 2480
[ Tue Aug 15 2017 16:28:46 GMT+0800 (CST) ] {"err":0,"msg":"JNhk3z2RSaZ1akZ3KMA7wUr7ftqa1Bi7Kd"}
[ Tue Aug 15 2017 16:28:46 GMT+0800 (CST) ] time is 2473
[ Tue Aug 15 2017 16:28:46 GMT+0800 (CST) ] {"err":0,"msg":"Ja74ADL6yYfv5VNtY89vbB84Eqtw9P2eUU"}
[ Tue Aug 15 2017 16:28:46 GMT+0800 (CST) ] time is 2484
[ Tue Aug 15 2017 16:28:46 GMT+0800 (CST) ] {"err":0,"msg":"JS4ey87Z3iBkfAzcoi4woggh4xLsNYYnyg"}
[ Tue Aug 15 2017 16:28:46 GMT+0800 (CST) ] time is 2477
[ Tue Aug 15 2017 16:28:46 GMT+0800 (CST) ] {"err":0,"msg":"JTTcCf7rf3AqJU2WuES9BFEgbXaomY42vD"}
[ Tue Aug 15 2017 16:28:46 GMT+0800 (CST) ] time is 2481
[ Tue Aug 15 2017 16:28:46 GMT+0800 (CST) ] {"err":0,"msg":"JcYUVFQSr17ibRMy919M7wHxJsrnps5Wjg"}
[ Tue Aug 15 2017 16:28:46 GMT+0800 (CST) ] time is 2474
[ Tue Aug 15 2017 16:28:46 GMT+0800 (CST) ] {"err":0,"msg":"JhepWwL1cRaWnbsJ33guf32D1US3JKhHMj"}
[ Tue Aug 15 2017 16:28:46 GMT+0800 (CST) ] time is 2485
[ Tue Aug 15 2017 16:28:46 GMT+0800 (CST) ] {"err":0,"msg":"JUdS1Y6QLMFsxoUgDJ8bJZfTSnXfjHK6hm"}
[ Tue Aug 15 2017 16:28:46 GMT+0800 (CST) ] time is 2478
[ Tue Aug 15 2017 16:28:46 GMT+0800 (CST) ] {"err":0,"msg":"JKi3zwbEnZM5ScFuFxMZi7JjTGT7LEhEGB"}
[ Tue Aug 15 2017 16:28:46 GMT+0800 (CST) ] time is 2482
[ Tue Aug 15 2017 16:28:46 GMT+0800 (CST) ] {"err":0,"msg":"JdFwPJ33nhTbncjzozTtPuq7SgaV5pgWHG"}
[ Tue Aug 15 2017 16:28:46 GMT+0800 (CST) ] time is 2475
[ Tue Aug 15 2017 16:28:46 GMT+0800 (CST) ] {"err":0,"msg":"JdEJqzcaCDnAYAptvHDT8niGdGoDKAGPY7"}
[ Tue Aug 15 2017 16:28:46 GMT+0800 (CST) ] time is 2486
[ Tue Aug 15 2017 16:28:46 GMT+0800 (CST) ] {"err":0,"msg":"JZpaaEec3XSnPyvUnqtRiAaY4LK8M4hKy7"}
[ Tue Aug 15 2017 16:28:46 GMT+0800 (CST) ] time is 2479
[ Tue Aug 15 2017 16:28:46 GMT+0800 (CST) ] {"err":0,"msg":"JSHyybHEmeAqAm8Sbv3Jx2ShumdfmZzDjw"}
[ Tue Aug 15 2017 16:28:46 GMT+0800 (CST) ] time is 2483
[ Tue Aug 15 2017 16:28:46 GMT+0800 (CST) ] {"err":0,"msg":"JhEo3JhTpUrqmBPcrwmqbsh9bXxmvk26AB"}
[ Tue Aug 15 2017 16:28:46 GMT+0800 (CST) ] time is 2476
[ Tue Aug 15 2017 16:28:46 GMT+0800 (CST) ] {"err":0,"msg":"JKts8VYQ2sdGR79aqL1UzwaNAEK6tKRLfs"}
[ Tue Aug 15 2017 16:28:46 GMT+0800 (CST) ] time is 2487
[ Tue Aug 15 2017 16:28:46 GMT+0800 (CST) ] {"err":0,"msg":"JJmnigdB9yqc4V1jFkctHemmia1GZ4UeAP"}
[ Tue Aug 15 2017 16:28:46 GMT+0800 (CST) ] time is 2480
[ Tue Aug 15 2017 16:28:46 GMT+0800 (CST) ] {"err":0,"msg":"JbZCjraSTDj3LRSpS7Dv2GddgoUQro2akf"}
[ Tue Aug 15 2017 16:28:46 GMT+0800 (CST) ] time is 2484
[ Tue Aug 15 2017 16:28:46 GMT+0800 (CST) ] {"err":0,"msg":"JKZ5ARqT7cyCU575Qauku4NpoSpNDzLyqM"}
[ Tue Aug 15 2017 16:28:46 GMT+0800 (CST) ] time is 2477
[ Tue Aug 15 2017 16:28:46 GMT+0800 (CST) ] {"err":0,"msg":"JXk4nGWjcvhKPoJhQWpWcehM3ppLQaLr1B"}
[ Tue Aug 15 2017 16:28:46 GMT+0800 (CST) ] time is 2488
[ Tue Aug 15 2017 16:28:46 GMT+0800 (CST) ] {"err":0,"msg":"JU1SfcUCaEdRbDYNhU7uX3LUf8Ratxc95H"}
[ Tue Aug 15 2017 16:28:46 GMT+0800 (CST) ] time is 2481
[ Tue Aug 15 2017 16:28:46 GMT+0800 (CST) ] {"err":0,"msg":"JZNBLt6Zua4seCP8cEgypqq9r8ezPJsCmF"}
[ Tue Aug 15 2017 16:28:46 GMT+0800 (CST) ] time is 2485
[ Tue Aug 15 2017 16:28:46 GMT+0800 (CST) ] {"err":0,"msg":"JZpo4oP9WP9LTS2QjjNVhw8LAjUHBDgMN6"}
[ Tue Aug 15 2017 16:28:46 GMT+0800 (CST) ] time is 2478
[ Tue Aug 15 2017 16:28:46 GMT+0800 (CST) ] {"err":0,"msg":"JgUrvyMMSGYzQTzQRRg98duU2fpHu77Dwv"}
[ Tue Aug 15 2017 16:28:46 GMT+0800 (CST) ] time is 2489
[ Tue Aug 15 2017 16:28:46 GMT+0800 (CST) ] {"err":0,"msg":"JL5SqsiPD25Gai7tHW4zffUyAhF4daQGx7"}
[ Tue Aug 15 2017 16:28:46 GMT+0800 (CST) ] time is 2482
[ Tue Aug 15 2017 16:28:46 GMT+0800 (CST) ] {"err":0,"msg":"JR1GMWVTAQS7WLX1FbrnYLnB7kgrUFF7Ju"}
[ Tue Aug 15 2017 16:28:46 GMT+0800 (CST) ] time is 2486
[ Tue Aug 15 2017 16:28:46 GMT+0800 (CST) ] {"err":0,"msg":"JfcTbWfERdbJWcmcLfWTWCkSnCsA3xCYBs"}
[ Tue Aug 15 2017 16:28:46 GMT+0800 (CST) ] time is 2479
[ Tue Aug 15 2017 16:28:46 GMT+0800 (CST) ] {"err":0,"msg":"JPggc8YiGfdKQjJRnwD8QxfbAEG4MSAW77"}
[ Tue Aug 15 2017 16:28:46 GMT+0800 (CST) ] time is 2490
[ Tue Aug 15 2017 16:28:46 GMT+0800 (CST) ] {"err":0,"msg":"Jgs7WaDqve8Xor8Pcs1izPFTAKZ36Xv5jQ"}
[ Tue Aug 15 2017 16:28:46 GMT+0800 (CST) ] time is 2483
[ Tue Aug 15 2017 16:28:46 GMT+0800 (CST) ] {"err":0,"msg":"JRDXaeFuozTr4PiCEN6Pz5ZZFGU9VS6YLg"}
[ Tue Aug 15 2017 16:28:46 GMT+0800 (CST) ] time is 2487
[ Tue Aug 15 2017 16:28:46 GMT+0800 (CST) ] {"err":0,"msg":"JN3cddD92G2XkZhToJCoePkzTNYuaiYrYx"}
[ Tue Aug 15 2017 16:28:46 GMT+0800 (CST) ] time is 2480
[ Tue Aug 15 2017 16:28:46 GMT+0800 (CST) ] {"err":0,"msg":"JbA59La1BM3nWAVpWszLEcnvfQZTfQrXea"}
[ Tue Aug 15 2017 16:28:46 GMT+0800 (CST) ] time is 2491
[ Tue Aug 15 2017 16:28:46 GMT+0800 (CST) ] {"err":0,"msg":"JcWnTCUJCRAwswJJKh16rkFGDDfjn4Sf6a"}
[ Tue Aug 15 2017 16:28:46 GMT+0800 (CST) ] time is 2484
[ Tue Aug 15 2017 16:28:46 GMT+0800 (CST) ] {"err":0,"msg":"JV6FUCdGu9HLzCH7LUd2n7LfhJYVPHxqPg"}
[ Tue Aug 15 2017 16:28:46 GMT+0800 (CST) ] time is 2488
[ Tue Aug 15 2017 16:28:46 GMT+0800 (CST) ] {"err":0,"msg":"JbRnNxTsQakNE4Vp1gxPTyDKjqE4Vf4tqu"}
[ Tue Aug 15 2017 16:28:46 GMT+0800 (CST) ] time is 2481
[ Tue Aug 15 2017 16:28:46 GMT+0800 (CST) ] {"err":0,"msg":"JgESZgEYF2WQBPoFf14jsFYM4wPSgUF96H"}
[ Tue Aug 15 2017 16:28:46 GMT+0800 (CST) ] time is 2492
[ Tue Aug 15 2017 16:28:46 GMT+0800 (CST) ] {"err":0,"msg":"JXQXNUnPN8k4KtoTccFU8YvnHXpzoc4Umw"}
[ Tue Aug 15 2017 16:28:46 GMT+0800 (CST) ] time is 2485
[ Tue Aug 15 2017 16:28:46 GMT+0800 (CST) ] {"err":0,"msg":"JckpwzcNsvkwkMgdFLrDHrLKmFNGe3sT2h"}
[ Tue Aug 15 2017 16:28:46 GMT+0800 (CST) ] time is 2489
[ Tue Aug 15 2017 16:28:46 GMT+0800 (CST) ] {"err":0,"msg":"JZhtwGLRv6JLPRg9mPC75BgLMfFyGdAaYp"}
[ Tue Aug 15 2017 16:28:46 GMT+0800 (CST) ] time is 2482
[ Tue Aug 15 2017 16:28:46 GMT+0800 (CST) ] {"err":0,"msg":"JN6ebGApWkkmM9HsXrwCtLjQG7hCRScREp"}
[ Tue Aug 15 2017 16:28:46 GMT+0800 (CST) ] time is 2493
[ Tue Aug 15 2017 16:28:46 GMT+0800 (CST) ] {"err":0,"msg":"JeLNxDJkeEsD3FdvkZrgirXrpiupAArgST"}
[ Tue Aug 15 2017 16:28:46 GMT+0800 (CST) ] time is 2486
[ Tue Aug 15 2017 16:28:46 GMT+0800 (CST) ] {"err":0,"msg":"JPeCm59kH94Rx2wLydsy2uef3RpLqyzV2B"}
[ Tue Aug 15 2017 16:28:47 GMT+0800 (CST) ] time is 2490
[ Tue Aug 15 2017 16:28:47 GMT+0800 (CST) ] {"err":0,"msg":"JacZA6Z2pgKv3y7KjQdEGA54VcUwjks8gv"}
[ Tue Aug 15 2017 16:28:47 GMT+0800 (CST) ] time is 2483
[ Tue Aug 15 2017 16:28:47 GMT+0800 (CST) ] {"err":0,"msg":"JaRA3iXCQbJJs5zM2P4S1Sw4g52MAR7Mdf"}
[ Tue Aug 15 2017 16:28:47 GMT+0800 (CST) ] time is 2494
[ Tue Aug 15 2017 16:28:47 GMT+0800 (CST) ] {"err":0,"msg":"JMvbaYhTTrLNGD3VsUsmRdWzXNB2aEUAZ7"}
[ Tue Aug 15 2017 16:28:47 GMT+0800 (CST) ] time is 2487
[ Tue Aug 15 2017 16:28:47 GMT+0800 (CST) ] {"err":0,"msg":"JSxmBCKKwTyyX9xQYtz9kFnHz45fjjKwXE"}
[ Tue Aug 15 2017 16:28:47 GMT+0800 (CST) ] time is 2491
[ Tue Aug 15 2017 16:28:47 GMT+0800 (CST) ] {"err":0,"msg":"JYHUHJucsRDbqTTuqfxdYdXvDb1TWqweB7"}
[ Tue Aug 15 2017 16:28:47 GMT+0800 (CST) ] time is 2484
[ Tue Aug 15 2017 16:28:47 GMT+0800 (CST) ] {"err":0,"msg":"JTYBxQA5zXECzq46cfgW6wfL6T8zkexEGu"}
[ Tue Aug 15 2017 16:28:47 GMT+0800 (CST) ] time is 2495
[ Tue Aug 15 2017 16:28:47 GMT+0800 (CST) ] {"err":0,"msg":"JMNFs23PXfphL4o4bR44mrmUZhY9ZppHvy"}
[ Tue Aug 15 2017 16:28:47 GMT+0800 (CST) ] time is 2488
[ Tue Aug 15 2017 16:28:47 GMT+0800 (CST) ] {"err":0,"msg":"JdmkdSUan68b7mqpMimJQBVN8Q8Dfas53s"}
[ Tue Aug 15 2017 16:28:47 GMT+0800 (CST) ] time is 2492
[ Tue Aug 15 2017 16:28:47 GMT+0800 (CST) ] {"err":0,"msg":"JLVm1kYL23aNhio9jjocq6SYy9n71DRNpv"}
[ Tue Aug 15 2017 16:28:47 GMT+0800 (CST) ] time is 2485
[ Tue Aug 15 2017 16:28:47 GMT+0800 (CST) ] {"err":0,"msg":"JTR2kAt8oDLoWAQj4aMLt4sih6yrf1L2hx"}
[ Tue Aug 15 2017 16:28:47 GMT+0800 (CST) ] time is 2496
[ Tue Aug 15 2017 16:28:47 GMT+0800 (CST) ] {"err":0,"msg":"JJq4sGQjvmmooWieDZH7gBNHYJhkWHpqRD"}
[ Tue Aug 15 2017 16:28:47 GMT+0800 (CST) ] time is 2489
[ Tue Aug 15 2017 16:28:47 GMT+0800 (CST) ] {"err":0,"msg":"Jc84v1TrasV79mzEiT9LvFeJrGGcAA1bBi"}
[ Tue Aug 15 2017 16:28:47 GMT+0800 (CST) ] time is 2493
[ Tue Aug 15 2017 16:28:47 GMT+0800 (CST) ] {"err":0,"msg":"JTv6jKHwsyYqwGizrAazDiibFuMWN7X6cP"}
[ Tue Aug 15 2017 16:28:47 GMT+0800 (CST) ] {"err":0,"msg":"JXnbpHKyHbQKM3wqFjF8hjAWpnKmHrV85D"}
[ Tue Aug 15 2017 16:28:47 GMT+0800 (CST) ] time is 2486
[ Tue Aug 15 2017 16:28:47 GMT+0800 (CST) ] time is 2497
[ Tue Aug 15 2017 16:28:47 GMT+0800 (CST) ] {"err":0,"msg":"Jgj9GBzCQq64wxTbfEacBdAKm85CYpV92o"}
[ Tue Aug 15 2017 16:28:47 GMT+0800 (CST) ] time is 2494
[ Tue Aug 15 2017 16:28:47 GMT+0800 (CST) ] {"err":0,"msg":"Jdkog8ptuQGi6purVJcSfeQhEXHZu9nsMQ"}
[ Tue Aug 15 2017 16:28:47 GMT+0800 (CST) ] time is 2490
[ Tue Aug 15 2017 16:28:47 GMT+0800 (CST) ] {"err":0,"msg":"JR54Kh9BZba6it95dGvi1Mp353B1y9NPyS"}
[ Tue Aug 15 2017 16:28:47 GMT+0800 (CST) ] time is 2487
[ Tue Aug 15 2017 16:28:47 GMT+0800 (CST) ] {"err":0,"msg":"JaNDeb2DULxAVymPaMr2WgAdF6uK1erdTh"}
[ Tue Aug 15 2017 16:28:47 GMT+0800 (CST) ] time is 2498
[ Tue Aug 15 2017 16:28:47 GMT+0800 (CST) ] {"err":0,"msg":"JNYMNw9qheDAfronX37tiyy3jm9rXgZgH1"}
[ Tue Aug 15 2017 16:28:47 GMT+0800 (CST) ] time is 2495
[ Tue Aug 15 2017 16:28:47 GMT+0800 (CST) ] {"err":0,"msg":"JSmgpitvFagURq3FazhFM8RnE2YHToAnLP"}
[ Tue Aug 15 2017 16:28:47 GMT+0800 (CST) ] time is 2491
[ Tue Aug 15 2017 16:28:47 GMT+0800 (CST) ] {"err":0,"msg":"JT3mRZJBrNaH7fd4A9jcxbTLdCyKp9Vssf"}
[ Tue Aug 15 2017 16:28:47 GMT+0800 (CST) ] time is 2488
[ Tue Aug 15 2017 16:28:47 GMT+0800 (CST) ] {"err":0,"msg":"JVU5bHxzcvKwgE3Wy1HuHhJBMRsdDwXym1"}
[ Tue Aug 15 2017 16:28:47 GMT+0800 (CST) ] time is 2499
[ Tue Aug 15 2017 16:28:47 GMT+0800 (CST) ] {"err":0,"msg":"JMM6kuLPyqLpaekqfEVkkjo9yPkSGwPFwp"}
[ Tue Aug 15 2017 16:28:47 GMT+0800 (CST) ] time is 2496
[ Tue Aug 15 2017 16:28:47 GMT+0800 (CST) ] {"err":0,"msg":"JTpbzCzz8D5g3FCQjsAFwZWyowX541iweM"}
[ Tue Aug 15 2017 16:28:47 GMT+0800 (CST) ] time is 2492
[ Tue Aug 15 2017 16:28:47 GMT+0800 (CST) ] {"err":0,"msg":"JM6B86aQ9Np6NH8MCmUq2UNYvCw4jSU66v"}
[ Tue Aug 15 2017 16:28:47 GMT+0800 (CST) ] time is 2489
[ Tue Aug 15 2017 16:28:47 GMT+0800 (CST) ] {"err":0,"msg":"JgsgTmPKaA8TKG7prbNmwkUQccmjQZzrez"}
[ Tue Aug 15 2017 16:28:47 GMT+0800 (CST) ] time is 2497
[ Tue Aug 15 2017 16:28:47 GMT+0800 (CST) ] {"err":0,"msg":"JTPTtfSHMWzeHH5be7Uc4UZSD5ZNwBwAMG"}
[ Tue Aug 15 2017 16:28:47 GMT+0800 (CST) ] time is 2500
[ Tue Aug 15 2017 16:28:47 GMT+0800 (CST) ] {"err":0,"msg":"JZvBayyrTghW4swKCzE8QbaFFRt9MAnrct"}
[ Tue Aug 15 2017 16:28:47 GMT+0800 (CST) ] time is 2493
[ Tue Aug 15 2017 16:28:47 GMT+0800 (CST) ] {"err":0,"msg":"JWEwfJnNYrmt6uLiXKtPXHBW8qQyFq4b5q"}
[ Tue Aug 15 2017 16:28:47 GMT+0800 (CST) ] time is 2490
[ Tue Aug 15 2017 16:28:47 GMT+0800 (CST) ] {"err":0,"msg":"Jh7kBzYA1CUqnSdH3yWGg38UpCx9Y8SnXp"}
[ Tue Aug 15 2017 16:28:47 GMT+0800 (CST) ] time is 2498
[ Tue Aug 15 2017 16:28:47 GMT+0800 (CST) ] {"err":0,"msg":"JULcQzc4XqpkVEKY66bWhRiKbrXe513VaA"}
[ Tue Aug 15 2017 16:28:47 GMT+0800 (CST) ] time is 2494
[ Tue Aug 15 2017 16:28:47 GMT+0800 (CST) ] {"err":0,"msg":"JMvNZp9zUWfUyzsnJWEbpTwrokqPreebWT"}
[ Tue Aug 15 2017 16:28:47 GMT+0800 (CST) ] time is 2491
[ Tue Aug 15 2017 16:28:47 GMT+0800 (CST) ] {"err":0,"msg":"JetQyirYfVjAf6gyw3DHNm6wfyR1zBti7x"}
[ Tue Aug 15 2017 16:28:47 GMT+0800 (CST) ] time is 2499
[ Tue Aug 15 2017 16:28:47 GMT+0800 (CST) ] {"err":0,"msg":"JSV8rPoQQjszr21FbVGdxyQbEndigRg6Tg"}
[ Tue Aug 15 2017 16:28:47 GMT+0800 (CST) ] time is 2495
[ Tue Aug 15 2017 16:28:47 GMT+0800 (CST) ] {"err":0,"msg":"JZUXaq7ovr9G8voYVhjht1YpjNKXySAaf7"}
[ Tue Aug 15 2017 16:28:47 GMT+0800 (CST) ] time is 2492
[ Tue Aug 15 2017 16:28:47 GMT+0800 (CST) ] {"err":0,"msg":"JeTUP1FJCCiseZwssbLKr7ZukD7EHqGkH4"}
[ Tue Aug 15 2017 16:28:47 GMT+0800 (CST) ] time is 2496
[ Tue Aug 15 2017 16:28:47 GMT+0800 (CST) ] {"err":0,"msg":"JZL2mUied7K4Uuq6wSq36MC5YqVxKGLF9r"}
[ Tue Aug 15 2017 16:28:47 GMT+0800 (CST) ] time is 2500
[ Tue Aug 15 2017 16:28:47 GMT+0800 (CST) ] {"err":0,"msg":"JUutFW8iSfC2s5MnpYRsRVNY24T7qH81gh"}
[ Tue Aug 15 2017 16:28:47 GMT+0800 (CST) ] time is 2493
[ Tue Aug 15 2017 16:28:47 GMT+0800 (CST) ] {"err":0,"msg":"JLiB8xzGSdvULNxXmP6uTH8mKG8nNLadhR"}
[ Tue Aug 15 2017 16:28:47 GMT+0800 (CST) ] time is 2497
[ Tue Aug 15 2017 16:28:47 GMT+0800 (CST) ] {"err":0,"msg":"JgqaijZWuFU56hwFHnmFWQRJLAvX21mYuS"}
[ Tue Aug 15 2017 16:28:47 GMT+0800 (CST) ] time is 2494
[ Tue Aug 15 2017 16:28:47 GMT+0800 (CST) ] {"err":0,"msg":"JeWjtqWxSApZDredRNEzhzPppEm8BHbnFK"}
[ Tue Aug 15 2017 16:28:47 GMT+0800 (CST) ] time is 2498
[ Tue Aug 15 2017 16:28:47 GMT+0800 (CST) ] {"err":0,"msg":"JgTU2oZs8FTVcK1NwpDSpF8dhetqi4maEp"}
[ Tue Aug 15 2017 16:28:47 GMT+0800 (CST) ] {"err":0,"msg":"JTswyMTAG3sejkTDvbjwKf5fptzx97M4JA"}
[ Tue Aug 15 2017 16:28:47 GMT+0800 (CST) ] time is 2495
[ Tue Aug 15 2017 16:28:47 GMT+0800 (CST) ] time is 2499
[ Tue Aug 15 2017 16:28:47 GMT+0800 (CST) ] {"err":0,"msg":"JacHU5ATZB85pcVbG6p9wAoKq423HCMuFs"}
[ Tue Aug 15 2017 16:28:47 GMT+0800 (CST) ] time is 2496
[ Tue Aug 15 2017 16:28:47 GMT+0800 (CST) ] {"err":0,"msg":"JdSDfPkJmUVnzEA55rVCffDLKumoaEoVvk"}
[ Tue Aug 15 2017 16:28:47 GMT+0800 (CST) ] time is 2500
[ Tue Aug 15 2017 16:28:47 GMT+0800 (CST) ] {"err":0,"msg":"JQ6Cr4WoA7kHoUbrnwoc6uNNvGeTTpuHT7"}
[ Tue Aug 15 2017 16:28:47 GMT+0800 (CST) ] time is 2497
[ Tue Aug 15 2017 16:28:47 GMT+0800 (CST) ] {"err":0,"msg":"Ja5HH3tsWiMaxZS6SYyP4X3DMke7qkS5tV"}
[ Tue Aug 15 2017 16:28:47 GMT+0800 (CST) ] time is 2498
[ Tue Aug 15 2017 16:28:47 GMT+0800 (CST) ] {"err":0,"msg":"JNqoBN16yrMg3xvTanGhQvDWtWrwiR9F83"}
[ Tue Aug 15 2017 16:28:47 GMT+0800 (CST) ] time is 2499
[ Tue Aug 15 2017 16:28:47 GMT+0800 (CST) ] {"err":0,"msg":"JazWrCsKhFiFJeuzEA2vzhk5HC3spxNjuX"}
[ Tue Aug 15 2017 16:28:47 GMT+0800 (CST) ] time is 2500
[ Tue Aug 15 2017 16:28:47 GMT+0800 (CST) ] {"err":0,"msg":"JafXo1D3Z85PUZonfHcZN2C5BCdTAdVTtk"}
